7nB9vR2mX8kLp4QjW3tY5zH1aG6sF9dD0fS8gA7hJ6kL5mN4bV3vC2xZ1oP9iU8uY7tT6rR5eE4wW3qQ2aZ1sX2dC3fV4gB5hN6jM7kL8pO9iU0yT1rE2wQ3aS4dF5gG6hH7jJ8kK9lL0zZ1xX2cC3vV4bB5nN6mM7qQ8wW9eE0rR1tT2yY3uU4iI5oO6pP7aA8sS9dD0fF1gG2hH3jJ4kK5lL6zZ7xX8cC9vV0bB1nN2mM3qW4eR5tT6yU7iI8oO9pP0aS1dF2gG3hH4jJ5kK6lL7zZ8xX9cC0vB1nN2mQ3wE4rR5tT6yY7uU8iI9oO0pP1aS2dF3gG4hH5jJ6kK7lL8zX9cV0bN1nM2qW3eR4tT5yU6iI7oO8pP9aS0dF1gG2hH3jJ4kK5lL6zZ7xX8cC9vV0bB1nN2mM3qW4eR5tT6yU7iI8oO9pP0aS1dF2gG3hH4jJ5kK6lL7zZ8xX9cC0vB1nN2mQ3wE4rR5tT6yY7uU8iI9oO0pP1aS2dF3gG4hH5jJ6kK7lL8zX9cV0bN1nM2qW3eR4tT5yU6iI7oO8pP9aS0dF1gG2hH3jJ4kK5lL6zZ7xX8cC9vV0bB1nN2mM3qW4eR5t7nB9vR2mX8kLp4QjW3tY5zH1aG6sF9dD0fS8gA7hJ6kL5mN4bV3vC2xZ1oP9iU8uY7tT6rR5eE4wW3qQ2aZ1sX2dC3fV4gB5hN6jM7kL8pO9iU0yT1rE2wQ3aS4dF5gG6hH7jJ8kK9lL0zZ1xX2cC3vV4bB5nN6mM7qQ8wW9eE0rR1tT2yY3uU4iI5oO6pP7aA8sS9dD0fF1gG2hH3jJ4kK5lL6zZ7xX8cC9vV0bB1nN2mM3qW4eR5tT6yU7iI8oO9pP0aS1dF2gG3hH4jJ5kK6lL7zZ8xX9cC0vB1nN2mQ3wE4rR5tT6yY7uU8iI9oO0pP1aS2dF3gG4hH5jJ6kK7lL8zX9cV0bN1nM2qW3eR4tT5yU6iI7oO8pP9aS0dF1gG2hH3jJ4kK5lL6zZ7xX8cC9vV0bB1nN2mM3qW4eR5tT6yU7iI8oO9pP0aS1dF2gG3hH4jJ5kK6lL7zZ8xX9cC0vB1nN2mQ3wE4rR5tT6yY7uU8iI9oO0pP1aS2dF3gG4hH5jJ6kK7lL8zX9cV0bN1nM2qW3eR4tT5yU6iI7oO8pP9aS0dF1gG2hH3jJ4kK5lL6zZ7xX8cC9vV0bB1nN2mM3qW4eR5tT6yU7iIzX9cV0bN1nM2qW3eR4tT5yU6iI7oO8pP9aS0dF1gG2hH3jJ4kK5lL6zZ7xX8cC9vV0bB1nN2mM3qW4eR5tT6yU7iI8oO9pP0aS1dF2gG3hH4jJ5kK6lL7zZ8xX9cC0vB1nN2mQ3wE4rR5tT6yY7uU8iI9oO0pP1aS2dF3gG4hH5jJ6kK7lL8zX9cV0bN1nM2qW3eR4tT5yU6iI7oO8pP9aS0dF1gG2hH3jJ4kK5lL6zZ7xX8cC9vV0bB1nN2mM3qW4eR5tT6yU7iI8oO9pP0aS1dF2gG3hH4jJ5kK6lL7zZ8xX9cC0vB1nN2mQ3wE4rR5tT6yY7uU8iI9oO0pP1aS2dF3gG4hH5jJ6kK7l4hH5jJ6kK7lL8zX9cV0bN1nM2qW3eR4tT5yU6iI7oO8pP9aS0dF1gG2hH3jJ4kK5lL6zZ7xX8cC9vV0bB1nN2mM3qW4eR5tT6yU7iI8oO9pP0aS1dF2gG3hH4jJ5kK6lL7zZ8xX9cC0vB1nN2mQ3wE4rR5tT6yY7uU8iI9oO0pP1aS2dF3gG4hH5jJ6kK7lL8zX9cV0bN1nM2qW3eR4tT5yU6iI7oO8pP9aS0dF1gG2hH3jJ4kK5lL6zZ7xX8cC9vV0bB1nN2mM3qW4eR5tT6yU7iI8oO9pP0aS1dF2gG3hH4jJ5kK6lL7zZ8xX9cC0vB1nN2mQ3wE4rR5tT6yY7uU8iI9oO0pP1aS2dF3gG4hH5jJ6kK7l4hH5jJ6kK7lL8zX9cV0bN1nM2qW3eR4tT5yU6iI7oO8pP9aS0dF1gG2hH3jJ4kK5lL6zZ7xX8cC9vV0bB1nN2mM3qW4eR5tT6yU7iI8oO9pP0aS1dF2gG3hH4jJ5kK6lL7zZ8xX9cC0vB1nN2mQ3wE4rR5tT6yY7uU8iI9oO0pP1aS2dF3gG4hH5jJ6kK7lL8zX9cV0bN1nM2qW3eR4tT5yU6iI7oO8pP9aS0dF1gG2hH3jJ4kK5lL6zZ7xX8cC9vV0bB1nN2mM3qW4eR5tT6yU7iI8oO9pP0aS1dF2gG3hH4jJ5kK6lL7zZ8xX9cC0vB1nN2mQ3wE4rR5tT6yY7uU8iI9oO0pP1aS2dF3gG4hH5jJ6kK7l4hH5jJ6kK7lL8zX9cV0bN1nM2qW3eR4tT5yU6iI7oO8pP9aS0dF1gG2hH3jJ4kK5lL6zZ7xX8cC9vV0bB1nN2mM3qW4eR5tT6yU7iI8oO9pP0aS1dF2gG3hH4jJ5kK6lL7zZ8xX9cC0vB1nN2mQ3wE4rR5tT6yY7uU8iI9oO0pP1aS2dF3gG4hH5jJ6kK7lL8zX9cV0bN1nM2qW3eR4tT5yU6iI7oO8pP9aS0dF1gG2hH3jJ4kK5lL6zZ7xX8cC9vV0bB1nN2mM3qW4eR5tT6yU7iI8oO9pP0aS1dF2gG3hH4jJ5kK6lL7zZ8xX9cC0vB1nN2mQ3wE4rR5tT6yY7uU8iI9oO0pP1aS2dF3gG4hH5jJ6kK7l4hH5jJ6kK7lL8zX9cV0bN1nM2qW3eR4tT5yU6iI7oO8pP9aS0dF1gG2hH3jJ4kK5lL6zZ7xX8cC9vV0bB1nN2mM3qW4eR5tT6yU7iI8oO9pP0aS1dF2gG3hH4jJ5kK6lL7zZ8xX9cC0vB1nN2mQ3wE4rR5tT6yY7uU8iI9oO0pP1aS2dF3gG4hH5jJ6kK7lL8zX9cV0bN1nM2qW3eR4tT5yU6iI7oO8pP9aS0dF1gG2hH3jJ4kK5lL6zZ7xX8cC9vV0bB1nN2mM3qW4eR5tT6yU7iI8oO9pP0aS1dF2gG3hH4jJ5kK6lL7zZ8xX9cC0vB1nN2mQ3wE4rR5tT6yY7uU8iI9oO0pP1aS2dF3gG4hH5jJ6kK7l4hH5jJ6kK7lL8zX9cV0bN1nM2qW3eR4tT5yU6iI7oO8pP9aS0dF1gG2hH3jJ4kK5lL6z7nB9vR2mX8kLp4QjW3tY5zH1aG6sF9dD0fS8gA7hJ6kL5mN4bV3vC2xZ1oP9iU8uY7tT6rR5eE4wW3qQ2aZ1sX2dC3fV4gB5hN6jM7kL8pO9iU0yT1rE2wQ3aS4dF5gG6hH7jJ8kK9lL0zZ1xX2cC3vV4bB5nN6mM7qQ8wW9eE0rR1tT2yY3uU4iI5oO6pP7aA8sS9dD0fF1gG2hH3jJ4kK5lL6zZ7xX8cC9vV0bB1nN2mM3qW4eR5tT6yU7iI8oO9pP0aS1dF2gG3hH4jJ5kK6lL7zZ8xX9cC0vB1nN2mQ3wE4rR5tT6yY7uU8iI9oO0pP1aS2dF3gG4hH5jJ6kK7lL8zX9cV0bN1nM2qW3eR4tT5yU6iI7oO8pP9aS0dF1gG2hH3jJ4kK5lL6zZ7xX8cC9vV0bB1nN2mM3qW4eR5tT6yU7iI8oO9pP0aS1dF2gG3hH4jJ5kK6lL7zZ8xX9cC0vB1nN2mQ3wE4rR5tT6yY7uU8iI9oO0pP1aS2dF3gG4hH5jJ6kK7lL8zX9cV0bN1nM2qW3eR4tT5yU6iI7oO8pP9aS0dF1gG2hH3jJ4kK5lL6zZ7xX8cC9vV0bB1nN2mM3qW4eR5tT6yU7iI8oO9pP0aS1dF2gG3hH4jJ5kK6lL7zZ8xX9cC0vB1nN2mQ3wE4rR5tT6yY7uU8iI9oO0pP1aS2dF3gG4hH5jJ6kK7lL8zX9cV0bN1nM2qW3eR4tT5yU6iI7oO8pP9aS0dF1gG2hH3jJ4kK5lL6zZ7xX8cC9vV0bB1nN2mM3qW4eR5tT6yU7iI8oO9pP0aS1dF2gG3hH4jJ5kK6lL7zZ8xX9cC0vB1nN2mQ3wE4rR5tT6yY7uU8iI9oO0pP1aS2dF3gG4hH5jJ6kK7lL8zX9cV0bN1nM2qW3eR4tT5yU6iI7oO8pP9aS0dF1gG2hH3jJ4kK5lL6zZ7xX8cC9vV0bB1nN2mM3qW4eR5tT6yU7iI8oO9pP0aS1dF2gG3hH4jJ5kK6lL7zZ8xX9cC0vB1nN2mQ3wE4rR5tT6yY7uU8iI9oO0pP1aS2dF3gG4hH5jJ6kK7l4hH5jJ6kK7lL8zX9cV0bN1nM2qW3eR4tT5yU6iI7oO8pP9aS0dF1gG2hH3jJ4kK5lL6zZ7xX8cC9vV0bB1nN2mM3qW4eR5tT6yU7iI8oO9pP0aS1dF2gG3hH4jJ5kK6lL7zZ8xX9cC0vB1nN2mQ3wE4rR5tT6yY7uU8iI9oO0pP1aS2dF3gG4hH5jJ6kK7lL8zX9cV0bN1nM2qW3eR4tT5yU6iI7oO8pP9aS0dF1gG2hH3jJ4kK5lL6zZ7xX8cC9vV0bB1nN2mM3qW4eR5tT6yU7iI8oO9pP0aS1dF2gG3hH4jJ5kK6lL7zZ8xX9cC0vB1nN2mQ3wE4rR5tT6yY7uU8iI9oO0pP1aS2dF3gG4hH5jJ6kK7l4hH5jJ6kK7lL8zX9cV0bN1nM2qW3eR4tT5yU6iI7oO8pP9aS0dF1gG2hH3jJ4kK5lL6zZ7xX8cC9vV0bB1nN2mM3qW4eR5tT6yU7iI8oO9pP0aS1dF2gG3hH4jJ5kK6lL7zZ8xX9cC0vB1nN2mQ3wE4rR5tT6yY7uU8iI9oO0pP1aS2dF3gG4hH5jJ6kK7lL8zX9cV0bN1nM2qW3eR4tT5yU6iI7oO8pP9aS0dF1gG2hH3jJ4kK5lL6zZ7xX8cC9vV0bB1nN2mM3qW4eR5tT6yU7iI8oO9pP0aS1dF2gG3hH4jJ5kK6lL7zZ8xX9cC0vB1nN2mQ3wE4rR5tT6yY7uU8iI9oO0pP1aS2dF3gG4hH5jJ6kK7l4hH5jJ6kK7lL8zX9cV0bN1nM2qW3eR4tT5yU6iI7oO8pP9aS0dF1gG2hH3jJ4kK5lL6zZ7xX8cC9vV0bB1nN2mM3qW4eR5tT6yU7iI8oO9pP0aS1dF2gG3hH4jJ5kK6lL7zZ8xX9cC0vB1nN2mQ3wE4rR5tT6yY7uU8iI9oO0pP1aS2dF3gG4hH5jJ6kK7lL8zX9cV0bN1nM2qW3eR4tT5yU6iI7oO8pP9aS0dF1gG2hH3jJ4kK5lL6zZ7xX8cC9vV0bB1nN2mM3qW4eR5tT6yU7iI8oO9pP0aS1dF2gG3hH4jJ5kK6lL7zZ8xX9cC0vB1nN2mQ3wE4rR5tT6yY7uU8iI9oO0pP1aS2dF3gG4hH5jJ6kK7l4hH5jJ6kK7lL8zX9cV0bN1nM2qW3eR4tT5yU6iI7oO8pP9aS0dF1gG2hH3jJ4kK5lL6zZ7xX8cC9vV0bB1nN2mM3qW4eR5tT6yU7iI8oO9pP0aS1dF2gG3hH4jJ5kK6lL7zZ8xX9cC0vB1nN2mQ3wE4rR5tT6yY7uU8iI9oO0pP1aS2dF3gG4hH5jJ6kK7lL8zX9cV0bN1nM2qW3eR4tT5yU6iI7oO8pP9aS0dF1gG2hH3jJ4kK5lL6zZ7xX8cC9vV0bB1nN2mM3qW4eR5tT6yU7iI8oO9pP0aS1dF2gG3hH4jJ5kK6lL7zZ8xX9cC0vB1nN2mQ3wE4rR5tT6yY7uU8iI9oO0pP1aS2dF3gG4hH5jJ6kK7l4hH5jJ6kK7lL8zX9cV0bN1nM2qW3eR4tT5yU6iI7oO8pP9aS0dF1gG2hH3jJ4kK5lL6zZ7xX8cC9vV0bB1nN2mM3qW4eR5tT6yU7iI8oO9pP0aS1dF2gG3hH4jJ5kK6lL7zZ8xX9cC0vB1nN2mQ3wE4rR5tT6yY7uU8iI9oO0pP1aS2dF3gG4hH5jJ6kK7lL8zX9cV0bN1nM2qW3eR4tT5yU6iI7oO8pP9aS0dF1gG2hH3jJ4kK5lL6zZ7xX8cC9vV0bB1nN2mM3qW4eR5tT6yU7iI8oO9pP0aS1dF2gG3hH4jJ5kK6lL7zZ8xX9cC0vB1nN2mQ3wE4rR5tT6yY7uU8iI9oO0pP1aS2dF3gG4hH5jJ6kK7l4hH5jJ6kK7lL8zX9cV0bN1nM2qW3eR4tT5yU6iI7oO8pP9aS0dF1gG2hH3jJ4kK5lL6zZ7xX8cC9vV0bB1nN2mM3qW4eR5tT6yU7iI8oO9pP0aS1dF2gG3hH4jJ5kK6lL7zZ8xX9cC0vB1nN2mQ3wE4rR5tT6yY7uU8iI9oO0pP1aS2dF3gG4hH5jJ6kK7lL8zX9cV0bN1nM2qW3eR4tT5yU6iI7oO8pP9aS0dF1gG2hH3jJ4kK5lL6zZ7xX8cC9vV0bB1nN2mM3qW4eR5tT6yU7iI8oO9pP0aS1dF2gG3hH4jJ5kK6lL7zZ8xX9cC0vB1nN2mQ3wE4rR5tT6yY7uU8iI9oO0pP1aS2dF3gG4hH5jJ6kK7l4hH5jJ6kK7lL8zX9cV0bN1nM2qW3eR4tT5yU6iI7oO8pP9aS0dF1gG2hH3jJ4kK5lL6zZ7xX8cC9vV0bB1nN2mM3qW4eR5tT6yU7iI8oO9pP0aS1dF2gG3hH4jJ5kK6lL7zZ8xX9cC0vB1nN2mQ3wE4rR5tT6yY7uU8iI9oO0pP1aS2dF3gG4hH5jJ6kK7lL8zX9cV0bN1nM2qW3eR4tT5yU6iI7oO8pP9aS0dF1gG2hH3jJ4kK5lL6zZ7xX8cC9vV0bB1nN2mM3qW4eR5tT6yU7iI8oO9pP0aS1dF2gG3hH4jJ5kK6lL7zZ8xX9cC0vB1nN2mQ3wE4rR5tT6yY7uU8iI9oO0pP1aS2dF3gG4hH5jJ6kK7l4hH5jJ6kK7lL8zX9cV0bN1nM2qW3eR4tT5yU6iI7oO8pP9aS0dF1gG2hH3jJ4kK5lL6z7nB9vR2mX8kLp4QjW3tY5zH1aG6sF9dD0fS8gA7hJ6kL5mN4bV3vC2xZ1oP9iU8uY7tT6rR5eE4wW3qQ2aZ1sX2dC3fV4gB5hN6jM7kL8pO9iU0yT1rE2wQ3aS4dF5gG6hH7jJ8kK9lL0zZ1xX2cC3vV4bB5nN6mM7qQ8wW9eE0rR1tT2yY3uU4iI5oO6pP7aA8sS9dD0fF1gG2hH3jJ4kK5lL6zZ7xX8cC9vV0bB1nN2mM3qW4eR5tT6yU7iI8oO9pP0aS1dF2gG3hH4jJ5kK6lL7zZ8xX9cC0vB1nN2mQ3wE4rR5tT6yY7uU8iI9oO0pP1aS2dF3gG4hH5jJ6kK7lL8zX9cV0bN1nM2qW3eR4tT5yU6iI7oO8pP9aS0dF1gG2hH3jJ4kK5lL6zZ7xX8cC9vV0bB1nN2mM3qW4eR5tT6yU7iI8oO9pP0aS1dF2gG3hH4jJ5kK6lL7zZ8xX9cC0vB1nN2mQ3wE4rR5tT6yY7uU8iI9oO0pP1aS2dF3gG4hH5jJ6kK7lL8zX9cV0bN1nM2qW3eR4tT5yU6iI7oO8pP9aS0dF1gG2hH3jJ4kK5lL6zZ7xX8cC9vV0bB1nN2mM3qW4eR5tT6yU7iI8oO9pP0aS1dF2gG3hH4jJ5kK6lL7zZ8xX9cC0vB1nN2mQ3wE4rR5tT6yY7uU8iI9oO0pP1aS2dF3gG4hH5jJ6kK7lL8zX9cV0bN1nM2qW3eR4tT5yU6iI7oO8pP9aS0dF1gG2hH3jJ4kK5lL6zZ7xX8cC9vV0bB1nN2mM3qW4eR5tT6yU7iI8oO9pP0aS1dF2gG3hH4jJ5kK6lL7zZ8xX9cC0vB1nN2mQ3wE4rR5tT6yY7uU8iI9oO0pP1aS2dF3gG4hH5jJ6kK7lL8zX9cV0bN1nM2qW3eR4tT5yU6iI7oO8pP9aS0dF1gG2hH3jJ4kK5lL6zZ7xX8cC9vV0bB1nN2mM3qW4eR5tT6yU7iI8oO9pP0aS1dF2gG3hH4jJ5kK6lL7zZ8xX9cC0vB1nN2mQ3wE4rR5tT6yY7uU8iI9oO0pP1aS2dF3gG4hH5jJ6kK7l4hH5jJ6kK7lL8zX9cV0bN1nM2qW3eR4tT5yU6iI7oO8pP9aS0dF1gG2hH3jJ4kK5lL6zZ7xX8cC9vV0bB1nN2mM3qW4eR5tT6yU7iI8oO9pP0aS1dF2gG3hH4jJ5kK6lL7zZ8xX9cC0vB1nN2mQ3wE4rR5tT6yY7uU8iI9oO0pP1aS2dF3gG4hH5jJ6kK7lL8zX9cV0bN1nM2qW3eR4tT5yU6iI7oO8pP9aS0dF1gG2hH3jJ4kK5lL6zZ7xX8cC9vV0bB1nN2mM3qW4eR5tT6yU7iI8oO9pP0aS1dF2gG3hH4jJ5kK6lL7zZ8xX9cC0vB1nN2mQ3wE4rR5tT6yY7uU8iI9oO0pP1aS2dF3gG4hH5jJ6kK7l4hH5jJ6kK7lL8zX9cV0bN1nM2qW3eR4tT5yU6iI7oO8pP9aS0dF1gG2hH3jJ4kK5lL6zZ7xX8cC9vV0bB1nN2mM3qW4eR5tT6yU7iI8oO9pP0aS1dF2gG3hH4jJ5kK6lL7zZ8xX9cC0vB1nN2mQ3wE4rR5tT6yY7uU8iI9oO0pP1aS2dF3gG4hH5jJ6kK7lL8zX9cV0bN1nM2qW3eR4tT5yU6iI7oO8pP9aS0dF1gG2hH3jJ4kK5lL6zZ7xX8cC9vV0bB1nN2mM3qW4eR5tT6yU7iI8oO9pP0aS1dF2gG3hH4jJ5kK6lL7zZ8xX9cC0vB1nN2mQ3wE4rR5tT6yY7uU8iI9oO0pP1aS2dF3gG4hH5jJ6kK7l4hH5jJ6kK7lL8zX9cV0bN1nM2qW3eR4tT5yU6iI7oO8pP9aS0dF1gG2hH3jJ4kK5lL6zZ7xX8cC9vV0bB1nN2mM3qW4eR5tT6yU7iI8oO9pP0aS1dF2gG3hH4jJ5kK6lL7zZ8xX9cC0vB1nN2mQ3wE4rR5tT6yY7uU8iI9oO0pP1aS2dF3gG4hH5jJ6kK7lL8zX9cV0bN1nM2qW3eR4tT5yU6iI7oO8pP9aS0dF1gG2hH3jJ4kK5lL6zZ7xX8cC9vV0bB1nN2mM3qW4eR5tT6yU7iI8oO9pP0aS1dF2gG3hH4jJ5kK6lL7zZ8xX9cC0vB1nN2mQ3wE4rR5tT6yY7uU8iI9oO0pP1aS2dF3gG4hH5jJ6kK7l4hH5jJ6kK7lL8zX9cV0bN1nM2qW3eR4tT5yU6iI7oO8pP9aS0dF1gG2hH3jJ4kK5lL6zZ7xX8cC9vV0bB1nN2mM3qW4eR5tT6yU7iI8oO9pP0aS1dF2gG3hH4jJ5kK6lL7zZ8xX9cC0vB1nN2mQ3wE4rR5tT6yY7uU8iI9oO0pP1aS2dF3gG4hH5jJ6kK7lL8zX9cV0bN1nM2qW3eR4tT5yU6iI7oO8pP9aS0dF1gG2hH3jJ4kK5lL6zZ7xX8cC9vV0bB1nN2mM3qW4eR5tT6yU7iI8oO9pP0aS1dF2gG3hH4jJ5kK6lL7zZ8xX9cC0vB1nN2mQ3wE4rR5tT6yY7uU8iI9oO0pP1aS2dF3gG4hH5jJ6kK7l4hH5jJ6kK7lL8zX9cV0bN1nM2qW3eR4tT5yU6iI7oO8pP9aS0dF1gG2hH3jJ4kK5lL6zZ7xX8cC9vV0bB1nN2mM3qW4eR5tT6yU7iI8oO9pP0aS1dF2gG3hH4jJ5kK6lL7zZ8xX9cC0vB1nN2mQ3wE4rR5tT6yY7uU8iI9oO0pP1aS2dF3gG4hH5jJ6kK7lL8zX9cV0bN1nM2qW3eR4tT5yU6iI7oO8pP9aS0dF1gG2hH3jJ4kK5lL6zZ7xX8cC9vV0bB1nN2mM3qW4eR5tT6yU7iI8oO9pP0aS1dF2gG3hH4jJ5kK6lL7zZ8xX9cC0vB1nN2mQ3wE4rR5tT6yY7uU8iI9oO0pP1aS2dF3gG4hH5jJ6kK7l4hH5jJ6kK7lL8zX9cV0bN1nM2qW3eR4tT5yU6iI7oO8pP9aS0dF1gG2hH3jJ4kK5lL6zZ7xX8cC9vV0bB1nN2mM3qW4eR5tT6yU7iI8oO9pP0aS1dF2gG3hH4jJ5kK6lL7zZ8xX9cC0vB1nN2mQ3wE4rR5tT6yY7uU8iI9oO0pP1aS2dF3gG4hH5jJ6kK7lL8zX9cV0bN1nM2qW3eR4tT5yU6iI7oO8pP9aS0dF1gG2hH3jJ4kK5lL6zZ7xX8cC9vV0bB1nN2mM3qW4eR5tT6yU7iI8oO9pP0aS1dF2gG3hH4jJ5kK6lL7zZ8xX9cC0vB1nN2mQ3wE4rR5tT6yY7uU8iI9oO0pP1aS2dF3gG4hH5jJ6kK7l4hH5jJ6kK7lL8zX9cV0bN1nM2qW3eR4tT5yU6iI7oO8pP9aS0dF1gG2hH3jJ4kK5lL6zZ7xX8cC9vV0bB1nN2mM3qW4eR5tT6yU7iI8oO9pP0aS1dF2gG3hH4jJ5kK6lL7zZ8xX9cC0vB1nN2mQ3wE4rR5tT6yY7uU8iI9oO0pP1aS2dF3gG4hH5jJ6kK7lL8zX9cV0bN1nM2qW3eR4tT5yU6iI7oO8pP9aS0dF1gG2hH3jJ4kK5lL6zZ7xX8cC9vV0bB1nN2mM3qW4eR5tT6yU7iI8oO9pP0aS1dF2gG3hH4jJ5kK6lL7zZ8xX9cC0vB1nN2mQ3wE4rR5tT6yY7uU8iI9oO0pP1aS2dF3gG4hH5jJ6kK7l4hH5jJ6kK7lL8zX9cV0bN1nM2qW3eR4tT5yU6iI7oO8pP9aS0dF1gG2hH3jJ4kK5lL6z7nB9vR2mX8kLp4QjW3tY5zH1aG6sF9dD0fS8gA7hJ6kL5mN4bV3vC2xZ1oP9iU8uY7tT6rR5eE4wW3qQ2aZ1sX2dC3fV4gB5hN6jM7kL8pO9iU0yT1rE2wQ3aS4dF5gG6hH7jJ8kK9lL0zZ1xX2cC3vV4bB5nN6mM7qQ8wW9eE0rR1tT2yY3uU4iI5oO6pP7aA8sS9dD0fF1gG2hH3jJ4kK5lL6zZ7xX8cC9vV0bB1nN2mM3qW4eR5tT6yU7iI8oO9pP0aS1dF2gG3hH4jJ5kK6lL7zZ8xX9cC0vB1nN2mQ3wE4rR5tT6yY7uU8iI9oO0pP1aS2dF3gG4hH5jJ6kK7lL8zX9cV0bN1nM2qW3eR4tT5yU6iI7oO8pP9aS0dF1gG2hH3jJ4kK5lL6zZ7xX8cC9vV0bB1nN2mM3qW4eR5tT6yU7iI8oO9pP0aS1dF2gG3hH4jJ5kK6lL7zZ8xX9cC0vB1nN2mQ3wE4rR5tT6yY7uU8iI9oO0pP1aS2dF3gG4hH5jJ6kK7lL8zX9cV0bN1nM2qW3eR4tT5yU6iI7oO8pP9aS0dF1gG2hH3jJ4kK5lL6zZ7xX8cC9vV0bB1nN2mM3qW4eR5tT6yU7iI8oO9pP0aS1dF2gG3hH4jJ5kK6lL7zZ8xX9cC0vB1nN2mQ3wE4rR5tT6yY7uU8iI9oO0pP1aS2dF3gG4hH5jJ6kK7lL8zX9cV0bN1nM2qW3eR4tT5yU6iI7oO8pP9aS0dF1gG2hH3jJ4kK5lL6zZ7xX8cC9vV0bB1nN2mM3qW4eR5tT6yU7iI8oO9pP0aS1dF2gG3hH4jJ5kK6lL7zZ8xX9cC0vB1nN2mQ3wE4rR5tT6yY7uU8iI9oO0pP1aS2dF3gG4hH5jJ6kK7lL8zX9cV0bN1nM2qW3eR4tT5yU6iI7oO8pP9aS0dF1gG2hH3jJ4kK5lL6zZ7xX8cC9vV0bB1nN2mM3qW4eR5tT6yU7iI8oO9pP0aS1dF2gG3hH4jJ5kK6lL7zZ8xX9cC0vB1nN2mQ3wE4rR5tT6yY7uU8iI9oO0pP1aS2dF3gG4hH5jJ6kK7l4hH5jJ6kK7lL8zX9cV0bN1nM2qW3eR4tT5yU6iI7oO8pP9aS0dF1gG2hH3jJ4kK5lL6zZ7xX8cC9vV0bB1nN2mM3qW4eR5tT6yU7iI8oO9pP0aS1dF2gG3hH4jJ5kK6lL7zZ8xX9cC0vB1nN2mQ3wE4rR5tT6yY7uU8iI9oO0pP1aS2dF3gG4hH5jJ6kK7lL8zX9cV0bN1nM2qW3eR4tT5yU6iI7oO8pP9aS0dF1gG2hH3jJ4kK5lL6zZ7xX8cC9vV0bB1nN2mM3qW4eR5tT6yU7iI8oO9pP0aS1dF2gG3hH4jJ5kK6lL7zZ8xX9cC0vB1nN2mQ3wE4rR5tT6yY7uU8iI9oO0pP1aS2dF3gG4hH5jJ6kK7l4hH5jJ6kK7lL8zX9cV0bN1nM2qW3eR4tT5yU6iI7oO8pP9aS0dF1gG2hH3jJ4kK5lL6zZ7xX8cC9vV0bB1nN2mM3qW4eR5tT6yU7iI8oO9pP0aS1dF2gG3hH4jJ5kK6lL7zZ8xX9cC0vB1nN2mQ3wE4rR5tT6yY7uU8iI9oO0pP1aS2dF3gG4hH5jJ6kK7lL8zX9cV0bN1nM2qW3eR4tT5yU6iI7oO8pP9aS0dF1gG2hH3jJ4kK5lL6zZ7xX8cC9vV0bB1nN2mM3qW4eR5tT6yU7iI8oO9pP0aS1dF2gG3hH4jJ5kK6lL7zZ8xX9cC0vB1nN2mQ3wE4rR5tT6yY7uU8iI9oO0pP1aS2dF3gG4hH5jJ6kK7l4hH5jJ6kK7lL8zX9cV0bN1nM2qW3eR4tT5yU6iI7oO8pP9aS0dF1gG2hH3jJ4kK5lL6zZ7xX8cC9vV0bB1nN2mM3qW4eR5tT6yU7iI8oO9pP0aS1dF2gG3hH4jJ5kK6lL7zZ8xX9cC0vB1nN2mQ3wE4rR5tT6yY7uU8iI9oO0pP1aS2dF3gG4hH5jJ6kK7lL8zX9cV0bN1nM2qW3eR4tT5yU6iI7oO8pP9aS0dF1gG2hH3jJ4kK5lL6zZ7xX8cC9vV0bB1nN2mM3qW4eR5tT6yU7iI8oO9pP0aS1dF2gG3hH4jJ5kK6lL7zZ8xX9cC0vB1nN2mQ3wE4rR5tT6yY7uU8iI9oO0pP1aS2dF3gG4hH5jJ6kK7l4hH5jJ6kK7lL8zX9cV0bN1nM2qW3eR4tT5yU6iI7oO8pP9aS0dF1gG2hH3jJ4kK5lL6zZ7xX8cC9vV0bB1nN2mM3qW4eR5tT6yU7iI8oO9pP0aS1dF2gG3hH4jJ5kK6lL7zZ8xX9cC0vB1nN2mQ3wE4rR5tT6yY7uU8iI9oO0pP1aS2dF3gG4hH5jJ6kK7lL8zX9cV0bN1nM2qW3eR4tT5yU6iI7oO8pP9aS0dF1gG2hH3jJ4kK5lL6zZ7xX8cC9vV0bB1nN2mM3qW4eR5tT6yU7iI8oO9pP0aS1dF2gG3hH4jJ5kK6lL7zZ8xX9cC0vB1nN2mQ3wE4rR5tT6yY7uU8iI9oO0pP1aS2dF3gG4hH5jJ6kK7l4hH5jJ6kK7lL8zX9cV0bN1nM2qW3eR4tT5yU6iI7oO8pP9aS0dF1gG2hH3jJ4kK5lL6zZ7xX8cC9vV0bB1nN2mM3qW4eR5tT6yU7iI8oO9pP0aS1dF2gG3hH4jJ5kK6lL7zZ8xX9cC0vB1nN2mQ3wE4rR5tT6yY7uU8iI9oO0pP1aS2dF3gG4hH5jJ6kK7lL8zX9cV0bN1nM2qW3eR4tT5yU6iI7oO8pP9aS0dF1gG2hH3jJ4kK5lL6zZ7xX8cC9vV0bB1nN2mM3qW4eR5tT6yU7iI8oO9pP0aS1dF2gG3hH4jJ5kK6lL7zZ8xX9cC0vB1nN2mQ3wE4rR5tT6yY7uU8iI9oO0pP1aS2dF3gG4hH5jJ6kK7l4hH5jJ6kK7lL8zX9cV0bN1nM2qW3eR4tT5yU6iI7oO8pP9aS0dF1gG2hH3jJ4kK5lL6zZ7xX8cC9vV0bB1nN2mM3qW4eR5tT6yU7iI8oO9pP0aS1dF2gG3hH4jJ5kK6lL7zZ8xX9cC0vB1nN2mQ3wE4rR5tT6yY7uU8iI9oO0pP1aS2dF3gG4hH5jJ6kK7lL8zX9cV0bN1nM2qW3eR4tT5yU6iI7oO8pP9aS0dF1gG2hH3jJ4kK5lL6zZ7xX8cC9vV0bB1nN2mM3qW4eR5tT6yU7iI8oO9pP0aS1dF2gG3hH4jJ5kK6lL7zZ8xX9cC0vB1nN2mQ3wE4rR5tT6yY7uU8iI9oO0pP1aS2dF3gG4hH5jJ6kK7l4hH5jJ6kK7lL8zX9cV0bN1nM2qW3eR4tT5yU6iI7oO8pP9aS0dF1gG2hH3jJ4kK5lL6zZ7xX8cC9vV0bB1nN2mM3qW4eR5tT6yU7iI8oO9pP0aS1dF2gG3hH4jJ5kK6lL7zZ8xX9cC0vB1nN2mQ3wE4rR5tT6yY7uU8iI9oO0pP1aS2dF3gG4hH5jJ6kK7lL8zX9cV0bN1nM2qW3eR4tT5yU6iI7oO8pP9aS0dF1gG2hH3jJ4kK5lL6zZ7xX8cC9vV0bB1nN2mM3qW4eR5tT6yU7iI8oO9pP0aS1dF2gG3hH4jJ5kK6lL7zZ8xX9cC0vB1nN2mQ3wE4rR5tT6yY7uU8iI9oO0pP1aS2dF3gG4hH5jJ6kK7l4hH5jJ6kK7lL8zX9cV0bN1nM2qW3eR4tT5yU6iI7oO8pP9aS0dF1gG2hH3jJ4kK5lL6z7nB9vR2mX8kLp4QjW3tY5zH1aG6sF9dD0fS8gA7hJ6kL5mN4bV3vC2xZ1oP9iU8uY7tT6rR5eE4wW3qQ2aZ1sX2dC3fV4gB5hN6jM7kL8pO9iU0yT1rE2wQ3aS4dF5gG6hH7jJ8kK9lL0zZ1xX2cC3vV4bB5nN6mM7qQ8wW9eE0rR1tT2yY3uU4iI5oO6pP7aA8sS9dD0fF1gG2hH3jJ4kK5lL6zZ7xX8cC9vV0bB1nN2mM3qW4eR5tT6yU7iI8oO9pP0aS1dF2gG3hH4jJ5kK6lL7zZ8xX9cC0vB1nN2mQ3wE4rR5tT6yY7uU8iI9oO0pP1aS2dF3gG4hH5jJ6kK7lL8zX9cV0bN1nM2qW3eR4tT5yU6iI7oO8pP9aS0dF1gG2hH3jJ4kK5lL6zZ7xX8cC9vV0bB1nN2mM3qW4eR5tT6yU7iI8oO9pP0aS1dF2gG3hH4jJ5kK6lL7zZ8xX9cC0vB1nN2mQ3wE4rR5tT6yY7uU8iI9oO0pP1aS2dF3gG4hH5jJ6kK7lL8zX9cV0bN1nM2qW3eR4tT5yU6iI7oO8pP9aS0dF1gG2hH3jJ4kK5lL6zZ7xX8cC9vV0bB1nN2mM3qW4eR5tT6yU7iI8oO9pP0aS1dF2gG3hH4jJ5kK6lL7zZ8xX9cC0vB1nN2mQ3wE4rR5tT6yY7uU8iI9oO0pP1aS2dF3gG4hH5jJ6kK7lL8zX9cV0bN1nM2qW3eR4tT5yU6iI7oO8pP9aS0dF1gG2hH3jJ4kK5lL6zZ7xX8cC9vV0bB1nN2mM3qW4eR5tT6yU7iI8oO9pP0aS1dF2gG3hH4jJ5kK6lL7zZ8xX9cC0vB1nN2mQ3wE4rR5tT6yY7uU8iI9oO0pP1aS2dF3gG4hH5jJ6kK7lL8zX9cV0bN1nM2qW3eR4tT5yU6iI7oO8pP9aS0dF1gG2hH3jJ4kK5lL6zZ7xX8cC9vV0bB1nN2mM3qW4eR5tT6yU7iI8oO9pP0aS1dF2gG3hH4jJ5kK6lL7zZ8xX9cC0vB1nN2mQ3wE4rR5tT6yY7uU8iI9oO0pP1aS2dF3gG4hH5jJ6kK7l4hH5jJ6kK7lL8zX9cV0bN1nM2qW3eR4tT5yU6iI7oO8pP9aS0dF1gG2hH3jJ4kK5lL6zZ7xX8cC9vV0bB1nN2mM3qW4eR5tT6yU7iI8oO9pP0aS1dF2gG3hH4jJ5kK6lL7zZ8xX9cC0vB1nN2mQ3wE4rR5tT6yY7uU8iI9oO0pP1aS2dF3gG4hH5jJ6kK7lL8zX9cV0bN1nM2qW3eR4tT5yU6iI7oO8pP9aS0dF1gG2hH3jJ4kK5lL6zZ7xX8cC9vV0bB1nN2mM3qW4eR5tT6yU7iI8oO9pP0aS1dF2gG3hH4jJ5kK6lL7zZ8xX9cC0vB1nN2mQ3wE4rR5tT6yY7uU8iI9oO0pP1aS2dF3gG4hH5jJ6kK7l4hH5jJ6kK7lL8zX9cV0bN1nM2qW3eR4tT5yU6iI7oO8pP9aS0dF1gG2hH3jJ4kK5lL6zZ7xX8cC9vV0bB1nN2mM3qW4eR5tT6yU7iI8oO9pP0aS1dF2gG3hH4jJ5kK6lL7zZ8xX9cC0vB1nN2mQ3wE4rR5tT6yY7uU8iI9oO0pP1aS2dF3gG4hH5jJ6kK7lL8zX9cV0bN1nM2qW3eR4tT5yU6iI7oO8pP9aS0dF1gG2hH3jJ4kK5lL6zZ7xX8cC9vV0bB1nN2mM3qW4eR5tT6yU7iI8oO9pP0aS1dF2gG3hH4jJ5kK6lL7zZ8xX9cC0vB1nN2mQ3wE4rR5tT6yY7uU8iI9oO0pP1aS2dF3gG4hH5jJ6kK7l4hH5jJ6kK7lL8zX9cV0bN1nM2qW3eR4tT5yU6iI7oO8pP9aS0dF1gG2hH3jJ4kK5lL6zZ7xX8cC9vV0bB1nN2mM3qW4eR5tT6yU7iI8oO9pP0aS1dF2gG3hH4jJ5kK6lL7zZ8xX9cC0vB1nN2mQ3wE4rR5tT6yY7uU8iI9oO0pP1aS2dF3gG4hH5jJ6kK7lL8zX9cV0bN1nM2qW3eR4tT5yU6iI7oO8pP9aS0dF1gG2hH3jJ4kK5lL6zZ7xX8cC9vV0bB1nN2mM3qW4eR5tT6yU7iI8oO9pP0aS1dF2gG3hH4jJ5kK6lL7zZ8xX9cC0vB1nN2mQ3wE4rR5tT6yY7uU8iI9oO0pP1aS2dF3gG4hH5jJ6kK7l4hH5jJ6kK7lL8zX9cV0bN1nM2qW3eR4tT5yU6iI7oO8pP9aS0dF1gG2hH3jJ4kK5lL6zZ7xX8cC9vV0bB1nN2mM3qW4eR5tT6yU7iI8oO9pP0aS1dF2gG3hH4jJ5kK6lL7zZ8xX9cC0vB1nN2mQ3wE4rR5tT6yY7uU8iI9oO0pP1aS2dF3gG4hH5jJ6kK7lL8zX9cV0bN1nM2qW3eR4tT5yU6iI7oO8pP9aS0dF1gG2hH3jJ4kK5lL6zZ7xX8cC9vV0bB1nN2mM3qW4eR5tT6yU7iI8oO9pP0aS1dF2gG3hH4jJ5kK6lL7zZ8xX9cC0vB1nN2mQ3wE4rR5tT6yY7uU8iI9oO0pP1aS2dF3gG4hH5jJ6kK7l4hH5jJ6kK7lL8zX9cV0bN1nM2qW3eR4tT5yU6iI7oO8pP9aS0dF1gG2hH3jJ4kK5lL6zZ7xX8cC9vV0bB1nN2mM3qW4eR5tT6yU7iI8oO9pP0aS1dF2gG3hH4jJ5kK6lL7zZ8xX9cC0vB1nN2mQ3wE4rR5tT6yY7uU8iI9oO0pP1aS2dF3gG4hH5jJ6kK7lL8zX9cV0bN1nM2qW3eR4tT5yU6iI7oO8pP9aS0dF1gG2hH3jJ4kK5lL6zZ7xX8cC9vV0bB1nN2mM3qW4eR5tT6yU7iI8oO9pP0aS1dF2gG3hH4jJ5kK6lL7zZ8xX9cC0vB1nN2mQ3wE4rR5tT6yY7uU8iI9oO0pP1aS2dF3gG4hH5jJ6kK7l4hH5jJ6kK7lL8zX9cV0bN1nM2qW3eR4tT5yU6iI7oO8pP9aS0dF1gG2hH3jJ4kK5lL6zZ7xX8cC9vV0bB1nN2mM3qW4eR5tT6yU7iI8oO9pP0aS1dF2gG3hH4jJ5kK6lL7zZ8xX9cC0vB1nN2mQ3wE4rR5tT6yY7uU8iI9oO0pP1aS2dF3gG4hH5jJ6kK7lL8zX9cV0bN1nM2qW3eR4tT5yU6iI7oO8pP9aS0dF1gG2hH3jJ4kK5lL6zZ7xX8cC9vV0bB1nN2mM3qW4eR5tT6yU7iI8oO9pP0aS1dF2gG3hH4jJ5kK6lL7zZ8xX9cC0vB1nN2mQ3wE4rR5tT6yY7uU8iI9oO0pP1aS2dF3gG4hH5jJ6kK7l4hH5jJ6kK7lL8zX9cV0bN1nM2qW3eR4tT5yU6iI7oO8pP9aS0dF1gG2hH3jJ4kK5lL6zZ7xX8cC9vV0bB1nN2mM3qW4eR5tT6yU7iI8oO9pP0aS1dF2gG3hH4jJ5kK6lL7zZ8xX9cC0vB1nN2mQ3wE4rR5tT6yY7uU8iI9oO0pP1aS2dF3gG4hH5jJ6kK7lL8zX9cV0bN1nM2qW3eR4tT5yU6iI7oO8pP9aS0dF1gG2hH3jJ4kK5lL6zZ7xX8cC9vV0bB1nN2mM3qW4eR5tT6yU7iI8oO9pP0aS1dF2gG3hH4jJ5kK6lL7zZ8xX9cC0vB1nN2mQ3wE4rR5tT6yY7uU8iI9oO0pP1aS2dF3gG4hH5jJ6kK7l4hH5jJ6kK7lL8zX9cV0bN1nM2qW3eR4tT5yU6iI7oO8pP9aS0dF1gG2hH3jJ4kK5lL6z7nB9vR2mX8kLp4QjW3tY5zH1aG6sF9dD0fS8gA7hJ6kL5mN4bV3vC2xZ1oP9iU8uY7tT6rR5eE4wW3qQ2aZ1sX2dC3fV4gB5hN6jM7kL8pO9iU0yT1rE2wQ3aS4dF5gG6hH7jJ8kK9lL0zZ1xX2cC3vV4bB5nN6mM7qQ8wW9eE0rR1tT2yY3uU4iI5oO6pP7aA8sS9dD0fF1gG2hH3jJ4kK5lL6zZ7xX8cC9vV0bB1nN2mM3qW4eR5tT6yU7iI8oO9pP0aS1dF2gG3hH4jJ5kK6lL7zZ8xX9cC0vB1nN2mQ3wE4rR5tT6yY7uU8iI9oO0pP1aS2dF3gG4hH5jJ6kK7lL8zX9cV0bN1nM2qW3eR4tT5yU6iI7oO8pP9aS0dF1gG2hH3jJ4kK5lL6zZ7xX8cC9vV0bB1nN2mM3qW4eR5tT6yU7iI8oO9pP0aS1dF2gG3hH4jJ5kK6lL7zZ8xX9cC0vB1nN2mQ3wE4rR5tT6yY7uU8iI9oO0pP1aS2dF3gG4hH5jJ6kK7lL8zX9cV0bN1nM2qW3eR4tT5yU6iI7oO8pP9aS0dF1gG2hH3jJ4kK5lL6zZ7xX8cC9vV0bB1nN2mM3qW4eR5tT6yU7iI8oO9pP0aS1dF2gG3hH4jJ5kK6lL7zZ8xX9cC0vB1nN2mQ3wE4rR5tT6yY7uU8iI9oO0pP1aS2dF3gG4hH5jJ6kK7lL8zX9cV0bN1nM2qW3eR4tT5yU6iI7oO8pP9aS0dF1gG2hH3jJ4kK5lL6zZ7xX8cC9vV0bB1nN2mM3qW4eR5tT6yU7iI8oO9pP0aS1dF2gG3hH4jJ5kK6lL7zZ8xX9cC0vB1nN2mQ3wE4rR5tT6yY7uU8iI9oO0pP1aS2dF3gG4hH5jJ6kK7lL8zX9cV0bN1nM2qW3eR4tT5yU6iI7oO8pP9aS0dF1gG2hH3jJ4kK5lL6zZ7xX8cC9vV0bB1nN2mM3qW4eR5tT6yU7iI8oO9pP0aS1dF2gG3hH4jJ5kK6lL7zZ8xX9cC0vB1nN2mQ3wE4rR5tT6yY7uU8iI9oO0pP1aS2dF3gG4hH5jJ6kK7l4hH5jJ6kK7lL8zX9cV0bN1nM2qW3eR4tT5yU6iI7oO8pP9aS0dF1gG2hH3jJ4kK5lL6zZ7xX8cC9vV0bB1nN2mM3qW4eR5tT6yU7iI8oO9pP0aS1dF2gG3hH4jJ5kK6lL7zZ8xX9cC0vB1nN2mQ3wE4rR5tT6yY7uU8iI9oO0pP1aS2dF3gG4hH5jJ6kK7lL8zX9cV0bN1nM2qW3eR4tT5yU6iI7oO8pP9aS0dF1gG2hH3jJ4kK5lL6zZ7xX8cC9vV0bB1nN2mM3qW4eR5tT6yU7iI8oO9pP0aS1dF2gG3hH4jJ5kK6lL7zZ8xX9cC0vB1nN2mQ3wE4rR5tT6yY7uU8iI9oO0pP1aS2dF3gG4hH5jJ6kK7l4hH5jJ6kK7lL8zX9cV0bN1nM2qW3eR4tT5yU6iI7oO8pP9aS0dF1gG2hH3jJ4kK5lL6zZ7xX8cC9vV0bB1nN2mM3qW4eR5tT6yU7iI8oO9pP0aS1dF2gG3hH4jJ5kK6lL7zZ8xX9cC0vB1nN2mQ3wE4rR5tT6yY7uU8iI9oO0pP1aS2dF3gG4hH5jJ6kK7lL8zX9cV0bN1nM2qW3eR4tT5yU6iI7oO8pP9aS0dF1gG2hH3jJ4kK5lL6zZ7xX8cC9vV0bB1nN2mM3qW4eR5tT6yU7iI8oO9pP0aS1dF2gG3hH4jJ5kK6lL7zZ8xX9cC0vB1nN2mQ3wE4rR5tT6yY7uU8iI9oO0pP1aS2dF3gG4hH5jJ6kK7l4hH5jJ6kK7lL8zX9cV0bN1nM2qW3eR4tT5yU6iI7oO8pP9aS0dF1gG2hH3jJ4kK5lL6zZ7xX8cC9vV0bB1nN2mM3qW4eR5tT6yU7iI8oO9pP0aS1dF2gG3hH4jJ5kK6lL7zZ8xX9cC0vB1nN2mQ3wE4rR5tT6yY7uU8iI9oO0pP1aS2dF3gG4hH5jJ6kK7lL8zX9cV0bN1nM2qW3eR4tT5yU6iI7oO8pP9aS0dF1gG2hH3jJ4kK5lL6zZ7xX8cC9vV0bB1nN2mM3qW4eR5tT6yU7iI8oO9pP0aS1dF2gG3hH4jJ5kK6lL7zZ8xX9cC0vB1nN2mQ3wE4rR5tT6yY7uU8iI9oO0pP1aS2dF3gG4hH5jJ6kK7l4hH5jJ6kK7lL8zX9cV0bN1nM2qW3eR4tT5yU6iI7oO8pP9aS0dF1gG2hH3jJ4kK5lL6zZ7xX8cC9vV0bB1nN2mM3qW4eR5tT6yU7iI8oO9pP0aS1dF2gG3hH4jJ5kK6lL7zZ8xX9cC0vB1nN2mQ3wE4rR5tT6yY7uU8iI9oO0pP1aS2dF3gG4hH5jJ6kK7lL8zX9cV0bN1nM2qW3eR4tT5yU6iI7oO8pP9aS0dF1gG2hH3jJ4kK5lL6zZ7xX8cC9vV0bB1nN2mM3qW4eR5tT6yU7iI8oO9pP0aS1dF2gG3hH4jJ5kK6lL7zZ8xX9cC0vB1nN2mQ3wE4rR5tT6yY7uU8iI9oO0pP1aS2dF3gG4hH5jJ6kK7l4hH5jJ6kK7lL8zX9cV0bN1nM2qW3eR4tT5yU6iI7oO8pP9aS0dF1gG2hH3jJ4kK5lL6zZ7xX8cC9vV0bB1nN2mM3qW4eR5tT6yU7iI8oO9pP0aS1dF2gG3hH4jJ5kK6lL7zZ8xX9cC0vB1nN2mQ3wE4rR5tT6yY7uU8iI9oO0pP1aS2dF3gG4hH5jJ6kK7lL8zX9cV0bN1nM2qW3eR4tT5yU6iI7oO8pP9aS0dF1gG2hH3jJ4kK5lL6zZ7xX8cC9vV0bB1nN2mM3qW4eR5tT6yU7iI8oO9pP0aS1dF2gG3hH4jJ5kK6lL7zZ8xX9cC0vB1nN2mQ3wE4rR5tT6yY7uU8iI9oO0pP1aS2dF3gG4hH5jJ6kK7l4hH5jJ6kK7lL8zX9cV0bN1nM2qW3eR4tT5yU6iI7oO8pP9aS0dF1gG2hH3jJ4kK5lL6zZ7xX8cC9vV0bB1nN2mM3qW4eR5tT6yU7iI8oO9pP0aS1dF2gG3hH4jJ5kK6lL7zZ8xX9cC0vB1nN2mQ3wE4rR5tT6yY7uU8iI9oO0pP1aS2dF3gG4hH5jJ6kK7lL8zX9cV0bN1nM2qW3eR4tT5yU6iI7oO8pP9aS0dF1gG2hH3jJ4kK5lL6zZ7xX8cC9vV0bB1nN2mM3qW4eR5tT6yU7iI8oO9pP0aS1dF2gG3hH4jJ5kK6lL7zZ8xX9cC0vB1nN2mQ3wE4rR5tT6yY7uU8iI9oO0pP1aS2dF3gG4hH5jJ6kK7l4hH5jJ6kK7lL8zX9cV0bN1nM2qW3eR4tT5yU6iI7oO8pP9aS0dF1gG2hH3jJ4kK5lL6zZ7xX8cC9vV0bB1nN2mM3qW4eR5tT6yU7iI8oO9pP0aS1dF2gG3hH4jJ5kK6lL7zZ8xX9cC0vB1nN2mQ3wE4rR5tT6yY7uU8iI9oO0pP1aS2dF3gG4hH5jJ6kK7lL8zX9cV0bN1nM2qW3eR4tT5yU6iI7oO8pP9aS0dF1gG2hH3jJ4kK5lL6zZ7xX8cC9vV0bB1nN2mM3qW4eR5tT6yU7iI8oO9pP0aS1dF2gG3hH4jJ5kK6lL7zZ8xX9cC0vB1nN2mQ3wE4rR5tT6yY7uU8iI9oO0pP1aS2dF3gG4hH5jJ6kK7l4hH5jJ6kK7lL8zX9cV0bN1nM2qW3eR4tT5yU6iI7oO8pP9aS0dF1gG2hH3jJ4kK5lL6z7nB9vR2mX8kLp4QjW3tY5zH1aG6sF9dD0fS8gA7hJ6kL5mN4bV3vC2xZ1oP9iU8uY7tT6rR5eE4wW3qQ2aZ1sX2dC3fV4gB5hN6jM7kL8pO9iU0yT1rE2wQ3aS4dF5gG6hH7jJ8kK9lL0zZ1xX2cC3vV4bB5nN6mM7qQ8wW9eE0rR1tT2yY3uU4iI5oO6pP7aA8sS9dD0fF1gG2hH3jJ4kK5lL6zZ7xX8cC9vV0bB1nN2mM3qW4eR5tT6yU7iI8oO9pP0aS1dF2gG3hH4jJ5kK6lL7zZ8xX9cC0vB1nN2mQ3wE4rR5tT6yY7uU8iI9oO0pP1aS2dF3gG4hH5jJ6kK7lL8zX9cV0bN1nM2qW3eR4tT5yU6iI7oO8pP9aS0dF1gG2hH3jJ4kK5lL6zZ7xX8cC9vV0bB1nN2mM3qW4eR5tT6yU7iI8oO9pP0aS1dF2gG3hH4jJ5kK6lL7zZ8xX9cC0vB1nN2mQ3wE4rR5tT6yY7uU8iI9oO0pP1aS2dF3gG4hH5jJ6kK7lL8zX9cV0bN1nM2qW3eR4tT5yU6iI7oO8pP9aS0dF1gG2hH3jJ4kK5lL6zZ7xX8cC9vV0bB1nN2mM3qW4eR5tT6yU7iI8oO9pP0aS1dF2gG3hH4jJ5kK6lL7zZ8xX9cC0vB1nN2mQ3wE4rR5tT6yY7uU8iI9oO0pP1aS2dF3gG4hH5jJ6kK7lL8zX9cV0bN1nM2qW3eR4tT5yU6iI7oO8pP9aS0dF1gG2hH3jJ4kK5lL6zZ7xX8cC9vV0bB1nN2mM3qW4eR5tT6yU7iI8oO9pP0aS1dF2gG3hH4jJ5kK6lL7zZ8xX9cC0vB1nN2mQ3wE4rR5tT6yY7uU8iI9oO0pP1aS2dF3gG4hH5jJ6kK7lL8zX9cV0bN1nM2qW3eR4tT5yU6iI7oO8pP9aS0dF1gG2hH3jJ4kK5lL6zZ7xX8cC9vV0bB1nN2mM3qW4eR5tT6yU7iI8oO9pP0aS1dF2gG3hH4jJ5kK6lL7zZ8xX9cC0vB1nN2mQ3wE4rR5tT6yY7uU8iI9oO0pP1aS2dF3gG4hH5jJ6kK7l4hH5jJ6kK7lL8zX9cV0bN1nM2qW3eR4tT5yU6iI7oO8pP9aS0dF1gG2hH3jJ4kK5lL6zZ7xX8cC9vV0bB1nN2mM3qW4eR5tT6yU7iI8oO9pP0aS1dF2gG3hH4jJ5kK6lL7zZ8xX9cC0vB1nN2mQ3wE4rR5tT6yY7uU8iI9oO0pP1aS2dF3gG4hH5jJ6kK7lL8zX9cV0bN1nM2qW3eR4tT5yU6iI7oO8pP9aS0dF1gG2hH3jJ4kK5lL6zZ7xX8cC9vV0bB1nN2mM3qW4eR5tT6yU7iI8oO9pP0aS1dF2gG3hH4jJ5kK6lL7zZ8xX9cC0vB1nN2mQ3wE4rR5tT6yY7uU8iI9oO0pP1aS2dF3gG4hH5jJ6kK7l4hH5jJ6kK7lL8zX9cV0bN1nM2qW3eR4tT5yU6iI7oO8pP9aS0dF1gG2hH3jJ4kK5lL6zZ7xX8cC9vV0bB1nN2mM3qW4eR5tT6yU7iI8oO9pP0aS1dF2gG3hH4jJ5kK6lL7zZ8xX9cC0vB1nN2mQ3wE4rR5tT6yY7uU8iI9oO0pP1aS2dF3gG4hH5jJ6kK7lL8zX9cV0bN1nM2qW3eR4tT5yU6iI7oO8pP9aS0dF1gG2hH3jJ4kK5lL6zZ7xX8cC9vV0bB1nN2mM3qW4eR5tT6yU7iI8oO9pP0aS1dF2gG3hH4jJ5kK6lL7zZ8xX9cC0vB1nN2mQ3wE4rR5tT6yY7uU8iI9oO0pP1aS2dF3gG4hH5jJ6kK7l4hH5jJ6kK7lL8zX9cV0bN1nM2qW3eR4tT5yU6iI7oO8pP9aS0dF1gG2hH3jJ4kK5lL6zZ7xX8cC9vV0bB1nN2mM3qW4eR5tT6yU7iI8oO9pP0aS1dF2gG3hH4jJ5kK6lL7zZ8xX9cC0vB1nN2mQ3wE4rR5tT6yY7uU8iI9oO0pP1aS2dF3gG4hH5jJ6kK7lL8zX9cV0bN1nM2qW3eR4tT5yU6iI7oO8pP9aS0dF1gG2hH3jJ4kK5lL6zZ7xX8cC9vV0bB1nN2mM3qW4eR5tT6yU7iI8oO9pP0aS1dF2gG3hH4jJ5kK6lL7zZ8xX9cC0vB1nN2mQ3wE4rR5tT6yY7uU8iI9oO0pP1aS2dF3gG4hH5jJ6kK7l4hH5jJ6kK7lL8zX9cV0bN1nM2qW3eR4tT5yU6iI7oO8pP9aS0dF1gG2hH3jJ4kK5lL6zZ7xX8cC9vV0bB1nN2mM3qW4eR5tT6yU7iI8oO9pP0aS1dF2gG3hH4jJ5kK6lL7zZ8xX9cC0vB1nN2mQ3wE4rR5tT6yY7uU8iI9oO0pP1aS2dF3gG4hH5jJ6kK7lL8zX9cV0bN1nM2qW3eR4tT5yU6iI7oO8pP9aS0dF1gG2hH3jJ4kK5lL6zZ7xX8cC9vV0bB1nN2mM3qW4eR5tT6yU7iI8oO9pP0aS1dF2gG3hH4jJ5kK6lL7zZ8xX9cC0vB1nN2mQ3wE4rR5tT6yY7uU8iI9oO0pP1aS2dF3gG4hH5jJ6kK7l4hH5jJ6kK7lL8zX9cV0bN1nM2qW3eR4tT5yU6iI7oO8pP9aS0dF1gG2hH3jJ4kK5lL6zZ7xX8cC9vV0bB1nN2mM3qW4eR5tT6yU7iI8oO9pP0aS1dF2gG3hH4jJ5kK6lL7zZ8xX9cC0vB1nN2mQ3wE4rR5tT6yY7uU8iI9oO0pP1aS2dF3gG4hH5jJ6kK7lL8zX9cV0bN1nM2qW3eR4tT5yU6iI7oO8pP9aS0dF1gG2hH3jJ4kK5lL6zZ7xX8cC9vV0bB1nN2mM3qW4eR5tT6yU7iI8oO9pP0aS1dF2gG3hH4jJ5kK6lL7zZ8xX9cC0vB1nN2mQ3wE4rR5tT6yY7uU8iI9oO0pP1aS2dF3gG4hH5jJ6kK7l4hH5jJ6kK7lL8zX9cV0bN1nM2qW3eR4tT5yU6iI7oO8pP9aS0dF1gG2hH3jJ4kK5lL6zZ7xX8cC9vV0bB1nN2mM3qW4eR5tT6yU7iI8oO9pP0aS1dF2gG3hH4jJ5kK6lL7zZ8xX9cC0vB1nN2mQ3wE4rR5tT6yY7uU8iI9oO0pP1aS2dF3gG4hH5jJ6kK7lL8zX9cV0bN1nM2qW3eR4tT5yU6iI7oO8pP9aS0dF1gG2hH3jJ4kK5lL6zZ7xX8cC9vV0bB1nN2mM3qW4eR5tT6yU7iI8oO9pP0aS1dF2gG3hH4jJ5kK6lL7zZ8xX9cC0vB1nN2mQ3wE4rR5tT6yY7uU8iI9oO0pP1aS2dF3gG4hH5jJ6kK7l4hH5jJ6kK7lL8zX9cV0bN1nM2qW3eR4tT5yU6iI7oO8pP9aS0dF1gG2hH3jJ4kK5lL6zZ7xX8cC9vV0bB1nN2mM3qW4eR5tT6yU7iI8oO9pP0aS1dF2gG3hH4jJ5kK6lL7zZ8xX9cC0vB1nN2mQ3wE4rR5tT6yY7uU8iI9oO0pP1aS2dF3gG4hH5jJ6kK7lL8zX9cV0bN1nM2qW3eR4tT5yU6iI7oO8pP9aS0dF1gG2hH3jJ4kK5lL6zZ7xX8cC9vV0bB1nN2mM3qW4eR5tT6yU7iI8oO9pP0aS1dF2gG3hH4jJ5kK6lL7zZ8xX9cC0vB1nN2mQ3wE4rR5tT6yY7uU8iI9oO0pP1aS2dF3gG4hH5jJ6kK7l4hH5jJ6kK7lL8zX9cV0bN1nM2qW3eR4tT5yU6iI7oO8pP9aS0dF1gG2hH3jJ4kK5lL6z7nB9vR2mX8kLp4QjW3tY5zH1aG6sF9dD0fS8gA7hJ6kL5mN4bV3vC2xZ1oP9iU8uY7tT6rR5eE4wW3qQ2aZ1sX2dC3fV4gB5hN6jM7kL8pO9iU0yT1rE2wQ3aS4dF5gG6hH7jJ8kK9lL0zZ1xX2cC3vV4bB5nN6mM7qQ8wW9eE0rR1tT2yY3uU4iI5oO6pP7aA8sS9dD0fF1gG2hH3jJ4kK5lL6zZ7xX8cC9vV0bB1nN2mM3qW4eR5tT6yU7iI8oO9pP0aS1dF2gG3hH4jJ5kK6lL7zZ8xX9cC0vB1nN2mQ3wE4rR5tT6yY7uU8iI9oO0pP1aS2dF3gG4hH5jJ6kK7lL8zX9cV0bN1nM2qW3eR4tT5yU6iI7oO8pP9aS0dF1gG2hH3jJ4kK5lL6zZ7xX8cC9vV0bB1nN2mM3qW4eR5tT6yU7iI8oO9pP0aS1dF2gG3hH4jJ5kK6lL7zZ8xX9cC0vB1nN2mQ3wE4rR5tT6yY7uU8iI9oO0pP1aS2dF3gG4hH5jJ6kK7lL8zX9cV0bN1nM2qW3eR4tT5yU6iI7oO8pP9aS0dF1gG2hH3jJ4kK5lL6zZ7xX8cC9vV0bB1nN2mM3qW4eR5tT6yU7iI8oO9pP0aS1dF2gG3hH4jJ5kK6lL7zZ8xX9cC0vB1nN2mQ3wE4rR5tT6yY7uU8iI9oO0pP1aS2dF3gG4hH5jJ6kK7lL8zX9cV0bN1nM2qW3eR4tT5yU6iI7oO8pP9aS0dF1gG2hH3jJ4kK5lL6zZ7xX8cC9vV0bB1nN2mM3qW4eR5tT6yU7iI8oO9pP0aS1dF2gG3hH4jJ5kK6lL7zZ8xX9cC0vB1nN2mQ3wE4rR5tT6yY7uU8iI9oO0pP1aS2dF3gG4hH5jJ6kK7lL8zX9cV0bN1nM2qW3eR4tT5yU6iI7oO8pP9aS0dF1gG2hH3jJ4kK5lL6zZ7xX8cC9vV0bB1nN2mM3qW4eR5tT6yU7iI8oO9pP0aS1dF2gG3hH4jJ5kK6lL7zZ8xX9cC0vB1nN2mQ3wE4rR5tT6yY7uU8iI9oO0pP1aS2dF3gG4hH5jJ6kK7l4hH5jJ6kK7lL8zX9cV0bN1nM2qW3eR4tT5yU6iI7oO8pP9aS0dF1gG2hH3jJ4kK5lL6zZ7xX8cC9vV0bB1nN2mM3qW4eR5tT6yU7iI8oO9pP0aS1dF2gG3hH4jJ5kK6lL7zZ8xX9cC0vB1nN2mQ3wE4rR5tT6yY7uU8iI9oO0pP1aS2dF3gG4hH5jJ6kK7lL8zX9cV0bN1nM2qW3eR4tT5yU6iI7oO8pP9aS0dF1gG2hH3jJ4kK5lL6zZ7xX8cC9vV0bB1nN2mM3qW4eR5tT6yU7iI8oO9pP0aS1dF2gG3hH4jJ5kK6lL7zZ8xX9cC0vB1nN2mQ3wE4rR5tT6yY7uU8iI9oO0pP1aS2dF3gG4hH5jJ6kK7l4hH5jJ6kK7lL8zX9cV0bN1nM2qW3eR4tT5yU6iI7oO8pP9aS0dF1gG2hH3jJ4kK5lL6zZ7xX8cC9vV0bB1nN2mM3qW4eR5tT6yU7iI8oO9pP0aS1dF2gG3hH4jJ5kK6lL7zZ8xX9cC0vB1nN2mQ3wE4rR5tT6yY7uU8iI9oO0pP1aS2dF3gG4hH5jJ6kK7lL8zX9cV0bN1nM2qW3eR4tT5yU6iI7oO8pP9aS0dF1gG2hH3jJ4kK5lL6zZ7xX8cC9vV0bB1nN2mM3qW4eR5tT6yU7iI8oO9pP0aS1dF2gG3hH4jJ5kK6lL7zZ8xX9cC0vB1nN2mQ3wE4rR5tT6yY7uU8iI9oO0pP1aS2dF3gG4hH5jJ6kK7l4hH5jJ6kK7lL8zX9cV0bN1nM2qW3eR4tT5yU6iI7oO8pP9aS0dF1gG2hH3jJ4kK5lL6zZ7xX8cC9vV0bB1nN2mM3qW4eR5tT6yU7iI8oO9pP0aS1dF2gG3hH4jJ5kK6lL7zZ8xX9cC0vB1nN2mQ3wE4rR5tT6yY7uU8iI9oO0pP1aS2dF3gG4hH5jJ6kK7lL8zX9cV0bN1nM2qW3eR4tT5yU6iI7oO8pP9aS0dF1gG2hH3jJ4kK5lL6zZ7xX8cC9vV0bB1nN2mM3qW4eR5tT6yU7iI8oO9pP0aS1dF2gG3hH4jJ5kK6lL7zZ8xX9cC0vB1nN2mQ3wE4rR5tT6yY7uU8iI9oO0pP1aS2dF3gG4hH5jJ6kK7l4hH5jJ6kK7lL8zX9cV0bN1nM2qW3eR4tT5yU6iI7oO8pP9aS0dF1gG2hH3jJ4kK5lL6zZ7xX8cC9vV0bB1nN2mM3qW4eR5tT6yU7iI8oO9pP0aS1dF2gG3hH4jJ5kK6lL7zZ8xX9cC0vB1nN2mQ3wE4rR5tT6yY7uU8iI9oO0pP1aS2dF3gG4hH5jJ6kK7lL8zX9cV0bN1nM2qW3eR4tT5yU6iI7oO8pP9aS0dF1gG2hH3jJ4kK5lL6zZ7xX8cC9vV0bB1nN2mM3qW4eR5tT6yU7iI8oO9pP0aS1dF2gG3hH4jJ5kK6lL7zZ8xX9cC0vB1nN2mQ3wE4rR5tT6yY7uU8iI9oO0pP1aS2dF3gG4hH5jJ6kK7l4hH5jJ6kK7lL8zX9cV0bN1nM2qW3eR4tT5yU6iI7oO8pP9aS0dF1gG2hH3jJ4kK5lL6zZ7xX8cC9vV0bB1nN2mM3qW4eR5tT6yU7iI8oO9pP0aS1dF2gG3hH4jJ5kK6lL7zZ8xX9cC0vB1nN2mQ3wE4rR5tT6yY7uU8iI9oO0pP1aS2dF3gG4hH5jJ6kK7lL8zX9cV0bN1nM2qW3eR4tT5yU6iI7oO8pP9aS0dF1gG2hH3jJ4kK5lL6zZ7xX8cC9vV0bB1nN2mM3qW4eR5tT6yU7iI8oO9pP0aS1dF2gG3hH4jJ5kK6lL7zZ8xX9cC0vB1nN2mQ3wE4rR5tT6yY7uU8iI9oO0pP1aS2dF3gG4hH5jJ6kK7l4hH5jJ6kK7lL8zX9cV0bN1nM2qW3eR4tT5yU6iI7oO8pP9aS0dF1gG2hH3jJ4kK5lL6zZ7xX8cC9vV0bB1nN2mM3qW4eR5tT6yU7iI8oO9pP0aS1dF2gG3hH4jJ5kK6lL7zZ8xX9cC0vB1nN2mQ3wE4rR5tT6yY7uU8iI9oO0pP1aS2dF3gG4hH5jJ6kK7lL8zX9cV0bN1nM2qW3eR4tT5yU6iI7oO8pP9aS0dF1gG2hH3jJ4kK5lL6zZ7xX8cC9vV0bB1nN2mM3qW4eR5tT6yU7iI8oO9pP0aS1dF2gG3hH4jJ5kK6lL7zZ8xX9cC0vB1nN2mQ3wE4rR5tT6yY7uU8iI9oO0pP1aS2dF3gG4hH5jJ6kK7l4hH5jJ6kK7lL8zX9cV0bN1nM2qW3eR4tT5yU6iI7oO8pP9aS0dF1gG2hH3jJ4kK5lL6zZ7xX8cC9vV0bB1nN2mM3qW4eR5tT6yU7iI8oO9pP0aS1dF2gG3hH4jJ5kK6lL7zZ8xX9cC0vB1nN2mQ3wE4rR5tT6yY7uU8iI9oO0pP1aS2dF3gG4hH5jJ6kK7lL8zX9cV0bN1nM2qW3eR4tT5yU6iI7oO8pP9aS0dF1gG2hH3jJ4kK5lL6zZ7xX8cC9vV0bB1nN2mM3qW4eR5tT6yU7iI8oO9pP0aS1dF2gG3hH4jJ5kK6lL7zZ8xX9cC0vB1nN2mQ3wE4rR5tT6yY7uU8iI9oO0pP1aS2dF3gG4hH5jJ6kK7l4hH5jJ6kK7lL8zX9cV0bN1nM2qW3eR4tT5yU6iI7oO8pP9aS0dF1gG2hH3jJ4kK5lL6z7nB9vR2mX8kLp4QjW3tY5zH1aG6sF9dD0fS8gA7hJ6kL5mN4bV3vC2xZ1oP9iU8uY7tT6rR5eE4wW3qQ2aZ1sX2dC3fV4gB5hN6jM7kL8pO9iU0yT1rE2wQ3aS4dF5gG6hH7jJ8kK9lL0zZ1xX2cC3vV4bB5nN6mM7qQ8wW9eE0rR1tT2yY3uU4iI5oO6pP7aA8sS9dD0fF1gG2hH3jJ4kK5lL6zZ7xX8cC9vV0bB1nN2mM3qW4eR5tT6yU7iI8oO9pP0aS1dF2gG3hH4jJ5kK6lL7zZ8xX9cC0vB1nN2mQ3wE4rR5tT6yY7uU8iI9oO0pP1aS2dF3gG4hH5jJ6kK7lL8zX9cV0bN1nM2qW3eR4tT5yU6iI7oO8pP9aS0dF1gG2hH3jJ4kK5lL6zZ7xX8cC9vV0bB1nN2mM3qW4eR5tT6yU7iI8oO9pP0aS1dF2gG3hH4jJ5kK6lL7zZ8xX9cC0vB1nN2mQ3wE4rR5tT6yY7uU8iI9oO0pP1aS2dF3gG4hH5jJ6kK7lL8zX9cV0bN1nM2qW3eR4tT5yU6iI7oO8pP9aS0dF1gG2hH3jJ4kK5lL6zZ7xX8cC9vV0bB1nN2mM3qW4eR5tT6yU7iI8oO9pP0aS1dF2gG3hH4jJ5kK6lL7zZ8xX9cC0vB1nN2mQ3wE4rR5tT6yY7uU8iI9oO0pP1aS2dF3gG4hH5jJ6kK7lL8zX9cV0bN1nM2qW3eR4tT5yU6iI7oO8pP9aS0dF1gG2hH3jJ4kK5lL6zZ7xX8cC9vV0bB1nN2mM3qW4eR5tT6yU7iI8oO9pP0aS1dF2gG3hH4jJ5kK6lL7zZ8xX9cC0vB1nN2mQ3wE4rR5tT6yY7uU8iI9oO0pP1aS2dF3gG4hH5jJ6kK7lL8zX9cV0bN1nM2qW3eR4tT5yU6iI7oO8pP9aS0dF1gG2hH3jJ4kK5lL6zZ7xX8cC9vV0bB1nN2mM3qW4eR5tT6yU7iI8oO9pP0aS1dF2gG3hH4jJ5kK6lL7zZ8xX9cC0vB1nN2mQ3wE4rR5tT6yY7uU8iI9oO0pP1aS2dF3gG4hH5jJ6kK7l4hH5jJ6kK7lL8zX9cV0bN1nM2qW3eR4tT5yU6iI7oO8pP9aS0dF1gG2hH3jJ4kK5lL6zZ7xX8cC9vV0bB1nN2mM3qW4eR5tT6yU7iI8oO9pP0aS1dF2gG3hH4jJ5kK6lL7zZ8xX9cC0vB1nN2mQ3wE4rR5tT6yY7uU8iI9oO0pP1aS2dF3gG4hH5jJ6kK7lL8zX9cV0bN1nM2qW3eR4tT5yU6iI7oO8pP9aS0dF1gG2hH3jJ4kK5lL6zZ7xX8cC9vV0bB1nN2mM3qW4eR5tT6yU7iI8oO9pP0aS1dF2gG3hH4jJ5kK6lL7zZ8xX9cC0vB1nN2mQ3wE4rR5tT6yY7uU8iI9oO0pP1aS2dF3gG4hH5jJ6kK7l4hH5jJ6kK7lL8zX9cV0bN1nM2qW3eR4tT5yU6iI7oO8pP9aS0dF1gG2hH3jJ4kK5lL6zZ7xX8cC9vV0bB1nN2mM3qW4eR5tT6yU7iI8oO9pP0aS1dF2gG3hH4jJ5kK6lL7zZ8xX9cC0vB1nN2mQ3wE4rR5tT6yY7uU8iI9oO0pP1aS2dF3gG4hH5jJ6kK7lL8zX9cV0bN1nM2qW3eR4tT5yU6iI7oO8pP9aS0dF1gG2hH3jJ4kK5lL6zZ7xX8cC9vV0bB1nN2mM3qW4eR5tT6yU7iI8oO9pP0aS1dF2gG3hH4jJ5kK6lL7zZ8xX9cC0vB1nN2mQ3wE4rR5tT6yY7uU8iI9oO0pP1aS2dF3gG4hH5jJ6kK7l4hH5jJ6kK7lL8zX9cV0bN1nM2qW3eR4tT5yU6iI7oO8pP9aS0dF1gG2hH3jJ4kK5lL6zZ7xX8cC9vV0bB1nN2mM3qW4eR5tT6yU7iI8oO9pP0aS1dF2gG3hH4jJ5kK6lL7zZ8xX9cC0vB1nN2mQ3wE4rR5tT6yY7uU8iI9oO0pP1aS2dF3gG4hH5jJ6kK7lL8zX9cV0bN1nM2qW3eR4tT5yU6iI7oO8pP9aS0dF1gG2hH3jJ4kK5lL6zZ7xX8cC9vV0bB1nN2mM3qW4eR5tT6yU7iI8oO9pP0aS1dF2gG3hH4jJ5kK6lL7zZ8xX9cC0vB1nN2mQ3wE4rR5tT6yY7uU8iI9oO0pP1aS2dF3gG4hH5jJ6kK7l4hH5jJ6kK7lL8zX9cV0bN1nM2qW3eR4tT5yU6iI7oO8pP9aS0dF1gG2hH3jJ4kK5lL6zZ7xX8cC9vV0bB1nN2mM3qW4eR5tT6yU7iI8oO9pP0aS1dF2gG3hH4jJ5kK6lL7zZ8xX9cC0vB1nN2mQ3wE4rR5tT6yY7uU8iI9oO0pP1aS2dF3gG4hH5jJ6kK7lL8zX9cV0bN1nM2qW3eR4tT5yU6iI7oO8pP9aS0dF1gG2hH3jJ4kK5lL6zZ7xX8cC9vV0bB1nN2mM3qW4eR5tT6yU7iI8oO9pP0aS1dF2gG3hH4jJ5kK6lL7zZ8xX9cC0vB1nN2mQ3wE4rR5tT6yY7uU8iI9oO0pP1aS2dF3gG4hH5jJ6kK7l4hH5jJ6kK7lL8zX9cV0bN1nM2qW3eR4tT5yU6iI7oO8pP9aS0dF1gG2hH3jJ4kK5lL6zZ7xX8cC9vV0bB1nN2mM3qW4eR5tT6yU7iI8oO9pP0aS1dF2gG3hH4jJ5kK6lL7zZ8xX9cC0vB1nN2mQ3wE4rR5tT6yY7uU8iI9oO0pP1aS2dF3gG4hH5jJ6kK7lL8zX9cV0bN1nM2qW3eR4tT5yU6iI7oO8pP9aS0dF1gG2hH3jJ4kK5lL6zZ7xX8cC9vV0bB1nN2mM3qW4eR5tT6yU7iI8oO9pP0aS1dF2gG3hH4jJ5kK6lL7zZ8xX9cC0vB1nN2mQ3wE4rR5tT6yY7uU8iI9oO0pP1aS2dF3gG4hH5jJ6kK7l4hH5jJ6kK7lL8zX9cV0bN1nM2qW3eR4tT5yU6iI7oO8pP9aS0dF1gG2hH3jJ4kK5lL6zZ7xX8cC9vV0bB1nN2mM3qW4eR5tT6yU7iI8oO9pP0aS1dF2gG3hH4jJ5kK6lL7zZ8xX9cC0vB1nN2mQ3wE4rR5tT6yY7uU8iI9oO0pP1aS2dF3gG4hH5jJ6kK7lL8zX9cV0bN1nM2qW3eR4tT5yU6iI7oO8pP9aS0dF1gG2hH3jJ4kK5lL6zZ7xX8cC9vV0bB1nN2mM3qW4eR5tT6yU7iI8oO9pP0aS1dF2gG3hH4jJ5kK6lL7zZ8xX9cC0vB1nN2mQ3wE4rR5tT6yY7uU8iI9oO0pP1aS2dF3gG4hH5jJ6kK7l4hH5jJ6kK7lL8zX9cV0bN1nM2qW3eR4tT5yU6iI7oO8pP9aS0dF1gG2hH3jJ4kK5lL6zZ7xX8cC9vV0bB1nN2mM3qW4eR5tT6yU7iI8oO9pP0aS1dF2gG3hH4jJ5kK6lL7zZ8xX9cC0vB1nN2mQ3wE4rR5tT6yY7uU8iI9oO0pP1aS2dF3gG4hH5jJ6kK7lL8zX9cV0bN1nM2qW3eR4tT5yU6iI7oO8pP9aS0dF1gG2hH3jJ4kK5lL6zZ7xX8cC9vV0bB1nN2mM3qW4eR5tT6yU7iI8oO9pP0aS1dF2gG3hH4jJ5kK6lL7zZ8xX9cC0vB1nN2mQ3wE4rR5tT6yY7uU8iI9oO0pP1aS2dF3gG4hH5jJ6kK7l4hH5jJ6kK7lL8zX9cV0bN1nM2qW3eR4tT5yU6iI7oO8pP9aS0dF1gG2hH3jJ4kK5lL6z7nB9vR2mX8kLp4QjW3tY5zH1aG6sF9dD0fS8gA7hJ6kL5mN4bV3vC2xZ1oP9iU8uY7tT6rR5eE4wW3qQ2aZ1sX2dC3fV4gB5hN6jM7kL8pO9iU0yT1rE2wQ3aS4dF5gG6hH7jJ8kK9lL0zZ1xX2cC3vV4bB5nN6mM7qQ8wW9eE0rR1tT2yY3uU4iI5oO6pP7aA8sS9dD0fF1gG2hH3jJ4kK5lL6zZ7xX8cC9vV0bB1nN2mM3qW4eR5tT6yU7iI8oO9pP0aS1dF2gG3hH4jJ5kK6lL7zZ8xX9cC0vB1nN2mQ3wE4rR5tT6yY7uU8iI9oO0pP1aS2dF3gG4hH5jJ6kK7lL8zX9cV0bN1nM2qW3eR4tT5yU6iI7oO8pP9aS0dF1gG2hH3jJ4kK5lL6zZ7xX8cC9vV0bB1nN2mM3qW4eR5tT6yU7iI8oO9pP0aS1dF2gG3hH4jJ5kK6lL7zZ8xX9cC0vB1nN2mQ3wE4rR5tT6yY7uU8iI9oO0pP1aS2dF3gG4hH5jJ6kK7lL8zX9cV0bN1nM2qW3eR4tT5yU6iI7oO8pP9aS0dF1gG2hH3jJ4kK5lL6zZ7xX8cC9vV0bB1nN2mM3qW4eR5tT6yU7iI8oO9pP0aS1dF2gG3hH4jJ5kK6lL7zZ8xX9cC0vB1nN2mQ3wE4rR5tT6yY7uU8iI9oO0pP1aS2dF3gG4hH5jJ6kK7lL8zX9cV0bN1nM2qW3eR4tT5yU6iI7oO8pP9aS0dF1gG2hH3jJ4kK5lL6zZ7xX8cC9vV0bB1nN2mM3qW4eR5tT6yU7iI8oO9pP0aS1dF2gG3hH4jJ5kK6lL7zZ8xX9cC0vB1nN2mQ3wE4rR5tT6yY7uU8iI9oO0pP1aS2dF3gG4hH5jJ6kK7lL8zX9cV0bN1nM2qW3eR4tT5yU6iI7oO8pP9aS0dF1gG2hH3jJ4kK5lL6zZ7xX8cC9vV0bB1nN2mM3qW4eR5tT6yU7iI8oO9pP0aS1dF2gG3hH4jJ5kK6lL7zZ8xX9cC0vB1nN2mQ3wE4rR5tT6yY7uU8iI9oO0pP1aS2dF3gG4hH5jJ6kK7l4hH5jJ6kK7lL8zX9cV0bN1nM2qW3eR4tT5yU6iI7oO8pP9aS0dF1gG2hH3jJ4kK5lL6zZ7xX8cC9vV0bB1nN2mM3qW4eR5tT6yU7iI8oO9pP0aS1dF2gG3hH4jJ5kK6lL7zZ8xX9cC0vB1nN2mQ3wE4rR5tT6yY7uU8iI9oO0pP1aS2dF3gG4hH5jJ6kK7lL8zX9cV0bN1nM2qW3eR4tT5yU6iI7oO8pP9aS0dF1gG2hH3jJ4kK5lL6zZ7xX8cC9vV0bB1nN2mM3qW4eR5tT6yU7iI8oO9pP0aS1dF2gG3hH4jJ5kK6lL7zZ8xX9cC0vB1nN2mQ3wE4rR5tT6yY7uU8iI9oO0pP1aS2dF3gG4hH5jJ6kK7l4hH5jJ6kK7lL8zX9cV0bN1nM2qW3eR4tT5yU6iI7oO8pP9aS0dF1gG2hH3jJ4kK5lL6zZ7xX8cC9vV0bB1nN2mM3qW4eR5tT6yU7iI8oO9pP0aS1dF2gG3hH4jJ5kK6lL7zZ8xX9cC0vB1nN2mQ3wE4rR5tT6yY7uU8iI9oO0pP1aS2dF3gG4hH5jJ6kK7lL8zX9cV0bN1nM2qW3eR4tT5yU6iI7oO8pP9aS0dF1gG2hH3jJ4kK5lL6zZ7xX8cC9vV0bB1nN2mM3qW4eR5tT6yU7iI8oO9pP0aS1dF2gG3hH4jJ5kK6lL7zZ8xX9cC0vB1nN2mQ3wE4rR5tT6yY7uU8iI9oO0pP1aS2dF3gG4hH5jJ6kK7l4hH5jJ6kK7lL8zX9cV0bN1nM2qW3eR4tT5yU6iI7oO8pP9aS0dF1gG2hH3jJ4kK5lL6zZ7xX8cC9vV0bB1nN2mM3qW4eR5tT6yU7iI8oO9pP0aS1dF2gG3hH4jJ5kK6lL7zZ8xX9cC0vB1nN2mQ3wE4rR5tT6yY7uU8iI9oO0pP1aS2dF3gG4hH5jJ6kK7lL8zX9cV0bN1nM2qW3eR4tT5yU6iI7oO8pP9aS0dF1gG2hH3jJ4kK5lL6zZ7xX8cC9vV0bB1nN2mM3qW4eR5tT6yU7iI8oO9pP0aS1dF2gG3hH4jJ5kK6lL7zZ8xX9cC0vB1nN2mQ3wE4rR5tT6yY7uU8iI9oO0pP1aS2dF3gG4hH5jJ6kK7l4hH5jJ6kK7lL8zX9cV0bN1nM2qW3eR4tT5yU6iI7oO8pP9aS0dF1gG2hH3jJ4kK5lL6zZ7xX8cC9vV0bB1nN2mM3qW4eR5tT6yU7iI8oO9pP0aS1dF2gG3hH4jJ5kK6lL7zZ8xX9cC0vB1nN2mQ3wE4rR5tT6yY7uU8iI9oO0pP1aS2dF3gG4hH5jJ6kK7lL8zX9cV0bN1nM2qW3eR4tT5yU6iI7oO8pP9aS0dF1gG2hH3jJ4kK5lL6zZ7xX8cC9vV0bB1nN2mM3qW4eR5tT6yU7iI8oO9pP0aS1dF2gG3hH4jJ5kK6lL7zZ8xX9cC0vB1nN2mQ3wE4rR5tT6yY7uU8iI9oO0pP1aS2dF3gG4hH5jJ6kK7l4hH5jJ6kK7lL8zX9cV0bN1nM2qW3eR4tT5yU6iI7oO8pP9aS0dF1gG2hH3jJ4kK5lL6zZ7xX8cC9vV0bB1nN2mM3qW4eR5tT6yU7iI8oO9pP0aS1dF2gG3hH4jJ5kK6lL7zZ8xX9cC0vB1nN2mQ3wE4rR5tT6yY7uU8iI9oO0pP1aS2dF3gG4hH5jJ6kK7lL8zX9cV0bN1nM2qW3eR4tT5yU6iI7oO8pP9aS0dF1gG2hH3jJ4kK5lL6zZ7xX8cC9vV0bB1nN2mM3qW4eR5tT6yU7iI8oO9pP0aS1dF2gG3hH4jJ5kK6lL7zZ8xX9cC0vB1nN2mQ3wE4rR5tT6yY7uU8iI9oO0pP1aS2dF3gG4hH5jJ6kK7l4hH5jJ6kK7lL8zX9cV0bN1nM2qW3eR4tT5yU6iI7oO8pP9aS0dF1gG2hH3jJ4kK5lL6zZ7xX8cC9vV0bB1nN2mM3qW4eR5tT6yU7iI8oO9pP0aS1dF2gG3hH4jJ5kK6lL7zZ8xX9cC0vB1nN2mQ3wE4rR5tT6yY7uU8iI9oO0pP1aS2dF3gG4hH5jJ6kK7lL8zX9cV0bN1nM2qW3eR4tT5yU6iI7oO8pP9aS0dF1gG2hH3jJ4kK5lL6zZ7xX8cC9vV0bB1nN2mM3qW4eR5tT6yU7iI8oO9pP0aS1dF2gG3hH4jJ5kK6lL7zZ8xX9cC0vB1nN2mQ3wE4rR5tT6yY7uU8iI9oO0pP1aS2dF3gG4hH5jJ6kK7l4hH5jJ6kK7lL8zX9cV0bN1nM2qW3eR4tT5yU6iI7oO8pP9aS0dF1gG2hH3jJ4kK5lL6zZ7xX8cC9vV0bB1nN2mM3qW4eR5tT6yU7iI8oO9pP0aS1dF2gG3hH4jJ5kK6lL7zZ8xX9cC0vB1nN2mQ3wE4rR5tT6yY7uU8iI9oO0pP1aS2dF3gG4hH5jJ6kK7lL8zX9cV0bN1nM2qW3eR4tT5yU6iI7oO8pP9aS0dF1gG2hH3jJ4kK5lL6zZ7xX8cC9vV0bB1nN2mM3qW4eR5tT6yU7iI8oO9pP0aS1dF2gG3hH4jJ5kK6lL7zZ8xX9cC0vB1nN2mQ3wE4rR5tT6yY7uU8iI9oO0pP1aS2dF3gG4hH5jJ6kK7l4hH5jJ6kK7lL8zX9cV0bN1nM2qW3eR4tT5yU6iI7oO8pP9aS0dF1gG2hH3jJ4kK5lL6z7nB9vR2mX8kLp4QjW3tY5zH1aG6sF9dD0fS8gA7hJ6kL5mN4bV3vC2xZ1oP9iU8uY7tT6rR5eE4wW3qQ2aZ1sX2dC3fV4gB5hN6jM7kL8pO9iU0yT1rE2wQ3aS4dF5gG6hH7jJ8kK9lL0zZ1xX2cC3vV4bB5nN6mM7qQ8wW9eE0rR1tT2yY3uU4iI5oO6pP7aA8sS9dD0fF1gG2hH3jJ4kK5lL6zZ7xX8cC9vV0bB1nN2mM3qW4eR5tT6yU7iI8oO9pP0aS1dF2gG3hH4jJ5kK6lL7zZ8xX9cC0vB1nN2mQ3wE4rR5tT6yY7uU8iI9oO0pP1aS2dF3gG4hH5jJ6kK7lL8zX9cV0bN1nM2qW3eR4tT5yU6iI7oO8pP9aS0dF1gG2hH3jJ4kK5lL6zZ7xX8cC9vV0bB1nN2mM3qW4eR5tT6yU7iI8oO9pP0aS1dF2gG3hH4jJ5kK6lL7zZ8xX9cC0vB1nN2mQ3wE4rR5tT6yY7uU8iI9oO0pP1aS2dF3gG4hH5jJ6kK7lL8zX9cV0bN1nM2qW3eR4tT5yU6iI7oO8pP9aS0dF1gG2hH3jJ4kK5lL6zZ7xX8cC9vV0bB1nN2mM3qW4eR5tT6yU7iI8oO9pP0aS1dF2gG3hH4jJ5kK6lL7zZ8xX9cC0vB1nN2mQ3wE4rR5tT6yY7uU8iI9oO0pP1aS2dF3gG4hH5jJ6kK7lL8zX9cV0bN1nM2qW3eR4tT5yU6iI7oO8pP9aS0dF1gG2hH3jJ4kK5lL6zZ7xX8cC9vV0bB1nN2mM3qW4eR5tT6yU7iI8oO9pP0aS1dF2gG3hH4jJ5kK6lL7zZ8xX9cC0vB1nN2mQ3wE4rR5tT6yY7uU8iI9oO0pP1aS2dF3gG4hH5jJ6kK7lL8zX9cV0bN1nM2qW3eR4tT5yU6iI7oO8pP9aS0dF1gG2hH3jJ4kK5lL6zZ7xX8cC9vV0bB1nN2mM3qW4eR5tT6yU7iI8oO9pP0aS1dF2gG3hH4jJ5kK6lL7zZ8xX9cC0vB1nN2mQ3wE4rR5tT6yY7uU8iI9oO0pP1aS2dF3gG4hH5jJ6kK7l4hH5jJ6kK7lL8zX9cV0bN1nM2qW3eR4tT5yU6iI7oO8pP9aS0dF1gG2hH3jJ4kK5lL6zZ7xX8cC9vV0bB1nN2mM3qW4eR5tT6yU7iI8oO9pP0aS1dF2gG3hH4jJ5kK6lL7zZ8xX9cC0vB1nN2mQ3wE4rR5tT6yY7uU8iI9oO0pP1aS2dF3gG4hH5jJ6kK7lL8zX9cV0bN1nM2qW3eR4tT5yU6iI7oO8pP9aS0dF1gG2hH3jJ4kK5lL6zZ7xX8cC9vV0bB1nN2mM3qW4eR5tT6yU7iI8oO9pP0aS1dF2gG3hH4jJ5kK6lL7zZ8xX9cC0vB1nN2mQ3wE4rR5tT6yY7uU8iI9oO0pP1aS2dF3gG4hH5jJ6kK7l4hH5jJ6kK7lL8zX9cV0bN1nM2qW3eR4tT5yU6iI7oO8pP9aS0dF1gG2hH3jJ4kK5lL6zZ7xX8cC9vV0bB1nN2mM3qW4eR5tT6yU7iI8oO9pP0aS1dF2gG3hH4jJ5kK6lL7zZ8xX9cC0vB1nN2mQ3wE4rR5tT6yY7uU8iI9oO0pP1aS2dF3gG4hH5jJ6kK7lL8zX9cV0bN1nM2qW3eR4tT5yU6iI7oO8pP9aS0dF1gG2hH3jJ4kK5lL6zZ7xX8cC9vV0bB1nN2mM3qW4eR5tT6yU7iI8oO9pP0aS1dF2gG3hH4jJ5kK6lL7zZ8xX9cC0vB1nN2mQ3wE4rR5tT6yY7uU8iI9oO0pP1aS2dF3gG4hH5jJ6kK7l4hH5jJ6kK7lL8zX9cV0bN1nM2qW3eR4tT5yU6iI7oO8pP9aS0dF1gG2hH3jJ4kK5lL6zZ7xX8cC9vV0bB1nN2mM3qW4eR5tT6yU7iI8oO9pP0aS1dF2gG3hH4jJ5kK6lL7zZ8xX9cC0vB1nN2mQ3wE4rR5tT6yY7uU8iI9oO0pP1aS2dF3gG4hH5jJ6kK7lL8zX9cV0bN1nM2qW3eR4tT5yU6iI7oO8pP9aS0dF1gG2hH3jJ4kK5lL6zZ7xX8cC9vV0bB1nN2mM3qW4eR5tT6yU7iI8oO9pP0aS1dF2gG3hH4jJ5kK6lL7zZ8xX9cC0vB1nN2mQ3wE4rR5tT6yY7uU8iI9oO0pP1aS2dF3gG4hH5jJ6kK7l4hH5jJ6kK7lL8zX9cV0bN1nM2qW3eR4tT5yU6iI7oO8pP9aS0dF1gG2hH3jJ4kK5lL6zZ7xX8cC9vV0bB1nN2mM3qW4eR5tT6yU7iI8oO9pP0aS1dF2gG3hH4jJ5kK6lL7zZ8xX9cC0vB1nN2mQ3wE4rR5tT6yY7uU8iI9oO0pP1aS2dF3gG4hH5jJ6kK7lL8zX9cV0bN1nM2qW3eR4tT5yU6iI7oO8pP9aS0dF1gG2hH3jJ4kK5lL6zZ7xX8cC9vV0bB1nN2mM3qW4eR5tT6yU7iI8oO9pP0aS1dF2gG3hH4jJ5kK6lL7zZ8xX9cC0vB1nN2mQ3wE4rR5tT6yY7uU8iI9oO0pP1aS2dF3gG4hH5jJ6kK7l4hH5jJ6kK7lL8zX9cV0bN1nM2qW3eR4tT5yU6iI7oO8pP9aS0dF1gG2hH3jJ4kK5lL6zZ7xX8cC9vV0bB1nN2mM3qW4eR5tT6yU7iI8oO9pP0aS1dF2gG3hH4jJ5kK6lL7zZ8xX9cC0vB1nN2mQ3wE4rR5tT6yY7uU8iI9oO0pP1aS2dF3gG4hH5jJ6kK7lL8zX9cV0bN1nM2qW3eR4tT5yU6iI7oO8pP9aS0dF1gG2hH3jJ4kK5lL6zZ7xX8cC9vV0bB1nN2mM3qW4eR5tT6yU7iI8oO9pP0aS1dF2gG3hH4jJ5kK6lL7zZ8xX9cC0vB1nN2mQ3wE4rR5tT6yY7uU8iI9oO0pP1aS2dF3gG4hH5jJ6kK7l4hH5jJ6kK7lL8zX9cV0bN1nM2qW3eR4tT5yU6iI7oO8pP9aS0dF1gG2hH3jJ4kK5lL6zZ7xX8cC9vV0bB1nN2mM3qW4eR5tT6yU7iI8oO9pP0aS1dF2gG3hH4jJ5kK6lL7zZ8xX9cC0vB1nN2mQ3wE4rR5tT6yY7uU8iI9oO0pP1aS2dF3gG4hH5jJ6kK7lL8zX9cV0bN1nM2qW3eR4tT5yU6iI7oO8pP9aS0dF1gG2hH3jJ4kK5lL6zZ7xX8cC9vV0bB1nN2mM3qW4eR5tT6yU7iI8oO9pP0aS1dF2gG3hH4jJ5kK6lL7zZ8xX9cC0vB1nN2mQ3wE4rR5tT6yY7uU8iI9oO0pP1aS2dF3gG4hH5jJ6kK7l4hH5jJ6kK7lL8zX9cV0bN1nM2qW3eR4tT5yU6iI7oO8pP9aS0dF1gG2hH3jJ4kK5lL6zZ7xX8cC9vV0bB1nN2mM3qW4eR5tT6yU7iI8oO9pP0aS1dF2gG3hH4jJ5kK6lL7zZ8xX9cC0vB1nN2mQ3wE4rR5tT6yY7uU8iI9oO0pP1aS2dF3gG4hH5jJ6kK7lL8zX9cV0bN1nM2qW3eR4tT5yU6iI7oO8pP9aS0dF1gG2hH3jJ4kK5lL6zZ7xX8cC9vV0bB1nN2mM3qW4eR5tT6yU7iI8oO9pP0aS1dF2gG3hH4jJ5kK6lL7zZ8xX9cC0vB1nN2mQ3wE4rR5tT6yY7uU8iI9oO0pP1aS2dF3gG4hH5jJ6kK7l4hH5jJ6kK7lL8zX9cV0bN1nM2qW3eR4tT5yU6iI7oO8pP9aS0dF1gG2hH3jJ4kK5lL6z7nB9vR2mX8kLp4QjW3tY5zH1aG6sF9dD0fS8gA7hJ6kL5mN4bV3vC2xZ1oP9iU8uY7tT6rR5eE4wW3qQ2aZ1sX2dC3fV4gB5hN6jM7kL8pO9iU0yT1rE2wQ3aS4dF5gG6hH7jJ8kK9lL0zZ1xX2cC3vV4bB5nN6mM7qQ8wW9eE0rR1tT2yY3uU4iI5oO6pP7aA8sS9dD0fF1gG2hH3jJ4kK5lL6zZ7xX8cC9vV0bB1nN2mM3qW4eR5tT6yU7iI8oO9pP0aS1dF2gG3hH4jJ5kK6lL7zZ8xX9cC0vB1nN2mQ3wE4rR5tT6yY7uU8iI9oO0pP1aS2dF3gG4hH5jJ6kK7lL8zX9cV0bN1nM2qW3eR4tT5yU6iI7oO8pP9aS0dF1gG2hH3jJ4kK5lL6zZ7xX8cC9vV0bB1nN2mM3qW4eR5tT6yU7iI8oO9pP0aS1dF2gG3hH4jJ5kK6lL7zZ8xX9cC0vB1nN2mQ3wE4rR5tT6yY7uU8iI9oO0pP1aS2dF3gG4hH5jJ6kK7lL8zX9cV0bN1nM2qW3eR4tT5yU6iI7oO8pP9aS0dF1gG2hH3jJ4kK5lL6zZ7xX8cC9vV0bB1nN2mM3qW4eR5tT6yU7iI8oO9pP0aS1dF2gG3hH4jJ5kK6lL7zZ8xX9cC0vB1nN2mQ3wE4rR5tT6yY7uU8iI9oO0pP1aS2dF3gG4hH5jJ6kK7lL8zX9cV0bN1nM2qW3eR4tT5yU6iI7oO8pP9aS0dF1gG2hH3jJ4kK5lL6zZ7xX8cC9vV0bB1nN2mM3qW4eR5tT6yU7iI8oO9pP0aS1dF2gG3hH4jJ5kK6lL7zZ8xX9cC0vB1nN2mQ3wE4rR5tT6yY7uU8iI9oO0pP1aS2dF3gG4hH5jJ6kK7lL8zX9cV0bN1nM2qW3eR4tT5yU6iI7oO8pP9aS0dF1gG2hH3jJ4kK5lL6zZ7xX8cC9vV0bB1nN2mM3qW4eR5tT6yU7iI8oO9pP0aS1dF2gG3hH4jJ5kK6lL7zZ8xX9cC0vB1nN2mQ3wE4rR5tT6yY7uU8iI9oO0pP1aS2dF3gG4hH5jJ6kK7l4hH5jJ6kK7lL8zX9cV0bN1nM2qW3eR4tT5yU6iI7oO8pP9aS0dF1gG2hH3jJ4kK5lL6zZ7xX8cC9vV0bB1nN2mM3qW4eR5tT6yU7iI8oO9pP0aS1dF2gG3hH4jJ5kK6lL7zZ8xX9cC0vB1nN2mQ3wE4rR5tT6yY7uU8iI9oO0pP1aS2dF3gG4hH5jJ6kK7lL8zX9cV0bN1nM2qW3eR4tT5yU6iI7oO8pP9aS0dF1gG2hH3jJ4kK5lL6zZ7xX8cC9vV0bB1nN2mM3qW4eR5tT6yU7iI8oO9pP0aS1dF2gG3hH4jJ5kK6lL7zZ8xX9cC0vB1nN2mQ3wE4rR5tT6yY7uU8iI9oO0pP1aS2dF3gG4hH5jJ6kK7l4hH5jJ6kK7lL8zX9cV0bN1nM2qW3eR4tT5yU6iI7oO8pP9aS0dF1gG2hH3jJ4kK5lL6zZ7xX8cC9vV0bB1nN2mM3qW4eR5tT6yU7iI8oO9pP0aS1dF2gG3hH4jJ5kK6lL7zZ8xX9cC0vB1nN2mQ3wE4rR5tT6yY7uU8iI9oO0pP1aS2dF3gG4hH5jJ6kK7lL8zX9cV0bN1nM2qW3eR4tT5yU6iI7oO8pP9aS0dF1gG2hH3jJ4kK5lL6zZ7xX8cC9vV0bB1nN2mM3qW4eR5tT6yU7iI8oO9pP0aS1dF2gG3hH4jJ5kK6lL7zZ8xX9cC0vB1nN2mQ3wE4rR5tT6yY7uU8iI9oO0pP1aS2dF3gG4hH5jJ6kK7l4hH5jJ6kK7lL8zX9cV0bN1nM2qW3eR4tT5yU6iI7oO8pP9aS0dF1gG2hH3jJ4kK5lL6zZ7xX8cC9vV0bB1nN2mM3qW4eR5tT6yU7iI8oO9pP0aS1dF2gG3hH4jJ5kK6lL7zZ8xX9cC0vB1nN2mQ3wE4rR5tT6yY7uU8iI9oO0pP1aS2dF3gG4hH5jJ6kK7lL8zX9cV0bN1nM2qW3eR4tT5yU6iI7oO8pP9aS0dF1gG2hH3jJ4kK5lL6zZ7xX8cC9vV0bB1nN2mM3qW4eR5tT6yU7iI8oO9pP0aS1dF2gG3hH4jJ5kK6lL7zZ8xX9cC0vB1nN2mQ3wE4rR5tT6yY7uU8iI9oO0pP1aS2dF3gG4hH5jJ6kK7l4hH5jJ6kK7lL8zX9cV0bN1nM2qW3eR4tT5yU6iI7oO8pP9aS0dF1gG2hH3jJ4kK5lL6zZ7xX8cC9vV0bB1nN2mM3qW4eR5tT6yU7iI8oO9pP0aS1dF2gG3hH4jJ5kK6lL7zZ8xX9cC0vB1nN2mQ3wE4rR5tT6yY7uU8iI9oO0pP1aS2dF3gG4hH5jJ6kK7lL8zX9cV0bN1nM2qW3eR4tT5yU6iI7oO8pP9aS0dF1gG2hH3jJ4kK5lL6zZ7xX8cC9vV0bB1nN2mM3qW4eR5tT6yU7iI8oO9pP0aS1dF2gG3hH4jJ5kK6lL7zZ8xX9cC0vB1nN2mQ3wE4rR5tT6yY7uU8iI9oO0pP1aS2dF3gG4hH5jJ6kK7l4hH5jJ6kK7lL8zX9cV0bN1nM2qW3eR4tT5yU6iI7oO8pP9aS0dF1gG2hH3jJ4kK5lL6zZ7xX8cC9vV0bB1nN2mM3qW4eR5tT6yU7iI8oO9pP0aS1dF2gG3hH4jJ5kK6lL7zZ8xX9cC0vB1nN2mQ3wE4rR5tT6yY7uU8iI9oO0pP1aS2dF3gG4hH5jJ6kK7lL8zX9cV0bN1nM2qW3eR4tT5yU6iI7oO8pP9aS0dF1gG2hH3jJ4kK5lL6zZ7xX8cC9vV0bB1nN2mM3qW4eR5tT6yU7iI8oO9pP0aS1dF2gG3hH4jJ5kK6lL7zZ8xX9cC0vB1nN2mQ3wE4rR5tT6yY7uU8iI9oO0pP1aS2dF3gG4hH5jJ6kK7l4hH5jJ6kK7lL8zX9cV0bN1nM2qW3eR4tT5yU6iI7oO8pP9aS0dF1gG2hH3jJ4kK5lL6zZ7xX8cC9vV0bB1nN2mM3qW4eR5tT6yU7iI8oO9pP0aS1dF2gG3hH4jJ5kK6lL7zZ8xX9cC0vB1nN2mQ3wE4rR5tT6yY7uU8iI9oO0pP1aS2dF3gG4hH5jJ6kK7lL8zX9cV0bN1nM2qW3eR4tT5yU6iI7oO8pP9aS0dF1gG2hH3jJ4kK5lL6zZ7xX8cC9vV0bB1nN2mM3qW4eR5tT6yU7iI8oO9pP0aS1dF2gG3hH4jJ5kK6lL7zZ8xX9cC0vB1nN2mQ3wE4rR5tT6yY7uU8iI9oO0pP1aS2dF3gG4hH5jJ6kK7l4hH5jJ6kK7lL8zX9cV0bN1nM2qW3eR4tT5yU6iI7oO8pP9aS0dF1gG2hH3jJ4kK5lL6zZ7xX8cC9vV0bB1nN2mM3qW4eR5tT6yU7iI8oO9pP0aS1dF2gG3hH4jJ5kK6lL7zZ8xX9cC0vB1nN2mQ3wE4rR5tT6yY7uU8iI9oO0pP1aS2dF3gG4hH5jJ6kK7lL8zX9cV0bN1nM2qW3eR4tT5yU6iI7oO8pP9aS0dF1gG2hH3jJ4kK5lL6zZ7xX8cC9vV0bB1nN2mM3qW4eR5tT6yU7iI8oO9pP0aS1dF2gG3hH4jJ5kK6lL7zZ8xX9cC0vB1nN2mQ3wE4rR5tT6yY7uU8iI9oO0pP1aS2dF3gG4hH5jJ6kK7l4hH5jJ6kK7lL8zX9cV0bN1nM2qW3eR4tT5yU6iI7oO8pP9aS0dF1gG2hH3jJ4kK5lL6z7nB9vR2mX8kLp4QjW3tY5zH1aG6sF9dD0fS8gA7hJ6kL5mN4bV3vC2xZ1oP9iU8uY7tT6rR5eE4wW3qQ2aZ1sX2dC3fV4gB5hN6jM7kL8pO9iU0yT1rE2wQ3aS4dF5gG6hH7jJ8kK9lL0zZ1xX2cC3vV4bB5nN6mM7qQ8wW9eE0rR1tT2yY3uU4iI5oO6pP7aA8sS9dD0fF1gG2hH3jJ4kK5lL6zZ7xX8cC9vV0bB1nN2mM3qW4eR5tT6yU7iI8oO9pP0aS1dF2gG3hH4jJ5kK6lL7zZ8xX9cC0vB1nN2mQ3wE4rR5tT6yY7uU8iI9oO0pP1aS2dF3gG4hH5jJ6kK7lL8zX9cV0bN1nM2qW3eR4tT5yU6iI7oO8pP9aS0dF1gG2hH3jJ4kK5lL6zZ7xX8cC9vV0bB1nN2mM3qW4eR5tT6yU7iI8oO9pP0aS1dF2gG3hH4jJ5kK6lL7zZ8xX9cC0vB1nN2mQ3wE4rR5tT6yY7uU8iI9oO0pP1aS2dF3gG4hH5jJ6kK7lL8zX9cV0bN1nM2qW3eR4tT5yU6iI7oO8pP9aS0dF1gG2hH3jJ4kK5lL6zZ7xX8cC9vV0bB1nN2mM3qW4eR5tT6yU7iI8oO9pP0aS1dF2gG3hH4jJ5kK6lL7zZ8xX9cC0vB1nN2mQ3wE4rR5tT6yY7uU8iI9oO0pP1aS2dF3gG4hH5jJ6kK7lL8zX9cV0bN1nM2qW3eR4tT5yU6iI7oO8pP9aS0dF1gG2hH3jJ4kK5lL6zZ7xX8cC9vV0bB1nN2mM3qW4eR5tT6yU7iI8oO9pP0aS1dF2gG3hH4jJ5kK6lL7zZ8xX9cC0vB1nN2mQ3wE4rR5tT6yY7uU8iI9oO0pP1aS2dF3gG4hH5jJ6kK7lL8zX9cV0bN1nM2qW3eR4tT5yU6iI7oO8pP9aS0dF1gG2hH3jJ4kK5lL6zZ7xX8cC9vV0bB1nN2mM3qW4eR5tT6yU7iI8oO9pP0aS1dF2gG3hH4jJ5kK6lL7zZ8xX9cC0vB1nN2mQ3wE4rR5tT6yY7uU8iI9oO0pP1aS2dF3gG4hH5jJ6kK7l4hH5jJ6kK7lL8zX9cV0bN1nM2qW3eR4tT5yU6iI7oO8pP9aS0dF1gG2hH3jJ4kK5lL6zZ7xX8cC9vV0bB1nN2mM3qW4eR5tT6yU7iI8oO9pP0aS1dF2gG3hH4jJ5kK6lL7zZ8xX9cC0vB1nN2mQ3wE4rR5tT6yY7uU8iI9oO0pP1aS2dF3gG4hH5jJ6kK7lL8zX9cV0bN1nM2qW3eR4tT5yU6iI7oO8pP9aS0dF1gG2hH3jJ4kK5lL6zZ7xX8cC9vV0bB1nN2mM3qW4eR5tT6yU7iI8oO9pP0aS1dF2gG3hH4jJ5kK6lL7zZ8xX9cC0vB1nN2mQ3wE4rR5tT6yY7uU8iI9oO0pP1aS2dF3gG4hH5jJ6kK7l4hH5jJ6kK7lL8zX9cV0bN1nM2qW3eR4tT5yU6iI7oO8pP9aS0dF1gG2hH3jJ4kK5lL6zZ7xX8cC9vV0bB1nN2mM3qW4eR5tT6yU7iI8oO9pP0aS1dF2gG3hH4jJ5kK6lL7zZ8xX9cC0vB1nN2mQ3wE4rR5tT6yY7uU8iI9oO0pP1aS2dF3gG4hH5jJ6kK7lL8zX9cV0bN1nM2qW3eR4tT5yU6iI7oO8pP9aS0dF1gG2hH3jJ4kK5lL6zZ7xX8cC9vV0bB1nN2mM3qW4eR5tT6yU7iI8oO9pP0aS1dF2gG3hH4jJ5kK6lL7zZ8xX9cC0vB1nN2mQ3wE4rR5tT6yY7uU8iI9oO0pP1aS2dF3gG4hH5jJ6kK7l4hH5jJ6kK7lL8zX9cV0bN1nM2qW3eR4tT5yU6iI7oO8pP9aS0dF1gG2hH3jJ4kK5lL6zZ7xX8cC9vV0bB1nN2mM3qW4eR5tT6yU7iI8oO9pP0aS1dF2gG3hH4jJ5kK6lL7zZ8xX9cC0vB1nN2mQ3wE4rR5tT6yY7uU8iI9oO0pP1aS2dF3gG4hH5jJ6kK7lL8zX9cV0bN1nM2qW3eR4tT5yU6iI7oO8pP9aS0dF1gG2hH3jJ4kK5lL6zZ7xX8cC9vV0bB1nN2mM3qW4eR5tT6yU7iI8oO9pP0aS1dF2gG3hH4jJ5kK6lL7zZ8xX9cC0vB1nN2mQ3wE4rR5tT6yY7uU8iI9oO0pP1aS2dF3gG4hH5jJ6kK7l4hH5jJ6kK7lL8zX9cV0bN1nM2qW3eR4tT5yU6iI7oO8pP9aS0dF1gG2hH3jJ4kK5lL6zZ7xX8cC9vV0bB1nN2mM3qW4eR5tT6yU7iI8oO9pP0aS1dF2gG3hH4jJ5kK6lL7zZ8xX9cC0vB1nN2mQ3wE4rR5tT6yY7uU8iI9oO0pP1aS2dF3gG4hH5jJ6kK7lL8zX9cV0bN1nM2qW3eR4tT5yU6iI7oO8pP9aS0dF1gG2hH3jJ4kK5lL6zZ7xX8cC9vV0bB1nN2mM3qW4eR5tT6yU7iI8oO9pP0aS1dF2gG3hH4jJ5kK6lL7zZ8xX9cC0vB1nN2mQ3wE4rR5tT6yY7uU8iI9oO0pP1aS2dF3gG4hH5jJ6kK7l4hH5jJ6kK7lL8zX9cV0bN1nM2qW3eR4tT5yU6iI7oO8pP9aS0dF1gG2hH3jJ4kK5lL6zZ7xX8cC9vV0bB1nN2mM3qW4eR5tT6yU7iI8oO9pP0aS1dF2gG3hH4jJ5kK6lL7zZ8xX9cC0vB1nN2mQ3wE4rR5tT6yY7uU8iI9oO0pP1aS2dF3gG4hH5jJ6kK7lL8zX9cV0bN1nM2qW3eR4tT5yU6iI7oO8pP9aS0dF1gG2hH3jJ4kK5lL6zZ7xX8cC9vV0bB1nN2mM3qW4eR5tT6yU7iI8oO9pP0aS1dF2gG3hH4jJ5kK6lL7zZ8xX9cC0vB1nN2mQ3wE4rR5tT6yY7uU8iI9oO0pP1aS2dF3gG4hH5jJ6kK7l4hH5jJ6kK7lL8zX9cV0bN1nM2qW3eR4tT5yU6iI7oO8pP9aS0dF1gG2hH3jJ4kK5lL6zZ7xX8cC9vV0bB1nN2mM3qW4eR5tT6yU7iI8oO9pP0aS1dF2gG3hH4jJ5kK6lL7zZ8xX9cC0vB1nN2mQ3wE4rR5tT6yY7uU8iI9oO0pP1aS2dF3gG4hH5jJ6kK7lL8zX9cV0bN1nM2qW3eR4tT5yU6iI7oO8pP9aS0dF1gG2hH3jJ4kK5lL6zZ7xX8cC9vV0bB1nN2mM3qW4eR5tT6yU7iI8oO9pP0aS1dF2gG3hH4jJ5kK6lL7zZ8xX9cC0vB1nN2mQ3wE4rR5tT6yY7uU8iI9oO0pP1aS2dF3gG4hH5jJ6kK7l4hH5jJ6kK7lL8zX9cV0bN1nM2qW3eR4tT5yU6iI7oO8pP9aS0dF1gG2hH3jJ4kK5lL6zZ7xX8cC9vV0bB1nN2mM3qW4eR5tT6yU7iI8oO9pP0aS1dF2gG3hH4jJ5kK6lL7zZ8xX9cC0vB1nN2mQ3wE4rR5tT6yY7uU8iI9oO0pP1aS2dF3gG4hH5jJ6kK7lL8zX9cV0bN1nM2qW3eR4tT5yU6iI7oO8pP9aS0dF1gG2hH3jJ4kK5lL6zZ7xX8cC9vV0bB1nN2mM3qW4eR5tT6yU7iI8oO9pP0aS1dF2gG3hH4jJ5kK6lL7zZ8xX9cC0vB1nN2mQ3wE4rR5tT6yY7uU8iI9oO0pP1aS2dF3gG4hH5jJ6kK7l4hH5jJ6kK7lL8zX9cV0bN1nM2qW3eR4tT5yU6iI7oO8pP9aS0dF1gG2hH3jJ4kK5lL6z7nB9vR2mX8kLp4QjW3tY5zH1aG6sF9dD0fS8gA7hJ6kL5mN4bV3vC2xZ1oP9iU8uY7tT6rR5eE4wW3qQ2aZ1sX2dC3fV4gB5hN6jM7kL8pO9iU0yT1rE2wQ3aS4dF5gG6hH7jJ8kK9lL0zZ1xX2cC3vV4bB5nN6mM7qQ8wW9eE0rR1tT2yY3uU4iI5oO6pP7aA8sS9dD0fF1gG2hH3jJ4kK5lL6zZ7xX8cC9vV0bB1nN2mM3qW4eR5tT6yU7iI8oO9pP0aS1dF2gG3hH4jJ5kK6lL7zZ8xX9cC0vB1nN2mQ3wE4rR5tT6yY7uU8iI9oO0pP1aS2dF3gG4hH5jJ6kK7lL8zX9cV0bN1nM2qW3eR4tT5yU6iI7oO8pP9aS0dF1gG2hH3jJ4kK5lL6zZ7xX8cC9vV0bB1nN2mM3qW4eR5tT6yU7iI8oO9pP0aS1dF2gG3hH4jJ5kK6lL7zZ8xX9cC0vB1nN2mQ3wE4rR5tT6yY7uU8iI9oO0pP1aS2dF3gG4hH5jJ6kK7lL8zX9cV0bN1nM2qW3eR4tT5yU6iI7oO8pP9aS0dF1gG2hH3jJ4kK5lL6zZ7xX8cC9vV0bB1nN2mM3qW4eR5tT6yU7iI8oO9pP0aS1dF2gG3hH4jJ5kK6lL7zZ8xX9cC0vB1nN2mQ3wE4rR5tT6yY7uU8iI9oO0pP1aS2dF3gG4hH5jJ6kK7lL8zX9cV0bN1nM2qW3eR4tT5yU6iI7oO8pP9aS0dF1gG2hH3jJ4kK5lL6zZ7xX8cC9vV0bB1nN2mM3qW4eR5tT6yU7iI8oO9pP0aS1dF2gG3hH4jJ5kK6lL7zZ8xX9cC0vB1nN2mQ3wE4rR5tT6yY7uU8iI9oO0pP1aS2dF3gG4hH5jJ6kK7lL8zX9cV0bN1nM2qW3eR4tT5yU6iI7oO8pP9aS0dF1gG2hH3jJ4kK5lL6zZ7xX8cC9vV0bB1nN2mM3qW4eR5tT6yU7iI8oO9pP0aS1dF2gG3hH4jJ5kK6lL7zZ8xX9cC0vB1nN2mQ3wE4rR5tT6yY7uU8iI9oO0pP1aS2dF3gG4hH5jJ6kK7l4hH5jJ6kK7lL8zX9cV0bN1nM2qW3eR4tT5yU6iI7oO8pP9aS0dF1gG2hH3jJ4kK5lL6zZ7xX8cC9vV0bB1nN2mM3qW4eR5tT6yU7iI8oO9pP0aS1dF2gG3hH4jJ5kK6lL7zZ8xX9cC0vB1nN2mQ3wE4rR5tT6yY7uU8iI9oO0pP1aS2dF3gG4hH5jJ6kK7lL8zX9cV0bN1nM2qW3eR4tT5yU6iI7oO8pP9aS0dF1gG2hH3jJ4kK5lL6zZ7xX8cC9vV0bB1nN2mM3qW4eR5tT6yU7iI8oO9pP0aS1dF2gG3hH4jJ5kK6lL7zZ8xX9cC0vB1nN2mQ3wE4rR5tT6yY7uU8iI9oO0pP1aS2dF3gG4hH5jJ6kK7l4hH5jJ6kK7lL8zX9cV0bN1nM2qW3eR4tT5yU6iI7oO8pP9aS0dF1gG2hH3jJ4kK5lL6zZ7xX8cC9vV0bB1nN2mM3qW4eR5tT6yU7iI8oO9pP0aS1dF2gG3hH4jJ5kK6lL7zZ8xX9cC0vB1nN2mQ3wE4rR5tT6yY7uU8iI9oO0pP1aS2dF3gG4hH5jJ6kK7lL8zX9cV0bN1nM2qW3eR4tT5yU6iI7oO8pP9aS0dF1gG2hH3jJ4kK5lL6zZ7xX8cC9vV0bB1nN2mM3qW4eR5tT6yU7iI8oO9pP0aS1dF2gG3hH4jJ5kK6lL7zZ8xX9cC0vB1nN2mQ3wE4rR5tT6yY7uU8iI9oO0pP1aS2dF3gG4hH5jJ6kK7l4hH5jJ6kK7lL8zX9cV0bN1nM2qW3eR4tT5yU6iI7oO8pP9aS0dF1gG2hH3jJ4kK5lL6zZ7xX8cC9vV0bB1nN2mM3qW4eR5tT6yU7iI8oO9pP0aS1dF2gG3hH4jJ5kK6lL7zZ8xX9cC0vB1nN2mQ3wE4rR5tT6yY7uU8iI9oO0pP1aS2dF3gG4hH5jJ6kK7lL8zX9cV0bN1nM2qW3eR4tT5yU6iI7oO8pP9aS0dF1gG2hH3jJ4kK5lL6zZ7xX8cC9vV0bB1nN2mM3qW4eR5tT6yU7iI8oO9pP0aS1dF2gG3hH4jJ5kK6lL7zZ8xX9cC0vB1nN2mQ3wE4rR5tT6yY7uU8iI9oO0pP1aS2dF3gG4hH5jJ6kK7l4hH5jJ6kK7lL8zX9cV0bN1nM2qW3eR4tT5yU6iI7oO8pP9aS0dF1gG2hH3jJ4kK5lL6zZ7xX8cC9vV0bB1nN2mM3qW4eR5tT6yU7iI8oO9pP0aS1dF2gG3hH4jJ5kK6lL7zZ8xX9cC0vB1nN2mQ3wE4rR5tT6yY7uU8iI9oO0pP1aS2dF3gG4hH5jJ6kK7lL8zX9cV0bN1nM2qW3eR4tT5yU6iI7oO8pP9aS0dF1gG2hH3jJ4kK5lL6zZ7xX8cC9vV0bB1nN2mM3qW4eR5tT6yU7iI8oO9pP0aS1dF2gG3hH4jJ5kK6lL7zZ8xX9cC0vB1nN2mQ3wE4rR5tT6yY7uU8iI9oO0pP1aS2dF3gG4hH5jJ6kK7l4hH5jJ6kK7lL8zX9cV0bN1nM2qW3eR4tT5yU6iI7oO8pP9aS0dF1gG2hH3jJ4kK5lL6zZ7xX8cC9vV0bB1nN2mM3qW4eR5tT6yU7iI8oO9pP0aS1dF2gG3hH4jJ5kK6lL7zZ8xX9cC0vB1nN2mQ3wE4rR5tT6yY7uU8iI9oO0pP1aS2dF3gG4hH5jJ6kK7lL8zX9cV0bN1nM2qW3eR4tT5yU6iI7oO8pP9aS0dF1gG2hH3jJ4kK5lL6zZ7xX8cC9vV0bB1nN2mM3qW4eR5tT6yU7iI8oO9pP0aS1dF2gG3hH4jJ5kK6lL7zZ8xX9cC0vB1nN2mQ3wE4rR5tT6yY7uU8iI9oO0pP1aS2dF3gG4hH5jJ6kK7l4hH5jJ6kK7lL8zX9cV0bN1nM2qW3eR4tT5yU6iI7oO8pP9aS0dF1gG2hH3jJ4kK5lL6zZ7xX8cC9vV0bB1nN2mM3qW4eR5tT6yU7iI8oO9pP0aS1dF2gG3hH4jJ5kK6lL7zZ8xX9cC0vB1nN2mQ3wE4rR5tT6yY7uU8iI9oO0pP1aS2dF3gG4hH5jJ6kK7lL8zX9cV0bN1nM2qW3eR4tT5yU6iI7oO8pP9aS0dF1gG2hH3jJ4kK5lL6zZ7xX8cC9vV0bB1nN2mM3qW4eR5tT6yU7iI8oO9pP0aS1dF2gG3hH4jJ5kK6lL7zZ8xX9cC0vB1nN2mQ3wE4rR5tT6yY7uU8iI9oO0pP1aS2dF3gG4hH5jJ6kK7l4hH5jJ6kK7lL8zX9cV0bN1nM2qW3eR4tT5yU6iI7oO8pP9aS0dF1gG2hH3jJ4kK5lL6zZ7xX8cC9vV0bB1nN2mM3qW4eR5tT6yU7iI8oO9pP0aS1dF2gG3hH4jJ5kK6lL7zZ8xX9cC0vB1nN2mQ3wE4rR5tT6yY7uU8iI9oO0pP1aS2dF3gG4hH5jJ6kK7lL8zX9cV0bN1nM2qW3eR4tT5yU6iI7oO8pP9aS0dF1gG2hH3jJ4kK5lL6zZ7xX8cC9vV0bB1nN2mM3qW4eR5tT6yU7iI8oO9pP0aS1dF2gG3hH4jJ5kK6lL7zZ8xX9cC0vB1nN2mQ3wE4rR5tT6yY7uU8iI9oO0pP1aS2dF3gG4hH5jJ6kK7l4hH5jJ6kK7lL8zX9cV0bN1nM2qW3eR4tT5yU6iI7oO8pP9aS0dF1gG2hH3jJ4kK5lL6z7nB9vR2mX8kLp4QjW3tY5zH1aG6sF9dD0fS8gA7hJ6kL5mN4bV3vC2xZ1oP9iU8uY7tT6rR5eE4wW3qQ2aZ1sX2dC3fV4gB5hN6jM7kL8pO9iU0yT1rE2wQ3aS4dF5gG6hH7jJ8kK9lL0zZ1xX2cC3vV4bB5nN6mM7qQ8wW9eE0rR1tT2yY3uU4iI5oO6pP7aA8sS9dD0fF1gG2hH3jJ4kK5lL6zZ7xX8cC9vV0bB1nN2mM3qW4eR5tT6yU7iI8oO9pP0aS1dF2gG3hH4jJ5kK6lL7zZ8xX9cC0vB1nN2mQ3wE4rR5tT6yY7uU8iI9oO0pP1aS2dF3gG4hH5jJ6kK7lL8zX9cV0bN1nM2qW3eR4tT5yU6iI7oO8pP9aS0dF1gG2hH3jJ4kK5lL6zZ7xX8cC9vV0bB1nN2mM3qW4eR5tT6yU7iI8oO9pP0aS1dF2gG3hH4jJ5kK6lL7zZ8xX9cC0vB1nN2mQ3wE4rR5tT6yY7uU8iI9oO0pP1aS2dF3gG4hH5jJ6kK7lL8zX9cV0bN1nM2qW3eR4tT5yU6iI7oO8pP9aS0dF1gG2hH3jJ4kK5lL6zZ7xX8cC9vV0bB1nN2mM3qW4eR5tT6yU7iI8oO9pP0aS1dF2gG3hH4jJ5kK6lL7zZ8xX9cC0vB1nN2mQ3wE4rR5tT6yY7uU8iI9oO0pP1aS2dF3gG4hH5jJ6kK7lL8zX9cV0bN1nM2qW3eR4tT5yU6iI7oO8pP9aS0dF1gG2hH3jJ4kK5lL6zZ7xX8cC9vV0bB1nN2mM3qW4eR5tT6yU7iI8oO9pP0aS1dF2gG3hH4jJ5kK6lL7zZ8xX9cC0vB1nN2mQ3wE4rR5tT6yY7uU8iI9oO0pP1aS2dF3gG4hH5jJ6kK7lL8zX9cV0bN1nM2qW3eR4tT5yU6iI7oO8pP9aS0dF1gG2hH3jJ4kK5lL6zZ7xX8cC9vV0bB1nN2mM3qW4eR5tT6yU7iI8oO9pP0aS1dF2gG3hH4jJ5kK6lL7zZ8xX9cC0vB1nN2mQ3wE4rR5tT6yY7uU8iI9oO0pP1aS2dF3gG4hH5jJ6kK7l4hH5jJ6kK7lL8zX9cV0bN1nM2qW3eR4tT5yU6iI7oO8pP9aS0dF1gG2hH3jJ4kK5lL6zZ7xX8cC9vV0bB1nN2mM3qW4eR5tT6yU7iI8oO9pP0aS1dF2gG3hH4jJ5kK6lL7zZ8xX9cC0vB1nN2mQ3wE4rR5tT6yY7uU8iI9oO0pP1aS2dF3gG4hH5jJ6kK7lL8zX9cV0bN1nM2qW3eR4tT5yU6iI7oO8pP9aS0dF1gG2hH3jJ4kK5lL6zZ7xX8cC9vV0bB1nN2mM3qW4eR5tT6yU7iI8oO9pP0aS1dF2gG3hH4jJ5kK6lL7zZ8xX9cC0vB1nN2mQ3wE4rR5tT6yY7uU8iI9oO0pP1aS2dF3gG4hH5jJ6kK7l4hH5jJ6kK7lL8zX9cV0bN1nM2qW3eR4tT5yU6iI7oO8pP9aS0dF1gG2hH3jJ4kK5lL6zZ7xX8cC9vV0bB1nN2mM3qW4eR5tT6yU7iI8oO9pP0aS1dF2gG3hH4jJ5kK6lL7zZ8xX9cC0vB1nN2mQ3wE4rR5tT6yY7uU8iI9oO0pP1aS2dF3gG4hH5jJ6kK7lL8zX9cV0bN1nM2qW3eR4tT5yU6iI7oO8pP9aS0dF1gG2hH3jJ4kK5lL6zZ7xX8cC9vV0bB1nN2mM3qW4eR5tT6yU7iI8oO9pP0aS1dF2gG3hH4jJ5kK6lL7zZ8xX9cC0vB1nN2mQ3wE4rR5tT6yY7uU8iI9oO0pP1aS2dF3gG4hH5jJ6kK7l4hH5jJ6kK7lL8zX9cV0bN1nM2qW3eR4tT5yU6iI7oO8pP9aS0dF1gG2hH3jJ4kK5lL6zZ7xX8cC9vV0bB1nN2mM3qW4eR5tT6yU7iI8oO9pP0aS1dF2gG3hH4jJ5kK6lL7zZ8xX9cC0vB1nN2mQ3wE4rR5tT6yY7uU8iI9oO0pP1aS2dF3gG4hH5jJ6kK7lL8zX9cV0bN1nM2qW3eR4tT5yU6iI7oO8pP9aS0dF1gG2hH3jJ4kK5lL6zZ7xX8cC9vV0bB1nN2mM3qW4eR5tT6yU7iI8oO9pP0aS1dF2gG3hH4jJ5kK6lL7zZ8xX9cC0vB1nN2mQ3wE4rR5tT6yY7uU8iI9oO0pP1aS2dF3gG4hH5jJ6kK7l4hH5jJ6kK7lL8zX9cV0bN1nM2qW3eR4tT5yU6iI7oO8pP9aS0dF1gG2hH3jJ4kK5lL6zZ7xX8cC9vV0bB1nN2mM3qW4eR5tT6yU7iI8oO9pP0aS1dF2gG3hH4jJ5kK6lL7zZ8xX9cC0vB1nN2mQ3wE4rR5tT6yY7uU8iI9oO0pP1aS2dF3gG4hH5jJ6kK7lL8zX9cV0bN1nM2qW3eR4tT5yU6iI7oO8pP9aS0dF1gG2hH3jJ4kK5lL6zZ7xX8cC9vV0bB1nN2mM3qW4eR5tT6yU7iI8oO9pP0aS1dF2gG3hH4jJ5kK6lL7zZ8xX9cC0vB1nN2mQ3wE4rR5tT6yY7uU8iI9oO0pP1aS2dF3gG4hH5jJ6kK7l4hH5jJ6kK7lL8zX9cV0bN1nM2qW3eR4tT5yU6iI7oO8pP9aS0dF1gG2hH3jJ4kK5lL6zZ7xX8cC9vV0bB1nN2mM3qW4eR5tT6yU7iI8oO9pP0aS1dF2gG3hH4jJ5kK6lL7zZ8xX9cC0vB1nN2mQ3wE4rR5tT6yY7uU8iI9oO0pP1aS2dF3gG4hH5jJ6kK7lL8zX9cV0bN1nM2qW3eR4tT5yU6iI7oO8pP9aS0dF1gG2hH3jJ4kK5lL6zZ7xX8cC9vV0bB1nN2mM3qW4eR5tT6yU7iI8oO9pP0aS1dF2gG3hH4jJ5kK6lL7zZ8xX9cC0vB1nN2mQ3wE4rR5tT6yY7uU8iI9oO0pP1aS2dF3gG4hH5jJ6kK7l4hH5jJ6kK7lL8zX9cV0bN1nM2qW3eR4tT5yU6iI7oO8pP9aS0dF1gG2hH3jJ4kK5lL6zZ7xX8cC9vV0bB1nN2mM3qW4eR5tT6yU7iI8oO9pP0aS1dF2gG3hH4jJ5kK6lL7zZ8xX9cC0vB1nN2mQ3wE4rR5tT6yY7uU8iI9oO0pP1aS2dF3gG4hH5jJ6kK7lL8zX9cV0bN1nM2qW3eR4tT5yU6iI7oO8pP9aS0dF1gG2hH3jJ4kK5lL6zZ7xX8cC9vV0bB1nN2mM3qW4eR5tT6yU7iI8oO9pP0aS1dF2gG3hH4jJ5kK6lL7zZ8xX9cC0vB1nN2mQ3wE4rR5tT6yY7uU8iI9oO0pP1aS2dF3gG4hH5jJ6kK7l4hH5jJ6kK7lL8zX9cV0bN1nM2qW3eR4tT5yU6iI7oO8pP9aS0dF1gG2hH3jJ4kK5lL6zZ7xX8cC9vV0bB1nN2mM3qW4eR5tT6yU7iI8oO9pP0aS1dF2gG3hH4jJ5kK6lL7zZ8xX9cC0vB1nN2mQ3wE4rR5tT6yY7uU8iI9oO0pP1aS2dF3gG4hH5jJ6kK7lL8zX9cV0bN1nM2qW3eR4tT5yU6iI7oO8pP9aS0dF1gG2hH3jJ4kK5lL6zZ7xX8cC9vV0bB1nN2mM3qW4eR5tT6yU7iI8oO9pP0aS1dF2gG3hH4jJ5kK6lL7zZ8xX9cC0vB1nN2mQ3wE4rR5tT6yY7uU8iI9oO0pP1aS2dF3gG4hH5jJ6kK7l4hH5jJ6kK7lL8zX9cV0bN1nM2qW3eR4tT5yU6iI7oO8pP9aS0dF1gG2hH3jJ4kK5lL6z7nB9vR2mX8kLp4QjW3tY5zH1aG6sF9dD0fS8gA7hJ6kL5mN4bV3vC2xZ1oP9iU8uY7tT6rR5eE4wW3qQ2aZ1sX2dC3fV4gB5hN6jM7kL8pO9iU0yT1rE2wQ3aS4dF5gG6hH7jJ8kK9lL0zZ1xX2cC3vV4bB5nN6mM7qQ8wW9eE0rR1tT2yY3uU4iI5oO6pP7aA8sS9dD0fF1gG2hH3jJ4kK5lL6zZ7xX8cC9vV0bB1nN2mM3qW4eR5tT6yU7iI8oO9pP0aS1dF2gG3hH4jJ5kK6lL7zZ8xX9cC0vB1nN2mQ3wE4rR5tT6yY7uU8iI9oO0pP1aS2dF3gG4hH5jJ6kK7lL8zX9cV0bN1nM2qW3eR4tT5yU6iI7oO8pP9aS0dF1gG2hH3jJ4kK5lL6zZ7xX8cC9vV0bB1nN2mM3qW4eR5tT6yU7iI8oO9pP0aS1dF2gG3hH4jJ5kK6lL7zZ8xX9cC0vB1nN2mQ3wE4rR5tT6yY7uU8iI9oO0pP1aS2dF3gG4hH5jJ6kK7lL8zX9cV0bN1nM2qW3eR4tT5yU6iI7oO8pP9aS0dF1gG2hH3jJ4kK5lL6zZ7xX8cC9vV0bB1nN2mM3qW4eR5tT6yU7iI8oO9pP0aS1dF2gG3hH4jJ5kK6lL7zZ8xX9cC0vB1nN2mQ3wE4rR5tT6yY7uU8iI9oO0pP1aS2dF3gG4hH5jJ6kK7lL8zX9cV0bN1nM2qW3eR4tT5yU6iI7oO8pP9aS0dF1gG2hH3jJ4kK5lL6zZ7xX8cC9vV0bB1nN2mM3qW4eR5tT6yU7iI8oO9pP0aS1dF2gG3hH4jJ5kK6lL7zZ8xX9cC0vB1nN2mQ3wE4rR5tT6yY7uU8iI9oO0pP1aS2dF3gG4hH5jJ6kK7lL8zX9cV0bN1nM2qW3eR4tT5yU6iI7oO8pP9aS0dF1gG2hH3jJ4kK5lL6zZ7xX8cC9vV0bB1nN2mM3qW4eR5tT6yU7iI8oO9pP0aS1dF2gG3hH4jJ5kK6lL7zZ8xX9cC0vB1nN2mQ3wE4rR5tT6yY7uU8iI9oO0pP1aS2dF3gG4hH5jJ6kK7l4hH5jJ6kK7lL8zX9cV0bN1nM2qW3eR4tT5yU6iI7oO8pP9aS0dF1gG2hH3jJ4kK5lL6zZ7xX8cC9vV0bB1nN2mM3qW4eR5tT6yU7iI8oO9pP0aS1dF2gG3hH4jJ5kK6lL7zZ8xX9cC0vB1nN2mQ3wE4rR5tT6yY7uU8iI9oO0pP1aS2dF3gG4hH5jJ6kK7lL8zX9cV0bN1nM2qW3eR4tT5yU6iI7oO8pP9aS0dF1gG2hH3jJ4kK5lL6zZ7xX8cC9vV0bB1nN2mM3qW4eR5tT6yU7iI8oO9pP0aS1dF2gG3hH4jJ5kK6lL7zZ8xX9cC0vB1nN2mQ3wE4rR5tT6yY7uU8iI9oO0pP1aS2dF3gG4hH5jJ6kK7l4hH5jJ6kK7lL8zX9cV0bN1nM2qW3eR4tT5yU6iI7oO8pP9aS0dF1gG2hH3jJ4kK5lL6zZ7xX8cC9vV0bB1nN2mM3qW4eR5tT6yU7iI8oO9pP0aS1dF2gG3hH4jJ5kK6lL7zZ8xX9cC0vB1nN2mQ3wE4rR5tT6yY7uU8iI9oO0pP1aS2dF3gG4hH5jJ6kK7lL8zX9cV0bN1nM2qW3eR4tT5yU6iI7oO8pP9aS0dF1gG2hH3jJ4kK5lL6zZ7xX8cC9vV0bB1nN2mM3qW4eR5tT6yU7iI8oO9pP0aS1dF2gG3hH4jJ5kK6lL7zZ8xX9cC0vB1nN2mQ3wE4rR5tT6yY7uU8iI9oO0pP1aS2dF3gG4hH5jJ6kK7l4hH5jJ6kK7lL8zX9cV0bN1nM2qW3eR4tT5yU6iI7oO8pP9aS0dF1gG2hH3jJ4kK5lL6zZ7xX8cC9vV0bB1nN2mM3qW4eR5tT6yU7iI8oO9pP0aS1dF2gG3hH4jJ5kK6lL7zZ8xX9cC0vB1nN2mQ3wE4rR5tT6yY7uU8iI9oO0pP1aS2dF3gG4hH5jJ6kK7lL8zX9cV0bN1nM2qW3eR4tT5yU6iI7oO8pP9aS0dF1gG2hH3jJ4kK5lL6zZ7xX8cC9vV0bB1nN2mM3qW4eR5tT6yU7iI8oO9pP0aS1dF2gG3hH4jJ5kK6lL7zZ8xX9cC0vB1nN2mQ3wE4rR5tT6yY7uU8iI9oO0pP1aS2dF3gG4hH5jJ6kK7l4hH5jJ6kK7lL8zX9cV0bN1nM2qW3eR4tT5yU6iI7oO8pP9aS0dF1gG2hH3jJ4kK5lL6zZ7xX8cC9vV0bB1nN2mM3qW4eR5tT6yU7iI8oO9pP0aS1dF2gG3hH4jJ5kK6lL7zZ8xX9cC0vB1nN2mQ3wE4rR5tT6yY7uU8iI9oO0pP1aS2dF3gG4hH5jJ6kK7lL8zX9cV0bN1nM2qW3eR4tT5yU6iI7oO8pP9aS0dF1gG2hH3jJ4kK5lL6zZ7xX8cC9vV0bB1nN2mM3qW4eR5tT6yU7iI8oO9pP0aS1dF2gG3hH4jJ5kK6lL7zZ8xX9cC0vB1nN2mQ3wE4rR5tT6yY7uU8iI9oO0pP1aS2dF3gG4hH5jJ6kK7l4hH5jJ6kK7lL8zX9cV0bN1nM2qW3eR4tT5yU6iI7oO8pP9aS0dF1gG2hH3jJ4kK5lL6zZ7xX8cC9vV0bB1nN2mM3qW4eR5tT6yU7iI8oO9pP0aS1dF2gG3hH4jJ5kK6lL7zZ8xX9cC0vB1nN2mQ3wE4rR5tT6yY7uU8iI9oO0pP1aS2dF3gG4hH5jJ6kK7lL8zX9cV0bN1nM2qW3eR4tT5yU6iI7oO8pP9aS0dF1gG2hH3jJ4kK5lL6zZ7xX8cC9vV0bB1nN2mM3qW4eR5tT6yU7iI8oO9pP0aS1dF2gG3hH4jJ5kK6lL7zZ8xX9cC0vB1nN2mQ3wE4rR5tT6yY7uU8iI9oO0pP1aS2dF3gG4hH5jJ6kK7l4hH5jJ6kK7lL8zX9cV0bN1nM2qW3eR4tT5yU6iI7oO8pP9aS0dF1gG2hH3jJ4kK5lL6zZ7xX8cC9vV0bB1nN2mM3qW4eR5tT6yU7iI8oO9pP0aS1dF2gG3hH4jJ5kK6lL7zZ8xX9cC0vB1nN2mQ3wE4rR5tT6yY7uU8iI9oO0pP1aS2dF3gG4hH5jJ6kK7lL8zX9cV0bN1nM2qW3eR4tT5yU6iI7oO8pP9aS0dF1gG2hH3jJ4kK5lL6zZ7xX8cC9vV0bB1nN2mM3qW4eR5tT6yU7iI8oO9pP0aS1dF2gG3hH4jJ5kK6lL7zZ8xX9cC0vB1nN2mQ3wE4rR5tT6yY7uU8iI9oO0pP1aS2dF3gG4hH5jJ6kK7l4hH5jJ6kK7lL8zX9cV0bN1nM2qW3eR4tT5yU6iI7oO8pP9aS0dF1gG2hH3jJ4kK5lL6zZ7xX8cC9vV0bB1nN2mM3qW4eR5tT6yU7iI8oO9pP0aS1dF2gG3hH4jJ5kK6lL7zZ8xX9cC0vB1nN2mQ3wE4rR5tT6yY7uU8iI9oO0pP1aS2dF3gG4hH5jJ6kK7lL8zX9cV0bN1nM2qW3eR4tT5yU6iI7oO8pP9aS0dF1gG2hH3jJ4kK5lL6zZ7xX8cC9vV0bB1nN2mM3qW4eR5tT6yU7iI8oO9pP0aS1dF2gG3hH4jJ5kK6lL7zZ8xX9cC0vB1nN2mQ3wE4rR5tT6yY7uU8iI9oO0pP1aS2dF3gG4hH5jJ6kK7l4hH5jJ6kK7lL8zX9cV0bN1nM2qW3eR4tT5yU6iI7oO8pP9aS0dF1gG2hH3jJ4kK5lL6z7nB9vR2mX8kLp4QjW3tY5zH1aG6sF9dD0fS8gA7hJ6kL5mN4bV3vC2xZ1oP9iU8uY7tT6rR5eE4wW3qQ2aZ1sX2dC3fV4gB5hN6jM7kL8pO9iU0yT1rE2wQ3aS4dF5gG6hH7jJ8kK9lL0zZ1xX2cC3vV4bB5nN6mM7qQ8wW9eE0rR1tT2yY3uU4iI5oO6pP7aA8sS9dD0fF1gG2hH3jJ4kK5lL6zZ7xX8cC9vV0bB1nN2mM3qW4eR5tT6yU7iI8oO9pP0aS1dF2gG3hH4jJ5kK6lL7zZ8xX9cC0vB1nN2mQ3wE4rR5tT6yY7uU8iI9oO0pP1aS2dF3gG4hH5jJ6kK7lL8zX9cV0bN1nM2qW3eR4tT5yU6iI7oO8pP9aS0dF1gG2hH3jJ4kK5lL6zZ7xX8cC9vV0bB1nN2mM3qW4eR5tT6yU7iI8oO9pP0aS1dF2gG3hH4jJ5kK6lL7zZ8xX9cC0vB1nN2mQ3wE4rR5tT6yY7uU8iI9oO0pP1aS2dF3gG4hH5jJ6kK7lL8zX9cV0bN1nM2qW3eR4tT5yU6iI7oO8pP9aS0dF1gG2hH3jJ4kK5lL6zZ7xX8cC9vV0bB1nN2mM3qW4eR5tT6yU7iI8oO9pP0aS1dF2gG3hH4jJ5kK6lL7zZ8xX9cC0vB1nN2mQ3wE4rR5tT6yY7uU8iI9oO0pP1aS2dF3gG4hH5jJ6kK7lL8zX9cV0bN1nM2qW3eR4tT5yU6iI7oO8pP9aS0dF1gG2hH3jJ4kK5lL6zZ7xX8cC9vV0bB1nN2mM3qW4eR5tT6yU7iI8oO9pP0aS1dF2gG3hH4jJ5kK6lL7zZ8xX9cC0vB1nN2mQ3wE4rR5tT6yY7uU8iI9oO0pP1aS2dF3gG4hH5jJ6kK7lL8zX9cV0bN1nM2qW3eR4tT5yU6iI7oO8pP9aS0dF1gG2hH3jJ4kK5lL6zZ7xX8cC9vV0bB1nN2mM3qW4eR5tT6yU7iI8oO9pP0aS1dF2gG3hH4jJ5kK6lL7zZ8xX9cC0vB1nN2mQ3wE4rR5tT6yY7uU8iI9oO0pP1aS2dF3gG4hH5jJ6kK7l4hH5jJ6kK7lL8zX9cV0bN1nM2qW3eR4tT5yU6iI7oO8pP9aS0dF1gG2hH3jJ4kK5lL6zZ7xX8cC9vV0bB1nN2mM3qW4eR5tT6yU7iI8oO9pP0aS1dF2gG3hH4jJ5kK6lL7zZ8xX9cC0vB1nN2mQ3wE4rR5tT6yY7uU8iI9oO0pP1aS2dF3gG4hH5jJ6kK7lL8zX9cV0bN1nM2qW3eR4tT5yU6iI7oO8pP9aS0dF1gG2hH3jJ4kK5lL6zZ7xX8cC9vV0bB1nN2mM3qW4eR5tT6yU7iI8oO9pP0aS1dF2gG3hH4jJ5kK6lL7zZ8xX9cC0vB1nN2mQ3wE4rR5tT6yY7uU8iI9oO0pP1aS2dF3gG4hH5jJ6kK7l4hH5jJ6kK7lL8zX9cV0bN1nM2qW3eR4tT5yU6iI7oO8pP9aS0dF1gG2hH3jJ4kK5lL6zZ7xX8cC9vV0bB1nN2mM3qW4eR5tT6yU7iI8oO9pP0aS1dF2gG3hH4jJ5kK6lL7zZ8xX9cC0vB1nN2mQ3wE4rR5tT6yY7uU8iI9oO0pP1aS2dF3gG4hH5jJ6kK7lL8zX9cV0bN1nM2qW3eR4tT5yU6iI7oO8pP9aS0dF1gG2hH3jJ4kK5lL6zZ7xX8cC9vV0bB1nN2mM3qW4eR5tT6yU7iI8oO9pP0aS1dF2gG3hH4jJ5kK6lL7zZ8xX9cC0vB1nN2mQ3wE4rR5tT6yY7uU8iI9oO0pP1aS2dF3gG4hH5jJ6kK7l4hH5jJ6kK7lL8zX9cV0bN1nM2qW3eR4tT5yU6iI7oO8pP9aS0dF1gG2hH3jJ4kK5lL6zZ7xX8cC9vV0bB1nN2mM3qW4eR5tT6yU7iI8oO9pP0aS1dF2gG3hH4jJ5kK6lL7zZ8xX9cC0vB1nN2mQ3wE4rR5tT6yY7uU8iI9oO0pP1aS2dF3gG4hH5jJ6kK7lL8zX9cV0bN1nM2qW3eR4tT5yU6iI7oO8pP9aS0dF1gG2hH3jJ4kK5lL6zZ7xX8cC9vV0bB1nN2mM3qW4eR5tT6yU7iI8oO9pP0aS1dF2gG3hH4jJ5kK6lL7zZ8xX9cC0vB1nN2mQ3wE4rR5tT6yY7uU8iI9oO0pP1aS2dF3gG4hH5jJ6kK7l4hH5jJ6kK7lL8zX9cV0bN1nM2qW3eR4tT5yU6iI7oO8pP9aS0dF1gG2hH3jJ4kK5lL6zZ7xX8cC9vV0bB1nN2mM3qW4eR5tT6yU7iI8oO9pP0aS1dF2gG3hH4jJ5kK6lL7zZ8xX9cC0vB1nN2mQ3wE4rR5tT6yY7uU8iI9oO0pP1aS2dF3gG4hH5jJ6kK7lL8zX9cV0bN1nM2qW3eR4tT5yU6iI7oO8pP9aS0dF1gG2hH3jJ4kK5lL6zZ7xX8cC9vV0bB1nN2mM3qW4eR5tT6yU7iI8oO9pP0aS1dF2gG3hH4jJ5kK6lL7zZ8xX9cC0vB1nN2mQ3wE4rR5tT6yY7uU8iI9oO0pP1aS2dF3gG4hH5jJ6kK7l4hH5jJ6kK7lL8zX9cV0bN1nM2qW3eR4tT5yU6iI7oO8pP9aS0dF1gG2hH3jJ4kK5lL6zZ7xX8cC9vV0bB1nN2mM3qW4eR5tT6yU7iI8oO9pP0aS1dF2gG3hH4jJ5kK6lL7zZ8xX9cC0vB1nN2mQ3wE4rR5tT6yY7uU8iI9oO0pP1aS2dF3gG4hH5jJ6kK7lL8zX9cV0bN1nM2qW3eR4tT5yU6iI7oO8pP9aS0dF1gG2hH3jJ4kK5lL6zZ7xX8cC9vV0bB1nN2mM3qW4eR5tT6yU7iI8oO9pP0aS1dF2gG3hH4jJ5kK6lL7zZ8xX9cC0vB1nN2mQ3wE4rR5tT6yY7uU8iI9oO0pP1aS2dF3gG4hH5jJ6kK7l4hH5jJ6kK7lL8zX9cV0bN1nM2qW3eR4tT5yU6iI7oO8pP9aS0dF1gG2hH3jJ4kK5lL6zZ7xX8cC9vV0bB1nN2mM3qW4eR5tT6yU7iI8oO9pP0aS1dF2gG3hH4jJ5kK6lL7zZ8xX9cC0vB1nN2mQ3wE4rR5tT6yY7uU8iI9oO0pP1aS2dF3gG4hH5jJ6kK7lL8zX9cV0bN1nM2qW3eR4tT5yU6iI7oO8pP9aS0dF1gG2hH3jJ4kK5lL6zZ7xX8cC9vV0bB1nN2mM3qW4eR5tT6yU7iI8oO9pP0aS1dF2gG3hH4jJ5kK6lL7zZ8xX9cC0vB1nN2mQ3wE4rR5tT6yY7uU8iI9oO0pP1aS2dF3gG4hH5jJ6kK7l4hH5jJ6kK7lL8zX9cV0bN1nM2qW3eR4tT5yU6iI7oO8pP9aS0dF1gG2hH3jJ4kK5lL6zZ7xX8cC9vV0bB1nN2mM3qW4eR5tT6yU7iI8oO9pP0aS1dF2gG3hH4jJ5kK6lL7zZ8xX9cC0vB1nN2mQ3wE4rR5tT6yY7uU8iI9oO0pP1aS2dF3gG4hH5jJ6kK7lL8zX9cV0bN1nM2qW3eR4tT5yU6iI7oO8pP9aS0dF1gG2hH3jJ4kK5lL6zZ7xX8cC9vV0bB1nN2mM3qW4eR5tT6yU7iI8oO9pP0aS1dF2gG3hH4jJ5kK6lL7zZ8xX9cC0vB1nN2mQ3wE4rR5tT6yY7uU8iI9oO0pP1aS2dF3gG4hH5jJ6kK7l4hH5jJ6kK7lL8zX9cV0bN1nM2qW3eR4tT5yU6iI7oO8pP9aS0dF1gG2hH3jJ4kK5lL6z7nB9vR2mX8kLp4QjW3tY5zH1aG6sF9dD0fS8gA7hJ6kL5mN4bV3vC2xZ1oP9iU8uY7tT6rR5eE4wW3qQ2aZ1sX2dC3fV4gB5hN6jM7kL8pO9iU0yT1rE2wQ3aS4dF5gG6hH7jJ8kK9lL0zZ1xX2cC3vV4bB5nN6mM7qQ8wW9eE0rR1tT2yY3uU4iI5oO6pP7aA8sS9dD0fF1gG2hH3jJ4kK5lL6zZ7xX8cC9vV0bB1nN2mM3qW4eR5tT6yU7iI8oO9pP0aS1dF2gG3hH4jJ5kK6lL7zZ8xX9cC0vB1nN2mQ3wE4rR5tT6yY7uU8iI9oO0pP1aS2dF3gG4hH5jJ6kK7lL8zX9cV0bN1nM2qW3eR4tT5yU6iI7oO8pP9aS0dF1gG2hH3jJ4kK5lL6zZ7xX8cC9vV0bB1nN2mM3qW4eR5tT6yU7iI8oO9pP0aS1dF2gG3hH4jJ5kK6lL7zZ8xX9cC0vB1nN2mQ3wE4rR5tT6yY7uU8iI9oO0pP1aS2dF3gG4hH5jJ6kK7lL8zX9cV0bN1nM2qW3eR4tT5yU6iI7oO8pP9aS0dF1gG2hH3jJ4kK5lL6zZ7xX8cC9vV0bB1nN2mM3qW4eR5tT6yU7iI8oO9pP0aS1dF2gG3hH4jJ5kK6lL7zZ8xX9cC0vB1nN2mQ3wE4rR5tT6yY7uU8iI9oO0pP1aS2dF3gG4hH5jJ6kK7lL8zX9cV0bN1nM2qW3eR4tT5yU6iI7oO8pP9aS0dF1gG2hH3jJ4kK5lL6zZ7xX8cC9vV0bB1nN2mM3qW4eR5tT6yU7iI8oO9pP0aS1dF2gG3hH4jJ5kK6lL7zZ8xX9cC0vB1nN2mQ3wE4rR5tT6yY7uU8iI9oO0pP1aS2dF3gG4hH5jJ6kK7lL8zX9cV0bN1nM2qW3eR4tT5yU6iI7oO8pP9aS0dF1gG2hH3jJ4kK5lL6zZ7xX8cC9vV0bB1nN2mM3qW4eR5tT6yU7iI8oO9pP0aS1dF2gG3hH4jJ5kK6lL7zZ8xX9cC0vB1nN2mQ3wE4rR5tT6yY7uU8iI9oO0pP1aS2dF3gG4hH5jJ6kK7l4hH5jJ6kK7lL8zX9cV0bN1nM2qW3eR4tT5yU6iI7oO8pP9aS0dF1gG2hH3jJ4kK5lL6zZ7xX8cC9vV0bB1nN2mM3qW4eR5tT6yU7iI8oO9pP0aS1dF2gG3hH4jJ5kK6lL7zZ8xX9cC0vB1nN2mQ3wE4rR5tT6yY7uU8iI9oO0pP1aS2dF3gG4hH5jJ6kK7lL8zX9cV0bN1nM2qW3eR4tT5yU6iI7oO8pP9aS0dF1gG2hH3jJ4kK5lL6zZ7xX8cC9vV0bB1nN2mM3qW4eR5tT6yU7iI8oO9pP0aS1dF2gG3hH4jJ5kK6lL7zZ8xX9cC0vB1nN2mQ3wE4rR5tT6yY7uU8iI9oO0pP1aS2dF3gG4hH5jJ6kK7l4hH5jJ6kK7lL8zX9cV0bN1nM2qW3eR4tT5yU6iI7oO8pP9aS0dF1gG2hH3jJ4kK5lL6zZ7xX8cC9vV0bB1nN2mM3qW4eR5tT6yU7iI8oO9pP0aS1dF2gG3hH4jJ5kK6lL7zZ8xX9cC0vB1nN2mQ3wE4rR5tT6yY7uU8iI9oO0pP1aS2dF3gG4hH5jJ6kK7lL8zX9cV0bN1nM2qW3eR4tT5yU6iI7oO8pP9aS0dF1gG2hH3jJ4kK5lL6zZ7xX8cC9vV0bB1nN2mM3qW4eR5tT6yU7iI8oO9pP0aS1dF2gG3hH4jJ5kK6lL7zZ8xX9cC0vB1nN2mQ3wE4rR5tT6yY7uU8iI9oO0pP1aS2dF3gG4hH5jJ6kK7l4hH5jJ6kK7lL8zX9cV0bN1nM2qW3eR4tT5yU6iI7oO8pP9aS0dF1gG2hH3jJ4kK5lL6zZ7xX8cC9vV0bB1nN2mM3qW4eR5tT6yU7iI8oO9pP0aS1dF2gG3hH4jJ5kK6lL7zZ8xX9cC0vB1nN2mQ3wE4rR5tT6yY7uU8iI9oO0pP1aS2dF3gG4hH5jJ6kK7lL8zX9cV0bN1nM2qW3eR4tT5yU6iI7oO8pP9aS0dF1gG2hH3jJ4kK5lL6zZ7xX8cC9vV0bB1nN2mM3qW4eR5tT6yU7iI8oO9pP0aS1dF2gG3hH4jJ5kK6lL7zZ8xX9cC0vB1nN2mQ3wE4rR5tT6yY7uU8iI9oO0pP1aS2dF3gG4hH5jJ6kK7l4hH5jJ6kK7lL8zX9cV0bN1nM2qW3eR4tT5yU6iI7oO8pP9aS0dF1gG2hH3jJ4kK5lL6zZ7xX8cC9vV0bB1nN2mM3qW4eR5tT6yU7iI8oO9pP0aS1dF2gG3hH4jJ5kK6lL7zZ8xX9cC0vB1nN2mQ3wE4rR5tT6yY7uU8iI9oO0pP1aS2dF3gG4hH5jJ6kK7lL8zX9cV0bN1nM2qW3eR4tT5yU6iI7oO8pP9aS0dF1gG2hH3jJ4kK5lL6zZ7xX8cC9vV0bB1nN2mM3qW4eR5tT6yU7iI8oO9pP0aS1dF2gG3hH4jJ5kK6lL7zZ8xX9cC0vB1nN2mQ3wE4rR5tT6yY7uU8iI9oO0pP1aS2dF3gG4hH5jJ6kK7l4hH5jJ6kK7lL8zX9cV0bN1nM2qW3eR4tT5yU6iI7oO8pP9aS0dF1gG2hH3jJ4kK5lL6zZ7xX8cC9vV0bB1nN2mM3qW4eR5tT6yU7iI8oO9pP0aS1dF2gG3hH4jJ5kK6lL7zZ8xX9cC0vB1nN2mQ3wE4rR5tT6yY7uU8iI9oO0pP1aS2dF3gG4hH5jJ6kK7lL8zX9cV0bN1nM2qW3eR4tT5yU6iI7oO8pP9aS0dF1gG2hH3jJ4kK5lL6zZ7xX8cC9vV0bB1nN2mM3qW4eR5tT6yU7iI8oO9pP0aS1dF2gG3hH4jJ5kK6lL7zZ8xX9cC0vB1nN2mQ3wE4rR5tT6yY7uU8iI9oO0pP1aS2dF3gG4hH5jJ6kK7l4hH5jJ6kK7lL8zX9cV0bN1nM2qW3eR4tT5yU6iI7oO8pP9aS0dF1gG2hH3jJ4kK5lL6zZ7xX8cC9vV0bB1nN2mM3qW4eR5tT6yU7iI8oO9pP0aS1dF2gG3hH4jJ5kK6lL7zZ8xX9cC0vB1nN2mQ3wE4rR5tT6yY7uU8iI9oO0pP1aS2dF3gG4hH5jJ6kK7lL8zX9cV0bN1nM2qW3eR4tT5yU6iI7oO8pP9aS0dF1gG2hH3jJ4kK5lL6zZ7xX8cC9vV0bB1nN2mM3qW4eR5tT6yU7iI8oO9pP0aS1dF2gG3hH4jJ5kK6lL7zZ8xX9cC0vB1nN2mQ3wE4rR5tT6yY7uU8iI9oO0pP1aS2dF3gG4hH5jJ6kK7l4hH5jJ6kK7lL8zX9cV0bN1nM2qW3eR4tT5yU6iI7oO8pP9aS0dF1gG2hH3jJ4kK5lL6zZ7xX8cC9vV0bB1nN2mM3qW4eR5tT6yU7iI8oO9pP0aS1dF2gG3hH4jJ5kK6lL7zZ8xX9cC0vB1nN2mQ3wE4rR5tT6yY7uU8iI9oO0pP1aS2dF3gG4hH5jJ6kK7lL8zX9cV0bN1nM2qW3eR4tT5yU6iI7oO8pP9aS0dF1gG2hH3jJ4kK5lL6zZ7xX8cC9vV0bB1nN2mM3qW4eR5tT6yU7iI8oO9pP0aS1dF2gG3hH4jJ5kK6lL7zZ8xX9cC0vB1nN2mQ3wE4rR5tT6yY7uU8iI9oO0pP1aS2dF3gG4hH5jJ6kK7l4hH5jJ6kK7lL8zX9cV0bN1nM2qW3eR4tT5yU6iI7oO8pP9aS0dF1gG2hH3jJ4kK5lL6z7nB9vR2mX8kLp4QjW3tY5zH1aG6sF9dD0fS8gA7hJ6kL5mN4bV3vC2xZ1oP9iU8uY7tT6rR5eE4wW3qQ2aZ1sX2dC3fV4gB5hN6jM7kL8pO9iU0yT1rE2wQ3aS4dF5gG6hH7jJ8kK9lL0zZ1xX2cC3vV4bB5nN6mM7qQ8wW9eE0rR1tT2yY3uU4iI5oO6pP7aA8sS9dD0fF1gG2hH3jJ4kK5lL6zZ7xX8cC9vV0bB1nN2mM3qW4eR5tT6yU7iI8oO9pP0aS1dF2gG3hH4jJ5kK6lL7zZ8xX9cC0vB1nN2mQ3wE4rR5tT6yY7uU8iI9oO0pP1aS2dF3gG4hH5jJ6kK7lL8zX9cV0bN1nM2qW3eR4tT5yU6iI7oO8pP9aS0dF1gG2hH3jJ4kK5lL6zZ7xX8cC9vV0bB1nN2mM3qW4eR5tT6yU7iI8oO9pP0aS1dF2gG3hH4jJ5kK6lL7zZ8xX9cC0vB1nN2mQ3wE4rR5tT6yY7uU8iI9oO0pP1aS2dF3gG4hH5jJ6kK7lL8zX9cV0bN1nM2qW3eR4tT5yU6iI7oO8pP9aS0dF1gG2hH3jJ4kK5lL6zZ7xX8cC9vV0bB1nN2mM3qW4eR5tT6yU7iI8oO9pP0aS1dF2gG3hH4jJ5kK6lL7zZ8xX9cC0vB1nN2mQ3wE4rR5tT6yY7uU8iI9oO0pP1aS2dF3gG4hH5jJ6kK7lL8zX9cV0bN1nM2qW3eR4tT5yU6iI7oO8pP9aS0dF1gG2hH3jJ4kK5lL6zZ7xX8cC9vV0bB1nN2mM3qW4eR5tT6yU7iI8oO9pP0aS1dF2gG3hH4jJ5kK6lL7zZ8xX9cC0vB1nN2mQ3wE4rR5tT6yY7uU8iI9oO0pP1aS2dF3gG4hH5jJ6kK7lL8zX9cV0bN1nM2qW3eR4tT5yU6iI7oO8pP9aS0dF1gG2hH3jJ4kK5lL6zZ7xX8cC9vV0bB1nN2mM3qW4eR5tT6yU7iI8oO9pP0aS1dF2gG3hH4jJ5kK6lL7zZ8xX9cC0vB1nN2mQ3wE4rR5tT6yY7uU8iI9oO0pP1aS2dF3gG4hH5jJ6kK7l4hH5jJ6kK7lL8zX9cV0bN1nM2qW3eR4tT5yU6iI7oO8pP9aS0dF1gG2hH3jJ4kK5lL6zZ7xX8cC9vV0bB1nN2mM3qW4eR5tT6yU7iI8oO9pP0aS1dF2gG3hH4jJ5kK6lL7zZ8xX9cC0vB1nN2mQ3wE4rR5tT6yY7uU8iI9oO0pP1aS2dF3gG4hH5jJ6kK7lL8zX9cV0bN1nM2qW3eR4tT5yU6iI7oO8pP9aS0dF1gG2hH3jJ4kK5lL6zZ7xX8cC9vV0bB1nN2mM3qW4eR5tT6yU7iI8oO9pP0aS1dF2gG3hH4jJ5kK6lL7zZ8xX9cC0vB1nN2mQ3wE4rR5tT6yY7uU8iI9oO0pP1aS2dF3gG4hH5jJ6kK7l4hH5jJ6kK7lL8zX9cV0bN1nM2qW3eR4tT5yU6iI7oO8pP9aS0dF1gG2hH3jJ4kK5lL6zZ7xX8cC9vV0bB1nN2mM3qW4eR5tT6yU7iI8oO9pP0aS1dF2gG3hH4jJ5kK6lL7zZ8xX9cC0vB1nN2mQ3wE4rR5tT6yY7uU8iI9oO0pP1aS2dF3gG4hH5jJ6kK7lL8zX9cV0bN1nM2qW3eR4tT5yU6iI7oO8pP9aS0dF1gG2hH3jJ4kK5lL6zZ7xX8cC9vV0bB1nN2mM3qW4eR5tT6yU7iI8oO9pP0aS1dF2gG3hH4jJ5kK6lL7zZ8xX9cC0vB1nN2mQ3wE4rR5tT6yY7uU8iI9oO0pP1aS2dF3gG4hH5jJ6kK7l4hH5jJ6kK7lL8zX9cV0bN1nM2qW3eR4tT5yU6iI7oO8pP9aS0dF1gG2hH3jJ4kK5lL6zZ7xX8cC9vV0bB1nN2mM3qW4eR5tT6yU7iI8oO9pP0aS1dF2gG3hH4jJ5kK6lL7zZ8xX9cC0vB1nN2mQ3wE4rR5tT6yY7uU8iI9oO0pP1aS2dF3gG4hH5jJ6kK7lL8zX9cV0bN1nM2qW3eR4tT5yU6iI7oO8pP9aS0dF1gG2hH3jJ4kK5lL6zZ7xX8cC9vV0bB1nN2mM3qW4eR5tT6yU7iI8oO9pP0aS1dF2gG3hH4jJ5kK6lL7zZ8xX9cC0vB1nN2mQ3wE4rR5tT6yY7uU8iI9oO0pP1aS2dF3gG4hH5jJ6kK7l4hH5jJ6kK7lL8zX9cV0bN1nM2qW3eR4tT5yU6iI7oO8pP9aS0dF1gG2hH3jJ4kK5lL6zZ7xX8cC9vV0bB1nN2mM3qW4eR5tT6yU7iI8oO9pP0aS1dF2gG3hH4jJ5kK6lL7zZ8xX9cC0vB1nN2mQ3wE4rR5tT6yY7uU8iI9oO0pP1aS2dF3gG4hH5jJ6kK7lL8zX9cV0bN1nM2qW3eR4tT5yU6iI7oO8pP9aS0dF1gG2hH3jJ4kK5lL6zZ7xX8cC9vV0bB1nN2mM3qW4eR5tT6yU7iI8oO9pP0aS1dF2gG3hH4jJ5kK6lL7zZ8xX9cC0vB1nN2mQ3wE4rR5tT6yY7uU8iI9oO0pP1aS2dF3gG4hH5jJ6kK7l4hH5jJ6kK7lL8zX9cV0bN1nM2qW3eR4tT5yU6iI7oO8pP9aS0dF1gG2hH3jJ4kK5lL6zZ7xX8cC9vV0bB1nN2mM3qW4eR5tT6yU7iI8oO9pP0aS1dF2gG3hH4jJ5kK6lL7zZ8xX9cC0vB1nN2mQ3wE4rR5tT6yY7uU8iI9oO0pP1aS2dF3gG4hH5jJ6kK7lL8zX9cV0bN1nM2qW3eR4tT5yU6iI7oO8pP9aS0dF1gG2hH3jJ4kK5lL6zZ7xX8cC9vV0bB1nN2mM3qW4eR5tT6yU7iI8oO9pP0aS1dF2gG3hH4jJ5kK6lL7zZ8xX9cC0vB1nN2mQ3wE4rR5tT6yY7uU8iI9oO0pP1aS2dF3gG4hH5jJ6kK7l4hH5jJ6kK7lL8zX9cV0bN1nM2qW3eR4tT5yU6iI7oO8pP9aS0dF1gG2hH3jJ4kK5lL6zZ7xX8cC9vV0bB1nN2mM3qW4eR5tT6yU7iI8oO9pP0aS1dF2gG3hH4jJ5kK6lL7zZ8xX9cC0vB1nN2mQ3wE4rR5tT6yY7uU8iI9oO0pP1aS2dF3gG4hH5jJ6kK7lL8zX9cV0bN1nM2qW3eR4tT5yU6iI7oO8pP9aS0dF1gG2hH3jJ4kK5lL6zZ7xX8cC9vV0bB1nN2mM3qW4eR5tT6yU7iI8oO9pP0aS1dF2gG3hH4jJ5kK6lL7zZ8xX9cC0vB1nN2mQ3wE4rR5tT6yY7uU8iI9oO0pP1aS2dF3gG4hH5jJ6kK7l4hH5jJ6kK7lL8zX9cV0bN1nM2qW3eR4tT5yU6iI7oO8pP9aS0dF1gG2hH3jJ4kK5lL6zZ7xX8cC9vV0bB1nN2mM3qW4eR5tT6yU7iI8oO9pP0aS1dF2gG3hH4jJ5kK6lL7zZ8xX9cC0vB1nN2mQ3wE4rR5tT6yY7uU8iI9oO0pP1aS2dF3gG4hH5jJ6kK7lL8zX9cV0bN1nM2qW3eR4tT5yU6iI7oO8pP9aS0dF1gG2hH3jJ4kK5lL6zZ7xX8cC9vV0bB1nN2mM3qW4eR5tT6yU7iI8oO9pP0aS1dF2gG3hH4jJ5kK6lL7zZ8xX9cC0vB1nN2mQ3wE4rR5tT6yY7uU8iI9oO0pP1aS2dF3gG4hH5jJ6kK7l4hH5jJ6kK7lL8zX9cV0bN1nM2qW3eR4tT5yU6iI7oO8pP9aS0dF1gG2hH3jJ4kK5lL6z7nB9vR2mX8kLp4QjW3tY5zH1aG6sF9dD0fS8gA7hJ6kL5mN4bV3vC2xZ1oP9iU8uY7tT6rR5eE4wW3qQ2aZ1sX2dC3fV4gB5hN6jM7kL8pO9iU0yT1rE2wQ3aS4dF5gG6hH7jJ8kK9lL0zZ1xX2cC3vV4bB5nN6mM7qQ8wW9eE0rR1tT2yY3uU4iI5oO6pP7aA8sS9dD0fF1gG2hH3jJ4kK5lL6zZ7xX8cC9vV0bB1nN2mM3qW4eR5tT6yU7iI8oO9pP0aS1dF2gG3hH4jJ5kK6lL7zZ8xX9cC0vB1nN2mQ3wE4rR5tT6yY7uU8iI9oO0pP1aS2dF3gG4hH5jJ6kK7lL8zX9cV0bN1nM2qW3eR4tT5yU6iI7oO8pP9aS0dF1gG2hH3jJ4kK5lL6zZ7xX8cC9vV0bB1nN2mM3qW4eR5tT6yU7iI8oO9pP0aS1dF2gG3hH4jJ5kK6lL7zZ8xX9cC0vB1nN2mQ3wE4rR5tT6yY7uU8iI9oO0pP1aS2dF3gG4hH5jJ6kK7lL8zX9cV0bN1nM2qW3eR4tT5yU6iI7oO8pP9aS0dF1gG2hH3jJ4kK5lL6zZ7xX8cC9vV0bB1nN2mM3qW4eR5tT6yU7iI8oO9pP0aS1dF2gG3hH4jJ5kK6lL7zZ8xX9cC0vB1nN2mQ3wE4rR5tT6yY7uU8iI9oO0pP1aS2dF3gG4hH5jJ6kK7lL8zX9cV0bN1nM2qW3eR4tT5yU6iI7oO8pP9aS0dF1gG2hH3jJ4kK5lL6zZ7xX8cC9vV0bB1nN2mM3qW4eR5tT6yU7iI8oO9pP0aS1dF2gG3hH4jJ5kK6lL7zZ8xX9cC0vB1nN2mQ3wE4rR5tT6yY7uU8iI9oO0pP1aS2dF3gG4hH5jJ6kK7lL8zX9cV0bN1nM2qW3eR4tT5yU6iI7oO8pP9aS0dF1gG2hH3jJ4kK5lL6zZ7xX8cC9vV0bB1nN2mM3qW4eR5tT6yU7iI8oO9pP0aS1dF2gG3hH4jJ5kK6lL7zZ8xX9cC0vB1nN2mQ3wE4rR5tT6yY7uU8iI9oO0pP1aS2dF3gG4hH5jJ6kK7l4hH5jJ6kK7lL8zX9cV0bN1nM2qW3eR4tT5yU6iI7oO8pP9aS0dF1gG2hH3jJ4kK5lL6zZ7xX8cC9vV0bB1nN2mM3qW4eR5tT6yU7iI8oO9pP0aS1dF2gG3hH4jJ5kK6lL7zZ8xX9cC0vB1nN2mQ3wE4rR5tT6yY7uU8iI9oO0pP1aS2dF3gG4hH5jJ6kK7lL8zX9cV0bN1nM2qW3eR4tT5yU6iI7oO8pP9aS0dF1gG2hH3jJ4kK5lL6zZ7xX8cC9vV0bB1nN2mM3qW4eR5tT6yU7iI8oO9pP0aS1dF2gG3hH4jJ5kK6lL7zZ8xX9cC0vB1nN2mQ3wE4rR5tT6yY7uU8iI9oO0pP1aS2dF3gG4hH5jJ6kK7l4hH5jJ6kK7lL8zX9cV0bN1nM2qW3eR4tT5yU6iI7oO8pP9aS0dF1gG2hH3jJ4kK5lL6zZ7xX8cC9vV0bB1nN2mM3qW4eR5tT6yU7iI8oO9pP0aS1dF2gG3hH4jJ5kK6lL7zZ8xX9cC0vB1nN2mQ3wE4rR5tT6yY7uU8iI9oO0pP1aS2dF3gG4hH5jJ6kK7lL8zX9cV0bN1nM2qW3eR4tT5yU6iI7oO8pP9aS0dF1gG2hH3jJ4kK5lL6zZ7xX8cC9vV0bB1nN2mM3qW4eR5tT6yU7iI8oO9pP0aS1dF2gG3hH4jJ5kK6lL7zZ8xX9cC0vB1nN2mQ3wE4rR5tT6yY7uU8iI9oO0pP1aS2dF3gG4hH5jJ6kK7l4hH5jJ6kK7lL8zX9cV0bN1nM2qW3eR4tT5yU6iI7oO8pP9aS0dF1gG2hH3jJ4kK5lL6zZ7xX8cC9vV0bB1nN2mM3qW4eR5tT6yU7iI8oO9pP0aS1dF2gG3hH4jJ5kK6lL7zZ8xX9cC0vB1nN2mQ3wE4rR5tT6yY7uU8iI9oO0pP1aS2dF3gG4hH5jJ6kK7lL8zX9cV0bN1nM2qW3eR4tT5yU6iI7oO8pP9aS0dF1gG2hH3jJ4kK5lL6zZ7xX8cC9vV0bB1nN2mM3qW4eR5tT6yU7iI8oO9pP0aS1dF2gG3hH4jJ5kK6lL7zZ8xX9cC0vB1nN2mQ3wE4rR5tT6yY7uU8iI9oO0pP1aS2dF3gG4hH5jJ6kK7l4hH5jJ6kK7lL8zX9cV0bN1nM2qW3eR4tT5yU6iI7oO8pP9aS0dF1gG2hH3jJ4kK5lL6zZ7xX8cC9vV0bB1nN2mM3qW4eR5tT6yU7iI8oO9pP0aS1dF2gG3hH4jJ5kK6lL7zZ8xX9cC0vB1nN2mQ3wE4rR5tT6yY7uU8iI9oO0pP1aS2dF3gG4hH5jJ6kK7lL8zX9cV0bN1nM2qW3eR4tT5yU6iI7oO8pP9aS0dF1gG2hH3jJ4kK5lL6zZ7xX8cC9vV0bB1nN2mM3qW4eR5tT6yU7iI8oO9pP0aS1dF2gG3hH4jJ5kK6lL7zZ8xX9cC0vB1nN2mQ3wE4rR5tT6yY7uU8iI9oO0pP1aS2dF3gG4hH5jJ6kK7l4hH5jJ6kK7lL8zX9cV0bN1nM2qW3eR4tT5yU6iI7oO8pP9aS0dF1gG2hH3jJ4kK5lL6zZ7xX8cC9vV0bB1nN2mM3qW4eR5tT6yU7iI8oO9pP0aS1dF2gG3hH4jJ5kK6lL7zZ8xX9cC0vB1nN2mQ3wE4rR5tT6yY7uU8iI9oO0pP1aS2dF3gG4hH5jJ6kK7lL8zX9cV0bN1nM2qW3eR4tT5yU6iI7oO8pP9aS0dF1gG2hH3jJ4kK5lL6zZ7xX8cC9vV0bB1nN2mM3qW4eR5tT6yU7iI8oO9pP0aS1dF2gG3hH4jJ5kK6lL7zZ8xX9cC0vB1nN2mQ3wE4rR5tT6yY7uU8iI9oO0pP1aS2dF3gG4hH5jJ6kK7l4hH5jJ6kK7lL8zX9cV0bN1nM2qW3eR4tT5yU6iI7oO8pP9aS0dF1gG2hH3jJ4kK5lL6zZ7xX8cC9vV0bB1nN2mM3qW4eR5tT6yU7iI8oO9pP0aS1dF2gG3hH4jJ5kK6lL7zZ8xX9cC0vB1nN2mQ3wE4rR5tT6yY7uU8iI9oO0pP1aS2dF3gG4hH5jJ6kK7lL8zX9cV0bN1nM2qW3eR4tT5yU6iI7oO8pP9aS0dF1gG2hH3jJ4kK5lL6zZ7xX8cC9vV0bB1nN2mM3qW4eR5tT6yU7iI8oO9pP0aS1dF2gG3hH4jJ5kK6lL7zZ8xX9cC0vB1nN2mQ3wE4rR5tT6yY7uU8iI9oO0pP1aS2dF3gG4hH5jJ6kK7l4hH5jJ6kK7lL8zX9cV0bN1nM2qW3eR4tT5yU6iI7oO8pP9aS0dF1gG2hH3jJ4kK5lL6zZ7xX8cC9vV0bB1nN2mM3qW4eR5tT6yU7iI8oO9pP0aS1dF2gG3hH4jJ5kK6lL7zZ8xX9cC0vB1nN2mQ3wE4rR5tT6yY7uU8iI9oO0pP1aS2dF3gG4hH5jJ6kK7lL8zX9cV0bN1nM2qW3eR4tT5yU6iI7oO8pP9aS0dF1gG2hH3jJ4kK5lL6zZ7xX8cC9vV0bB1nN2mM3qW4eR5tT6yU7iI8oO9pP0aS1dF2gG3hH4jJ5kK6lL7zZ8xX9cC0vB1nN2mQ3wE4rR5tT6yY7uU8iI9oO0pP1aS2dF3gG4hH5jJ6kK7l4hH5jJ6kK7lL8zX9cV0bN1nM2qW3eR4tT5yU6iI7oO8pP9aS0dF1gG2hH3jJ4kK5lL6z7nB9vR2mX8kLp4QjW3tY5zH1aG6sF9dD0fS8gA7hJ6kL5mN4bV3vC2xZ1oP9iU8uY7tT6rR5eE4wW3qQ2aZ1sX2dC3fV4gB5hN6jM7kL8pO9iU0yT1rE2wQ3aS4dF5gG6hH7jJ8kK9lL0zZ1xX2cC3vV4bB5nN6mM7qQ8wW9eE0rR1tT2yY3uU4iI5oO6pP7aA8sS9dD0fF1gG2hH3jJ4kK5lL6zZ7xX8cC9vV0bB1nN2mM3qW4eR5tT6yU7iI8oO9pP0aS1dF2gG3hH4jJ5kK6lL7zZ8xX9cC0vB1nN2mQ3wE4rR5tT6yY7uU8iI9oO0pP1aS2dF3gG4hH5jJ6kK7lL8zX9cV0bN1nM2qW3eR4tT5yU6iI7oO8pP9aS0dF1gG2hH3jJ4kK5lL6zZ7xX8cC9vV0bB1nN2mM3qW4eR5tT6yU7iI8oO9pP0aS1dF2gG3hH4jJ5kK6lL7zZ8xX9cC0vB1nN2mQ3wE4rR5tT6yY7uU8iI9oO0pP1aS2dF3gG4hH5jJ6kK7lL8zX9cV0bN1nM2qW3eR4tT5yU6iI7oO8pP9aS0dF1gG2hH3jJ4kK5lL6zZ7xX8cC9vV0bB1nN2mM3qW4eR5tT6yU7iI8oO9pP0aS1dF2gG3hH4jJ5kK6lL7zZ8xX9cC0vB1nN2mQ3wE4rR5tT6yY7uU8iI9oO0pP1aS2dF3gG4hH5jJ6kK7lL8zX9cV0bN1nM2qW3eR4tT5yU6iI7oO8pP9aS0dF1gG2hH3jJ4kK5lL6zZ7xX8cC9vV0bB1nN2mM3qW4eR5tT6yU7iI8oO9pP0aS1dF2gG3hH4jJ5kK6lL7zZ8xX9cC0vB1nN2mQ3wE4rR5tT6yY7uU8iI9oO0pP1aS2dF3gG4hH5jJ6kK7lL8zX9cV0bN1nM2qW3eR4tT5yU6iI7oO8pP9aS0dF1gG2hH3jJ4kK5lL6zZ7xX8cC9vV0bB1nN2mM3qW4eR5tT6yU7iI8oO9pP0aS1dF2gG3hH4jJ5kK6lL7zZ8xX9cC0vB1nN2mQ3wE4rR5tT6yY7uU8iI9oO0pP1aS2dF3gG4hH5jJ6kK7l4hH5jJ6kK7lL8zX9cV0bN1nM2qW3eR4tT5yU6iI7oO8pP9aS0dF1gG2hH3jJ4kK5lL6zZ7xX8cC9vV0bB1nN2mM3qW4eR5tT6yU7iI8oO9pP0aS1dF2gG3hH4jJ5kK6lL7zZ8xX9cC0vB1nN2mQ3wE4rR5tT6yY7uU8iI9oO0pP1aS2dF3gG4hH5jJ6kK7lL8zX9cV0bN1nM2qW3eR4tT5yU6iI7oO8pP9aS0dF1gG2hH3jJ4kK5lL6zZ7xX8cC9vV0bB1nN2mM3qW4eR5tT6yU7iI8oO9pP0aS1dF2gG3hH4jJ5kK6lL7zZ8xX9cC0vB1nN2mQ3wE4rR5tT6yY7uU8iI9oO0pP1aS2dF3gG4hH5jJ6kK7l4hH5jJ6kK7lL8zX9cV0bN1nM2qW3eR4tT5yU6iI7oO8pP9aS0dF1gG2hH3jJ4kK5lL6zZ7xX8cC9vV0bB1nN2mM3qW4eR5tT6yU7iI8oO9pP0aS1dF2gG3hH4jJ5kK6lL7zZ8xX9cC0vB1nN2mQ3wE4rR5tT6yY7uU8iI9oO0pP1aS2dF3gG4hH5jJ6kK7lL8zX9cV0bN1nM2qW3eR4tT5yU6iI7oO8pP9aS0dF1gG2hH3jJ4kK5lL6zZ7xX8cC9vV0bB1nN2mM3qW4eR5tT6yU7iI8oO9pP0aS1dF2gG3hH4jJ5kK6lL7zZ8xX9cC0vB1nN2mQ3wE4rR5tT6yY7uU8iI9oO0pP1aS2dF3gG4hH5jJ6kK7l4hH5jJ6kK7lL8zX9cV0bN1nM2qW3eR4tT5yU6iI7oO8pP9aS0dF1gG2hH3jJ4kK5lL6zZ7xX8cC9vV0bB1nN2mM3qW4eR5tT6yU7iI8oO9pP0aS1dF2gG3hH4jJ5kK6lL7zZ8xX9cC0vB1nN2mQ3wE4rR5tT6yY7uU8iI9oO0pP1aS2dF3gG4hH5jJ6kK7lL8zX9cV0bN1nM2qW3eR4tT5yU6iI7oO8pP9aS0dF1gG2hH3jJ4kK5lL6zZ7xX8cC9vV0bB1nN2mM3qW4eR5tT6yU7iI8oO9pP0aS1dF2gG3hH4jJ5kK6lL7zZ8xX9cC0vB1nN2mQ3wE4rR5tT6yY7uU8iI9oO0pP1aS2dF3gG4hH5jJ6kK7l4hH5jJ6kK7lL8zX9cV0bN1nM2qW3eR4tT5yU6iI7oO8pP9aS0dF1gG2hH3jJ4kK5lL6zZ7xX8cC9vV0bB1nN2mM3qW4eR5tT6yU7iI8oO9pP0aS1dF2gG3hH4jJ5kK6lL7zZ8xX9cC0vB1nN2mQ3wE4rR5tT6yY7uU8iI9oO0pP1aS2dF3gG4hH5jJ6kK7lL8zX9cV0bN1nM2qW3eR4tT5yU6iI7oO8pP9aS0dF1gG2hH3jJ4kK5lL6zZ7xX8cC9vV0bB1nN2mM3qW4eR5tT6yU7iI8oO9pP0aS1dF2gG3hH4jJ5kK6lL7zZ8xX9cC0vB1nN2mQ3wE4rR5tT6yY7uU8iI9oO0pP1aS2dF3gG4hH5jJ6kK7l4hH5jJ6kK7lL8zX9cV0bN1nM2qW3eR4tT5yU6iI7oO8pP9aS0dF1gG2hH3jJ4kK5lL6zZ7xX8cC9vV0bB1nN2mM3qW4eR5tT6yU7iI8oO9pP0aS1dF2gG3hH4jJ5kK6lL7zZ8xX9cC0vB1nN2mQ3wE4rR5tT6yY7uU8iI9oO0pP1aS2dF3gG4hH5jJ6kK7lL8zX9cV0bN1nM2qW3eR4tT5yU6iI7oO8pP9aS0dF1gG2hH3jJ4kK5lL6zZ7xX8cC9vV0bB1nN2mM3qW4eR5tT6yU7iI8oO9pP0aS1dF2gG3hH4jJ5kK6lL7zZ8xX9cC0vB1nN2mQ3wE4rR5tT6yY7uU8iI9oO0pP1aS2dF3gG4hH5jJ6kK7l4hH5jJ6kK7lL8zX9cV0bN1nM2qW3eR4tT5yU6iI7oO8pP9aS0dF1gG2hH3jJ4kK5lL6zZ7xX8cC9vV0bB1nN2mM3qW4eR5tT6yU7iI8oO9pP0aS1dF2gG3hH4jJ5kK6lL7zZ8xX9cC0vB1nN2mQ3wE4rR5tT6yY7uU8iI9oO0pP1aS2dF3gG4hH5jJ6kK7lL8zX9cV0bN1nM2qW3eR4tT5yU6iI7oO8pP9aS0dF1gG2hH3jJ4kK5lL6zZ7xX8cC9vV0bB1nN2mM3qW4eR5tT6yU7iI8oO9pP0aS1dF2gG3hH4jJ5kK6lL7zZ8xX9cC0vB1nN2mQ3wE4rR5tT6yY7uU8iI9oO0pP1aS2dF3gG4hH5jJ6kK7l4hH5jJ6kK7lL8zX9cV0bN1nM2qW3eR4tT5yU6iI7oO8pP9aS0dF1gG2hH3jJ4kK5lL6zZ7xX8cC9vV0bB1nN2mM3qW4eR5tT6yU7iI8oO9pP0aS1dF2gG3hH4jJ5kK6lL7zZ8xX9cC0vB1nN2mQ3wE4rR5tT6yY7uU8iI9oO0pP1aS2dF3gG4hH5jJ6kK7lL8zX9cV0bN1nM2qW3eR4tT5yU6iI7oO8pP9aS0dF1gG2hH3jJ4kK5lL6zZ7xX8cC9vV0bB1nN2mM3qW4eR5tT6yU7iI8oO9pP0aS1dF2gG3hH4jJ5kK6lL7zZ8xX9cC0vB1nN2mQ3wE4rR5tT6yY7uU8iI9oO0pP1aS2dF3gG4hH5jJ6kK7l4hH5jJ6kK7lL8zX9cV0bN1nM2qW3eR4tT5yU6iI7oO8pP9aS0dF1gG2hH3jJ4kK5lL6z7nB9vR2mX8kLp4QjW3tY5zH1aG6sF9dD0fS8gA7hJ6kL5mN4bV3vC2xZ1oP9iU8uY7tT6rR5eE4wW3qQ2aZ1sX2dC3fV4gB5hN6jM7kL8pO9iU0yT1rE2wQ3aS4dF5gG6hH7jJ8kK9lL0zZ1xX2cC3vV4bB5nN6mM7qQ8wW9eE0rR1tT2yY3uU4iI5oO6pP7aA8sS9dD0fF1gG2hH3jJ4kK5lL6zZ7xX8cC9vV0bB1nN2mM3qW4eR5tT6yU7iI8oO9pP0aS1dF2gG3hH4jJ5kK6lL7zZ8xX9cC0vB1nN2mQ3wE4rR5tT6yY7uU8iI9oO0pP1aS2dF3gG4hH5jJ6kK7lL8zX9cV0bN1nM2qW3eR4tT5yU6iI7oO8pP9aS0dF1gG2hH3jJ4kK5lL6zZ7xX8cC9vV0bB1nN2mM3qW4eR5tT6yU7iI8oO9pP0aS1dF2gG3hH4jJ5kK6lL7zZ8xX9cC0vB1nN2mQ3wE4rR5tT6yY7uU8iI9oO0pP1aS2dF3gG4hH5jJ6kK7lL8zX9cV0bN1nM2qW3eR4tT5yU6iI7oO8pP9aS0dF1gG2hH3jJ4kK5lL6zZ7xX8cC9vV0bB1nN2mM3qW4eR5tT6yU7iI8oO9pP0aS1dF2gG3hH4jJ5kK6lL7zZ8xX9cC0vB1nN2mQ3wE4rR5tT6yY7uU8iI9oO0pP1aS2dF3gG4hH5jJ6kK7lL8zX9cV0bN1nM2qW3eR4tT5yU6iI7oO8pP9aS0dF1gG2hH3jJ4kK5lL6zZ7xX8cC9vV0bB1nN2mM3qW4eR5tT6yU7iI8oO9pP0aS1dF2gG3hH4jJ5kK6lL7zZ8xX9cC0vB1nN2mQ3wE4rR5tT6yY7uU8iI9oO0pP1aS2dF3gG4hH5jJ6kK7lL8zX9cV0bN1nM2qW3eR4tT5yU6iI7oO8pP9aS0dF1gG2hH3jJ4kK5lL6zZ7xX8cC9vV0bB1nN2mM3qW4eR5tT6yU7iI8oO9pP0aS1dF2gG3hH4jJ5kK6lL7zZ8xX9cC0vB1nN2mQ3wE4rR5tT6yY7uU8iI9oO0pP1aS2dF3gG4hH5jJ6kK7l4hH5jJ6kK7lL8zX9cV0bN1nM2qW3eR4tT5yU6iI7oO8pP9aS0dF1gG2hH3jJ4kK5lL6zZ7xX8cC9vV0bB1nN2mM3qW4eR5tT6yU7iI8oO9pP0aS1dF2gG3hH4jJ5kK6lL7zZ8xX9cC0vB1nN2mQ3wE4rR5tT6yY7uU8iI9oO0pP1aS2dF3gG4hH5jJ6kK7lL8zX9cV0bN1nM2qW3eR4tT5yU6iI7oO8pP9aS0dF1gG2hH3jJ4kK5lL6zZ7xX8cC9vV0bB1nN2mM3qW4eR5tT6yU7iI8oO9pP0aS1dF2gG3hH4jJ5kK6lL7zZ8xX9cC0vB1nN2mQ3wE4rR5tT6yY7uU8iI9oO0pP1aS2dF3gG4hH5jJ6kK7l4hH5jJ6kK7lL8zX9cV0bN1nM2qW3eR4tT5yU6iI7oO8pP9aS0dF1gG2hH3jJ4kK5lL6zZ7xX8cC9vV0bB1nN2mM3qW4eR5tT6yU7iI8oO9pP0aS1dF2gG3hH4jJ5kK6lL7zZ8xX9cC0vB1nN2mQ3wE4rR5tT6yY7uU8iI9oO0pP1aS2dF3gG4hH5jJ6kK7lL8zX9cV0bN1nM2qW3eR4tT5yU6iI7oO8pP9aS0dF1gG2hH3jJ4kK5lL6zZ7xX8cC9vV0bB1nN2mM3qW4eR5tT6yU7iI8oO9pP0aS1dF2gG3hH4jJ5kK6lL7zZ8xX9cC0vB1nN2mQ3wE4rR5tT6yY7uU8iI9oO0pP1aS2dF3gG4hH5jJ6kK7l4hH5jJ6kK7lL8zX9cV0bN1nM2qW3eR4tT5yU6iI7oO8pP9aS0dF1gG2hH3jJ4kK5lL6zZ7xX8cC9vV0bB1nN2mM3qW4eR5tT6yU7iI8oO9pP0aS1dF2gG3hH4jJ5kK6lL7zZ8xX9cC0vB1nN2mQ3wE4rR5tT6yY7uU8iI9oO0pP1aS2dF3gG4hH5jJ6kK7lL8zX9cV0bN1nM2qW3eR4tT5yU6iI7oO8pP9aS0dF1gG2hH3jJ4kK5lL6zZ7xX8cC9vV0bB1nN2mM3qW4eR5tT6yU7iI8oO9pP0aS1dF2gG3hH4jJ5kK6lL7zZ8xX9cC0vB1nN2mQ3wE4rR5tT6yY7uU8iI9oO0pP1aS2dF3gG4hH5jJ6kK7l4hH5jJ6kK7lL8zX9cV0bN1nM2qW3eR4tT5yU6iI7oO8pP9aS0dF1gG2hH3jJ4kK5lL6zZ7xX8cC9vV0bB1nN2mM3qW4eR5tT6yU7iI8oO9pP0aS1dF2gG3hH4jJ5kK6lL7zZ8xX9cC0vB1nN2mQ3wE4rR5tT6yY7uU8iI9oO0pP1aS2dF3gG4hH5jJ6kK7lL8zX9cV0bN1nM2qW3eR4tT5yU6iI7oO8pP9aS0dF1gG2hH3jJ4kK5lL6zZ7xX8cC9vV0bB1nN2mM3qW4eR5tT6yU7iI8oO9pP0aS1dF2gG3hH4jJ5kK6lL7zZ8xX9cC0vB1nN2mQ3wE4rR5tT6yY7uU8iI9oO0pP1aS2dF3gG4hH5jJ6kK7l4hH5jJ6kK7lL8zX9cV0bN1nM2qW3eR4tT5yU6iI7oO8pP9aS0dF1gG2hH3jJ4kK5lL6zZ7xX8cC9vV0bB1nN2mM3qW4eR5tT6yU7iI8oO9pP0aS1dF2gG3hH4jJ5kK6lL7zZ8xX9cC0vB1nN2mQ3wE4rR5tT6yY7uU8iI9oO0pP1aS2dF3gG4hH5jJ6kK7lL8zX9cV0bN1nM2qW3eR4tT5yU6iI7oO8pP9aS0dF1gG2hH3jJ4kK5lL6zZ7xX8cC9vV0bB1nN2mM3qW4eR5tT6yU7iI8oO9pP0aS1dF2gG3hH4jJ5kK6lL7zZ8xX9cC0vB1nN2mQ3wE4rR5tT6yY7uU8iI9oO0pP1aS2dF3gG4hH5jJ6kK7l4hH5jJ6kK7lL8zX9cV0bN1nM2qW3eR4tT5yU6iI7oO8pP9aS0dF1gG2hH3jJ4kK5lL6zZ7xX8cC9vV0bB1nN2mM3qW4eR5tT6yU7iI8oO9pP0aS1dF2gG3hH4jJ5kK6lL7zZ8xX9cC0vB1nN2mQ3wE4rR5tT6yY7uU8iI9oO0pP1aS2dF3gG4hH5jJ6kK7lL8zX9cV0bN1nM2qW3eR4tT5yU6iI7oO8pP9aS0dF1gG2hH3jJ4kK5lL6zZ7xX8cC9vV0bB1nN2mM3qW4eR5tT6yU7iI8oO9pP0aS1dF2gG3hH4jJ5kK6lL7zZ8xX9cC0vB1nN2mQ3wE4rR5tT6yY7uU8iI9oO0pP1aS2dF3gG4hH5jJ6kK7l4hH5jJ6kK7lL8zX9cV0bN1nM2qW3eR4tT5yU6iI7oO8pP9aS0dF1gG2hH3jJ4kK5lL6zZ7xX8cC9vV0bB1nN2mM3qW4eR5tT6yU7iI8oO9pP0aS1dF2gG3hH4jJ5kK6lL7zZ8xX9cC0vB1nN2mQ3wE4rR5tT6yY7uU8iI9oO0pP1aS2dF3gG4hH5jJ6kK7lL8zX9cV0bN1nM2qW3eR4tT5yU6iI7oO8pP9aS0dF1gG2hH3jJ4kK5lL6zZ7xX8cC9vV0bB1nN2mM3qW4eR5tT6yU7iI8oO9pP0aS1dF2gG3hH4jJ5kK6lL7zZ8xX9cC0vB1nN2mQ3wE4rR5tT6yY7uU8iI9oO0pP1aS2dF3gG4hH5jJ6kK7l4hH5jJ6kK7lL8zX9cV0bN1nM2qW3eR4tT5yU6iI7oO8pP9aS0dF1gG2hH3jJ4kK5lL6z7nB9vR2mX8kLp4QjW3tY5zH1aG6sF9dD0fS8gA7hJ6kL5mN4bV3vC2xZ1oP9iU8uY7tT6rR5eE4wW3qQ2aZ1sX2dC3fV4gB5hN6jM7kL8pO9iU0yT1rE2wQ3aS4dF5gG6hH7jJ8kK9lL0zZ1xX2cC3vV4bB5nN6mM7qQ8wW9eE0rR1tT2yY3uU4iI5oO6pP7aA8sS9dD0fF1gG2hH3jJ4kK5lL6zZ7xX8cC9vV0bB1nN2mM3qW4eR5tT6yU7iI8oO9pP0aS1dF2gG3hH4jJ5kK6lL7zZ8xX9cC0vB1nN2mQ3wE4rR5tT6yY7uU8iI9oO0pP1aS2dF3gG4hH5jJ6kK7lL8zX9cV0bN1nM2qW3eR4tT5yU6iI7oO8pP9aS0dF1gG2hH3jJ4kK5lL6zZ7xX8cC9vV0bB1nN2mM3qW4eR5tT6yU7iI8oO9pP0aS1dF2gG3hH4jJ5kK6lL7zZ8xX9cC0vB1nN2mQ3wE4rR5tT6yY7uU8iI9oO0pP1aS2dF3gG4hH5jJ6kK7lL8zX9cV0bN1nM2qW3eR4tT5yU6iI7oO8pP9aS0dF1gG2hH3jJ4kK5lL6zZ7xX8cC9vV0bB1nN2mM3qW4eR5tT6yU7iI8oO9pP0aS1dF2gG3hH4jJ5kK6lL7zZ8xX9cC0vB1nN2mQ3wE4rR5tT6yY7uU8iI9oO0pP1aS2dF3gG4hH5jJ6kK7lL8zX9cV0bN1nM2qW3eR4tT5yU6iI7oO8pP9aS0dF1gG2hH3jJ4kK5lL6zZ7xX8cC9vV0bB1nN2mM3qW4eR5tT6yU7iI8oO9pP0aS1dF2gG3hH4jJ5kK6lL7zZ8xX9cC0vB1nN2mQ3wE4rR5tT6yY7uU8iI9oO0pP1aS2dF3gG4hH5jJ6kK7lL8zX9cV0bN1nM2qW3eR4tT5yU6iI7oO8pP9aS0dF1gG2hH3jJ4kK5lL6zZ7xX8cC9vV0bB1nN2mM3qW4eR5tT6yU7iI8oO9pP0aS1dF2gG3hH4jJ5kK6lL7zZ8xX9cC0vB1nN2mQ3wE4rR5tT6yY7uU8iI9oO0pP1aS2dF3gG4hH5jJ6kK7l4hH5jJ6kK7lL8zX9cV0bN1nM2qW3eR4tT5yU6iI7oO8pP9aS0dF1gG2hH3jJ4kK5lL6zZ7xX8cC9vV0bB1nN2mM3qW4eR5tT6yU7iI8oO9pP0aS1dF2gG3hH4jJ5kK6lL7zZ8xX9cC0vB1nN2mQ3wE4rR5tT6yY7uU8iI9oO0pP1aS2dF3gG4hH5jJ6kK7lL8zX9cV0bN1nM2qW3eR4tT5yU6iI7oO8pP9aS0dF1gG2hH3jJ4kK5lL6zZ7xX8cC9vV0bB1nN2mM3qW4eR5tT6yU7iI8oO9pP0aS1dF2gG3hH4jJ5kK6lL7zZ8xX9cC0vB1nN2mQ3wE4rR5tT6yY7uU8iI9oO0pP1aS2dF3gG4hH5jJ6kK7l4hH5jJ6kK7lL8zX9cV0bN1nM2qW3eR4tT5yU6iI7oO8pP9aS0dF1gG2hH3jJ4kK5lL6zZ7xX8cC9vV0bB1nN2mM3qW4eR5tT6yU7iI8oO9pP0aS1dF2gG3hH4jJ5kK6lL7zZ8xX9cC0vB1nN2mQ3wE4rR5tT6yY7uU8iI9oO0pP1aS2dF3gG4hH5jJ6kK7lL8zX9cV0bN1nM2qW3eR4tT5yU6iI7oO8pP9aS0dF1gG2hH3jJ4kK5lL6zZ7xX8cC9vV0bB1nN2mM3qW4eR5tT6yU7iI8oO9pP0aS1dF2gG3hH4jJ5kK6lL7zZ8xX9cC0vB1nN2mQ3wE4rR5tT6yY7uU8iI9oO0pP1aS2dF3gG4hH5jJ6kK7l4hH5jJ6kK7lL8zX9cV0bN1nM2qW3eR4tT5yU6iI7oO8pP9aS0dF1gG2hH3jJ4kK5lL6zZ7xX8cC9vV0bB1nN2mM3qW4eR5tT6yU7iI8oO9pP0aS1dF2gG3hH4jJ5kK6lL7zZ8xX9cC0vB1nN2mQ3wE4rR5tT6yY7uU8iI9oO0pP1aS2dF3gG4hH5jJ6kK7lL8zX9cV0bN1nM2qW3eR4tT5yU6iI7oO8pP9aS0dF1gG2hH3jJ4kK5lL6zZ7xX8cC9vV0bB1nN2mM3qW4eR5tT6yU7iI8oO9pP0aS1dF2gG3hH4jJ5kK6lL7zZ8xX9cC0vB1nN2mQ3wE4rR5tT6yY7uU8iI9oO0pP1aS2dF3gG4hH5jJ6kK7l4hH5jJ6kK7lL8zX9cV0bN1nM2qW3eR4tT5yU6iI7oO8pP9aS0dF1gG2hH3jJ4kK5lL6zZ7xX8cC9vV0bB1nN2mM3qW4eR5tT6yU7iI8oO9pP0aS1dF2gG3hH4jJ5kK6lL7zZ8xX9cC0vB1nN2mQ3wE4rR5tT6yY7uU8iI9oO0pP1aS2dF3gG4hH5jJ6kK7lL8zX9cV0bN1nM2qW3eR4tT5yU6iI7oO8pP9aS0dF1gG2hH3jJ4kK5lL6zZ7xX8cC9vV0bB1nN2mM3qW4eR5tT6yU7iI8oO9pP0aS1dF2gG3hH4jJ5kK6lL7zZ8xX9cC0vB1nN2mQ3wE4rR5tT6yY7uU8iI9oO0pP1aS2dF3gG4hH5jJ6kK7l4hH5jJ6kK7lL8zX9cV0bN1nM2qW3eR4tT5yU6iI7oO8pP9aS0dF1gG2hH3jJ4kK5lL6zZ7xX8cC9vV0bB1nN2mM3qW4eR5tT6yU7iI8oO9pP0aS1dF2gG3hH4jJ5kK6lL7zZ8xX9cC0vB1nN2mQ3wE4rR5tT6yY7uU8iI9oO0pP1aS2dF3gG4hH5jJ6kK7lL8zX9cV0bN1nM2qW3eR4tT5yU6iI7oO8pP9aS0dF1gG2hH3jJ4kK5lL6zZ7xX8cC9vV0bB1nN2mM3qW4eR5tT6yU7iI8oO9pP0aS1dF2gG3hH4jJ5kK6lL7zZ8xX9cC0vB1nN2mQ3wE4rR5tT6yY7uU8iI9oO0pP1aS2dF3gG4hH5jJ6kK7l4hH5jJ6kK7lL8zX9cV0bN1nM2qW3eR4tT5yU6iI7oO8pP9aS0dF1gG2hH3jJ4kK5lL6zZ7xX8cC9vV0bB1nN2mM3qW4eR5tT6yU7iI8oO9pP0aS1dF2gG3hH4jJ5kK6lL7zZ8xX9cC0vB1nN2mQ3wE4rR5tT6yY7uU8iI9oO0pP1aS2dF3gG4hH5jJ6kK7lL8zX9cV0bN1nM2qW3eR4tT5yU6iI7oO8pP9aS0dF1gG2hH3jJ4kK5lL6zZ7xX8cC9vV0bB1nN2mM3qW4eR5tT6yU7iI8oO9pP0aS1dF2gG3hH4jJ5kK6lL7zZ8xX9cC0vB1nN2mQ3wE4rR5tT6yY7uU8iI9oO0pP1aS2dF3gG4hH5jJ6kK7l4hH5jJ6kK7lL8zX9cV0bN1nM2qW3eR4tT5yU6iI7oO8pP9aS0dF1gG2hH3jJ4kK5lL6zZ7xX8cC9vV0bB1nN2mM3qW4eR5tT6yU7iI8oO9pP0aS1dF2gG3hH4jJ5kK6lL7zZ8xX9cC0vB1nN2mQ3wE4rR5tT6yY7uU8iI9oO0pP1aS2dF3gG4hH5jJ6kK7lL8zX9cV0bN1nM2qW3eR4tT5yU6iI7oO8pP9aS0dF1gG2hH3jJ4kK5lL6zZ7xX8cC9vV0bB1nN2mM3qW4eR5tT6yU7iI8oO9pP0aS1dF2gG3hH4jJ5kK6lL7zZ8xX9cC0vB1nN2mQ3wE4rR5tT6yY7uU8iI9oO0pP1aS2dF3gG4hH5jJ6kK7l4hH5jJ6kK7lL8zX9cV0bN1nM2qW3eR4tT5yU6iI7oO8pP9aS0dF1gG2hH3jJ4kK5lL6z7nB9vR2mX8kLp4QjW3tY5zH1aG6sF9dD0fS8gA7hJ6kL5mN4bV3vC2xZ1oP9iU8uY7tT6rR5eE4wW3qQ2aZ1sX2dC3fV4gB5hN6jM7kL8pO9iU0yT1rE2wQ3aS4dF5gG6hH7jJ8kK9lL0zZ1xX2cC3vV4bB5nN6mM7qQ8wW9eE0rR1tT2yY3uU4iI5oO6pP7aA8sS9dD0fF1gG2hH3jJ4kK5lL6zZ7xX8cC9vV0bB1nN2mM3qW4eR5tT6yU7iI8oO9pP0aS1dF2gG3hH4jJ5kK6lL7zZ8xX9cC0vB1nN2mQ3wE4rR5tT6yY7uU8iI9oO0pP1aS2dF3gG4hH5jJ6kK7lL8zX9cV0bN1nM2qW3eR4tT5yU6iI7oO8pP9aS0dF1gG2hH3jJ4kK5lL6zZ7xX8cC9vV0bB1nN2mM3qW4eR5tT6yU7iI8oO9pP0aS1dF2gG3hH4jJ5kK6lL7zZ8xX9cC0vB1nN2mQ3wE4rR5tT6yY7uU8iI9oO0pP1aS2dF3gG4hH5jJ6kK7lL8zX9cV0bN1nM2qW3eR4tT5yU6iI7oO8pP9aS0dF1gG2hH3jJ4kK5lL6zZ7xX8cC9vV0bB1nN2mM3qW4eR5tT6yU7iI8oO9pP0aS1dF2gG3hH4jJ5kK6lL7zZ8xX9cC0vB1nN2mQ3wE4rR5tT6yY7uU8iI9oO0pP1aS2dF3gG4hH5jJ6kK7lL8zX9cV0bN1nM2qW3eR4tT5yU6iI7oO8pP9aS0dF1gG2hH3jJ4kK5lL6zZ7xX8cC9vV0bB1nN2mM3qW4eR5tT6yU7iI8oO9pP0aS1dF2gG3hH4jJ5kK6lL7zZ8xX9cC0vB1nN2mQ3wE4rR5tT6yY7uU8iI9oO0pP1aS2dF3gG4hH5jJ6kK7lL8zX9cV0bN1nM2qW3eR4tT5yU6iI7oO8pP9aS0dF1gG2hH3jJ4kK5lL6zZ7xX8cC9vV0bB1nN2mM3qW4eR5tT6yU7iI8oO9pP0aS1dF2gG3hH4jJ5kK6lL7zZ8xX9cC0vB1nN2mQ3wE4rR5tT6yY7uU8iI9oO0pP1aS2dF3gG4hH5jJ6kK7l4hH5jJ6kK7lL8zX9cV0bN1nM2qW3eR4tT5yU6iI7oO8pP9aS0dF1gG2hH3jJ4kK5lL6zZ7xX8cC9vV0bB1nN2mM3qW4eR5tT6yU7iI8oO9pP0aS1dF2gG3hH4jJ5kK6lL7zZ8xX9cC0vB1nN2mQ3wE4rR5tT6yY7uU8iI9oO0pP1aS2dF3gG4hH5jJ6kK7lL8zX9cV0bN1nM2qW3eR4tT5yU6iI7oO8pP9aS0dF1gG2hH3jJ4kK5lL6zZ7xX8cC9vV0bB1nN2mM3qW4eR5tT6yU7iI8oO9pP0aS1dF2gG3hH4jJ5kK6lL7zZ8xX9cC0vB1nN2mQ3wE4rR5tT6yY7uU8iI9oO0pP1aS2dF3gG4hH5jJ6kK7l4hH5jJ6kK7lL8zX9cV0bN1nM2qW3eR4tT5yU6iI7oO8pP9aS0dF1gG2hH3jJ4kK5lL6zZ7xX8cC9vV0bB1nN2mM3qW4eR5tT6yU7iI8oO9pP0aS1dF2gG3hH4jJ5kK6lL7zZ8xX9cC0vB1nN2mQ3wE4rR5tT6yY7uU8iI9oO0pP1aS2dF3gG4hH5jJ6kK7lL8zX9cV0bN1nM2qW3eR4tT5yU6iI7oO8pP9aS0dF1gG2hH3jJ4kK5lL6zZ7xX8cC9vV0bB1nN2mM3qW4eR5tT6yU7iI8oO9pP0aS1dF2gG3hH4jJ5kK6lL7zZ8xX9cC0vB1nN2mQ3wE4rR5tT6yY7uU8iI9oO0pP1aS2dF3gG4hH5jJ6kK7l4hH5jJ6kK7lL8zX9cV0bN1nM2qW3eR4tT5yU6iI7oO8pP9aS0dF1gG2hH3jJ4kK5lL6zZ7xX8cC9vV0bB1nN2mM3qW4eR5tT6yU7iI8oO9pP0aS1dF2gG3hH4jJ5kK6lL7zZ8xX9cC0vB1nN2mQ3wE4rR5tT6yY7uU8iI9oO0pP1aS2dF3gG4hH5jJ6kK7lL8zX9cV0bN1nM2qW3eR4tT5yU6iI7oO8pP9aS0dF1gG2hH3jJ4kK5lL6zZ7xX8cC9vV0bB1nN2mM3qW4eR5tT6yU7iI8oO9pP0aS1dF2gG3hH4jJ5kK6lL7zZ8xX9cC0vB1nN2mQ3wE4rR5tT6yY7uU8iI9oO0pP1aS2dF3gG4hH5jJ6kK7l4hH5jJ6kK7lL8zX9cV0bN1nM2qW3eR4tT5yU6iI7oO8pP9aS0dF1gG2hH3jJ4kK5lL6zZ7xX8cC9vV0bB1nN2mM3qW4eR5tT6yU7iI8oO9pP0aS1dF2gG3hH4jJ5kK6lL7zZ8xX9cC0vB1nN2mQ3wE4rR5tT6yY7uU8iI9oO0pP1aS2dF3gG4hH5jJ6kK7lL8zX9cV0bN1nM2qW3eR4tT5yU6iI7oO8pP9aS0dF1gG2hH3jJ4kK5lL6zZ7xX8cC9vV0bB1nN2mM3qW4eR5tT6yU7iI8oO9pP0aS1dF2gG3hH4jJ5kK6lL7zZ8xX9cC0vB1nN2mQ3wE4rR5tT6yY7uU8iI9oO0pP1aS2dF3gG4hH5jJ6kK7l4hH5jJ6kK7lL8zX9cV0bN1nM2qW3eR4tT5yU6iI7oO8pP9aS0dF1gG2hH3jJ4kK5lL6zZ7xX8cC9vV0bB1nN2mM3qW4eR5tT6yU7iI8oO9pP0aS1dF2gG3hH4jJ5kK6lL7zZ8xX9cC0vB1nN2mQ3wE4rR5tT6yY7uU8iI9oO0pP1aS2dF3gG4hH5jJ6kK7lL8zX9cV0bN1nM2qW3eR4tT5yU6iI7oO8pP9aS0dF1gG2hH3jJ4kK5lL6zZ7xX8cC9vV0bB1nN2mM3qW4eR5tT6yU7iI8oO9pP0aS1dF2gG3hH4jJ5kK6lL7zZ8xX9cC0vB1nN2mQ3wE4rR5tT6yY7uU8iI9oO0pP1aS2dF3gG4hH5jJ6kK7l4hH5jJ6kK7lL8zX9cV0bN1nM2qW3eR4tT5yU6iI7oO8pP9aS0dF1gG2hH3jJ4kK5lL6zZ7xX8cC9vV0bB1nN2mM3qW4eR5tT6yU7iI8oO9pP0aS1dF2gG3hH4jJ5kK6lL7zZ8xX9cC0vB1nN2mQ3wE4rR5tT6yY7uU8iI9oO0pP1aS2dF3gG4hH5jJ6kK7lL8zX9cV0bN1nM2qW3eR4tT5yU6iI7oO8pP9aS0dF1gG2hH3jJ4kK5lL6zZ7xX8cC9vV0bB1nN2mM3qW4eR5tT6yU7iI8oO9pP0aS1dF2gG3hH4jJ5kK6lL7zZ8xX9cC0vB1nN2mQ3wE4rR5tT6yY7uU8iI9oO0pP1aS2dF3gG4hH5jJ6kK7l4hH5jJ6kK7lL8zX9cV0bN1nM2qW3eR4tT5yU6iI7oO8pP9aS0dF1gG2hH3jJ4kK5lL6zZ7xX8cC9vV0bB1nN2mM3qW4eR5tT6yU7iI8oO9pP0aS1dF2gG3hH4jJ5kK6lL7zZ8xX9cC0vB1nN2mQ3wE4rR5tT6yY7uU8iI9oO0pP1aS2dF3gG4hH5jJ6kK7lL8zX9cV0bN1nM2qW3eR4tT5yU6iI7oO8pP9aS0dF1gG2hH3jJ4kK5lL6zZ7xX8cC9vV0bB1nN2mM3qW4eR5tT6yU7iI8oO9pP0aS1dF2gG3hH4jJ5kK6lL7zZ8xX9cC0vB1nN2mQ3wE4rR5tT6yY7uU8iI9oO0pP1aS2dF3gG4hH5jJ6kK7l4hH5jJ6kK7lL8zX9cV0bN1nM2qW3eR4tT5yU6iI7oO8pP9aS0dF1gG2hH3jJ4kK5lL6z7nB9vR2mX8kLp4QjW3tY5zH1aG6sF9dD0fS8gA7hJ6kL5mN4bV3vC2xZ1oP9iU8uY7tT6rR5eE4wW3qQ2aZ1sX2dC3fV4gB5hN6jM7kL8pO9iU0yT1rE2wQ3aS4dF5gG6hH7jJ8kK9lL0zZ1xX2cC3vV4bB5nN6mM7qQ8wW9eE0rR1tT2yY3uU4iI5oO6pP7aA8sS9dD0fF1gG2hH3jJ4kK5lL6zZ7xX8cC9vV0bB1nN2mM3qW4eR5tT6yU7iI8oO9pP0aS1dF2gG3hH4jJ5kK6lL7zZ8xX9cC0vB1nN2mQ3wE4rR5tT6yY7uU8iI9oO0pP1aS2dF3gG4hH5jJ6kK7lL8zX9cV0bN1nM2qW3eR4tT5yU6iI7oO8pP9aS0dF1gG2hH3jJ4kK5lL6zZ7xX8cC9vV0bB1nN2mM3qW4eR5tT6yU7iI8oO9pP0aS1dF2gG3hH4jJ5kK6lL7zZ8xX9cC0vB1nN2mQ3wE4rR5tT6yY7uU8iI9oO0pP1aS2dF3gG4hH5jJ6kK7lL8zX9cV0bN1nM2qW3eR4tT5yU6iI7oO8pP9aS0dF1gG2hH3jJ4kK5lL6zZ7xX8cC9vV0bB1nN2mM3qW4eR5tT6yU7iI8oO9pP0aS1dF2gG3hH4jJ5kK6lL7zZ8xX9cC0vB1nN2mQ3wE4rR5tT6yY7uU8iI9oO0pP1aS2dF3gG4hH5jJ6kK7lL8zX9cV0bN1nM2qW3eR4tT5yU6iI7oO8pP9aS0dF1gG2hH3jJ4kK5lL6zZ7xX8cC9vV0bB1nN2mM3qW4eR5tT6yU7iI8oO9pP0aS1dF2gG3hH4jJ5kK6lL7zZ8xX9cC0vB1nN2mQ3wE4rR5tT6yY7uU8iI9oO0pP1aS2dF3gG4hH5jJ6kK7lL8zX9cV0bN1nM2qW3eR4tT5yU6iI7oO8pP9aS0dF1gG2hH3jJ4kK5lL6zZ7xX8cC9vV0bB1nN2mM3qW4eR5tT6yU7iI8oO9pP0aS1dF2gG3hH4jJ5kK6lL7zZ8xX9cC0vB1nN2mQ3wE4rR5tT6yY7uU8iI9oO0pP1aS2dF3gG4hH5jJ6kK7l4hH5jJ6kK7lL8zX9cV0bN1nM2qW3eR4tT5yU6iI7oO8pP9aS0dF1gG2hH3jJ4kK5lL6zZ7xX8cC9vV0bB1nN2mM3qW4eR5tT6yU7iI8oO9pP0aS1dF2gG3hH4jJ5kK6lL7zZ8xX9cC0vB1nN2mQ3wE4rR5tT6yY7uU8iI9oO0pP1aS2dF3gG4hH5jJ6kK7lL8zX9cV0bN1nM2qW3eR4tT5yU6iI7oO8pP9aS0dF1gG2hH3jJ4kK5lL6zZ7xX8cC9vV0bB1nN2mM3qW4eR5tT6yU7iI8oO9pP0aS1dF2gG3hH4jJ5kK6lL7zZ8xX9cC0vB1nN2mQ3wE4rR5tT6yY7uU8iI9oO0pP1aS2dF3gG4hH5jJ6kK7l4hH5jJ6kK7lL8zX9cV0bN1nM2qW3eR4tT5yU6iI7oO8pP9aS0dF1gG2hH3jJ4kK5lL6zZ7xX8cC9vV0bB1nN2mM3qW4eR5tT6yU7iI8oO9pP0aS1dF2gG3hH4jJ5kK6lL7zZ8xX9cC0vB1nN2mQ3wE4rR5tT6yY7uU8iI9oO0pP1aS2dF3gG4hH5jJ6kK7lL8zX9cV0bN1nM2qW3eR4tT5yU6iI7oO8pP9aS0dF1gG2hH3jJ4kK5lL6zZ7xX8cC9vV0bB1nN2mM3qW4eR5tT6yU7iI8oO9pP0aS1dF2gG3hH4jJ5kK6lL7zZ8xX9cC0vB1nN2mQ3wE4rR5tT6yY7uU8iI9oO0pP1aS2dF3gG4hH5jJ6kK7l4hH5jJ6kK7lL8zX9cV0bN1nM2qW3eR4tT5yU6iI7oO8pP9aS0dF1gG2hH3jJ4kK5lL6zZ7xX8cC9vV0bB1nN2mM3qW4eR5tT6yU7iI8oO9pP0aS1dF2gG3hH4jJ5kK6lL7zZ8xX9cC0vB1nN2mQ3wE4rR5tT6yY7uU8iI9oO0pP1aS2dF3gG4hH5jJ6kK7lL8zX9cV0bN1nM2qW3eR4tT5yU6iI7oO8pP9aS0dF1gG2hH3jJ4kK5lL6zZ7xX8cC9vV0bB1nN2mM3qW4eR5tT6yU7iI8oO9pP0aS1dF2gG3hH4jJ5kK6lL7zZ8xX9cC0vB1nN2mQ3wE4rR5tT6yY7uU8iI9oO0pP1aS2dF3gG4hH5jJ6kK7l4hH5jJ6kK7lL8zX9cV0bN1nM2qW3eR4tT5yU6iI7oO8pP9aS0dF1gG2hH3jJ4kK5lL6zZ7xX8cC9vV0bB1nN2mM3qW4eR5tT6yU7iI8oO9pP0aS1dF2gG3hH4jJ5kK6lL7zZ8xX9cC0vB1nN2mQ3wE4rR5tT6yY7uU8iI9oO0pP1aS2dF3gG4hH5jJ6kK7lL8zX9cV0bN1nM2qW3eR4tT5yU6iI7oO8pP9aS0dF1gG2hH3jJ4kK5lL6zZ7xX8cC9vV0bB1nN2mM3qW4eR5tT6yU7iI8oO9pP0aS1dF2gG3hH4jJ5kK6lL7zZ8xX9cC0vB1nN2mQ3wE4rR5tT6yY7uU8iI9oO0pP1aS2dF3gG4hH5jJ6kK7l4hH5jJ6kK7lL8zX9cV0bN1nM2qW3eR4tT5yU6iI7oO8pP9aS0dF1gG2hH3jJ4kK5lL6zZ7xX8cC9vV0bB1nN2mM3qW4eR5tT6yU7iI8oO9pP0aS1dF2gG3hH4jJ5kK6lL7zZ8xX9cC0vB1nN2mQ3wE4rR5tT6yY7uU8iI9oO0pP1aS2dF3gG4hH5jJ6kK7lL8zX9cV0bN1nM2qW3eR4tT5yU6iI7oO8pP9aS0dF1gG2hH3jJ4kK5lL6zZ7xX8cC9vV0bB1nN2mM3qW4eR5tT6yU7iI8oO9pP0aS1dF2gG3hH4jJ5kK6lL7zZ8xX9cC0vB1nN2mQ3wE4rR5tT6yY7uU8iI9oO0pP1aS2dF3gG4hH5jJ6kK7l4hH5jJ6kK7lL8zX9cV0bN1nM2qW3eR4tT5yU6iI7oO8pP9aS0dF1gG2hH3jJ4kK5lL6zZ7xX8cC9vV0bB1nN2mM3qW4eR5tT6yU7iI8oO9pP0aS1dF2gG3hH4jJ5kK6lL7zZ8xX9cC0vB1nN2mQ3wE4rR5tT6yY7uU8iI9oO0pP1aS2dF3gG4hH5jJ6kK7lL8zX9cV0bN1nM2qW3eR4tT5yU6iI7oO8pP9aS0dF1gG2hH3jJ4kK5lL6zZ7xX8cC9vV0bB1nN2mM3qW4eR5tT6yU7iI8oO9pP0aS1dF2gG3hH4jJ5kK6lL7zZ8xX9cC0vB1nN2mQ3wE4rR5tT6yY7uU8iI9oO0pP1aS2dF3gG4hH5jJ6kK7l4hH5jJ6kK7lL8zX9cV0bN1nM2qW3eR4tT5yU6iI7oO8pP9aS0dF1gG2hH3jJ4kK5lL6zZ7xX8cC9vV0bB1nN2mM3qW4eR5tT6yU7iI8oO9pP0aS1dF2gG3hH4jJ5kK6lL7zZ8xX9cC0vB1nN2mQ3wE4rR5tT6yY7uU8iI9oO0pP1aS2dF3gG4hH5jJ6kK7lL8zX9cV0bN1nM2qW3eR4tT5yU6iI7oO8pP9aS0dF1gG2hH3jJ4kK5lL6zZ7xX8cC9vV0bB1nN2mM3qW4eR5tT6yU7iI8oO9pP0aS1dF2gG3hH4jJ5kK6lL7zZ8xX9cC0vB1nN2mQ3wE4rR5tT6yY7uU8iI9oO0pP1aS2dF3gG4hH5jJ6kK7l4hH5jJ6kK7lL8zX9cV0bN1nM2qW3eR4tT5yU6iI7oO8pP9aS0dF1gG2hH3jJ4kK5lL6z8zX9cV0bN1nM2qW3eR4tT5yU6iI7oO8pP9aS0dF1gG2hH3jJ4kK5lL6zZ7xX8cC9vV0bB1nN2mM3qW4eR5tT6yU7iI8oO9pP0aS1dF2gG3hH4jJ5kK6lL7zZ8xX9cC0vB1nN2mQ3wE4rR5tT6yY7uU8iI9oO0pP1aS2dF3gG4hH5jJ6kK7l4hH5jJ6kK7lL8zX9cV0bN1nM2qW3eR4tT5yU6iI7oO8pP9aS0dF1gG2hH3jJ4kK5lL6zZ7xX8cC9vV0bB1nN2mM3qW4eR5tT6yU7iI8oO9pP0aS1dF2gG3hH4jJ5kK6lL7zZ8xX9cC0vB1nN2mQ3wE4rR5tT6yY7uU8iI9oO0pP1aS2dF3gG4hH5jJ6kK7lL8zX9cV0bN1nM2qW3eR4tT5yU6iI7oO8pP9aS0dF1gG2hH3jJ4kK5lL6zZ7xX8cC9vV0bB1nN2mM3qW4eR5tT6yU7iI8oO9pP0aS1dF2gG3hH4jJ5kK6lL7zZ8xX9cC0vB1nN2mQ3wE4rR5tT6yY7uU8iI9oO0pP1aS2dF3gG4hH5jJ6kK7l4hH5jJ6kK7lL8zX9cV0bN1nM2qW3eR4tT5yU6iI7oO8pP9aS0dF1gG2hH3jJ4kK5lL6zZ7xX8cC9vV0bB1nN2mM3qW4eR5tT6yU7iI8oO9pP0aS1dF2gG3hH4jJ5kK6lL7zZ8xX9cC0vB1nN2mQ3wE4rR5tT6yY7uU8iI9oO0pP1aS2dF3gG4hH5jJ6kK7lL8zX9cV0bN1nM2qW3eR4tT5yU6iI7oO8pP9aS0dF1gG2hH3jJ4kK5lL6zZ7xX8cC9vV0bB1nN2mM3qW4eR5tT6yU7iI8oO9pP0aS1dFzX9cV0bN1nM2qW3eR4tT5yU6iI7oO8pP9aS0dF1gG2hH3jJ4kK5lL6zZ7xX8cC9vV0bB1nN2mM3qW4eR5tT6yU7iI8oO9pP0aS1dF2gG3hH4jJ5kK6lL7zZ8xX9cC0vB1nN2mQ3wE4rR5tT6yY7uU8iI9oO0pP1aS2dF3gG4hH5jJ6kK7lL8zX9cV0bN1nM2qW3eR4tT5yU6iI7oO8pP9aS0dF1gG2hH3jJ4kK5lL6zZ7xX8cC9vV0bB1nN2mM3qW4eR5tT6yU7iI8oO9pP0aS1dF2gG3hH4jJ5kK6lL7zZ8xX9cC0vB1nN2mQ3wE4rR5tT6yY7uU8iI9oO0pP1aS2dF3gG4hH5jJ6kK7l4hH5jJ6kK7lL8zX9cV0bN1nM2qW3eR4tT5yU6iI7oO8pP9aS0dF1gG2hH3jJ4kK5lL6zZ7xX8cC9vV0bB1nN2mM3qW4eR5tT6yU7iI8oO9pP0aS1dF2gG3hH4jJ5kK6lL7zZ8xX9cC0vB1nN2mQ3wE4rR5tT6yY7uU8iI9oO0pP1aS2dF3gG4hH5jJ6kK7lL8zX9cV0bN1nM2qW3eR4tT5yU6iI7oO8pP9aS0dF1gG2hH3jJ4kK5lL6zZ7xX8cC9vV0bB1nN2mM3qW4eR5tT6yU7iI8oO9pP0aS1dF2gG3hH4jJ5kK6lL7zZ8xX9cC0vB1nN2mQ3wE4rR5tT6yY7uU8iI9oO0pP1aS2dF3gG4hH5jJ6kK7l4hH5jJ6kK7lL8zX9cV0bN1nM2qW3eR4tT5yU6iI7oO8pP9aS0dF1gG2hH3jJ4kK5lL6zZ7xX8cC9vV0bB1nN2mM3qW4eR5tT6yU7iI8oO9pP0aS1dF2gG3hH4jJ5kK6lL7zZ8xX9cC0vB1nN2mQ3wE4rR5tT6yY7uU8iI9oO0pP1aS2dF3gG4hH5jJ6kK7lL8zX9cV0bN1nM2qW3eR4tT5yU6iI7oO8pP9aS0dF1gG2hH3jJ4kK5lL6zZ7xX8cC9vV0bB1nN2mM3qW4eR5tT6yU7iI8oO9pP0aS1dF2gG3hH4jJ5kK6lL7zZ8xX9cC0vB1nN2mQ3wE4rR5tT6yY7uU8iI9oO0pP1aS2dF3gG4hH5jJ6kK7l4hH5jJ6kK7lL8zX9cV0bN1nM2qW3eR4tT5yU6iI7oO8pP9aS0dF1gG2hH3jJ4kK5lL6zZ7xX8cC9vV0bB1nN2mM3qW4eR5tT6yU7iI8oO9pP0aS1dF2gG3hH4jJ5kK6lL7zZ8xX9cC0vB1nN2mQ3wE4rR5tT6yY7uU8iI9oO0pP1aS2dF3gG4hH5jJ6kK7lL8zX9cV0bN1nM2qW3eR4tT5yU6iI7oO8pP9aS0dF1gG2hH3jJ4kK5lL6zZ7xX8cC9vV0bB1nN2mM3qW4eR5tT6yU7iI8oO9pP0aS1dF2gG3hH4jJ5kK6lL7zZ8xX9cC0vB1nN2mQ3wE4rR5tT6yY7uU8iI9oO0pP1aS2dF3gG4hH5jJ6kK7l4hH5jJ6kK7lL8zX9cV0bN1nM2qW3eR4tT5yU6iI7oO8pP9aS0dF1gG2hH3jJ4kK5lL6zZ7xX8cC9vV0bB1nN2mM3qW4eR5tT6yU7iI8oO9pP0aS1dF2gG3hH4jJ5kK6lL7zZ8xX9cC0vB1nN2mQ3wE4rR5tT6yY7uU8iI9oO0pP1aS2dF3gG4hH5jJ6kK7lL8zX9cV0bN1nM2qW3eR4tT5yU6iI7oO8pP9aS0dF1gG2hH3jJ4kK5lL6zZ7xX8cC9vV0bB1nN2mM3qW4eR5tT6yU7iI8oO9pP0aS1dF2gG3hH4jJ5kK6lL7zZ8xX9cC0vB1nN2mQ3wE4rR5tT6yY7uU8iI9oO0pP1aS2dF3gG4hH5jJ6kK7l4hH5jJ6kK7lL8zX9cV0bN1nM2qW3eR4tT5yU6iI7oO8pP9aS0dF1gG2hH3jJ4kK5lL6z7nB9vR2mX8kLp4QjW3tY5zH1aG6sF9dD0fS8gA7hJ6kL5mN4bV3vC2xZ1oP9iU8uY7tT6rR5eE4wW3qQ2aZ1sX2dC3fV4gB5hN6jM7kL8pO9iU0yT1rE2wQ3aS4dF5gG6hH7jJ8kK9lL0zZ1xX2cC3vV4bB5nN6mM7qQ8wW9eE0rR1tT2yY3uU4iI5oO6pP7aA8sS9dD0fF1gG2hH3jJ4kK5lL6zZ7xX8cC9vV0bB1nN2mM3qW4eR5tT6yU7iI8oO9pP0aS1dF2gG3hH4jJ5kK6lL7zZ8xX9cC0vB1nN2mQ3wE4rR5tT6yY7uU8iI9oO0pP1aS2dF3gG4hH5jJ6kK7lL8zX9cV0bN1nM2qW3eR4tT5yU6iI7oO8pP9aS0dF1gG2hH3jJ4kK5lL6zZ7xX8cC9vV0bB1nN2mM3qW4eR5tT6yU7iI8oO9pP0aS1dF2gG3hH4jJ5kK6lL7zZ8xX9cC0vB1nN2mQ3wE4rR5tT6yY7uU8iI9oO0pP1aS2dF3gG4hH5jJ6kK7lL8zX9cV0bN1nM2qW3eR4tT5yU6iI7oO8pP9aS0dF1gG2hH3jJ4kK5lL6zZ7xX8cC9vV0bB1nN2mM3qW4eR5tT6yU7iI8oO9pP0aS1dF2gG3hH4jJ5kK6lL7zZ8xX9cC0vB1nN2mQ3wE4rR5tT6yY7uU8iI9oO0pP1aS2dF3gG4hH5jJ6kK7lL8zX9cV0bN1nM2qW3eR4tT5yU6iI7oO8pP9aS0dF1gG2hH3jJ4kK5lL6zZ7xX8cC9vV0bB1nN2mM3qW4eR5tT6yU7iI8oO9pP0aS1dF2gG3hH4jJ5kK6lL7zZ8xX9cC0vB1nN2mQ3wE4rR5tT6yY7uU8iI9oO0pP1aS2dF3gG4hH5jJ6kK7lL8zX9cV0bN1nM2qW3eR4tT5yU6iI7oO8pP9aS0dF1gG2hH3jJ4kK5lL6zZ7xX8cC9vV0bB1nN2mM3qW4eR5tT6yU7iI8oO9pP0aS1dF2gG3hH4jJ5kK6lL7zZ8xX9cC0vB1nN2mQ3wE4rR5tT6yY7uU8iI9oO0pP1aS2dF3gG4hH5jJ6kK7l4hH5jJ6kK7lL8zX9cV0bN1nM2qW3eR4tT5yU6iI7oO8pP9aS0dF1gG2hH3jJ4kK5lL6zZ7xX8cC9vV0bB1nN2mM3qW4eR5tT6yU7iI8oO9pP0aS1dF2gG3hH4jJ5kK6lL7zZ8xX9cC0vB1nN2mQ3wE4rR5tT6yY7uU8iI9oO0pP1aS2dF3gG4hH5jJ6kK7lL8zX9cV0bN1nM2qW3eR4tT5yU6iI7oO8pP9aS0dF1gG2hH3jJ4kK5lL6zZ7xX8cC9vV0bB1nN2mM3qW4eR5tT6yU7iI8oO9pP0aS1dF2gG3hH4jJ5kK6lL7zZ8xX9cC0vB1nN2mQ3wE4rR5tT6yY7uU8iI9oO0pP1aS2dF3gG4hH5jJ6kK7l4hH5jJ6kK7lL8zX9cV0bN1nM2qW3eR4tT5yU6iI7oO8pP9aS0dF1gG2hH3jJ4kK5lL6zZ7xX8cC9vV0bB1nN2mM3qW4eR5tT6yU7iI8oO9pP0aS1dF2gG3hH4jJ5kK6lL7zZ8xX9cC0vB1nN2mQ3wE4rR5tT6yY7uU8iI9oO0pP1aS2dF3gG4hH5jJ6kK7lL8zX9cV0bN1nM2qW3eR4tT5yU6iI7oO8pP9aS0dF1gG2hH3jJ4kK5lL6zZ7xX8cC9vV0bB1nN2mM3qW4eR5tT6yU7iI8oO9pP0aS1dF2gG3hH4jJ5kK6lL7zZ8xX9cC0vB1nN2mQ3wE4rR5tT6yY7uU8iI9oO0pP1aS2dF3gG4hH5jJ6kK7l4hH5jJ6kK7lL8zX9cV0bN1nM2qW3eR4tT5yU6iI7oO8pP9aS0dF1gG2hH3jJ4kK5lL6zZ7xX8cC9vV0bB1nN2mM3qW4eR5tT6yU7iI8oO9pP0aS1dF2gG3hH4jJ5kK6lL7zZ8xX9cC0vB1nN2mQ3wE4rR5tT6yY7uU8iI9oO0pP1aS2dF3gG4hH5jJ6kK7lL8zX9cV0bN1nM2qW3eR4tT5yU6iI7oO8pP9aS0dF1gG2hH3jJ4kK5lL6zZ7xX8cC9vV0bB1nN2mM3qW4eR5tT6yU7iI8oO9pP0aS1dF2gG3hH4jJ5kK6lL7zZ8xX9cC0vB1nN2mQ3wE4rR5tT6yY7uU8iI9oO0pP1aS2dF3gG4hH5jJ6kK7l4hH5jJ6kK7lL8zX9cV0bN1nM2qW3eR4tT5yU6iI7oO8pP9aS0dF1gG2hH3jJ4kK5lL6zZ7xX8cC9vV0bB1nN2mM3qW4eR5tT6yU7iI8oO9pP0aS1dF2gG3hH4jJ5kK6lL7zZ8xX9cC0vB1nN2mQ3wE4rR5tT6yY7uU8iI9oO0pP1aS2dF3gG4hH5jJ6kK7lL8zX9cV0bN1nM2qW3eR4tT5yU6iI7oO8pP9aS0dF1gG2hH3jJ4kK5lL6zZ7xX8cC9vV0bB1nN2mM3qW4eR5tT6yU7iI8oO9pP0aS1dF2gG3hH4jJ5kK6lL7zZ8xX9cC0vB1nN2mQ3wE4rR5tT6yY7uU8iI9oO0pP1aS2dF3gG4hH5jJ6kK7l4hH5jJ6kK7lL8zX9cV0bN1nM2qW3eR4tT5yU6iI7oO8pP9aS0dF1gG2hH3jJ4kK5lL6zZ7xX8cC9vV0bB1nN2mM3qW4eR5tT6yU7iI8oO9pP0aS1dF2gG3hH4jJ5kK6lL7zZ8xX9cC0vB1nN2mQ3wE4rR5tT6yY7uU8iI9oO0pP1aS2dF3gG4hH5jJ6kK7lL8zX9cV0bN1nM2qW3eR4tT5yU6iI7oO8pP9aS0dF1gG2hH3jJ4kK5lL6zZ7xX8cC9vV0bB1nN2mM3qW4eR5tT6yU7iI8oO9pP0aS1dF2gG3hH4jJ5kK6lL7zZ8xX9cC0vB1nN2mQ3wE4rR5tT6yY7uU8iI9oO0pP1aS2dF3gG4hH5jJ6kK7l4hH5jJ6kK7lL8zX9cV0bN1nM2qW3eR4tT5yU6iI7oO8pP9aS0dF1gG2hH3jJ4kK5lL6zZ7xX8cC9vV0bB1nN2mM3qW4eR5tT6yU7iI8oO9pP0aS1dF2gG3hH4jJ5kK6lL7zZ8xX9cC0vB1nN2mQ3wE4rR5tT6yY7uU8iI9oO0pP1aS2dF3gG4hH5jJ6kK7lL8zX9cV0bN1nM2qW3eR4tT5yU6iI7oO8pP9aS0dF1gG2hH3jJ4kK5lL6zZ7xX8cC9vV0bB1nN2mM3qW4eR5tT6yU7iI8oO9pP0aS1dF2gG3hH4jJ5kK6lL7zZ8xX9cC0vB1nN2mQ3wE4rR5tT6yY7uU8iI9oO0pP1aS2dF3gG4hH5jJ6kK7l4hH5jJ6kK7lL8zX9cV0bN1nM2qW3eR4tT5yU6iI7oO8pP9aS0dF1gG2hH3jJ4kK5lL6zZ7xX8cC9vV0bB1nN2mM3qW4eR5tT6yU7iI8oO9pP0aS1dF2gG3hH4jJ5kK6lL7zZ8xX9cC0vB1nN2mQ3wE4rR5tT6yY7uU8iI9oO0pP1aS2dF3gG4hH5jJ6kK7lL8zX9cV0bN1nM2qW3eR4tT5yU6iI7oO8pP9aS0dF1gG2hH3jJ4kK5lL6zZ7xX8cC9vV0bB1nN2mM3qW4eR5tT6yU7iI8oO9pP0aS1dF2gG3hH4jJ5kK6lL7zZ8xX9cC0vB1nN2mQ3wE4rR5tT6yY7uU8iI9oO0pP1aS2dF3gG4hH5jJ6kK7l4hH5jJ6kK7lL8zX9cV0bN1nM2qW3eR4tT5yU6iI7oO8pP9aS0dF1gG2hH3jJ4kK5lL6z7nB9vR2mX8kLp4QjW3tY5zH1aG6sF9dD0fS8gA7hJ6kL5mN4bV3vC2xZ1oP9iU8uY7tT6rR5eE4wW3qQ2aZ1sX2dC3fV4gB5hN6jM7kL8pO9iU0yT1rE2wQ3aS4dF5gG6hH7jJ8kK9lL0zZ1xX2cC3vV4bB5nN6mM7qQ8wW9eE0rR1tT2yY3uU4iI5oO6pP7aA8sS9dD0fF1gG2hH3jJ4kK5lL6zZ7xX8cC9vV0bB1nN2mM3qW4eR5tT6yU7iI8oO9pP0aS1dF2gG3hH4jJ5kK6lL7zZ8xX9cC0vB1nN2mQ3wE4rR5tT6yY7uU8iI9oO0pP1aS2dF3gG4hH5jJ6kK7lL8zX9cV0bN1nM2qW3eR4tT5yU6iI7oO8pP9aS0dF1gG2hH3jJ4kK5lL6zZ7xX8cC9vV0bB1nN2mM3qW4eR5tT6yU7iI8oO9pP0aS1dF2gG3hH4jJ5kK6lL7zZ8xX9cC0vB1nN2mQ3wE4rR5tT6yY7uU8iI9oO0pP1aS2dF3gG4hH5jJ6kK7lL8zX9cV0bN1nM2qW3eR4tT5yU6iI7oO8pP9aS0dF1gG2hH3jJ4kK5lL6zZ7xX8cC9vV0bB1nN2mM3qW4eR5tT6yU7iI8oO9pP0aS1dF2gG3hH4jJ5kK6lL7zZ8xX9cC0vB1nN2mQ3wE4rR5tT6yY7uU8iI9oO0pP1aS2dF3gG4hH5jJ6kK7lL8zX9cV0bN1nM2qW3eR4tT5yU6iI7oO8pP9aS0dF1gG2hH3jJ4kK5lL6zZ7xX8cC9vV0bB1nN2mM3qW4eR5tT6yU7iI8oO9pP0aS1dF2gG3hH4jJ5kK6lL7zZ8xX9cC0vB1nN2mQ3wE4rR5tT6yY7uU8iI9oO0pP1aS2dF3gG4hH5jJ6kK7lL8zX9cV0bN1nM2qW3eR4tT5yU6iI7oO8pP9aS0dF1gG2hH3jJ4kK5lL6zZ7xX8cC9vV0bB1nN2mM3qW4eR5tT6yU7iI8oO9pP0aS1dF2gG3hH4jJ5kK6lL7zZ8xX9cC0vB1nN2mQ3wE4rR5tT6yY7uU8iI9oO0pP1aS2dF3gG4hH5jJ6kK7l4hH5jJ6kK7lL8zX9cV0bN1nM2qW3eR4tT5yU6iI7oO8pP9aS0dF1gG2hH3jJ4kK5lL6zZ7xX8cC9vV0bB1nN2mM3qW4eR5tT6yU7iI8oO9pP0aS1dF2gG3hH4jJ5kK6lL7zZ8xX9cC0vB1nN2mQ3wE4rR5tT6yY7uU8iI9oO0pP1aS2dF3gG4hH5jJ6kK7lL8zX9cV0bN1nM2qW3eR4tT5yU6iI7oO8pP9aS0dF1gG2hH3jJ4kK5lL6zZ7xX8cC9vV0bB1nN2mM3qW4eR5tT6yU7iI8oO9pP0aS1dF2gG3hH4jJ5kK6lL7zZ8xX9cC0vB1nN2mQ3wE4rR5tT6yY7uU8iI9oO0pP1aS2dF3gG4hH5jJ6kK7l4hH5jJ6kK7lL8zX9cV0bN1nM2qW3eR4tT5yU6iI7oO8pP9aS0dF1gG2hH3jJ4kK5lL6zZ7xX8cC9vV0bB1nN2mM3qW4eR5tT6yU7iI8oO9pP0aS1dF2gG3hH4jJ5kK6lL7zZ8xX9cC0vB1nN2mQ3wE4rR5tT6yY7uU8iI9oO0pP1aS2dF3gG4hH5jJ6kK7lL8zX9cV0bN1nM2qW3eR4tT5yU6iI7oO8pP9aS0dF1gG2hH3jJ4kK5lL6zZ7xX8cC9vV0bB1nN2mM3qW4eR5tT6yU7iI8oO9pP0aS1dF2gG3hH4jJ5kK6lL7zZ8xX9cC0vB1nN2mQ3wE4rR5tT6yY7uU8iI9oO0pP1aS2dF3gG4hH5jJ6kK7l4hH5jJ6kK7lL8zX9cV0bN1nM2qW3eR4tT5yU6iI7oO8pP9aS0dF1gG2hH3jJ4kK5lL6zZ7xX8cC9vV0bB1nN2mM3qW4eR5tT6yU7iI8oO9pP0aS1dF2gG3hH4jJ5kK6lL7zZ8xX9cC0vB1nN2mQ3wE4rR5tT6yY7uU8iI9oO0pP1aS2dF3gG4hH5jJ6kK7lL8zX9cV0bN1nM2qW3eR4tT5yU6iI7oO8pP9aS0dF1gG2hH3jJ4kK5lL6zZ7xX8cC9vV0bB1nN2mM3qW4eR5tT6yU7iI8oO9pP0aS1dF2gG3hH4jJ5kK6lL7zZ8xX9cC0vB1nN2mQ3wE4rR5tT6yY7uU8iI9oO0pP1aS2dF3gG4hH5jJ6kK7l4hH5jJ6kK7lL8zX9cV0bN1nM2qW3eR4tT5yU6iI7oO8pP9aS0dF1gG2hH3jJ4kK5lL6zZ7xX8cC9vV0bB1nN2mM3qW4eR5tT6yU7iI8oO9pP0aS1dF2gG3hH4jJ5kK6lL7zZ8xX9cC0vB1nN2mQ3wE4rR5tT6yY7uU8iI9oO0pP1aS2dF3gG4hH5jJ6kK7lL8zX9cV0bN1nM2qW3eR4tT5yU6iI7oO8pP9aS0dF1gG2hH3jJ4kK5lL6zZ7xX8cC9vV0bB1nN2mM3qW4eR5tT6yU7iI8oO9pP0aS1dF2gG3hH4jJ5kK6lL7zZ8xX9cC0vB1nN2mQ3wE4rR5tT6yY7uU8iI9oO0pP1aS2dF3gG4hH5jJ6kK7l4hH5jJ6kK7lL8zX9cV0bN1nM2qW3eR4tT5yU6iI7oO8pP9aS0dF1gG2hH3jJ4kK5lL6zZ7xX8cC9vV0bB1nN2mM3qW4eR5tT6yU7iI8oO9pP0aS1dF2gG3hH4jJ5kK6lL7zZ8xX9cC0vB1nN2mQ3wE4rR5tT6yY7uU8iI9oO0pP1aS2dF3gG4hH5jJ6kK7lL8zX9cV0bN1nM2qW3eR4tT5yU6iI7oO8pP9aS0dF1gG2hH3jJ4kK5lL6zZ7xX8cC9vV0bB1nN2mM3qW4eR5tT6yU7iI8oO9pP0aS1dF2gG3hH4jJ5kK6lL7zZ8xX9cC0vB1nN2mQ3wE4rR5tT6yY7uU8iI9oO0pP1aS2dF3gG4hH5jJ6kK7l4hH5jJ6kK7lL8zX9cV0bN1nM2qW3eR4tT5yU6iI7oO8pP9aS0dF1gG2hH3jJ4kK5lL6zZ7xX8cC9vV0bB1nN2mM3qW4eR5tT6yU7iI8oO9pP0aS1dF2gG3hH4jJ5kK6lL7zZ8xX9cC0vB1nN2mQ3wE4rR5tT6yY7uU8iI9oO0pP1aS2dF3gG4hH5jJ6kK7lL8zX9cV0bN1nM2qW3eR4tT5yU6iI7oO8pP9aS0dF1gG2hH3jJ4kK5lL6zZ7xX8cC9vV0bB1nN2mM3qW4eR5tT6yU7iI8oO9pP0aS1dF2gG3hH4jJ5kK6lL7zZ8xX9cC0vB1nN2mQ3wE4rR5tT6yY7uU8iI9oO0pP1aS2dF3gG4hH5jJ6kK7l4hH5jJ6kK7lL8zX9cV0bN1nM2qW3eR4tT5yU6iI7oO8pP9aS0dF1gG2hH3jJ4kK5lL6zZ7xX8cC9vV0bB1nN2mM3qW4eR5tT6yU7iI8oO9pP0aS1dF2gG3hH4jJ5kK6lL7zZ8xX9cC0vB1nN2mQ3wE4rR5tT6yY7uU8iI9oO0pP1aS2dF3gG4hH5jJ6kK7lL8zX9cV0bN1nM2qW3eR4tT5yU6iI7oO8pP9aS0dF1gG2hH3jJ4kK5lL6zZ7xX8cC9vV0bB1nN2mM3qW4eR5tT6yU7iI8oO9pP0aS1dF2gG3hH4jJ5kK6lL7zZ8xX9cC0vB1nN2mQ3wE4rR5tT6yY7uU8iI9oO0pP1aS2dF3gG4hH5jJ6kK7l4hH5jJ6kK7lL8zX9cV0bN1nM2qW3eR4tT5yU6iI7oO8pP9aS0dF1gG2hH3jJ4kK5lL6z7nB9vR2mX8kLp4QjW3tY5zH1aG6sF9dD0fS8gA7hJ6kL5mN4bV3vC2xZ1oP9iU8uY7tT6rR5eE4wW3qQ2aZ1sX2dC3fV4gB5hN6jM7kL8pO9iU0yT1rE2wQ3aS4dF5gG6hH7jJ8kK9lL0zZ1xX2cC3vV4bB5nN6mM7qQ8wW9eE0rR1tT2yY3uU4iI5oO6pP7aA8sS9dD0fF1gG2hH3jJ4kK5lL6zZ7xX8cC9vV0bB1nN2mM3qW4eR5tT6yU7iI8oO9pP0aS1dF2gG3hH4jJ5kK6lL7zZ8xX9cC0vB1nN2mQ3wE4rR5tT6yY7uU8iI9oO0pP1aS2dF3gG4hH5jJ6kK7lL8zX9cV0bN1nM2qW3eR4tT5yU6iI7oO8pP9aS0dF1gG2hH3jJ4kK5lL6zZ7xX8cC9vV0bB1nN2mM3qW4eR5tT6yU7iI8oO9pP0aS1dF2gG3hH4jJ5kK6lL7zZ8xX9cC0vB1nN2mQ3wE4rR5tT6yY7uU8iI9oO0pP1aS2dF3gG4hH5jJ6kK7lL8zX9cV0bN1nM2qW3eR4tT5yU6iI7oO8pP9aS0dF1gG2hH3jJ4kK5lL6zZ7xX8cC9vV0bB1nN2mM3qW4eR5tT6yU7iI8oO9pP0aS1dF2gG3hH4jJ5kK6lL7zZ8xX9cC0vB1nN2mQ3wE4rR5tT6yY7uU8iI9oO0pP1aS2dF3gG4hH5jJ6kK7lL8zX9cV0bN1nM2qW3eR4tT5yU6iI7oO8pP9aS0dF1gG2hH3jJ4kK5lL6zZ7xX8cC9vV0bB1nN2mM3qW4eR5tT6yU7iI8oO9pP0aS1dF2gG3hH4jJ5kK6lL7zZ8xX9cC0vB1nN2mQ3wE4rR5tT6yY7uU8iI9oO0pP1aS2dF3gG4hH5jJ6kK7lL8zX9cV0bN1nM2qW3eR4tT5yU6iI7oO8pP9aS0dF1gG2hH3jJ4kK5lL6zZ7xX8cC9vV0bB1nN2mM3qW4eR5tT6yU7iI8oO9pP0aS1dF2gG3hH4jJ5kK6lL7zZ8xX9cC0vB1nN2mQ3wE4rR5tT6yY7uU8iI9oO0pP1aS2dF3gG4hH5jJ6kK7l4hH5jJ6kK7lL8zX9cV0bN1nM2qW3eR4tT5yU6iI7oO8pP9aS0dF1gG2hH3jJ4kK5lL6zZ7xX8cC9vV0bB1nN2mM3qW4eR5tT6yU7iI8oO9pP0aS1dF2gG3hH4jJ5kK6lL7zZ8xX9cC0vB1nN2mQ3wE4rR5tT6yY7uU8iI9oO0pP1aS2dF3gG4hH5jJ6kK7lL8zX9cV0bN1nM2qW3eR4tT5yU6iI7oO8pP9aS0dF1gG2hH3jJ4kK5lL6zZ7xX8cC9vV0bB1nN2mM3qW4eR5tT6yU7iI8oO9pP0aS1dF2gG3hH4jJ5kK6lL7zZ8xX9cC0vB1nN2mQ3wE4rR5tT6yY7uU8iI9oO0pP1aS2dF3gG4hH5jJ6kK7l4hH5jJ6kK7lL8zX9cV0bN1nM2qW3eR4tT5yU6iI7oO8pP9aS0dF1gG2hH3jJ4kK5lL6zZ7xX8cC9vV0bB1nN2mM3qW4eR5tT6yU7iI8oO9pP0aS1dF2gG3hH4jJ5kK6lL7zZ8xX9cC0vB1nN2mQ3wE4rR5tT6yY7uU8iI9oO0pP1aS2dF3gG4hH5jJ6kK7lL8zX9cV0bN1nM2qW3eR4tT5yU6iI7oO8pP9aS0dF1gG2hH3jJ4kK5lL6zZ7xX8cC9vV0bB1nN2mM3qW4eR5tT6yU7iI8oO9pP0aS1dF2gG3hH4jJ5kK6lL7zZ8xX9cC0vB1nN2mQ3wE4rR5tT6yY7uU8iI9oO0pP1aS2dF3gG4hH5jJ6kK7l4hH5jJ6kK7lL8zX9cV0bN1nM2qW3eR4tT5yU6iI7oO8pP9aS0dF1gG2hH3jJ4kK5lL6zZ7xX8cC9vV0bB1nN2mM3qW4eR5tT6yU7iI8oO9pP0aS1dF2gG3hH4jJ5kK6lL7zZ8xX9cC0vB1nN2mQ3wE4rR5tT6yY7uU8iI9oO0pP1aS2dF3gG4hH5jJ6kK7lL8zX9cV0bN1nM2qW3eR4tT5yU6iI7oO8pP9aS0dF1gG2hH3jJ4kK5lL6zZ7xX8cC9vV0bB1nN2mM3qW4eR5tT6yU7iI8oO9pP0aS1dF2gG3hH4jJ5kK6lL7zZ8xX9cC0vB1nN2mQ3wE4rR5tT6yY7uU8iI9oO0pP1aS2dF3gG4hH5jJ6kK7l4hH5jJ6kK7lL8zX9cV0bN1nM2qW3eR4tT5yU6iI7oO8pP9aS0dF1gG2hH3jJ4kK5lL6zZ7xX8cC9vV0bB1nN2mM3qW4eR5tT6yU7iI8oO9pP0aS1dF2gG3hH4jJ5kK6lL7zZ8xX9cC0vB1nN2mQ3wE4rR5tT6yY7uU8iI9oO0pP1aS2dF3gG4hH5jJ6kK7lL8zX9cV0bN1nM2qW3eR4tT5yU6iI7oO8pP9aS0dF1gG2hH3jJ4kK5lL6zZ7xX8cC9vV0bB1nN2mM3qW4eR5tT6yU7iI8oO9pP0aS1dF2gG3hH4jJ5kK6lL7zZ8xX9cC0vB1nN2mQ3wE4rR5tT6yY7uU8iI9oO0pP1aS2dF3gG4hH5jJ6kK7l4hH5jJ6kK7lL8zX9cV0bN1nM2qW3eR4tT5yU6iI7oO8pP9aS0dF1gG2hH3jJ4kK5lL6zZ7xX8cC9vV0bB1nN2mM3qW4eR5tT6yU7iI8oO9pP0aS1dF2gG3hH4jJ5kK6lL7zZ8xX9cC0vB1nN2mQ3wE4rR5tT6yY7uU8iI9oO0pP1aS2dF3gG4hH5jJ6kK7lL8zX9cV0bN1nM2qW3eR4tT5yU6iI7oO8pP9aS0dF1gG2hH3jJ4kK5lL6zZ7xX8cC9vV0bB1nN2mM3qW4eR5tT6yU7iI8oO9pP0aS1dF2gG3hH4jJ5kK6lL7zZ8xX9cC0vB1nN2mQ3wE4rR5tT6yY7uU8iI9oO0pP1aS2dF3gG4hH5jJ6kK7l4hH5jJ6kK7lL8zX9cV0bN1nM2qW3eR4tT5yU6iI7oO8pP9aS0dF1gG2hH3jJ4kK5lL6zZ7xX8cC9vV0bB1nN2mM3qW4eR5tT6yU7iI8oO9pP0aS1dF2gG3hH4jJ5kK6lL7zZ8xX9cC0vB1nN2mQ3wE4rR5tT6yY7uU8iI9oO0pP1aS2dF3gG4hH5jJ6kK7lL8zX9cV0bN1nM2qW3eR4tT5yU6iI7oO8pP9aS0dF1gG2hH3jJ4kK5lL6zZ7xX8cC9vV0bB1nN2mM3qW4eR5tT6yU7iI8oO9pP0aS1dF2gG3hH4jJ5kK6lL7zZ8xX9cC0vB1nN2mQ3wE4rR5tT6yY7uU8iI9oO0pP1aS2dF3gG4hH5jJ6kK7l4hH5jJ6kK7lL8zX9cV0bN1nM2qW3eR4tT5yU6iI7oO8pP9aS0dF1gG2hH3jJ4kK5lL6zZ7xX8cC9vV0bB1nN2mM3qW4eR5tT6yU7iI8oO9pP0aS1dF2gG3hH4jJ5kK6lL7zZ8xX9cC0vB1nN2mQ3wE4rR5tT6yY7uU8iI9oO0pP1aS2dF3gG4hH5jJ6kK7lL8zX9cV0bN1nM2qW3eR4tT5yU6iI7oO8pP9aS0dF1gG2hH3jJ4kK5lL6zZ7xX8cC9vV0bB1nN2mM3qW4eR5tT6yU7iI8oO9pP0aS1dF2gG3hH4jJ5kK6lL7zZ8xX9cC0vB1nN2mQ3wE4rR5tT6yY7uU8iI9oO0pP1aS2dF3gG4hH5jJ6kK7l4hH5jJ6kK7lL8zX9cV0bN1nM2qW3eR4tT5yU6iI7oO8pP9aS0dF1gG2hH3jJ4kK5lL6z7nB9vR2mX8kLp4QjW3tY5zH1aG6sF9dD0fS8gA7hJ6kL5mN4bV3vC2xZ1oP9iU8uY7tT6rR5eE4wW3qQ2aZ1sX2dC3fV4gB5hN6jM7kL8pO9iU0yT1rE2wQ3aS4dF5gG6hH7jJ8kK9lL0zZ1xX2cC3vV4bB5nN6mM7qQ8wW9eE0rR1tT2yY3uU4iI5oO6pP7aA8sS9dD0fF1gG2hH3jJ4kK5lL6zZ7xX8cC9vV0bB1nN2mM3qW4eR5tT6yU7iI8oO9pP0aS1dF2gG3hH4jJ5kK6lL7zZ8xX9cC0vB1nN2mQ3wE4rR5tT6yY7uU8iI9oO0pP1aS2dF3gG4hH5jJ6kK7lL8zX9cV0bN1nM2qW3eR4tT5yU6iI7oO8pP9aS0dF1gG2hH3jJ4kK5lL6zZ7xX8cC9vV0bB1nN2mM3qW4eR5tT6yU7iI8oO9pP0aS1dF2gG3hH4jJ5kK6lL7zZ8xX9cC0vB1nN2mQ3wE4rR5tT6yY7uU8iI9oO0pP1aS2dF3gG4hH5jJ6kK7lL8zX9cV0bN1nM2qW3eR4tT5yU6iI7oO8pP9aS0dF1gG2hH3jJ4kK5lL6zZ7xX8cC9vV0bB1nN2mM3qW4eR5tT6yU7iI8oO9pP0aS1dF2gG3hH4jJ5kK6lL7zZ8xX9cC0vB1nN2mQ3wE4rR5tT6yY7uU8iI9oO0pP1aS2dF3gG4hH5jJ6kK7lL8zX9cV0bN1nM2qW3eR4tT5yU6iI7oO8pP9aS0dF1gG2hH3jJ4kK5lL6zZ7xX8cC9vV0bB1nN2mM3qW4eR5tT6yU7iI8oO9pP0aS1dF2gG3hH4jJ5kK6lL7zZ8xX9cC0vB1nN2mQ3wE4rR5tT6yY7uU8iI9oO0pP1aS2dF3gG4hH5jJ6kK7lL8zX9cV0bN1nM2qW3eR4tT5yU6iI7oO8pP9aS0dF1gG2hH3jJ4kK5lL6zZ7xX8cC9vV0bB1nN2mM3qW4eR5tT6yU7iI8oO9pP0aS1dF2gG3hH4jJ5kK6lL7zZ8xX9cC0vB1nN2mQ3wE4rR5tT6yY7uU8iI9oO0pP1aS2dF3gG4hH5jJ6kK7l4hH5jJ6kK7lL8zX9cV0bN1nM2qW3eR4tT5yU6iI7oO8pP9aS0dF1gG2hH3jJ4kK5lL6zZ7xX8cC9vV0bB1nN2mM3qW4eR5tT6yU7iI8oO9pP0aS1dF2gG3hH4jJ5kK6lL7zZ8xX9cC0vB1nN2mQ3wE4rR5tT6yY7uU8iI9oO0pP1aS2dF3gG4hH5jJ6kK7lL8zX9cV0bN1nM2qW3eR4tT5yU6iI7oO8pP9aS0dF1gG2hH3jJ4kK5lL6zZ7xX8cC9vV0bB1nN2mM3qW4eR5tT6yU7iI8oO9pP0aS1dF2gG3hH4jJ5kK6lL7zZ8xX9cC0vB1nN2mQ3wE4rR5tT6yY7uU8iI9oO0pP1aS2dF3gG4hH5jJ6kK7l4hH5jJ6kK7lL8zX9cV0bN1nM2qW3eR4tT5yU6iI7oO8pP9aS0dF1gG2hH3jJ4kK5lL6zZ7xX8cC9vV0bB1nN2mM3qW4eR5tT6yU7iI8oO9pP0aS1dF2gG3hH4jJ5kK6lL7zZ8xX9cC0vB1nN2mQ3wE4rR5tT6yY7uU8iI9oO0pP1aS2dF3gG4hH5jJ6kK7lL8zX9cV0bN1nM2qW3eR4tT5yU6iI7oO8pP9aS0dF1gG2hH3jJ4kK5lL6zZ7xX8cC9vV0bB1nN2mM3qW4eR5tT6yU7iI8oO9pP0aS1dF2gG3hH4jJ5kK6lL7zZ8xX9cC0vB1nN2mQ3wE4rR5tT6yY7uU8iI9oO0pP1aS2dF3gG4hH5jJ6kK7l4hH5jJ6kK7lL8zX9cV0bN1nM2qW3eR4tT5yU6iI7oO8pP9aS0dF1gG2hH3jJ4kK5lL6zZ7xX8cC9vV0bB1nN2mM3qW4eR5tT6yU7iI8oO9pP0aS1dF2gG3hH4jJ5kK6lL7zZ8xX9cC0vB1nN2mQ3wE4rR5tT6yY7uU8iI9oO0pP1aS2dF3gG4hH5jJ6kK7lL8zX9cV0bN1nM2qW3eR4tT5yU6iI7oO8pP9aS0dF1gG2hH3jJ4kK5lL6zZ7xX8cC9vV0bB1nN2mM3qW4eR5tT6yU7iI8oO9pP0aS1dF2gG3hH4jJ5kK6lL7zZ8xX9cC0vB1nN2mQ3wE4rR5tT6yY7uU8iI9oO0pP1aS2dF3gG4hH5jJ6kK7l4hH5jJ6kK7lL8zX9cV0bN1nM2qW3eR4tT5yU6iI7oO8pP9aS0dF1gG2hH3jJ4kK5lL6zZ7xX8cC9vV0bB1nN2mM3qW4eR5tT6yU7iI8oO9pP0aS1dF2gG3hH4jJ5kK6lL7zZ8xX9cC0vB1nN2mQ3wE4rR5tT6yY7uU8iI9oO0pP1aS2dF3gG4hH5jJ6kK7lL8zX9cV0bN1nM2qW3eR4tT5yU6iI7oO8pP9aS0dF1gG2hH3jJ4kK5lL6zZ7xX8cC9vV0bB1nN2mM3qW4eR5tT6yU7iI8oO9pP0aS1dF2gG3hH4jJ5kK6lL7zZ8xX9cC0vB1nN2mQ3wE4rR5tT6yY7uU8iI9oO0pP1aS2dF3gG4hH5jJ6kK7l4hH5jJ6kK7lL8zX9cV0bN1nM2qW3eR4tT5yU6iI7oO8pP9aS0dF1gG2hH3jJ4kK5lL6zZ7xX8cC9vV0bB1nN2mM3qW4eR5tT6yU7iI8oO9pP0aS1dF2gG3hH4jJ5kK6lL7zZ8xX9cC0vB1nN2mQ3wE4rR5tT6yY7uU8iI9oO0pP1aS2dF3gG4hH5jJ6kK7lL8zX9cV0bN1nM2qW3eR4tT5yU6iI7oO8pP9aS0dF1gG2hH3jJ4kK5lL6zZ7xX8cC9vV0bB1nN2mM3qW4eR5tT6yU7iI8oO9pP0aS1dF2gG3hH4jJ5kK6lL7zZ8xX9cC0vB1nN2mQ3wE4rR5tT6yY7uU8iI9oO0pP1aS2dF3gG4hH5jJ6kK7l4hH5jJ6kK7lL8zX9cV0bN1nM2qW3eR4tT5yU6iI7oO8pP9aS0dF1gG2hH3jJ4kK5lL6zZ7xX8cC9vV0bB1nN2mM3qW4eR5tT6yU7iI8oO9pP0aS1dF2gG3hH4jJ5kK6lL7zZ8xX9cC0vB1nN2mQ3wE4rR5tT6yY7uU8iI9oO0pP1aS2dF3gG4hH5jJ6kK7lL8zX9cV0bN1nM2qW3eR4tT5yU6iI7oO8pP9aS0dF1gG2hH3jJ4kK5lL6zZ7xX8cC9vV0bB1nN2mM3qW4eR5tT6yU7iI8oO9pP0aS1dF2gG3hH4jJ5kK6lL7zZ8xX9cC0vB1nN2mQ3wE4rR5tT6yY7uU8iI9oO0pP1aS2dF3gG4hH5jJ6kK7l4hH5jJ6kK7lL8zX9cV0bN1nM2qW3eR4tT5yU6iI7oO8pP9aS0dF1gG2hH3jJ4kK5lL6zZ7xX8cC9vV0bB1nN2mM3qW4eR5tT6yU7iI8oO9pP0aS1dF2gG3hH4jJ5kK6lL7zZ8xX9cC0vB1nN2mQ3wE4rR5tT6yY7uU8iI9oO0pP1aS2dF3gG4hH5jJ6kK7lL8zX9cV0bN1nM2qW3eR4tT5yU6iI7oO8pP9aS0dF1gG2hH3jJ4kK5lL6zZ7xX8cC9vV0bB1nN2mM3qW4eR5tT6yU7iI8oO9pP0aS1dF2gG3hH4jJ5kK6lL7zZ8xX9cC0vB1nN2mQ3wE4rR5tT6yY7uU8iI9oO0pP1aS2dF3gG4hH5jJ6kK7l4hH5jJ6kK7lL8zX9cV0bN1nM2qW3eR4tT5yU6iI7oO8pP9aS0dF1gG2hH3jJ4kK5lL6z7nB9vR2mX8kLp4QjW3tY5zH1aG6sF9dD0fS8gA7hJ6kL5mN4bV3vC2xZ1oP9iU8uY7tT6rR5eE4wW3qQ2aZ1sX2dC3fV4gB5hN6jM7kL8pO9iU0yT1rE2wQ3aS4dF5gG6hH7jJ8kK9lL0zZ1xX2cC3vV4bB5nN6mM7qQ8wW9eE0rR1tT2yY3uU4iI5oO6pP7aA8sS9dD0fF1gG2hH3jJ4kK5lL6zZ7xX8cC9vV0bB1nN2mM3qW4eR5tT6yU7iI8oO9pP0aS1dF2gG3hH4jJ5kK6lL7zZ8xX9cC0vB1nN2mQ3wE4rR5tT6yY7uU8iI9oO0pP1aS2dF3gG4hH5jJ6kK7lL8zX9cV0bN1nM2qW3eR4tT5yU6iI7oO8pP9aS0dF1gG2hH3jJ4kK5lL6zZ7xX8cC9vV0bB1nN2mM3qW4eR5tT6yU7iI8oO9pP0aS1dF2gG3hH4jJ5kK6lL7zZ8xX9cC0vB1nN2mQ3wE4rR5tT6yY7uU8iI9oO0pP1aS2dF3gG4hH5jJ6kK7lL8zX9cV0bN1nM2qW3eR4tT5yU6iI7oO8pP9aS0dF1gG2hH3jJ4kK5lL6zZ7xX8cC9vV0bB1nN2mM3qW4eR5tT6yU7iI8oO9pP0aS1dF2gG3hH4jJ5kK6lL7zZ8xX9cC0vB1nN2mQ3wE4rR5tT6yY7uU8iI9oO0pP1aS2dF3gG4hH5jJ6kK7lL8zX9cV0bN1nM2qW3eR4tT5yU6iI7oO8pP9aS0dF1gG2hH3jJ4kK5lL6zZ7xX8cC9vV0bB1nN2mM3qW4eR5tT6yU7iI8oO9pP0aS1dF2gG3hH4jJ5kK6lL7zZ8xX9cC0vB1nN2mQ3wE4rR5tT6yY7uU8iI9oO0pP1aS2dF3gG4hH5jJ6kK7lL8zX9cV0bN1nM2qW3eR4tT5yU6iI7oO8pP9aS0dF1gG2hH3jJ4kK5lL6zZ7xX8cC9vV0bB1nN2mM3qW4eR5tT6yU7iI8oO9pP0aS1dF2gG3hH4jJ5kK6lL7zZ8xX9cC0vB1nN2mQ3wE4rR5tT6yY7uU8iI9oO0pP1aS2dF3gG4hH5jJ6kK7l4hH5jJ6kK7lL8zX9cV0bN1nM2qW3eR4tT5yU6iI7oO8pP9aS0dF1gG2hH3jJ4kK5lL6zZ7xX8cC9vV0bB1nN2mM3qW4eR5tT6yU7iI8oO9pP0aS1dF2gG3hH4jJ5kK6lL7zZ8xX9cC0vB1nN2mQ3wE4rR5tT6yY7uU8iI9oO0pP1aS2dF3gG4hH5jJ6kK7lL8zX9cV0bN1nM2qW3eR4tT5yU6iI7oO8pP9aS0dF1gG2hH3jJ4kK5lL6zZ7xX8cC9vV0bB1nN2mM3qW4eR5tT6yU7iI8oO9pP0aS1dF2gG3hH4jJ5kK6lL7zZ8xX9cC0vB1nN2mQ3wE4rR5tT6yY7uU8iI9oO0pP1aS2dF3gG4hH5jJ6kK7l4hH5jJ6kK7lL8zX9cV0bN1nM2qW3eR4tT5yU6iI7oO8pP9aS0dF1gG2hH3jJ4kK5lL6zZ7xX8cC9vV0bB1nN2mM3qW4eR5tT6yU7iI8oO9pP0aS1dF2gG3hH4jJ5kK6lL7zZ8xX9cC0vB1nN2mQ3wE4rR5tT6yY7uU8iI9oO0pP1aS2dF3gG4hH5jJ6kK7lL8zX9cV0bN1nM2qW3eR4tT5yU6iI7oO8pP9aS0dF1gG2hH3jJ4kK5lL6zZ7xX8cC9vV0bB1nN2mM3qW4eR5tT6yU7iI8oO9pP0aS1dF2gG3hH4jJ5kK6lL7zZ8xX9cC0vB1nN2mQ3wE4rR5tT6yY7uU8iI9oO0pP1aS2dF3gG4hH5jJ6kK7l4hH5jJ6kK7lL8zX9cV0bN1nM2qW3eR4tT5yU6iI7oO8pP9aS0dF1gG2hH3jJ4kK5lL6zZ7xX8cC9vV0bB1nN2mM3qW4eR5tT6yU7iI8oO9pP0aS1dF2gG3hH4jJ5kK6lL7zZ8xX9cC0vB1nN2mQ3wE4rR5tT6yY7uU8iI9oO0pP1aS2dF3gG4hH5jJ6kK7lL8zX9cV0bN1nM2qW3eR4tT5yU6iI7oO8pP9aS0dF1gG2hH3jJ4kK5lL6zZ7xX8cC9vV0bB1nN2mM3qW4eR5tT6yU7iI8oO9pP0aS1dF2gG3hH4jJ5kK6lL7zZ8xX9cC0vB1nN2mQ3wE4rR5tT6yY7uU8iI9oO0pP1aS2dF3gG4hH5jJ6kK7l4hH5jJ6kK7lL8zX9cV0bN1nM2qW3eR4tT5yU6iI7oO8pP9aS0dF1gG2hH3jJ4kK5lL6zZ7xX8cC9vV0bB1nN2mM3qW4eR5tT6yU7iI8oO9pP0aS1dF2gG3hH4jJ5kK6lL7zZ8xX9cC0vB1nN2mQ3wE4rR5tT6yY7uU8iI9oO0pP1aS2dF3gG4hH5jJ6kK7lL8zX9cV0bN1nM2qW3eR4tT5yU6iI7oO8pP9aS0dF1gG2hH3jJ4kK5lL6zZ7xX8cC9vV0bB1nN2mM3qW4eR5tT6yU7iI8oO9pP0aS1dF2gG3hH4jJ5kK6lL7zZ8xX9cC0vB1nN2mQ3wE4rR5tT6yY7uU8iI9oO0pP1aS2dF3gG4hH5jJ6kK7l4hH5jJ6kK7lL8zX9cV0bN1nM2qW3eR4tT5yU6iI7oO8pP9aS0dF1gG2hH3jJ4kK5lL6zZ7xX8cC9vV0bB1nN2mM3qW4eR5tT6yU7iI8oO9pP0aS1dF2gG3hH4jJ5kK6lL7zZ8xX9cC0vB1nN2mQ3wE4rR5tT6yY7uU8iI9oO0pP1aS2dF3gG4hH5jJ6kK7lL8zX9cV0bN1nM2qW3eR4tT5yU6iI7oO8pP9aS0dF1gG2hH3jJ4kK5lL6zZ7xX8cC9vV0bB1nN2mM3qW4eR5tT6yU7iI8oO9pP0aS1dF2gG3hH4jJ5kK6lL7zZ8xX9cC0vB1nN2mQ3wE4rR5tT6yY7uU8iI9oO0pP1aS2dF3gG4hH5jJ6kK7l4hH5jJ6kK7lL8zX9cV0bN1nM2qW3eR4tT5yU6iI7oO8pP9aS0dF1gG2hH3jJ4kK5lL6zZ7xX8cC9vV0bB1nN2mM3qW4eR5tT6yU7iI8oO9pP0aS1dF2gG3hH4jJ5kK6lL7zZ8xX9cC0vB1nN2mQ3wE4rR5tT6yY7uU8iI9oO0pP1aS2dF3gG4hH5jJ6kK7lL8zX9cV0bN1nM2qW3eR4tT5yU6iI7oO8pP9aS0dF1gG2hH3jJ4kK5lL6zZ7xX8cC9vV0bB1nN2mM3qW4eR5tT6yU7iI8oO9pP0aS1dF2gG3hH4jJ5kK6lL7zZ8xX9cC0vB1nN2mQ3wE4rR5tT6yY7uU8iI9oO0pP1aS2dF3gG4hH5jJ6kK7l4hH5jJ6kK7lL8zX9cV0bN1nM2qW3eR4tT5yU6iI7oO8pP9aS0dF1gG2hH3jJ4kK5lL6zZ7xX8cC9vV0bB1nN2mM3qW4eR5tT6yU7iI8oO9pP0aS1dF2gG3hH4jJ5kK6lL7zZ8xX9cC0vB1nN2mQ3wE4rR5tT6yY7uU8iI9oO0pP1aS2dF3gG4hH5jJ6kK7lL8zX9cV0bN1nM2qW3eR4tT5yU6iI7oO8pP9aS0dF1gG2hH3jJ4kK5lL6zZ7xX8cC9vV0bB1nN2mM3qW4eR5tT6yU7iI8oO9pP0aS1dF2gG3hH4jJ5kK6lL7zZ8xX9cC0vB1nN2mQ3wE4rR5tT6yY7uU8iI9oO0pP1aS2dF3gG4hH5jJ6kK7l4hH5jJ6kK7lL8zX9cV0bN1nM2qW3eR4tT5yU6iI7oO8pP9aS0dF1gG2hH3jJ4kK5lL6z7nB9vR2mX8kLp4QjW3tY5zH1aG6sF9dD0fS8gA7hJ6kL5mN4bV3vC2xZ1oP9iU8uY7tT6rR5eE4wW3qQ2aZ1sX2dC3fV4gB5hN6jM7kL8pO9iU0yT1rE2wQ3aS4dF5gG6hH7jJ8kK9lL0zZ1xX2cC3vV4bB5nN6mM7qQ8wW9eE0rR1tT2yY3uU4iI5oO6pP7aA8sS9dD0fF1gG2hH3jJ4kK5lL6zZ7xX8cC9vV0bB1nN2mM3qW4eR5tT6yU7iI8oO9pP0aS1dF2gG3hH4jJ5kK6lL7zZ8xX9cC0vB1nN2mQ3wE4rR5tT6yY7uU8iI9oO0pP1aS2dF3gG4hH5jJ6kK7lL8zX9cV0bN1nM2qW3eR4tT5yU6iI7oO8pP9aS0dF1gG2hH3jJ4kK5lL6zZ7xX8cC9vV0bB1nN2mM3qW4eR5tT6yU7iI8oO9pP0aS1dF2gG3hH4jJ5kK6lL7zZ8xX9cC0vB1nN2mQ3wE4rR5tT6yY7uU8iI9oO0pP1aS2dF3gG4hH5jJ6kK7lL8zX9cV0bN1nM2qW3eR4tT5yU6iI7oO8pP9aS0dF1gG2hH3jJ4kK5lL6zZ7xX8cC9vV0bB1nN2mM3qW4eR5tT6yU7iI8oO9pP0aS1dF2gG3hH4jJ5kK6lL7zZ8xX9cC0vB1nN2mQ3wE4rR5tT6yY7uU8iI9oO0pP1aS2dF3gG4hH5jJ6kK7lL8zX9cV0bN1nM2qW3eR4tT5yU6iI7oO8pP9aS0dF1gG2hH3jJ4kK5lL6zZ7xX8cC9vV0bB1nN2mM3qW4eR5tT6yU7iI8oO9pP0aS1dF2gG3hH4jJ5kK6lL7zZ8xX9cC0vB1nN2mQ3wE4rR5tT6yY7uU8iI9oO0pP1aS2dF3gG4hH5jJ6kK7lL8zX9cV0bN1nM2qW3eR4tT5yU6iI7oO8pP9aS0dF1gG2hH3jJ4kK5lL6zZ7xX8cC9vV0bB1nN2mM3qW4eR5tT6yU7iI8oO9pP0aS1dF2gG3hH4jJ5kK6lL7zZ8xX9cC0vB1nN2mQ3wE4rR5tT6yY7uU8iI9oO0pP1aS2dF3gG4hH5jJ6kK7l4hH5jJ6kK7lL8zX9cV0bN1nM2qW3eR4tT5yU6iI7oO8pP9aS0dF1gG2hH3jJ4kK5lL6zZ7xX8cC9vV0bB1nN2mM3qW4eR5tT6yU7iI8oO9pP0aS1dF2gG3hH4jJ5kK6lL7zZ8xX9cC0vB1nN2mQ3wE4rR5tT6yY7uU8iI9oO0pP1aS2dF3gG4hH5jJ6kK7lL8zX9cV0bN1nM2qW3eR4tT5yU6iI7oO8pP9aS0dF1gG2hH3jJ4kK5lL6zZ7xX8cC9vV0bB1nN2mM3qW4eR5tT6yU7iI8oO9pP0aS1dF2gG3hH4jJ5kK6lL7zZ8xX9cC0vB1nN2mQ3wE4rR5tT6yY7uU8iI9oO0pP1aS2dF3gG4hH5jJ6kK7l4hH5jJ6kK7lL8zX9cV0bN1nM2qW3eR4tT5yU6iI7oO8pP9aS0dF1gG2hH3jJ4kK5lL6zZ7xX8cC9vV0bB1nN2mM3qW4eR5tT6yU7iI8oO9pP0aS1dF2gG3hH4jJ5kK6lL7zZ8xX9cC0vB1nN2mQ3wE4rR5tT6yY7uU8iI9oO0pP1aS2dF3gG4hH5jJ6kK7lL8zX9cV0bN1nM2qW3eR4tT5yU6iI7oO8pP9aS0dF1gG2hH3jJ4kK5lL6zZ7xX8cC9vV0bB1nN2mM3qW4eR5tT6yU7iI8oO9pP0aS1dF2gG3hH4jJ5kK6lL7zZ8xX9cC0vB1nN2mQ3wE4rR5tT6yY7uU8iI9oO0pP1aS2dF3gG4hH5jJ6kK7l4hH5jJ6kK7lL8zX9cV0bN1nM2qW3eR4tT5yU6iI7oO8pP9aS0dF1gG2hH3jJ4kK5lL6zZ7xX8cC9vV0bB1nN2mM3qW4eR5tT6yU7iI8oO9pP0aS1dF2gG3hH4jJ5kK6lL7zZ8xX9cC0vB1nN2mQ3wE4rR5tT6yY7uU8iI9oO0pP1aS2dF3gG4hH5jJ6kK7lL8zX9cV0bN1nM2qW3eR4tT5yU6iI7oO8pP9aS0dF1gG2hH3jJ4kK5lL6zZ7xX8cC9vV0bB1nN2mM3qW4eR5tT6yU7iI8oO9pP0aS1dF2gG3hH4jJ5kK6lL7zZ8xX9cC0vB1nN2mQ3wE4rR5tT6yY7uU8iI9oO0pP1aS2dF3gG4hH5jJ6kK7l4hH5jJ6kK7lL8zX9cV0bN1nM2qW3eR4tT5yU6iI7oO8pP9aS0dF1gG2hH3jJ4kK5lL6zZ7xX8cC9vV0bB1nN2mM3qW4eR5tT6yU7iI8oO9pP0aS1dF2gG3hH4jJ5kK6lL7zZ8xX9cC0vB1nN2mQ3wE4rR5tT6yY7uU8iI9oO0pP1aS2dF3gG4hH5jJ6kK7lL8zX9cV0bN1nM2qW3eR4tT5yU6iI7oO8pP9aS0dF1gG2hH3jJ4kK5lL6zZ7xX8cC9vV0bB1nN2mM3qW4eR5tT6yU7iI8oO9pP0aS1dF2gG3hH4jJ5kK6lL7zZ8xX9cC0vB1nN2mQ3wE4rR5tT6yY7uU8iI9oO0pP1aS2dF3gG4hH5jJ6kK7l4hH5jJ6kK7lL8zX9cV0bN1nM2qW3eR4tT5yU6iI7oO8pP9aS0dF1gG2hH3jJ4kK5lL6zZ7xX8cC9vV0bB1nN2mM3qW4eR5tT6yU7iI8oO9pP0aS1dF2gG3hH4jJ5kK6lL7zZ8xX9cC0vB1nN2mQ3wE4rR5tT6yY7uU8iI9oO0pP1aS2dF3gG4hH5jJ6kK7lL8zX9cV0bN1nM2qW3eR4tT5yU6iI7oO8pP9aS0dF1gG2hH3jJ4kK5lL6zZ7xX8cC9vV0bB1nN2mM3qW4eR5tT6yU7iI8oO9pP0aS1dF2gG3hH4jJ5kK6lL7zZ8xX9cC0vB1nN2mQ3wE4rR5tT6yY7uU8iI9oO0pP1aS2dF3gG4hH5jJ6kK7l4hH5jJ6kK7lL8zX9cV0bN1nM2qW3eR4tT5yU6iI7oO8pP9aS0dF1gG2hH3jJ4kK5lL6zZ7xX8cC9vV0bB1nN2mM3qW4eR5tT6yU7iI8oO9pP0aS1dF2gG3hH4jJ5kK6lL7zZ8xX9cC0vB1nN2mQ3wE4rR5tT6yY7uU8iI9oO0pP1aS2dF3gG4hH5jJ6kK7lL8zX9cV0bN1nM2qW3eR4tT5yU6iI7oO8pP9aS0dF1gG2hH3jJ4kK5lL6zZ7xX8cC9vV0bB1nN2mM3qW4eR5tT6yU7iI8oO9pP0aS1dF2gG3hH4jJ5kK6lL7zZ8xX9cC0vB1nN2mQ3wE4rR5tT6yY7uU8iI9oO0pP1aS2dF3gG4hH5jJ6kK7l4hH5jJ6kK7lL8zX9cV0bN1nM2qW3eR4tT5yU6iI7oO8pP9aS0dF1gG2hH3jJ4kK5lL6zZ7xX8cC9vV0bB1nN2mM3qW4eR5tT6yU7iI8oO9pP0aS1dF2gG3hH4jJ5kK6lL7zZ8xX9cC0vB1nN2mQ3wE4rR5tT6yY7uU8iI9oO0pP1aS2dF3gG4hH5jJ6kK7lL8zX9cV0bN1nM2qW3eR4tT5yU6iI7oO8pP9aS0dF1gG2hH3jJ4kK5lL6zZ7xX8cC9vV0bB1nN2mM3qW4eR5tT6yU7iI8oO9pP0aS1dF2gG3hH4jJ5kK6lL7zZ8xX9cC0vB1nN2mQ3wE4rR5tT6yY7uU8iI9oO0pP1aS2dF3gG4hH5jJ6kK7l4hH5jJ6kK7lL8zX9cV0bN1nM2qW3eR4tT5yU6iI7oO8pP9aS0dF1gG2hH3jJ4kK5lL6z7nB9vR2mX8kLp4QjW3tY5zH1aG6sF9dD0fS8gA7hJ6kL5mN4bV3vC2xZ1oP9iU8uY7tT6rR5eE4wW3qQ2aZ1sX2dC3fV4gB5hN6jM7kL8pO9iU0yT1rE2wQ3aS4dF5gG6hH7jJ8kK9lL0zZ1xX2cC3vV4bB5nN6mM7qQ8wW9eE0rR1tT2yY3uU4iI5oO6pP7aA8sS9dD0fF1gG2hH3jJ4kK5lL6zZ7xX8cC9vV0bB1nN2mM3qW4eR5tT6yU7iI8oO9pP0aS1dF2gG3hH4jJ5kK6lL7zZ8xX9cC0vB1nN2mQ3wE4rR5tT6yY7uU8iI9oO0pP1aS2dF3gG4hH5jJ6kK7lL8zX9cV0bN1nM2qW3eR4tT5yU6iI7oO8pP9aS0dF1gG2hH3jJ4kK5lL6zZ7xX8cC9vV0bB1nN2mM3qW4eR5tT6yU7iI8oO9pP0aS1dF2gG3hH4jJ5kK6lL7zZ8xX9cC0vB1nN2mQ3wE4rR5tT6yY7uU8iI9oO0pP1aS2dF3gG4hH5jJ6kK7lL8zX9cV0bN1nM2qW3eR4tT5yU6iI7oO8pP9aS0dF1gG2hH3jJ4kK5lL6zZ7xX8cC9vV0bB1nN2mM3qW4eR5tT6yU7iI8oO9pP0aS1dF2gG3hH4jJ5kK6lL7zZ8xX9cC0vB1nN2mQ3wE4rR5tT6yY7uU8iI9oO0pP1aS2dF3gG4hH5jJ6kK7lL8zX9cV0bN1nM2qW3eR4tT5yU6iI7oO8pP9aS0dF1gG2hH3jJ4kK5lL6zZ7xX8cC9vV0bB1nN2mM3qW4eR5tT6yU7iI8oO9pP0aS1dF2gG3hH4jJ5kK6lL7zZ8xX9cC0vB1nN2mQ3wE4rR5tT6yY7uU8iI9oO0pP1aS2dF3gG4hH5jJ6kK7lL8zX9cV0bN1nM2qW3eR4tT5yU6iI7oO8pP9aS0dF1gG2hH3jJ4kK5lL6zZ7xX8cC9vV0bB1nN2mM3qW4eR5tT6yU7iI8oO9pP0aS1dF2gG3hH4jJ5kK6lL7zZ8xX9cC0vB1nN2mQ3wE4rR5tT6yY7uU8iI9oO0pP1aS2dF3gG4hH5jJ6kK7l4hH5jJ6kK7lL8zX9cV0bN1nM2qW3eR4tT5yU6iI7oO8pP9aS0dF1gG2hH3jJ4kK5lL6zZ7xX8cC9vV0bB1nN2mM3qW4eR5tT6yU7iI8oO9pP0aS1dF2gG3hH4jJ5kK6lL7zZ8xX9cC0vB1nN2mQ3wE4rR5tT6yY7uU8iI9oO0pP1aS2dF3gG4hH5jJ6kK7lL8zX9cV0bN1nM2qW3eR4tT5yU6iI7oO8pP9aS0dF1gG2hH3jJ4kK5lL6zZ7xX8cC9vV0bB1nN2mM3qW4eR5tT6yU7iI8oO9pP0aS1dF2gG3hH4jJ5kK6lL7zZ8xX9cC0vB1nN2mQ3wE4rR5tT6yY7uU8iI9oO0pP1aS2dF3gG4hH5jJ6kK7l4hH5jJ6kK7lL8zX9cV0bN1nM2qW3eR4tT5yU6iI7oO8pP9aS0dF1gG2hH3jJ4kK5lL6zZ7xX8cC9vV0bB1nN2mM3qW4eR5tT6yU7iI8oO9pP0aS1dF2gG3hH4jJ5kK6lL7zZ8xX9cC0vB1nN2mQ3wE4rR5tT6yY7uU8iI9oO0pP1aS2dF3gG4hH5jJ6kK7lL8zX9cV0bN1nM2qW3eR4tT5yU6iI7oO8pP9aS0dF1gG2hH3jJ4kK5lL6zZ7xX8cC9vV0bB1nN2mM3qW4eR5tT6yU7iI8oO9pP0aS1dF2gG3hH4jJ5kK6lL7zZ8xX9cC0vB1nN2mQ3wE4rR5tT6yY7uU8iI9oO0pP1aS2dF3gG4hH5jJ6kK7l4hH5jJ6kK7lL8zX9cV0bN1nM2qW3eR4tT5yU6iI7oO8pP9aS0dF1gG2hH3jJ4kK5lL6zZ7xX8cC9vV0bB1nN2mM3qW4eR5tT6yU7iI8oO9pP0aS1dF2gG3hH4jJ5kK6lL7zZ8xX9cC0vB1nN2mQ3wE4rR5tT6yY7uU8iI9oO0pP1aS2dF3gG4hH5jJ6kK7lL8zX9cV0bN1nM2qW3eR4tT5yU6iI7oO8pP9aS0dF1gG2hH3jJ4kK5lL6zZ7xX8cC9vV0bB1nN2mM3qW4eR5tT6yU7iI8oO9pP0aS1dF2gG3hH4jJ5kK6lL7zZ8xX9cC0vB1nN2mQ3wE4rR5tT6yY7uU8iI9oO0pP1aS2dF3gG4hH5jJ6kK7l4hH5jJ6kK7lL8zX9cV0bN1nM2qW3eR4tT5yU6iI7oO8pP9aS0dF1gG2hH3jJ4kK5lL6zZ7xX8cC9vV0bB1nN2mM3qW4eR5tT6yU7iI8oO9pP0aS1dF2gG3hH4jJ5kK6lL7zZ8xX9cC0vB1nN2mQ3wE4rR5tT6yY7uU8iI9oO0pP1aS2dF3gG4hH5jJ6kK7lL8zX9cV0bN1nM2qW3eR4tT5yU6iI7oO8pP9aS0dF1gG2hH3jJ4kK5lL6zZ7xX8cC9vV0bB1nN2mM3qW4eR5tT6yU7iI8oO9pP0aS1dF2gG3hH4jJ5kK6lL7zZ8xX9cC0vB1nN2mQ3wE4rR5tT6yY7uU8iI9oO0pP1aS2dF3gG4hH5jJ6kK7l4hH5jJ6kK7lL8zX9cV0bN1nM2qW3eR4tT5yU6iI7oO8pP9aS0dF1gG2hH3jJ4kK5lL6zZ7xX8cC9vV0bB1nN2mM3qW4eR5tT6yU7iI8oO9pP0aS1dF2gG3hH4jJ5kK6lL7zZ8xX9cC0vB1nN2mQ3wE4rR5tT6yY7uU8iI9oO0pP1aS2dF3gG4hH5jJ6kK7lL8zX9cV0bN1nM2qW3eR4tT5yU6iI7oO8pP9aS0dF1gG2hH3jJ4kK5lL6zZ7xX8cC9vV0bB1nN2mM3qW4eR5tT6yU7iI8oO9pP0aS1dF2gG3hH4jJ5kK6lL7zZ8xX9cC0vB1nN2mQ3wE4rR5tT6yY7uU8iI9oO0pP1aS2dF3gG4hH5jJ6kK7l4hH5jJ6kK7lL8zX9cV0bN1nM2qW3eR4tT5yU6iI7oO8pP9aS0dF1gG2hH3jJ4kK5lL6zZ7xX8cC9vV0bB1nN2mM3qW4eR5tT6yU7iI8oO9pP0aS1dF2gG3hH4jJ5kK6lL7zZ8xX9cC0vB1nN2mQ3wE4rR5tT6yY7uU8iI9oO0pP1aS2dF3gG4hH5jJ6kK7lL8zX9cV0bN1nM2qW3eR4tT5yU6iI7oO8pP9aS0dF1gG2hH3jJ4kK5lL6zZ7xX8cC9vV0bB1nN2mM3qW4eR5tT6yU7iI8oO9pP0aS1dF2gG3hH4jJ5kK6lL7zZ8xX9cC0vB1nN2mQ3wE4rR5tT6yY7uU8iI9oO0pP1aS2dF3gG4hH5jJ6kK7l4hH5jJ6kK7lL8zX9cV0bN1nM2qW3eR4tT5yU6iI7oO8pP9aS0dF1gG2hH3jJ4kK5lL6zZ7xX8cC9vV0bB1nN2mM3qW4eR5tT6yU7iI8oO9pP0aS1dF2gG3hH4jJ5kK6lL7zZ8xX9cC0vB1nN2mQ3wE4rR5tT6yY7uU8iI9oO0pP1aS2dF3gG4hH5jJ6kK7lL8zX9cV0bN1nM2qW3eR4tT5yU6iI7oO8pP9aS0dF1gG2hH3jJ4kK5lL6zZ7xX8cC9vV0bB1nN2mM3qW4eR5tT6yU7iI8oO9pP0aS1dF2gG3hH4jJ5kK6lL7zZ8xX9cC0vB1nN2mQ3wE4rR5tT6yY7uU8iI9oO0pP1aS2dF3gG4hH5jJ6kK7l4hH5jJ6kK7lL8zX9cV0bN1nM2qW3eR4tT5yU6iI7oO8pP9aS0dF1gG2hH3jJ4kK5lL6z7nB9vR2mX8kLp4QjW3tY5zH1aG6sF9dD0fS8gA7hJ6kL5mN4bV3vC2xZ1oP9iU8uY7tT6rR5eE4wW3qQ2aZ1sX2dC3fV4gB5hN6jM7kL8pO9iU0yT1rE2wQ3aS4dF5gG6hH7jJ8kK9lL0zZ1xX2cC3vV4bB5nN6mM7qQ8wW9eE0rR1tT2yY3uU4iI5oO6pP7aA8sS9dD0fF1gG2hH3jJ4kK5lL6zZ7xX8cC9vV0bB1nN2mM3qW4eR5tT6yU7iI8oO9pP0aS1dF2gG3hH4jJ5kK6lL7zZ8xX9cC0vB1nN2mQ3wE4rR5tT6yY7uU8iI9oO0pP1aS2dF3gG4hH5jJ6kK7lL8zX9cV0bN1nM2qW3eR4tT5yU6iI7oO8pP9aS0dF1gG2hH3jJ4kK5lL6zZ7xX8cC9vV0bB1nN2mM3qW4eR5tT6yU7iI8oO9pP0aS1dF2gG3hH4jJ5kK6lL7zZ8xX9cC0vB1nN2mQ3wE4rR5tT6yY7uU8iI9oO0pP1aS2dF3gG4hH5jJ6kK7lL8zX9cV0bN1nM2qW3eR4tT5yU6iI7oO8pP9aS0dF1gG2hH3jJ4kK5lL6zZ7xX8cC9vV0bB1nN2mM3qW4eR5tT6yU7iI8oO9pP0aS1dF2gG3hH4jJ5kK6lL7zZ8xX9cC0vB1nN2mQ3wE4rR5tT6yY7uU8iI9oO0pP1aS2dF3gG4hH5jJ6kK7lL8zX9cV0bN1nM2qW3eR4tT5yU6iI7oO8pP9aS0dF1gG2hH3jJ4kK5lL6zZ7xX8cC9vV0bB1nN2mM3qW4eR5tT6yU7iI8oO9pP0aS1dF2gG3hH4jJ5kK6lL7zZ8xX9cC0vB1nN2mQ3wE4rR5tT6yY7uU8iI9oO0pP1aS2dF3gG4hH5jJ6kK7lL8zX9cV0bN1nM2qW3eR4tT5yU6iI7oO8pP9aS0dF1gG2hH3jJ4kK5lL6zZ7xX8cC9vV0bB1nN2mM3qW4eR5tT6yU7iI8oO9pP0aS1dF2gG3hH4jJ5kK6lL7zZ8xX9cC0vB1nN2mQ3wE4rR5tT6yY7uU8iI9oO0pP1aS2dF3gG4hH5jJ6kK7l4hH5jJ6kK7lL8zX9cV0bN1nM2qW3eR4tT5yU6iI7oO8pP9aS0dF1gG2hH3jJ4kK5lL6zZ7xX8cC9vV0bB1nN2mM3qW4eR5tT6yU7iI8oO9pP0aS1dF2gG3hH4jJ5kK6lL7zZ8xX9cC0vB1nN2mQ3wE4rR5tT6yY7uU8iI9oO0pP1aS2dF3gG4hH5jJ6kK7lL8zX9cV0bN1nM2qW3eR4tT5yU6iI7oO8pP9aS0dF1gG2hH3jJ4kK5lL6zZ7xX8cC9vV0bB1nN2mM3qW4eR5tT6yU7iI8oO9pP0aS1dF2gG3hH4jJ5kK6lL7zZ8xX9cC0vB1nN2mQ3wE4rR5tT6yY7uU8iI9oO0pP1aS2dF3gG4hH5jJ6kK7l4hH5jJ6kK7lL8zX9cV0bN1nM2qW3eR4tT5yU6iI7oO8pP9aS0dF1gG2hH3jJ4kK5lL6zZ7xX8cC9vV0bB1nN2mM3qW4eR5tT6yU7iI8oO9pP0aS1dF2gG3hH4jJ5kK6lL7zZ8xX9cC0vB1nN2mQ3wE4rR5tT6yY7uU8iI9oO0pP1aS2dF3gG4hH5jJ6kK7lL8zX9cV0bN1nM2qW3eR4tT5yU6iI7oO8pP9aS0dF1gG2hH3jJ4kK5lL6zZ7xX8cC9vV0bB1nN2mM3qW4eR5tT6yU7iI8oO9pP0aS1dF2gG3hH4jJ5kK6lL7zZ8xX9cC0vB1nN2mQ3wE4rR5tT6yY7uU8iI9oO0pP1aS2dF3gG4hH5jJ6kK7l4hH5jJ6kK7lL8zX9cV0bN1nM2qW3eR4tT5yU6iI7oO8pP9aS0dF1gG2hH3jJ4kK5lL6zZ7xX8cC9vV0bB1nN2mM3qW4eR5tT6yU7iI8oO9pP0aS1dF2gG3hH4jJ5kK6lL7zZ8xX9cC0vB1nN2mQ3wE4rR5tT6yY7uU8iI9oO0pP1aS2dF3gG4hH5jJ6kK7lL8zX9cV0bN1nM2qW3eR4tT5yU6iI7oO8pP9aS0dF1gG2hH3jJ4kK5lL6zZ7xX8cC9vV0bB1nN2mM3qW4eR5tT6yU7iI8oO9pP0aS1dF2gG3hH4jJ5kK6lL7zZ8xX9cC0vB1nN2mQ3wE4rR5tT6yY7uU8iI9oO0pP1aS2dF3gG4hH5jJ6kK7l4hH5jJ6kK7lL8zX9cV0bN1nM2qW3eR4tT5yU6iI7oO8pP9aS0dF1gG2hH3jJ4kK5lL6zZ7xX8cC9vV0bB1nN2mM3qW4eR5tT6yU7iI8oO9pP0aS1dF2gG3hH4jJ5kK6lL7zZ8xX9cC0vB1nN2mQ3wE4rR5tT6yY7uU8iI9oO0pP1aS2dF3gG4hH5jJ6kK7lL8zX9cV0bN1nM2qW3eR4tT5yU6iI7oO8pP9aS0dF1gG2hH3jJ4kK5lL6zZ7xX8cC9vV0bB1nN2mM3qW4eR5tT6yU7iI8oO9pP0aS1dF2gG3hH4jJ5kK6lL7zZ8xX9cC0vB1nN2mQ3wE4rR5tT6yY7uU8iI9oO0pP1aS2dF3gG4hH5jJ6kK7l4hH5jJ6kK7lL8zX9cV0bN1nM2qW3eR4tT5yU6iI7oO8pP9aS0dF1gG2hH3jJ4kK5lL6zZ7xX8cC9vV0bB1nN2mM3qW4eR5tT6yU7iI8oO9pP0aS1dF2gG3hH4jJ5kK6lL7zZ8xX9cC0vB1nN2mQ3wE4rR5tT6yY7uU8iI9oO0pP1aS2dF3gG4hH5jJ6kK7lL8zX9cV0bN1nM2qW3eR4tT5yU6iI7oO8pP9aS0dF1gG2hH3jJ4kK5lL6zZ7xX8cC9vV0bB1nN2mM3qW4eR5tT6yU7iI8oO9pP0aS1dF2gG3hH4jJ5kK6lL7zZ8xX9cC0vB1nN2mQ3wE4rR5tT6yY7uU8iI9oO0pP1aS2dF3gG4hH5jJ6kK7l4hH5jJ6kK7lL8zX9cV0bN1nM2qW3eR4tT5yU6iI7oO8pP9aS0dF1gG2hH3jJ4kK5lL6zZ7xX8cC9vV0bB1nN2mM3qW4eR5tT6yU7iI8oO9pP0aS1dF2gG3hH4jJ5kK6lL7zZ8xX9cC0vB1nN2mQ3wE4rR5tT6yY7uU8iI9oO0pP1aS2dF3gG4hH5jJ6kK7lL8zX9cV0bN1nM2qW3eR4tT5yU6iI7oO8pP9aS0dF1gG2hH3jJ4kK5lL6zZ7xX8cC9vV0bB1nN2mM3qW4eR5tT6yU7iI8oO9pP0aS1dF2gG3hH4jJ5kK6lL7zZ8xX9cC0vB1nN2mQ3wE4rR5tT6yY7uU8iI9oO0pP1aS2dF3gG4hH5jJ6kK7l4hH5jJ6kK7lL8zX9cV0bN1nM2qW3eR4tT5yU6iI7oO8pP9aS0dF1gG2hH3jJ4kK5lL6zZ7xX8cC9vV0bB1nN2mM3qW4eR5tT6yU7iI8oO9pP0aS1dF2gG3hH4jJ5kK6lL7zZ8xX9cC0vB1nN2mQ3wE4rR5tT6yY7uU8iI9oO0pP1aS2dF3gG4hH5jJ6kK7lL8zX9cV0bN1nM2qW3eR4tT5yU6iI7oO8pP9aS0dF1gG2hH3jJ4kK5lL6zZ7xX8cC9vV0bB1nN2mM3qW4eR5tT6yU7iI8oO9pP0aS1dF2gG3hH4jJ5kK6lL7zZ8xX9cC0vB1nN2mQ3wE4rR5tT6yY7uU8iI9oO0pP1aS2dF3gG4hH5jJ6kK7l4hH5jJ6kK7lL8zX9cV0bN1nM2qW3eR4tT5yU6iI7oO8pP9aS0dF1gG2hH3jJ4kK5lL6z7nB9vR2mX8kLp4QjW3tY5zH1aG6sF9dD0fS8gA7hJ6kL5mN4bV3vC2xZ1oP9iU8uY7tT6rR5eE4wW3qQ2aZ1sX2dC3fV4gB5hN6jM7kL8pO9iU0yT1rE2wQ3aS4dF5gG6hH7jJ8kK9lL0zZ1xX2cC3vV4bB5nN6mM7qQ8wW9eE0rR1tT2yY3uU4iI5oO6pP7aA8sS9dD0fF1gG2hH3jJ4kK5lL6zZ7xX8cC9vV0bB1nN2mM3qW4eR5tT6yU7iI8oO9pP0aS1dF2gG3hH4jJ5kK6lL7zZ8xX9cC0vB1nN2mQ3wE4rR5tT6yY7uU8iI9oO0pP1aS2dF3gG4hH5jJ6kK7lL8zX9cV0bN1nM2qW3eR4tT5yU6iI7oO8pP9aS0dF1gG2hH3jJ4kK5lL6zZ7xX8cC9vV0bB1nN2mM3qW4eR5tT6yU7iI8oO9pP0aS1dF2gG3hH4jJ5kK6lL7zZ8xX9cC0vB1nN2mQ3wE4rR5tT6yY7uU8iI9oO0pP1aS2dF3gG4hH5jJ6kK7lL8zX9cV0bN1nM2qW3eR4tT5yU6iI7oO8pP9aS0dF1gG2hH3jJ4kK5lL6zZ7xX8cC9vV0bB1nN2mM3qW4eR5tT6yU7iI8oO9pP0aS1dF2gG3hH4jJ5kK6lL7zZ8xX9cC0vB1nN2mQ3wE4rR5tT6yY7uU8iI9oO0pP1aS2dF3gG4hH5jJ6kK7lL8zX9cV0bN1nM2qW3eR4tT5yU6iI7oO8pP9aS0dF1gG2hH3jJ4kK5lL6zZ7xX8cC9vV0bB1nN2mM3qW4eR5tT6yU7iI8oO9pP0aS1dF2gG3hH4jJ5kK6lL7zZ8xX9cC0vB1nN2mQ3wE4rR5tT6yY7uU8iI9oO0pP1aS2dF3gG4hH5jJ6kK7lL8zX9cV0bN1nM2qW3eR4tT5yU6iI7oO8pP9aS0dF1gG2hH3jJ4kK5lL6zZ7xX8cC9vV0bB1nN2mM3qW4eR5tT6yU7iI8oO9pP0aS1dF2gG3hH4jJ5kK6lL7zZ8xX9cC0vB1nN2mQ3wE4rR5tT6yY7uU8iI9oO0pP1aS2dF3gG4hH5jJ6kK7l4hH5jJ6kK7lL8zX9cV0bN1nM2qW3eR4tT5yU6iI7oO8pP9aS0dF1gG2hH3jJ4kK5lL6zZ7xX8cC9vV0bB1nN2mM3qW4eR5tT6yU7iI8oO9pP0aS1dF2gG3hH4jJ5kK6lL7zZ8xX9cC0vB1nN2mQ3wE4rR5tT6yY7uU8iI9oO0pP1aS2dF3gG4hH5jJ6kK7lL8zX9cV0bN1nM2qW3eR4tT5yU6iI7oO8pP9aS0dF1gG2hH3jJ4kK5lL6zZ7xX8cC9vV0bB1nN2mM3qW4eR5tT6yU7iI8oO9pP0aS1dF2gG3hH4jJ5kK6lL7zZ8xX9cC0vB1nN2mQ3wE4rR5tT6yY7uU8iI9oO0pP1aS2dF3gG4hH5jJ6kK7l4hH5jJ6kK7lL8zX9cV0bN1nM2qW3eR4tT5yU6iI7oO8pP9aS0dF1gG2hH3jJ4kK5lL6zZ7xX8cC9vV0bB1nN2mM3qW4eR5tT6yU7iI8oO9pP0aS1dF2gG3hH4jJ5kK6lL7zZ8xX9cC0vB1nN2mQ3wE4rR5tT6yY7uU8iI9oO0pP1aS2dF3gG4hH5jJ6kK7lL8zX9cV0bN1nM2qW3eR4tT5yU6iI7oO8pP9aS0dF1gG2hH3jJ4kK5lL6zZ7xX8cC9vV0bB1nN2mM3qW4eR5tT6yU7iI8oO9pP0aS1dF2gG3hH4jJ5kK6lL7zZ8xX9cC0vB1nN2mQ3wE4rR5tT6yY7uU8iI9oO0pP1aS2dF3gG4hH5jJ6kK7l4hH5jJ6kK7lL8zX9cV0bN1nM2qW3eR4tT5yU6iI7oO8pP9aS0dF1gG2hH3jJ4kK5lL6zZ7xX8cC9vV0bB1nN2mM3qW4eR5tT6yU7iI8oO9pP0aS1dF2gG3hH4jJ5kK6lL7zZ8xX9cC0vB1nN2mQ3wE4rR5tT6yY7uU8iI9oO0pP1aS2dF3gG4hH5jJ6kK7lL8zX9cV0bN1nM2qW3eR4tT5yU6iI7oO8pP9aS0dF1gG2hH3jJ4kK5lL6zZ7xX8cC9vV0bB1nN2mM3qW4eR5tT6yU7iI8oO9pP0aS1dF2gG3hH4jJ5kK6lL7zZ8xX9cC0vB1nN2mQ3wE4rR5tT6yY7uU8iI9oO0pP1aS2dF3gG4hH5jJ6kK7l4hH5jJ6kK7lL8zX9cV0bN1nM2qW3eR4tT5yU6iI7oO8pP9aS0dF1gG2hH3jJ4kK5lL6zZ7xX8cC9vV0bB1nN2mM3qW4eR5tT6yU7iI8oO9pP0aS1dF2gG3hH4jJ5kK6lL7zZ8xX9cC0vB1nN2mQ3wE4rR5tT6yY7uU8iI9oO0pP1aS2dF3gG4hH5jJ6kK7lL8zX9cV0bN1nM2qW3eR4tT5yU6iI7oO8pP9aS0dF1gG2hH3jJ4kK5lL6zZ7xX8cC9vV0bB1nN2mM3qW4eR5tT6yU7iI8oO9pP0aS1dF2gG3hH4jJ5kK6lL7zZ8xX9cC0vB1nN2mQ3wE4rR5tT6yY7uU8iI9oO0pP1aS2dF3gG4hH5jJ6kK7l4hH5jJ6kK7lL8zX9cV0bN1nM2qW3eR4tT5yU6iI7oO8pP9aS0dF1gG2hH3jJ4kK5lL6zZ7xX8cC9vV0bB1nN2mM3qW4eR5tT6yU7iI8oO9pP0aS1dF2gG3hH4jJ5kK6lL7zZ8xX9cC0vB1nN2mQ3wE4rR5tT6yY7uU8iI9oO0pP1aS2dF3gG4hH5jJ6kK7lL8zX9cV0bN1nM2qW3eR4tT5yU6iI7oO8pP9aS0dF1gG2hH3jJ4kK5lL6zZ7xX8cC9vV0bB1nN2mM3qW4eR5tT6yU7iI8oO9pP0aS1dF2gG3hH4jJ5kK6lL7zZ8xX9cC0vB1nN2mQ3wE4rR5tT6yY7uU8iI9oO0pP1aS2dF3gG4hH5jJ6kK7l4hH5jJ6kK7lL8zX9cV0bN1nM2qW3eR4tT5yU6iI7oO8pP9aS0dF1gG2hH3jJ4kK5lL6zZ7xX8cC9vV0bB1nN2mM3qW4eR5tT6yU7iI8oO9pP0aS1dF2gG3hH4jJ5kK6lL7zZ8xX9cC0vB1nN2mQ3wE4rR5tT6yY7uU8iI9oO0pP1aS2dF3gG4hH5jJ6kK7lL8zX9cV0bN1nM2qW3eR4tT5yU6iI7oO8pP9aS0dF1gG2hH3jJ4kK5lL6zZ7xX8cC9vV0bB1nN2mM3qW4eR5tT6yU7iI8oO9pP0aS1dF2gG3hH4jJ5kK6lL7zZ8xX9cC0vB1nN2mQ3wE4rR5tT6yY7uU8iI9oO0pP1aS2dF3gG4hH5jJ6kK7l4hH5jJ6kK7lL8zX9cV0bN1nM2qW3eR4tT5yU6iI7oO8pP9aS0dF1gG2hH3jJ4kK5lL6zZ7xX8cC9vV0bB1nN2mM3qW4eR5tT6yU7iI8oO9pP0aS1dF2gG3hH4jJ5kK6lL7zZ8xX9cC0vB1nN2mQ3wE4rR5tT6yY7uU8iI9oO0pP1aS2dF3gG4hH5jJ6kK7lL8zX9cV0bN1nM2qW3eR4tT5yU6iI7oO8pP9aS0dF1gG2hH3jJ4kK5lL6zZ7xX8cC9vV0bB1nN2mM3qW4eR5tT6yU7iI8oO9pP0aS1dF2gG3hH4jJ5kK6lL7zZ8xX9cC0vB1nN2mQ3wE4rR5tT6yY7uU8iI9oO0pP1aS2dF3gG4hH5jJ6kK7l4hH5jJ6kK7lL8zX9cV0bN1nM2qW3eR4tT5yU6iI7oO8pP9aS0dF1gG2hH3jJ4kK5lL6z7nB9vR2mX8kLp4QjW3tY5zH1aG6sF9dD0fS8gA7hJ6kL5mN4bV3vC2xZ1oP9iU8uY7tT6rR5eE4wW3qQ2aZ1sX2dC3fV4gB5hN6jM7kL8pO9iU0yT1rE2wQ3aS4dF5gG6hH7jJ8kK9lL0zZ1xX2cC3vV4bB5nN6mM7qQ8wW9eE0rR1tT2yY3uU4iI5oO6pP7aA8sS9dD0fF1gG2hH3jJ4kK5lL6zZ7xX8cC9vV0bB1nN2mM3qW4eR5tT6yU7iI8oO9pP0aS1dF2gG3hH4jJ5kK6lL7zZ8xX9cC0vB1nN2mQ3wE4rR5tT6yY7uU8iI9oO0pP1aS2dF3gG4hH5jJ6kK7lL8zX9cV0bN1nM2qW3eR4tT5yU6iI7oO8pP9aS0dF1gG2hH3jJ4kK5lL6zZ7xX8cC9vV0bB1nN2mM3qW4eR5tT6yU7iI8oO9pP0aS1dF2gG3hH4jJ5kK6lL7zZ8xX9cC0vB1nN2mQ3wE4rR5tT6yY7uU8iI9oO0pP1aS2dF3gG4hH5jJ6kK7lL8zX9cV0bN1nM2qW3eR4tT5yU6iI7oO8pP9aS0dF1gG2hH3jJ4kK5lL6zZ7xX8cC9vV0bB1nN2mM3qW4eR5tT6yU7iI8oO9pP0aS1dF2gG3hH4jJ5kK6lL7zZ8xX9cC0vB1nN2mQ3wE4rR5tT6yY7uU8iI9oO0pP1aS2dF3gG4hH5jJ6kK7lL8zX9cV0bN1nM2qW3eR4tT5yU6iI7oO8pP9aS0dF1gG2hH3jJ4kK5lL6zZ7xX8cC9vV0bB1nN2mM3qW4eR5tT6yU7iI8oO9pP0aS1dF2gG3hH4jJ5kK6lL7zZ8xX9cC0vB1nN2mQ3wE4rR5tT6yY7uU8iI9oO0pP1aS2dF3gG4hH5jJ6kK7lL8zX9cV0bN1nM2qW3eR4tT5yU6iI7oO8pP9aS0dF1gG2hH3jJ4kK5lL6zZ7xX8cC9vV0bB1nN2mM3qW4eR5tT6yU7iI8oO9pP0aS1dF2gG3hH4jJ5kK6lL7zZ8xX9cC0vB1nN2mQ3wE4rR5tT6yY7uU8iI9oO0pP1aS2dF3gG4hH5jJ6kK7l4hH5jJ6kK7lL8zX9cV0bN1nM2qW3eR4tT5yU6iI7oO8pP9aS0dF1gG2hH3jJ4kK5lL6zZ7xX8cC9vV0bB1nN2mM3qW4eR5tT6yU7iI8oO9pP0aS1dF2gG3hH4jJ5kK6lL7zZ8xX9cC0vB1nN2mQ3wE4rR5tT6yY7uU8iI9oO0pP1aS2dF3gG4hH5jJ6kK7lL8zX9cV0bN1nM2qW3eR4tT5yU6iI7oO8pP9aS0dF1gG2hH3jJ4kK5lL6zZ7xX8cC9vV0bB1nN2mM3qW4eR5tT6yU7iI8oO9pP0aS1dF2gG3hH4jJ5kK6lL7zZ8xX9cC0vB1nN2mQ3wE4rR5tT6yY7uU8iI9oO0pP1aS2dF3gG4hH5jJ6kK7l4hH5jJ6kK7lL8zX9cV0bN1nM2qW3eR4tT5yU6iI7oO8pP9aS0dF1gG2hH3jJ4kK5lL6zZ7xX8cC9vV0bB1nN2mM3qW4eR5tT6yU7iI8oO9pP0aS1dF2gG3hH4jJ5kK6lL7zZ8xX9cC0vB1nN2mQ3wE4rR5tT6yY7uU8iI9oO0pP1aS2dF3gG4hH5jJ6kK7lL8zX9cV0bN1nM2qW3eR4tT5yU6iI7oO8pP9aS0dF1gG2hH3jJ4kK5lL6zZ7xX8cC9vV0bB1nN2mM3qW4eR5tT6yU7iI8oO9pP0aS1dF2gG3hH4jJ5kK6lL7zZ8xX9cC0vB1nN2mQ3wE4rR5tT6yY7uU8iI9oO0pP1aS2dF3gG4hH5jJ6kK7l4hH5jJ6kK7lL8zX9cV0bN1nM2qW3eR4tT5yU6iI7oO8pP9aS0dF1gG2hH3jJ4kK5lL6zZ7xX8cC9vV0bB1nN2mM3qW4eR5tT6yU7iI8oO9pP0aS1dF2gG3hH4jJ5kK6lL7zZ8xX9cC0vB1nN2mQ3wE4rR5tT6yY7uU8iI9oO0pP1aS2dF3gG4hH5jJ6kK7lL8zX9cV0bN1nM2qW3eR4tT5yU6iI7oO8pP9aS0dF1gG2hH3jJ4kK5lL6zZ7xX8cC9vV0bB1nN2mM3qW4eR5tT6yU7iI8oO9pP0aS1dF2gG3hH4jJ5kK6lL7zZ8xX9cC0vB1nN2mQ3wE4rR5tT6yY7uU8iI9oO0pP1aS2dF3gG4hH5jJ6kK7l4hH5jJ6kK7lL8zX9cV0bN1nM2qW3eR4tT5yU6iI7oO8pP9aS0dF1gG2hH3jJ4kK5lL6zZ7xX8cC9vV0bB1nN2mM3qW4eR5tT6yU7iI8oO9pP0aS1dF2gG3hH4jJ5kK6lL7zZ8xX9cC0vB1nN2mQ3wE4rR5tT6yY7uU8iI9oO0pP1aS2dF3gG4hH5jJ6kK7lL8zX9cV0bN1nM2qW3eR4tT5yU6iI7oO8pP9aS0dF1gG2hH3jJ4kK5lL6zZ7xX8cC9vV0bB1nN2mM3qW4eR5tT6yU7iI8oO9pP0aS1dF2gG3hH4jJ5kK6lL7zZ8xX9cC0vB1nN2mQ3wE4rR5tT6yY7uU8iI9oO0pP1aS2dF3gG4hH5jJ6kK7l4hH5jJ6kK7lL8zX9cV0bN1nM2qW3eR4tT5yU6iI7oO8pP9aS0dF1gG2hH3jJ4kK5lL6zZ7xX8cC9vV0bB1nN2mM3qW4eR5tT6yU7iI8oO9pP0aS1dF2gG3hH4jJ5kK6lL7zZ8xX9cC0vB1nN2mQ3wE4rR5tT6yY7uU8iI9oO0pP1aS2dF3gG4hH5jJ6kK7lL8zX9cV0bN1nM2qW3eR4tT5yU6iI7oO8pP9aS0dF1gG2hH3jJ4kK5lL6zZ7xX8cC9vV0bB1nN2mM3qW4eR5tT6yU7iI8oO9pP0aS1dF2gG3hH4jJ5kK6lL7zZ8xX9cC0vB1nN2mQ3wE4rR5tT6yY7uU8iI9oO0pP1aS2dF3gG4hH5jJ6kK7l4hH5jJ6kK7lL8zX9cV0bN1nM2qW3eR4tT5yU6iI7oO8pP9aS0dF1gG2hH3jJ4kK5lL6zZ7xX8cC9vV0bB1nN2mM3qW4eR5tT6yU7iI8oO9pP0aS1dF2gG3hH4jJ5kK6lL7zZ8xX9cC0vB1nN2mQ3wE4rR5tT6yY7uU8iI9oO0pP1aS2dF3gG4hH5jJ6kK7lL8zX9cV0bN1nM2qW3eR4tT5yU6iI7oO8pP9aS0dF1gG2hH3jJ4kK5lL6zZ7xX8cC9vV0bB1nN2mM3qW4eR5tT6yU7iI8oO9pP0aS1dF2gG3hH4jJ5kK6lL7zZ8xX9cC0vB1nN2mQ3wE4rR5tT6yY7uU8iI9oO0pP1aS2dF3gG4hH5jJ6kK7l4hH5jJ6kK7lL8zX9cV0bN1nM2qW3eR4tT5yU6iI7oO8pP9aS0dF1gG2hH3jJ4kK5lL6zZ7xX8cC9vV0bB1nN2mM3qW4eR5tT6yU7iI8oO9pP0aS1dF2gG3hH4jJ5kK6lL7zZ8xX9cC0vB1nN2mQ3wE4rR5tT6yY7uU8iI9oO0pP1aS2dF3gG4hH5jJ6kK7lL8zX9cV0bN1nM2qW3eR4tT5yU6iI7oO8pP9aS0dF1gG2hH3jJ4kK5lL6zZ7xX8cC9vV0bB1nN2mM3qW4eR5tT6yU7iI8oO9pP0aS1dF2gG3hH4jJ5kK6lL7zZ8xX9cC0vB1nN2mQ3wE4rR5tT6yY7uU8iI9oO0pP1aS2dF3gG4hH5jJ6kK7l4hH5jJ6kK7lL8zX9cV0bN1nM2qW3eR4tT5yU6iI7oO8pP9aS0dF1gG2hH3jJ4kK5lL6z7nB9vR2mX8kLp4QjW3tY5zH1aG6sF9dD0fS8gA7hJ6kL5mN4bV3vC2xZ1oP9iU8uY7tT6rR5eE4wW3qQ2aZ1sX2dC3fV4gB5hN6jM7kL8pO9iU0yT1rE2wQ3aS4dF5gG6hH7jJ8kK9lL0zZ1xX2cC3vV4bB5nN6mM7qQ8wW9eE0rR1tT2yY3uU4iI5oO6pP7aA8sS9dD0fF1gG2hH3jJ4kK5lL6zZ7xX8cC9vV0bB1nN2mM3qW4eR5tT6yU7iI8oO9pP0aS1dF2gG3hH4jJ5kK6lL7zZ8xX9cC0vB1nN2mQ3wE4rR5tT6yY7uU8iI9oO0pP1aS2dF3gG4hH5jJ6kK7lL8zX9cV0bN1nM2qW3eR4tT5yU6iI7oO8pP9aS0dF1gG2hH3jJ4kK5lL6zZ7xX8cC9vV0bB1nN2mM3qW4eR5tT6yU7iI8oO9pP0aS1dF2gG3hH4jJ5kK6lL7zZ8xX9cC0vB1nN2mQ3wE4rR5tT6yY7uU8iI9oO0pP1aS2dF3gG4hH5jJ6kK7lL8zX9cV0bN1nM2qW3eR4tT5yU6iI7oO8pP9aS0dF1gG2hH3jJ4kK5lL6zZ7xX8cC9vV0bB1nN2mM3qW4eR5tT6yU7iI8oO9pP0aS1dF2gG3hH4jJ5kK6lL7zZ8xX9cC0vB1nN2mQ3wE4rR5tT6yY7uU8iI9oO0pP1aS2dF3gG4hH5jJ6kK7lL8zX9cV0bN1nM2qW3eR4tT5yU6iI7oO8pP9aS0dF1gG2hH3jJ4kK5lL6zZ7xX8cC9vV0bB1nN2mM3qW4eR5tT6yU7iI8oO9pP0aS1dF2gG3hH4jJ5kK6lL7zZ8xX9cC0vB1nN2mQ3wE4rR5tT6yY7uU8iI9oO0pP1aS2dF3gG4hH5jJ6kK7lL8zX9cV0bN1nM2qW3eR4tT5yU6iI7oO8pP9aS0dF1gG2hH3jJ4kK5lL6zZ7xX8cC9vV0bB1nN2mM3qW4eR5tT6yU7iI8oO9pP0aS1dF2gG3hH4jJ5kK6lL7zZ8xX9cC0vB1nN2mQ3wE4rR5tT6yY7uU8iI9oO0pP1aS2dF3gG4hH5jJ6kK7l4hH5jJ6kK7lL8zX9cV0bN1nM2qW3eR4tT5yU6iI7oO8pP9aS0dF1gG2hH3jJ4kK5lL6zZ7xX8cC9vV0bB1nN2mM3qW4eR5tT6yU7iI8oO9pP0aS1dF2gG3hH4jJ5kK6lL7zZ8xX9cC0vB1nN2mQ3wE4rR5tT6yY7uU8iI9oO0pP1aS2dF3gG4hH5jJ6kK7lL8zX9cV0bN1nM2qW3eR4tT5yU6iI7oO8pP9aS0dF1gG2hH3jJ4kK5lL6zZ7xX8cC9vV0bB1nN2mM3qW4eR5tT6yU7iI8oO9pP0aS1dF2gG3hH4jJ5kK6lL7zZ8xX9cC0vB1nN2mQ3wE4rR5tT6yY7uU8iI9oO0pP1aS2dF3gG4hH5jJ6kK7l4hH5jJ6kK7lL8zX9cV0bN1nM2qW3eR4tT5yU6iI7oO8pP9aS0dF1gG2hH3jJ4kK5lL6zZ7xX8cC9vV0bB1nN2mM3qW4eR5tT6yU7iI8oO9pP0aS1dF2gG3hH4jJ5kK6lL7zZ8xX9cC0vB1nN2mQ3wE4rR5tT6yY7uU8iI9oO0pP1aS2dF3gG4hH5jJ6kK7lL8zX9cV0bN1nM2qW3eR4tT5yU6iI7oO8pP9aS0dF1gG2hH3jJ4kK5lL6zZ7xX8cC9vV0bB1nN2mM3qW4eR5tT6yU7iI8oO9pP0aS1dF2gG3hH4jJ5kK6lL7zZ8xX9cC0vB1nN2mQ3wE4rR5tT6yY7uU8iI9oO0pP1aS2dF3gG4hH5jJ6kK7l4hH5jJ6kK7lL8zX9cV0bN1nM2qW3eR4tT5yU6iI7oO8pP9aS0dF1gG2hH3jJ4kK5lL6zZ7xX8cC9vV0bB1nN2mM3qW4eR5tT6yU7iI8oO9pP0aS1dF2gG3hH4jJ5kK6lL7zZ8xX9cC0vB1nN2mQ3wE4rR5tT6yY7uU8iI9oO0pP1aS2dF3gG4hH5jJ6kK7lL8zX9cV0bN1nM2qW3eR4tT5yU6iI7oO8pP9aS0dF1gG2hH3jJ4kK5lL6zZ7xX8cC9vV0bB1nN2mM3qW4eR5tT6yU7iI8oO9pP0aS1dF2gG3hH4jJ5kK6lL7zZ8xX9cC0vB1nN2mQ3wE4rR5tT6yY7uU8iI9oO0pP1aS2dF3gG4hH5jJ6kK7l4hH5jJ6kK7lL8zX9cV0bN1nM2qW3eR4tT5yU6iI7oO8pP9aS0dF1gG2hH3jJ4kK5lL6zZ7xX8cC9vV0bB1nN2mM3qW4eR5tT6yU7iI8oO9pP0aS1dF2gG3hH4jJ5kK6lL7zZ8xX9cC0vB1nN2mQ3wE4rR5tT6yY7uU8iI9oO0pP1aS2dF3gG4hH5jJ6kK7lL8zX9cV0bN1nM2qW3eR4tT5yU6iI7oO8pP9aS0dF1gG2hH3jJ4kK5lL6zZ7xX8cC9vV0bB1nN2mM3qW4eR5tT6yU7iI8oO9pP0aS1dF2gG3hH4jJ5kK6lL7zZ8xX9cC0vB1nN2mQ3wE4rR5tT6yY7uU8iI9oO0pP1aS2dF3gG4hH5jJ6kK7l4hH5jJ6kK7lL8zX9cV0bN1nM2qW3eR4tT5yU6iI7oO8pP9aS0dF1gG2hH3jJ4kK5lL6zZ7xX8cC9vV0bB1nN2mM3qW4eR5tT6yU7iI8oO9pP0aS1dF2gG3hH4jJ5kK6lL7zZ8xX9cC0vB1nN2mQ3wE4rR5tT6yY7uU8iI9oO0pP1aS2dF3gG4hH5jJ6kK7lL8zX9cV0bN1nM2qW3eR4tT5yU6iI7oO8pP9aS0dF1gG2hH3jJ4kK5lL6zZ7xX8cC9vV0bB1nN2mM3qW4eR5tT6yU7iI8oO9pP0aS1dF2gG3hH4jJ5kK6lL7zZ8xX9cC0vB1nN2mQ3wE4rR5tT6yY7uU8iI9oO0pP1aS2dF3gG4hH5jJ6kK7l4hH5jJ6kK7lL8zX9cV0bN1nM2qW3eR4tT5yU6iI7oO8pP9aS0dF1gG2hH3jJ4kK5lL6zZ7xX8cC9vV0bB1nN2mM3qW4eR5tT6yU7iI8oO9pP0aS1dF2gG3hH4jJ5kK6lL7zZ8xX9cC0vB1nN2mQ3wE4rR5tT6yY7uU8iI9oO0pP1aS2dF3gG4hH5jJ6kK7lL8zX9cV0bN1nM2qW3eR4tT5yU6iI7oO8pP9aS0dF1gG2hH3jJ4kK5lL6zZ7xX8cC9vV0bB1nN2mM3qW4eR5tT6yU7iI8oO9pP0aS1dF2gG3hH4jJ5kK6lL7zZ8xX9cC0vB1nN2mQ3wE4rR5tT6yY7uU8iI9oO0pP1aS2dF3gG4hH5jJ6kK7l4hH5jJ6kK7lL8zX9cV0bN1nM2qW3eR4tT5yU6iI7oO8pP9aS0dF1gG2hH3jJ4kK5lL6zZ7xX8cC9vV0bB1nN2mM3qW4eR5tT6yU7iI8oO9pP0aS1dF2gG3hH4jJ5kK6lL7zZ8xX9cC0vB1nN2mQ3wE4rR5tT6yY7uU8iI9oO0pP1aS2dF3gG4hH5jJ6kK7lL8zX9cV0bN1nM2qW3eR4tT5yU6iI7oO8pP9aS0dF1gG2hH3jJ4kK5lL6zZ7xX8cC9vV0bB1nN2mM3qW4eR5tT6yU7iI8oO9pP0aS1dF2gG3hH4jJ5kK6lL7zZ8xX9cC0vB1nN2mQ3wE4rR5tT6yY7uU8iI9oO0pP1aS2dF3gG4hH5jJ6kK7l4hH5jJ6kK7lL8zX9cV0bN1nM2qW3eR4tT5yU6iI7oO8pP9aS0dF1gG2hH3jJ4kK5lL6z7nB9vR2mX8kLp4QjW3tY5zH1aG6sF9dD0fS8gA7hJ6kL5mN4bV3vC2xZ1oP9iU8uY7tT6rR5eE4wW3qQ2aZ1sX2dC3fV4gB5hN6jM7kL8pO9iU0yT1rE2wQ3aS4dF5gG6hH7jJ8kK9lL0zZ1xX2cC3vV4bB5nN6mM7qQ8wW9eE0rR1tT2yY3uU4iI5oO6pP7aA8sS9dD0fF1gG2hH3jJ4kK5lL6zZ7xX8cC9vV0bB1nN2mM3qW4eR5tT6yU7iI8oO9pP0aS1dF2gG3hH4jJ5kK6lL7zZ8xX9cC0vB1nN2mQ3wE4rR5tT6yY7uU8iI9oO0pP1aS2dF3gG4hH5jJ6kK7lL8zX9cV0bN1nM2qW3eR4tT5yU6iI7oO8pP9aS0dF1gG2hH3jJ4kK5lL6zZ7xX8cC9vV0bB1nN2mM3qW4eR5tT6yU7iI8oO9pP0aS1dF2gG3hH4jJ5kK6lL7zZ8xX9cC0vB1nN2mQ3wE4rR5tT6yY7uU8iI9oO0pP1aS2dF3gG4hH5jJ6kK7lL8zX9cV0bN1nM2qW3eR4tT5yU6iI7oO8pP9aS0dF1gG2hH3jJ4kK5lL6zZ7xX8cC9vV0bB1nN2mM3qW4eR5tT6yU7iI8oO9pP0aS1dF2gG3hH4jJ5kK6lL7zZ8xX9cC0vB1nN2mQ3wE4rR5tT6yY7uU8iI9oO0pP1aS2dF3gG4hH5jJ6kK7lL8zX9cV0bN1nM2qW3eR4tT5yU6iI7oO8pP9aS0dF1gG2hH3jJ4kK5lL6zZ7xX8cC9vV0bB1nN2mM3qW4eR5tT6yU7iI8oO9pP0aS1dF2gG3hH4jJ5kK6lL7zZ8xX9cC0vB1nN2mQ3wE4rR5tT6yY7uU8iI9oO0pP1aS2dF3gG4hH5jJ6kK7lL8zX9cV0bN1nM2qW3eR4tT5yU6iI7oO8pP9aS0dF1gG2hH3jJ4kK5lL6zZ7xX8cC9vV0bB1nN2mM3qW4eR5tT6yU7iI8oO9pP0aS1dF2gG3hH4jJ5kK6lL7zZ8xX9cC0vB1nN2mQ3wE4rR5tT6yY7uU8iI9oO0pP1aS2dF3gG4hH5jJ6kK7l4hH5jJ6kK7lL8zX9cV0bN1nM2qW3eR4tT5yU6iI7oO8pP9aS0dF1gG2hH3jJ4kK5lL6zZ7xX8cC9vV0bB1nN2mM3qW4eR5tT6yU7iI8oO9pP0aS1dF2gG3hH4jJ5kK6lL7zZ8xX9cC0vB1nN2mQ3wE4rR5tT6yY7uU8iI9oO0pP1aS2dF3gG4hH5jJ6kK7lL8zX9cV0bN1nM2qW3eR4tT5yU6iI7oO8pP9aS0dF1gG2hH3jJ4kK5lL6zZ7xX8cC9vV0bB1nN2mM3qW4eR5tT6yU7iI8oO9pP0aS1dF2gG3hH4jJ5kK6lL7zZ8xX9cC0vB1nN2mQ3wE4rR5tT6yY7uU8iI9oO0pP1aS2dF3gG4hH5jJ6kK7l4hH5jJ6kK7lL8zX9cV0bN1nM2qW3eR4tT5yU6iI7oO8pP9aS0dF1gG2hH3jJ4kK5lL6zZ7xX8cC9vV0bB1nN2mM3qW4eR5tT6yU7iI8oO9pP0aS1dF2gG3hH4jJ5kK6lL7zZ8xX9cC0vB1nN2mQ3wE4rR5tT6yY7uU8iI9oO0pP1aS2dF3gG4hH5jJ6kK7lL8zX9cV0bN1nM2qW3eR4tT5yU6iI7oO8pP9aS0dF1gG2hH3jJ4kK5lL6zZ7xX8cC9vV0bB1nN2mM3qW4eR5tT6yU7iI8oO9pP0aS1dF2gG3hH4jJ5kK6lL7zZ8xX9cC0vB1nN2mQ3wE4rR5tT6yY7uU8iI9oO0pP1aS2dF3gG4hH5jJ6kK7l4hH5jJ6kK7lL8zX9cV0bN1nM2qW3eR4tT5yU6iI7oO8pP9aS0dF1gG2hH3jJ4kK5lL6zZ7xX8cC9vV0bB1nN2mM3qW4eR5tT6yU7iI8oO9pP0aS1dF2gG3hH4jJ5kK6lL7zZ8xX9cC0vB1nN2mQ3wE4rR5tT6yY7uU8iI9oO0pP1aS2dF3gG4hH5jJ6kK7lL8zX9cV0bN1nM2qW3eR4tT5yU6iI7oO8pP9aS0dF1gG2hH3jJ4kK5lL6zZ7xX8cC9vV0bB1nN2mM3qW4eR5tT6yU7iI8oO9pP0aS1dF2gG3hH4jJ5kK6lL7zZ8xX9cC0vB1nN2mQ3wE4rR5tT6yY7uU8iI9oO0pP1aS2dF3gG4hH5jJ6kK7l4hH5jJ6kK7lL8zX9cV0bN1nM2qW3eR4tT5yU6iI7oO8pP9aS0dF1gG2hH3jJ4kK5lL6zZ7xX8cC9vV0bB1nN2mM3qW4eR5tT6yU7iI8oO9pP0aS1dF2gG3hH4jJ5kK6lL7zZ8xX9cC0vB1nN2mQ3wE4rR5tT6yY7uU8iI9oO0pP1aS2dF3gG4hH5jJ6kK7lL8zX9cV0bN1nM2qW3eR4tT5yU6iI7oO8pP9aS0dF1gG2hH3jJ4kK5lL6zZ7xX8cC9vV0bB1nN2mM3qW4eR5tT6yU7iI8oO9pP0aS1dF2gG3hH4jJ5kK6lL7zZ8xX9cC0vB1nN2mQ3wE4rR5tT6yY7uU8iI9oO0pP1aS2dF3gG4hH5jJ6kK7l4hH5jJ6kK7lL8zX9cV0bN1nM2qW3eR4tT5yU6iI7oO8pP9aS0dF1gG2hH3jJ4kK5lL6zZ7xX8cC9vV0bB1nN2mM3qW4eR5tT6yU7iI8oO9pP0aS1dF2gG3hH4jJ5kK6lL7zZ8xX9cC0vB1nN2mQ3wE4rR5tT6yY7uU8iI9oO0pP1aS2dF3gG4hH5jJ6kK7lL8zX9cV0bN1nM2qW3eR4tT5yU6iI7oO8pP9aS0dF1gG2hH3jJ4kK5lL6zZ7xX8cC9vV0bB1nN2mM3qW4eR5tT6yU7iI8oO9pP0aS1dF2gG3hH4jJ5kK6lL7zZ8xX9cC0vB1nN2mQ3wE4rR5tT6yY7uU8iI9oO0pP1aS2dF3gG4hH5jJ6kK7l4hH5jJ6kK7lL8zX9cV0bN1nM2qW3eR4tT5yU6iI7oO8pP9aS0dF1gG2hH3jJ4kK5lL6zZ7xX8cC9vV0bB1nN2mM3qW4eR5tT6yU7iI8oO9pP0aS1dF2gG3hH4jJ5kK6lL7zZ8xX9cC0vB1nN2mQ3wE4rR5tT6yY7uU8iI9oO0pP1aS2dF3gG4hH5jJ6kK7lL8zX9cV0bN1nM2qW3eR4tT5yU6iI7oO8pP9aS0dF1gG2hH3jJ4kK5lL6zZ7xX8cC9vV0bB1nN2mM3qW4eR5tT6yU7iI8oO9pP0aS1dF2gG3hH4jJ5kK6lL7zZ8xX9cC0vB1nN2mQ3wE4rR5tT6yY7uU8iI9oO0pP1aS2dF3gG4hH5jJ6kK7l4hH5jJ6kK7lL8zX9cV0bN1nM2qW3eR4tT5yU6iI7oO8pP9aS0dF1gG2hH3jJ4kK5lL6zZ7xX8cC9vV0bB1nN2mM3qW4eR5tT6yU7iI8oO9pP0aS1dF2gG3hH4jJ5kK6lL7zZ8xX9cC0vB1nN2mQ3wE4rR5tT6yY7uU8iI9oO0pP1aS2dF3gG4hH5jJ6kK7lL8zX9cV0bN1nM2qW3eR4tT5yU6iI7oO8pP9aS0dF1gG2hH3jJ4kK5lL6zZ7xX8cC9vV0bB1nN2mM3qW4eR5tT6yU7iI8oO9pP0aS1dF2gG3hH4jJ5kK6lL7zZ8xX9cC0vB1nN2mQ3wE4rR5tT6yY7uU8iI9oO0pP1aS2dF3gG4hH5jJ6kK7l4hH5jJ6kK7lL8zX9cV0bN1nM2qW3eR4tT5yU6iI7oO8pP9aS0dF1gG2hH3jJ4kK5lL6z7nB9vR2mX8kLp4QjW3tY5zH1aG6sF9dD0fS8gA7hJ6kL5mN4bV3vC2xZ1oP9iU8uY7tT6rR5eE4wW3qQ2aZ1sX2dC3fV4gB5hN6jM7kL8pO9iU0yT1rE2wQ3aS4dF5gG6hH7jJ8kK9lL0zZ1xX2cC3vV4bB5nN6mM7qQ8wW9eE0rR1tT2yY3uU4iI5oO6pP7aA8sS9dD0fF1gG2hH3jJ4kK5lL6zZ7xX8cC9vV0bB1nN2mM3qW4eR5tT6yU7iI8oO9pP0aS1dF2gG3hH4jJ5kK6lL7zZ8xX9cC0vB1nN2mQ3wE4rR5tT6yY7uU8iI9oO0pP1aS2dF3gG4hH5jJ6kK7lL8zX9cV0bN1nM2qW3eR4tT5yU6iI7oO8pP9aS0dF1gG2hH3jJ4kK5lL6zZ7xX8cC9vV0bB1nN2mM3qW4eR5tT6yU7iI8oO9pP0aS1dF2gG3hH4jJ5kK6lL7zZ8xX9cC0vB1nN2mQ3wE4rR5tT6yY7uU8iI9oO0pP1aS2dF3gG4hH5jJ6kK7lL8zX9cV0bN1nM2qW3eR4tT5yU6iI7oO8pP9aS0dF1gG2hH3jJ4kK5lL6zZ7xX8cC9vV0bB1nN2mM3qW4eR5tT6yU7iI8oO9pP0aS1dF2gG3hH4jJ5kK6lL7zZ8xX9cC0vB1nN2mQ3wE4rR5tT6yY7uU8iI9oO0pP1aS2dF3gG4hH5jJ6kK7lL8zX9cV0bN1nM2qW3eR4tT5yU6iI7oO8pP9aS0dF1gG2hH3jJ4kK5lL6zZ7xX8cC9vV0bB1nN2mM3qW4eR5tT6yU7iI8oO9pP0aS1dF2gG3hH4jJ5kK6lL7zZ8xX9cC0vB1nN2mQ3wE4rR5tT6yY7uU8iI9oO0pP1aS2dF3gG4hH5jJ6kK7lL8zX9cV0bN1nM2qW3eR4tT5yU6iI7oO8pP9aS0dF1gG2hH3jJ4kK5lL6zZ7xX8cC9vV0bB1nN2mM3qW4eR5tT6yU7iI8oO9pP0aS1dF2gG3hH4jJ5kK6lL7zZ8xX9cC0vB1nN2mQ3wE4rR5tT6yY7uU8iI9oO0pP1aS2dF3gG4hH5jJ6kK7l4hH5jJ6kK7lL8zX9cV0bN1nM2qW3eR4tT5yU6iI7oO8pP9aS0dF1gG2hH3jJ4kK5lL6zZ7xX8cC9vV0bB1nN2mM3qW4eR5tT6yU7iI8oO9pP0aS1dF2gG3hH4jJ5kK6lL7zZ8xX9cC0vB1nN2mQ3wE4rR5tT6yY7uU8iI9oO0pP1aS2dF3gG4hH5jJ6kK7lL8zX9cV0bN1nM2qW3eR4tT5yU6iI7oO8pP9aS0dF1gG2hH3jJ4kK5lL6zZ7xX8cC9vV0bB1nN2mM3qW4eR5tT6yU7iI8oO9pP0aS1dF2gG3hH4jJ5kK6lL7zZ8xX9cC0vB1nN2mQ3wE4rR5tT6yY7uU8iI9oO0pP1aS2dF3gG4hH5jJ6kK7l4hH5jJ6kK7lL8zX9cV0bN1nM2qW3eR4tT5yU6iI7oO8pP9aS0dF1gG2hH3jJ4kK5lL6zZ7xX8cC9vV0bB1nN2mM3qW4eR5tT6yU7iI8oO9pP0aS1dF2gG3hH4jJ5kK6lL7zZ8xX9cC0vB1nN2mQ3wE4rR5tT6yY7uU8iI9oO0pP1aS2dF3gG4hH5jJ6kK7lL8zX9cV0bN1nM2qW3eR4tT5yU6iI7oO8pP9aS0dF1gG2hH3jJ4kK5lL6zZ7xX8cC9vV0bB1nN2mM3qW4eR5tT6yU7iI8oO9pP0aS1dF2gG3hH4jJ5kK6lL7zZ8xX9cC0vB1nN2mQ3wE4rR5tT6yY7uU8iI9oO0pP1aS2dF3gG4hH5jJ6kK7l4hH5jJ6kK7lL8zX9cV0bN1nM2qW3eR4tT5yU6iI7oO8pP9aS0dF1gG2hH3jJ4kK5lL6zZ7xX8cC9vV0bB1nN2mM3qW4eR5tT6yU7iI8oO9pP0aS1dF2gG3hH4jJ5kK6lL7zZ8xX9cC0vB1nN2mQ3wE4rR5tT6yY7uU8iI9oO0pP1aS2dF3gG4hH5jJ6kK7lL8zX9cV0bN1nM2qW3eR4tT5yU6iI7oO8pP9aS0dF1gG2hH3jJ4kK5lL6zZ7xX8cC9vV0bB1nN2mM3qW4eR5tT6yU7iI8oO9pP0aS1dF2gG3hH4jJ5kK6lL7zZ8xX9cC0vB1nN2mQ3wE4rR5tT6yY7uU8iI9oO0pP1aS2dF3gG4hH5jJ6kK7l4hH5jJ6kK7lL8zX9cV0bN1nM2qW3eR4tT5yU6iI7oO8pP9aS0dF1gG2hH3jJ4kK5lL6zZ7xX8cC9vV0bB1nN2mM3qW4eR5tT6yU7iI8oO9pP0aS1dF2gG3hH4jJ5kK6lL7zZ8xX9cC0vB1nN2mQ3wE4rR5tT6yY7uU8iI9oO0pP1aS2dF3gG4hH5jJ6kK7lL8zX9cV0bN1nM2qW3eR4tT5yU6iI7oO8pP9aS0dF1gG2hH3jJ4kK5lL6zZ7xX8cC9vV0bB1nN2mM3qW4eR5tT6yU7iI8oO9pP0aS1dF2gG3hH4jJ5kK6lL7zZ8xX9cC0vB1nN2mQ3wE4rR5tT6yY7uU8iI9oO0pP1aS2dF3gG4hH5jJ6kK7l4hH5jJ6kK7lL8zX9cV0bN1nM2qW3eR4tT5yU6iI7oO8pP9aS0dF1gG2hH3jJ4kK5lL6zZ7xX8cC9vV0bB1nN2mM3qW4eR5tT6yU7iI8oO9pP0aS1dF2gG3hH4jJ5kK6lL7zZ8xX9cC0vB1nN2mQ3wE4rR5tT6yY7uU8iI9oO0pP1aS2dF3gG4hH5jJ6kK7lL8zX9cV0bN1nM2qW3eR4tT5yU6iI7oO8pP9aS0dF1gG2hH3jJ4kK5lL6zZ7xX8cC9vV0bB1nN2mM3qW4eR5tT6yU7iI8oO9pP0aS1dF2gG3hH4jJ5kK6lL7zZ8xX9cC0vB1nN2mQ3wE4rR5tT6yY7uU8iI9oO0pP1aS2dF3gG4hH5jJ6kK7l4hH5jJ6kK7lL8zX9cV0bN1nM2qW3eR4tT5yU6iI7oO8pP9aS0dF1gG2hH3jJ4kK5lL6zZ7xX8cC9vV0bB1nN2mM3qW4eR5tT6yU7iI8oO9pP0aS1dF2gG3hH4jJ5kK6lL7zZ8xX9cC0vB1nN2mQ3wE4rR5tT6yY7uU8iI9oO0pP1aS2dF3gG4hH5jJ6kK7lL8zX9cV0bN1nM2qW3eR4tT5yU6iI7oO8pP9aS0dF1gG2hH3jJ4kK5lL6zZ7xX8cC9vV0bB1nN2mM3qW4eR5tT6yU7iI8oO9pP0aS1dF2gG3hH4jJ5kK6lL7zZ8xX9cC0vB1nN2mQ3wE4rR5tT6yY7uU8iI9oO0pP1aS2dF3gG4hH5jJ6kK7l4hH5jJ6kK7lL8zX9cV0bN1nM2qW3eR4tT5yU6iI7oO8pP9aS0dF1gG2hH3jJ4kK5lL6zZ7xX8cC9vV0bB1nN2mM3qW4eR5tT6yU7iI8oO9pP0aS1dF2gG3hH4jJ5kK6lL7zZ8xX9cC0vB1nN2mQ3wE4rR5tT6yY7uU8iI9oO0pP1aS2dF3gG4hH5jJ6kK7lL8zX9cV0bN1nM2qW3eR4tT5yU6iI7oO8pP9aS0dF1gG2hH3jJ4kK5lL6zZ7xX8cC9vV0bB1nN2mM3qW4eR5tT6yU7iI8oO9pP0aS1dF2gG3hH4jJ5kK6lL7zZ8xX9cC0vB1nN2mQ3wE4rR5tT6yY7uU8iI9oO0pP1aS2dF3gG4hH5jJ6kK7l4hH5jJ6kK7lL8zX9cV0bN1nM2qW3eR4tT5yU6iI7oO8pP9aS0dF1gG2hH3jJ4kK5lL6z7nB9vR2mX8kLp4QjW3tY5zH1aG6sF9dD0fS8gA7hJ6kL5mN4bV3vC2xZ1oP9iU8uY7tT6rR5eE4wW3qQ2aZ1sX2dC3fV4gB5hN6jM7kL8pO9iU0yT1rE2wQ3aS4dF5gG6hH7jJ8kK9lL0zZ1xX2cC3vV4bB5nN6mM7qQ8wW9eE0rR1tT2yY3uU4iI5oO6pP7aA8sS9dD0fF1gG2hH3jJ4kK5lL6zZ7xX8cC9vV0bB1nN2mM3qW4eR5tT6yU7iI8oO9pP0aS1dF2gG3hH4jJ5kK6lL7zZ8xX9cC0vB1nN2mQ3wE4rR5tT6yY7uU8iI9oO0pP1aS2dF3gG4hH5jJ6kK7lL8zX9cV0bN1nM2qW3eR4tT5yU6iI7oO8pP9aS0dF1gG2hH3jJ4kK5lL6zZ7xX8cC9vV0bB1nN2mM3qW4eR5tT6yU7iI8oO9pP0aS1dF2gG3hH4jJ5kK6lL7zZ8xX9cC0vB1nN2mQ3wE4rR5tT6yY7uU8iI9oO0pP1aS2dF3gG4hH5jJ6kK7lL8zX9cV0bN1nM2qW3eR4tT5yU6iI7oO8pP9aS0dF1gG2hH3jJ4kK5lL6zZ7xX8cC9vV0bB1nN2mM3qW4eR5tT6yU7iI8oO9pP0aS1dF2gG3hH4jJ5kK6lL7zZ8xX9cC0vB1nN2mQ3wE4rR5tT6yY7uU8iI9oO0pP1aS2dF3gG4hH5jJ6kK7lL8zX9cV0bN1nM2qW3eR4tT5yU6iI7oO8pP9aS0dF1gG2hH3jJ4kK5lL6zZ7xX8cC9vV0bB1nN2mM3qW4eR5tT6yU7iI8oO9pP0aS1dF2gG3hH4jJ5kK6lL7zZ8xX9cC0vB1nN2mQ3wE4rR5tT6yY7uU8iI9oO0pP1aS2dF3gG4hH5jJ6kK7lL8zX9cV0bN1nM2qW3eR4tT5yU6iI7oO8pP9aS0dF1gG2hH3jJ4kK5lL6zZ7xX8cC9vV0bB1nN2mM3qW4eR5tT6yU7iI8oO9pP0aS1dF2gG3hH4jJ5kK6lL7zZ8xX9cC0vB1nN2mQ3wE4rR5tT6yY7uU8iI9oO0pP1aS2dF3gG4hH5jJ6kK7l4hH5jJ6kK7lL8zX9cV0bN1nM2qW3eR4tT5yU6iI7oO8pP9aS0dF1gG2hH3jJ4kK5lL6zZ7xX8cC9vV0bB1nN2mM3qW4eR5tT6yU7iI8oO9pP0aS1dF2gG3hH4jJ5kK6lL7zZ8xX9cC0vB1nN2mQ3wE4rR5tT6yY7uU8iI9oO0pP1aS2dF3gG4hH5jJ6kK7lL8zX9cV0bN1nM2qW3eR4tT5yU6iI7oO8pP9aS0dF1gG2hH3jJ4kK5lL6zZ7xX8cC9vV0bB1nN2mM3qW4eR5tT6yU7iI8oO9pP0aS1dF2gG3hH4jJ5kK6lL7zZ8xX9cC0vB1nN2mQ3wE4rR5tT6yY7uU8iI9oO0pP1aS2dF3gG4hH5jJ6kK7l4hH5jJ6kK7lL8zX9cV0bN1nM2qW3eR4tT5yU6iI7oO8pP9aS0dF1gG2hH3jJ4kK5lL6zZ7xX8cC9vV0bB1nN2mM3qW4eR5tT6yU7iI8oO9pP0aS1dF2gG3hH4jJ5kK6lL7zZ8xX9cC0vB1nN2mQ3wE4rR5tT6yY7uU8iI9oO0pP1aS2dF3gG4hH5jJ6kK7lL8zX9cV0bN1nM2qW3eR4tT5yU6iI7oO8pP9aS0dF1gG2hH3jJ4kK5lL6zZ7xX8cC9vV0bB1nN2mM3qW4eR5tT6yU7iI8oO9pP0aS1dF2gG3hH4jJ5kK6lL7zZ8xX9cC0vB1nN2mQ3wE4rR5tT6yY7uU8iI9oO0pP1aS2dF3gG4hH5jJ6kK7l4hH5jJ6kK7lL8zX9cV0bN1nM2qW3eR4tT5yU6iI7oO8pP9aS0dF1gG2hH3jJ4kK5lL6zZ7xX8cC9vV0bB1nN2mM3qW4eR5tT6yU7iI8oO9pP0aS1dF2gG3hH4jJ5kK6lL7zZ8xX9cC0vB1nN2mQ3wE4rR5tT6yY7uU8iI9oO0pP1aS2dF3gG4hH5jJ6kK7lL8zX9cV0bN1nM2qW3eR4tT5yU6iI7oO8pP9aS0dF1gG2hH3jJ4kK5lL6zZ7xX8cC9vV0bB1nN2mM3qW4eR5tT6yU7iI8oO9pP0aS1dF2gG3hH4jJ5kK6lL7zZ8xX9cC0vB1nN2mQ3wE4rR5tT6yY7uU8iI9oO0pP1aS2dF3gG4hH5jJ6kK7l4hH5jJ6kK7lL8zX9cV0bN1nM2qW3eR4tT5yU6iI7oO8pP9aS0dF1gG2hH3jJ4kK5lL6zZ7xX8cC9vV0bB1nN2mM3qW4eR5tT6yU7iI8oO9pP0aS1dF2gG3hH4jJ5kK6lL7zZ8xX9cC0vB1nN2mQ3wE4rR5tT6yY7uU8iI9oO0pP1aS2dF3gG4hH5jJ6kK7lL8zX9cV0bN1nM2qW3eR4tT5yU6iI7oO8pP9aS0dF1gG2hH3jJ4kK5lL6zZ7xX8cC9vV0bB1nN2mM3qW4eR5tT6yU7iI8oO9pP0aS1dF2gG3hH4jJ5kK6lL7zZ8xX9cC0vB1nN2mQ3wE4rR5tT6yY7uU8iI9oO0pP1aS2dF3gG4hH5jJ6kK7l4hH5jJ6kK7lL8zX9cV0bN1nM2qW3eR4tT5yU6iI7oO8pP9aS0dF1gG2hH3jJ4kK5lL6zZ7xX8cC9vV0bB1nN2mM3qW4eR5tT6yU7iI8oO9pP0aS1dF2gG3hH4jJ5kK6lL7zZ8xX9cC0vB1nN2mQ3wE4rR5tT6yY7uU8iI9oO0pP1aS2dF3gG4hH5jJ6kK7lL8zX9cV0bN1nM2qW3eR4tT5yU6iI7oO8pP9aS0dF1gG2hH3jJ4kK5lL6zZ7xX8cC9vV0bB1nN2mM3qW4eR5tT6yU7iI8oO9pP0aS1dF2gG3hH4jJ5kK6lL7zZ8xX9cC0vB1nN2mQ3wE4rR5tT6yY7uU8iI9oO0pP1aS2dF3gG4hH5jJ6kK7l4hH5jJ6kK7lL8zX9cV0bN1nM2qW3eR4tT5yU6iI7oO8pP9aS0dF1gG2hH3jJ4kK5lL6zZ7xX8cC9vV0bB1nN2mM3qW4eR5tT6yU7iI8oO9pP0aS1dF2gG3hH4jJ5kK6lL7zZ8xX9cC0vB1nN2mQ3wE4rR5tT6yY7uU8iI9oO0pP1aS2dF3gG4hH5jJ6kK7lL8zX9cV0bN1nM2qW3eR4tT5yU6iI7oO8pP9aS0dF1gG2hH3jJ4kK5lL6zZ7xX8cC9vV0bB1nN2mM3qW4eR5tT6yU7iI8oO9pP0aS1dF2gG3hH4jJ5kK6lL7zZ8xX9cC0vB1nN2mQ3wE4rR5tT6yY7uU8iI9oO0pP1aS2dF3gG4hH5jJ6kK7l4hH5jJ6kK7lL8zX9cV0bN1nM2qW3eR4tT5yU6iI7oO8pP9aS0dF1gG2hH3jJ4kK5lL6zZ7xX8cC9vV0bB1nN2mM3qW4eR5tT6yU7iI8oO9pP0aS1dF2gG3hH4jJ5kK6lL7zZ8xX9cC0vB1nN2mQ3wE4rR5tT6yY7uU8iI9oO0pP1aS2dF3gG4hH5jJ6kK7lL8zX9cV0bN1nM2qW3eR4tT5yU6iI7oO8pP9aS0dF1gG2hH3jJ4kK5lL6zZ7xX8cC9vV0bB1nN2mM3qW4eR5tT6yU7iI8oO9pP0aS1dF2gG3hH4jJ5kK6lL7zZ8xX9cC0vB1nN2mQ3wE4rR5tT6yY7uU8iI9oO0pP1aS2dF3gG4hH5jJ6kK7l4hH5jJ6kK7lL8zX9cV0bN1nM2qW3eR4tT5yU6iI7oO8pP9aS0dF1gG2hH3jJ4kK5lL6z7nB9vR2mX8kLp4QjW3tY5zH1aG6sF9dD0fS8gA7hJ6kL5mN4bV3vC2xZ1oP9iU8uY7tT6rR5eE4wW3qQ2aZ1sX2dC3fV4gB5hN6jM7kL8pO9iU0yT1rE2wQ3aS4dF5gG6hH7jJ8kK9lL0zZ1xX2cC3vV4bB5nN6mM7qQ8wW9eE0rR1tT2yY3uU4iI5oO6pP7aA8sS9dD0fF1gG2hH3jJ4kK5lL6zZ7xX8cC9vV0bB1nN2mM3qW4eR5tT6yU7iI8oO9pP0aS1dF2gG3hH4jJ5kK6lL7zZ8xX9cC0vB1nN2mQ3wE4rR5tT6yY7uU8iI9oO0pP1aS2dF3gG4hH5jJ6kK7lL8zX9cV0bN1nM2qW3eR4tT5yU6iI7oO8pP9aS0dF1gG2hH3jJ4kK5lL6zZ7xX8cC9vV0bB1nN2mM3qW4eR5tT6yU7iI8oO9pP0aS1dF2gG3hH4jJ5kK6lL7zZ8xX9cC0vB1nN2mQ3wE4rR5tT6yY7uU8iI9oO0pP1aS2dF3gG4hH5jJ6kK7lL8zX9cV0bN1nM2qW3eR4tT5yU6iI7oO8pP9aS0dF1gG2hH3jJ4kK5lL6zZ7xX8cC9vV0bB1nN2mM3qW4eR5tT6yU7iI8oO9pP0aS1dF2gG3hH4jJ5kK6lL7zZ8xX9cC0vB1nN2mQ3wE4rR5tT6yY7uU8iI9oO0pP1aS2dF3gG4hH5jJ6kK7lL8zX9cV0bN1nM2qW3eR4tT5yU6iI7oO8pP9aS0dF1gG2hH3jJ4kK5lL6zZ7xX8cC9vV0bB1nN2mM3qW4eR5tT6yU7iI8oO9pP0aS1dF2gG3hH4jJ5kK6lL7zZ8xX9cC0vB1nN2mQ3wE4rR5tT6yY7uU8iI9oO0pP1aS2dF3gG4hH5jJ6kK7lL8zX9cV0bN1nM2qW3eR4tT5yU6iI7oO8pP9aS0dF1gG2hH3jJ4kK5lL6zZ7xX8cC9vV0bB1nN2mM3qW4eR5tT6yU7iI8oO9pP0aS1dF2gG3hH4jJ5kK6lL7zZ8xX9cC0vB1nN2mQ3wE4rR5tT6yY7uU8iI9oO0pP1aS2dF3gG4hH5jJ6kK7l4hH5jJ6kK7lL8zX9cV0bN1nM2qW3eR4tT5yU6iI7oO8pP9aS0dF1gG2hH3jJ4kK5lL6zZ7xX8cC9vV0bB1nN2mM3qW4eR5tT6yU7iI8oO9pP0aS1dF2gG3hH4jJ5kK6lL7zZ8xX9cC0vB1nN2mQ3wE4rR5tT6yY7uU8iI9oO0pP1aS2dF3gG4hH5jJ6kK7lL8zX9cV0bN1nM2qW3eR4tT5yU6iI7oO8pP9aS0dF1gG2hH3jJ4kK5lL6zZ7xX8cC9vV0bB1nN2mM3qW4eR5tT6yU7iI8oO9pP0aS1dF2gG3hH4jJ5kK6lL7zZ8xX9cC0vB1nN2mQ3wE4rR5tT6yY7uU8iI9oO0pP1aS2dF3gG4hH5jJ6kK7l4hH5jJ6kK7lL8zX9cV0bN1nM2qW3eR4tT5yU6iI7oO8pP9aS0dF1gG2hH3jJ4kK5lL6zZ7xX8cC9vV0bB1nN2mM3qW4eR5tT6yU7iI8oO9pP0aS1dF2gG3hH4jJ5kK6lL7zZ8xX9cC0vB1nN2mQ3wE4rR5tT6yY7uU8iI9oO0pP1aS2dF3gG4hH5jJ6kK7lL8zX9cV0bN1nM2qW3eR4tT5yU6iI7oO8pP9aS0dF1gG2hH3jJ4kK5lL6zZ7xX8cC9vV0bB1nN2mM3qW4eR5tT6yU7iI8oO9pP0aS1dF2gG3hH4jJ5kK6lL7zZ8xX9cC0vB1nN2mQ3wE4rR5tT6yY7uU8iI9oO0pP1aS2dF3gG4hH5jJ6kK7l4hH5jJ6kK7lL8zX9cV0bN1nM2qW3eR4tT5yU6iI7oO8pP9aS0dF1gG2hH3jJ4kK5lL6zZ7xX8cC9vV0bB1nN2mM3qW4eR5tT6yU7iI8oO9pP0aS1dF2gG3hH4jJ5kK6lL7zZ8xX9cC0vB1nN2mQ3wE4rR5tT6yY7uU8iI9oO0pP1aS2dF3gG4hH5jJ6kK7lL8zX9cV0bN1nM2qW3eR4tT5yU6iI7oO8pP9aS0dF1gG2hH3jJ4kK5lL6zZ7xX8cC9vV0bB1nN2mM3qW4eR5tT6yU7iI8oO9pP0aS1dF2gG3hH4jJ5kK6lL7zZ8xX9cC0vB1nN2mQ3wE4rR5tT6yY7uU8iI9oO0pP1aS2dF3gG4hH5jJ6kK7l4hH5jJ6kK7lL8zX9cV0bN1nM2qW3eR4tT5yU6iI7oO8pP9aS0dF1gG2hH3jJ4kK5lL6zZ7xX8cC9vV0bB1nN2mM3qW4eR5tT6yU7iI8oO9pP0aS1dF2gG3hH4jJ5kK6lL7zZ8xX9cC0vB1nN2mQ3wE4rR5tT6yY7uU8iI9oO0pP1aS2dF3gG4hH5jJ6kK7lL8zX9cV0bN1nM2qW3eR4tT5yU6iI7oO8pP9aS0dF1gG2hH3jJ4kK5lL6zZ7xX8cC9vV0bB1nN2mM3qW4eR5tT6yU7iI8oO9pP0aS1dF2gG3hH4jJ5kK6lL7zZ8xX9cC0vB1nN2mQ3wE4rR5tT6yY7uU8iI9oO0pP1aS2dF3gG4hH5jJ6kK7l4hH5jJ6kK7lL8zX9cV0bN1nM2qW3eR4tT5yU6iI7oO8pP9aS0dF1gG2hH3jJ4kK5lL6zZ7xX8cC9vV0bB1nN2mM3qW4eR5tT6yU7iI8oO9pP0aS1dF2gG3hH4jJ5kK6lL7zZ8xX9cC0vB1nN2mQ3wE4rR5tT6yY7uU8iI9oO0pP1aS2dF3gG4hH5jJ6kK7lL8zX9cV0bN1nM2qW3eR4tT5yU6iI7oO8pP9aS0dF1gG2hH3jJ4kK5lL6zZ7xX8cC9vV0bB1nN2mM3qW4eR5tT6yU7iI8oO9pP0aS1dF2gG3hH4jJ5kK6lL7zZ8xX9cC0vB1nN2mQ3wE4rR5tT6yY7uU8iI9oO0pP1aS2dF3gG4hH5jJ6kK7l4hH5jJ6kK7lL8zX9cV0bN1nM2qW3eR4tT5yU6iI7oO8pP9aS0dF1gG2hH3jJ4kK5lL6zZ7xX8cC9vV0bB1nN2mM3qW4eR5tT6yU7iI8oO9pP0aS1dF2gG3hH4jJ5kK6lL7zZ8xX9cC0vB1nN2mQ3wE4rR5tT6yY7uU8iI9oO0pP1aS2dF3gG4hH5jJ6kK7lL8zX9cV0bN1nM2qW3eR4tT5yU6iI7oO8pP9aS0dF1gG2hH3jJ4kK5lL6zZ7xX8cC9vV0bB1nN2mM3qW4eR5tT6yU7iI8oO9pP0aS1dF2gG3hH4jJ5kK6lL7zZ8xX9cC0vB1nN2mQ3wE4rR5tT6yY7uU8iI9oO0pP1aS2dF3gG4hH5jJ6kK7l4hH5jJ6kK7lL8zX9cV0bN1nM2qW3eR4tT5yU6iI7oO8pP9aS0dF1gG2hH3jJ4kK5lL6zZ7xX8cC9vV0bB1nN2mM3qW4eR5tT6yU7iI8oO9pP0aS1dF2gG3hH4jJ5kK6lL7zZ8xX9cC0vB1nN2mQ3wE4rR5tT6yY7uU8iI9oO0pP1aS2dF3gG4hH5jJ6kK7lL8zX9cV0bN1nM2qW3eR4tT5yU6iI7oO8pP9aS0dF1gG2hH3jJ4kK5lL6zZ7xX8cC9vV0bB1nN2mM3qW4eR5tT6yU7iI8oO9pP0aS1dF2gG3hH4jJ5kK6lL7zZ8xX9cC0vB1nN2mQ3wE4rR5tT6yY7uU8iI9oO0pP1aS2dF3gG4hH5jJ6kK7l4hH5jJ6kK7lL8zX9cV0bN1nM2qW3eR4tT5yU6iI7oO8pP9aS0dF1gG2hH3jJ4kK5lL6z7nB9vR2mX8kLp4QjW3tY5zH1aG6sF9dD0fS8gA7hJ6kL5mN4bV3vC2xZ1oP9iU8uY7tT6rR5eE4wW3qQ2aZ1sX2dC3fV4gB5hN6jM7kL8pO9iU0yT1rE2wQ3aS4dF5gG6hH7jJ8kK9lL0zZ1xX2cC3vV4bB5nN6mM7qQ8wW9eE0rR1tT2yY3uU4iI5oO6pP7aA8sS9dD0fF1gG2hH3jJ4kK5lL6zZ7xX8cC9vV0bB1nN2mM3qW4eR5tT6yU7iI8oO9pP0aS1dF2gG3hH4jJ5kK6lL7zZ8xX9cC0vB1nN2mQ3wE4rR5tT6yY7uU8iI9oO0pP1aS2dF3gG4hH5jJ6kK7lL8zX9cV0bN1nM2qW3eR4tT5yU6iI7oO8pP9aS0dF1gG2hH3jJ4kK5lL6zZ7xX8cC9vV0bB1nN2mM3qW4eR5tT6yU7iI8oO9pP0aS1dF2gG3hH4jJ5kK6lL7zZ8xX9cC0vB1nN2mQ3wE4rR5tT6yY7uU8iI9oO0pP1aS2dF3gG4hH5jJ6kK7lL8zX9cV0bN1nM2qW3eR4tT5yU6iI7oO8pP9aS0dF1gG2hH3jJ4kK5lL6zZ7xX8cC9vV0bB1nN2mM3qW4eR5tT6yU7iI8oO9pP0aS1dF2gG3hH4jJ5kK6lL7zZ8xX9cC0vB1nN2mQ3wE4rR5tT6yY7uU8iI9oO0pP1aS2dF3gG4hH5jJ6kK7lL8zX9cV0bN1nM2qW3eR4tT5yU6iI7oO8pP9aS0dF1gG2hH3jJ4kK5lL6zZ7xX8cC9vV0bB1nN2mM3qW4eR5tT6yU7iI8oO9pP0aS1dF2gG3hH4jJ5kK6lL7zZ8xX9cC0vB1nN2mQ3wE4rR5tT6yY7uU8iI9oO0pP1aS2dF3gG4hH5jJ6kK7lL8zX9cV0bN1nM2qW3eR4tT5yU6iI7oO8pP9aS0dF1gG2hH3jJ4kK5lL6zZ7xX8cC9vV0bB1nN2mM3qW4eR5tT6yU7iI8oO9pP0aS1dF2gG3hH4jJ5kK6lL7zZ8xX9cC0vB1nN2mQ3wE4rR5tT6yY7uU8iI9oO0pP1aS2dF3gG4hH5jJ6kK7l4hH5jJ6kK7lL8zX9cV0bN1nM2qW3eR4tT5yU6iI7oO8pP9aS0dF1gG2hH3jJ4kK5lL6zZ7xX8cC9vV0bB1nN2mM3qW4eR5tT6yU7iI8oO9pP0aS1dF2gG3hH4jJ5kK6lL7zZ8xX9cC0vB1nN2mQ3wE4rR5tT6yY7uU8iI9oO0pP1aS2dF3gG4hH5jJ6kK7lL8zX9cV0bN1nM2qW3eR4tT5yU6iI7oO8pP9aS0dF1gG2hH3jJ4kK5lL6zZ7xX8cC9vV0bB1nN2mM3qW4eR5tT6yU7iI8oO9pP0aS1dF2gG3hH4jJ5kK6lL7zZ8xX9cC0vB1nN2mQ3wE4rR5tT6yY7uU8iI9oO0pP1aS2dF3gG4hH5jJ6kK7l4hH5jJ6kK7lL8zX9cV0bN1nM2qW3eR4tT5yU6iI7oO8pP9aS0dF1gG2hH3jJ4kK5lL6zZ7xX8cC9vV0bB1nN2mM3qW4eR5tT6yU7iI8oO9pP0aS1dF2gG3hH4jJ5kK6lL7zZ8xX9cC0vB1nN2mQ3wE4rR5tT6yY7uU8iI9oO0pP1aS2dF3gG4hH5jJ6kK7lL8zX9cV0bN1nM2qW3eR4tT5yU6iI7oO8pP9aS0dF1gG2hH3jJ4kK5lL6zZ7xX8cC9vV0bB1nN2mM3qW4eR5tT6yU7iI8oO9pP0aS1dF2gG3hH4jJ5kK6lL7zZ8xX9cC0vB1nN2mQ3wE4rR5tT6yY7uU8iI9oO0pP1aS2dF3gG4hH5jJ6kK7l4hH5jJ6kK7lL8zX9cV0bN1nM2qW3eR4tT5yU6iI7oO8pP9aS0dF1gG2hH3jJ4kK5lL6zZ7xX8cC9vV0bB1nN2mM3qW4eR5tT6yU7iI8oO9pP0aS1dF2gG3hH4jJ5kK6lL7zZ8xX9cC0vB1nN2mQ3wE4rR5tT6yY7uU8iI9oO0pP1aS2dF3gG4hH5jJ6kK7lL8zX9cV0bN1nM2qW3eR4tT5yU6iI7oO8pP9aS0dF1gG2hH3jJ4kK5lL6zZ7xX8cC9vV0bB1nN2mM3qW4eR5tT6yU7iI8oO9pP0aS1dF2gG3hH4jJ5kK6lL7zZ8xX9cC0vB1nN2mQ3wE4rR5tT6yY7uU8iI9oO0pP1aS2dF3gG4hH5jJ6kK7l4hH5jJ6kK7lL8zX9cV0bN1nM2qW3eR4tT5yU6iI7oO8pP9aS0dF1gG2hH3jJ4kK5lL6zZ7xX8cC9vV0bB1nN2mM3qW4eR5tT6yU7iI8oO9pP0aS1dF2gG3hH4jJ5kK6lL7zZ8xX9cC0vB1nN2mQ3wE4rR5tT6yY7uU8iI9oO0pP1aS2dF3gG4hH5jJ6kK7lL8zX9cV0bN1nM2qW3eR4tT5yU6iI7oO8pP9aS0dF1gG2hH3jJ4kK5lL6zZ7xX8cC9vV0bB1nN2mM3qW4eR5tT6yU7iI8oO9pP0aS1dF2gG3hH4jJ5kK6lL7zZ8xX9cC0vB1nN2mQ3wE4rR5tT6yY7uU8iI9oO0pP1aS2dF3gG4hH5jJ6kK7l4hH5jJ6kK7lL8zX9cV0bN1nM2qW3eR4tT5yU6iI7oO8pP9aS0dF1gG2hH3jJ4kK5lL6zZ7xX8cC9vV0bB1nN2mM3qW4eR5tT6yU7iI8oO9pP0aS1dF2gG3hH4jJ5kK6lL7zZ8xX9cC0vB1nN2mQ3wE4rR5tT6yY7uU8iI9oO0pP1aS2dF3gG4hH5jJ6kK7lL8zX9cV0bN1nM2qW3eR4tT5yU6iI7oO8pP9aS0dF1gG2hH3jJ4kK5lL6zZ7xX8cC9vV0bB1nN2mM3qW4eR5tT6yU7iI8oO9pP0aS1dF2gG3hH4jJ5kK6lL7zZ8xX9cC0vB1nN2mQ3wE4rR5tT6yY7uU8iI9oO0pP1aS2dF3gG4hH5jJ6kK7l4hH5jJ6kK7lL8zX9cV0bN1nM2qW3eR4tT5yU6iI7oO8pP9aS0dF1gG2hH3jJ4kK5lL6zZ7xX8cC9vV0bB1nN2mM3qW4eR5tT6yU7iI8oO9pP0aS1dF2gG3hH4jJ5kK6lL7zZ8xX9cC0vB1nN2mQ3wE4rR5tT6yY7uU8iI9oO0pP1aS2dF3gG4hH5jJ6kK7lL8zX9cV0bN1nM2qW3eR4tT5yU6iI7oO8pP9aS0dF1gG2hH3jJ4kK5lL6zZ7xX8cC9vV0bB1nN2mM3qW4eR5tT6yU7iI8oO9pP0aS1dF2gG3hH4jJ5kK6lL7zZ8xX9cC0vB1nN2mQ3wE4rR5tT6yY7uU8iI9oO0pP1aS2dF3gG4hH5jJ6kK7l4hH5jJ6kK7lL8zX9cV0bN1nM2qW3eR4tT5yU6iI7oO8pP9aS0dF1gG2hH3jJ4kK5lL6zZ7xX8cC9vV0bB1nN2mM3qW4eR5tT6yU7iI8oO9pP0aS1dF2gG3hH4jJ5kK6lL7zZ8xX9cC0vB1nN2mQ3wE4rR5tT6yY7uU8iI9oO0pP1aS2dF3gG4hH5jJ6kK7lL8zX9cV0bN1nM2qW3eR4tT5yU6iI7oO8pP9aS0dF1gG2hH3jJ4kK5lL6zZ7xX8cC9vV0bB1nN2mM3qW4eR5tT6yU7iI8oO9pP0aS1dF2gG3hH4jJ5kK6lL7zZ8xX9cC0vB1nN2mQ3wE4rR5tT6yY7uU8iI9oO0pP1aS2dF3gG4hH5jJ6kK7l4hH5jJ6kK7lL8zX9cV0bN1nM2qW3eR4tT5yU6iI7oO8pP9aS0dF1gG2hH3jJ4kK5lL6z7nB9vR2mX8kLp4QjW3tY5zH1aG6sF9dD0fS8gA7hJ6kL5mN4bV3vC2xZ1oP9iU8uY7tT6rR5eE4wW3qQ2aZ1sX2dC3fV4gB5hN6jM7kL8pO9iU0yT1rE2wQ3aS4dF5gG6hH7jJ8kK9lL0zZ1xX2cC3vV4bB5nN6mM7qQ8wW9eE0rR1tT2yY3uU4iI5oO6pP7aA8sS9dD0fF1gG2hH3jJ4kK5lL6zZ7xX8cC9vV0bB1nN2mM3qW4eR5tT6yU7iI8oO9pP0aS1dF2gG3hH4jJ5kK6lL7zZ8xX9cC0vB1nN2mQ3wE4rR5tT6yY7uU8iI9oO0pP1aS2dF3gG4hH5jJ6kK7lL8zX9cV0bN1nM2qW3eR4tT5yU6iI7oO8pP9aS0dF1gG2hH3jJ4kK5lL6zZ7xX8cC9vV0bB1nN2mM3qW4eR5tT6yU7iI8oO9pP0aS1dF2gG3hH4jJ5kK6lL7zZ8xX9cC0vB1nN2mQ3wE4rR5tT6yY7uU8iI9oO0pP1aS2dF3gG4hH5jJ6kK7lL8zX9cV0bN1nM2qW3eR4tT5yU6iI7oO8pP9aS0dF1gG2hH3jJ4kK5lL6zZ7xX8cC9vV0bB1nN2mM3qW4eR5tT6yU7iI8oO9pP0aS1dF2gG3hH4jJ5kK6lL7zZ8xX9cC0vB1nN2mQ3wE4rR5tT6yY7uU8iI9oO0pP1aS2dF3gG4hH5jJ6kK7lL8zX9cV0bN1nM2qW3eR4tT5yU6iI7oO8pP9aS0dF1gG2hH3jJ4kK5lL6zZ7xX8cC9vV0bB1nN2mM3qW4eR5tT6yU7iI8oO9pP0aS1dF2gG3hH4jJ5kK6lL7zZ8xX9cC0vB1nN2mQ3wE4rR5tT6yY7uU8iI9oO0pP1aS2dF3gG4hH5jJ6kK7lL8zX9cV0bN1nM2qW3eR4tT5yU6iI7oO8pP9aS0dF1gG2hH3jJ4kK5lL6zZ7xX8cC9vV0bB1nN2mM3qW4eR5tT6yU7iI8oO9pP0aS1dF2gG3hH4jJ5kK6lL7zZ8xX9cC0vB1nN2mQ3wE4rR5tT6yY7uU8iI9oO0pP1aS2dF3gG4hH5jJ6kK7l4hH5jJ6kK7lL8zX9cV0bN1nM2qW3eR4tT5yU6iI7oO8pP9aS0dF1gG2hH3jJ4kK5lL6zZ7xX8cC9vV0bB1nN2mM3qW4eR5tT6yU7iI8oO9pP0aS1dF2gG3hH4jJ5kK6lL7zZ8xX9cC0vB1nN2mQ3wE4rR5tT6yY7uU8iI9oO0pP1aS2dF3gG4hH5jJ6kK7lL8zX9cV0bN1nM2qW3eR4tT5yU6iI7oO8pP9aS0dF1gG2hH3jJ4kK5lL6zZ7xX8cC9vV0bB1nN2mM3qW4eR5tT6yU7iI8oO9pP0aS1dF2gG3hH4jJ5kK6lL7zZ8xX9cC0vB1nN2mQ3wE4rR5tT6yY7uU8iI9oO0pP1aS2dF3gG4hH5jJ6kK7l4hH5jJ6kK7lL8zX9cV0bN1nM2qW3eR4tT5yU6iI7oO8pP9aS0dF1gG2hH3jJ4kK5lL6zZ7xX8cC9vV0bB1nN2mM3qW4eR5tT6yU7iI8oO9pP0aS1dF2gG3hH4jJ5kK6lL7zZ8xX9cC0vB1nN2mQ3wE4rR5tT6yY7uU8iI9oO0pP1aS2dF3gG4hH5jJ6kK7lL8zX9cV0bN1nM2qW3eR4tT5yU6iI7oO8pP9aS0dF1gG2hH3jJ4kK5lL6zZ7xX8cC9vV0bB1nN2mM3qW4eR5tT6yU7iI8oO9pP0aS1dF2gG3hH4jJ5kK6lL7zZ8xX9cC0vB1nN2mQ3wE4rR5tT6yY7uU8iI9oO0pP1aS2dF3gG4hH5jJ6kK7l4hH5jJ6kK7lL8zX9cV0bN1nM2qW3eR4tT5yU6iI7oO8pP9aS0dF1gG2hH3jJ4kK5lL6zZ7xX8cC9vV0bB1nN2mM3qW4eR5tT6yU7iI8oO9pP0aS1dF2gG3hH4jJ5kK6lL7zZ8xX9cC0vB1nN2mQ3wE4rR5tT6yY7uU8iI9oO0pP1aS2dF3gG4hH5jJ6kK7lL8zX9cV0bN1nM2qW3eR4tT5yU6iI7oO8pP9aS0dF1gG2hH3jJ4kK5lL6zZ7xX8cC9vV0bB1nN2mM3qW4eR5tT6yU7iI8oO9pP0aS1dF2gG3hH4jJ5kK6lL7zZ8xX9cC0vB1nN2mQ3wE4rR5tT6yY7uU8iI9oO0pP1aS2dF3gG4hH5jJ6kK7l4hH5jJ6kK7lL8zX9cV0bN1nM2qW3eR4tT5yU6iI7oO8pP9aS0dF1gG2hH3jJ4kK5lL6zZ7xX8cC9vV0bB1nN2mM3qW4eR5tT6yU7iI8oO9pP0aS1dF2gG3hH4jJ5kK6lL7zZ8xX9cC0vB1nN2mQ3wE4rR5tT6yY7uU8iI9oO0pP1aS2dF3gG4hH5jJ6kK7lL8zX9cV0bN1nM2qW3eR4tT5yU6iI7oO8pP9aS0dF1gG2hH3jJ4kK5lL6zZ7xX8cC9vV0bB1nN2mM3qW4eR5tT6yU7iI8oO9pP0aS1dF2gG3hH4jJ5kK6lL7zZ8xX9cC0vB1nN2mQ3wE4rR5tT6yY7uU8iI9oO0pP1aS2dF3gG4hH5jJ6kK7l4hH5jJ6kK7lL8zX9cV0bN1nM2qW3eR4tT5yU6iI7oO8pP9aS0dF1gG2hH3jJ4kK5lL6zZ7xX8cC9vV0bB1nN2mM3qW4eR5tT6yU7iI8oO9pP0aS1dF2gG3hH4jJ5kK6lL7zZ8xX9cC0vB1nN2mQ3wE4rR5tT6yY7uU8iI9oO0pP1aS2dF3gG4hH5jJ6kK7lL8zX9cV0bN1nM2qW3eR4tT5yU6iI7oO8pP9aS0dF1gG2hH3jJ4kK5lL6zZ7xX8cC9vV0bB1nN2mM3qW4eR5tT6yU7iI8oO9pP0aS1dF2gG3hH4jJ5kK6lL7zZ8xX9cC0vB1nN2mQ3wE4rR5tT6yY7uU8iI9oO0pP1aS2dF3gG4hH5jJ6kK7l4hH5jJ6kK7lL8zX9cV0bN1nM2qW3eR4tT5yU6iI7oO8pP9aS0dF1gG2hH3jJ4kK5lL6zZ7xX8cC9vV0bB1nN2mM3qW4eR5tT6yU7iI8oO9pP0aS1dF2gG3hH4jJ5kK6lL7zZ8xX9cC0vB1nN2mQ3wE4rR5tT6yY7uU8iI9oO0pP1aS2dF3gG4hH5jJ6kK7lL8zX9cV0bN1nM2qW3eR4tT5yU6iI7oO8pP9aS0dF1gG2hH3jJ4kK5lL6zZ7xX8cC9vV0bB1nN2mM3qW4eR5tT6yU7iI8oO9pP0aS1dF2gG3hH4jJ5kK6lL7zZ8xX9cC0vB1nN2mQ3wE4rR5tT6yY7uU8iI9oO0pP1aS2dF3gG4hH5jJ6kK7l4hH5jJ6kK7lL8zX9cV0bN1nM2qW3eR4tT5yU6iI7oO8pP9aS0dF1gG2hH3jJ4kK5lL6zZ7xX8cC9vV0bB1nN2mM3qW4eR5tT6yU7iI8oO9pP0aS1dF2gG3hH4jJ5kK6lL7zZ8xX9cC0vB1nN2mQ3wE4rR5tT6yY7uU8iI9oO0pP1aS2dF3gG4hH5jJ6kK7lL8zX9cV0bN1nM2qW3eR4tT5yU6iI7oO8pP9aS0dF1gG2hH3jJ4kK5lL6zZ7xX8cC9vV0bB1nN2mM3qW4eR5tT6yU7iI8oO9pP0aS1dF2gG3hH4jJ5kK6lL7zZ8xX9cC0vB1nN2mQ3wE4rR5tT6yY7uU8iI9oO0pP1aS2dF3gG4hH5jJ6kK7l4hH5jJ6kK7lL8zX9cV0bN1nM2qW3eR4tT5yU6iI7oO8pP9aS0dF1gG2hH3jJ4kK5lL6z7nB9vR2mX8kLp4QjW3tY5zH1aG6sF9dD0fS8gA7hJ6kL5mN4bV3vC2xZ1oP9iU8uY7tT6rR5eE4wW3qQ2aZ1sX2dC3fV4gB5hN6jM7kL8pO9iU0yT1rE2wQ3aS4dF5gG6hH7jJ8kK9lL0zZ1xX2cC3vV4bB5nN6mM7qQ8wW9eE0rR1tT2yY3uU4iI5oO6pP7aA8sS9dD0fF1gG2hH3jJ4kK5lL6zZ7xX8cC9vV0bB1nN2mM3qW4eR5tT6yU7iI8oO9pP0aS1dF2gG3hH4jJ5kK6lL7zZ8xX9cC0vB1nN2mQ3wE4rR5tT6yY7uU8iI9oO0pP1aS2dF3gG4hH5jJ6kK7lL8zX9cV0bN1nM2qW3eR4tT5yU6iI7oO8pP9aS0dF1gG2hH3jJ4kK5lL6zZ7xX8cC9vV0bB1nN2mM3qW4eR5tT6yU7iI8oO9pP0aS1dF2gG3hH4jJ5kK6lL7zZ8xX9cC0vB1nN2mQ3wE4rR5tT6yY7uU8iI9oO0pP1aS2dF3gG4hH5jJ6kK7lL8zX9cV0bN1nM2qW3eR4tT5yU6iI7oO8pP9aS0dF1gG2hH3jJ4kK5lL6zZ7xX8cC9vV0bB1nN2mM3qW4eR5tT6yU7iI8oO9pP0aS1dF2gG3hH4jJ5kK6lL7zZ8xX9cC0vB1nN2mQ3wE4rR5tT6yY7uU8iI9oO0pP1aS2dF3gG4hH5jJ6kK7lL8zX9cV0bN1nM2qW3eR4tT5yU6iI7oO8pP9aS0dF1gG2hH3jJ4kK5lL6zZ7xX8cC9vV0bB1nN2mM3qW4eR5tT6yU7iI8oO9pP0aS1dF2gG3hH4jJ5kK6lL7zZ8xX9cC0vB1nN2mQ3wE4rR5tT6yY7uU8iI9oO0pP1aS2dF3gG4hH5jJ6kK7lL8zX9cV0bN1nM2qW3eR4tT5yU6iI7oO8pP9aS0dF1gG2hH3jJ4kK5lL6zZ7xX8cC9vV0bB1nN2mM3qW4eR5tT6yU7iI8oO9pP0aS1dF2gG3hH4jJ5kK6lL7zZ8xX9cC0vB1nN2mQ3wE4rR5tT6yY7uU8iI9oO0pP1aS2dF3gG4hH5jJ6kK7l4hH5jJ6kK7lL8zX9cV0bN1nM2qW3eR4tT5yU6iI7oO8pP9aS0dF1gG2hH3jJ4kK5lL6zZ7xX8cC9vV0bB1nN2mM3qW4eR5tT6yU7iI8oO9pP0aS1dF2gG3hH4jJ5kK6lL7zZ8xX9cC0vB1nN2mQ3wE4rR5tT6yY7uU8iI9oO0pP1aS2dF3gG4hH5jJ6kK7lL8zX9cV0bN1nM2qW3eR4tT5yU6iI7oO8pP9aS0dF1gG2hH3jJ4kK5lL6zZ7xX8cC9vV0bB1nN2mM3qW4eR5tT6yU7iI8oO9pP0aS1dF2gG3hH4jJ5kK6lL7zZ8xX9cC0vB1nN2mQ3wE4rR5tT6yY7uU8iI9oO0pP1aS2dF3gG4hH5jJ6kK7l4hH5jJ6kK7lL8zX9cV0bN1nM2qW3eR4tT5yU6iI7oO8pP9aS0dF1gG2hH3jJ4kK5lL6zZ7xX8cC9vV0bB1nN2mM3qW4eR5tT6yU7iI8oO9pP0aS1dF2gG3hH4jJ5kK6lL7zZ8xX9cC0vB1nN2mQ3wE4rR5tT6yY7uU8iI9oO0pP1aS2dF3gG4hH5jJ6kK7lL8zX9cV0bN1nM2qW3eR4tT5yU6iI7oO8pP9aS0dF1gG2hH3jJ4kK5lL6zZ7xX8cC9vV0bB1nN2mM3qW4eR5tT6yU7iI8oO9pP0aS1dF2gG3hH4jJ5kK6lL7zZ8xX9cC0vB1nN2mQ3wE4rR5tT6yY7uU8iI9oO0pP1aS2dF3gG4hH5jJ6kK7l4hH5jJ6kK7lL8zX9cV0bN1nM2qW3eR4tT5yU6iI7oO8pP9aS0dF1gG2hH3jJ4kK5lL6zZ7xX8cC9vV0bB1nN2mM3qW4eR5tT6yU7iI8oO9pP0aS1dF2gG3hH4jJ5kK6lL7zZ8xX9cC0vB1nN2mQ3wE4rR5tT6yY7uU8iI9oO0pP1aS2dF3gG4hH5jJ6kK7lL8zX9cV0bN1nM2qW3eR4tT5yU6iI7oO8pP9aS0dF1gG2hH3jJ4kK5lL6zZ7xX8cC9vV0bB1nN2mM3qW4eR5tT6yU7iI8oO9pP0aS1dF2gG3hH4jJ5kK6lL7zZ8xX9cC0vB1nN2mQ3wE4rR5tT6yY7uU8iI9oO0pP1aS2dF3gG4hH5jJ6kK7l4hH5jJ6kK7lL8zX9cV0bN1nM2qW3eR4tT5yU6iI7oO8pP9aS0dF1gG2hH3jJ4kK5lL6zZ7xX8cC9vV0bB1nN2mM3qW4eR5tT6yU7iI8oO9pP0aS1dF2gG3hH4jJ5kK6lL7zZ8xX9cC0vB1nN2mQ3wE4rR5tT6yY7uU8iI9oO0pP1aS2dF3gG4hH5jJ6kK7lL8zX9cV0bN1nM2qW3eR4tT5yU6iI7oO8pP9aS0dF1gG2hH3jJ4kK5lL6zZ7xX8cC9vV0bB1nN2mM3qW4eR5tT6yU7iI8oO9pP0aS1dF2gG3hH4jJ5kK6lL7zZ8xX9cC0vB1nN2mQ3wE4rR5tT6yY7uU8iI9oO0pP1aS2dF3gG4hH5jJ6kK7l4hH5jJ6kK7lL8zX9cV0bN1nM2qW3eR4tT5yU6iI7oO8pP9aS0dF1gG2hH3jJ4kK5lL6zZ7xX8cC9vV0bB1nN2mM3qW4eR5tT6yU7iI8oO9pP0aS1dF2gG3hH4jJ5kK6lL7zZ8xX9cC0vB1nN2mQ3wE4rR5tT6yY7uU8iI9oO0pP1aS2dF3gG4hH5jJ6kK7lL8zX9cV0bN1nM2qW3eR4tT5yU6iI7oO8pP9aS0dF1gG2hH3jJ4kK5lL6zZ7xX8cC9vV0bB1nN2mM3qW4eR5tT6yU7iI8oO9pP0aS1dF2gG3hH4jJ5kK6lL7zZ8xX9cC0vB1nN2mQ3wE4rR5tT6yY7uU8iI9oO0pP1aS2dF3gG4hH5jJ6kK7l4hH5jJ6kK7lL8zX9cV0bN1nM2qW3eR4tT5yU6iI7oO8pP9aS0dF1gG2hH3jJ4kK5lL6zZ7xX8cC9vV0bB1nN2mM3qW4eR5tT6yU7iI8oO9pP0aS1dF2gG3hH4jJ5kK6lL7zZ8xX9cC0vB1nN2mQ3wE4rR5tT6yY7uU8iI9oO0pP1aS2dF3gG4hH5jJ6kK7lL8zX9cV0bN1nM2qW3eR4tT5yU6iI7oO8pP9aS0dF1gG2hH3jJ4kK5lL6zZ7xX8cC9vV0bB1nN2mM3qW4eR5tT6yU7iI8oO9pP0aS1dF2gG3hH4jJ5kK6lL7zZ8xX9cC0vB1nN2mQ3wE4rR5tT6yY7uU8iI9oO0pP1aS2dF3gG4hH5jJ6kK7l4hH5jJ6kK7lL8zX9cV0bN1nM2qW3eR4tT5yU6iI7oO8pP9aS0dF1gG2hH3jJ4kK5lL6zZ7xX8cC9vV0bB1nN2mM3qW4eR5tT6yU7iI8oO9pP0aS1dF2gG3hH4jJ5kK6lL7zZ8xX9cC0vB1nN2mQ3wE4rR5tT6yY7uU8iI9oO0pP1aS2dF3gG4hH5jJ6kK7lL8zX9cV0bN1nM2qW3eR4tT5yU6iI7oO8pP9aS0dF1gG2hH3jJ4kK5lL6zZ7xX8cC9vV0bB1nN2mM3qW4eR5tT6yU7iI8oO9pP0aS1dF2gG3hH4jJ5kK6lL7zZ8xX9cC0vB1nN2mQ3wE4rR5tT6yY7uU8iI9oO0pP1aS2dF3gG4hH5jJ6kK7l4hH5jJ6kK7lL8zX9cV0bN1nM2qW3eR4tT5yU6iI7oO8pP9aS0dF1gG2hH3jJ4kK5lL6z7nB9vR2mX8kLp4QjW3tY5zH1aG6sF9dD0fS8gA7hJ6kL5mN4bV3vC2xZ1oP9iU8uY7tT6rR5eE4wW3qQ2aZ1sX2dC3fV4gB5hN6jM7kL8pO9iU0yT1rE2wQ3aS4dF5gG6hH7jJ8kK9lL0zZ1xX2cC3vV4bB5nN6mM7qQ8wW9eE0rR1tT2yY3uU4iI5oO6pP7aA8sS9dD0fF1gG2hH3jJ4kK5lL6zZ7xX8cC9vV0bB1nN2mM3qW4eR5tT6yU7iI8oO9pP0aS1dF2gG3hH4jJ5kK6lL7zZ8xX9cC0vB1nN2mQ3wE4rR5tT6yY7uU8iI9oO0pP1aS2dF3gG4hH5jJ6kK7lL8zX9cV0bN1nM2qW3eR4tT5yU6iI7oO8pP9aS0dF1gG2hH3jJ4kK5lL6zZ7xX8cC9vV0bB1nN2mM3qW4eR5tT6yU7iI8oO9pP0aS1dF2gG3hH4jJ5kK6lL7zZ8xX9cC0vB1nN2mQ3wE4rR5tT6yY7uU8iI9oO0pP1aS2dF3gG4hH5jJ6kK7lL8zX9cV0bN1nM2qW3eR4tT5yU6iI7oO8pP9aS0dF1gG2hH3jJ4kK5lL6zZ7xX8cC9vV0bB1nN2mM3qW4eR5tT6yU7iI8oO9pP0aS1dF2gG3hH4jJ5kK6lL7zZ8xX9cC0vB1nN2mQ3wE4rR5tT6yY7uU8iI9oO0pP1aS2dF3gG4hH5jJ6kK7lL8zX9cV0bN1nM2qW3eR4tT5yU6iI7oO8pP9aS0dF1gG2hH3jJ4kK5lL6zZ7xX8cC9vV0bB1nN2mM3qW4eR5tT6yU7iI8oO9pP0aS1dF2gG3hH4jJ5kK6lL7zZ8xX9cC0vB1nN2mQ3wE4rR5tT6yY7uU8iI9oO0pP1aS2dF3gG4hH5jJ6kK7lL8zX9cV0bN1nM2qW3eR4tT5yU6iI7oO8pP9aS0dF1gG2hH3jJ4kK5lL6zZ7xX8cC9vV0bB1nN2mM3qW4eR5tT6yU7iI8oO9pP0aS1dF2gG3hH4jJ5kK6lL7zZ8xX9cC0vB1nN2mQ3wE4rR5tT6yY7uU8iI9oO0pP1aS2dF3gG4hH5jJ6kK7l4hH5jJ6kK7lL8zX9cV0bN1nM2qW3eR4tT5yU6iI7oO8pP9aS0dF1gG2hH3jJ4kK5lL6zZ7xX8cC9vV0bB1nN2mM3qW4eR5tT6yU7iI8oO9pP0aS1dF2gG3hH4jJ5kK6lL7zZ8xX9cC0vB1nN2mQ3wE4rR5tT6yY7uU8iI9oO0pP1aS2dF3gG4hH5jJ6kK7lL8zX9cV0bN1nM2qW3eR4tT5yU6iI7oO8pP9aS0dF1gG2hH3jJ4kK5lL6zZ7xX8cC9vV0bB1nN2mM3qW4eR5tT6yU7iI8oO9pP0aS1dF2gG3hH4jJ5kK6lL7zZ8xX9cC0vB1nN2mQ3wE4rR5tT6yY7uU8iI9oO0pP1aS2dF3gG4hH5jJ6kK7l4hH5jJ6kK7lL8zX9cV0bN1nM2qW3eR4tT5yU6iI7oO8pP9aS0dF1gG2hH3jJ4kK5lL6zZ7xX8cC9vV0bB1nN2mM3qW4eR5tT6yU7iI8oO9pP0aS1dF2gG3hH4jJ5kK6lL7zZ8xX9cC0vB1nN2mQ3wE4rR5tT6yY7uU8iI9oO0pP1aS2dF3gG4hH5jJ6kK7lL8zX9cV0bN1nM2qW3eR4tT5yU6iI7oO8pP9aS0dF1gG2hH3jJ4kK5lL6zZ7xX8cC9vV0bB1nN2mM3qW4eR5tT6yU7iI8oO9pP0aS1dF2gG3hH4jJ5kK6lL7zZ8xX9cC0vB1nN2mQ3wE4rR5tT6yY7uU8iI9oO0pP1aS2dF3gG4hH5jJ6kK7l4hH5jJ6kK7lL8zX9cV0bN1nM2qW3eR4tT5yU6iI7oO8pP9aS0dF1gG2hH3jJ4kK5lL6zZ7xX8cC9vV0bB1nN2mM3qW4eR5tT6yU7iI8oO9pP0aS1dF2gG3hH4jJ5kK6lL7zZ8xX9cC0vB1nN2mQ3wE4rR5tT6yY7uU8iI9oO0pP1aS2dF3gG4hH5jJ6kK7lL8zX9cV0bN1nM2qW3eR4tT5yU6iI7oO8pP9aS0dF1gG2hH3jJ4kK5lL6zZ7xX8cC9vV0bB1nN2mM3qW4eR5tT6yU7iI8oO9pP0aS1dF2gG3hH4jJ5kK6lL7zZ8xX9cC0vB1nN2mQ3wE4rR5tT6yY7uU8iI9oO0pP1aS2dF3gG4hH5jJ6kK7l4hH5jJ6kK7lL8zX9cV0bN1nM2qW3eR4tT5yU6iI7oO8pP9aS0dF1gG2hH3jJ4kK5lL6zZ7xX8cC9vV0bB1nN2mM3qW4eR5tT6yU7iI8oO9pP0aS1dF2gG3hH4jJ5kK6lL7zZ8xX9cC0vB1nN2mQ3wE4rR5tT6yY7uU8iI9oO0pP1aS2dF3gG4hH5jJ6kK7lL8zX9cV0bN1nM2qW3eR4tT5yU6iI7oO8pP9aS0dF1gG2hH3jJ4kK5lL6zZ7xX8cC9vV0bB1nN2mM3qW4eR5tT6yU7iI8oO9pP0aS1dF2gG3hH4jJ5kK6lL7zZ8xX9cC0vB1nN2mQ3wE4rR5tT6yY7uU8iI9oO0pP1aS2dF3gG4hH5jJ6kK7l4hH5jJ6kK7lL8zX9cV0bN1nM2qW3eR4tT5yU6iI7oO8pP9aS0dF1gG2hH3jJ4kK5lL6zZ7xX8cC9vV0bB1nN2mM3qW4eR5tT6yU7iI8oO9pP0aS1dF2gG3hH4jJ5kK6lL7zZ8xX9cC0vB1nN2mQ3wE4rR5tT6yY7uU8iI9oO0pP1aS2dF3gG4hH5jJ6kK7lL8zX9cV0bN1nM2qW3eR4tT5yU6iI7oO8pP9aS0dF1gG2hH3jJ4kK5lL6zZ7xX8cC9vV0bB1nN2mM3qW4eR5tT6yU7iI8oO9pP0aS1dF2gG3hH4jJ5kK6lL7zZ8xX9cC0vB1nN2mQ3wE4rR5tT6yY7uU8iI9oO0pP1aS2dF3gG4hH5jJ6kK7l4hH5jJ6kK7lL8zX9cV0bN1nM2qW3eR4tT5yU6iI7oO8pP9aS0dF1gG2hH3jJ4kK5lL6zZ7xX8cC9vV0bB1nN2mM3qW4eR5tT6yU7iI8oO9pP0aS1dF2gG3hH4jJ5kK6lL7zZ8xX9cC0vB1nN2mQ3wE4rR5tT6yY7uU8iI9oO0pP1aS2dF3gG4hH5jJ6kK7lL8zX9cV0bN1nM2qW3eR4tT5yU6iI7oO8pP9aS0dF1gG2hH3jJ4kK5lL6zZ7xX8cC9vV0bB1nN2mM3qW4eR5tT6yU7iI8oO9pP0aS1dF2gG3hH4jJ5kK6lL7zZ8xX9cC0vB1nN2mQ3wE4rR5tT6yY7uU8iI9oO0pP1aS2dF3gG4hH5jJ6kK7l4hH5jJ6kK7lL8zX9cV0bN1nM2qW3eR4tT5yU6iI7oO8pP9aS0dF1gG2hH3jJ4kK5lL6zZ7xX8cC9vV0bB1nN2mM3qW4eR5tT6yU7iI8oO9pP0aS1dF2gG3hH4jJ5kK6lL7zZ8xX9cC0vB1nN2mQ3wE4rR5tT6yY7uU8iI9oO0pP1aS2dF3gG4hH5jJ6kK7lL8zX9cV0bN1nM2qW3eR4tT5yU6iI7oO8pP9aS0dF1gG2hH3jJ4kK5lL6zZ7xX8cC9vV0bB1nN2mM3qW4eR5tT6yU7iI8oO9pP0aS1dF2gG3hH4jJ5kK6lL7zZ8xX9cC0vB1nN2mQ3wE4rR5tT6yY7uU8iI9oO0pP1aS2dF3gG4hH5jJ6kK7l4hH5jJ6kK7lL8zX9cV0bN1nM2qW3eR4tT5yU6iI7oO8pP9aS0dF1gG2hH3jJ4kK5lL6z7nB9vR2mX8kLp4QjW3tY5zH1aG6sF9dD0fS8gA7hJ6kL5mN4bV3vC2xZ1oP9iU8uY7tT6rR5eE4wW3qQ2aZ1sX2dC3fV4gB5hN6jM7kL8pO9iU0yT1rE2wQ3aS4dF5gG6hH7jJ8kK9lL0zZ1xX2cC3vV4bB5nN6mM7qQ8wW9eE0rR1tT2yY3uU4iI5oO6pP7aA8sS9dD0fF1gG2hH3jJ4kK5lL6zZ7xX8cC9vV0bB1nN2mM3qW4eR5tT6yU7iI8oO9pP0aS1dF2gG3hH4jJ5kK6lL7zZ8xX9cC0vB1nN2mQ3wE4rR5tT6yY7uU8iI9oO0pP1aS2dF3gG4hH5jJ6kK7lL8zX9cV0bN1nM2qW3eR4tT5yU6iI7oO8pP9aS0dF1gG2hH3jJ4kK5lL6zZ7xX8cC9vV0bB1nN2mM3qW4eR5tT6yU7iI8oO9pP0aS1dF2gG3hH4jJ5kK6lL7zZ8xX9cC0vB1nN2mQ3wE4rR5tT6yY7uU8iI9oO0pP1aS2dF3gG4hH5jJ6kK7lL8zX9cV0bN1nM2qW3eR4tT5yU6iI7oO8pP9aS0dF1gG2hH3jJ4kK5lL6zZ7xX8cC9vV0bB1nN2mM3qW4eR5tT6yU7iI8oO9pP0aS1dF2gG3hH4jJ5kK6lL7zZ8xX9cC0vB1nN2mQ3wE4rR5tT6yY7uU8iI9oO0pP1aS2dF3gG4hH5jJ6kK7lL8zX9cV0bN1nM2qW3eR4tT5yU6iI7oO8pP9aS0dF1gG2hH3jJ4kK5lL6zZ7xX8cC9vV0bB1nN2mM3qW4eR5tT6yU7iI8oO9pP0aS1dF2gG3hH4jJ5kK6lL7zZ8xX9cC0vB1nN2mQ3wE4rR5tT6yY7uU8iI9oO0pP1aS2dF3gG4hH5jJ6kK7lL8zX9cV0bN1nM2qW3eR4tT5yU6iI7oO8pP9aS0dF1gG2hH3jJ4kK5lL6zZ7xX8cC9vV0bB1nN2mM3qW4eR5tT6yU7iI8oO9pP0aS1dF2gG3hH4jJ5kK6lL7zZ8xX9cC0vB1nN2mQ3wE4rR5tT6yY7uU8iI9oO0pP1aS2dF3gG4hH5jJ6kK7l4hH5jJ6kK7lL8zX9cV0bN1nM2qW3eR4tT5yU6iI7oO8pP9aS0dF1gG2hH3jJ4kK5lL6zZ7xX8cC9vV0bB1nN2mM3qW4eR5tT6yU7iI8oO9pP0aS1dF2gG3hH4jJ5kK6lL7zZ8xX9cC0vB1nN2mQ3wE4rR5tT6yY7uU8iI9oO0pP1aS2dF3gG4hH5jJ6kK7lL8zX9cV0bN1nM2qW3eR4tT5yU6iI7oO8pP9aS0dF1gG2hH3jJ4kK5lL6zZ7xX8cC9vV0bB1nN2mM3qW4eR5tT6yU7iI8oO9pP0aS1dF2gG3hH4jJ5kK6lL7zZ8xX9cC0vB1nN2mQ3wE4rR5tT6yY7uU8iI9oO0pP1aS2dF3gG4hH5jJ6kK7l4hH5jJ6kK7lL8zX9cV0bN1nM2qW3eR4tT5yU6iI7oO8pP9aS0dF1gG2hH3jJ4kK5lL6zZ7xX8cC9vV0bB1nN2mM3qW4eR5tT6yU7iI8oO9pP0aS1dF2gG3hH4jJ5kK6lL7zZ8xX9cC0vB1nN2mQ3wE4rR5tT6yY7uU8iI9oO0pP1aS2dF3gG4hH5jJ6kK7lL8zX9cV0bN1nM2qW3eR4tT5yU6iI7oO8pP9aS0dF1gG2hH3jJ4kK5lL6zZ7xX8cC9vV0bB1nN2mM3qW4eR5tT6yU7iI8oO9pP0aS1dF2gG3hH4jJ5kK6lL7zZ8xX9cC0vB1nN2mQ3wE4rR5tT6yY7uU8iI9oO0pP1aS2dF3gG4hH5jJ6kK7l4hH5jJ6kK7lL8zX9cV0bN1nM2qW3eR4tT5yU6iI7oO8pP9aS0dF1gG2hH3jJ4kK5lL6zZ7xX8cC9vV0bB1nN2mM3qW4eR5tT6yU7iI8oO9pP0aS1dF2gG3hH4jJ5kK6lL7zZ8xX9cC0vB1nN2mQ3wE4rR5tT6yY7uU8iI9oO0pP1aS2dF3gG4hH5jJ6kK7lL8zX9cV0bN1nM2qW3eR4tT5yU6iI7oO8pP9aS0dF1gG2hH3jJ4kK5lL6zZ7xX8cC9vV0bB1nN2mM3qW4eR5tT6yU7iI8oO9pP0aS1dF2gG3hH4jJ5kK6lL7zZ8xX9cC0vB1nN2mQ3wE4rR5tT6yY7uU8iI9oO0pP1aS2dF3gG4hH5jJ6kK7l4hH5jJ6kK7lL8zX9cV0bN1nM2qW3eR4tT5yU6iI7oO8pP9aS0dF1gG2hH3jJ4kK5lL6zZ7xX8cC9vV0bB1nN2mM3qW4eR5tT6yU7iI8oO9pP0aS1dF2gG3hH4jJ5kK6lL7zZ8xX9cC0vB1nN2mQ3wE4rR5tT6yY7uU8iI9oO0pP1aS2dF3gG4hH5jJ6kK7lL8zX9cV0bN1nM2qW3eR4tT5yU6iI7oO8pP9aS0dF1gG2hH3jJ4kK5lL6zZ7xX8cC9vV0bB1nN2mM3qW4eR5tT6yU7iI8oO9pP0aS1dF2gG3hH4jJ5kK6lL7zZ8xX9cC0vB1nN2mQ3wE4rR5tT6yY7uU8iI9oO0pP1aS2dF3gG4hH5jJ6kK7l4hH5jJ6kK7lL8zX9cV0bN1nM2qW3eR4tT5yU6iI7oO8pP9aS0dF1gG2hH3jJ4kK5lL6zZ7xX8cC9vV0bB1nN2mM3qW4eR5tT6yU7iI8oO9pP0aS1dF2gG3hH4jJ5kK6lL7zZ8xX9cC0vB1nN2mQ3wE4rR5tT6yY7uU8iI9oO0pP1aS2dF3gG4hH5jJ6kK7lL8zX9cV0bN1nM2qW3eR4tT5yU6iI7oO8pP9aS0dF1gG2hH3jJ4kK5lL6zZ7xX8cC9vV0bB1nN2mM3qW4eR5tT6yU7iI8oO9pP0aS1dF2gG3hH4jJ5kK6lL7zZ8xX9cC0vB1nN2mQ3wE4rR5tT6yY7uU8iI9oO0pP1aS2dF3gG4hH5jJ6kK7l4hH5jJ6kK7lL8zX9cV0bN1nM2qW3eR4tT5yU6iI7oO8pP9aS0dF1gG2hH3jJ4kK5lL6zZ7xX8cC9vV0bB1nN2mM3qW4eR5tT6yU7iI8oO9pP0aS1dF2gG3hH4jJ5kK6lL7zZ8xX9cC0vB1nN2mQ3wE4rR5tT6yY7uU8iI9oO0pP1aS2dF3gG4hH5jJ6kK7lL8zX9cV0bN1nM2qW3eR4tT5yU6iI7oO8pP9aS0dF1gG2hH3jJ4kK5lL6zZ7xX8cC9vV0bB1nN2mM3qW4eR5tT6yU7iI8oO9pP0aS1dF2gG3hH4jJ5kK6lL7zZ8xX9cC0vB1nN2mQ3wE4rR5tT6yY7uU8iI9oO0pP1aS2dF3gG4hH5jJ6kK7l4hH5jJ6kK7lL8zX9cV0bN1nM2qW3eR4tT5yU6iI7oO8pP9aS0dF1gG2hH3jJ4kK5lL6zZ7xX8cC9vV0bB1nN2mM3qW4eR5tT6yU7iI8oO9pP0aS1dF2gG3hH4jJ5kK6lL7zZ8xX9cC0vB1nN2mQ3wE4rR5tT6yY7uU8iI9oO0pP1aS2dF3gG4hH5jJ6kK7lL8zX9cV0bN1nM2qW3eR4tT5yU6iI7oO8pP9aS0dF1gG2hH3jJ4kK5lL6zZ7xX8cC9vV0bB1nN2mM3qW4eR5tT6yU7iI8oO9pP0aS1dF2gG3hH4jJ5kK6lL7zZ8xX9cC0vB1nN2mQ3wE4rR5tT6yY7uU8iI9oO0pP1aS2dF3gG4hH5jJ6kK7l4hH5jJ6kK7lL8zX9cV0bN1nM2qW3eR4tT5yU6iI7oO8pP9aS0dF1gG2hH3jJ4kK5lL6z7nB9vR2mX8kLp4QjW3tY5zH1aG6sF9dD0fS8gA7hJ6kL5mN4bV3vC2xZ1oP9iU8uY7tT6rR5eE4wW3qQ2aZ1sX2dC3fV4gB5hN6jM7kL8pO9iU0yT1rE2wQ3aS4dF5gG6hH7jJ8kK9lL0zZ1xX2cC3vV4bB5nN6mM7qQ8wW9eE0rR1tT2yY3uU4iI5oO6pP7aA8sS9dD0fF1gG2hH3jJ4kK5lL6zZ7xX8cC9vV0bB1nN2mM3qW4eR5tT6yU7iI8oO9pP0aS1dF2gG3hH4jJ5kK6lL7zZ8xX9cC0vB1nN2mQ3wE4rR5tT6yY7uU8iI9oO0pP1aS2dF3gG4hH5jJ6kK7lL8zX9cV0bN1nM2qW3eR4tT5yU6iI7oO8pP9aS0dF1gG2hH3jJ4kK5lL6zZ7xX8cC9vV0bB1nN2mM3qW4eR5tT6yU7iI8oO9pP0aS1dF2gG3hH4jJ5kK6lL7zZ8xX9cC0vB1nN2mQ3wE4rR5tT6yY7uU8iI9oO0pP1aS2dF3gG4hH5jJ6kK7lL8zX9cV0bN1nM2qW3eR4tT5yU6iI7oO8pP9aS0dF1gG2hH3jJ4kK5lL6zZ7xX8cC9vV0bB1nN2mM3qW4eR5tT6yU7iI8oO9pP0aS1dF2gG3hH4jJ5kK6lL7zZ8xX9cC0vB1nN2mQ3wE4rR5tT6yY7uU8iI9oO0pP1aS2dF3gG4hH5jJ6kK7lL8zX9cV0bN1nM2qW3eR4tT5yU6iI7oO8pP9aS0dF1gG2hH3jJ4kK5lL6zZ7xX8cC9vV0bB1nN2mM3qW4eR5tT6yU7iI8oO9pP0aS1dF2gG3hH4jJ5kK6lL7zZ8xX9cC0vB1nN2mQ3wE4rR5tT6yY7uU8iI9oO0pP1aS2dF3gG4hH5jJ6kK7lL8zX9cV0bN1nM2qW3eR4tT5yU6iI7oO8pP9aS0dF1gG2hH3jJ4kK5lL6zZ7xX8cC9vV0bB1nN2mM3qW4eR5tT6yU7iI8oO9pP0aS1dF2gG3hH4jJ5kK6lL7zZ8xX9cC0vB1nN2mQ3wE4rR5tT6yY7uU8iI9oO0pP1aS2dF3gG4hH5jJ6kK7l4hH5jJ6kK7lL8zX9cV0bN1nM2qW3eR4tT5yU6iI7oO8pP9aS0dF1gG2hH3jJ4kK5lL6zZ7xX8cC9vV0bB1nN2mM3qW4eR5tT6yU7iI8oO9pP0aS1dF2gG3hH4jJ5kK6lL7zZ8xX9cC0vB1nN2mQ3wE4rR5tT6yY7uU8iI9oO0pP1aS2dF3gG4hH5jJ6kK7lL8zX9cV0bN1nM2qW3eR4tT5yU6iI7oO8pP9aS0dF1gG2hH3jJ4kK5lL6zZ7xX8cC9vV0bB1nN2mM3qW4eR5tT6yU7iI8oO9pP0aS1dF2gG3hH4jJ5kK6lL7zZ8xX9cC0vB1nN2mQ3wE4rR5tT6yY7uU8iI9oO0pP1aS2dF3gG4hH5jJ6kK7l4hH5jJ6kK7lL8zX9cV0bN1nM2qW3eR4tT5yU6iI7oO8pP9aS0dF1gG2hH3jJ4kK5lL6zZ7xX8cC9vV0bB1nN2mM3qW4eR5tT6yU7iI8oO9pP0aS1dF2gG3hH4jJ5kK6lL7zZ8xX9cC0vB1nN2mQ3wE4rR5tT6yY7uU8iI9oO0pP1aS2dF3gG4hH5jJ6kK7lL8zX9cV0bN1nM2qW3eR4tT5yU6iI7oO8pP9aS0dF1gG2hH3jJ4kK5lL6zZ7xX8cC9vV0bB1nN2mM3qW4eR5tT6yU7iI8oO9pP0aS1dF2gG3hH4jJ5kK6lL7zZ8xX9cC0vB1nN2mQ3wE4rR5tT6yY7uU8iI9oO0pP1aS2dF3gG4hH5jJ6kK7l4hH5jJ6kK7lL8zX9cV0bN1nM2qW3eR4tT5yU6iI7oO8pP9aS0dF1gG2hH3jJ4kK5lL6zZ7xX8cC9vV0bB1nN2mM3qW4eR5tT6yU7iI8oO9pP0aS1dF2gG3hH4jJ5kK6lL7zZ8xX9cC0vB1nN2mQ3wE4rR5tT6yY7uU8iI9oO0pP1aS2dF3gG4hH5jJ6kK7lL8zX9cV0bN1nM2qW3eR4tT5yU6iI7oO8pP9aS0dF1gG2hH3jJ4kK5lL6zZ7xX8cC9vV0bB1nN2mM3qW4eR5tT6yU7iI8oO9pP0aS1dF2gG3hH4jJ5kK6lL7zZ8xX9cC0vB1nN2mQ3wE4rR5tT6yY7uU8iI9oO0pP1aS2dF3gG4hH5jJ6kK7l4hH5jJ6kK7lL8zX9cV0bN1nM2qW3eR4tT5yU6iI7oO8pP9aS0dF1gG2hH3jJ4kK5lL6zZ7xX8cC9vV0bB1nN2mM3qW4eR5tT6yU7iI8oO9pP0aS1dF2gG3hH4jJ5kK6lL7zZ8xX9cC0vB1nN2mQ3wE4rR5tT6yY7uU8iI9oO0pP1aS2dF3gG4hH5jJ6kK7lL8zX9cV0bN1nM2qW3eR4tT5yU6iI7oO8pP9aS0dF1gG2hH3jJ4kK5lL6zZ7xX8cC9vV0bB1nN2mM3qW4eR5tT6yU7iI8oO9pP0aS1dF2gG3hH4jJ5kK6lL7zZ8xX9cC0vB1nN2mQ3wE4rR5tT6yY7uU8iI9oO0pP1aS2dF3gG4hH5jJ6kK7l4hH5jJ6kK7lL8zX9cV0bN1nM2qW3eR4tT5yU6iI7oO8pP9aS0dF1gG2hH3jJ4kK5lL6zZ7xX8cC9vV0bB1nN2mM3qW4eR5tT6yU7iI8oO9pP0aS1dF2gG3hH4jJ5kK6lL7zZ8xX9cC0vB1nN2mQ3wE4rR5tT6yY7uU8iI9oO0pP1aS2dF3gG4hH5jJ6kK7lL8zX9cV0bN1nM2qW3eR4tT5yU6iI7oO8pP9aS0dF1gG2hH3jJ4kK5lL6zZ7xX8cC9vV0bB1nN2mM3qW4eR5tT6yU7iI8oO9pP0aS1dF2gG3hH4jJ5kK6lL7zZ8xX9cC0vB1nN2mQ3wE4rR5tT6yY7uU8iI9oO0pP1aS2dF3gG4hH5jJ6kK7l4hH5jJ6kK7lL8zX9cV0bN1nM2qW3eR4tT5yU6iI7oO8pP9aS0dF1gG2hH3jJ4kK5lL6zZ7xX8cC9vV0bB1nN2mM3qW4eR5tT6yU7iI8oO9pP0aS1dF2gG3hH4jJ5kK6lL7zZ8xX9cC0vB1nN2mQ3wE4rR5tT6yY7uU8iI9oO0pP1aS2dF3gG4hH5jJ6kK7lL8zX9cV0bN1nM2qW3eR4tT5yU6iI7oO8pP9aS0dF1gG2hH3jJ4kK5lL6zZ7xX8cC9vV0bB1nN2mM3qW4eR5tT6yU7iI8oO9pP0aS1dF2gG3hH4jJ5kK6lL7zZ8xX9cC0vB1nN2mQ3wE4rR5tT6yY7uU8iI9oO0pP1aS2dF3gG4hH5jJ6kK7l4hH5jJ6kK7lL8zX9cV0bN1nM2qW3eR4tT5yU6iI7oO8pP9aS0dF1gG2hH3jJ4kK5lL6zZ7xX8cC9vV0bB1nN2mM3qW4eR5tT6yU7iI8oO9pP0aS1dF2gG3hH4jJ5kK6lL7zZ8xX9cC0vB1nN2mQ3wE4rR5tT6yY7uU8iI9oO0pP1aS2dF3gG4hH5jJ6kK7lL8zX9cV0bN1nM2qW3eR4tT5yU6iI7oO8pP9aS0dF1gG2hH3jJ4kK5lL6zZ7xX8cC9vV0bB1nN2mM3qW4eR5tT6yU7iI8oO9pP0aS1dF2gG3hH4jJ5kK6lL7zZ8xX9cC0vB1nN2mQ3wE4rR5tT6yY7uU8iI9oO0pP1aS2dF3gG4hH5jJ6kK7l4hH5jJ6kK7lL8zX9cV0bN1nM2qW3eR4tT5yU6iI7oO8pP9aS0dF1gG2hH3jJ4kK5lL6z7nB9vR2mX8kLp4QjW3tY5zH1aG6sF9dD0fS8gA7hJ6kL5mN4bV3vC2xZ1oP9iU8uY7tT6rR5eE4wW3qQ2aZ1sX2dC3fV4gB5hN6jM7kL8pO9iU0yT1rE2wQ3aS4dF5gG6hH7jJ8kK9lL0zZ1xX2cC3vV4bB5nN6mM7qQ8wW9eE0rR1tT2yY3uU4iI5oO6pP7aA8sS9dD0fF1gG2hH3jJ4kK5lL6zZ7xX8cC9vV0bB1nN2mM3qW4eR5tT6yU7iI8oO9pP0aS1dF2gG3hH4jJ5kK6lL7zZ8xX9cC0vB1nN2mQ3wE4rR5tT6yY7uU8iI9oO0pP1aS2dF3gG4hH5jJ6kK7lL8zX9cV0bN1nM2qW3eR4tT5yU6iI7oO8pP9aS0dF1gG2hH3jJ4kK5lL6zZ7xX8cC9vV0bB1nN2mM3qW4eR5tT6yU7iI8oO9pP0aS1dF2gG3hH4jJ5kK6lL7zZ8xX9cC0vB1nN2mQ3wE4rR5tT6yY7uU8iI9oO0pP1aS2dF3gG4hH5jJ6kK7lL8zX9cV0bN1nM2qW3eR4tT5yU6iI7oO8pP9aS0dF1gG2hH3jJ4kK5lL6zZ7xX8cC9vV0bB1nN2mM3qW4eR5tT6yU7iI8oO9pP0aS1dF2gG3hH4jJ5kK6lL7zZ8xX9cC0vB1nN2mQ3wE4rR5tT6yY7uU8iI9oO0pP1aS2dF3gG4hH5jJ6kK7lL8zX9cV0bN1nM2qW3eR4tT5yU6iI7oO8pP9aS0dF1gG2hH3jJ4kK5lL6zZ7xX8cC9vV0bB1nN2mM3qW4eR5tT6yU7iI8oO9pP0aS1dF2gG3hH4jJ5kK6lL7zZ8xX9cC0vB1nN2mQ3wE4rR5tT6yY7uU8iI9oO0pP1aS2dF3gG4hH5jJ6kK7lL8zX9cV0bN1nM2qW3eR4tT5yU6iI7oO8pP9aS0dF1gG2hH3jJ4kK5lL6zZ7xX8cC9vV0bB1nN2mM3qW4eR5tT6yU7iI8oO9pP0aS1dF2gG3hH4jJ5kK6lL7zZ8xX9cC0vB1nN2mQ3wE4rR5tT6yY7uU8iI9oO0pP1aS2dF3gG4hH5jJ6kK7l4hH5jJ6kK7lL8zX9cV0bN1nM2qW3eR4tT5yU6iI7oO8pP9aS0dF1gG2hH3jJ4kK5lL6zZ7xX8cC9vV0bB1nN2mM3qW4eR5tT6yU7iI8oO9pP0aS1dF2gG3hH4jJ5kK6lL7zZ8xX9cC0vB1nN2mQ3wE4rR5tT6yY7uU8iI9oO0pP1aS2dF3gG4hH5jJ6kK7lL8zX9cV0bN1nM2qW3eR4tT5yU6iI7oO8pP9aS0dF1gG2hH3jJ4kK5lL6zZ7xX8cC9vV0bB1nN2mM3qW4eR5tT6yU7iI8oO9pP0aS1dF2gG3hH4jJ5kK6lL7zZ8xX9cC0vB1nN2mQ3wE4rR5tT6yY7uU8iI9oO0pP1aS2dF3gG4hH5jJ6kK7l4hH5jJ6kK7lL8zX9cV0bN1nM2qW3eR4tT5yU6iI7oO8pP9aS0dF1gG2hH3jJ4kK5lL6zZ7xX8cC9vV0bB1nN2mM3qW4eR5tT6yU7iI8oO9pP0aS1dF2gG3hH4jJ5kK6lL7zZ8xX9cC0vB1nN2mQ3wE4rR5tT6yY7uU8iI9oO0pP1aS2dF3gG4hH5jJ6kK7lL8zX9cV0bN1nM2qW3eR4tT5yU6iI7oO8pP9aS0dF1gG2hH3jJ4kK5lL6zZ7xX8cC9vV0bB1nN2mM3qW4eR5tT6yU7iI8oO9pP0aS1dF2gG3hH4jJ5kK6lL7zZ8xX9cC0vB1nN2mQ3wE4rR5tT6yY7uU8iI9oO0pP1aS2dF3gG4hH5jJ6kK7l4hH5jJ6kK7lL8zX9cV0bN1nM2qW3eR4tT5yU6iI7oO8pP9aS0dF1gG2hH3jJ4kK5lL6zZ7xX8cC9vV0bB1nN2mM3qW4eR5tT6yU7iI8oO9pP0aS1dF2gG3hH4jJ5kK6lL7zZ8xX9cC0vB1nN2mQ3wE4rR5tT6yY7uU8iI9oO0pP1aS2dF3gG4hH5jJ6kK7lL8zX9cV0bN1nM2qW3eR4tT5yU6iI7oO8pP9aS0dF1gG2hH3jJ4kK5lL6zZ7xX8cC9vV0bB1nN2mM3qW4eR5tT6yU7iI8oO9pP0aS1dF2gG3hH4jJ5kK6lL7zZ8xX9cC0vB1nN2mQ3wE4rR5tT6yY7uU8iI9oO0pP1aS2dF3gG4hH5jJ6kK7l4hH5jJ6kK7lL8zX9cV0bN1nM2qW3eR4tT5yU6iI7oO8pP9aS0dF1gG2hH3jJ4kK5lL6zZ7xX8cC9vV0bB1nN2mM3qW4eR5tT6yU7iI8oO9pP0aS1dF2gG3hH4jJ5kK6lL7zZ8xX9cC0vB1nN2mQ3wE4rR5tT6yY7uU8iI9oO0pP1aS2dF3gG4hH5jJ6kK7lL8zX9cV0bN1nM2qW3eR4tT5yU6iI7oO8pP9aS0dF1gG2hH3jJ4kK5lL6zZ7xX8cC9vV0bB1nN2mM3qW4eR5tT6yU7iI8oO9pP0aS1dF2gG3hH4jJ5kK6lL7zZ8xX9cC0vB1nN2mQ3wE4rR5tT6yY7uU8iI9oO0pP1aS2dF3gG4hH5jJ6kK7l4hH5jJ6kK7lL8zX9cV0bN1nM2qW3eR4tT5yU6iI7oO8pP9aS0dF1gG2hH3jJ4kK5lL6zZ7xX8cC9vV0bB1nN2mM3qW4eR5tT6yU7iI8oO9pP0aS1dF2gG3hH4jJ5kK6lL7zZ8xX9cC0vB1nN2mQ3wE4rR5tT6yY7uU8iI9oO0pP1aS2dF3gG4hH5jJ6kK7lL8zX9cV0bN1nM2qW3eR4tT5yU6iI7oO8pP9aS0dF1gG2hH3jJ4kK5lL6zZ7xX8cC9vV0bB1nN2mM3qW4eR5tT6yU7iI8oO9pP0aS1dF2gG3hH4jJ5kK6lL7zZ8xX9cC0vB1nN2mQ3wE4rR5tT6yY7uU8iI9oO0pP1aS2dF3gG4hH5jJ6kK7l4hH5jJ6kK7lL8zX9cV0bN1nM2qW3eR4tT5yU6iI7oO8pP9aS0dF1gG2hH3jJ4kK5lL6zZ7xX8cC9vV0bB1nN2mM3qW4eR5tT6yU7iI8oO9pP0aS1dF2gG3hH4jJ5kK6lL7zZ8xX9cC0vB1nN2mQ3wE4rR5tT6yY7uU8iI9oO0pP1aS2dF3gG4hH5jJ6kK7lL8zX9cV0bN1nM2qW3eR4tT5yU6iI7oO8pP9aS0dF1gG2hH3jJ4kK5lL6zZ7xX8cC9vV0bB1nN2mM3qW4eR5tT6yU7iI8oO9pP0aS1dF2gG3hH4jJ5kK6lL7zZ8xX9cC0vB1nN2mQ3wE4rR5tT6yY7uU8iI9oO0pP1aS2dF3gG4hH5jJ6kK7l4hH5jJ6kK7lL8zX9cV0bN1nM2qW3eR4tT5yU6iI7oO8pP9aS0dF1gG2hH3jJ4kK5lL6zZ7xX8cC9vV0bB1nN2mM3qW4eR5tT6yU7iI8oO9pP0aS1dF2gG3hH4jJ5kK6lL7zZ8xX9cC0vB1nN2mQ3wE4rR5tT6yY7uU8iI9oO0pP1aS2dF3gG4hH5jJ6kK7lL8zX9cV0bN1nM2qW3eR4tT5yU6iI7oO8pP9aS0dF1gG2hH3jJ4kK5lL6zZ7xX8cC9vV0bB1nN2mM3qW4eR5tT6yU7iI8oO9pP0aS1dF2gG3hH4jJ5kK6lL7zZ8xX9cC0vB1nN2mQ3wE4rR5tT6yY7uU8iI9oO0pP1aS2dF3gG4hH5jJ6kK7l4hH5jJ6kK7lL8zX9cV0bN1nM2qW3eR4tT5yU6iI7oO8pP9aS0dF1gG2hH3jJ4kK5lL6z7nB9vR2mX8kLp4QjW3tY5zH1aG6sF9dD0fS8gA7hJ6kL5mN4bV3vC2xZ1oP9iU8uY7tT6rR5eE4wW3qQ2aZ1sX2dC3fV4gB5hN6jM7kL8pO9iU0yT1rE2wQ3aS4dF5gG6hH7jJ8kK9lL0zZ1xX2cC3vV4bB5nN6mM7qQ8wW9eE0rR1tT2yY3uU4iI5oO6pP7aA8sS9dD0fF1gG2hH3jJ4kK5lL6zZ7xX8cC9vV0bB1nN2mM3qW4eR5tT6yU7iI8oO9pP0aS1dF2gG3hH4jJ5kK6lL7zZ8xX9cC0vB1nN2mQ3wE4rR5tT6yY7uU8iI9oO0pP1aS2dF3gG4hH5jJ6kK7lL8zX9cV0bN1nM2qW3eR4tT5yU6iI7oO8pP9aS0dF1gG2hH3jJ4kK5lL6zZ7xX8cC9vV0bB1nN2mM3qW4eR5tT6yU7iI8oO9pP0aS1dF2gG3hH4jJ5kK6lL7zZ8xX9cC0vB1nN2mQ3wE4rR5tT6yY7uU8iI9oO0pP1aS2dF3gG4hH5jJ6kK7lL8zX9cV0bN1nM2qW3eR4tT5yU6iI7oO8pP9aS0dF1gG2hH3jJ4kK5lL6zZ7xX8cC9vV0bB1nN2mM3qW4eR5tT6yU7iI8oO9pP0aS1dF2gG3hH4jJ5kK6lL7zZ8xX9cC0vB1nN2mQ3wE4rR5tT6yY7uU8iI9oO0pP1aS2dF3gG4hH5jJ6kK7lL8zX9cV0bN1nM2qW3eR4tT5yU6iI7oO8pP9aS0dF1gG2hH3jJ4kK5lL6zZ7xX8cC9vV0bB1nN2mM3qW4eR5tT6yU7iI8oO9pP0aS1dF2gG3hH4jJ5kK6lL7zZ8xX9cC0vB1nN2mQ3wE4rR5tT6yY7uU8iI9oO0pP1aS2dF3gG4hH5jJ6kK7lL8zX9cV0bN1nM2qW3eR4tT5yU6iI7oO8pP9aS0dF1gG2hH3jJ4kK5lL6zZ7xX8cC9vV0bB1nN2mM3qW4eR5tT6yU7iI8oO9pP0aS1dF2gG3hH4jJ5kK6lL7zZ8xX9cC0vB1nN2mQ3wE4rR5tT6yY7uU8iI9oO0pP1aS2dF3gG4hH5jJ6kK7l4hH5jJ6kK7lL8zX9cV0bN1nM2qW3eR4tT5yU6iI7oO8pP9aS0dF1gG2hH3jJ4kK5lL6zZ7xX8cC9vV0bB1nN2mM3qW4eR5tT6yU7iI8oO9pP0aS1dF2gG3hH4jJ5kK6lL7zZ8xX9cC0vB1nN2mQ3wE4rR5tT6yY7uU8iI9oO0pP1aS2dF3gG4hH5jJ6kK7lL8zX9cV0bN1nM2qW3eR4tT5yU6iI7oO8pP9aS0dF1gG2hH3jJ4kK5lL6zZ7xX8cC9vV0bB1nN2mM3qW4eR5tT6yU7iI8oO9pP0aS1dF2gG3hH4jJ5kK6lL7zZ8xX9cC0vB1nN2mQ3wE4rR5tT6yY7uU8iI9oO0pP1aS2dF3gG4hH5jJ6kK7l4hH5jJ6kK7lL8zX9cV0bN1nM2qW3eR4tT5yU6iI7oO8pP9aS0dF1gG2hH3jJ4kK5lL6zZ7xX8cC9vV0bB1nN2mM3qW4eR5tT6yU7iI8oO9pP0aS1dF2gG3hH4jJ5kK6lL7zZ8xX9cC0vB1nN2mQ3wE4rR5tT6yY7uU8iI9oO0pP1aS2dF3gG4hH5jJ6kK7lL8zX9cV0bN1nM2qW3eR4tT5yU6iI7oO8pP9aS0dF1gG2hH3jJ4kK5lL6zZ7xX8cC9vV0bB1nN2mM3qW4eR5tT6yU7iI8oO9pP0aS1dF2gG3hH4jJ5kK6lL7zZ8xX9cC0vB1nN2mQ3wE4rR5tT6yY7uU8iI9oO0pP1aS2dF3gG4hH5jJ6kK7l4hH5jJ6kK7lL8zX9cV0bN1nM2qW3eR4tT5yU6iI7oO8pP9aS0dF1gG2hH3jJ4kK5lL6zZ7xX8cC9vV0bB1nN2mM3qW4eR5tT6yU7iI8oO9pP0aS1dF2gG3hH4jJ5kK6lL7zZ8xX9cC0vB1nN2mQ3wE4rR5tT6yY7uU8iI9oO0pP1aS2dF3gG4hH5jJ6kK7lL8zX9cV0bN1nM2qW3eR4tT5yU6iI7oO8pP9aS0dF1gG2hH3jJ4kK5lL6zZ7xX8cC9vV0bB1nN2mM3qW4eR5tT6yU7iI8oO9pP0aS1dF2gG3hH4jJ5kK6lL7zZ8xX9cC0vB1nN2mQ3wE4rR5tT6yY7uU8iI9oO0pP1aS2dF3gG4hH5jJ6kK7l4hH5jJ6kK7lL8zX9cV0bN1nM2qW3eR4tT5yU6iI7oO8pP9aS0dF1gG2hH3jJ4kK5lL6zZ7xX8cC9vV0bB1nN2mM3qW4eR5tT6yU7iI8oO9pP0aS1dF2gG3hH4jJ5kK6lL7zZ8xX9cC0vB1nN2mQ3wE4rR5tT6yY7uU8iI9oO0pP1aS2dF3gG4hH5jJ6kK7lL8zX9cV0bN1nM2qW3eR4tT5yU6iI7oO8pP9aS0dF1gG2hH3jJ4kK5lL6zZ7xX8cC9vV0bB1nN2mM3qW4eR5tT6yU7iI8oO9pP0aS1dF2gG3hH4jJ5kK6lL7zZ8xX9cC0vB1nN2mQ3wE4rR5tT6yY7uU8iI9oO0pP1aS2dF3gG4hH5jJ6kK7l4hH5jJ6kK7lL8zX9cV0bN1nM2qW3eR4tT5yU6iI7oO8pP9aS0dF1gG2hH3jJ4kK5lL6zZ7xX8cC9vV0bB1nN2mM3qW4eR5tT6yU7iI8oO9pP0aS1dF2gG3hH4jJ5kK6lL7zZ8xX9cC0vB1nN2mQ3wE4rR5tT6yY7uU8iI9oO0pP1aS2dF3gG4hH5jJ6kK7lL8zX9cV0bN1nM2qW3eR4tT5yU6iI7oO8pP9aS0dF1gG2hH3jJ4kK5lL6zZ7xX8cC9vV0bB1nN2mM3qW4eR5tT6yU7iI8oO9pP0aS1dF2gG3hH4jJ5kK6lL7zZ8xX9cC0vB1nN2mQ3wE4rR5tT6yY7uU8iI9oO0pP1aS2dF3gG4hH5jJ6kK7l4hH5jJ6kK7lL8zX9cV0bN1nM2qW3eR4tT5yU6iI7oO8pP9aS0dF1gG2hH3jJ4kK5lL6zZ7xX8cC9vV0bB1nN2mM3qW4eR5tT6yU7iI8oO9pP0aS1dF2gG3hH4jJ5kK6lL7zZ8xX9cC0vB1nN2mQ3wE4rR5tT6yY7uU8iI9oO0pP1aS2dF3gG4hH5jJ6kK7lL8zX9cV0bN1nM2qW3eR4tT5yU6iI7oO8pP9aS0dF1gG2hH3jJ4kK5lL6zZ7xX8cC9vV0bB1nN2mM3qW4eR5tT6yU7iI8oO9pP0aS1dF2gG3hH4jJ5kK6lL7zZ8xX9cC0vB1nN2mQ3wE4rR5tT6yY7uU8iI9oO0pP1aS2dF3gG4hH5jJ6kK7l4hH5jJ6kK7lL8zX9cV0bN1nM2qW3eR4tT5yU6iI7oO8pP9aS0dF1gG2hH3jJ4kK5lL6zZ7xX8cC9vV0bB1nN2mM3qW4eR5tT6yU7iI8oO9pP0aS1dF2gG3hH4jJ5kK6lL7zZ8xX9cC0vB1nN2mQ3wE4rR5tT6yY7uU8iI9oO0pP1aS2dF3gG4hH5jJ6kK7lL8zX9cV0bN1nM2qW3eR4tT5yU6iI7oO8pP9aS0dF1gG2hH3jJ4kK5lL6zZ7xX8cC9vV0bB1nN2mM3qW4eR5tT6yU7iI8oO9pP0aS1dF2gG3hH4jJ5kK6lL7zZ8xX9cC0vB1nN2mQ3wE4rR5tT6yY7uU8iI9oO0pP1aS2dF3gG4hH5jJ6kK7l4hH5jJ6kK7lL8zX9cV0bN1nM2qW3eR4tT5yU6iI7oO8pP9aS0dF1gG2hH3jJ4kK5lL6z7nB9vR2mX8kLp4QjW3tY5zH1aG6sF9dD0fS8gA7hJ6kL5mN4bV3vC2xZ1oP9iU8uY7tT6rR5eE4wW3qQ2aZ1sX2dC3fV4gB5hN6jM7kL8pO9iU0yT1rE2wQ3aS4dF5gG6hH7jJ8kK9lL0zZ1xX2cC3vV4bB5nN6mM7qQ8wW9eE0rR1tT2yY3uU4iI5oO6pP7aA8sS9dD0fF1gG2hH3jJ4kK5lL6zZ7xX8cC9vV0bB1nN2mM3qW4eR5tT6yU7iI8oO9pP0aS1dF2gG3hH4jJ5kK6lL7zZ8xX9cC0vB1nN2mQ3wE4rR5tT6yY7uU8iI9oO0pP1aS2dF3gG4hH5jJ6kK7lL8zX9cV0bN1nM2qW3eR4tT5yU6iI7oO8pP9aS0dF1gG2hH3jJ4kK5lL6zZ7xX8cC9vV0bB1nN2mM3qW4eR5tT6yU7iI8oO9pP0aS1dF2gG3hH4jJ5kK6lL7zZ8xX9cC0vB1nN2mQ3wE4rR5tT6yY7uU8iI9oO0pP1aS2dF3gG4hH5jJ6kK7lL8zX9cV0bN1nM2qW3eR4tT5yU6iI7oO8pP9aS0dF1gG2hH3jJ4kK5lL6zZ7xX8cC9vV0bB1nN2mM3qW4eR5tT6yU7iI8oO9pP0aS1dF2gG3hH4jJ5kK6lL7zZ8xX9cC0vB1nN2mQ3wE4rR5tT6yY7uU8iI9oO0pP1aS2dF3gG4hH5jJ6kK7lL8zX9cV0bN1nM2qW3eR4tT5yU6iI7oO8pP9aS0dF1gG2hH3jJ4kK5lL6zZ7xX8cC9vV0bB1nN2mM3qW4eR5tT6yU7iI8oO9pP0aS1dF2gG3hH4jJ5kK6lL7zZ8xX9cC0vB1nN2mQ3wE4rR5tT6yY7uU8iI9oO0pP1aS2dF3gG4hH5jJ6kK7lL8zX9cV0bN1nM2qW3eR4tT5yU6iI7oO8pP9aS0dF1gG2hH3jJ4kK5lL6zZ7xX8cC9vV0bB1nN2mM3qW4eR5tT6yU7iI8oO9pP0aS1dF2gG3hH4jJ5kK6lL7zZ8xX9cC0vB1nN2mQ3wE4rR5tT6yY7uU8iI9oO0pP1aS2dF3gG4hH5jJ6kK7l4hH5jJ6kK7lL8zX9cV0bN1nM2qW3eR4tT5yU6iI7oO8pP9aS0dF1gG2hH3jJ4kK5lL6zZ7xX8cC9vV0bB1nN2mM3qW4eR5tT6yU7iI8oO9pP0aS1dF2gG3hH4jJ5kK6lL7zZ8xX9cC0vB1nN2mQ3wE4rR5tT6yY7uU8iI9oO0pP1aS2dF3gG4hH5jJ6kK7lL8zX9cV0bN1nM2qW3eR4tT5yU6iI7oO8pP9aS0dF1gG2hH3jJ4kK5lL6zZ7xX8cC9vV0bB1nN2mM3qW4eR5tT6yU7iI8oO9pP0aS1dF2gG3hH4jJ5kK6lL7zZ8xX9cC0vB1nN2mQ3wE4rR5tT6yY7uU8iI9oO0pP1aS2dF3gG4hH5jJ6kK7l4hH5jJ6kK7lL8zX9cV0bN1nM2qW3eR4tT5yU6iI7oO8pP9aS0dF1gG2hH3jJ4kK5lL6zZ7xX8cC9vV0bB1nN2mM3qW4eR5tT6yU7iI8oO9pP0aS1dF2gG3hH4jJ5kK6lL7zZ8xX9cC0vB1nN2mQ3wE4rR5tT6yY7uU8iI9oO0pP1aS2dF3gG4hH5jJ6kK7lL8zX9cV0bN1nM2qW3eR4tT5yU6iI7oO8pP9aS0dF1gG2hH3jJ4kK5lL6zZ7xX8cC9vV0bB1nN2mM3qW4eR5tT6yU7iI8oO9pP0aS1dF2gG3hH4jJ5kK6lL7zZ8xX9cC0vB1nN2mQ3wE4rR5tT6yY7uU8iI9oO0pP1aS2dF3gG4hH5jJ6kK7l4hH5jJ6kK7lL8zX9cV0bN1nM2qW3eR4tT5yU6iI7oO8pP9aS0dF1gG2hH3jJ4kK5lL6zZ7xX8cC9vV0bB1nN2mM3qW4eR5tT6yU7iI8oO9pP0aS1dF2gG3hH4jJ5kK6lL7zZ8xX9cC0vB1nN2mQ3wE4rR5tT6yY7uU8iI9oO0pP1aS2dF3gG4hH5jJ6kK7lL8zX9cV0bN1nM2qW3eR4tT5yU6iI7oO8pP9aS0dF1gG2hH3jJ4kK5lL6zZ7xX8cC9vV0bB1nN2mM3qW4eR5tT6yU7iI8oO9pP0aS1dF2gG3hH4jJ5kK6lL7zZ8xX9cC0vB1nN2mQ3wE4rR5tT6yY7uU8iI9oO0pP1aS2dF3gG4hH5jJ6kK7l4hH5jJ6kK7lL8zX9cV0bN1nM2qW3eR4tT5yU6iI7oO8pP9aS0dF1gG2hH3jJ4kK5lL6zZ7xX8cC9vV0bB1nN2mM3qW4eR5tT6yU7iI8oO9pP0aS1dF2gG3hH4jJ5kK6lL7zZ8xX9cC0vB1nN2mQ3wE4rR5tT6yY7uU8iI9oO0pP1aS2dF3gG4hH5jJ6kK7lL8zX9cV0bN1nM2qW3eR4tT5yU6iI7oO8pP9aS0dF1gG2hH3jJ4kK5lL6zZ7xX8cC9vV0bB1nN2mM3qW4eR5tT6yU7iI8oO9pP0aS1dF2gG3hH4jJ5kK6lL7zZ8xX9cC0vB1nN2mQ3wE4rR5tT6yY7uU8iI9oO0pP1aS2dF3gG4hH5jJ6kK7l4hH5jJ6kK7lL8zX9cV0bN1nM2qW3eR4tT5yU6iI7oO8pP9aS0dF1gG2hH3jJ4kK5lL6zZ7xX8cC9vV0bB1nN2mM3qW4eR5tT6yU7iI8oO9pP0aS1dF2gG3hH4jJ5kK6lL7zZ8xX9cC0vB1nN2mQ3wE4rR5tT6yY7uU8iI9oO0pP1aS2dF3gG4hH5jJ6kK7lL8zX9cV0bN1nM2qW3eR4tT5yU6iI7oO8pP9aS0dF1gG2hH3jJ4kK5lL6zZ7xX8cC9vV0bB1nN2mM3qW4eR5tT6yU7iI8oO9pP0aS1dF2gG3hH4jJ5kK6lL7zZ8xX9cC0vB1nN2mQ3wE4rR5tT6yY7uU8iI9oO0pP1aS2dF3gG4hH5jJ6kK7l4hH5jJ6kK7lL8zX9cV0bN1nM2qW3eR4tT5yU6iI7oO8pP9aS0dF1gG2hH3jJ4kK5lL6zZ7xX8cC9vV0bB1nN2mM3qW4eR5tT6yU7iI8oO9pP0aS1dF2gG3hH4jJ5kK6lL7zZ8xX9cC0vB1nN2mQ3wE4rR5tT6yY7uU8iI9oO0pP1aS2dF3gG4hH5jJ6kK7lL8zX9cV0bN1nM2qW3eR4tT5yU6iI7oO8pP9aS0dF1gG2hH3jJ4kK5lL6zZ7xX8cC9vV0bB1nN2mM3qW4eR5tT6yU7iI8oO9pP0aS1dF2gG3hH4jJ5kK6lL7zZ8xX9cC0vB1nN2mQ3wE4rR5tT6yY7uU8iI9oO0pP1aS2dF3gG4hH5jJ6kK7l4hH5jJ6kK7lL8zX9cV0bN1nM2qW3eR4tT5yU6iI7oO8pP9aS0dF1gG2hH3jJ4kK5lL6zZ7xX8cC9vV0bB1nN2mM3qW4eR5tT6yU7iI8oO9pP0aS1dF2gG3hH4jJ5kK6lL7zZ8xX9cC0vB1nN2mQ3wE4rR5tT6yY7uU8iI9oO0pP1aS2dF3gG4hH5jJ6kK7lL8zX9cV0bN1nM2qW3eR4tT5yU6iI7oO8pP9aS0dF1gG2hH3jJ4kK5lL6zZ7xX8cC9vV0bB1nN2mM3qW4eR5tT6yU7iI8oO9pP0aS1dF2gG3hH4jJ5kK6lL7zZ8xX9cC0vB1nN2mQ3wE4rR5tT6yY7uU8iI9oO0pP1aS2dF3gG4hH5jJ6kK7l4hH5jJ6kK7lL8zX9cV0bN1nM2qW3eR4tT5yU6iI7oO8pP9aS0dF1gG2hH3jJ4kK5lL6z8zX9cV0bN1nM2qW3eR4tT5yU6iI7oO8pP9aS0dF1gG2hH3jJ4kK5lL6zZ7xX8cC9vV0bB1nN2mM3qW4eR5tT6yU7iI8oO9pP0aS1dF2gG3hH4jJ5kK6lL7zZ8xX9cC0vB1nN2mQ3wE4rR5tT6yY7uU8iI9oO0pP1aS2dF3gG4hH5jJ6kK7l4hH5jJ6kK7lL8zX9cV0bN1nM2qW3eR4tT5yU6iI7oO8pP9aS0dF1gG2hH3jJ4kK5lL6zZ7xX8cC9vV0bB1nN2mM3qW4eR5tT6yU7iI8oO9pP0aS1dF2gG3hH4jJ5kK6lL7zZ8xX9cC0vB1nN2mQ3wE4rR5tT6yY7uU8iI9oO0pP1aS2dF3gG4hH5jJ6kK7lL8zX9cV0bN1nM2qW3eR4tT5yU6iI7oO8pP9aS0dF1gG2hH3jJ4kK5lL6zZ7xX8cC9vV0bB1nN2mM3qW4eR5tT6yU7iI8oO9pP0aS1dF2gG3hH4jJ5kK6lL7zZ8xX9cC0vB1nN2mQ3wE4rR5tT6yY7uU8iI9oO0pP1aS2dF3gG4hH5jJ6kK7l4hH5jJ6kK7lL8zX9cV0bN1nM2qW3eR4tT5yU6iI7oO8pP9aS0dF1gG2hH3jJ4kK5lL6zZ7xX8cC9vV0bB1nN2mM3qW4eR5tT6yU7iI8oO9pP0aS1dF2gG3hH4jJ5kK6lL7zZ8xX9cC0vB1nN2mQ3wE4rR5tT6yY7uU8iI9oO0pP1aS2dF3gG4hH5jJ6kK7lL8zX9cV0bN1nM2qW3eR4tT5yU6iI7oO8pP9aS0dF1gG2hH3jJ4kK5lL6zZ7xX8cC9vV0bB1nN2mM3qW4eR5tT6yU7iI8oO9pP0aS1dFzX9cV0bN1nM2qW3eR4tT5yU6iI7oO8pP9aS0dF1gG2hH3jJ4kK5lL6zZ7xX8cC9vV0bB1nN2mM3qW4eR5tT6yU7iI8oO9pP0aS1dF2gG3hH4jJ5kK6lL7zZ8xX9cC0vB1nN2mQ3wE4rR5tT6yY7uU8iI9oO0pP1aS2dF3gG4hH5jJ6kK7lL8zX9cV0bN1nM2qW3eR4tT5yU6iI7oO8pP9aS0dF1gG2hH3jJ4kK5lL6zZ7xX8cC9vV0bB1nN2mM3qW4eR5tT6yU7iI8oO9pP0aS1dF2gG3hH4jJ5kK6lL7zZ8xX9cC0vB1nN2mQ3wE4rR5tT6yY7uU8iI9oO0pP1aS2dF3gG4hH5jJ6kK7l4hH5jJ6kK7lL8zX9cV0bN1nM2qW3eR4tT5yU6iI7oO8pP9aS0dF1gG2hH3jJ4kK5lL6zZ7xX8cC9vV0bB1nN2mM3qW4eR5tT6yU7iI8oO9pP0aS1dF2gG3hH4jJ5kK6lL7zZ8xX9cC0vB1nN2mQ3wE4rR5tT6yY7uU8iI9oO0pP1aS2dF3gG4hH5jJ6kK7lL8zX9cV0bN1nM2qW3eR4tT5yU6iI7oO8pP9aS0dF1gG2hH3jJ4kK5lL6zZ7xX8cC9vV0bB1nN2mM3qW4eR5tT6yU7iI8oO9pP0aS1dF2gG3hH4jJ5kK6lL7zZ8xX9cC0vB1nN2mQ3wE4rR5tT6yY7uU8iI9oO0pP1aS2dF3gG4hH5jJ6kK7l4hH5jJ6kK7lL8zX9cV0bN1nM2qW3eR4tT5yU6iI7oO8pP9aS0dF1gG2hH3jJ4kK5lL6zZ7xX8cC9vV0bB1nN2mM3qW4eR5tT6yU7iI8oO9pP0aS1dF2gG3hH4jJ5kK6lL7zZ8xX9cC0vB1nN2mQ3wE4rR5tT6yY7uU8iI9oO0pP1aS2dF3gG4hH5jJ6kK7lL8zX9cV0bN1nM2qW3eR4tT5yU6iI7oO8pP9aS0dF1gG2hH3jJ4kK5lL6zZ7xX8cC9vV0bB1nN2mM3qW4eR5tT6yU7iI8oO9pP0aS1dF2gG3hH4jJ5kK6lL7zZ8xX9cC0vB1nN2mQ3wE4rR5tT6yY7uU8iI9oO0pP1aS2dF3gG4hH5jJ6kK7l4hH5jJ6kK7lL8zX9cV0bN1nM2qW3eR4tT5yU6iI7oO8pP9aS0dF1gG2hH3jJ4kK5lL6zZ7xX8cC9vV0bB1nN2mM3qW4eR5tT6yU7iI8oO9pP0aS1dF2gG3hH4jJ5kK6lL7zZ8xX9cC0vB1nN2mQ3wE4rR5tT6yY7uU8iI9oO0pP1aS2dF3gG4hH5jJ6kK7lL8zX9cV0bN1nM2qW3eR4tT5yU6iI7oO8pP9aS0dF1gG2hH3jJ4kK5lL6zZ7xX8cC9vV0bB1nN2mM3qW4eR5tT6yU7iI8oO9pP0aS1dF2gG3hH4jJ5kK6lL7zZ8xX9cC0vB1nN2mQ3wE4rR5tT6yY7uU8iI9oO0pP1aS2dF3gG4hH5jJ6kK7l4hH5jJ6kK7lL8zX9cV0bN1nM2qW3eR4tT5yU6iI7oO8pP9aS0dF1gG2hH3jJ4kK5lL6zZ7xX8cC9vV0bB1nN2mM3qW4eR5tT6yU7iI8oO9pP0aS1dF2gG3hH4jJ5kK6lL7zZ8xX9cC0vB1nN2mQ3wE4rR5tT6yY7uU8iI9oO0pP1aS2dF3gG4hH5jJ6kK7lL8zX9cV0bN1nM2qW3eR4tT5yU6iI7oO8pP9aS0dF1gG2hH3jJ4kK5lL6zZ7xX8cC9vV0bB1nN2mM3qW4eR5tT6yU7iI8oO9pP0aS1dF2gG3hH4jJ5kK6lL7zZ8xX9cC0vB1nN2mQ3wE4rR5tT6yY7uU8iI9oO0pP1aS2dF3gG4hH5jJ6kK7l4hH5jJ6kK7lL8zX9cV0bN1nM2qW3eR4tT5yU6iI7oO8pP9aS0dF1gG2hH3jJ4kK5lL6z7nB9vR2mX8kLp4QjW3tY5zH1aG6sF9dD0fS8gA7hJ6kL5mN4bV3vC2xZ1oP9iU8uY7tT6rR5eE4wW3qQ2aZ1sX2dC3fV4gB5hN6jM7kL8pO9iU0yT1rE2wQ3aS4dF5gG6hH7jJ8kK9lL0zZ1xX2cC3vV4bB5nN6mM7qQ8wW9eE0rR1tT2yY3uU4iI5oO6pP7aA8sS9dD0fF1gG2hH3jJ4kK5lL6zZ7xX8cC9vV0bB1nN2mM3qW4eR5tT6yU7iI8oO9pP0aS1dF2gG3hH4jJ5kK6lL7zZ8xX9cC0vB1nN2mQ3wE4rR5tT6yY7uU8iI9oO0pP1aS2dF3gG4hH5jJ6kK7lL8zX9cV0bN1nM2qW3eR4tT5yU6iI7oO8pP9aS0dF1gG2hH3jJ4kK5lL6zZ7xX8cC9vV0bB1nN2mM3qW4eR5tT6yU7iI8oO9pP0aS1dF2gG3hH4jJ5kK6lL7zZ8xX9cC0vB1nN2mQ3wE4rR5tT6yY7uU8iI9oO0pP1aS2dF3gG4hH5jJ6kK7lL8zX9cV0bN1nM2qW3eR4tT5yU6iI7oO8pP9aS0dF1gG2hH3jJ4kK5lL6zZ7xX8cC9vV0bB1nN2mM3qW4eR5tT6yU7iI8oO9pP0aS1dF2gG3hH4jJ5kK6lL7zZ8xX9cC0vB1nN2mQ3wE4rR5tT6yY7uU8iI9oO0pP1aS2dF3gG4hH5jJ6kK7lL8zX9cV0bN1nM2qW3eR4tT5yU6iI7oO8pP9aS0dF1gG2hH3jJ4kK5lL6zZ7xX8cC9vV0bB1nN2mM3qW4eR5tT6yU7iI8oO9pP0aS1dF2gG3hH4jJ5kK6lL7zZ8xX9cC0vB1nN2mQ3wE4rR5tT6yY7uU8iI9oO0pP1aS2dF3gG4hH5jJ6kK7lL8zX9cV0bN1nM2qW3eR4tT5yU6iI7oO8pP9aS0dF1gG2hH3jJ4kK5lL6zZ7xX8cC9vV0bB1nN2mM3qW4eR5tT6yU7iI8oO9pP0aS1dF2gG3hH4jJ5kK6lL7zZ8xX9cC0vB1nN2mQ3wE4rR5tT6yY7uU8iI9oO0pP1aS2dF3gG4hH5jJ6kK7l4hH5jJ6kK7lL8zX9cV0bN1nM2qW3eR4tT5yU6iI7oO8pP9aS0dF1gG2hH3jJ4kK5lL6zZ7xX8cC9vV0bB1nN2mM3qW4eR5tT6yU7iI8oO9pP0aS1dF2gG3hH4jJ5kK6lL7zZ8xX9cC0vB1nN2mQ3wE4rR5tT6yY7uU8iI9oO0pP1aS2dF3gG4hH5jJ6kK7lL8zX9cV0bN1nM2qW3eR4tT5yU6iI7oO8pP9aS0dF1gG2hH3jJ4kK5lL6zZ7xX8cC9vV0bB1nN2mM3qW4eR5tT6yU7iI8oO9pP0aS1dF2gG3hH4jJ5kK6lL7zZ8xX9cC0vB1nN2mQ3wE4rR5tT6yY7uU8iI9oO0pP1aS2dF3gG4hH5jJ6kK7l4hH5jJ6kK7lL8zX9cV0bN1nM2qW3eR4tT5yU6iI7oO8pP9aS0dF1gG2hH3jJ4kK5lL6zZ7xX8cC9vV0bB1nN2mM3qW4eR5tT6yU7iI8oO9pP0aS1dF2gG3hH4jJ5kK6lL7zZ8xX9cC0vB1nN2mQ3wE4rR5tT6yY7uU8iI9oO0pP1aS2dF3gG4hH5jJ6kK7lL8zX9cV0bN1nM2qW3eR4tT5yU6iI7oO8pP9aS0dF1gG2hH3jJ4kK5lL6zZ7xX8cC9vV0bB1nN2mM3qW4eR5tT6yU7iI8oO9pP0aS1dF2gG3hH4jJ5kK6lL7zZ8xX9cC0vB1nN2mQ3wE4rR5tT6yY7uU8iI9oO0pP1aS2dF3gG4hH5jJ6kK7l4hH5jJ6kK7lL8zX9cV0bN1nM2qW3eR4tT5yU6iI7oO8pP9aS0dF1gG2hH3jJ4kK5lL6zZ7xX8cC9vV0bB1nN2mM3qW4eR5tT6yU7iI8oO9pP0aS1dF2gG3hH4jJ5kK6lL7zZ8xX9cC0vB1nN2mQ3wE4rR5tT6yY7uU8iI9oO0pP1aS2dF3gG4hH5jJ6kK7lL8zX9cV0bN1nM2qW3eR4tT5yU6iI7oO8pP9aS0dF1gG2hH3jJ4kK5lL6zZ7xX8cC9vV0bB1nN2mM3qW4eR5tT6yU7iI8oO9pP0aS1dF2gG3hH4jJ5kK6lL7zZ8xX9cC0vB1nN2mQ3wE4rR5tT6yY7uU8iI9oO0pP1aS2dF3gG4hH5jJ6kK7l4hH5jJ6kK7lL8zX9cV0bN1nM2qW3eR4tT5yU6iI7oO8pP9aS0dF1gG2hH3jJ4kK5lL6zZ7xX8cC9vV0bB1nN2mM3qW4eR5tT6yU7iI8oO9pP0aS1dF2gG3hH4jJ5kK6lL7zZ8xX9cC0vB1nN2mQ3wE4rR5tT6yY7uU8iI9oO0pP1aS2dF3gG4hH5jJ6kK7lL8zX9cV0bN1nM2qW3eR4tT5yU6iI7oO8pP9aS0dF1gG2hH3jJ4kK5lL6zZ7xX8cC9vV0bB1nN2mM3qW4eR5tT6yU7iI8oO9pP0aS1dF2gG3hH4jJ5kK6lL7zZ8xX9cC0vB1nN2mQ3wE4rR5tT6yY7uU8iI9oO0pP1aS2dF3gG4hH5jJ6kK7l4hH5jJ6kK7lL8zX9cV0bN1nM2qW3eR4tT5yU6iI7oO8pP9aS0dF1gG2hH3jJ4kK5lL6zZ7xX8cC9vV0bB1nN2mM3qW4eR5tT6yU7iI8oO9pP0aS1dF2gG3hH4jJ5kK6lL7zZ8xX9cC0vB1nN2mQ3wE4rR5tT6yY7uU8iI9oO0pP1aS2dF3gG4hH5jJ6kK7lL8zX9cV0bN1nM2qW3eR4tT5yU6iI7oO8pP9aS0dF1gG2hH3jJ4kK5lL6zZ7xX8cC9vV0bB1nN2mM3qW4eR5tT6yU7iI8oO9pP0aS1dF2gG3hH4jJ5kK6lL7zZ8xX9cC0vB1nN2mQ3wE4rR5tT6yY7uU8iI9oO0pP1aS2dF3gG4hH5jJ6kK7l4hH5jJ6kK7lL8zX9cV0bN1nM2qW3eR4tT5yU6iI7oO8pP9aS0dF1gG2hH3jJ4kK5lL6zZ7xX8cC9vV0bB1nN2mM3qW4eR5tT6yU7iI8oO9pP0aS1dF2gG3hH4jJ5kK6lL7zZ8xX9cC0vB1nN2mQ3wE4rR5tT6yY7uU8iI9oO0pP1aS2dF3gG4hH5jJ6kK7lL8zX9cV0bN1nM2qW3eR4tT5yU6iI7oO8pP9aS0dF1gG2hH3jJ4kK5lL6zZ7xX8cC9vV0bB1nN2mM3qW4eR5tT6yU7iI8oO9pP0aS1dF2gG3hH4jJ5kK6lL7zZ8xX9cC0vB1nN2mQ3wE4rR5tT6yY7uU8iI9oO0pP1aS2dF3gG4hH5jJ6kK7l4hH5jJ6kK7lL8zX9cV0bN1nM2qW3eR4tT5yU6iI7oO8pP9aS0dF1gG2hH3jJ4kK5lL6zZ7xX8cC9vV0bB1nN2mM3qW4eR5tT6yU7iI8oO9pP0aS1dF2gG3hH4jJ5kK6lL7zZ8xX9cC0vB1nN2mQ3wE4rR5tT6yY7uU8iI9oO0pP1aS2dF3gG4hH5jJ6kK7lL8zX9cV0bN1nM2qW3eR4tT5yU6iI7oO8pP9aS0dF1gG2hH3jJ4kK5lL6zZ7xX8cC9vV0bB1nN2mM3qW4eR5tT6yU7iI8oO9pP0aS1dF2gG3hH4jJ5kK6lL7zZ8xX9cC0vB1nN2mQ3wE4rR5tT6yY7uU8iI9oO0pP1aS2dF3gG4hH5jJ6kK7l4hH5jJ6kK7lL8zX9cV0bN1nM2qW3eR4tT5yU6iI7oO8pP9aS0dF1gG2hH3jJ4kK5lL6z7nB9vR2mX8kLp4QjW3tY5zH1aG6sF9dD0fS8gA7hJ6kL5mN4bV3vC2xZ1oP9iU8uY7tT6rR5eE4wW3qQ2aZ1sX2dC3fV4gB5hN6jM7kL8pO9iU0yT1rE2wQ3aS4dF5gG6hH7jJ8kK9lL0zZ1xX2cC3vV4bB5nN6mM7qQ8wW9eE0rR1tT2yY3uU4iI5oO6pP7aA8sS9dD0fF1gG2hH3jJ4kK5lL6zZ7xX8cC9vV0bB1nN2mM3qW4eR5tT6yU7iI8oO9pP0aS1dF2gG3hH4jJ5kK6lL7zZ8xX9cC0vB1nN2mQ3wE4rR5tT6yY7uU8iI9oO0pP1aS2dF3gG4hH5jJ6kK7lL8zX9cV0bN1nM2qW3eR4tT5yU6iI7oO8pP9aS0dF1gG2hH3jJ4kK5lL6zZ7xX8cC9vV0bB1nN2mM3qW4eR5tT6yU7iI8oO9pP0aS1dF2gG3hH4jJ5kK6lL7zZ8xX9cC0vB1nN2mQ3wE4rR5tT6yY7uU8iI9oO0pP1aS2dF3gG4hH5jJ6kK7lL8zX9cV0bN1nM2qW3eR4tT5yU6iI7oO8pP9aS0dF1gG2hH3jJ4kK5lL6zZ7xX8cC9vV0bB1nN2mM3qW4eR5tT6yU7iI8oO9pP0aS1dF2gG3hH4jJ5kK6lL7zZ8xX9cC0vB1nN2mQ3wE4rR5tT6yY7uU8iI9oO0pP1aS2dF3gG4hH5jJ6kK7lL8zX9cV0bN1nM2qW3eR4tT5yU6iI7oO8pP9aS0dF1gG2hH3jJ4kK5lL6zZ7xX8cC9vV0bB1nN2mM3qW4eR5tT6yU7iI8oO9pP0aS1dF2gG3hH4jJ5kK6lL7zZ8xX9cC0vB1nN2mQ3wE4rR5tT6yY7uU8iI9oO0pP1aS2dF3gG4hH5jJ6kK7lL8zX9cV0bN1nM2qW3eR4tT5yU6iI7oO8pP9aS0dF1gG2hH3jJ4kK5lL6zZ7xX8cC9vV0bB1nN2mM3qW4eR5tT6yU7iI8oO9pP0aS1dF2gG3hH4jJ5kK6lL7zZ8xX9cC0vB1nN2mQ3wE4rR5tT6yY7uU8iI9oO0pP1aS2dF3gG4hH5jJ6kK7l4hH5jJ6kK7lL8zX9cV0bN1nM2qW3eR4tT5yU6iI7oO8pP9aS0dF1gG2hH3jJ4kK5lL6zZ7xX8cC9vV0bB1nN2mM3qW4eR5tT6yU7iI8oO9pP0aS1dF2gG3hH4jJ5kK6lL7zZ8xX9cC0vB1nN2mQ3wE4rR5tT6yY7uU8iI9oO0pP1aS2dF3gG4hH5jJ6kK7lL8zX9cV0bN1nM2qW3eR4tT5yU6iI7oO8pP9aS0dF1gG2hH3jJ4kK5lL6zZ7xX8cC9vV0bB1nN2mM3qW4eR5tT6yU7iI8oO9pP0aS1dF2gG3hH4jJ5kK6lL7zZ8xX9cC0vB1nN2mQ3wE4rR5tT6yY7uU8iI9oO0pP1aS2dF3gG4hH5jJ6kK7l4hH5jJ6kK7lL8zX9cV0bN1nM2qW3eR4tT5yU6iI7oO8pP9aS0dF1gG2hH3jJ4kK5lL6zZ7xX8cC9vV0bB1nN2mM3qW4eR5tT6yU7iI8oO9pP0aS1dF2gG3hH4jJ5kK6lL7zZ8xX9cC0vB1nN2mQ3wE4rR5tT6yY7uU8iI9oO0pP1aS2dF3gG4hH5jJ6kK7lL8zX9cV0bN1nM2qW3eR4tT5yU6iI7oO8pP9aS0dF1gG2hH3jJ4kK5lL6zZ7xX8cC9vV0bB1nN2mM3qW4eR5tT6yU7iI8oO9pP0aS1dF2gG3hH4jJ5kK6lL7zZ8xX9cC0vB1nN2mQ3wE4rR5tT6yY7uU8iI9oO0pP1aS2dF3gG4hH5jJ6kK7l4hH5jJ6kK7lL8zX9cV0bN1nM2qW3eR4tT5yU6iI7oO8pP9aS0dF1gG2hH3jJ4kK5lL6zZ7xX8cC9vV0bB1nN2mM3qW4eR5tT6yU7iI8oO9pP0aS1dF2gG3hH4jJ5kK6lL7zZ8xX9cC0vB1nN2mQ3wE4rR5tT6yY7uU8iI9oO0pP1aS2dF3gG4hH5jJ6kK7lL8zX9cV0bN1nM2qW3eR4tT5yU6iI7oO8pP9aS0dF1gG2hH3jJ4kK5lL6zZ7xX8cC9vV0bB1nN2mM3qW4eR5tT6yU7iI8oO9pP0aS1dF2gG3hH4jJ5kK6lL7zZ8xX9cC0vB1nN2mQ3wE4rR5tT6yY7uU8iI9oO0pP1aS2dF3gG4hH5jJ6kK7l4hH5jJ6kK7lL8zX9cV0bN1nM2qW3eR4tT5yU6iI7oO8pP9aS0dF1gG2hH3jJ4kK5lL6zZ7xX8cC9vV0bB1nN2mM3qW4eR5tT6yU7iI8oO9pP0aS1dF2gG3hH4jJ5kK6lL7zZ8xX9cC0vB1nN2mQ3wE4rR5tT6yY7uU8iI9oO0pP1aS2dF3gG4hH5jJ6kK7lL8zX9cV0bN1nM2qW3eR4tT5yU6iI7oO8pP9aS0dF1gG2hH3jJ4kK5lL6zZ7xX8cC9vV0bB1nN2mM3qW4eR5tT6yU7iI8oO9pP0aS1dF2gG3hH4jJ5kK6lL7zZ8xX9cC0vB1nN2mQ3wE4rR5tT6yY7uU8iI9oO0pP1aS2dF3gG4hH5jJ6kK7l4hH5jJ6kK7lL8zX9cV0bN1nM2qW3eR4tT5yU6iI7oO8pP9aS0dF1gG2hH3jJ4kK5lL6zZ7xX8cC9vV0bB1nN2mM3qW4eR5tT6yU7iI8oO9pP0aS1dF2gG3hH4jJ5kK6lL7zZ8xX9cC0vB1nN2mQ3wE4rR5tT6yY7uU8iI9oO0pP1aS2dF3gG4hH5jJ6kK7lL8zX9cV0bN1nM2qW3eR4tT5yU6iI7oO8pP9aS0dF1gG2hH3jJ4kK5lL6zZ7xX8cC9vV0bB1nN2mM3qW4eR5tT6yU7iI8oO9pP0aS1dF2gG3hH4jJ5kK6lL7zZ8xX9cC0vB1nN2mQ3wE4rR5tT6yY7uU8iI9oO0pP1aS2dF3gG4hH5jJ6kK7l4hH5jJ6kK7lL8zX9cV0bN1nM2qW3eR4tT5yU6iI7oO8pP9aS0dF1gG2hH3jJ4kK5lL6zZ7xX8cC9vV0bB1nN2mM3qW4eR5tT6yU7iI8oO9pP0aS1dF2gG3hH4jJ5kK6lL7zZ8xX9cC0vB1nN2mQ3wE4rR5tT6yY7uU8iI9oO0pP1aS2dF3gG4hH5jJ6kK7lL8zX9cV0bN1nM2qW3eR4tT5yU6iI7oO8pP9aS0dF1gG2hH3jJ4kK5lL6zZ7xX8cC9vV0bB1nN2mM3qW4eR5tT6yU7iI8oO9pP0aS1dF2gG3hH4jJ5kK6lL7zZ8xX9cC0vB1nN2mQ3wE4rR5tT6yY7uU8iI9oO0pP1aS2dF3gG4hH5jJ6kK7l4hH5jJ6kK7lL8zX9cV0bN1nM2qW3eR4tT5yU6iI7oO8pP9aS0dF1gG2hH3jJ4kK5lL6zZ7xX8cC9vV0bB1nN2mM3qW4eR5tT6yU7iI8oO9pP0aS1dF2gG3hH4jJ5kK6lL7zZ8xX9cC0vB1nN2mQ3wE4rR5tT6yY7uU8iI9oO0pP1aS2dF3gG4hH5jJ6kK7lL8zX9cV0bN1nM2qW3eR4tT5yU6iI7oO8pP9aS0dF1gG2hH3jJ4kK5lL6zZ7xX8cC9vV0bB1nN2mM3qW4eR5tT6yU7iI8oO9pP0aS1dF2gG3hH4jJ5kK6lL7zZ8xX9cC0vB1nN2mQ3wE4rR5tT6yY7uU8iI9oO0pP1aS2dF3gG4hH5jJ6kK7l4hH5jJ6kK7lL8zX9cV0bN1nM2qW3eR4tT5yU6iI7oO8pP9aS0dF1gG2hH3jJ4kK5lL6z7nB9vR2mX8kLp4QjW3tY5zH1aG6sF9dD0fS8gA7hJ6kL5mN4bV3vC2xZ1oP9iU8uY7tT6rR5eE4wW3qQ2aZ1sX2dC3fV4gB5hN6jM7kL8pO9iU0yT1rE2wQ3aS4dF5gG6hH7jJ8kK9lL0zZ1xX2cC3vV4bB5nN6mM7qQ8wW9eE0rR1tT2yY3uU4iI5oO6pP7aA8sS9dD0fF1gG2hH3jJ4kK5lL6zZ7xX8cC9vV0bB1nN2mM3qW4eR5tT6yU7iI8oO9pP0aS1dF2gG3hH4jJ5kK6lL7zZ8xX9cC0vB1nN2mQ3wE4rR5tT6yY7uU8iI9oO0pP1aS2dF3gG4hH5jJ6kK7lL8zX9cV0bN1nM2qW3eR4tT5yU6iI7oO8pP9aS0dF1gG2hH3jJ4kK5lL6zZ7xX8cC9vV0bB1nN2mM3qW4eR5tT6yU7iI8oO9pP0aS1dF2gG3hH4jJ5kK6lL7zZ8xX9cC0vB1nN2mQ3wE4rR5tT6yY7uU8iI9oO0pP1aS2dF3gG4hH5jJ6kK7lL8zX9cV0bN1nM2qW3eR4tT5yU6iI7oO8pP9aS0dF1gG2hH3jJ4kK5lL6zZ7xX8cC9vV0bB1nN2mM3qW4eR5tT6yU7iI8oO9pP0aS1dF2gG3hH4jJ5kK6lL7zZ8xX9cC0vB1nN2mQ3wE4rR5tT6yY7uU8iI9oO0pP1aS2dF3gG4hH5jJ6kK7lL8zX9cV0bN1nM2qW3eR4tT5yU6iI7oO8pP9aS0dF1gG2hH3jJ4kK5lL6zZ7xX8cC9vV0bB1nN2mM3qW4eR5tT6yU7iI8oO9pP0aS1dF2gG3hH4jJ5kK6lL7zZ8xX9cC0vB1nN2mQ3wE4rR5tT6yY7uU8iI9oO0pP1aS2dF3gG4hH5jJ6kK7lL8zX9cV0bN1nM2qW3eR4tT5yU6iI7oO8pP9aS0dF1gG2hH3jJ4kK5lL6zZ7xX8cC9vV0bB1nN2mM3qW4eR5tT6yU7iI8oO9pP0aS1dF2gG3hH4jJ5kK6lL7zZ8xX9cC0vB1nN2mQ3wE4rR5tT6yY7uU8iI9oO0pP1aS2dF3gG4hH5jJ6kK7l4hH5jJ6kK7lL8zX9cV0bN1nM2qW3eR4tT5yU6iI7oO8pP9aS0dF1gG2hH3jJ4kK5lL6zZ7xX8cC9vV0bB1nN2mM3qW4eR5tT6yU7iI8oO9pP0aS1dF2gG3hH4jJ5kK6lL7zZ8xX9cC0vB1nN2mQ3wE4rR5tT6yY7uU8iI9oO0pP1aS2dF3gG4hH5jJ6kK7lL8zX9cV0bN1nM2qW3eR4tT5yU6iI7oO8pP9aS0dF1gG2hH3jJ4kK5lL6zZ7xX8cC9vV0bB1nN2mM3qW4eR5tT6yU7iI8oO9pP0aS1dF2gG3hH4jJ5kK6lL7zZ8xX9cC0vB1nN2mQ3wE4rR5tT6yY7uU8iI9oO0pP1aS2dF3gG4hH5jJ6kK7l4hH5jJ6kK7lL8zX9cV0bN1nM2qW3eR4tT5yU6iI7oO8pP9aS0dF1gG2hH3jJ4kK5lL6zZ7xX8cC9vV0bB1nN2mM3qW4eR5tT6yU7iI8oO9pP0aS1dF2gG3hH4jJ5kK6lL7zZ8xX9cC0vB1nN2mQ3wE4rR5tT6yY7uU8iI9oO0pP1aS2dF3gG4hH5jJ6kK7lL8zX9cV0bN1nM2qW3eR4tT5yU6iI7oO8pP9aS0dF1gG2hH3jJ4kK5lL6zZ7xX8cC9vV0bB1nN2mM3qW4eR5tT6yU7iI8oO9pP0aS1dF2gG3hH4jJ5kK6lL7zZ8xX9cC0vB1nN2mQ3wE4rR5tT6yY7uU8iI9oO0pP1aS2dF3gG4hH5jJ6kK7l4hH5jJ6kK7lL8zX9cV0bN1nM2qW3eR4tT5yU6iI7oO8pP9aS0dF1gG2hH3jJ4kK5lL6zZ7xX8cC9vV0bB1nN2mM3qW4eR5tT6yU7iI8oO9pP0aS1dF2gG3hH4jJ5kK6lL7zZ8xX9cC0vB1nN2mQ3wE4rR5tT6yY7uU8iI9oO0pP1aS2dF3gG4hH5jJ6kK7lL8zX9cV0bN1nM2qW3eR4tT5yU6iI7oO8pP9aS0dF1gG2hH3jJ4kK5lL6zZ7xX8cC9vV0bB1nN2mM3qW4eR5tT6yU7iI8oO9pP0aS1dF2gG3hH4jJ5kK6lL7zZ8xX9cC0vB1nN2mQ3wE4rR5tT6yY7uU8iI9oO0pP1aS2dF3gG4hH5jJ6kK7l4hH5jJ6kK7lL8zX9cV0bN1nM2qW3eR4tT5yU6iI7oO8pP9aS0dF1gG2hH3jJ4kK5lL6zZ7xX8cC9vV0bB1nN2mM3qW4eR5tT6yU7iI8oO9pP0aS1dF2gG3hH4jJ5kK6lL7zZ8xX9cC0vB1nN2mQ3wE4rR5tT6yY7uU8iI9oO0pP1aS2dF3gG4hH5jJ6kK7lL8zX9cV0bN1nM2qW3eR4tT5yU6iI7oO8pP9aS0dF1gG2hH3jJ4kK5lL6zZ7xX8cC9vV0bB1nN2mM3qW4eR5tT6yU7iI8oO9pP0aS1dF2gG3hH4jJ5kK6lL7zZ8xX9cC0vB1nN2mQ3wE4rR5tT6yY7uU8iI9oO0pP1aS2dF3gG4hH5jJ6kK7l4hH5jJ6kK7lL8zX9cV0bN1nM2qW3eR4tT5yU6iI7oO8pP9aS0dF1gG2hH3jJ4kK5lL6zZ7xX8cC9vV0bB1nN2mM3qW4eR5tT6yU7iI8oO9pP0aS1dF2gG3hH4jJ5kK6lL7zZ8xX9cC0vB1nN2mQ3wE4rR5tT6yY7uU8iI9oO0pP1aS2dF3gG4hH5jJ6kK7lL8zX9cV0bN1nM2qW3eR4tT5yU6iI7oO8pP9aS0dF1gG2hH3jJ4kK5lL6zZ7xX8cC9vV0bB1nN2mM3qW4eR5tT6yU7iI8oO9pP0aS1dF2gG3hH4jJ5kK6lL7zZ8xX9cC0vB1nN2mQ3wE4rR5tT6yY7uU8iI9oO0pP1aS2dF3gG4hH5jJ6kK7l4hH5jJ6kK7lL8zX9cV0bN1nM2qW3eR4tT5yU6iI7oO8pP9aS0dF1gG2hH3jJ4kK5lL6zZ7xX8cC9vV0bB1nN2mM3qW4eR5tT6yU7iI8oO9pP0aS1dF2gG3hH4jJ5kK6lL7zZ8xX9cC0vB1nN2mQ3wE4rR5tT6yY7uU8iI9oO0pP1aS2dF3gG4hH5jJ6kK7lL8zX9cV0bN1nM2qW3eR4tT5yU6iI7oO8pP9aS0dF1gG2hH3jJ4kK5lL6zZ7xX8cC9vV0bB1nN2mM3qW4eR5tT6yU7iI8oO9pP0aS1dF2gG3hH4jJ5kK6lL7zZ8xX9cC0vB1nN2mQ3wE4rR5tT6yY7uU8iI9oO0pP1aS2dF3gG4hH5jJ6kK7l4hH5jJ6kK7lL8zX9cV0bN1nM2qW3eR4tT5yU6iI7oO8pP9aS0dF1gG2hH3jJ4kK5lL6zZ7xX8cC9vV0bB1nN2mM3qW4eR5tT6yU7iI8oO9pP0aS1dF2gG3hH4jJ5kK6lL7zZ8xX9cC0vB1nN2mQ3wE4rR5tT6yY7uU8iI9oO0pP1aS2dF3gG4hH5jJ6kK7lL8zX9cV0bN1nM2qW3eR4tT5yU6iI7oO8pP9aS0dF1gG2hH3jJ4kK5lL6zZ7xX8cC9vV0bB1nN2mM3qW4eR5tT6yU7iI8oO9pP0aS1dF2gG3hH4jJ5kK6lL7zZ8xX9cC0vB1nN2mQ3wE4rR5tT6yY7uU8iI9oO0pP1aS2dF3gG4hH5jJ6kK7l4hH5jJ6kK7lL8zX9cV0bN1nM2qW3eR4tT5yU6iI7oO8pP9aS0dF1gG2hH3jJ4kK5lL6z7nB9vR2mX8kLp4QjW3tY5zH1aG6sF9dD0fS8gA7hJ6kL5mN4bV3vC2xZ1oP9iU8uY7tT6rR5eE4wW3qQ2aZ1sX2dC3fV4gB5hN6jM7kL8pO9iU0yT1rE2wQ3aS4dF5gG6hH7jJ8kK9lL0zZ1xX2cC3vV4bB5nN6mM7qQ8wW9eE0rR1tT2yY3uU4iI5oO6pP7aA8sS9dD0fF1gG2hH3jJ4kK5lL6zZ7xX8cC9vV0bB1nN2mM3qW4eR5tT6yU7iI8oO9pP0aS1dF2gG3hH4jJ5kK6lL7zZ8xX9cC0vB1nN2mQ3wE4rR5tT6yY7uU8iI9oO0pP1aS2dF3gG4hH5jJ6kK7lL8zX9cV0bN1nM2qW3eR4tT5yU6iI7oO8pP9aS0dF1gG2hH3jJ4kK5lL6zZ7xX8cC9vV0bB1nN2mM3qW4eR5tT6yU7iI8oO9pP0aS1dF2gG3hH4jJ5kK6lL7zZ8xX9cC0vB1nN2mQ3wE4rR5tT6yY7uU8iI9oO0pP1aS2dF3gG4hH5jJ6kK7lL8zX9cV0bN1nM2qW3eR4tT5yU6iI7oO8pP9aS0dF1gG2hH3jJ4kK5lL6zZ7xX8cC9vV0bB1nN2mM3qW4eR5tT6yU7iI8oO9pP0aS1dF2gG3hH4jJ5kK6lL7zZ8xX9cC0vB1nN2mQ3wE4rR5tT6yY7uU8iI9oO0pP1aS2dF3gG4hH5jJ6kK7lL8zX9cV0bN1nM2qW3eR4tT5yU6iI7oO8pP9aS0dF1gG2hH3jJ4kK5lL6zZ7xX8cC9vV0bB1nN2mM3qW4eR5tT6yU7iI8oO9pP0aS1dF2gG3hH4jJ5kK6lL7zZ8xX9cC0vB1nN2mQ3wE4rR5tT6yY7uU8iI9oO0pP1aS2dF3gG4hH5jJ6kK7lL8zX9cV0bN1nM2qW3eR4tT5yU6iI7oO8pP9aS0dF1gG2hH3jJ4kK5lL6zZ7xX8cC9vV0bB1nN2mM3qW4eR5tT6yU7iI8oO9pP0aS1dF2gG3hH4jJ5kK6lL7zZ8xX9cC0vB1nN2mQ3wE4rR5tT6yY7uU8iI9oO0pP1aS2dF3gG4hH5jJ6kK7l4hH5jJ6kK7lL8zX9cV0bN1nM2qW3eR4tT5yU6iI7oO8pP9aS0dF1gG2hH3jJ4kK5lL6zZ7xX8cC9vV0bB1nN2mM3qW4eR5tT6yU7iI8oO9pP0aS1dF2gG3hH4jJ5kK6lL7zZ8xX9cC0vB1nN2mQ3wE4rR5tT6yY7uU8iI9oO0pP1aS2dF3gG4hH5jJ6kK7lL8zX9cV0bN1nM2qW3eR4tT5yU6iI7oO8pP9aS0dF1gG2hH3jJ4kK5lL6zZ7xX8cC9vV0bB1nN2mM3qW4eR5tT6yU7iI8oO9pP0aS1dF2gG3hH4jJ5kK6lL7zZ8xX9cC0vB1nN2mQ3wE4rR5tT6yY7uU8iI9oO0pP1aS2dF3gG4hH5jJ6kK7l4hH5jJ6kK7lL8zX9cV0bN1nM2qW3eR4tT5yU6iI7oO8pP9aS0dF1gG2hH3jJ4kK5lL6zZ7xX8cC9vV0bB1nN2mM3qW4eR5tT6yU7iI8oO9pP0aS1dF2gG3hH4jJ5kK6lL7zZ8xX9cC0vB1nN2mQ3wE4rR5tT6yY7uU8iI9oO0pP1aS2dF3gG4hH5jJ6kK7lL8zX9cV0bN1nM2qW3eR4tT5yU6iI7oO8pP9aS0dF1gG2hH3jJ4kK5lL6zZ7xX8cC9vV0bB1nN2mM3qW4eR5tT6yU7iI8oO9pP0aS1dF2gG3hH4jJ5kK6lL7zZ8xX9cC0vB1nN2mQ3wE4rR5tT6yY7uU8iI9oO0pP1aS2dF3gG4hH5jJ6kK7l4hH5jJ6kK7lL8zX9cV0bN1nM2qW3eR4tT5yU6iI7oO8pP9aS0dF1gG2hH3jJ4kK5lL6zZ7xX8cC9vV0bB1nN2mM3qW4eR5tT6yU7iI8oO9pP0aS1dF2gG3hH4jJ5kK6lL7zZ8xX9cC0vB1nN2mQ3wE4rR5tT6yY7uU8iI9oO0pP1aS2dF3gG4hH5jJ6kK7lL8zX9cV0bN1nM2qW3eR4tT5yU6iI7oO8pP9aS0dF1gG2hH3jJ4kK5lL6zZ7xX8cC9vV0bB1nN2mM3qW4eR5tT6yU7iI8oO9pP0aS1dF2gG3hH4jJ5kK6lL7zZ8xX9cC0vB1nN2mQ3wE4rR5tT6yY7uU8iI9oO0pP1aS2dF3gG4hH5jJ6kK7l4hH5jJ6kK7lL8zX9cV0bN1nM2qW3eR4tT5yU6iI7oO8pP9aS0dF1gG2hH3jJ4kK5lL6zZ7xX8cC9vV0bB1nN2mM3qW4eR5tT6yU7iI8oO9pP0aS1dF2gG3hH4jJ5kK6lL7zZ8xX9cC0vB1nN2mQ3wE4rR5tT6yY7uU8iI9oO0pP1aS2dF3gG4hH5jJ6kK7lL8zX9cV0bN1nM2qW3eR4tT5yU6iI7oO8pP9aS0dF1gG2hH3jJ4kK5lL6zZ7xX8cC9vV0bB1nN2mM3qW4eR5tT6yU7iI8oO9pP0aS1dF2gG3hH4jJ5kK6lL7zZ8xX9cC0vB1nN2mQ3wE4rR5tT6yY7uU8iI9oO0pP1aS2dF3gG4hH5jJ6kK7l4hH5jJ6kK7lL8zX9cV0bN1nM2qW3eR4tT5yU6iI7oO8pP9aS0dF1gG2hH3jJ4kK5lL6zZ7xX8cC9vV0bB1nN2mM3qW4eR5tT6yU7iI8oO9pP0aS1dF2gG3hH4jJ5kK6lL7zZ8xX9cC0vB1nN2mQ3wE4rR5tT6yY7uU8iI9oO0pP1aS2dF3gG4hH5jJ6kK7lL8zX9cV0bN1nM2qW3eR4tT5yU6iI7oO8pP9aS0dF1gG2hH3jJ4kK5lL6zZ7xX8cC9vV0bB1nN2mM3qW4eR5tT6yU7iI8oO9pP0aS1dF2gG3hH4jJ5kK6lL7zZ8xX9cC0vB1nN2mQ3wE4rR5tT6yY7uU8iI9oO0pP1aS2dF3gG4hH5jJ6kK7l4hH5jJ6kK7lL8zX9cV0bN1nM2qW3eR4tT5yU6iI7oO8pP9aS0dF1gG2hH3jJ4kK5lL6zZ7xX8cC9vV0bB1nN2mM3qW4eR5tT6yU7iI8oO9pP0aS1dF2gG3hH4jJ5kK6lL7zZ8xX9cC0vB1nN2mQ3wE4rR5tT6yY7uU8iI9oO0pP1aS2dF3gG4hH5jJ6kK7lL8zX9cV0bN1nM2qW3eR4tT5yU6iI7oO8pP9aS0dF1gG2hH3jJ4kK5lL6zZ7xX8cC9vV0bB1nN2mM3qW4eR5tT6yU7iI8oO9pP0aS1dF2gG3hH4jJ5kK6lL7zZ8xX9cC0vB1nN2mQ3wE4rR5tT6yY7uU8iI9oO0pP1aS2dF3gG4hH5jJ6kK7l4hH5jJ6kK7lL8zX9cV0bN1nM2qW3eR4tT5yU6iI7oO8pP9aS0dF1gG2hH3jJ4kK5lL6zZ7xX8cC9vV0bB1nN2mM3qW4eR5tT6yU7iI8oO9pP0aS1dF2gG3hH4jJ5kK6lL7zZ8xX9cC0vB1nN2mQ3wE4rR5tT6yY7uU8iI9oO0pP1aS2dF3gG4hH5jJ6kK7lL8zX9cV0bN1nM2qW3eR4tT5yU6iI7oO8pP9aS0dF1gG2hH3jJ4kK5lL6zZ7xX8cC9vV0bB1nN2mM3qW4eR5tT6yU7iI8oO9pP0aS1dF2gG3hH4jJ5kK6lL7zZ8xX9cC0vB1nN2mQ3wE4rR5tT6yY7uU8iI9oO0pP1aS2dF3gG4hH5jJ6kK7l4hH5jJ6kK7lL8zX9cV0bN1nM2qW3eR4tT5yU6iI7oO8pP9aS0dF1gG2hH3jJ4kK5lL6z7nB9vR2mX8kLp4QjW3tY5zH1aG6sF9dD0fS8gA7hJ6kL5mN4bV3vC2xZ1oP9iU8uY7tT6rR5eE4wW3qQ2aZ1sX2dC3fV4gB5hN6jM7kL8pO9iU0yT1rE2wQ3aS4dF5gG6hH7jJ8kK9lL0zZ1xX2cC3vV4bB5nN6mM7qQ8wW9eE0rR1tT2yY3uU4iI5oO6pP7aA8sS9dD0fF1gG2hH3jJ4kK5lL6zZ7xX8cC9vV0bB1nN2mM3qW4eR5tT6yU7iI8oO9pP0aS1dF2gG3hH4jJ5kK6lL7zZ8xX9cC0vB1nN2mQ3wE4rR5tT6yY7uU8iI9oO0pP1aS2dF3gG4hH5jJ6kK7lL8zX9cV0bN1nM2qW3eR4tT5yU6iI7oO8pP9aS0dF1gG2hH3jJ4kK5lL6zZ7xX8cC9vV0bB1nN2mM3qW4eR5tT6yU7iI8oO9pP0aS1dF2gG3hH4jJ5kK6lL7zZ8xX9cC0vB1nN2mQ3wE4rR5tT6yY7uU8iI9oO0pP1aS2dF3gG4hH5jJ6kK7lL8zX9cV0bN1nM2qW3eR4tT5yU6iI7oO8pP9aS0dF1gG2hH3jJ4kK5lL6zZ7xX8cC9vV0bB1nN2mM3qW4eR5tT6yU7iI8oO9pP0aS1dF2gG3hH4jJ5kK6lL7zZ8xX9cC0vB1nN2mQ3wE4rR5tT6yY7uU8iI9oO0pP1aS2dF3gG4hH5jJ6kK7lL8zX9cV0bN1nM2qW3eR4tT5yU6iI7oO8pP9aS0dF1gG2hH3jJ4kK5lL6zZ7xX8cC9vV0bB1nN2mM3qW4eR5tT6yU7iI8oO9pP0aS1dF2gG3hH4jJ5kK6lL7zZ8xX9cC0vB1nN2mQ3wE4rR5tT6yY7uU8iI9oO0pP1aS2dF3gG4hH5jJ6kK7lL8zX9cV0bN1nM2qW3eR4tT5yU6iI7oO8pP9aS0dF1gG2hH3jJ4kK5lL6zZ7xX8cC9vV0bB1nN2mM3qW4eR5tT6yU7iI8oO9pP0aS1dF2gG3hH4jJ5kK6lL7zZ8xX9cC0vB1nN2mQ3wE4rR5tT6yY7uU8iI9oO0pP1aS2dF3gG4hH5jJ6kK7l4hH5jJ6kK7lL8zX9cV0bN1nM2qW3eR4tT5yU6iI7oO8pP9aS0dF1gG2hH3jJ4kK5lL6zZ7xX8cC9vV0bB1nN2mM3qW4eR5tT6yU7iI8oO9pP0aS1dF2gG3hH4jJ5kK6lL7zZ8xX9cC0vB1nN2mQ3wE4rR5tT6yY7uU8iI9oO0pP1aS2dF3gG4hH5jJ6kK7lL8zX9cV0bN1nM2qW3eR4tT5yU6iI7oO8pP9aS0dF1gG2hH3jJ4kK5lL6zZ7xX8cC9vV0bB1nN2mM3qW4eR5tT6yU7iI8oO9pP0aS1dF2gG3hH4jJ5kK6lL7zZ8xX9cC0vB1nN2mQ3wE4rR5tT6yY7uU8iI9oO0pP1aS2dF3gG4hH5jJ6kK7l4hH5jJ6kK7lL8zX9cV0bN1nM2qW3eR4tT5yU6iI7oO8pP9aS0dF1gG2hH3jJ4kK5lL6zZ7xX8cC9vV0bB1nN2mM3qW4eR5tT6yU7iI8oO9pP0aS1dF2gG3hH4jJ5kK6lL7zZ8xX9cC0vB1nN2mQ3wE4rR5tT6yY7uU8iI9oO0pP1aS2dF3gG4hH5jJ6kK7lL8zX9cV0bN1nM2qW3eR4tT5yU6iI7oO8pP9aS0dF1gG2hH3jJ4kK5lL6zZ7xX8cC9vV0bB1nN2mM3qW4eR5tT6yU7iI8oO9pP0aS1dF2gG3hH4jJ5kK6lL7zZ8xX9cC0vB1nN2mQ3wE4rR5tT6yY7uU8iI9oO0pP1aS2dF3gG4hH5jJ6kK7l4hH5jJ6kK7lL8zX9cV0bN1nM2qW3eR4tT5yU6iI7oO8pP9aS0dF1gG2hH3jJ4kK5lL6zZ7xX8cC9vV0bB1nN2mM3qW4eR5tT6yU7iI8oO9pP0aS1dF2gG3hH4jJ5kK6lL7zZ8xX9cC0vB1nN2mQ3wE4rR5tT6yY7uU8iI9oO0pP1aS2dF3gG4hH5jJ6kK7lL8zX9cV0bN1nM2qW3eR4tT5yU6iI7oO8pP9aS0dF1gG2hH3jJ4kK5lL6zZ7xX8cC9vV0bB1nN2mM3qW4eR5tT6yU7iI8oO9pP0aS1dF2gG3hH4jJ5kK6lL7zZ8xX9cC0vB1nN2mQ3wE4rR5tT6yY7uU8iI9oO0pP1aS2dF3gG4hH5jJ6kK7l4hH5jJ6kK7lL8zX9cV0bN1nM2qW3eR4tT5yU6iI7oO8pP9aS0dF1gG2hH3jJ4kK5lL6zZ7xX8cC9vV0bB1nN2mM3qW4eR5tT6yU7iI8oO9pP0aS1dF2gG3hH4jJ5kK6lL7zZ8xX9cC0vB1nN2mQ3wE4rR5tT6yY7uU8iI9oO0pP1aS2dF3gG4hH5jJ6kK7lL8zX9cV0bN1nM2qW3eR4tT5yU6iI7oO8pP9aS0dF1gG2hH3jJ4kK5lL6zZ7xX8cC9vV0bB1nN2mM3qW4eR5tT6yU7iI8oO9pP0aS1dF2gG3hH4jJ5kK6lL7zZ8xX9cC0vB1nN2mQ3wE4rR5tT6yY7uU8iI9oO0pP1aS2dF3gG4hH5jJ6kK7l4hH5jJ6kK7lL8zX9cV0bN1nM2qW3eR4tT5yU6iI7oO8pP9aS0dF1gG2hH3jJ4kK5lL6zZ7xX8cC9vV0bB1nN2mM3qW4eR5tT6yU7iI8oO9pP0aS1dF2gG3hH4jJ5kK6lL7zZ8xX9cC0vB1nN2mQ3wE4rR5tT6yY7uU8iI9oO0pP1aS2dF3gG4hH5jJ6kK7lL8zX9cV0bN1nM2qW3eR4tT5yU6iI7oO8pP9aS0dF1gG2hH3jJ4kK5lL6zZ7xX8cC9vV0bB1nN2mM3qW4eR5tT6yU7iI8oO9pP0aS1dF2gG3hH4jJ5kK6lL7zZ8xX9cC0vB1nN2mQ3wE4rR5tT6yY7uU8iI9oO0pP1aS2dF3gG4hH5jJ6kK7l4hH5jJ6kK7lL8zX9cV0bN1nM2qW3eR4tT5yU6iI7oO8pP9aS0dF1gG2hH3jJ4kK5lL6zZ7xX8cC9vV0bB1nN2mM3qW4eR5tT6yU7iI8oO9pP0aS1dF2gG3hH4jJ5kK6lL7zZ8xX9cC0vB1nN2mQ3wE4rR5tT6yY7uU8iI9oO0pP1aS2dF3gG4hH5jJ6kK7lL8zX9cV0bN1nM2qW3eR4tT5yU6iI7oO8pP9aS0dF1gG2hH3jJ4kK5lL6zZ7xX8cC9vV0bB1nN2mM3qW4eR5tT6yU7iI8oO9pP0aS1dF2gG3hH4jJ5kK6lL7zZ8xX9cC0vB1nN2mQ3wE4rR5tT6yY7uU8iI9oO0pP1aS2dF3gG4hH5jJ6kK7l4hH5jJ6kK7lL8zX9cV0bN1nM2qW3eR4tT5yU6iI7oO8pP9aS0dF1gG2hH3jJ4kK5lL6zZ7xX8cC9vV0bB1nN2mM3qW4eR5tT6yU7iI8oO9pP0aS1dF2gG3hH4jJ5kK6lL7zZ8xX9cC0vB1nN2mQ3wE4rR5tT6yY7uU8iI9oO0pP1aS2dF3gG4hH5jJ6kK7lL8zX9cV0bN1nM2qW3eR4tT5yU6iI7oO8pP9aS0dF1gG2hH3jJ4kK5lL6zZ7xX8cC9vV0bB1nN2mM3qW4eR5tT6yU7iI8oO9pP0aS1dF2gG3hH4jJ5kK6lL7zZ8xX9cC0vB1nN2mQ3wE4rR5tT6yY7uU8iI9oO0pP1aS2dF3gG4hH5jJ6kK7l4hH5jJ6kK7lL8zX9cV0bN1nM2qW3eR4tT5yU6iI7oO8pP9aS0dF1gG2hH3jJ4kK5lL6z7nB9vR2mX8kLp4QjW3tY5zH1aG6sF9dD0fS8gA7hJ6kL5mN4bV3vC2xZ1oP9iU8uY7tT6rR5eE4wW3qQ2aZ1sX2dC3fV4gB5hN6jM7kL8pO9iU0yT1rE2wQ3aS4dF5gG6hH7jJ8kK9lL0zZ1xX2cC3vV4bB5nN6mM7qQ8wW9eE0rR1tT2yY3uU4iI5oO6pP7aA8sS9dD0fF1gG2hH3jJ4kK5lL6zZ7xX8cC9vV0bB1nN2mM3qW4eR5tT6yU7iI8oO9pP0aS1dF2gG3hH4jJ5kK6lL7zZ8xX9cC0vB1nN2mQ3wE4rR5tT6yY7uU8iI9oO0pP1aS2dF3gG4hH5jJ6kK7lL8zX9cV0bN1nM2qW3eR4tT5yU6iI7oO8pP9aS0dF1gG2hH3jJ4kK5lL6zZ7xX8cC9vV0bB1nN2mM3qW4eR5tT6yU7iI8oO9pP0aS1dF2gG3hH4jJ5kK6lL7zZ8xX9cC0vB1nN2mQ3wE4rR5tT6yY7uU8iI9oO0pP1aS2dF3gG4hH5jJ6kK7lL8zX9cV0bN1nM2qW3eR4tT5yU6iI7oO8pP9aS0dF1gG2hH3jJ4kK5lL6zZ7xX8cC9vV0bB1nN2mM3qW4eR5tT6yU7iI8oO9pP0aS1dF2gG3hH4jJ5kK6lL7zZ8xX9cC0vB1nN2mQ3wE4rR5tT6yY7uU8iI9oO0pP1aS2dF3gG4hH5jJ6kK7lL8zX9cV0bN1nM2qW3eR4tT5yU6iI7oO8pP9aS0dF1gG2hH3jJ4kK5lL6zZ7xX8cC9vV0bB1nN2mM3qW4eR5tT6yU7iI8oO9pP0aS1dF2gG3hH4jJ5kK6lL7zZ8xX9cC0vB1nN2mQ3wE4rR5tT6yY7uU8iI9oO0pP1aS2dF3gG4hH5jJ6kK7lL8zX9cV0bN1nM2qW3eR4tT5yU6iI7oO8pP9aS0dF1gG2hH3jJ4kK5lL6zZ7xX8cC9vV0bB1nN2mM3qW4eR5tT6yU7iI8oO9pP0aS1dF2gG3hH4jJ5kK6lL7zZ8xX9cC0vB1nN2mQ3wE4rR5tT6yY7uU8iI9oO0pP1aS2dF3gG4hH5jJ6kK7l4hH5jJ6kK7lL8zX9cV0bN1nM2qW3eR4tT5yU6iI7oO8pP9aS0dF1gG2hH3jJ4kK5lL6zZ7xX8cC9vV0bB1nN2mM3qW4eR5tT6yU7iI8oO9pP0aS1dF2gG3hH4jJ5kK6lL7zZ8xX9cC0vB1nN2mQ3wE4rR5tT6yY7uU8iI9oO0pP1aS2dF3gG4hH5jJ6kK7lL8zX9cV0bN1nM2qW3eR4tT5yU6iI7oO8pP9aS0dF1gG2hH3jJ4kK5lL6zZ7xX8cC9vV0bB1nN2mM3qW4eR5tT6yU7iI8oO9pP0aS1dF2gG3hH4jJ5kK6lL7zZ8xX9cC0vB1nN2mQ3wE4rR5tT6yY7uU8iI9oO0pP1aS2dF3gG4hH5jJ6kK7l4hH5jJ6kK7lL8zX9cV0bN1nM2qW3eR4tT5yU6iI7oO8pP9aS0dF1gG2hH3jJ4kK5lL6zZ7xX8cC9vV0bB1nN2mM3qW4eR5tT6yU7iI8oO9pP0aS1dF2gG3hH4jJ5kK6lL7zZ8xX9cC0vB1nN2mQ3wE4rR5tT6yY7uU8iI9oO0pP1aS2dF3gG4hH5jJ6kK7lL8zX9cV0bN1nM2qW3eR4tT5yU6iI7oO8pP9aS0dF1gG2hH3jJ4kK5lL6zZ7xX8cC9vV0bB1nN2mM3qW4eR5tT6yU7iI8oO9pP0aS1dF2gG3hH4jJ5kK6lL7zZ8xX9cC0vB1nN2mQ3wE4rR5tT6yY7uU8iI9oO0pP1aS2dF3gG4hH5jJ6kK7l4hH5jJ6kK7lL8zX9cV0bN1nM2qW3eR4tT5yU6iI7oO8pP9aS0dF1gG2hH3jJ4kK5lL6zZ7xX8cC9vV0bB1nN2mM3qW4eR5tT6yU7iI8oO9pP0aS1dF2gG3hH4jJ5kK6lL7zZ8xX9cC0vB1nN2mQ3wE4rR5tT6yY7uU8iI9oO0pP1aS2dF3gG4hH5jJ6kK7lL8zX9cV0bN1nM2qW3eR4tT5yU6iI7oO8pP9aS0dF1gG2hH3jJ4kK5lL6zZ7xX8cC9vV0bB1nN2mM3qW4eR5tT6yU7iI8oO9pP0aS1dF2gG3hH4jJ5kK6lL7zZ8xX9cC0vB1nN2mQ3wE4rR5tT6yY7uU8iI9oO0pP1aS2dF3gG4hH5jJ6kK7l4hH5jJ6kK7lL8zX9cV0bN1nM2qW3eR4tT5yU6iI7oO8pP9aS0dF1gG2hH3jJ4kK5lL6zZ7xX8cC9vV0bB1nN2mM3qW4eR5tT6yU7iI8oO9pP0aS1dF2gG3hH4jJ5kK6lL7zZ8xX9cC0vB1nN2mQ3wE4rR5tT6yY7uU8iI9oO0pP1aS2dF3gG4hH5jJ6kK7lL8zX9cV0bN1nM2qW3eR4tT5yU6iI7oO8pP9aS0dF1gG2hH3jJ4kK5lL6zZ7xX8cC9vV0bB1nN2mM3qW4eR5tT6yU7iI8oO9pP0aS1dF2gG3hH4jJ5kK6lL7zZ8xX9cC0vB1nN2mQ3wE4rR5tT6yY7uU8iI9oO0pP1aS2dF3gG4hH5jJ6kK7l4hH5jJ6kK7lL8zX9cV0bN1nM2qW3eR4tT5yU6iI7oO8pP9aS0dF1gG2hH3jJ4kK5lL6zZ7xX8cC9vV0bB1nN2mM3qW4eR5tT6yU7iI8oO9pP0aS1dF2gG3hH4jJ5kK6lL7zZ8xX9cC0vB1nN2mQ3wE4rR5tT6yY7uU8iI9oO0pP1aS2dF3gG4hH5jJ6kK7lL8zX9cV0bN1nM2qW3eR4tT5yU6iI7oO8pP9aS0dF1gG2hH3jJ4kK5lL6zZ7xX8cC9vV0bB1nN2mM3qW4eR5tT6yU7iI8oO9pP0aS1dF2gG3hH4jJ5kK6lL7zZ8xX9cC0vB1nN2mQ3wE4rR5tT6yY7uU8iI9oO0pP1aS2dF3gG4hH5jJ6kK7l4hH5jJ6kK7lL8zX9cV0bN1nM2qW3eR4tT5yU6iI7oO8pP9aS0dF1gG2hH3jJ4kK5lL6zZ7xX8cC9vV0bB1nN2mM3qW4eR5tT6yU7iI8oO9pP0aS1dF2gG3hH4jJ5kK6lL7zZ8xX9cC0vB1nN2mQ3wE4rR5tT6yY7uU8iI9oO0pP1aS2dF3gG4hH5jJ6kK7lL8zX9cV0bN1nM2qW3eR4tT5yU6iI7oO8pP9aS0dF1gG2hH3jJ4kK5lL6zZ7xX8cC9vV0bB1nN2mM3qW4eR5tT6yU7iI8oO9pP0aS1dF2gG3hH4jJ5kK6lL7zZ8xX9cC0vB1nN2mQ3wE4rR5tT6yY7uU8iI9oO0pP1aS2dF3gG4hH5jJ6kK7l4hH5jJ6kK7lL8zX9cV0bN1nM2qW3eR4tT5yU6iI7oO8pP9aS0dF1gG2hH3jJ4kK5lL6zZ7xX8cC9vV0bB1nN2mM3qW4eR5tT6yU7iI8oO9pP0aS1dF2gG3hH4jJ5kK6lL7zZ8xX9cC0vB1nN2mQ3wE4rR5tT6yY7uU8iI9oO0pP1aS2dF3gG4hH5jJ6kK7lL8zX9cV0bN1nM2qW3eR4tT5yU6iI7oO8pP9aS0dF1gG2hH3jJ4kK5lL6zZ7xX8cC9vV0bB1nN2mM3qW4eR5tT6yU7iI8oO9pP0aS1dF2gG3hH4jJ5kK6lL7zZ8xX9cC0vB1nN2mQ3wE4rR5tT6yY7uU8iI9oO0pP1aS2dF3gG4hH5jJ6kK7l4hH5jJ6kK7lL8zX9cV0bN1nM2qW3eR4tT5yU6iI7oO8pP9aS0dF1gG2hH3jJ4kK5lL6z7nB9vR2mX8kLp4QjW3tY5zH1aG6sF9dD0fS8gA7hJ6kL5mN4bV3vC2xZ1oP9iU8uY7tT6rR5eE4wW3qQ2aZ1sX2dC3fV4gB5hN6jM7kL8pO9iU0yT1rE2wQ3aS4dF5gG6hH7jJ8kK9lL0zZ1xX2cC3vV4bB5nN6mM7qQ8wW9eE0rR1tT2yY3uU4iI5oO6pP7aA8sS9dD0fF1gG2hH3jJ4kK5lL6zZ7xX8cC9vV0bB1nN2mM3qW4eR5tT6yU7iI8oO9pP0aS1dF2gG3hH4jJ5kK6lL7zZ8xX9cC0vB1nN2mQ3wE4rR5tT6yY7uU8iI9oO0pP1aS2dF3gG4hH5jJ6kK7lL8zX9cV0bN1nM2qW3eR4tT5yU6iI7oO8pP9aS0dF1gG2hH3jJ4kK5lL6zZ7xX8cC9vV0bB1nN2mM3qW4eR5tT6yU7iI8oO9pP0aS1dF2gG3hH4jJ5kK6lL7zZ8xX9cC0vB1nN2mQ3wE4rR5tT6yY7uU8iI9oO0pP1aS2dF3gG4hH5jJ6kK7lL8zX9cV0bN1nM2qW3eR4tT5yU6iI7oO8pP9aS0dF1gG2hH3jJ4kK5lL6zZ7xX8cC9vV0bB1nN2mM3qW4eR5tT6yU7iI8oO9pP0aS1dF2gG3hH4jJ5kK6lL7zZ8xX9cC0vB1nN2mQ3wE4rR5tT6yY7uU8iI9oO0pP1aS2dF3gG4hH5jJ6kK7lL8zX9cV0bN1nM2qW3eR4tT5yU6iI7oO8pP9aS0dF1gG2hH3jJ4kK5lL6zZ7xX8cC9vV0bB1nN2mM3qW4eR5tT6yU7iI8oO9pP0aS1dF2gG3hH4jJ5kK6lL7zZ8xX9cC0vB1nN2mQ3wE4rR5tT6yY7uU8iI9oO0pP1aS2dF3gG4hH5jJ6kK7lL8zX9cV0bN1nM2qW3eR4tT5yU6iI7oO8pP9aS0dF1gG2hH3jJ4kK5lL6zZ7xX8cC9vV0bB1nN2mM3qW4eR5tT6yU7iI8oO9pP0aS1dF2gG3hH4jJ5kK6lL7zZ8xX9cC0vB1nN2mQ3wE4rR5tT6yY7uU8iI9oO0pP1aS2dF3gG4hH5jJ6kK7l4hH5jJ6kK7lL8zX9cV0bN1nM2qW3eR4tT5yU6iI7oO8pP9aS0dF1gG2hH3jJ4kK5lL6zZ7xX8cC9vV0bB1nN2mM3qW4eR5tT6yU7iI8oO9pP0aS1dF2gG3hH4jJ5kK6lL7zZ8xX9cC0vB1nN2mQ3wE4rR5tT6yY7uU8iI9oO0pP1aS2dF3gG4hH5jJ6kK7lL8zX9cV0bN1nM2qW3eR4tT5yU6iI7oO8pP9aS0dF1gG2hH3jJ4kK5lL6zZ7xX8cC9vV0bB1nN2mM3qW4eR5tT6yU7iI8oO9pP0aS1dF2gG3hH4jJ5kK6lL7zZ8xX9cC0vB1nN2mQ3wE4rR5tT6yY7uU8iI9oO0pP1aS2dF3gG4hH5jJ6kK7l4hH5jJ6kK7lL8zX9cV0bN1nM2qW3eR4tT5yU6iI7oO8pP9aS0dF1gG2hH3jJ4kK5lL6zZ7xX8cC9vV0bB1nN2mM3qW4eR5tT6yU7iI8oO9pP0aS1dF2gG3hH4jJ5kK6lL7zZ8xX9cC0vB1nN2mQ3wE4rR5tT6yY7uU8iI9oO0pP1aS2dF3gG4hH5jJ6kK7lL8zX9cV0bN1nM2qW3eR4tT5yU6iI7oO8pP9aS0dF1gG2hH3jJ4kK5lL6zZ7xX8cC9vV0bB1nN2mM3qW4eR5tT6yU7iI8oO9pP0aS1dF2gG3hH4jJ5kK6lL7zZ8xX9cC0vB1nN2mQ3wE4rR5tT6yY7uU8iI9oO0pP1aS2dF3gG4hH5jJ6kK7l4hH5jJ6kK7lL8zX9cV0bN1nM2qW3eR4tT5yU6iI7oO8pP9aS0dF1gG2hH3jJ4kK5lL6zZ7xX8cC9vV0bB1nN2mM3qW4eR5tT6yU7iI8oO9pP0aS1dF2gG3hH4jJ5kK6lL7zZ8xX9cC0vB1nN2mQ3wE4rR5tT6yY7uU8iI9oO0pP1aS2dF3gG4hH5jJ6kK7lL8zX9cV0bN1nM2qW3eR4tT5yU6iI7oO8pP9aS0dF1gG2hH3jJ4kK5lL6zZ7xX8cC9vV0bB1nN2mM3qW4eR5tT6yU7iI8oO9pP0aS1dF2gG3hH4jJ5kK6lL7zZ8xX9cC0vB1nN2mQ3wE4rR5tT6yY7uU8iI9oO0pP1aS2dF3gG4hH5jJ6kK7l4hH5jJ6kK7lL8zX9cV0bN1nM2qW3eR4tT5yU6iI7oO8pP9aS0dF1gG2hH3jJ4kK5lL6zZ7xX8cC9vV0bB1nN2mM3qW4eR5tT6yU7iI8oO9pP0aS1dF2gG3hH4jJ5kK6lL7zZ8xX9cC0vB1nN2mQ3wE4rR5tT6yY7uU8iI9oO0pP1aS2dF3gG4hH5jJ6kK7lL8zX9cV0bN1nM2qW3eR4tT5yU6iI7oO8pP9aS0dF1gG2hH3jJ4kK5lL6zZ7xX8cC9vV0bB1nN2mM3qW4eR5tT6yU7iI8oO9pP0aS1dF2gG3hH4jJ5kK6lL7zZ8xX9cC0vB1nN2mQ3wE4rR5tT6yY7uU8iI9oO0pP1aS2dF3gG4hH5jJ6kK7l4hH5jJ6kK7lL8zX9cV0bN1nM2qW3eR4tT5yU6iI7oO8pP9aS0dF1gG2hH3jJ4kK5lL6zZ7xX8cC9vV0bB1nN2mM3qW4eR5tT6yU7iI8oO9pP0aS1dF2gG3hH4jJ5kK6lL7zZ8xX9cC0vB1nN2mQ3wE4rR5tT6yY7uU8iI9oO0pP1aS2dF3gG4hH5jJ6kK7lL8zX9cV0bN1nM2qW3eR4tT5yU6iI7oO8pP9aS0dF1gG2hH3jJ4kK5lL6zZ7xX8cC9vV0bB1nN2mM3qW4eR5tT6yU7iI8oO9pP0aS1dF2gG3hH4jJ5kK6lL7zZ8xX9cC0vB1nN2mQ3wE4rR5tT6yY7uU8iI9oO0pP1aS2dF3gG4hH5jJ6kK7l4hH5jJ6kK7lL8zX9cV0bN1nM2qW3eR4tT5yU6iI7oO8pP9aS0dF1gG2hH3jJ4kK5lL6zZ7xX8cC9vV0bB1nN2mM3qW4eR5tT6yU7iI8oO9pP0aS1dF2gG3hH4jJ5kK6lL7zZ8xX9cC0vB1nN2mQ3wE4rR5tT6yY7uU8iI9oO0pP1aS2dF3gG4hH5jJ6kK7lL8zX9cV0bN1nM2qW3eR4tT5yU6iI7oO8pP9aS0dF1gG2hH3jJ4kK5lL6zZ7xX8cC9vV0bB1nN2mM3qW4eR5tT6yU7iI8oO9pP0aS1dF2gG3hH4jJ5kK6lL7zZ8xX9cC0vB1nN2mQ3wE4rR5tT6yY7uU8iI9oO0pP1aS2dF3gG4hH5jJ6kK7l4hH5jJ6kK7lL8zX9cV0bN1nM2qW3eR4tT5yU6iI7oO8pP9aS0dF1gG2hH3jJ4kK5lL6zZ7xX8cC9vV0bB1nN2mM3qW4eR5tT6yU7iI8oO9pP0aS1dF2gG3hH4jJ5kK6lL7zZ8xX9cC0vB1nN2mQ3wE4rR5tT6yY7uU8iI9oO0pP1aS2dF3gG4hH5jJ6kK7lL8zX9cV0bN1nM2qW3eR4tT5yU6iI7oO8pP9aS0dF1gG2hH3jJ4kK5lL6zZ7xX8cC9vV0bB1nN2mM3qW4eR5tT6yU7iI8oO9pP0aS1dF2gG3hH4jJ5kK6lL7zZ8xX9cC0vB1nN2mQ3wE4rR5tT6yY7uU8iI9oO0pP1aS2dF3gG4hH5jJ6kK7l4hH5jJ6kK7lL8zX9cV0bN1nM2qW3eR4tT5yU6iI7oO8pP9aS0dF1gG2hH3jJ4kK5lL6z7nB9vR2mX8kLp4QjW3tY5zH1aG6sF9dD0fS8gA7hJ6kL5mN4bV3vC2xZ1oP9iU8uY7tT6rR5eE4wW3qQ2aZ1sX2dC3fV4gB5hN6jM7kL8pO9iU0yT1rE2wQ3aS4dF5gG6hH7jJ8kK9lL0zZ1xX2cC3vV4bB5nN6mM7qQ8wW9eE0rR1tT2yY3uU4iI5oO6pP7aA8sS9dD0fF1gG2hH3jJ4kK5lL6zZ7xX8cC9vV0bB1nN2mM3qW4eR5tT6yU7iI8oO9pP0aS1dF2gG3hH4jJ5kK6lL7zZ8xX9cC0vB1nN2mQ3wE4rR5tT6yY7uU8iI9oO0pP1aS2dF3gG4hH5jJ6kK7lL8zX9cV0bN1nM2qW3eR4tT5yU6iI7oO8pP9aS0dF1gG2hH3jJ4kK5lL6zZ7xX8cC9vV0bB1nN2mM3qW4eR5tT6yU7iI8oO9pP0aS1dF2gG3hH4jJ5kK6lL7zZ8xX9cC0vB1nN2mQ3wE4rR5tT6yY7uU8iI9oO0pP1aS2dF3gG4hH5jJ6kK7lL8zX9cV0bN1nM2qW3eR4tT5yU6iI7oO8pP9aS0dF1gG2hH3jJ4kK5lL6zZ7xX8cC9vV0bB1nN2mM3qW4eR5tT6yU7iI8oO9pP0aS1dF2gG3hH4jJ5kK6lL7zZ8xX9cC0vB1nN2mQ3wE4rR5tT6yY7uU8iI9oO0pP1aS2dF3gG4hH5jJ6kK7lL8zX9cV0bN1nM2qW3eR4tT5yU6iI7oO8pP9aS0dF1gG2hH3jJ4kK5lL6zZ7xX8cC9vV0bB1nN2mM3qW4eR5tT6yU7iI8oO9pP0aS1dF2gG3hH4jJ5kK6lL7zZ8xX9cC0vB1nN2mQ3wE4rR5tT6yY7uU8iI9oO0pP1aS2dF3gG4hH5jJ6kK7lL8zX9cV0bN1nM2qW3eR4tT5yU6iI7oO8pP9aS0dF1gG2hH3jJ4kK5lL6zZ7xX8cC9vV0bB1nN2mM3qW4eR5tT6yU7iI8oO9pP0aS1dF2gG3hH4jJ5kK6lL7zZ8xX9cC0vB1nN2mQ3wE4rR5tT6yY7uU8iI9oO0pP1aS2dF3gG4hH5jJ6kK7l4hH5jJ6kK7lL8zX9cV0bN1nM2qW3eR4tT5yU6iI7oO8pP9aS0dF1gG2hH3jJ4kK5lL6zZ7xX8cC9vV0bB1nN2mM3qW4eR5tT6yU7iI8oO9pP0aS1dF2gG3hH4jJ5kK6lL7zZ8xX9cC0vB1nN2mQ3wE4rR5tT6yY7uU8iI9oO0pP1aS2dF3gG4hH5jJ6kK7lL8zX9cV0bN1nM2qW3eR4tT5yU6iI7oO8pP9aS0dF1gG2hH3jJ4kK5lL6zZ7xX8cC9vV0bB1nN2mM3qW4eR5tT6yU7iI8oO9pP0aS1dF2gG3hH4jJ5kK6lL7zZ8xX9cC0vB1nN2mQ3wE4rR5tT6yY7uU8iI9oO0pP1aS2dF3gG4hH5jJ6kK7l4hH5jJ6kK7lL8zX9cV0bN1nM2qW3eR4tT5yU6iI7oO8pP9aS0dF1gG2hH3jJ4kK5lL6zZ7xX8cC9vV0bB1nN2mM3qW4eR5tT6yU7iI8oO9pP0aS1dF2gG3hH4jJ5kK6lL7zZ8xX9cC0vB1nN2mQ3wE4rR5tT6yY7uU8iI9oO0pP1aS2dF3gG4hH5jJ6kK7lL8zX9cV0bN1nM2qW3eR4tT5yU6iI7oO8pP9aS0dF1gG2hH3jJ4kK5lL6zZ7xX8cC9vV0bB1nN2mM3qW4eR5tT6yU7iI8oO9pP0aS1dF2gG3hH4jJ5kK6lL7zZ8xX9cC0vB1nN2mQ3wE4rR5tT6yY7uU8iI9oO0pP1aS2dF3gG4hH5jJ6kK7l4hH5jJ6kK7lL8zX9cV0bN1nM2qW3eR4tT5yU6iI7oO8pP9aS0dF1gG2hH3jJ4kK5lL6zZ7xX8cC9vV0bB1nN2mM3qW4eR5tT6yU7iI8oO9pP0aS1dF2gG3hH4jJ5kK6lL7zZ8xX9cC0vB1nN2mQ3wE4rR5tT6yY7uU8iI9oO0pP1aS2dF3gG4hH5jJ6kK7lL8zX9cV0bN1nM2qW3eR4tT5yU6iI7oO8pP9aS0dF1gG2hH3jJ4kK5lL6zZ7xX8cC9vV0bB1nN2mM3qW4eR5tT6yU7iI8oO9pP0aS1dF2gG3hH4jJ5kK6lL7zZ8xX9cC0vB1nN2mQ3wE4rR5tT6yY7uU8iI9oO0pP1aS2dF3gG4hH5jJ6kK7l4hH5jJ6kK7lL8zX9cV0bN1nM2qW3eR4tT5yU6iI7oO8pP9aS0dF1gG2hH3jJ4kK5lL6zZ7xX8cC9vV0bB1nN2mM3qW4eR5tT6yU7iI8oO9pP0aS1dF2gG3hH4jJ5kK6lL7zZ8xX9cC0vB1nN2mQ3wE4rR5tT6yY7uU8iI9oO0pP1aS2dF3gG4hH5jJ6kK7lL8zX9cV0bN1nM2qW3eR4tT5yU6iI7oO8pP9aS0dF1gG2hH3jJ4kK5lL6zZ7xX8cC9vV0bB1nN2mM3qW4eR5tT6yU7iI8oO9pP0aS1dF2gG3hH4jJ5kK6lL7zZ8xX9cC0vB1nN2mQ3wE4rR5tT6yY7uU8iI9oO0pP1aS2dF3gG4hH5jJ6kK7l4hH5jJ6kK7lL8zX9cV0bN1nM2qW3eR4tT5yU6iI7oO8pP9aS0dF1gG2hH3jJ4kK5lL6zZ7xX8cC9vV0bB1nN2mM3qW4eR5tT6yU7iI8oO9pP0aS1dF2gG3hH4jJ5kK6lL7zZ8xX9cC0vB1nN2mQ3wE4rR5tT6yY7uU8iI9oO0pP1aS2dF3gG4hH5jJ6kK7lL8zX9cV0bN1nM2qW3eR4tT5yU6iI7oO8pP9aS0dF1gG2hH3jJ4kK5lL6zZ7xX8cC9vV0bB1nN2mM3qW4eR5tT6yU7iI8oO9pP0aS1dF2gG3hH4jJ5kK6lL7zZ8xX9cC0vB1nN2mQ3wE4rR5tT6yY7uU8iI9oO0pP1aS2dF3gG4hH5jJ6kK7l4hH5jJ6kK7lL8zX9cV0bN1nM2qW3eR4tT5yU6iI7oO8pP9aS0dF1gG2hH3jJ4kK5lL6zZ7xX8cC9vV0bB1nN2mM3qW4eR5tT6yU7iI8oO9pP0aS1dF2gG3hH4jJ5kK6lL7zZ8xX9cC0vB1nN2mQ3wE4rR5tT6yY7uU8iI9oO0pP1aS2dF3gG4hH5jJ6kK7lL8zX9cV0bN1nM2qW3eR4tT5yU6iI7oO8pP9aS0dF1gG2hH3jJ4kK5lL6zZ7xX8cC9vV0bB1nN2mM3qW4eR5tT6yU7iI8oO9pP0aS1dF2gG3hH4jJ5kK6lL7zZ8xX9cC0vB1nN2mQ3wE4rR5tT6yY7uU8iI9oO0pP1aS2dF3gG4hH5jJ6kK7l4hH5jJ6kK7lL8zX9cV0bN1nM2qW3eR4tT5yU6iI7oO8pP9aS0dF1gG2hH3jJ4kK5lL6zZ7xX8cC9vV0bB1nN2mM3qW4eR5tT6yU7iI8oO9pP0aS1dF2gG3hH4jJ5kK6lL7zZ8xX9cC0vB1nN2mQ3wE4rR5tT6yY7uU8iI9oO0pP1aS2dF3gG4hH5jJ6kK7lL8zX9cV0bN1nM2qW3eR4tT5yU6iI7oO8pP9aS0dF1gG2hH3jJ4kK5lL6zZ7xX8cC9vV0bB1nN2mM3qW4eR5tT6yU7iI8oO9pP0aS1dF2gG3hH4jJ5kK6lL7zZ8xX9cC0vB1nN2mQ3wE4rR5tT6yY7uU8iI9oO0pP1aS2dF3gG4hH5jJ6kK7l4hH5jJ6kK7lL8zX9cV0bN1nM2qW3eR4tT5yU6iI7oO8pP9aS0dF1gG2hH3jJ4kK5lL6z7nB9vR2mX8kLp4QjW3tY5zH1aG6sF9dD0fS8gA7hJ6kL5mN4bV3vC2xZ1oP9iU8uY7tT6rR5eE4wW3qQ2aZ1sX2dC3fV4gB5hN6jM7kL8pO9iU0yT1rE2wQ3aS4dF5gG6hH7jJ8kK9lL0zZ1xX2cC3vV4bB5nN6mM7qQ8wW9eE0rR1tT2yY3uU4iI5oO6pP7aA8sS9dD0fF1gG2hH3jJ4kK5lL6zZ7xX8cC9vV0bB1nN2mM3qW4eR5tT6yU7iI8oO9pP0aS1dF2gG3hH4jJ5kK6lL7zZ8xX9cC0vB1nN2mQ3wE4rR5tT6yY7uU8iI9oO0pP1aS2dF3gG4hH5jJ6kK7lL8zX9cV0bN1nM2qW3eR4tT5yU6iI7oO8pP9aS0dF1gG2hH3jJ4kK5lL6zZ7xX8cC9vV0bB1nN2mM3qW4eR5tT6yU7iI8oO9pP0aS1dF2gG3hH4jJ5kK6lL7zZ8xX9cC0vB1nN2mQ3wE4rR5tT6yY7uU8iI9oO0pP1aS2dF3gG4hH5jJ6kK7lL8zX9cV0bN1nM2qW3eR4tT5yU6iI7oO8pP9aS0dF1gG2hH3jJ4kK5lL6zZ7xX8cC9vV0bB1nN2mM3qW4eR5tT6yU7iI8oO9pP0aS1dF2gG3hH4jJ5kK6lL7zZ8xX9cC0vB1nN2mQ3wE4rR5tT6yY7uU8iI9oO0pP1aS2dF3gG4hH5jJ6kK7lL8zX9cV0bN1nM2qW3eR4tT5yU6iI7oO8pP9aS0dF1gG2hH3jJ4kK5lL6zZ7xX8cC9vV0bB1nN2mM3qW4eR5tT6yU7iI8oO9pP0aS1dF2gG3hH4jJ5kK6lL7zZ8xX9cC0vB1nN2mQ3wE4rR5tT6yY7uU8iI9oO0pP1aS2dF3gG4hH5jJ6kK7lL8zX9cV0bN1nM2qW3eR4tT5yU6iI7oO8pP9aS0dF1gG2hH3jJ4kK5lL6zZ7xX8cC9vV0bB1nN2mM3qW4eR5tT6yU7iI8oO9pP0aS1dF2gG3hH4jJ5kK6lL7zZ8xX9cC0vB1nN2mQ3wE4rR5tT6yY7uU8iI9oO0pP1aS2dF3gG4hH5jJ6kK7l4hH5jJ6kK7lL8zX9cV0bN1nM2qW3eR4tT5yU6iI7oO8pP9aS0dF1gG2hH3jJ4kK5lL6zZ7xX8cC9vV0bB1nN2mM3qW4eR5tT6yU7iI8oO9pP0aS1dF2gG3hH4jJ5kK6lL7zZ8xX9cC0vB1nN2mQ3wE4rR5tT6yY7uU8iI9oO0pP1aS2dF3gG4hH5jJ6kK7lL8zX9cV0bN1nM2qW3eR4tT5yU6iI7oO8pP9aS0dF1gG2hH3jJ4kK5lL6zZ7xX8cC9vV0bB1nN2mM3qW4eR5tT6yU7iI8oO9pP0aS1dF2gG3hH4jJ5kK6lL7zZ8xX9cC0vB1nN2mQ3wE4rR5tT6yY7uU8iI9oO0pP1aS2dF3gG4hH5jJ6kK7l4hH5jJ6kK7lL8zX9cV0bN1nM2qW3eR4tT5yU6iI7oO8pP9aS0dF1gG2hH3jJ4kK5lL6zZ7xX8cC9vV0bB1nN2mM3qW4eR5tT6yU7iI8oO9pP0aS1dF2gG3hH4jJ5kK6lL7zZ8xX9cC0vB1nN2mQ3wE4rR5tT6yY7uU8iI9oO0pP1aS2dF3gG4hH5jJ6kK7lL8zX9cV0bN1nM2qW3eR4tT5yU6iI7oO8pP9aS0dF1gG2hH3jJ4kK5lL6zZ7xX8cC9vV0bB1nN2mM3qW4eR5tT6yU7iI8oO9pP0aS1dF2gG3hH4jJ5kK6lL7zZ8xX9cC0vB1nN2mQ3wE4rR5tT6yY7uU8iI9oO0pP1aS2dF3gG4hH5jJ6kK7l4hH5jJ6kK7lL8zX9cV0bN1nM2qW3eR4tT5yU6iI7oO8pP9aS0dF1gG2hH3jJ4kK5lL6zZ7xX8cC9vV0bB1nN2mM3qW4eR5tT6yU7iI8oO9pP0aS1dF2gG3hH4jJ5kK6lL7zZ8xX9cC0vB1nN2mQ3wE4rR5tT6yY7uU8iI9oO0pP1aS2dF3gG4hH5jJ6kK7lL8zX9cV0bN1nM2qW3eR4tT5yU6iI7oO8pP9aS0dF1gG2hH3jJ4kK5lL6zZ7xX8cC9vV0bB1nN2mM3qW4eR5tT6yU7iI8oO9pP0aS1dF2gG3hH4jJ5kK6lL7zZ8xX9cC0vB1nN2mQ3wE4rR5tT6yY7uU8iI9oO0pP1aS2dF3gG4hH5jJ6kK7l4hH5jJ6kK7lL8zX9cV0bN1nM2qW3eR4tT5yU6iI7oO8pP9aS0dF1gG2hH3jJ4kK5lL6zZ7xX8cC9vV0bB1nN2mM3qW4eR5tT6yU7iI8oO9pP0aS1dF2gG3hH4jJ5kK6lL7zZ8xX9cC0vB1nN2mQ3wE4rR5tT6yY7uU8iI9oO0pP1aS2dF3gG4hH5jJ6kK7lL8zX9cV0bN1nM2qW3eR4tT5yU6iI7oO8pP9aS0dF1gG2hH3jJ4kK5lL6zZ7xX8cC9vV0bB1nN2mM3qW4eR5tT6yU7iI8oO9pP0aS1dF2gG3hH4jJ5kK6lL7zZ8xX9cC0vB1nN2mQ3wE4rR5tT6yY7uU8iI9oO0pP1aS2dF3gG4hH5jJ6kK7l4hH5jJ6kK7lL8zX9cV0bN1nM2qW3eR4tT5yU6iI7oO8pP9aS0dF1gG2hH3jJ4kK5lL6zZ7xX8cC9vV0bB1nN2mM3qW4eR5tT6yU7iI8oO9pP0aS1dF2gG3hH4jJ5kK6lL7zZ8xX9cC0vB1nN2mQ3wE4rR5tT6yY7uU8iI9oO0pP1aS2dF3gG4hH5jJ6kK7lL8zX9cV0bN1nM2qW3eR4tT5yU6iI7oO8pP9aS0dF1gG2hH3jJ4kK5lL6zZ7xX8cC9vV0bB1nN2mM3qW4eR5tT6yU7iI8oO9pP0aS1dF2gG3hH4jJ5kK6lL7zZ8xX9cC0vB1nN2mQ3wE4rR5tT6yY7uU8iI9oO0pP1aS2dF3gG4hH5jJ6kK7l4hH5jJ6kK7lL8zX9cV0bN1nM2qW3eR4tT5yU6iI7oO8pP9aS0dF1gG2hH3jJ4kK5lL6zZ7xX8cC9vV0bB1nN2mM3qW4eR5tT6yU7iI8oO9pP0aS1dF2gG3hH4jJ5kK6lL7zZ8xX9cC0vB1nN2mQ3wE4rR5tT6yY7uU8iI9oO0pP1aS2dF3gG4hH5jJ6kK7lL8zX9cV0bN1nM2qW3eR4tT5yU6iI7oO8pP9aS0dF1gG2hH3jJ4kK5lL6zZ7xX8cC9vV0bB1nN2mM3qW4eR5tT6yU7iI8oO9pP0aS1dF2gG3hH4jJ5kK6lL7zZ8xX9cC0vB1nN2mQ3wE4rR5tT6yY7uU8iI9oO0pP1aS2dF3gG4hH5jJ6kK7l4hH5jJ6kK7lL8zX9cV0bN1nM2qW3eR4tT5yU6iI7oO8pP9aS0dF1gG2hH3jJ4kK5lL6zZ7xX8cC9vV0bB1nN2mM3qW4eR5tT6yU7iI8oO9pP0aS1dF2gG3hH4jJ5kK6lL7zZ8xX9cC0vB1nN2mQ3wE4rR5tT6yY7uU8iI9oO0pP1aS2dF3gG4hH5jJ6kK7lL8zX9cV0bN1nM2qW3eR4tT5yU6iI7oO8pP9aS0dF1gG2hH3jJ4kK5lL6zZ7xX8cC9vV0bB1nN2mM3qW4eR5tT6yU7iI8oO9pP0aS1dF2gG3hH4jJ5kK6lL7zZ8xX9cC0vB1nN2mQ3wE4rR5tT6yY7uU8iI9oO0pP1aS2dF3gG4hH5jJ6kK7l4hH5jJ6kK7lL8zX9cV0bN1nM2qW3eR4tT5yU6iI7oO8pP9aS0dF1gG2hH3jJ4kK5lL6z7nB9vR2mX8kLp4QjW3tY5zH1aG6sF9dD0fS8gA7hJ6kL5mN4bV3vC2xZ1oP9iU8uY7tT6rR5eE4wW3qQ2aZ1sX2dC3fV4gB5hN6jM7kL8pO9iU0yT1rE2wQ3aS4dF5gG6hH7jJ8kK9lL0zZ1xX2cC3vV4bB5nN6mM7qQ8wW9eE0rR1tT2yY3uU4iI5oO6pP7aA8sS9dD0fF1gG2hH3jJ4kK5lL6zZ7xX8cC9vV0bB1nN2mM3qW4eR5tT6yU7iI8oO9pP0aS1dF2gG3hH4jJ5kK6lL7zZ8xX9cC0vB1nN2mQ3wE4rR5tT6yY7uU8iI9oO0pP1aS2dF3gG4hH5jJ6kK7lL8zX9cV0bN1nM2qW3eR4tT5yU6iI7oO8pP9aS0dF1gG2hH3jJ4kK5lL6zZ7xX8cC9vV0bB1nN2mM3qW4eR5tT6yU7iI8oO9pP0aS1dF2gG3hH4jJ5kK6lL7zZ8xX9cC0vB1nN2mQ3wE4rR5tT6yY7uU8iI9oO0pP1aS2dF3gG4hH5jJ6kK7lL8zX9cV0bN1nM2qW3eR4tT5yU6iI7oO8pP9aS0dF1gG2hH3jJ4kK5lL6zZ7xX8cC9vV0bB1nN2mM3qW4eR5tT6yU7iI8oO9pP0aS1dF2gG3hH4jJ5kK6lL7zZ8xX9cC0vB1nN2mQ3wE4rR5tT6yY7uU8iI9oO0pP1aS2dF3gG4hH5jJ6kK7lL8zX9cV0bN1nM2qW3eR4tT5yU6iI7oO8pP9aS0dF1gG2hH3jJ4kK5lL6zZ7xX8cC9vV0bB1nN2mM3qW4eR5tT6yU7iI8oO9pP0aS1dF2gG3hH4jJ5kK6lL7zZ8xX9cC0vB1nN2mQ3wE4rR5tT6yY7uU8iI9oO0pP1aS2dF3gG4hH5jJ6kK7lL8zX9cV0bN1nM2qW3eR4tT5yU6iI7oO8pP9aS0dF1gG2hH3jJ4kK5lL6zZ7xX8cC9vV0bB1nN2mM3qW4eR5tT6yU7iI8oO9pP0aS1dF2gG3hH4jJ5kK6lL7zZ8xX9cC0vB1nN2mQ3wE4rR5tT6yY7uU8iI9oO0pP1aS2dF3gG4hH5jJ6kK7l4hH5jJ6kK7lL8zX9cV0bN1nM2qW3eR4tT5yU6iI7oO8pP9aS0dF1gG2hH3jJ4kK5lL6zZ7xX8cC9vV0bB1nN2mM3qW4eR5tT6yU7iI8oO9pP0aS1dF2gG3hH4jJ5kK6lL7zZ8xX9cC0vB1nN2mQ3wE4rR5tT6yY7uU8iI9oO0pP1aS2dF3gG4hH5jJ6kK7lL8zX9cV0bN1nM2qW3eR4tT5yU6iI7oO8pP9aS0dF1gG2hH3jJ4kK5lL6zZ7xX8cC9vV0bB1nN2mM3qW4eR5tT6yU7iI8oO9pP0aS1dF2gG3hH4jJ5kK6lL7zZ8xX9cC0vB1nN2mQ3wE4rR5tT6yY7uU8iI9oO0pP1aS2dF3gG4hH5jJ6kK7l4hH5jJ6kK7lL8zX9cV0bN1nM2qW3eR4tT5yU6iI7oO8pP9aS0dF1gG2hH3jJ4kK5lL6zZ7xX8cC9vV0bB1nN2mM3qW4eR5tT6yU7iI8oO9pP0aS1dF2gG3hH4jJ5kK6lL7zZ8xX9cC0vB1nN2mQ3wE4rR5tT6yY7uU8iI9oO0pP1aS2dF3gG4hH5jJ6kK7lL8zX9cV0bN1nM2qW3eR4tT5yU6iI7oO8pP9aS0dF1gG2hH3jJ4kK5lL6zZ7xX8cC9vV0bB1nN2mM3qW4eR5tT6yU7iI8oO9pP0aS1dF2gG3hH4jJ5kK6lL7zZ8xX9cC0vB1nN2mQ3wE4rR5tT6yY7uU8iI9oO0pP1aS2dF3gG4hH5jJ6kK7l4hH5jJ6kK7lL8zX9cV0bN1nM2qW3eR4tT5yU6iI7oO8pP9aS0dF1gG2hH3jJ4kK5lL6zZ7xX8cC9vV0bB1nN2mM3qW4eR5tT6yU7iI8oO9pP0aS1dF2gG3hH4jJ5kK6lL7zZ8xX9cC0vB1nN2mQ3wE4rR5tT6yY7uU8iI9oO0pP1aS2dF3gG4hH5jJ6kK7lL8zX9cV0bN1nM2qW3eR4tT5yU6iI7oO8pP9aS0dF1gG2hH3jJ4kK5lL6zZ7xX8cC9vV0bB1nN2mM3qW4eR5tT6yU7iI8oO9pP0aS1dF2gG3hH4jJ5kK6lL7zZ8xX9cC0vB1nN2mQ3wE4rR5tT6yY7uU8iI9oO0pP1aS2dF3gG4hH5jJ6kK7l4hH5jJ6kK7lL8zX9cV0bN1nM2qW3eR4tT5yU6iI7oO8pP9aS0dF1gG2hH3jJ4kK5lL6zZ7xX8cC9vV0bB1nN2mM3qW4eR5tT6yU7iI8oO9pP0aS1dF2gG3hH4jJ5kK6lL7zZ8xX9cC0vB1nN2mQ3wE4rR5tT6yY7uU8iI9oO0pP1aS2dF3gG4hH5jJ6kK7lL8zX9cV0bN1nM2qW3eR4tT5yU6iI7oO8pP9aS0dF1gG2hH3jJ4kK5lL6zZ7xX8cC9vV0bB1nN2mM3qW4eR5tT6yU7iI8oO9pP0aS1dF2gG3hH4jJ5kK6lL7zZ8xX9cC0vB1nN2mQ3wE4rR5tT6yY7uU8iI9oO0pP1aS2dF3gG4hH5jJ6kK7l4hH5jJ6kK7lL8zX9cV0bN1nM2qW3eR4tT5yU6iI7oO8pP9aS0dF1gG2hH3jJ4kK5lL6zZ7xX8cC9vV0bB1nN2mM3qW4eR5tT6yU7iI8oO9pP0aS1dF2gG3hH4jJ5kK6lL7zZ8xX9cC0vB1nN2mQ3wE4rR5tT6yY7uU8iI9oO0pP1aS2dF3gG4hH5jJ6kK7lL8zX9cV0bN1nM2qW3eR4tT5yU6iI7oO8pP9aS0dF1gG2hH3jJ4kK5lL6zZ7xX8cC9vV0bB1nN2mM3qW4eR5tT6yU7iI8oO9pP0aS1dF2gG3hH4jJ5kK6lL7zZ8xX9cC0vB1nN2mQ3wE4rR5tT6yY7uU8iI9oO0pP1aS2dF3gG4hH5jJ6kK7l4hH5jJ6kK7lL8zX9cV0bN1nM2qW3eR4tT5yU6iI7oO8pP9aS0dF1gG2hH3jJ4kK5lL6zZ7xX8cC9vV0bB1nN2mM3qW4eR5tT6yU7iI8oO9pP0aS1dF2gG3hH4jJ5kK6lL7zZ8xX9cC0vB1nN2mQ3wE4rR5tT6yY7uU8iI9oO0pP1aS2dF3gG4hH5jJ6kK7lL8zX9cV0bN1nM2qW3eR4tT5yU6iI7oO8pP9aS0dF1gG2hH3jJ4kK5lL6zZ7xX8cC9vV0bB1nN2mM3qW4eR5tT6yU7iI8oO9pP0aS1dF2gG3hH4jJ5kK6lL7zZ8xX9cC0vB1nN2mQ3wE4rR5tT6yY7uU8iI9oO0pP1aS2dF3gG4hH5jJ6kK7l4hH5jJ6kK7lL8zX9cV0bN1nM2qW3eR4tT5yU6iI7oO8pP9aS0dF1gG2hH3jJ4kK5lL6zZ7xX8cC9vV0bB1nN2mM3qW4eR5tT6yU7iI8oO9pP0aS1dF2gG3hH4jJ5kK6lL7zZ8xX9cC0vB1nN2mQ3wE4rR5tT6yY7uU8iI9oO0pP1aS2dF3gG4hH5jJ6kK7lL8zX9cV0bN1nM2qW3eR4tT5yU6iI7oO8pP9aS0dF1gG2hH3jJ4kK5lL6zZ7xX8cC9vV0bB1nN2mM3qW4eR5tT6yU7iI8oO9pP0aS1dF2gG3hH4jJ5kK6lL7zZ8xX9cC0vB1nN2mQ3wE4rR5tT6yY7uU8iI9oO0pP1aS2dF3gG4hH5jJ6kK7l4hH5jJ6kK7lL8zX9cV0bN1nM2qW3eR4tT5yU6iI7oO8pP9aS0dF1gG2hH3jJ4kK5lL6z7nB9vR2mX8kLp4QjW3tY5zH1aG6sF9dD0fS8gA7hJ6kL5mN4bV3vC2xZ1oP9iU8uY7tT6rR5eE4wW3qQ2aZ1sX2dC3fV4gB5hN6jM7kL8pO9iU0yT1rE2wQ3aS4dF5gG6hH7jJ8kK9lL0zZ1xX2cC3vV4bB5nN6mM7qQ8wW9eE0rR1tT2yY3uU4iI5oO6pP7aA8sS9dD0fF1gG2hH3jJ4kK5lL6zZ7xX8cC9vV0bB1nN2mM3qW4eR5tT6yU7iI8oO9pP0aS1dF2gG3hH4jJ5kK6lL7zZ8xX9cC0vB1nN2mQ3wE4rR5tT6yY7uU8iI9oO0pP1aS2dF3gG4hH5jJ6kK7lL8zX9cV0bN1nM2qW3eR4tT5yU6iI7oO8pP9aS0dF1gG2hH3jJ4kK5lL6zZ7xX8cC9vV0bB1nN2mM3qW4eR5tT6yU7iI8oO9pP0aS1dF2gG3hH4jJ5kK6lL7zZ8xX9cC0vB1nN2mQ3wE4rR5tT6yY7uU8iI9oO0pP1aS2dF3gG4hH5jJ6kK7lL8zX9cV0bN1nM2qW3eR4tT5yU6iI7oO8pP9aS0dF1gG2hH3jJ4kK5lL6zZ7xX8cC9vV0bB1nN2mM3qW4eR5tT6yU7iI8oO9pP0aS1dF2gG3hH4jJ5kK6lL7zZ8xX9cC0vB1nN2mQ3wE4rR5tT6yY7uU8iI9oO0pP1aS2dF3gG4hH5jJ6kK7lL8zX9cV0bN1nM2qW3eR4tT5yU6iI7oO8pP9aS0dF1gG2hH3jJ4kK5lL6zZ7xX8cC9vV0bB1nN2mM3qW4eR5tT6yU7iI8oO9pP0aS1dF2gG3hH4jJ5kK6lL7zZ8xX9cC0vB1nN2mQ3wE4rR5tT6yY7uU8iI9oO0pP1aS2dF3gG4hH5jJ6kK7lL8zX9cV0bN1nM2qW3eR4tT5yU6iI7oO8pP9aS0dF1gG2hH3jJ4kK5lL6zZ7xX8cC9vV0bB1nN2mM3qW4eR5tT6yU7iI8oO9pP0aS1dF2gG3hH4jJ5kK6lL7zZ8xX9cC0vB1nN2mQ3wE4rR5tT6yY7uU8iI9oO0pP1aS2dF3gG4hH5jJ6kK7l4hH5jJ6kK7lL8zX9cV0bN1nM2qW3eR4tT5yU6iI7oO8pP9aS0dF1gG2hH3jJ4kK5lL6zZ7xX8cC9vV0bB1nN2mM3qW4eR5tT6yU7iI8oO9pP0aS1dF2gG3hH4jJ5kK6lL7zZ8xX9cC0vB1nN2mQ3wE4rR5tT6yY7uU8iI9oO0pP1aS2dF3gG4hH5jJ6kK7lL8zX9cV0bN1nM2qW3eR4tT5yU6iI7oO8pP9aS0dF1gG2hH3jJ4kK5lL6zZ7xX8cC9vV0bB1nN2mM3qW4eR5tT6yU7iI8oO9pP0aS1dF2gG3hH4jJ5kK6lL7zZ8xX9cC0vB1nN2mQ3wE4rR5tT6yY7uU8iI9oO0pP1aS2dF3gG4hH5jJ6kK7l4hH5jJ6kK7lL8zX9cV0bN1nM2qW3eR4tT5yU6iI7oO8pP9aS0dF1gG2hH3jJ4kK5lL6zZ7xX8cC9vV0bB1nN2mM3qW4eR5tT6yU7iI8oO9pP0aS1dF2gG3hH4jJ5kK6lL7zZ8xX9cC0vB1nN2mQ3wE4rR5tT6yY7uU8iI9oO0pP1aS2dF3gG4hH5jJ6kK7lL8zX9cV0bN1nM2qW3eR4tT5yU6iI7oO8pP9aS0dF1gG2hH3jJ4kK5lL6zZ7xX8cC9vV0bB1nN2mM3qW4eR5tT6yU7iI8oO9pP0aS1dF2gG3hH4jJ5kK6lL7zZ8xX9cC0vB1nN2mQ3wE4rR5tT6yY7uU8iI9oO0pP1aS2dF3gG4hH5jJ6kK7l4hH5jJ6kK7lL8zX9cV0bN1nM2qW3eR4tT5yU6iI7oO8pP9aS0dF1gG2hH3jJ4kK5lL6zZ7xX8cC9vV0bB1nN2mM3qW4eR5tT6yU7iI8oO9pP0aS1dF2gG3hH4jJ5kK6lL7zZ8xX9cC0vB1nN2mQ3wE4rR5tT6yY7uU8iI9oO0pP1aS2dF3gG4hH5jJ6kK7lL8zX9cV0bN1nM2qW3eR4tT5yU6iI7oO8pP9aS0dF1gG2hH3jJ4kK5lL6zZ7xX8cC9vV0bB1nN2mM3qW4eR5tT6yU7iI8oO9pP0aS1dF2gG3hH4jJ5kK6lL7zZ8xX9cC0vB1nN2mQ3wE4rR5tT6yY7uU8iI9oO0pP1aS2dF3gG4hH5jJ6kK7l4hH5jJ6kK7lL8zX9cV0bN1nM2qW3eR4tT5yU6iI7oO8pP9aS0dF1gG2hH3jJ4kK5lL6zZ7xX8cC9vV0bB1nN2mM3qW4eR5tT6yU7iI8oO9pP0aS1dF2gG3hH4jJ5kK6lL7zZ8xX9cC0vB1nN2mQ3wE4rR5tT6yY7uU8iI9oO0pP1aS2dF3gG4hH5jJ6kK7lL8zX9cV0bN1nM2qW3eR4tT5yU6iI7oO8pP9aS0dF1gG2hH3jJ4kK5lL6zZ7xX8cC9vV0bB1nN2mM3qW4eR5tT6yU7iI8oO9pP0aS1dF2gG3hH4jJ5kK6lL7zZ8xX9cC0vB1nN2mQ3wE4rR5tT6yY7uU8iI9oO0pP1aS2dF3gG4hH5jJ6kK7l4hH5jJ6kK7lL8zX9cV0bN1nM2qW3eR4tT5yU6iI7oO8pP9aS0dF1gG2hH3jJ4kK5lL6zZ7xX8cC9vV0bB1nN2mM3qW4eR5tT6yU7iI8oO9pP0aS1dF2gG3hH4jJ5kK6lL7zZ8xX9cC0vB1nN2mQ3wE4rR5tT6yY7uU8iI9oO0pP1aS2dF3gG4hH5jJ6kK7lL8zX9cV0bN1nM2qW3eR4tT5yU6iI7oO8pP9aS0dF1gG2hH3jJ4kK5lL6zZ7xX8cC9vV0bB1nN2mM3qW4eR5tT6yU7iI8oO9pP0aS1dF2gG3hH4jJ5kK6lL7zZ8xX9cC0vB1nN2mQ3wE4rR5tT6yY7uU8iI9oO0pP1aS2dF3gG4hH5jJ6kK7l4hH5jJ6kK7lL8zX9cV0bN1nM2qW3eR4tT5yU6iI7oO8pP9aS0dF1gG2hH3jJ4kK5lL6zZ7xX8cC9vV0bB1nN2mM3qW4eR5tT6yU7iI8oO9pP0aS1dF2gG3hH4jJ5kK6lL7zZ8xX9cC0vB1nN2mQ3wE4rR5tT6yY7uU8iI9oO0pP1aS2dF3gG4hH5jJ6kK7lL8zX9cV0bN1nM2qW3eR4tT5yU6iI7oO8pP9aS0dF1gG2hH3jJ4kK5lL6zZ7xX8cC9vV0bB1nN2mM3qW4eR5tT6yU7iI8oO9pP0aS1dF2gG3hH4jJ5kK6lL7zZ8xX9cC0vB1nN2mQ3wE4rR5tT6yY7uU8iI9oO0pP1aS2dF3gG4hH5jJ6kK7l4hH5jJ6kK7lL8zX9cV0bN1nM2qW3eR4tT5yU6iI7oO8pP9aS0dF1gG2hH3jJ4kK5lL6zZ7xX8cC9vV0bB1nN2mM3qW4eR5tT6yU7iI8oO9pP0aS1dF2gG3hH4jJ5kK6lL7zZ8xX9cC0vB1nN2mQ3wE4rR5tT6yY7uU8iI9oO0pP1aS2dF3gG4hH5jJ6kK7lL8zX9cV0bN1nM2qW3eR4tT5yU6iI7oO8pP9aS0dF1gG2hH3jJ4kK5lL6zZ7xX8cC9vV0bB1nN2mM3qW4eR5tT6yU7iI8oO9pP0aS1dF2gG3hH4jJ5kK6lL7zZ8xX9cC0vB1nN2mQ3wE4rR5tT6yY7uU8iI9oO0pP1aS2dF3gG4hH5jJ6kK7l4hH5jJ6kK7lL8zX9cV0bN1nM2qW3eR4tT5yU6iI7oO8pP9aS0dF1gG2hH3jJ4kK5lL6z7nB9vR2mX8kLp4QjW3tY5zH1aG6sF9dD0fS8gA7hJ6kL5mN4bV3vC2xZ1oP9iU8uY7tT6rR5eE4wW3qQ2aZ1sX2dC3fV4gB5hN6jM7kL8pO9iU0yT1rE2wQ3aS4dF5gG6hH7jJ8kK9lL0zZ1xX2cC3vV4bB5nN6mM7qQ8wW9eE0rR1tT2yY3uU4iI5oO6pP7aA8sS9dD0fF1gG2hH3jJ4kK5lL6zZ7xX8cC9vV0bB1nN2mM3qW4eR5tT6yU7iI8oO9pP0aS1dF2gG3hH4jJ5kK6lL7zZ8xX9cC0vB1nN2mQ3wE4rR5tT6yY7uU8iI9oO0pP1aS2dF3gG4hH5jJ6kK7lL8zX9cV0bN1nM2qW3eR4tT5yU6iI7oO8pP9aS0dF1gG2hH3jJ4kK5lL6zZ7xX8cC9vV0bB1nN2mM3qW4eR5tT6yU7iI8oO9pP0aS1dF2gG3hH4jJ5kK6lL7zZ8xX9cC0vB1nN2mQ3wE4rR5tT6yY7uU8iI9oO0pP1aS2dF3gG4hH5jJ6kK7lL8zX9cV0bN1nM2qW3eR4tT5yU6iI7oO8pP9aS0dF1gG2hH3jJ4kK5lL6zZ7xX8cC9vV0bB1nN2mM3qW4eR5tT6yU7iI8oO9pP0aS1dF2gG3hH4jJ5kK6lL7zZ8xX9cC0vB1nN2mQ3wE4rR5tT6yY7uU8iI9oO0pP1aS2dF3gG4hH5jJ6kK7lL8zX9cV0bN1nM2qW3eR4tT5yU6iI7oO8pP9aS0dF1gG2hH3jJ4kK5lL6zZ7xX8cC9vV0bB1nN2mM3qW4eR5tT6yU7iI8oO9pP0aS1dF2gG3hH4jJ5kK6lL7zZ8xX9cC0vB1nN2mQ3wE4rR5tT6yY7uU8iI9oO0pP1aS2dF3gG4hH5jJ6kK7lL8zX9cV0bN1nM2qW3eR4tT5yU6iI7oO8pP9aS0dF1gG2hH3jJ4kK5lL6zZ7xX8cC9vV0bB1nN2mM3qW4eR5tT6yU7iI8oO9pP0aS1dF2gG3hH4jJ5kK6lL7zZ8xX9cC0vB1nN2mQ3wE4rR5tT6yY7uU8iI9oO0pP1aS2dF3gG4hH5jJ6kK7l4hH5jJ6kK7lL8zX9cV0bN1nM2qW3eR4tT5yU6iI7oO8pP9aS0dF1gG2hH3jJ4kK5lL6zZ7xX8cC9vV0bB1nN2mM3qW4eR5tT6yU7iI8oO9pP0aS1dF2gG3hH4jJ5kK6lL7zZ8xX9cC0vB1nN2mQ3wE4rR5tT6yY7uU8iI9oO0pP1aS2dF3gG4hH5jJ6kK7lL8zX9cV0bN1nM2qW3eR4tT5yU6iI7oO8pP9aS0dF1gG2hH3jJ4kK5lL6zZ7xX8cC9vV0bB1nN2mM3qW4eR5tT6yU7iI8oO9pP0aS1dF2gG3hH4jJ5kK6lL7zZ8xX9cC0vB1nN2mQ3wE4rR5tT6yY7uU8iI9oO0pP1aS2dF3gG4hH5jJ6kK7l4hH5jJ6kK7lL8zX9cV0bN1nM2qW3eR4tT5yU6iI7oO8pP9aS0dF1gG2hH3jJ4kK5lL6zZ7xX8cC9vV0bB1nN2mM3qW4eR5tT6yU7iI8oO9pP0aS1dF2gG3hH4jJ5kK6lL7zZ8xX9cC0vB1nN2mQ3wE4rR5tT6yY7uU8iI9oO0pP1aS2dF3gG4hH5jJ6kK7lL8zX9cV0bN1nM2qW3eR4tT5yU6iI7oO8pP9aS0dF1gG2hH3jJ4kK5lL6zZ7xX8cC9vV0bB1nN2mM3qW4eR5tT6yU7iI8oO9pP0aS1dF2gG3hH4jJ5kK6lL7zZ8xX9cC0vB1nN2mQ3wE4rR5tT6yY7uU8iI9oO0pP1aS2dF3gG4hH5jJ6kK7l4hH5jJ6kK7lL8zX9cV0bN1nM2qW3eR4tT5yU6iI7oO8pP9aS0dF1gG2hH3jJ4kK5lL6zZ7xX8cC9vV0bB1nN2mM3qW4eR5tT6yU7iI8oO9pP0aS1dF2gG3hH4jJ5kK6lL7zZ8xX9cC0vB1nN2mQ3wE4rR5tT6yY7uU8iI9oO0pP1aS2dF3gG4hH5jJ6kK7lL8zX9cV0bN1nM2qW3eR4tT5yU6iI7oO8pP9aS0dF1gG2hH3jJ4kK5lL6zZ7xX8cC9vV0bB1nN2mM3qW4eR5tT6yU7iI8oO9pP0aS1dF2gG3hH4jJ5kK6lL7zZ8xX9cC0vB1nN2mQ3wE4rR5tT6yY7uU8iI9oO0pP1aS2dF3gG4hH5jJ6kK7l4hH5jJ6kK7lL8zX9cV0bN1nM2qW3eR4tT5yU6iI7oO8pP9aS0dF1gG2hH3jJ4kK5lL6zZ7xX8cC9vV0bB1nN2mM3qW4eR5tT6yU7iI8oO9pP0aS1dF2gG3hH4jJ5kK6lL7zZ8xX9cC0vB1nN2mQ3wE4rR5tT6yY7uU8iI9oO0pP1aS2dF3gG4hH5jJ6kK7lL8zX9cV0bN1nM2qW3eR4tT5yU6iI7oO8pP9aS0dF1gG2hH3jJ4kK5lL6zZ7xX8cC9vV0bB1nN2mM3qW4eR5tT6yU7iI8oO9pP0aS1dF2gG3hH4jJ5kK6lL7zZ8xX9cC0vB1nN2mQ3wE4rR5tT6yY7uU8iI9oO0pP1aS2dF3gG4hH5jJ6kK7l4hH5jJ6kK7lL8zX9cV0bN1nM2qW3eR4tT5yU6iI7oO8pP9aS0dF1gG2hH3jJ4kK5lL6zZ7xX8cC9vV0bB1nN2mM3qW4eR5tT6yU7iI8oO9pP0aS1dF2gG3hH4jJ5kK6lL7zZ8xX9cC0vB1nN2mQ3wE4rR5tT6yY7uU8iI9oO0pP1aS2dF3gG4hH5jJ6kK7lL8zX9cV0bN1nM2qW3eR4tT5yU6iI7oO8pP9aS0dF1gG2hH3jJ4kK5lL6zZ7xX8cC9vV0bB1nN2mM3qW4eR5tT6yU7iI8oO9pP0aS1dF2gG3hH4jJ5kK6lL7zZ8xX9cC0vB1nN2mQ3wE4rR5tT6yY7uU8iI9oO0pP1aS2dF3gG4hH5jJ6kK7l4hH5jJ6kK7lL8zX9cV0bN1nM2qW3eR4tT5yU6iI7oO8pP9aS0dF1gG2hH3jJ4kK5lL6zZ7xX8cC9vV0bB1nN2mM3qW4eR5tT6yU7iI8oO9pP0aS1dF2gG3hH4jJ5kK6lL7zZ8xX9cC0vB1nN2mQ3wE4rR5tT6yY7uU8iI9oO0pP1aS2dF3gG4hH5jJ6kK7lL8zX9cV0bN1nM2qW3eR4tT5yU6iI7oO8pP9aS0dF1gG2hH3jJ4kK5lL6zZ7xX8cC9vV0bB1nN2mM3qW4eR5tT6yU7iI8oO9pP0aS1dF2gG3hH4jJ5kK6lL7zZ8xX9cC0vB1nN2mQ3wE4rR5tT6yY7uU8iI9oO0pP1aS2dF3gG4hH5jJ6kK7l4hH5jJ6kK7lL8zX9cV0bN1nM2qW3eR4tT5yU6iI7oO8pP9aS0dF1gG2hH3jJ4kK5lL6zZ7xX8cC9vV0bB1nN2mM3qW4eR5tT6yU7iI8oO9pP0aS1dF2gG3hH4jJ5kK6lL7zZ8xX9cC0vB1nN2mQ3wE4rR5tT6yY7uU8iI9oO0pP1aS2dF3gG4hH5jJ6kK7lL8zX9cV0bN1nM2qW3eR4tT5yU6iI7oO8pP9aS0dF1gG2hH3jJ4kK5lL6zZ7xX8cC9vV0bB1nN2mM3qW4eR5tT6yU7iI8oO9pP0aS1dF2gG3hH4jJ5kK6lL7zZ8xX9cC0vB1nN2mQ3wE4rR5tT6yY7uU8iI9oO0pP1aS2dF3gG4hH5jJ6kK7l4hH5jJ6kK7lL8zX9cV0bN1nM2qW3eR4tT5yU6iI7oO8pP9aS0dF1gG2hH3jJ4kK5lL6z7nB9vR2mX8kLp4QjW3tY5zH1aG6sF9dD0fS8gA7hJ6kL5mN4bV3vC2xZ1oP9iU8uY7tT6rR5eE4wW3qQ2aZ1sX2dC3fV4gB5hN6jM7kL8pO9iU0yT1rE2wQ3aS4dF5gG6hH7jJ8kK9lL0zZ1xX2cC3vV4bB5nN6mM7qQ8wW9eE0rR1tT2yY3uU4iI5oO6pP7aA8sS9dD0fF1gG2hH3jJ4kK5lL6zZ7xX8cC9vV0bB1nN2mM3qW4eR5tT6yU7iI8oO9pP0aS1dF2gG3hH4jJ5kK6lL7zZ8xX9cC0vB1nN2mQ3wE4rR5tT6yY7uU8iI9oO0pP1aS2dF3gG4hH5jJ6kK7lL8zX9cV0bN1nM2qW3eR4tT5yU6iI7oO8pP9aS0dF1gG2hH3jJ4kK5lL6zZ7xX8cC9vV0bB1nN2mM3qW4eR5tT6yU7iI8oO9pP0aS1dF2gG3hH4jJ5kK6lL7zZ8xX9cC0vB1nN2mQ3wE4rR5tT6yY7uU8iI9oO0pP1aS2dF3gG4hH5jJ6kK7lL8zX9cV0bN1nM2qW3eR4tT5yU6iI7oO8pP9aS0dF1gG2hH3jJ4kK5lL6zZ7xX8cC9vV0bB1nN2mM3qW4eR5tT6yU7iI8oO9pP0aS1dF2gG3hH4jJ5kK6lL7zZ8xX9cC0vB1nN2mQ3wE4rR5tT6yY7uU8iI9oO0pP1aS2dF3gG4hH5jJ6kK7lL8zX9cV0bN1nM2qW3eR4tT5yU6iI7oO8pP9aS0dF1gG2hH3jJ4kK5lL6zZ7xX8cC9vV0bB1nN2mM3qW4eR5tT6yU7iI8oO9pP0aS1dF2gG3hH4jJ5kK6lL7zZ8xX9cC0vB1nN2mQ3wE4rR5tT6yY7uU8iI9oO0pP1aS2dF3gG4hH5jJ6kK7lL8zX9cV0bN1nM2qW3eR4tT5yU6iI7oO8pP9aS0dF1gG2hH3jJ4kK5lL6zZ7xX8cC9vV0bB1nN2mM3qW4eR5tT6yU7iI8oO9pP0aS1dF2gG3hH4jJ5kK6lL7zZ8xX9cC0vB1nN2mQ3wE4rR5tT6yY7uU8iI9oO0pP1aS2dF3gG4hH5jJ6kK7l4hH5jJ6kK7lL8zX9cV0bN1nM2qW3eR4tT5yU6iI7oO8pP9aS0dF1gG2hH3jJ4kK5lL6zZ7xX8cC9vV0bB1nN2mM3qW4eR5tT6yU7iI8oO9pP0aS1dF2gG3hH4jJ5kK6lL7zZ8xX9cC0vB1nN2mQ3wE4rR5tT6yY7uU8iI9oO0pP1aS2dF3gG4hH5jJ6kK7lL8zX9cV0bN1nM2qW3eR4tT5yU6iI7oO8pP9aS0dF1gG2hH3jJ4kK5lL6zZ7xX8cC9vV0bB1nN2mM3qW4eR5tT6yU7iI8oO9pP0aS1dF2gG3hH4jJ5kK6lL7zZ8xX9cC0vB1nN2mQ3wE4rR5tT6yY7uU8iI9oO0pP1aS2dF3gG4hH5jJ6kK7l4hH5jJ6kK7lL8zX9cV0bN1nM2qW3eR4tT5yU6iI7oO8pP9aS0dF1gG2hH3jJ4kK5lL6zZ7xX8cC9vV0bB1nN2mM3qW4eR5tT6yU7iI8oO9pP0aS1dF2gG3hH4jJ5kK6lL7zZ8xX9cC0vB1nN2mQ3wE4rR5tT6yY7uU8iI9oO0pP1aS2dF3gG4hH5jJ6kK7lL8zX9cV0bN1nM2qW3eR4tT5yU6iI7oO8pP9aS0dF1gG2hH3jJ4kK5lL6zZ7xX8cC9vV0bB1nN2mM3qW4eR5tT6yU7iI8oO9pP0aS1dF2gG3hH4jJ5kK6lL7zZ8xX9cC0vB1nN2mQ3wE4rR5tT6yY7uU8iI9oO0pP1aS2dF3gG4hH5jJ6kK7l4hH5jJ6kK7lL8zX9cV0bN1nM2qW3eR4tT5yU6iI7oO8pP9aS0dF1gG2hH3jJ4kK5lL6zZ7xX8cC9vV0bB1nN2mM3qW4eR5tT6yU7iI8oO9pP0aS1dF2gG3hH4jJ5kK6lL7zZ8xX9cC0vB1nN2mQ3wE4rR5tT6yY7uU8iI9oO0pP1aS2dF3gG4hH5jJ6kK7lL8zX9cV0bN1nM2qW3eR4tT5yU6iI7oO8pP9aS0dF1gG2hH3jJ4kK5lL6zZ7xX8cC9vV0bB1nN2mM3qW4eR5tT6yU7iI8oO9pP0aS1dF2gG3hH4jJ5kK6lL7zZ8xX9cC0vB1nN2mQ3wE4rR5tT6yY7uU8iI9oO0pP1aS2dF3gG4hH5jJ6kK7l4hH5jJ6kK7lL8zX9cV0bN1nM2qW3eR4tT5yU6iI7oO8pP9aS0dF1gG2hH3jJ4kK5lL6zZ7xX8cC9vV0bB1nN2mM3qW4eR5tT6yU7iI8oO9pP0aS1dF2gG3hH4jJ5kK6lL7zZ8xX9cC0vB1nN2mQ3wE4rR5tT6yY7uU8iI9oO0pP1aS2dF3gG4hH5jJ6kK7lL8zX9cV0bN1nM2qW3eR4tT5yU6iI7oO8pP9aS0dF1gG2hH3jJ4kK5lL6zZ7xX8cC9vV0bB1nN2mM3qW4eR5tT6yU7iI8oO9pP0aS1dF2gG3hH4jJ5kK6lL7zZ8xX9cC0vB1nN2mQ3wE4rR5tT6yY7uU8iI9oO0pP1aS2dF3gG4hH5jJ6kK7l4hH5jJ6kK7lL8zX9cV0bN1nM2qW3eR4tT5yU6iI7oO8pP9aS0dF1gG2hH3jJ4kK5lL6zZ7xX8cC9vV0bB1nN2mM3qW4eR5tT6yU7iI8oO9pP0aS1dF2gG3hH4jJ5kK6lL7zZ8xX9cC0vB1nN2mQ3wE4rR5tT6yY7uU8iI9oO0pP1aS2dF3gG4hH5jJ6kK7lL8zX9cV0bN1nM2qW3eR4tT5yU6iI7oO8pP9aS0dF1gG2hH3jJ4kK5lL6zZ7xX8cC9vV0bB1nN2mM3qW4eR5tT6yU7iI8oO9pP0aS1dF2gG3hH4jJ5kK6lL7zZ8xX9cC0vB1nN2mQ3wE4rR5tT6yY7uU8iI9oO0pP1aS2dF3gG4hH5jJ6kK7l4hH5jJ6kK7lL8zX9cV0bN1nM2qW3eR4tT5yU6iI7oO8pP9aS0dF1gG2hH3jJ4kK5lL6zZ7xX8cC9vV0bB1nN2mM3qW4eR5tT6yU7iI8oO9pP0aS1dF2gG3hH4jJ5kK6lL7zZ8xX9cC0vB1nN2mQ3wE4rR5tT6yY7uU8iI9oO0pP1aS2dF3gG4hH5jJ6kK7lL8zX9cV0bN1nM2qW3eR4tT5yU6iI7oO8pP9aS0dF1gG2hH3jJ4kK5lL6zZ7xX8cC9vV0bB1nN2mM3qW4eR5tT6yU7iI8oO9pP0aS1dF2gG3hH4jJ5kK6lL7zZ8xX9cC0vB1nN2mQ3wE4rR5tT6yY7uU8iI9oO0pP1aS2dF3gG4hH5jJ6kK7l4hH5jJ6kK7lL8zX9cV0bN1nM2qW3eR4tT5yU6iI7oO8pP9aS0dF1gG2hH3jJ4kK5lL6zZ7xX8cC9vV0bB1nN2mM3qW4eR5tT6yU7iI8oO9pP0aS1dF2gG3hH4jJ5kK6lL7zZ8xX9cC0vB1nN2mQ3wE4rR5tT6yY7uU8iI9oO0pP1aS2dF3gG4hH5jJ6kK7lL8zX9cV0bN1nM2qW3eR4tT5yU6iI7oO8pP9aS0dF1gG2hH3jJ4kK5lL6zZ7xX8cC9vV0bB1nN2mM3qW4eR5tT6yU7iI8oO9pP0aS1dF2gG3hH4jJ5kK6lL7zZ8xX9cC0vB1nN2mQ3wE4rR5tT6yY7uU8iI9oO0pP1aS2dF3gG4hH5jJ6kK7l4hH5jJ6kK7lL8zX9cV0bN1nM2qW3eR4tT5yU6iI7oO8pP9aS0dF1gG2hH3jJ4kK5lL6z7nB9vR2mX8kLp4QjW3tY5zH1aG6sF9dD0fS8gA7hJ6kL5mN4bV3vC2xZ1oP9iU8uY7tT6rR5eE4wW3qQ2aZ1sX2dC3fV4gB5hN6jM7kL8pO9iU0yT1rE2wQ3aS4dF5gG6hH7jJ8kK9lL0zZ1xX2cC3vV4bB5nN6mM7qQ8wW9eE0rR1tT2yY3uU4iI5oO6pP7aA8sS9dD0fF1gG2hH3jJ4kK5lL6zZ7xX8cC9vV0bB1nN2mM3qW4eR5tT6yU7iI8oO9pP0aS1dF2gG3hH4jJ5kK6lL7zZ8xX9cC0vB1nN2mQ3wE4rR5tT6yY7uU8iI9oO0pP1aS2dF3gG4hH5jJ6kK7lL8zX9cV0bN1nM2qW3eR4tT5yU6iI7oO8pP9aS0dF1gG2hH3jJ4kK5lL6zZ7xX8cC9vV0bB1nN2mM3qW4eR5tT6yU7iI8oO9pP0aS1dF2gG3hH4jJ5kK6lL7zZ8xX9cC0vB1nN2mQ3wE4rR5tT6yY7uU8iI9oO0pP1aS2dF3gG4hH5jJ6kK7lL8zX9cV0bN1nM2qW3eR4tT5yU6iI7oO8pP9aS0dF1gG2hH3jJ4kK5lL6zZ7xX8cC9vV0bB1nN2mM3qW4eR5tT6yU7iI8oO9pP0aS1dF2gG3hH4jJ5kK6lL7zZ8xX9cC0vB1nN2mQ3wE4rR5tT6yY7uU8iI9oO0pP1aS2dF3gG4hH5jJ6kK7lL8zX9cV0bN1nM2qW3eR4tT5yU6iI7oO8pP9aS0dF1gG2hH3jJ4kK5lL6zZ7xX8cC9vV0bB1nN2mM3qW4eR5tT6yU7iI8oO9pP0aS1dF2gG3hH4jJ5kK6lL7zZ8xX9cC0vB1nN2mQ3wE4rR5tT6yY7uU8iI9oO0pP1aS2dF3gG4hH5jJ6kK7lL8zX9cV0bN1nM2qW3eR4tT5yU6iI7oO8pP9aS0dF1gG2hH3jJ4kK5lL6zZ7xX8cC9vV0bB1nN2mM3qW4eR5tT6yU7iI8oO9pP0aS1dF2gG3hH4jJ5kK6lL7zZ8xX9cC0vB1nN2mQ3wE4rR5tT6yY7uU8iI9oO0pP1aS2dF3gG4hH5jJ6kK7l4hH5jJ6kK7lL8zX9cV0bN1nM2qW3eR4tT5yU6iI7oO8pP9aS0dF1gG2hH3jJ4kK5lL6zZ7xX8cC9vV0bB1nN2mM3qW4eR5tT6yU7iI8oO9pP0aS1dF2gG3hH4jJ5kK6lL7zZ8xX9cC0vB1nN2mQ3wE4rR5tT6yY7uU8iI9oO0pP1aS2dF3gG4hH5jJ6kK7lL8zX9cV0bN1nM2qW3eR4tT5yU6iI7oO8pP9aS0dF1gG2hH3jJ4kK5lL6zZ7xX8cC9vV0bB1nN2mM3qW4eR5tT6yU7iI8oO9pP0aS1dF2gG3hH4jJ5kK6lL7zZ8xX9cC0vB1nN2mQ3wE4rR5tT6yY7uU8iI9oO0pP1aS2dF3gG4hH5jJ6kK7l4hH5jJ6kK7lL8zX9cV0bN1nM2qW3eR4tT5yU6iI7oO8pP9aS0dF1gG2hH3jJ4kK5lL6zZ7xX8cC9vV0bB1nN2mM3qW4eR5tT6yU7iI8oO9pP0aS1dF2gG3hH4jJ5kK6lL7zZ8xX9cC0vB1nN2mQ3wE4rR5tT6yY7uU8iI9oO0pP1aS2dF3gG4hH5jJ6kK7lL8zX9cV0bN1nM2qW3eR4tT5yU6iI7oO8pP9aS0dF1gG2hH3jJ4kK5lL6zZ7xX8cC9vV0bB1nN2mM3qW4eR5tT6yU7iI8oO9pP0aS1dF2gG3hH4jJ5kK6lL7zZ8xX9cC0vB1nN2mQ3wE4rR5tT6yY7uU8iI9oO0pP1aS2dF3gG4hH5jJ6kK7l4hH5jJ6kK7lL8zX9cV0bN1nM2qW3eR4tT5yU6iI7oO8pP9aS0dF1gG2hH3jJ4kK5lL6zZ7xX8cC9vV0bB1nN2mM3qW4eR5tT6yU7iI8oO9pP0aS1dF2gG3hH4jJ5kK6lL7zZ8xX9cC0vB1nN2mQ3wE4rR5tT6yY7uU8iI9oO0pP1aS2dF3gG4hH5jJ6kK7lL8zX9cV0bN1nM2qW3eR4tT5yU6iI7oO8pP9aS0dF1gG2hH3jJ4kK5lL6zZ7xX8cC9vV0bB1nN2mM3qW4eR5tT6yU7iI8oO9pP0aS1dF2gG3hH4jJ5kK6lL7zZ8xX9cC0vB1nN2mQ3wE4rR5tT6yY7uU8iI9oO0pP1aS2dF3gG4hH5jJ6kK7l4hH5jJ6kK7lL8zX9cV0bN1nM2qW3eR4tT5yU6iI7oO8pP9aS0dF1gG2hH3jJ4kK5lL6zZ7xX8cC9vV0bB1nN2mM3qW4eR5tT6yU7iI8oO9pP0aS1dF2gG3hH4jJ5kK6lL7zZ8xX9cC0vB1nN2mQ3wE4rR5tT6yY7uU8iI9oO0pP1aS2dF3gG4hH5jJ6kK7lL8zX9cV0bN1nM2qW3eR4tT5yU6iI7oO8pP9aS0dF1gG2hH3jJ4kK5lL6zZ7xX8cC9vV0bB1nN2mM3qW4eR5tT6yU7iI8oO9pP0aS1dF2gG3hH4jJ5kK6lL7zZ8xX9cC0vB1nN2mQ3wE4rR5tT6yY7uU8iI9oO0pP1aS2dF3gG4hH5jJ6kK7l4hH5jJ6kK7lL8zX9cV0bN1nM2qW3eR4tT5yU6iI7oO8pP9aS0dF1gG2hH3jJ4kK5lL6zZ7xX8cC9vV0bB1nN2mM3qW4eR5tT6yU7iI8oO9pP0aS1dF2gG3hH4jJ5kK6lL7zZ8xX9cC0vB1nN2mQ3wE4rR5tT6yY7uU8iI9oO0pP1aS2dF3gG4hH5jJ6kK7lL8zX9cV0bN1nM2qW3eR4tT5yU6iI7oO8pP9aS0dF1gG2hH3jJ4kK5lL6zZ7xX8cC9vV0bB1nN2mM3qW4eR5tT6yU7iI8oO9pP0aS1dF2gG3hH4jJ5kK6lL7zZ8xX9cC0vB1nN2mQ3wE4rR5tT6yY7uU8iI9oO0pP1aS2dF3gG4hH5jJ6kK7l4hH5jJ6kK7lL8zX9cV0bN1nM2qW3eR4tT5yU6iI7oO8pP9aS0dF1gG2hH3jJ4kK5lL6zZ7xX8cC9vV0bB1nN2mM3qW4eR5tT6yU7iI8oO9pP0aS1dF2gG3hH4jJ5kK6lL7zZ8xX9cC0vB1nN2mQ3wE4rR5tT6yY7uU8iI9oO0pP1aS2dF3gG4hH5jJ6kK7lL8zX9cV0bN1nM2qW3eR4tT5yU6iI7oO8pP9aS0dF1gG2hH3jJ4kK5lL6zZ7xX8cC9vV0bB1nN2mM3qW4eR5tT6yU7iI8oO9pP0aS1dF2gG3hH4jJ5kK6lL7zZ8xX9cC0vB1nN2mQ3wE4rR5tT6yY7uU8iI9oO0pP1aS2dF3gG4hH5jJ6kK7l4hH5jJ6kK7lL8zX9cV0bN1nM2qW3eR4tT5yU6iI7oO8pP9aS0dF1gG2hH3jJ4kK5lL6zZ7xX8cC9vV0bB1nN2mM3qW4eR5tT6yU7iI8oO9pP0aS1dF2gG3hH4jJ5kK6lL7zZ8xX9cC0vB1nN2mQ3wE4rR5tT6yY7uU8iI9oO0pP1aS2dF3gG4hH5jJ6kK7lL8zX9cV0bN1nM2qW3eR4tT5yU6iI7oO8pP9aS0dF1gG2hH3jJ4kK5lL6zZ7xX8cC9vV0bB1nN2mM3qW4eR5tT6yU7iI8oO9pP0aS1dF2gG3hH4jJ5kK6lL7zZ8xX9cC0vB1nN2mQ3wE4rR5tT6yY7uU8iI9oO0pP1aS2dF3gG4hH5jJ6kK7l4hH5jJ6kK7lL8zX9cV0bN1nM2qW3eR4tT5yU6iI7oO8pP9aS0dF1gG2hH3jJ4kK5lL6z7nB9vR2mX8kLp4QjW3tY5zH1aG6sF9dD0fS8gA7hJ6kL5mN4bV3vC2xZ1oP9iU8uY7tT6rR5eE4wW3qQ2aZ1sX2dC3fV4gB5hN6jM7kL8pO9iU0yT1rE2wQ3aS4dF5gG6hH7jJ8kK9lL0zZ1xX2cC3vV4bB5nN6mM7qQ8wW9eE0rR1tT2yY3uU4iI5oO6pP7aA8sS9dD0fF1gG2hH3jJ4kK5lL6zZ7xX8cC9vV0bB1nN2mM3qW4eR5tT6yU7iI8oO9pP0aS1dF2gG3hH4jJ5kK6lL7zZ8xX9cC0vB1nN2mQ3wE4rR5tT6yY7uU8iI9oO0pP1aS2dF3gG4hH5jJ6kK7lL8zX9cV0bN1nM2qW3eR4tT5yU6iI7oO8pP9aS0dF1gG2hH3jJ4kK5lL6zZ7xX8cC9vV0bB1nN2mM3qW4eR5tT6yU7iI8oO9pP0aS1dF2gG3hH4jJ5kK6lL7zZ8xX9cC0vB1nN2mQ3wE4rR5tT6yY7uU8iI9oO0pP1aS2dF3gG4hH5jJ6kK7lL8zX9cV0bN1nM2qW3eR4tT5yU6iI7oO8pP9aS0dF1gG2hH3jJ4kK5lL6zZ7xX8cC9vV0bB1nN2mM3qW4eR5tT6yU7iI8oO9pP0aS1dF2gG3hH4jJ5kK6lL7zZ8xX9cC0vB1nN2mQ3wE4rR5tT6yY7uU8iI9oO0pP1aS2dF3gG4hH5jJ6kK7lL8zX9cV0bN1nM2qW3eR4tT5yU6iI7oO8pP9aS0dF1gG2hH3jJ4kK5lL6zZ7xX8cC9vV0bB1nN2mM3qW4eR5tT6yU7iI8oO9pP0aS1dF2gG3hH4jJ5kK6lL7zZ8xX9cC0vB1nN2mQ3wE4rR5tT6yY7uU8iI9oO0pP1aS2dF3gG4hH5jJ6kK7lL8zX9cV0bN1nM2qW3eR4tT5yU6iI7oO8pP9aS0dF1gG2hH3jJ4kK5lL6zZ7xX8cC9vV0bB1nN2mM3qW4eR5tT6yU7iI8oO9pP0aS1dF2gG3hH4jJ5kK6lL7zZ8xX9cC0vB1nN2mQ3wE4rR5tT6yY7uU8iI9oO0pP1aS2dF3gG4hH5jJ6kK7l4hH5jJ6kK7lL8zX9cV0bN1nM2qW3eR4tT5yU6iI7oO8pP9aS0dF1gG2hH3jJ4kK5lL6zZ7xX8cC9vV0bB1nN2mM3qW4eR5tT6yU7iI8oO9pP0aS1dF2gG3hH4jJ5kK6lL7zZ8xX9cC0vB1nN2mQ3wE4rR5tT6yY7uU8iI9oO0pP1aS2dF3gG4hH5jJ6kK7lL8zX9cV0bN1nM2qW3eR4tT5yU6iI7oO8pP9aS0dF1gG2hH3jJ4kK5lL6zZ7xX8cC9vV0bB1nN2mM3qW4eR5tT6yU7iI8oO9pP0aS1dF2gG3hH4jJ5kK6lL7zZ8xX9cC0vB1nN2mQ3wE4rR5tT6yY7uU8iI9oO0pP1aS2dF3gG4hH5jJ6kK7l4hH5jJ6kK7lL8zX9cV0bN1nM2qW3eR4tT5yU6iI7oO8pP9aS0dF1gG2hH3jJ4kK5lL6zZ7xX8cC9vV0bB1nN2mM3qW4eR5tT6yU7iI8oO9pP0aS1dF2gG3hH4jJ5kK6lL7zZ8xX9cC0vB1nN2mQ3wE4rR5tT6yY7uU8iI9oO0pP1aS2dF3gG4hH5jJ6kK7lL8zX9cV0bN1nM2qW3eR4tT5yU6iI7oO8pP9aS0dF1gG2hH3jJ4kK5lL6zZ7xX8cC9vV0bB1nN2mM3qW4eR5tT6yU7iI8oO9pP0aS1dF2gG3hH4jJ5kK6lL7zZ8xX9cC0vB1nN2mQ3wE4rR5tT6yY7uU8iI9oO0pP1aS2dF3gG4hH5jJ6kK7l4hH5jJ6kK7lL8zX9cV0bN1nM2qW3eR4tT5yU6iI7oO8pP9aS0dF1gG2hH3jJ4kK5lL6zZ7xX8cC9vV0bB1nN2mM3qW4eR5tT6yU7iI8oO9pP0aS1dF2gG3hH4jJ5kK6lL7zZ8xX9cC0vB1nN2mQ3wE4rR5tT6yY7uU8iI9oO0pP1aS2dF3gG4hH5jJ6kK7lL8zX9cV0bN1nM2qW3eR4tT5yU6iI7oO8pP9aS0dF1gG2hH3jJ4kK5lL6zZ7xX8cC9vV0bB1nN2mM3qW4eR5tT6yU7iI8oO9pP0aS1dF2gG3hH4jJ5kK6lL7zZ8xX9cC0vB1nN2mQ3wE4rR5tT6yY7uU8iI9oO0pP1aS2dF3gG4hH5jJ6kK7l4hH5jJ6kK7lL8zX9cV0bN1nM2qW3eR4tT5yU6iI7oO8pP9aS0dF1gG2hH3jJ4kK5lL6zZ7xX8cC9vV0bB1nN2mM3qW4eR5tT6yU7iI8oO9pP0aS1dF2gG3hH4jJ5kK6lL7zZ8xX9cC0vB1nN2mQ3wE4rR5tT6yY7uU8iI9oO0pP1aS2dF3gG4hH5jJ6kK7lL8zX9cV0bN1nM2qW3eR4tT5yU6iI7oO8pP9aS0dF1gG2hH3jJ4kK5lL6zZ7xX8cC9vV0bB1nN2mM3qW4eR5tT6yU7iI8oO9pP0aS1dF2gG3hH4jJ5kK6lL7zZ8xX9cC0vB1nN2mQ3wE4rR5tT6yY7uU8iI9oO0pP1aS2dF3gG4hH5jJ6kK7l4hH5jJ6kK7lL8zX9cV0bN1nM2qW3eR4tT5yU6iI7oO8pP9aS0dF1gG2hH3jJ4kK5lL6zZ7xX8cC9vV0bB1nN2mM3qW4eR5tT6yU7iI8oO9pP0aS1dF2gG3hH4jJ5kK6lL7zZ8xX9cC0vB1nN2mQ3wE4rR5tT6yY7uU8iI9oO0pP1aS2dF3gG4hH5jJ6kK7lL8zX9cV0bN1nM2qW3eR4tT5yU6iI7oO8pP9aS0dF1gG2hH3jJ4kK5lL6zZ7xX8cC9vV0bB1nN2mM3qW4eR5tT6yU7iI8oO9pP0aS1dF2gG3hH4jJ5kK6lL7zZ8xX9cC0vB1nN2mQ3wE4rR5tT6yY7uU8iI9oO0pP1aS2dF3gG4hH5jJ6kK7l4hH5jJ6kK7lL8zX9cV0bN1nM2qW3eR4tT5yU6iI7oO8pP9aS0dF1gG2hH3jJ4kK5lL6zZ7xX8cC9vV0bB1nN2mM3qW4eR5tT6yU7iI8oO9pP0aS1dF2gG3hH4jJ5kK6lL7zZ8xX9cC0vB1nN2mQ3wE4rR5tT6yY7uU8iI9oO0pP1aS2dF3gG4hH5jJ6kK7lL8zX9cV0bN1nM2qW3eR4tT5yU6iI7oO8pP9aS0dF1gG2hH3jJ4kK5lL6zZ7xX8cC9vV0bB1nN2mM3qW4eR5tT6yU7iI8oO9pP0aS1dF2gG3hH4jJ5kK6lL7zZ8xX9cC0vB1nN2mQ3wE4rR5tT6yY7uU8iI9oO0pP1aS2dF3gG4hH5jJ6kK7l4hH5jJ6kK7lL8zX9cV0bN1nM2qW3eR4tT5yU6iI7oO8pP9aS0dF1gG2hH3jJ4kK5lL6zZ7xX8cC9vV0bB1nN2mM3qW4eR5tT6yU7iI8oO9pP0aS1dF2gG3hH4jJ5kK6lL7zZ8xX9cC0vB1nN2mQ3wE4rR5tT6yY7uU8iI9oO0pP1aS2dF3gG4hH5jJ6kK7lL8zX9cV0bN1nM2qW3eR4tT5yU6iI7oO8pP9aS0dF1gG2hH3jJ4kK5lL6zZ7xX8cC9vV0bB1nN2mM3qW4eR5tT6yU7iI8oO9pP0aS1dF2gG3hH4jJ5kK6lL7zZ8xX9cC0vB1nN2mQ3wE4rR5tT6yY7uU8iI9oO0pP1aS2dF3gG4hH5jJ6kK7l4hH5jJ6kK7lL8zX9cV0bN1nM2qW3eR4tT5yU6iI7oO8pP9aS0dF1gG2hH3jJ4kK5lL6z7nB9vR2mX8kLp4QjW3tY5zH1aG6sF9dD0fS8gA7hJ6kL5mN4bV3vC2xZ1oP9iU8uY7tT6rR5eE4wW3qQ2aZ1sX2dC3fV4gB5hN6jM7kL8pO9iU0yT1rE2wQ3aS4dF5gG6hH7jJ8kK9lL0zZ1xX2cC3vV4bB5nN6mM7qQ8wW9eE0rR1tT2yY3uU4iI5oO6pP7aA8sS9dD0fF1gG2hH3jJ4kK5lL6zZ7xX8cC9vV0bB1nN2mM3qW4eR5tT6yU7iI8oO9pP0aS1dF2gG3hH4jJ5kK6lL7zZ8xX9cC0vB1nN2mQ3wE4rR5tT6yY7uU8iI9oO0pP1aS2dF3gG4hH5jJ6kK7lL8zX9cV0bN1nM2qW3eR4tT5yU6iI7oO8pP9aS0dF1gG2hH3jJ4kK5lL6zZ7xX8cC9vV0bB1nN2mM3qW4eR5tT6yU7iI8oO9pP0aS1dF2gG3hH4jJ5kK6lL7zZ8xX9cC0vB1nN2mQ3wE4rR5tT6yY7uU8iI9oO0pP1aS2dF3gG4hH5jJ6kK7lL8zX9cV0bN1nM2qW3eR4tT5yU6iI7oO8pP9aS0dF1gG2hH3jJ4kK5lL6zZ7xX8cC9vV0bB1nN2mM3qW4eR5tT6yU7iI8oO9pP0aS1dF2gG3hH4jJ5kK6lL7zZ8xX9cC0vB1nN2mQ3wE4rR5tT6yY7uU8iI9oO0pP1aS2dF3gG4hH5jJ6kK7lL8zX9cV0bN1nM2qW3eR4tT5yU6iI7oO8pP9aS0dF1gG2hH3jJ4kK5lL6zZ7xX8cC9vV0bB1nN2mM3qW4eR5tT6yU7iI8oO9pP0aS1dF2gG3hH4jJ5kK6lL7zZ8xX9cC0vB1nN2mQ3wE4rR5tT6yY7uU8iI9oO0pP1aS2dF3gG4hH5jJ6kK7lL8zX9cV0bN1nM2qW3eR4tT5yU6iI7oO8pP9aS0dF1gG2hH3jJ4kK5lL6zZ7xX8cC9vV0bB1nN2mM3qW4eR5tT6yU7iI8oO9pP0aS1dF2gG3hH4jJ5kK6lL7zZ8xX9cC0vB1nN2mQ3wE4rR5tT6yY7uU8iI9oO0pP1aS2dF3gG4hH5jJ6kK7l4hH5jJ6kK7lL8zX9cV0bN1nM2qW3eR4tT5yU6iI7oO8pP9aS0dF1gG2hH3jJ4kK5lL6zZ7xX8cC9vV0bB1nN2mM3qW4eR5tT6yU7iI8oO9pP0aS1dF2gG3hH4jJ5kK6lL7zZ8xX9cC0vB1nN2mQ3wE4rR5tT6yY7uU8iI9oO0pP1aS2dF3gG4hH5jJ6kK7lL8zX9cV0bN1nM2qW3eR4tT5yU6iI7oO8pP9aS0dF1gG2hH3jJ4kK5lL6zZ7xX8cC9vV0bB1nN2mM3qW4eR5tT6yU7iI8oO9pP0aS1dF2gG3hH4jJ5kK6lL7zZ8xX9cC0vB1nN2mQ3wE4rR5tT6yY7uU8iI9oO0pP1aS2dF3gG4hH5jJ6kK7l4hH5jJ6kK7lL8zX9cV0bN1nM2qW3eR4tT5yU6iI7oO8pP9aS0dF1gG2hH3jJ4kK5lL6zZ7xX8cC9vV0bB1nN2mM3qW4eR5tT6yU7iI8oO9pP0aS1dF2gG3hH4jJ5kK6lL7zZ8xX9cC0vB1nN2mQ3wE4rR5tT6yY7uU8iI9oO0pP1aS2dF3gG4hH5jJ6kK7lL8zX9cV0bN1nM2qW3eR4tT5yU6iI7oO8pP9aS0dF1gG2hH3jJ4kK5lL6zZ7xX8cC9vV0bB1nN2mM3qW4eR5tT6yU7iI8oO9pP0aS1dF2gG3hH4jJ5kK6lL7zZ8xX9cC0vB1nN2mQ3wE4rR5tT6yY7uU8iI9oO0pP1aS2dF3gG4hH5jJ6kK7l4hH5jJ6kK7lL8zX9cV0bN1nM2qW3eR4tT5yU6iI7oO8pP9aS0dF1gG2hH3jJ4kK5lL6zZ7xX8cC9vV0bB1nN2mM3qW4eR5tT6yU7iI8oO9pP0aS1dF2gG3hH4jJ5kK6lL7zZ8xX9cC0vB1nN2mQ3wE4rR5tT6yY7uU8iI9oO0pP1aS2dF3gG4hH5jJ6kK7lL8zX9cV0bN1nM2qW3eR4tT5yU6iI7oO8pP9aS0dF1gG2hH3jJ4kK5lL6zZ7xX8cC9vV0bB1nN2mM3qW4eR5tT6yU7iI8oO9pP0aS1dF2gG3hH4jJ5kK6lL7zZ8xX9cC0vB1nN2mQ3wE4rR5tT6yY7uU8iI9oO0pP1aS2dF3gG4hH5jJ6kK7l4hH5jJ6kK7lL8zX9cV0bN1nM2qW3eR4tT5yU6iI7oO8pP9aS0dF1gG2hH3jJ4kK5lL6zZ7xX8cC9vV0bB1nN2mM3qW4eR5tT6yU7iI8oO9pP0aS1dF2gG3hH4jJ5kK6lL7zZ8xX9cC0vB1nN2mQ3wE4rR5tT6yY7uU8iI9oO0pP1aS2dF3gG4hH5jJ6kK7lL8zX9cV0bN1nM2qW3eR4tT5yU6iI7oO8pP9aS0dF1gG2hH3jJ4kK5lL6zZ7xX8cC9vV0bB1nN2mM3qW4eR5tT6yU7iI8oO9pP0aS1dF2gG3hH4jJ5kK6lL7zZ8xX9cC0vB1nN2mQ3wE4rR5tT6yY7uU8iI9oO0pP1aS2dF3gG4hH5jJ6kK7l4hH5jJ6kK7lL8zX9cV0bN1nM2qW3eR4tT5yU6iI7oO8pP9aS0dF1gG2hH3jJ4kK5lL6zZ7xX8cC9vV0bB1nN2mM3qW4eR5tT6yU7iI8oO9pP0aS1dF2gG3hH4jJ5kK6lL7zZ8xX9cC0vB1nN2mQ3wE4rR5tT6yY7uU8iI9oO0pP1aS2dF3gG4hH5jJ6kK7lL8zX9cV0bN1nM2qW3eR4tT5yU6iI7oO8pP9aS0dF1gG2hH3jJ4kK5lL6zZ7xX8cC9vV0bB1nN2mM3qW4eR5tT6yU7iI8oO9pP0aS1dF2gG3hH4jJ5kK6lL7zZ8xX9cC0vB1nN2mQ3wE4rR5tT6yY7uU8iI9oO0pP1aS2dF3gG4hH5jJ6kK7l4hH5jJ6kK7lL8zX9cV0bN1nM2qW3eR4tT5yU6iI7oO8pP9aS0dF1gG2hH3jJ4kK5lL6zZ7xX8cC9vV0bB1nN2mM3qW4eR5tT6yU7iI8oO9pP0aS1dF2gG3hH4jJ5kK6lL7zZ8xX9cC0vB1nN2mQ3wE4rR5tT6yY7uU8iI9oO0pP1aS2dF3gG4hH5jJ6kK7lL8zX9cV0bN1nM2qW3eR4tT5yU6iI7oO8pP9aS0dF1gG2hH3jJ4kK5lL6zZ7xX8cC9vV0bB1nN2mM3qW4eR5tT6yU7iI8oO9pP0aS1dF2gG3hH4jJ5kK6lL7zZ8xX9cC0vB1nN2mQ3wE4rR5tT6yY7uU8iI9oO0pP1aS2dF3gG4hH5jJ6kK7l4hH5jJ6kK7lL8zX9cV0bN1nM2qW3eR4tT5yU6iI7oO8pP9aS0dF1gG2hH3jJ4kK5lL6zZ7xX8cC9vV0bB1nN2mM3qW4eR5tT6yU7iI8oO9pP0aS1dF2gG3hH4jJ5kK6lL7zZ8xX9cC0vB1nN2mQ3wE4rR5tT6yY7uU8iI9oO0pP1aS2dF3gG4hH5jJ6kK7lL8zX9cV0bN1nM2qW3eR4tT5yU6iI7oO8pP9aS0dF1gG2hH3jJ4kK5lL6zZ7xX8cC9vV0bB1nN2mM3qW4eR5tT6yU7iI8oO9pP0aS1dF2gG3hH4jJ5kK6lL7zZ8xX9cC0vB1nN2mQ3wE4rR5tT6yY7uU8iI9oO0pP1aS2dF3gG4hH5jJ6kK7l4hH5jJ6kK7lL8zX9cV0bN1nM2qW3eR4tT5yU6iI7oO8pP9aS0dF1gG2hH3jJ4kK5lL6z7nB9vR2mX8kLp4QjW3tY5zH1aG6sF9dD0fS8gA7hJ6kL5mN4bV3vC2xZ1oP9iU8uY7tT6rR5eE4wW3qQ2aZ1sX2dC3fV4gB5hN6jM7kL8pO9iU0yT1rE2wQ3aS4dF5gG6hH7jJ8kK9lL0zZ1xX2cC3vV4bB5nN6mM7qQ8wW9eE0rR1tT2yY3uU4iI5oO6pP7aA8sS9dD0fF1gG2hH3jJ4kK5lL6zZ7xX8cC9vV0bB1nN2mM3qW4eR5tT6yU7iI8oO9pP0aS1dF2gG3hH4jJ5kK6lL7zZ8xX9cC0vB1nN2mQ3wE4rR5tT6yY7uU8iI9oO0pP1aS2dF3gG4hH5jJ6kK7lL8zX9cV0bN1nM2qW3eR4tT5yU6iI7oO8pP9aS0dF1gG2hH3jJ4kK5lL6zZ7xX8cC9vV0bB1nN2mM3qW4eR5tT6yU7iI8oO9pP0aS1dF2gG3hH4jJ5kK6lL7zZ8xX9cC0vB1nN2mQ3wE4rR5tT6yY7uU8iI9oO0pP1aS2dF3gG4hH5jJ6kK7lL8zX9cV0bN1nM2qW3eR4tT5yU6iI7oO8pP9aS0dF1gG2hH3jJ4kK5lL6zZ7xX8cC9vV0bB1nN2mM3qW4eR5tT6yU7iI8oO9pP0aS1dF2gG3hH4jJ5kK6lL7zZ8xX9cC0vB1nN2mQ3wE4rR5tT6yY7uU8iI9oO0pP1aS2dF3gG4hH5jJ6kK7lL8zX9cV0bN1nM2qW3eR4tT5yU6iI7oO8pP9aS0dF1gG2hH3jJ4kK5lL6zZ7xX8cC9vV0bB1nN2mM3qW4eR5tT6yU7iI8oO9pP0aS1dF2gG3hH4jJ5kK6lL7zZ8xX9cC0vB1nN2mQ3wE4rR5tT6yY7uU8iI9oO0pP1aS2dF3gG4hH5jJ6kK7lL8zX9cV0bN1nM2qW3eR4tT5yU6iI7oO8pP9aS0dF1gG2hH3jJ4kK5lL6zZ7xX8cC9vV0bB1nN2mM3qW4eR5tT6yU7iI8oO9pP0aS1dF2gG3hH4jJ5kK6lL7zZ8xX9cC0vB1nN2mQ3wE4rR5tT6yY7uU8iI9oO0pP1aS2dF3gG4hH5jJ6kK7l4hH5jJ6kK7lL8zX9cV0bN1nM2qW3eR4tT5yU6iI7oO8pP9aS0dF1gG2hH3jJ4kK5lL6zZ7xX8cC9vV0bB1nN2mM3qW4eR5tT6yU7iI8oO9pP0aS1dF2gG3hH4jJ5kK6lL7zZ8xX9cC0vB1nN2mQ3wE4rR5tT6yY7uU8iI9oO0pP1aS2dF3gG4hH5jJ6kK7lL8zX9cV0bN1nM2qW3eR4tT5yU6iI7oO8pP9aS0dF1gG2hH3jJ4kK5lL6zZ7xX8cC9vV0bB1nN2mM3qW4eR5tT6yU7iI8oO9pP0aS1dF2gG3hH4jJ5kK6lL7zZ8xX9cC0vB1nN2mQ3wE4rR5tT6yY7uU8iI9oO0pP1aS2dF3gG4hH5jJ6kK7l4hH5jJ6kK7lL8zX9cV0bN1nM2qW3eR4tT5yU6iI7oO8pP9aS0dF1gG2hH3jJ4kK5lL6zZ7xX8cC9vV0bB1nN2mM3qW4eR5tT6yU7iI8oO9pP0aS1dF2gG3hH4jJ5kK6lL7zZ8xX9cC0vB1nN2mQ3wE4rR5tT6yY7uU8iI9oO0pP1aS2dF3gG4hH5jJ6kK7lL8zX9cV0bN1nM2qW3eR4tT5yU6iI7oO8pP9aS0dF1gG2hH3jJ4kK5lL6zZ7xX8cC9vV0bB1nN2mM3qW4eR5tT6yU7iI8oO9pP0aS1dF2gG3hH4jJ5kK6lL7zZ8xX9cC0vB1nN2mQ3wE4rR5tT6yY7uU8iI9oO0pP1aS2dF3gG4hH5jJ6kK7l4hH5jJ6kK7lL8zX9cV0bN1nM2qW3eR4tT5yU6iI7oO8pP9aS0dF1gG2hH3jJ4kK5lL6zZ7xX8cC9vV0bB1nN2mM3qW4eR5tT6yU7iI8oO9pP0aS1dF2gG3hH4jJ5kK6lL7zZ8xX9cC0vB1nN2mQ3wE4rR5tT6yY7uU8iI9oO0pP1aS2dF3gG4hH5jJ6kK7lL8zX9cV0bN1nM2qW3eR4tT5yU6iI7oO8pP9aS0dF1gG2hH3jJ4kK5lL6zZ7xX8cC9vV0bB1nN2mM3qW4eR5tT6yU7iI8oO9pP0aS1dF2gG3hH4jJ5kK6lL7zZ8xX9cC0vB1nN2mQ3wE4rR5tT6yY7uU8iI9oO0pP1aS2dF3gG4hH5jJ6kK7l4hH5jJ6kK7lL8zX9cV0bN1nM2qW3eR4tT5yU6iI7oO8pP9aS0dF1gG2hH3jJ4kK5lL6zZ7xX8cC9vV0bB1nN2mM3qW4eR5tT6yU7iI8oO9pP0aS1dF2gG3hH4jJ5kK6lL7zZ8xX9cC0vB1nN2mQ3wE4rR5tT6yY7uU8iI9oO0pP1aS2dF3gG4hH5jJ6kK7lL8zX9cV0bN1nM2qW3eR4tT5yU6iI7oO8pP9aS0dF1gG2hH3jJ4kK5lL6zZ7xX8cC9vV0bB1nN2mM3qW4eR5tT6yU7iI8oO9pP0aS1dF2gG3hH4jJ5kK6lL7zZ8xX9cC0vB1nN2mQ3wE4rR5tT6yY7uU8iI9oO0pP1aS2dF3gG4hH5jJ6kK7l4hH5jJ6kK7lL8zX9cV0bN1nM2qW3eR4tT5yU6iI7oO8pP9aS0dF1gG2hH3jJ4kK5lL6zZ7xX8cC9vV0bB1nN2mM3qW4eR5tT6yU7iI8oO9pP0aS1dF2gG3hH4jJ5kK6lL7zZ8xX9cC0vB1nN2mQ3wE4rR5tT6yY7uU8iI9oO0pP1aS2dF3gG4hH5jJ6kK7lL8zX9cV0bN1nM2qW3eR4tT5yU6iI7oO8pP9aS0dF1gG2hH3jJ4kK5lL6zZ7xX8cC9vV0bB1nN2mM3qW4eR5tT6yU7iI8oO9pP0aS1dF2gG3hH4jJ5kK6lL7zZ8xX9cC0vB1nN2mQ3wE4rR5tT6yY7uU8iI9oO0pP1aS2dF3gG4hH5jJ6kK7l4hH5jJ6kK7lL8zX9cV0bN1nM2qW3eR4tT5yU6iI7oO8pP9aS0dF1gG2hH3jJ4kK5lL6zZ7xX8cC9vV0bB1nN2mM3qW4eR5tT6yU7iI8oO9pP0aS1dF2gG3hH4jJ5kK6lL7zZ8xX9cC0vB1nN2mQ3wE4rR5tT6yY7uU8iI9oO0pP1aS2dF3gG4hH5jJ6kK7lL8zX9cV0bN1nM2qW3eR4tT5yU6iI7oO8pP9aS0dF1gG2hH3jJ4kK5lL6zZ7xX8cC9vV0bB1nN2mM3qW4eR5tT6yU7iI8oO9pP0aS1dF2gG3hH4jJ5kK6lL7zZ8xX9cC0vB1nN2mQ3wE4rR5tT6yY7uU8iI9oO0pP1aS2dF3gG4hH5jJ6kK7l4hH5jJ6kK7lL8zX9cV0bN1nM2qW3eR4tT5yU6iI7oO8pP9aS0dF1gG2hH3jJ4kK5lL6zZ7xX8cC9vV0bB1nN2mM3qW4eR5tT6yU7iI8oO9pP0aS1dF2gG3hH4jJ5kK6lL7zZ8xX9cC0vB1nN2mQ3wE4rR5tT6yY7uU8iI9oO0pP1aS2dF3gG4hH5jJ6kK7lL8zX9cV0bN1nM2qW3eR4tT5yU6iI7oO8pP9aS0dF1gG2hH3jJ4kK5lL6zZ7xX8cC9vV0bB1nN2mM3qW4eR5tT6yU7iI8oO9pP0aS1dF2gG3hH4jJ5kK6lL7zZ8xX9cC0vB1nN2mQ3wE4rR5tT6yY7uU8iI9oO0pP1aS2dF3gG4hH5jJ6kK7l4hH5jJ6kK7lL8zX9cV0bN1nM2qW3eR4tT5yU6iI7oO8pP9aS0dF1gG2hH3jJ4kK5lL6z7nB9vR2mX8kLp4QjW3tY5zH1aG6sF9dD0fS8gA7hJ6kL5mN4bV3vC2xZ1oP9iU8uY7tT6rR5eE4wW3qQ2aZ1sX2dC3fV4gB5hN6jM7kL8pO9iU0yT1rE2wQ3aS4dF5gG6hH7jJ8kK9lL0zZ1xX2cC3vV4bB5nN6mM7qQ8wW9eE0rR1tT2yY3uU4iI5oO6pP7aA8sS9dD0fF1gG2hH3jJ4kK5lL6zZ7xX8cC9vV0bB1nN2mM3qW4eR5tT6yU7iI8oO9pP0aS1dF2gG3hH4jJ5kK6lL7zZ8xX9cC0vB1nN2mQ3wE4rR5tT6yY7uU8iI9oO0pP1aS2dF3gG4hH5jJ6kK7lL8zX9cV0bN1nM2qW3eR4tT5yU6iI7oO8pP9aS0dF1gG2hH3jJ4kK5lL6zZ7xX8cC9vV0bB1nN2mM3qW4eR5tT6yU7iI8oO9pP0aS1dF2gG3hH4jJ5kK6lL7zZ8xX9cC0vB1nN2mQ3wE4rR5tT6yY7uU8iI9oO0pP1aS2dF3gG4hH5jJ6kK7lL8zX9cV0bN1nM2qW3eR4tT5yU6iI7oO8pP9aS0dF1gG2hH3jJ4kK5lL6zZ7xX8cC9vV0bB1nN2mM3qW4eR5tT6yU7iI8oO9pP0aS1dF2gG3hH4jJ5kK6lL7zZ8xX9cC0vB1nN2mQ3wE4rR5tT6yY7uU8iI9oO0pP1aS2dF3gG4hH5jJ6kK7lL8zX9cV0bN1nM2qW3eR4tT5yU6iI7oO8pP9aS0dF1gG2hH3jJ4kK5lL6zZ7xX8cC9vV0bB1nN2mM3qW4eR5tT6yU7iI8oO9pP0aS1dF2gG3hH4jJ5kK6lL7zZ8xX9cC0vB1nN2mQ3wE4rR5tT6yY7uU8iI9oO0pP1aS2dF3gG4hH5jJ6kK7lL8zX9cV0bN1nM2qW3eR4tT5yU6iI7oO8pP9aS0dF1gG2hH3jJ4kK5lL6zZ7xX8cC9vV0bB1nN2mM3qW4eR5tT6yU7iI8oO9pP0aS1dF2gG3hH4jJ5kK6lL7zZ8xX9cC0vB1nN2mQ3wE4rR5tT6yY7uU8iI9oO0pP1aS2dF3gG4hH5jJ6kK7l4hH5jJ6kK7lL8zX9cV0bN1nM2qW3eR4tT5yU6iI7oO8pP9aS0dF1gG2hH3jJ4kK5lL6zZ7xX8cC9vV0bB1nN2mM3qW4eR5tT6yU7iI8oO9pP0aS1dF2gG3hH4jJ5kK6lL7zZ8xX9cC0vB1nN2mQ3wE4rR5tT6yY7uU8iI9oO0pP1aS2dF3gG4hH5jJ6kK7lL8zX9cV0bN1nM2qW3eR4tT5yU6iI7oO8pP9aS0dF1gG2hH3jJ4kK5lL6zZ7xX8cC9vV0bB1nN2mM3qW4eR5tT6yU7iI8oO9pP0aS1dF2gG3hH4jJ5kK6lL7zZ8xX9cC0vB1nN2mQ3wE4rR5tT6yY7uU8iI9oO0pP1aS2dF3gG4hH5jJ6kK7l4hH5jJ6kK7lL8zX9cV0bN1nM2qW3eR4tT5yU6iI7oO8pP9aS0dF1gG2hH3jJ4kK5lL6zZ7xX8cC9vV0bB1nN2mM3qW4eR5tT6yU7iI8oO9pP0aS1dF2gG3hH4jJ5kK6lL7zZ8xX9cC0vB1nN2mQ3wE4rR5tT6yY7uU8iI9oO0pP1aS2dF3gG4hH5jJ6kK7lL8zX9cV0bN1nM2qW3eR4tT5yU6iI7oO8pP9aS0dF1gG2hH3jJ4kK5lL6zZ7xX8cC9vV0bB1nN2mM3qW4eR5tT6yU7iI8oO9pP0aS1dF2gG3hH4jJ5kK6lL7zZ8xX9cC0vB1nN2mQ3wE4rR5tT6yY7uU8iI9oO0pP1aS2dF3gG4hH5jJ6kK7l4hH5jJ6kK7lL8zX9cV0bN1nM2qW3eR4tT5yU6iI7oO8pP9aS0dF1gG2hH3jJ4kK5lL6zZ7xX8cC9vV0bB1nN2mM3qW4eR5tT6yU7iI8oO9pP0aS1dF2gG3hH4jJ5kK6lL7zZ8xX9cC0vB1nN2mQ3wE4rR5tT6yY7uU8iI9oO0pP1aS2dF3gG4hH5jJ6kK7lL8zX9cV0bN1nM2qW3eR4tT5yU6iI7oO8pP9aS0dF1gG2hH3jJ4kK5lL6zZ7xX8cC9vV0bB1nN2mM3qW4eR5tT6yU7iI8oO9pP0aS1dF2gG3hH4jJ5kK6lL7zZ8xX9cC0vB1nN2mQ3wE4rR5tT6yY7uU8iI9oO0pP1aS2dF3gG4hH5jJ6kK7l4hH5jJ6kK7lL8zX9cV0bN1nM2qW3eR4tT5yU6iI7oO8pP9aS0dF1gG2hH3jJ4kK5lL6zZ7xX8cC9vV0bB1nN2mM3qW4eR5tT6yU7iI8oO9pP0aS1dF2gG3hH4jJ5kK6lL7zZ8xX9cC0vB1nN2mQ3wE4rR5tT6yY7uU8iI9oO0pP1aS2dF3gG4hH5jJ6kK7lL8zX9cV0bN1nM2qW3eR4tT5yU6iI7oO8pP9aS0dF1gG2hH3jJ4kK5lL6zZ7xX8cC9vV0bB1nN2mM3qW4eR5tT6yU7iI8oO9pP0aS1dF2gG3hH4jJ5kK6lL7zZ8xX9cC0vB1nN2mQ3wE4rR5tT6yY7uU8iI9oO0pP1aS2dF3gG4hH5jJ6kK7l4hH5jJ6kK7lL8zX9cV0bN1nM2qW3eR4tT5yU6iI7oO8pP9aS0dF1gG2hH3jJ4kK5lL6zZ7xX8cC9vV0bB1nN2mM3qW4eR5tT6yU7iI8oO9pP0aS1dF2gG3hH4jJ5kK6lL7zZ8xX9cC0vB1nN2mQ3wE4rR5tT6yY7uU8iI9oO0pP1aS2dF3gG4hH5jJ6kK7lL8zX9cV0bN1nM2qW3eR4tT5yU6iI7oO8pP9aS0dF1gG2hH3jJ4kK5lL6zZ7xX8cC9vV0bB1nN2mM3qW4eR5tT6yU7iI8oO9pP0aS1dF2gG3hH4jJ5kK6lL7zZ8xX9cC0vB1nN2mQ3wE4rR5tT6yY7uU8iI9oO0pP1aS2dF3gG4hH5jJ6kK7l4hH5jJ6kK7lL8zX9cV0bN1nM2qW3eR4tT5yU6iI7oO8pP9aS0dF1gG2hH3jJ4kK5lL6zZ7xX8cC9vV0bB1nN2mM3qW4eR5tT6yU7iI8oO9pP0aS1dF2gG3hH4jJ5kK6lL7zZ8xX9cC0vB1nN2mQ3wE4rR5tT6yY7uU8iI9oO0pP1aS2dF3gG4hH5jJ6kK7lL8zX9cV0bN1nM2qW3eR4tT5yU6iI7oO8pP9aS0dF1gG2hH3jJ4kK5lL6zZ7xX8cC9vV0bB1nN2mM3qW4eR5tT6yU7iI8oO9pP0aS1dF2gG3hH4jJ5kK6lL7zZ8xX9cC0vB1nN2mQ3wE4rR5tT6yY7uU8iI9oO0pP1aS2dF3gG4hH5jJ6kK7l4hH5jJ6kK7lL8zX9cV0bN1nM2qW3eR4tT5yU6iI7oO8pP9aS0dF1gG2hH3jJ4kK5lL6zZ7xX8cC9vV0bB1nN2mM3qW4eR5tT6yU7iI8oO9pP0aS1dF2gG3hH4jJ5kK6lL7zZ8xX9cC0vB1nN2mQ3wE4rR5tT6yY7uU8iI9oO0pP1aS2dF3gG4hH5jJ6kK7lL8zX9cV0bN1nM2qW3eR4tT5yU6iI7oO8pP9aS0dF1gG2hH3jJ4kK5lL6zZ7xX8cC9vV0bB1nN2mM3qW4eR5tT6yU7iI8oO9pP0aS1dF2gG3hH4jJ5kK6lL7zZ8xX9cC0vB1nN2mQ3wE4rR5tT6yY7uU8iI9oO0pP1aS2dF3gG4hH5jJ6kK7l4hH5jJ6kK7lL8zX9cV0bN1nM2qW3eR4tT5yU6iI7oO8pP9aS0dF1gG2hH3jJ4kK5lL6z7nB9vR2mX8kLp4QjW3tY5zH1aG6sF9dD0fS8gA7hJ6kL5mN4bV3vC2xZ1oP9iU8uY7tT6rR5eE4wW3qQ2aZ1sX2dC3fV4gB5hN6jM7kL8pO9iU0yT1rE2wQ3aS4dF5gG6hH7jJ8kK9lL0zZ1xX2cC3vV4bB5nN6mM7qQ8wW9eE0rR1tT2yY3uU4iI5oO6pP7aA8sS9dD0fF1gG2hH3jJ4kK5lL6zZ7xX8cC9vV0bB1nN2mM3qW4eR5tT6yU7iI8oO9pP0aS1dF2gG3hH4jJ5kK6lL7zZ8xX9cC0vB1nN2mQ3wE4rR5tT6yY7uU8iI9oO0pP1aS2dF3gG4hH5jJ6kK7lL8zX9cV0bN1nM2qW3eR4tT5yU6iI7oO8pP9aS0dF1gG2hH3jJ4kK5lL6zZ7xX8cC9vV0bB1nN2mM3qW4eR5tT6yU7iI8oO9pP0aS1dF2gG3hH4jJ5kK6lL7zZ8xX9cC0vB1nN2mQ3wE4rR5tT6yY7uU8iI9oO0pP1aS2dF3gG4hH5jJ6kK7lL8zX9cV0bN1nM2qW3eR4tT5yU6iI7oO8pP9aS0dF1gG2hH3jJ4kK5lL6zZ7xX8cC9vV0bB1nN2mM3qW4eR5tT6yU7iI8oO9pP0aS1dF2gG3hH4jJ5kK6lL7zZ8xX9cC0vB1nN2mQ3wE4rR5tT6yY7uU8iI9oO0pP1aS2dF3gG4hH5jJ6kK7lL8zX9cV0bN1nM2qW3eR4tT5yU6iI7oO8pP9aS0dF1gG2hH3jJ4kK5lL6zZ7xX8cC9vV0bB1nN2mM3qW4eR5tT6yU7iI8oO9pP0aS1dF2gG3hH4jJ5kK6lL7zZ8xX9cC0vB1nN2mQ3wE4rR5tT6yY7uU8iI9oO0pP1aS2dF3gG4hH5jJ6kK7lL8zX9cV0bN1nM2qW3eR4tT5yU6iI7oO8pP9aS0dF1gG2hH3jJ4kK5lL6zZ7xX8cC9vV0bB1nN2mM3qW4eR5tT6yU7iI8oO9pP0aS1dF2gG3hH4jJ5kK6lL7zZ8xX9cC0vB1nN2mQ3wE4rR5tT6yY7uU8iI9oO0pP1aS2dF3gG4hH5jJ6kK7l4hH5jJ6kK7lL8zX9cV0bN1nM2qW3eR4tT5yU6iI7oO8pP9aS0dF1gG2hH3jJ4kK5lL6zZ7xX8cC9vV0bB1nN2mM3qW4eR5tT6yU7iI8oO9pP0aS1dF2gG3hH4jJ5kK6lL7zZ8xX9cC0vB1nN2mQ3wE4rR5tT6yY7uU8iI9oO0pP1aS2dF3gG4hH5jJ6kK7lL8zX9cV0bN1nM2qW3eR4tT5yU6iI7oO8pP9aS0dF1gG2hH3jJ4kK5lL6zZ7xX8cC9vV0bB1nN2mM3qW4eR5tT6yU7iI8oO9pP0aS1dF2gG3hH4jJ5kK6lL7zZ8xX9cC0vB1nN2mQ3wE4rR5tT6yY7uU8iI9oO0pP1aS2dF3gG4hH5jJ6kK7l4hH5jJ6kK7lL8zX9cV0bN1nM2qW3eR4tT5yU6iI7oO8pP9aS0dF1gG2hH3jJ4kK5lL6zZ7xX8cC9vV0bB1nN2mM3qW4eR5tT6yU7iI8oO9pP0aS1dF2gG3hH4jJ5kK6lL7zZ8xX9cC0vB1nN2mQ3wE4rR5tT6yY7uU8iI9oO0pP1aS2dF3gG4hH5jJ6kK7lL8zX9cV0bN1nM2qW3eR4tT5yU6iI7oO8pP9aS0dF1gG2hH3jJ4kK5lL6zZ7xX8cC9vV0bB1nN2mM3qW4eR5tT6yU7iI8oO9pP0aS1dF2gG3hH4jJ5kK6lL7zZ8xX9cC0vB1nN2mQ3wE4rR5tT6yY7uU8iI9oO0pP1aS2dF3gG4hH5jJ6kK7l4hH5jJ6kK7lL8zX9cV0bN1nM2qW3eR4tT5yU6iI7oO8pP9aS0dF1gG2hH3jJ4kK5lL6zZ7xX8cC9vV0bB1nN2mM3qW4eR5tT6yU7iI8oO9pP0aS1dF2gG3hH4jJ5kK6lL7zZ8xX9cC0vB1nN2mQ3wE4rR5tT6yY7uU8iI9oO0pP1aS2dF3gG4hH5jJ6kK7lL8zX9cV0bN1nM2qW3eR4tT5yU6iI7oO8pP9aS0dF1gG2hH3jJ4kK5lL6zZ7xX8cC9vV0bB1nN2mM3qW4eR5tT6yU7iI8oO9pP0aS1dF2gG3hH4jJ5kK6lL7zZ8xX9cC0vB1nN2mQ3wE4rR5tT6yY7uU8iI9oO0pP1aS2dF3gG4hH5jJ6kK7l4hH5jJ6kK7lL8zX9cV0bN1nM2qW3eR4tT5yU6iI7oO8pP9aS0dF1gG2hH3jJ4kK5lL6zZ7xX8cC9vV0bB1nN2mM3qW4eR5tT6yU7iI8oO9pP0aS1dF2gG3hH4jJ5kK6lL7zZ8xX9cC0vB1nN2mQ3wE4rR5tT6yY7uU8iI9oO0pP1aS2dF3gG4hH5jJ6kK7lL8zX9cV0bN1nM2qW3eR4tT5yU6iI7oO8pP9aS0dF1gG2hH3jJ4kK5lL6zZ7xX8cC9vV0bB1nN2mM3qW4eR5tT6yU7iI8oO9pP0aS1dF2gG3hH4jJ5kK6lL7zZ8xX9cC0vB1nN2mQ3wE4rR5tT6yY7uU8iI9oO0pP1aS2dF3gG4hH5jJ6kK7l4hH5jJ6kK7lL8zX9cV0bN1nM2qW3eR4tT5yU6iI7oO8pP9aS0dF1gG2hH3jJ4kK5lL6zZ7xX8cC9vV0bB1nN2mM3qW4eR5tT6yU7iI8oO9pP0aS1dF2gG3hH4jJ5kK6lL7zZ8xX9cC0vB1nN2mQ3wE4rR5tT6yY7uU8iI9oO0pP1aS2dF3gG4hH5jJ6kK7lL8zX9cV0bN1nM2qW3eR4tT5yU6iI7oO8pP9aS0dF1gG2hH3jJ4kK5lL6zZ7xX8cC9vV0bB1nN2mM3qW4eR5tT6yU7iI8oO9pP0aS1dF2gG3hH4jJ5kK6lL7zZ8xX9cC0vB1nN2mQ3wE4rR5tT6yY7uU8iI9oO0pP1aS2dF3gG4hH5jJ6kK7l4hH5jJ6kK7lL8zX9cV0bN1nM2qW3eR4tT5yU6iI7oO8pP9aS0dF1gG2hH3jJ4kK5lL6zZ7xX8cC9vV0bB1nN2mM3qW4eR5tT6yU7iI8oO9pP0aS1dF2gG3hH4jJ5kK6lL7zZ8xX9cC0vB1nN2mQ3wE4rR5tT6yY7uU8iI9oO0pP1aS2dF3gG4hH5jJ6kK7lL8zX9cV0bN1nM2qW3eR4tT5yU6iI7oO8pP9aS0dF1gG2hH3jJ4kK5lL6zZ7xX8cC9vV0bB1nN2mM3qW4eR5tT6yU7iI8oO9pP0aS1dF2gG3hH4jJ5kK6lL7zZ8xX9cC0vB1nN2mQ3wE4rR5tT6yY7uU8iI9oO0pP1aS2dF3gG4hH5jJ6kK7l4hH5jJ6kK7lL8zX9cV0bN1nM2qW3eR4tT5yU6iI7oO8pP9aS0dF1gG2hH3jJ4kK5lL6zZ7xX8cC9vV0bB1nN2mM3qW4eR5tT6yU7iI8oO9pP0aS1dF2gG3hH4jJ5kK6lL7zZ8xX9cC0vB1nN2mQ3wE4rR5tT6yY7uU8iI9oO0pP1aS2dF3gG4hH5jJ6kK7lL8zX9cV0bN1nM2qW3eR4tT5yU6iI7oO8pP9aS0dF1gG2hH3jJ4kK5lL6zZ7xX8cC9vV0bB1nN2mM3qW4eR5tT6yU7iI8oO9pP0aS1dF2gG3hH4jJ5kK6lL7zZ8xX9cC0vB1nN2mQ3wE4rR5tT6yY7uU8iI9oO0pP1aS2dF3gG4hH5jJ6kK7l4hH5jJ6kK7lL8zX9cV0bN1nM2qW3eR4tT5yU6iI7oO8pP9aS0dF1gG2hH3jJ4kK5lL6z7nB9vR2mX8kLp4QjW3tY5zH1aG6sF9dD0fS8gA7hJ6kL5mN4bV3vC2xZ1oP9iU8uY7tT6rR5eE4wW3qQ2aZ1sX2dC3fV4gB5hN6jM7kL8pO9iU0yT1rE2wQ3aS4dF5gG6hH7jJ8kK9lL0zZ1xX2cC3vV4bB5nN6mM7qQ8wW9eE0rR1tT2yY3uU4iI5oO6pP7aA8sS9dD0fF1gG2hH3jJ4kK5lL6zZ7xX8cC9vV0bB1nN2mM3qW4eR5tT6yU7iI8oO9pP0aS1dF2gG3hH4jJ5kK6lL7zZ8xX9cC0vB1nN2mQ3wE4rR5tT6yY7uU8iI9oO0pP1aS2dF3gG4hH5jJ6kK7lL8zX9cV0bN1nM2qW3eR4tT5yU6iI7oO8pP9aS0dF1gG2hH3jJ4kK5lL6zZ7xX8cC9vV0bB1nN2mM3qW4eR5tT6yU7iI8oO9pP0aS1dF2gG3hH4jJ5kK6lL7zZ8xX9cC0vB1nN2mQ3wE4rR5tT6yY7uU8iI9oO0pP1aS2dF3gG4hH5jJ6kK7lL8zX9cV0bN1nM2qW3eR4tT5yU6iI7oO8pP9aS0dF1gG2hH3jJ4kK5lL6zZ7xX8cC9vV0bB1nN2mM3qW4eR5tT6yU7iI8oO9pP0aS1dF2gG3hH4jJ5kK6lL7zZ8xX9cC0vB1nN2mQ3wE4rR5tT6yY7uU8iI9oO0pP1aS2dF3gG4hH5jJ6kK7lL8zX9cV0bN1nM2qW3eR4tT5yU6iI7oO8pP9aS0dF1gG2hH3jJ4kK5lL6zZ7xX8cC9vV0bB1nN2mM3qW4eR5tT6yU7iI8oO9pP0aS1dF2gG3hH4jJ5kK6lL7zZ8xX9cC0vB1nN2mQ3wE4rR5tT6yY7uU8iI9oO0pP1aS2dF3gG4hH5jJ6kK7lL8zX9cV0bN1nM2qW3eR4tT5yU6iI7oO8pP9aS0dF1gG2hH3jJ4kK5lL6zZ7xX8cC9vV0bB1nN2mM3qW4eR5tT6yU7iI8oO9pP0aS1dF2gG3hH4jJ5kK6lL7zZ8xX9cC0vB1nN2mQ3wE4rR5tT6yY7uU8iI9oO0pP1aS2dF3gG4hH5jJ6kK7l4hH5jJ6kK7lL8zX9cV0bN1nM2qW3eR4tT5yU6iI7oO8pP9aS0dF1gG2hH3jJ4kK5lL6zZ7xX8cC9vV0bB1nN2mM3qW4eR5tT6yU7iI8oO9pP0aS1dF2gG3hH4jJ5kK6lL7zZ8xX9cC0vB1nN2mQ3wE4rR5tT6yY7uU8iI9oO0pP1aS2dF3gG4hH5jJ6kK7lL8zX9cV0bN1nM2qW3eR4tT5yU6iI7oO8pP9aS0dF1gG2hH3jJ4kK5lL6zZ7xX8cC9vV0bB1nN2mM3qW4eR5tT6yU7iI8oO9pP0aS1dF2gG3hH4jJ5kK6lL7zZ8xX9cC0vB1nN2mQ3wE4rR5tT6yY7uU8iI9oO0pP1aS2dF3gG4hH5jJ6kK7l4hH5jJ6kK7lL8zX9cV0bN1nM2qW3eR4tT5yU6iI7oO8pP9aS0dF1gG2hH3jJ4kK5lL6zZ7xX8cC9vV0bB1nN2mM3qW4eR5tT6yU7iI8oO9pP0aS1dF2gG3hH4jJ5kK6lL7zZ8xX9cC0vB1nN2mQ3wE4rR5tT6yY7uU8iI9oO0pP1aS2dF3gG4hH5jJ6kK7lL8zX9cV0bN1nM2qW3eR4tT5yU6iI7oO8pP9aS0dF1gG2hH3jJ4kK5lL6zZ7xX8cC9vV0bB1nN2mM3qW4eR5tT6yU7iI8oO9pP0aS1dF2gG3hH4jJ5kK6lL7zZ8xX9cC0vB1nN2mQ3wE4rR5tT6yY7uU8iI9oO0pP1aS2dF3gG4hH5jJ6kK7l4hH5jJ6kK7lL8zX9cV0bN1nM2qW3eR4tT5yU6iI7oO8pP9aS0dF1gG2hH3jJ4kK5lL6zZ7xX8cC9vV0bB1nN2mM3qW4eR5tT6yU7iI8oO9pP0aS1dF2gG3hH4jJ5kK6lL7zZ8xX9cC0vB1nN2mQ3wE4rR5tT6yY7uU8iI9oO0pP1aS2dF3gG4hH5jJ6kK7lL8zX9cV0bN1nM2qW3eR4tT5yU6iI7oO8pP9aS0dF1gG2hH3jJ4kK5lL6zZ7xX8cC9vV0bB1nN2mM3qW4eR5tT6yU7iI8oO9pP0aS1dF2gG3hH4jJ5kK6lL7zZ8xX9cC0vB1nN2mQ3wE4rR5tT6yY7uU8iI9oO0pP1aS2dF3gG4hH5jJ6kK7l4hH5jJ6kK7lL8zX9cV0bN1nM2qW3eR4tT5yU6iI7oO8pP9aS0dF1gG2hH3jJ4kK5lL6zZ7xX8cC9vV0bB1nN2mM3qW4eR5tT6yU7iI8oO9pP0aS1dF2gG3hH4jJ5kK6lL7zZ8xX9cC0vB1nN2mQ3wE4rR5tT6yY7uU8iI9oO0pP1aS2dF3gG4hH5jJ6kK7lL8zX9cV0bN1nM2qW3eR4tT5yU6iI7oO8pP9aS0dF1gG2hH3jJ4kK5lL6zZ7xX8cC9vV0bB1nN2mM3qW4eR5tT6yU7iI8oO9pP0aS1dF2gG3hH4jJ5kK6lL7zZ8xX9cC0vB1nN2mQ3wE4rR5tT6yY7uU8iI9oO0pP1aS2dF3gG4hH5jJ6kK7l4hH5jJ6kK7lL8zX9cV0bN1nM2qW3eR4tT5yU6iI7oO8pP9aS0dF1gG2hH3jJ4kK5lL6zZ7xX8cC9vV0bB1nN2mM3qW4eR5tT6yU7iI8oO9pP0aS1dF2gG3hH4jJ5kK6lL7zZ8xX9cC0vB1nN2mQ3wE4rR5tT6yY7uU8iI9oO0pP1aS2dF3gG4hH5jJ6kK7lL8zX9cV0bN1nM2qW3eR4tT5yU6iI7oO8pP9aS0dF1gG2hH3jJ4kK5lL6zZ7xX8cC9vV0bB1nN2mM3qW4eR5tT6yU7iI8oO9pP0aS1dF2gG3hH4jJ5kK6lL7zZ8xX9cC0vB1nN2mQ3wE4rR5tT6yY7uU8iI9oO0pP1aS2dF3gG4hH5jJ6kK7l4hH5jJ6kK7lL8zX9cV0bN1nM2qW3eR4tT5yU6iI7oO8pP9aS0dF1gG2hH3jJ4kK5lL6zZ7xX8cC9vV0bB1nN2mM3qW4eR5tT6yU7iI8oO9pP0aS1dF2gG3hH4jJ5kK6lL7zZ8xX9cC0vB1nN2mQ3wE4rR5tT6yY7uU8iI9oO0pP1aS2dF3gG4hH5jJ6kK7lL8zX9cV0bN1nM2qW3eR4tT5yU6iI7oO8pP9aS0dF1gG2hH3jJ4kK5lL6zZ7xX8cC9vV0bB1nN2mM3qW4eR5tT6yU7iI8oO9pP0aS1dF2gG3hH4jJ5kK6lL7zZ8xX9cC0vB1nN2mQ3wE4rR5tT6yY7uU8iI9oO0pP1aS2dF3gG4hH5jJ6kK7l4hH5jJ6kK7lL8zX9cV0bN1nM2qW3eR4tT5yU6iI7oO8pP9aS0dF1gG2hH3jJ4kK5lL6zZ7xX8cC9vV0bB1nN2mM3qW4eR5tT6yU7iI8oO9pP0aS1dF2gG3hH4jJ5kK6lL7zZ8xX9cC0vB1nN2mQ3wE4rR5tT6yY7uU8iI9oO0pP1aS2dF3gG4hH5jJ6kK7lL8zX9cV0bN1nM2qW3eR4tT5yU6iI7oO8pP9aS0dF1gG2hH3jJ4kK5lL6zZ7xX8cC9vV0bB1nN2mM3qW4eR5tT6yU7iI8oO9pP0aS1dF2gG3hH4jJ5kK6lL7zZ8xX9cC0vB1nN2mQ3wE4rR5tT6yY7uU8iI9oO0pP1aS2dF3gG4hH5jJ6kK7l4hH5jJ6kK7lL8zX9cV0bN1nM2qW3eR4tT5yU6iI7oO8pP9aS0dF1gG2hH3jJ4kK5lL6z7nB9vR2mX8kLp4QjW3tY5zH1aG6sF9dD0fS8gA7hJ6kL5mN4bV3vC2xZ1oP9iU8uY7tT6rR5eE4wW3qQ2aZ1sX2dC3fV4gB5hN6jM7kL8pO9iU0yT1rE2wQ3aS4dF5gG6hH7jJ8kK9lL0zZ1xX2cC3vV4bB5nN6mM7qQ8wW9eE0rR1tT2yY3uU4iI5oO6pP7aA8sS9dD0fF1gG2hH3jJ4kK5lL6zZ7xX8cC9vV0bB1nN2mM3qW4eR5tT6yU7iI8oO9pP0aS1dF2gG3hH4jJ5kK6lL7zZ8xX9cC0vB1nN2mQ3wE4rR5tT6yY7uU8iI9oO0pP1aS2dF3gG4hH5jJ6kK7lL8zX9cV0bN1nM2qW3eR4tT5yU6iI7oO8pP9aS0dF1gG2hH3jJ4kK5lL6zZ7xX8cC9vV0bB1nN2mM3qW4eR5tT6yU7iI8oO9pP0aS1dF2gG3hH4jJ5kK6lL7zZ8xX9cC0vB1nN2mQ3wE4rR5tT6yY7uU8iI9oO0pP1aS2dF3gG4hH5jJ6kK7lL8zX9cV0bN1nM2qW3eR4tT5yU6iI7oO8pP9aS0dF1gG2hH3jJ4kK5lL6zZ7xX8cC9vV0bB1nN2mM3qW4eR5tT6yU7iI8oO9pP0aS1dF2gG3hH4jJ5kK6lL7zZ8xX9cC0vB1nN2mQ3wE4rR5tT6yY7uU8iI9oO0pP1aS2dF3gG4hH5jJ6kK7lL8zX9cV0bN1nM2qW3eR4tT5yU6iI7oO8pP9aS0dF1gG2hH3jJ4kK5lL6zZ7xX8cC9vV0bB1nN2mM3qW4eR5tT6yU7iI8oO9pP0aS1dF2gG3hH4jJ5kK6lL7zZ8xX9cC0vB1nN2mQ3wE4rR5tT6yY7uU8iI9oO0pP1aS2dF3gG4hH5jJ6kK7lL8zX9cV0bN1nM2qW3eR4tT5yU6iI7oO8pP9aS0dF1gG2hH3jJ4kK5lL6zZ7xX8cC9vV0bB1nN2mM3qW4eR5tT6yU7iI8oO9pP0aS1dF2gG3hH4jJ5kK6lL7zZ8xX9cC0vB1nN2mQ3wE4rR5tT6yY7uU8iI9oO0pP1aS2dF3gG4hH5jJ6kK7l4hH5jJ6kK7lL8zX9cV0bN1nM2qW3eR4tT5yU6iI7oO8pP9aS0dF1gG2hH3jJ4kK5lL6zZ7xX8cC9vV0bB1nN2mM3qW4eR5tT6yU7iI8oO9pP0aS1dF2gG3hH4jJ5kK6lL7zZ8xX9cC0vB1nN2mQ3wE4rR5tT6yY7uU8iI9oO0pP1aS2dF3gG4hH5jJ6kK7lL8zX9cV0bN1nM2qW3eR4tT5yU6iI7oO8pP9aS0dF1gG2hH3jJ4kK5lL6zZ7xX8cC9vV0bB1nN2mM3qW4eR5tT6yU7iI8oO9pP0aS1dF2gG3hH4jJ5kK6lL7zZ8xX9cC0vB1nN2mQ3wE4rR5tT6yY7uU8iI9oO0pP1aS2dF3gG4hH5jJ6kK7l4hH5jJ6kK7lL8zX9cV0bN1nM2qW3eR4tT5yU6iI7oO8pP9aS0dF1gG2hH3jJ4kK5lL6zZ7xX8cC9vV0bB1nN2mM3qW4eR5tT6yU7iI8oO9pP0aS1dF2gG3hH4jJ5kK6lL7zZ8xX9cC0vB1nN2mQ3wE4rR5tT6yY7uU8iI9oO0pP1aS2dF3gG4hH5jJ6kK7lL8zX9cV0bN1nM2qW3eR4tT5yU6iI7oO8pP9aS0dF1gG2hH3jJ4kK5lL6zZ7xX8cC9vV0bB1nN2mM3qW4eR5tT6yU7iI8oO9pP0aS1dF2gG3hH4jJ5kK6lL7zZ8xX9cC0vB1nN2mQ3wE4rR5tT6yY7uU8iI9oO0pP1aS2dF3gG4hH5jJ6kK7l4hH5jJ6kK7lL8zX9cV0bN1nM2qW3eR4tT5yU6iI7oO8pP9aS0dF1gG2hH3jJ4kK5lL6zZ7xX8cC9vV0bB1nN2mM3qW4eR5tT6yU7iI8oO9pP0aS1dF2gG3hH4jJ5kK6lL7zZ8xX9cC0vB1nN2mQ3wE4rR5tT6yY7uU8iI9oO0pP1aS2dF3gG4hH5jJ6kK7lL8zX9cV0bN1nM2qW3eR4tT5yU6iI7oO8pP9aS0dF1gG2hH3jJ4kK5lL6zZ7xX8cC9vV0bB1nN2mM3qW4eR5tT6yU7iI8oO9pP0aS1dF2gG3hH4jJ5kK6lL7zZ8xX9cC0vB1nN2mQ3wE4rR5tT6yY7uU8iI9oO0pP1aS2dF3gG4hH5jJ6kK7l4hH5jJ6kK7lL8zX9cV0bN1nM2qW3eR4tT5yU6iI7oO8pP9aS0dF1gG2hH3jJ4kK5lL6zZ7xX8cC9vV0bB1nN2mM3qW4eR5tT6yU7iI8oO9pP0aS1dF2gG3hH4jJ5kK6lL7zZ8xX9cC0vB1nN2mQ3wE4rR5tT6yY7uU8iI9oO0pP1aS2dF3gG4hH5jJ6kK7lL8zX9cV0bN1nM2qW3eR4tT5yU6iI7oO8pP9aS0dF1gG2hH3jJ4kK5lL6zZ7xX8cC9vV0bB1nN2mM3qW4eR5tT6yU7iI8oO9pP0aS1dF2gG3hH4jJ5kK6lL7zZ8xX9cC0vB1nN2mQ3wE4rR5tT6yY7uU8iI9oO0pP1aS2dF3gG4hH5jJ6kK7l4hH5jJ6kK7lL8zX9cV0bN1nM2qW3eR4tT5yU6iI7oO8pP9aS0dF1gG2hH3jJ4kK5lL6zZ7xX8cC9vV0bB1nN2mM3qW4eR5tT6yU7iI8oO9pP0aS1dF2gG3hH4jJ5kK6lL7zZ8xX9cC0vB1nN2mQ3wE4rR5tT6yY7uU8iI9oO0pP1aS2dF3gG4hH5jJ6kK7lL8zX9cV0bN1nM2qW3eR4tT5yU6iI7oO8pP9aS0dF1gG2hH3jJ4kK5lL6zZ7xX8cC9vV0bB1nN2mM3qW4eR5tT6yU7iI8oO9pP0aS1dF2gG3hH4jJ5kK6lL7zZ8xX9cC0vB1nN2mQ3wE4rR5tT6yY7uU8iI9oO0pP1aS2dF3gG4hH5jJ6kK7l4hH5jJ6kK7lL8zX9cV0bN1nM2qW3eR4tT5yU6iI7oO8pP9aS0dF1gG2hH3jJ4kK5lL6zZ7xX8cC9vV0bB1nN2mM3qW4eR5tT6yU7iI8oO9pP0aS1dF2gG3hH4jJ5kK6lL7zZ8xX9cC0vB1nN2mQ3wE4rR5tT6yY7uU8iI9oO0pP1aS2dF3gG4hH5jJ6kK7lL8zX9cV0bN1nM2qW3eR4tT5yU6iI7oO8pP9aS0dF1gG2hH3jJ4kK5lL6zZ7xX8cC9vV0bB1nN2mM3qW4eR5tT6yU7iI8oO9pP0aS1dF2gG3hH4jJ5kK6lL7zZ8xX9cC0vB1nN2mQ3wE4rR5tT6yY7uU8iI9oO0pP1aS2dF3gG4hH5jJ6kK7l4hH5jJ6kK7lL8zX9cV0bN1nM2qW3eR4tT5yU6iI7oO8pP9aS0dF1gG2hH3jJ4kK5lL6zZ7xX8cC9vV0bB1nN2mM3qW4eR5tT6yU7iI8oO9pP0aS1dF2gG3hH4jJ5kK6lL7zZ8xX9cC0vB1nN2mQ3wE4rR5tT6yY7uU8iI9oO0pP1aS2dF3gG4hH5jJ6kK7lL8zX9cV0bN1nM2qW3eR4tT5yU6iI7oO8pP9aS0dF1gG2hH3jJ4kK5lL6zZ7xX8cC9vV0bB1nN2mM3qW4eR5tT6yU7iI8oO9pP0aS1dF2gG3hH4jJ5kK6lL7zZ8xX9cC0vB1nN2mQ3wE4rR5tT6yY7uU8iI9oO0pP1aS2dF3gG4hH5jJ6kK7l4hH5jJ6kK7lL8zX9cV0bN1nM2qW3eR4tT5yU6iI7oO8pP9aS0dF1gG2hH3jJ4kK5lL6z7nB9vR2mX8kLp4QjW3tY5zH1aG6sF9dD0fS8gA7hJ6kL5mN4bV3vC2xZ1oP9iU8uY7tT6rR5eE4wW3qQ2aZ1sX2dC3fV4gB5hN6jM7kL8pO9iU0yT1rE2wQ3aS4dF5gG6hH7jJ8kK9lL0zZ1xX2cC3vV4bB5nN6mM7qQ8wW9eE0rR1tT2yY3uU4iI5oO6pP7aA8sS9dD0fF1gG2hH3jJ4kK5lL6zZ7xX8cC9vV0bB1nN2mM3qW4eR5tT6yU7iI8oO9pP0aS1dF2gG3hH4jJ5kK6lL7zZ8xX9cC0vB1nN2mQ3wE4rR5tT6yY7uU8iI9oO0pP1aS2dF3gG4hH5jJ6kK7lL8zX9cV0bN1nM2qW3eR4tT5yU6iI7oO8pP9aS0dF1gG2hH3jJ4kK5lL6zZ7xX8cC9vV0bB1nN2mM3qW4eR5tT6yU7iI8oO9pP0aS1dF2gG3hH4jJ5kK6lL7zZ8xX9cC0vB1nN2mQ3wE4rR5tT6yY7uU8iI9oO0pP1aS2dF3gG4hH5jJ6kK7lL8zX9cV0bN1nM2qW3eR4tT5yU6iI7oO8pP9aS0dF1gG2hH3jJ4kK5lL6zZ7xX8cC9vV0bB1nN2mM3qW4eR5tT6yU7iI8oO9pP0aS1dF2gG3hH4jJ5kK6lL7zZ8xX9cC0vB1nN2mQ3wE4rR5tT6yY7uU8iI9oO0pP1aS2dF3gG4hH5jJ6kK7lL8zX9cV0bN1nM2qW3eR4tT5yU6iI7oO8pP9aS0dF1gG2hH3jJ4kK5lL6zZ7xX8cC9vV0bB1nN2mM3qW4eR5tT6yU7iI8oO9pP0aS1dF2gG3hH4jJ5kK6lL7zZ8xX9cC0vB1nN2mQ3wE4rR5tT6yY7uU8iI9oO0pP1aS2dF3gG4hH5jJ6kK7lL8zX9cV0bN1nM2qW3eR4tT5yU6iI7oO8pP9aS0dF1gG2hH3jJ4kK5lL6zZ7xX8cC9vV0bB1nN2mM3qW4eR5tT6yU7iI8oO9pP0aS1dF2gG3hH4jJ5kK6lL7zZ8xX9cC0vB1nN2mQ3wE4rR5tT6yY7uU8iI9oO0pP1aS2dF3gG4hH5jJ6kK7l4hH5jJ6kK7lL8zX9cV0bN1nM2qW3eR4tT5yU6iI7oO8pP9aS0dF1gG2hH3jJ4kK5lL6zZ7xX8cC9vV0bB1nN2mM3qW4eR5tT6yU7iI8oO9pP0aS1dF2gG3hH4jJ5kK6lL7zZ8xX9cC0vB1nN2mQ3wE4rR5tT6yY7uU8iI9oO0pP1aS2dF3gG4hH5jJ6kK7lL8zX9cV0bN1nM2qW3eR4tT5yU6iI7oO8pP9aS0dF1gG2hH3jJ4kK5lL6zZ7xX8cC9vV0bB1nN2mM3qW4eR5tT6yU7iI8oO9pP0aS1dF2gG3hH4jJ5kK6lL7zZ8xX9cC0vB1nN2mQ3wE4rR5tT6yY7uU8iI9oO0pP1aS2dF3gG4hH5jJ6kK7l4hH5jJ6kK7lL8zX9cV0bN1nM2qW3eR4tT5yU6iI7oO8pP9aS0dF1gG2hH3jJ4kK5lL6zZ7xX8cC9vV0bB1nN2mM3qW4eR5tT6yU7iI8oO9pP0aS1dF2gG3hH4jJ5kK6lL7zZ8xX9cC0vB1nN2mQ3wE4rR5tT6yY7uU8iI9oO0pP1aS2dF3gG4hH5jJ6kK7lL8zX9cV0bN1nM2qW3eR4tT5yU6iI7oO8pP9aS0dF1gG2hH3jJ4kK5lL6zZ7xX8cC9vV0bB1nN2mM3qW4eR5tT6yU7iI8oO9pP0aS1dF2gG3hH4jJ5kK6lL7zZ8xX9cC0vB1nN2mQ3wE4rR5tT6yY7uU8iI9oO0pP1aS2dF3gG4hH5jJ6kK7l4hH5jJ6kK7lL8zX9cV0bN1nM2qW3eR4tT5yU6iI7oO8pP9aS0dF1gG2hH3jJ4kK5lL6zZ7xX8cC9vV0bB1nN2mM3qW4eR5tT6yU7iI8oO9pP0aS1dF2gG3hH4jJ5kK6lL7zZ8xX9cC0vB1nN2mQ3wE4rR5tT6yY7uU8iI9oO0pP1aS2dF3gG4hH5jJ6kK7lL8zX9cV0bN1nM2qW3eR4tT5yU6iI7oO8pP9aS0dF1gG2hH3jJ4kK5lL6zZ7xX8cC9vV0bB1nN2mM3qW4eR5tT6yU7iI8oO9pP0aS1dF2gG3hH4jJ5kK6lL7zZ8xX9cC0vB1nN2mQ3wE4rR5tT6yY7uU8iI9oO0pP1aS2dF3gG4hH5jJ6kK7l4hH5jJ6kK7lL8zX9cV0bN1nM2qW3eR4tT5yU6iI7oO8pP9aS0dF1gG2hH3jJ4kK5lL6zZ7xX8cC9vV0bB1nN2mM3qW4eR5tT6yU7iI8oO9pP0aS1dF2gG3hH4jJ5kK6lL7zZ8xX9cC0vB1nN2mQ3wE4rR5tT6yY7uU8iI9oO0pP1aS2dF3gG4hH5jJ6kK7lL8zX9cV0bN1nM2qW3eR4tT5yU6iI7oO8pP9aS0dF1gG2hH3jJ4kK5lL6zZ7xX8cC9vV0bB1nN2mM3qW4eR5tT6yU7iI8oO9pP0aS1dF2gG3hH4jJ5kK6lL7zZ8xX9cC0vB1nN2mQ3wE4rR5tT6yY7uU8iI9oO0pP1aS2dF3gG4hH5jJ6kK7l4hH5jJ6kK7lL8zX9cV0bN1nM2qW3eR4tT5yU6iI7oO8pP9aS0dF1gG2hH3jJ4kK5lL6zZ7xX8cC9vV0bB1nN2mM3qW4eR5tT6yU7iI8oO9pP0aS1dF2gG3hH4jJ5kK6lL7zZ8xX9cC0vB1nN2mQ3wE4rR5tT6yY7uU8iI9oO0pP1aS2dF3gG4hH5jJ6kK7lL8zX9cV0bN1nM2qW3eR4tT5yU6iI7oO8pP9aS0dF1gG2hH3jJ4kK5lL6zZ7xX8cC9vV0bB1nN2mM3qW4eR5tT6yU7iI8oO9pP0aS1dF2gG3hH4jJ5kK6lL7zZ8xX9cC0vB1nN2mQ3wE4rR5tT6yY7uU8iI9oO0pP1aS2dF3gG4hH5jJ6kK7l4hH5jJ6kK7lL8zX9cV0bN1nM2qW3eR4tT5yU6iI7oO8pP9aS0dF1gG2hH3jJ4kK5lL6zZ7xX8cC9vV0bB1nN2mM3qW4eR5tT6yU7iI8oO9pP0aS1dF2gG3hH4jJ5kK6lL7zZ8xX9cC0vB1nN2mQ3wE4rR5tT6yY7uU8iI9oO0pP1aS2dF3gG4hH5jJ6kK7lL8zX9cV0bN1nM2qW3eR4tT5yU6iI7oO8pP9aS0dF1gG2hH3jJ4kK5lL6zZ7xX8cC9vV0bB1nN2mM3qW4eR5tT6yU7iI8oO9pP0aS1dF2gG3hH4jJ5kK6lL7zZ8xX9cC0vB1nN2mQ3wE4rR5tT6yY7uU8iI9oO0pP1aS2dF3gG4hH5jJ6kK7l4hH5jJ6kK7lL8zX9cV0bN1nM2qW3eR4tT5yU6iI7oO8pP9aS0dF1gG2hH3jJ4kK5lL6zZ7xX8cC9vV0bB1nN2mM3qW4eR5tT6yU7iI8oO9pP0aS1dF2gG3hH4jJ5kK6lL7zZ8xX9cC0vB1nN2mQ3wE4rR5tT6yY7uU8iI9oO0pP1aS2dF3gG4hH5jJ6kK7lL8zX9cV0bN1nM2qW3eR4tT5yU6iI7oO8pP9aS0dF1gG2hH3jJ4kK5lL6zZ7xX8cC9vV0bB1nN2mM3qW4eR5tT6yU7iI8oO9pP0aS1dF2gG3hH4jJ5kK6lL7zZ8xX9cC0vB1nN2mQ3wE4rR5tT6yY7uU8iI9oO0pP1aS2dF3gG4hH5jJ6kK7l4hH5jJ6kK7lL8zX9cV0bN1nM2qW3eR4tT5yU6iI7oO8pP9aS0dF1gG2hH3jJ4kK5lL6z7nB9vR2mX8kLp4QjW3tY5zH1aG6sF9dD0fS8gA7hJ6kL5mN4bV3vC2xZ1oP9iU8uY7tT6rR5eE4wW3qQ2aZ1sX2dC3fV4gB5hN6jM7kL8pO9iU0yT1rE2wQ3aS4dF5gG6hH7jJ8kK9lL0zZ1xX2cC3vV4bB5nN6mM7qQ8wW9eE0rR1tT2yY3uU4iI5oO6pP7aA8sS9dD0fF1gG2hH3jJ4kK5lL6zZ7xX8cC9vV0bB1nN2mM3qW4eR5tT6yU7iI8oO9pP0aS1dF2gG3hH4jJ5kK6lL7zZ8xX9cC0vB1nN2mQ3wE4rR5tT6yY7uU8iI9oO0pP1aS2dF3gG4hH5jJ6kK7lL8zX9cV0bN1nM2qW3eR4tT5yU6iI7oO8pP9aS0dF1gG2hH3jJ4kK5lL6zZ7xX8cC9vV0bB1nN2mM3qW4eR5tT6yU7iI8oO9pP0aS1dF2gG3hH4jJ5kK6lL7zZ8xX9cC0vB1nN2mQ3wE4rR5tT6yY7uU8iI9oO0pP1aS2dF3gG4hH5jJ6kK7lL8zX9cV0bN1nM2qW3eR4tT5yU6iI7oO8pP9aS0dF1gG2hH3jJ4kK5lL6zZ7xX8cC9vV0bB1nN2mM3qW4eR5tT6yU7iI8oO9pP0aS1dF2gG3hH4jJ5kK6lL7zZ8xX9cC0vB1nN2mQ3wE4rR5tT6yY7uU8iI9oO0pP1aS2dF3gG4hH5jJ6kK7lL8zX9cV0bN1nM2qW3eR4tT5yU6iI7oO8pP9aS0dF1gG2hH3jJ4kK5lL6zZ7xX8cC9vV0bB1nN2mM3qW4eR5tT6yU7iI8oO9pP0aS1dF2gG3hH4jJ5kK6lL7zZ8xX9cC0vB1nN2mQ3wE4rR5tT6yY7uU8iI9oO0pP1aS2dF3gG4hH5jJ6kK7lL8zX9cV0bN1nM2qW3eR4tT5yU6iI7oO8pP9aS0dF1gG2hH3jJ4kK5lL6zZ7xX8cC9vV0bB1nN2mM3qW4eR5tT6yU7iI8oO9pP0aS1dF2gG3hH4jJ5kK6lL7zZ8xX9cC0vB1nN2mQ3wE4rR5tT6yY7uU8iI9oO0pP1aS2dF3gG4hH5jJ6kK7l4hH5jJ6kK7lL8zX9cV0bN1nM2qW3eR4tT5yU6iI7oO8pP9aS0dF1gG2hH3jJ4kK5lL6zZ7xX8cC9vV0bB1nN2mM3qW4eR5tT6yU7iI8oO9pP0aS1dF2gG3hH4jJ5kK6lL7zZ8xX9cC0vB1nN2mQ3wE4rR5tT6yY7uU8iI9oO0pP1aS2dF3gG4hH5jJ6kK7lL8zX9cV0bN1nM2qW3eR4tT5yU6iI7oO8pP9aS0dF1gG2hH3jJ4kK5lL6zZ7xX8cC9vV0bB1nN2mM3qW4eR5tT6yU7iI8oO9pP0aS1dF2gG3hH4jJ5kK6lL7zZ8xX9cC0vB1nN2mQ3wE4rR5tT6yY7uU8iI9oO0pP1aS2dF3gG4hH5jJ6kK7l4hH5jJ6kK7lL8zX9cV0bN1nM2qW3eR4tT5yU6iI7oO8pP9aS0dF1gG2hH3jJ4kK5lL6zZ7xX8cC9vV0bB1nN2mM3qW4eR5tT6yU7iI8oO9pP0aS1dF2gG3hH4jJ5kK6lL7zZ8xX9cC0vB1nN2mQ3wE4rR5tT6yY7uU8iI9oO0pP1aS2dF3gG4hH5jJ6kK7lL8zX9cV0bN1nM2qW3eR4tT5yU6iI7oO8pP9aS0dF1gG2hH3jJ4kK5lL6zZ7xX8cC9vV0bB1nN2mM3qW4eR5tT6yU7iI8oO9pP0aS1dF2gG3hH4jJ5kK6lL7zZ8xX9cC0vB1nN2mQ3wE4rR5tT6yY7uU8iI9oO0pP1aS2dF3gG4hH5jJ6kK7l4hH5jJ6kK7lL8zX9cV0bN1nM2qW3eR4tT5yU6iI7oO8pP9aS0dF1gG2hH3jJ4kK5lL6zZ7xX8cC9vV0bB1nN2mM3qW4eR5tT6yU7iI8oO9pP0aS1dF2gG3hH4jJ5kK6lL7zZ8xX9cC0vB1nN2mQ3wE4rR5tT6yY7uU8iI9oO0pP1aS2dF3gG4hH5jJ6kK7lL8zX9cV0bN1nM2qW3eR4tT5yU6iI7oO8pP9aS0dF1gG2hH3jJ4kK5lL6zZ7xX8cC9vV0bB1nN2mM3qW4eR5tT6yU7iI8oO9pP0aS1dF2gG3hH4jJ5kK6lL7zZ8xX9cC0vB1nN2mQ3wE4rR5tT6yY7uU8iI9oO0pP1aS2dF3gG4hH5jJ6kK7l4hH5jJ6kK7lL8zX9cV0bN1nM2qW3eR4tT5yU6iI7oO8pP9aS0dF1gG2hH3jJ4kK5lL6zZ7xX8cC9vV0bB1nN2mM3qW4eR5tT6yU7iI8oO9pP0aS1dF2gG3hH4jJ5kK6lL7zZ8xX9cC0vB1nN2mQ3wE4rR5tT6yY7uU8iI9oO0pP1aS2dF3gG4hH5jJ6kK7lL8zX9cV0bN1nM2qW3eR4tT5yU6iI7oO8pP9aS0dF1gG2hH3jJ4kK5lL6zZ7xX8cC9vV0bB1nN2mM3qW4eR5tT6yU7iI8oO9pP0aS1dF2gG3hH4jJ5kK6lL7zZ8xX9cC0vB1nN2mQ3wE4rR5tT6yY7uU8iI9oO0pP1aS2dF3gG4hH5jJ6kK7l4hH5jJ6kK7lL8zX9cV0bN1nM2qW3eR4tT5yU6iI7oO8pP9aS0dF1gG2hH3jJ4kK5lL6zZ7xX8cC9vV0bB1nN2mM3qW4eR5tT6yU7iI8oO9pP0aS1dF2gG3hH4jJ5kK6lL7zZ8xX9cC0vB1nN2mQ3wE4rR5tT6yY7uU8iI9oO0pP1aS2dF3gG4hH5jJ6kK7lL8zX9cV0bN1nM2qW3eR4tT5yU6iI7oO8pP9aS0dF1gG2hH3jJ4kK5lL6zZ7xX8cC9vV0bB1nN2mM3qW4eR5tT6yU7iI8oO9pP0aS1dF2gG3hH4jJ5kK6lL7zZ8xX9cC0vB1nN2mQ3wE4rR5tT6yY7uU8iI9oO0pP1aS2dF3gG4hH5jJ6kK7l4hH5jJ6kK7lL8zX9cV0bN1nM2qW3eR4tT5yU6iI7oO8pP9aS0dF1gG2hH3jJ4kK5lL6zZ7xX8cC9vV0bB1nN2mM3qW4eR5tT6yU7iI8oO9pP0aS1dF2gG3hH4jJ5kK6lL7zZ8xX9cC0vB1nN2mQ3wE4rR5tT6yY7uU8iI9oO0pP1aS2dF3gG4hH5jJ6kK7lL8zX9cV0bN1nM2qW3eR4tT5yU6iI7oO8pP9aS0dF1gG2hH3jJ4kK5lL6zZ7xX8cC9vV0bB1nN2mM3qW4eR5tT6yU7iI8oO9pP0aS1dF2gG3hH4jJ5kK6lL7zZ8xX9cC0vB1nN2mQ3wE4rR5tT6yY7uU8iI9oO0pP1aS2dF3gG4hH5jJ6kK7l4hH5jJ6kK7lL8zX9cV0bN1nM2qW3eR4tT5yU6iI7oO8pP9aS0dF1gG2hH3jJ4kK5lL6zZ7xX8cC9vV0bB1nN2mM3qW4eR5tT6yU7iI8oO9pP0aS1dF2gG3hH4jJ5kK6lL7zZ8xX9cC0vB1nN2mQ3wE4rR5tT6yY7uU8iI9oO0pP1aS2dF3gG4hH5jJ6kK7lL8zX9cV0bN1nM2qW3eR4tT5yU6iI7oO8pP9aS0dF1gG2hH3jJ4kK5lL6zZ7xX8cC9vV0bB1nN2mM3qW4eR5tT6yU7iI8oO9pP0aS1dF2gG3hH4jJ5kK6lL7zZ8xX9cC0vB1nN2mQ3wE4rR5tT6yY7uU8iI9oO0pP1aS2dF3gG4hH5jJ6kK7l4hH5jJ6kK7lL8zX9cV0bN1nM2qW3eR4tT5yU6iI7oO8pP9aS0dF1gG2hH3jJ4kK5lL6z7nB9vR2mX8kLp4QjW3tY5zH1aG6sF9dD0fS8gA7hJ6kL5mN4bV3vC2xZ1oP9iU8uY7tT6rR5eE4wW3qQ2aZ1sX2dC3fV4gB5hN6jM7kL8pO9iU0yT1rE2wQ3aS4dF5gG6hH7jJ8kK9lL0zZ1xX2cC3vV4bB5nN6mM7qQ8wW9eE0rR1tT2yY3uU4iI5oO6pP7aA8sS9dD0fF1gG2hH3jJ4kK5lL6zZ7xX8cC9vV0bB1nN2mM3qW4eR5tT6yU7iI8oO9pP0aS1dF2gG3hH4jJ5kK6lL7zZ8xX9cC0vB1nN2mQ3wE4rR5tT6yY7uU8iI9oO0pP1aS2dF3gG4hH5jJ6kK7lL8zX9cV0bN1nM2qW3eR4tT5yU6iI7oO8pP9aS0dF1gG2hH3jJ4kK5lL6zZ7xX8cC9vV0bB1nN2mM3qW4eR5tT6yU7iI8oO9pP0aS1dF2gG3hH4jJ5kK6lL7zZ8xX9cC0vB1nN2mQ3wE4rR5tT6yY7uU8iI9oO0pP1aS2dF3gG4hH5jJ6kK7lL8zX9cV0bN1nM2qW3eR4tT5yU6iI7oO8pP9aS0dF1gG2hH3jJ4kK5lL6zZ7xX8cC9vV0bB1nN2mM3qW4eR5tT6yU7iI8oO9pP0aS1dF2gG3hH4jJ5kK6lL7zZ8xX9cC0vB1nN2mQ3wE4rR5tT6yY7uU8iI9oO0pP1aS2dF3gG4hH5jJ6kK7lL8zX9cV0bN1nM2qW3eR4tT5yU6iI7oO8pP9aS0dF1gG2hH3jJ4kK5lL6zZ7xX8cC9vV0bB1nN2mM3qW4eR5tT6yU7iI8oO9pP0aS1dF2gG3hH4jJ5kK6lL7zZ8xX9cC0vB1nN2mQ3wE4rR5tT6yY7uU8iI9oO0pP1aS2dF3gG4hH5jJ6kK7lL8zX9cV0bN1nM2qW3eR4tT5yU6iI7oO8pP9aS0dF1gG2hH3jJ4kK5lL6zZ7xX8cC9vV0bB1nN2mM3qW4eR5tT6yU7iI8oO9pP0aS1dF2gG3hH4jJ5kK6lL7zZ8xX9cC0vB1nN2mQ3wE4rR5tT6yY7uU8iI9oO0pP1aS2dF3gG4hH5jJ6kK7l4hH5jJ6kK7lL8zX9cV0bN1nM2qW3eR4tT5yU6iI7oO8pP9aS0dF1gG2hH3jJ4kK5lL6zZ7xX8cC9vV0bB1nN2mM3qW4eR5tT6yU7iI8oO9pP0aS1dF2gG3hH4jJ5kK6lL7zZ8xX9cC0vB1nN2mQ3wE4rR5tT6yY7uU8iI9oO0pP1aS2dF3gG4hH5jJ6kK7lL8zX9cV0bN1nM2qW3eR4tT5yU6iI7oO8pP9aS0dF1gG2hH3jJ4kK5lL6zZ7xX8cC9vV0bB1nN2mM3qW4eR5tT6yU7iI8oO9pP0aS1dF2gG3hH4jJ5kK6lL7zZ8xX9cC0vB1nN2mQ3wE4rR5tT6yY7uU8iI9oO0pP1aS2dF3gG4hH5jJ6kK7l4hH5jJ6kK7lL8zX9cV0bN1nM2qW3eR4tT5yU6iI7oO8pP9aS0dF1gG2hH3jJ4kK5lL6zZ7xX8cC9vV0bB1nN2mM3qW4eR5tT6yU7iI8oO9pP0aS1dF2gG3hH4jJ5kK6lL7zZ8xX9cC0vB1nN2mQ3wE4rR5tT6yY7uU8iI9oO0pP1aS2dF3gG4hH5jJ6kK7lL8zX9cV0bN1nM2qW3eR4tT5yU6iI7oO8pP9aS0dF1gG2hH3jJ4kK5lL6zZ7xX8cC9vV0bB1nN2mM3qW4eR5tT6yU7iI8oO9pP0aS1dF2gG3hH4jJ5kK6lL7zZ8xX9cC0vB1nN2mQ3wE4rR5tT6yY7uU8iI9oO0pP1aS2dF3gG4hH5jJ6kK7l4hH5jJ6kK7lL8zX9cV0bN1nM2qW3eR4tT5yU6iI7oO8pP9aS0dF1gG2hH3jJ4kK5lL6zZ7xX8cC9vV0bB1nN2mM3qW4eR5tT6yU7iI8oO9pP0aS1dF2gG3hH4jJ5kK6lL7zZ8xX9cC0vB1nN2mQ3wE4rR5tT6yY7uU8iI9oO0pP1aS2dF3gG4hH5jJ6kK7lL8zX9cV0bN1nM2qW3eR4tT5yU6iI7oO8pP9aS0dF1gG2hH3jJ4kK5lL6zZ7xX8cC9vV0bB1nN2mM3qW4eR5tT6yU7iI8oO9pP0aS1dF2gG3hH4jJ5kK6lL7zZ8xX9cC0vB1nN2mQ3wE4rR5tT6yY7uU8iI9oO0pP1aS2dF3gG4hH5jJ6kK7l4hH5jJ6kK7lL8zX9cV0bN1nM2qW3eR4tT5yU6iI7oO8pP9aS0dF1gG2hH3jJ4kK5lL6zZ7xX8cC9vV0bB1nN2mM3qW4eR5tT6yU7iI8oO9pP0aS1dF2gG3hH4jJ5kK6lL7zZ8xX9cC0vB1nN2mQ3wE4rR5tT6yY7uU8iI9oO0pP1aS2dF3gG4hH5jJ6kK7lL8zX9cV0bN1nM2qW3eR4tT5yU6iI7oO8pP9aS0dF1gG2hH3jJ4kK5lL6zZ7xX8cC9vV0bB1nN2mM3qW4eR5tT6yU7iI8oO9pP0aS1dF2gG3hH4jJ5kK6lL7zZ8xX9cC0vB1nN2mQ3wE4rR5tT6yY7uU8iI9oO0pP1aS2dF3gG4hH5jJ6kK7l4hH5jJ6kK7lL8zX9cV0bN1nM2qW3eR4tT5yU6iI7oO8pP9aS0dF1gG2hH3jJ4kK5lL6zZ7xX8cC9vV0bB1nN2mM3qW4eR5tT6yU7iI8oO9pP0aS1dF2gG3hH4jJ5kK6lL7zZ8xX9cC0vB1nN2mQ3wE4rR5tT6yY7uU8iI9oO0pP1aS2dF3gG4hH5jJ6kK7lL8zX9cV0bN1nM2qW3eR4tT5yU6iI7oO8pP9aS0dF1gG2hH3jJ4kK5lL6zZ7xX8cC9vV0bB1nN2mM3qW4eR5tT6yU7iI8oO9pP0aS1dF2gG3hH4jJ5kK6lL7zZ8xX9cC0vB1nN2mQ3wE4rR5tT6yY7uU8iI9oO0pP1aS2dF3gG4hH5jJ6kK7l4hH5jJ6kK7lL8zX9cV0bN1nM2qW3eR4tT5yU6iI7oO8pP9aS0dF1gG2hH3jJ4kK5lL6zZ7xX8cC9vV0bB1nN2mM3qW4eR5tT6yU7iI8oO9pP0aS1dF2gG3hH4jJ5kK6lL7zZ8xX9cC0vB1nN2mQ3wE4rR5tT6yY7uU8iI9oO0pP1aS2dF3gG4hH5jJ6kK7lL8zX9cV0bN1nM2qW3eR4tT5yU6iI7oO8pP9aS0dF1gG2hH3jJ4kK5lL6zZ7xX8cC9vV0bB1nN2mM3qW4eR5tT6yU7iI8oO9pP0aS1dF2gG3hH4jJ5kK6lL7zZ8xX9cC0vB1nN2mQ3wE4rR5tT6yY7uU8iI9oO0pP1aS2dF3gG4hH5jJ6kK7l4hH5jJ6kK7lL8zX9cV0bN1nM2qW3eR4tT5yU6iI7oO8pP9aS0dF1gG2hH3jJ4kK5lL6zZ7xX8cC9vV0bB1nN2mM3qW4eR5tT6yU7iI8oO9pP0aS1dF2gG3hH4jJ5kK6lL7zZ8xX9cC0vB1nN2mQ3wE4rR5tT6yY7uU8iI9oO0pP1aS2dF3gG4hH5jJ6kK7lL8zX9cV0bN1nM2qW3eR4tT5yU6iI7oO8pP9aS0dF1gG2hH3jJ4kK5lL6zZ7xX8cC9vV0bB1nN2mM3qW4eR5tT6yU7iI8oO9pP0aS1dF2gG3hH4jJ5kK6lL7zZ8xX9cC0vB1nN2mQ3wE4rR5tT6yY7uU8iI9oO0pP1aS2dF3gG4hH5jJ6kK7l4hH5jJ6kK7lL8zX9cV0bN1nM2qW3eR4tT5yU6iI7oO8pP9aS0dF1gG2hH3jJ4kK5lL6z8zX9cV0bN1nM2qW3eR4tT5yU6iI7oO8pP9aS0dF1gG2hH3jJ4kK5lL6zZ7xX8cC9vV0bB1nN2mM3qW4eR5tT6yU7iI8oO9pP0aS1dF2gG3hH4jJ5kK6lL7zZ8xX9cC0vB1nN2mQ3wE4rR5tT6yY7uU8iI9oO0pP1aS2dF3gG4hH5jJ6kK7l4hH5jJ6kK7lL8zX9cV0bN1nM2qW3eR4tT5yU6iI7oO8pP9aS0dF1gG2hH3jJ4kK5lL6zZ7xX8cC9vV0bB1nN2mM3qW4eR5tT6yU7iI8oO9pP0aS1dF2gG3hH4jJ5kK6lL7zZ8xX9cC0vB1nN2mQ3wE4rR5tT6yY7uU8iI9oO0pP1aS2dF3gG4hH5jJ6kK7lL8zX9cV0bN1nM2qW3eR4tT5yU6iI7oO8pP9aS0dF1gG2hH3jJ4kK5lL6zZ7xX8cC9vV0bB1nN2mM3qW4eR5tT6yU7iI8oO9pP0aS1dF2gG3hH4jJ5kK6lL7zZ8xX9cC0vB1nN2mQ3wE4rR5tT6yY7uU8iI9oO0pP1aS2dF3gG4hH5jJ6kK7l4hH5jJ6kK7lL8zX9cV0bN1nM2qW3eR4tT5yU6iI7oO8pP9aS0dF1gG2hH3jJ4kK5lL6zZ7xX8cC9vV0bB1nN2mM3qW4eR5tT6yU7iI8oO9pP0aS1dF2gG3hH4jJ5kK6lL7zZ8xX9cC0vB1nN2mQ3wE4rR5tT6yY7uU8iI9oO0pP1aS2dF3gG4hH5jJ6kK7lL8zX9cV0bN1nM2qW3eR4tT5yU6iI7oO8pP9aS0dF1gG2hH3jJ4kK5lL6zZ7xX8cC9vV0bB1nN2mM3qW4eR5tT6yU7iI8oO9pP0aS1dFzX9cV0bN1nM2qW3eR4tT5yU6iI7oO8pP9aS0dF1gG2hH3jJ4kK5lL6zZ7xX8cC9vV0bB1nN2mM3qW4eR5tT6yU7iI8oO9pP0aS1dF2gG3hH4jJ5kK6lL7zZ8xX9cC0vB1nN2mQ3wE4rR5tT6yY7uU8iI9oO0pP1aS2dF3gG4hH5jJ6kK7lL8zX9cV0bN1nM2qW3eR4tT5yU6iI7oO8pP9aS0dF1gG2hH3jJ4kK5lL6zZ7xX8cC9vV0bB1nN2mM3qW4eR5tT6yU7iI8oO9pP0aS1dF2gG3hH4jJ5kK6lL7zZ8xX9cC0vB1nN2mQ3wE4rR5tT6yY7uU8iI9oO0pP1aS2dF3gG4hH5jJ6kK7l4hH5jJ6kK7lL8zX9cV0bN1nM2qW3eR4tT5yU6iI7oO8pP9aS0dF1gG2hH3jJ4kK5lL6zZ7xX8cC9vV0bB1nN2mM3qW4eR5tT6yU7iI8oO9pP0aS1dF2gG3hH4jJ5kK6lL7zZ8xX9cC0vB1nN2mQ3wE4rR5tT6yY7uU8iI9oO0pP1aS2dF3gG4hH5jJ6kK7lL8zX9cV0bN1nM2qW3eR4tT5yU6iI7oO8pP9aS0dF1gG2hH3jJ4kK5lL6zZ7xX8cC9vV0bB1nN2mM3qW4eR5tT6yU7iI8oO9pP0aS1dF2gG3hH4jJ5kK6lL7zZ8xX9cC0vB1nN2mQ3wE4rR5tT6yY7uU8iI9oO0pP1aS2dF3gG4hH5jJ6kK7l4hH5jJ6kK7lL8zX9cV0bN1nM2qW3eR4tT5yU6iI7oO8pP9aS0dF1gG2hH3jJ4kK5lL6zZ7xX8cC9vV0bB1nN2mM3qW4eR5tT6yU7iI8oO9pP0aS1dF2gG3hH4jJ5kK6lL7zZ8xX9cC0vB1nN2mQ3wE4rR5tT6yY7uU8iI9oO0pP1aS2dF3gG4hH5jJ6kK7lL8zX9cV0bN1nM2qW3eR4tT5yU6iI7oO8pP9aS0dF1gG2hH3jJ4kK5lL6zZ7xX8cC9vV0bB1nN2mM3qW4eR5tT6yU7iI8oO9pP0aS1dF2gG3hH4jJ5kK6lL7zZ8xX9cC0vB1nN2mQ3wE4rR5tT6yY7uU8iI9oO0pP1aS2dF3gG4hH5jJ6kK7l4hH5jJ6kK7lL8zX9cV0bN1nM2qW3eR4tT5yU6iI7oO8pP9aS0dF1gG2hH3jJ4kK5lL6zZ7xX8cC9vV0bB1nN2mM3qW4eR5tT6yU7iI8oO9pP0aS1dF2gG3hH4jJ5kK6lL7zZ8xX9cC0vB1nN2mQ3wE4rR5tT6yY7uU8iI9oO0pP1aS2dF3gG4hH5jJ6kK7lL8zX9cV0bN1nM2qW3eR4tT5yU6iI7oO8pP9aS0dF1gG2hH3jJ4kK5lL6zZ7xX8cC9vV0bB1nN2mM3qW4eR5tT6yU7iI8oO9pP0aS1dF2gG3hH4jJ5kK6lL7zZ8xX9cC0vB1nN2mQ3wE4rR5tT6yY7uU8iI9oO0pP1aS2dF3gG4hH5jJ6kK7l4hH5jJ6kK7lL8zX9cV0bN1nM2qW3eR4tT5yU6iI7oO8pP9aS0dF1gG2hH3jJ4kK5lL6zZ7xX8cC9vV0bB1nN2mM3qW4eR5tT6yU7iI8oO9pP0aS1dF2gG3hH4jJ5kK6lL7zZ8xX9cC0vB1nN2mQ3wE4rR5tT6yY7uU8iI9oO0pP1aS2dF3gG4hH5jJ6kK7lL8zX9cV0bN1nM2qW3eR4tT5yU6iI7oO8pP9aS0dF1gG2hH3jJ4kK5lL6zZ7xX8cC9vV0bB1nN2mM3qW4eR5tT6yU7iI8oO9pP0aS1dF2gG3hH4jJ5kK6lL7zZ8xX9cC0vB1nN2mQ3wE4rR5tT6yY7uU8iI9oO0pP1aS2dF3gG4hH5jJ6kK7l4hH5jJ6kK7lL8zX9cV0bN1nM2qW3eR4tT5yU6iI7oO8pP9aS0dF1gG2hH3jJ4kK5lL6z7nB9vR2mX8kLp4QjW3tY5zH1aG6sF9dD0fS8gA7hJ6kL5mN4bV3vC2xZ1oP9iU8uY7tT6rR5eE4wW3qQ2aZ1sX2dC3fV4gB5hN6jM7kL8pO9iU0yT1rE2wQ3aS4dF5gG6hH7jJ8kK9lL0zZ1xX2cC3vV4bB5nN6mM7qQ8wW9eE0rR1tT2yY3uU4iI5oO6pP7aA8sS9dD0fF1gG2hH3jJ4kK5lL6zZ7xX8cC9vV0bB1nN2mM3qW4eR5tT6yU7iI8oO9pP0aS1dF2gG3hH4jJ5kK6lL7zZ8xX9cC0vB1nN2mQ3wE4rR5tT6yY7uU8iI9oO0pP1aS2dF3gG4hH5jJ6kK7lL8zX9cV0bN1nM2qW3eR4tT5yU6iI7oO8pP9aS0dF1gG2hH3jJ4kK5lL6zZ7xX8cC9vV0bB1nN2mM3qW4eR5tT6yU7iI8oO9pP0aS1dF2gG3hH4jJ5kK6lL7zZ8xX9cC0vB1nN2mQ3wE4rR5tT6yY7uU8iI9oO0pP1aS2dF3gG4hH5jJ6kK7lL8zX9cV0bN1nM2qW3eR4tT5yU6iI7oO8pP9aS0dF1gG2hH3jJ4kK5lL6zZ7xX8cC9vV0bB1nN2mM3qW4eR5tT6yU7iI8oO9pP0aS1dF2gG3hH4jJ5kK6lL7zZ8xX9cC0vB1nN2mQ3wE4rR5tT6yY7uU8iI9oO0pP1aS2dF3gG4hH5jJ6kK7lL8zX9cV0bN1nM2qW3eR4tT5yU6iI7oO8pP9aS0dF1gG2hH3jJ4kK5lL6zZ7xX8cC9vV0bB1nN2mM3qW4eR5tT6yU7iI8oO9pP0aS1dF2gG3hH4jJ5kK6lL7zZ8xX9cC0vB1nN2mQ3wE4rR5tT6yY7uU8iI9oO0pP1aS2dF3gG4hH5jJ6kK7lL8zX9cV0bN1nM2qW3eR4tT5yU6iI7oO8pP9aS0dF1gG2hH3jJ4kK5lL6zZ7xX8cC9vV0bB1nN2mM3qW4eR5tT6yU7iI8oO9pP0aS1dF2gG3hH4jJ5kK6lL7zZ8xX9cC0vB1nN2mQ3wE4rR5tT6yY7uU8iI9oO0pP1aS2dF3gG4hH5jJ6kK7l4hH5jJ6kK7lL8zX9cV0bN1nM2qW3eR4tT5yU6iI7oO8pP9aS0dF1gG2hH3jJ4kK5lL6zZ7xX8cC9vV0bB1nN2mM3qW4eR5tT6yU7iI8oO9pP0aS1dF2gG3hH4jJ5kK6lL7zZ8xX9cC0vB1nN2mQ3wE4rR5tT6yY7uU8iI9oO0pP1aS2dF3gG4hH5jJ6kK7lL8zX9cV0bN1nM2qW3eR4tT5yU6iI7oO8pP9aS0dF1gG2hH3jJ4kK5lL6zZ7xX8cC9vV0bB1nN2mM3qW4eR5tT6yU7iI8oO9pP0aS1dF2gG3hH4jJ5kK6lL7zZ8xX9cC0vB1nN2mQ3wE4rR5tT6yY7uU8iI9oO0pP1aS2dF3gG4hH5jJ6kK7l4hH5jJ6kK7lL8zX9cV0bN1nM2qW3eR4tT5yU6iI7oO8pP9aS0dF1gG2hH3jJ4kK5lL6zZ7xX8cC9vV0bB1nN2mM3qW4eR5tT6yU7iI8oO9pP0aS1dF2gG3hH4jJ5kK6lL7zZ8xX9cC0vB1nN2mQ3wE4rR5tT6yY7uU8iI9oO0pP1aS2dF3gG4hH5jJ6kK7lL8zX9cV0bN1nM2qW3eR4tT5yU6iI7oO8pP9aS0dF1gG2hH3jJ4kK5lL6zZ7xX8cC9vV0bB1nN2mM3qW4eR5tT6yU7iI8oO9pP0aS1dF2gG3hH4jJ5kK6lL7zZ8xX9cC0vB1nN2mQ3wE4rR5tT6yY7uU8iI9oO0pP1aS2dF3gG4hH5jJ6kK7l4hH5jJ6kK7lL8zX9cV0bN1nM2qW3eR4tT5yU6iI7oO8pP9aS0dF1gG2hH3jJ4kK5lL6zZ7xX8cC9vV0bB1nN2mM3qW4eR5tT6yU7iI8oO9pP0aS1dF2gG3hH4jJ5kK6lL7zZ8xX9cC0vB1nN2mQ3wE4rR5tT6yY7uU8iI9oO0pP1aS2dF3gG4hH5jJ6kK7lL8zX9cV0bN1nM2qW3eR4tT5yU6iI7oO8pP9aS0dF1gG2hH3jJ4kK5lL6zZ7xX8cC9vV0bB1nN2mM3qW4eR5tT6yU7iI8oO9pP0aS1dF2gG3hH4jJ5kK6lL7zZ8xX9cC0vB1nN2mQ3wE4rR5tT6yY7uU8iI9oO0pP1aS2dF3gG4hH5jJ6kK7l4hH5jJ6kK7lL8zX9cV0bN1nM2qW3eR4tT5yU6iI7oO8pP9aS0dF1gG2hH3jJ4kK5lL6zZ7xX8cC9vV0bB1nN2mM3qW4eR5tT6yU7iI8oO9pP0aS1dF2gG3hH4jJ5kK6lL7zZ8xX9cC0vB1nN2mQ3wE4rR5tT6yY7uU8iI9oO0pP1aS2dF3gG4hH5jJ6kK7lL8zX9cV0bN1nM2qW3eR4tT5yU6iI7oO8pP9aS0dF1gG2hH3jJ4kK5lL6zZ7xX8cC9vV0bB1nN2mM3qW4eR5tT6yU7iI8oO9pP0aS1dF2gG3hH4jJ5kK6lL7zZ8xX9cC0vB1nN2mQ3wE4rR5tT6yY7uU8iI9oO0pP1aS2dF3gG4hH5jJ6kK7l4hH5jJ6kK7lL8zX9cV0bN1nM2qW3eR4tT5yU6iI7oO8pP9aS0dF1gG2hH3jJ4kK5lL6zZ7xX8cC9vV0bB1nN2mM3qW4eR5tT6yU7iI8oO9pP0aS1dF2gG3hH4jJ5kK6lL7zZ8xX9cC0vB1nN2mQ3wE4rR5tT6yY7uU8iI9oO0pP1aS2dF3gG4hH5jJ6kK7lL8zX9cV0bN1nM2qW3eR4tT5yU6iI7oO8pP9aS0dF1gG2hH3jJ4kK5lL6zZ7xX8cC9vV0bB1nN2mM3qW4eR5tT6yU7iI8oO9pP0aS1dF2gG3hH4jJ5kK6lL7zZ8xX9cC0vB1nN2mQ3wE4rR5tT6yY7uU8iI9oO0pP1aS2dF3gG4hH5jJ6kK7l4hH5jJ6kK7lL8zX9cV0bN1nM2qW3eR4tT5yU6iI7oO8pP9aS0dF1gG2hH3jJ4kK5lL6zZ7xX8cC9vV0bB1nN2mM3qW4eR5tT6yU7iI8oO9pP0aS1dF2gG3hH4jJ5kK6lL7zZ8xX9cC0vB1nN2mQ3wE4rR5tT6yY7uU8iI9oO0pP1aS2dF3gG4hH5jJ6kK7lL8zX9cV0bN1nM2qW3eR4tT5yU6iI7oO8pP9aS0dF1gG2hH3jJ4kK5lL6zZ7xX8cC9vV0bB1nN2mM3qW4eR5tT6yU7iI8oO9pP0aS1dF2gG3hH4jJ5kK6lL7zZ8xX9cC0vB1nN2mQ3wE4rR5tT6yY7uU8iI9oO0pP1aS2dF3gG4hH5jJ6kK7l4hH5jJ6kK7lL8zX9cV0bN1nM2qW3eR4tT5yU6iI7oO8pP9aS0dF1gG2hH3jJ4kK5lL6zZ7xX8cC9vV0bB1nN2mM3qW4eR5tT6yU7iI8oO9pP0aS1dF2gG3hH4jJ5kK6lL7zZ8xX9cC0vB1nN2mQ3wE4rR5tT6yY7uU8iI9oO0pP1aS2dF3gG4hH5jJ6kK7lL8zX9cV0bN1nM2qW3eR4tT5yU6iI7oO8pP9aS0dF1gG2hH3jJ4kK5lL6zZ7xX8cC9vV0bB1nN2mM3qW4eR5tT6yU7iI8oO9pP0aS1dF2gG3hH4jJ5kK6lL7zZ8xX9cC0vB1nN2mQ3wE4rR5tT6yY7uU8iI9oO0pP1aS2dF3gG4hH5jJ6kK7l4hH5jJ6kK7lL8zX9cV0bN1nM2qW3eR4tT5yU6iI7oO8pP9aS0dF1gG2hH3jJ4kK5lL6z7nB9vR2mX8kLp4QjW3tY5zH1aG6sF9dD0fS8gA7hJ6kL5mN4bV3vC2xZ1oP9iU8uY7tT6rR5eE4wW3qQ2aZ1sX2dC3fV4gB5hN6jM7kL8pO9iU0yT1rE2wQ3aS4dF5gG6hH7jJ8kK9lL0zZ1xX2cC3vV4bB5nN6mM7qQ8wW9eE0rR1tT2yY3uU4iI5oO6pP7aA8sS9dD0fF1gG2hH3jJ4kK5lL6zZ7xX8cC9vV0bB1nN2mM3qW4eR5tT6yU7iI8oO9pP0aS1dF2gG3hH4jJ5kK6lL7zZ8xX9cC0vB1nN2mQ3wE4rR5tT6yY7uU8iI9oO0pP1aS2dF3gG4hH5jJ6kK7lL8zX9cV0bN1nM2qW3eR4tT5yU6iI7oO8pP9aS0dF1gG2hH3jJ4kK5lL6zZ7xX8cC9vV0bB1nN2mM3qW4eR5tT6yU7iI8oO9pP0aS1dF2gG3hH4jJ5kK6lL7zZ8xX9cC0vB1nN2mQ3wE4rR5tT6yY7uU8iI9oO0pP1aS2dF3gG4hH5jJ6kK7lL8zX9cV0bN1nM2qW3eR4tT5yU6iI7oO8pP9aS0dF1gG2hH3jJ4kK5lL6zZ7xX8cC9vV0bB1nN2mM3qW4eR5tT6yU7iI8oO9pP0aS1dF2gG3hH4jJ5kK6lL7zZ8xX9cC0vB1nN2mQ3wE4rR5tT6yY7uU8iI9oO0pP1aS2dF3gG4hH5jJ6kK7lL8zX9cV0bN1nM2qW3eR4tT5yU6iI7oO8pP9aS0dF1gG2hH3jJ4kK5lL6zZ7xX8cC9vV0bB1nN2mM3qW4eR5tT6yU7iI8oO9pP0aS1dF2gG3hH4jJ5kK6lL7zZ8xX9cC0vB1nN2mQ3wE4rR5tT6yY7uU8iI9oO0pP1aS2dF3gG4hH5jJ6kK7lL8zX9cV0bN1nM2qW3eR4tT5yU6iI7oO8pP9aS0dF1gG2hH3jJ4kK5lL6zZ7xX8cC9vV0bB1nN2mM3qW4eR5tT6yU7iI8oO9pP0aS1dF2gG3hH4jJ5kK6lL7zZ8xX9cC0vB1nN2mQ3wE4rR5tT6yY7uU8iI9oO0pP1aS2dF3gG4hH5jJ6kK7l4hH5jJ6kK7lL8zX9cV0bN1nM2qW3eR4tT5yU6iI7oO8pP9aS0dF1gG2hH3jJ4kK5lL6zZ7xX8cC9vV0bB1nN2mM3qW4eR5tT6yU7iI8oO9pP0aS1dF2gG3hH4jJ5kK6lL7zZ8xX9cC0vB1nN2mQ3wE4rR5tT6yY7uU8iI9oO0pP1aS2dF3gG4hH5jJ6kK7lL8zX9cV0bN1nM2qW3eR4tT5yU6iI7oO8pP9aS0dF1gG2hH3jJ4kK5lL6zZ7xX8cC9vV0bB1nN2mM3qW4eR5tT6yU7iI8oO9pP0aS1dF2gG3hH4jJ5kK6lL7zZ8xX9cC0vB1nN2mQ3wE4rR5tT6yY7uU8iI9oO0pP1aS2dF3gG4hH5jJ6kK7l4hH5jJ6kK7lL8zX9cV0bN1nM2qW3eR4tT5yU6iI7oO8pP9aS0dF1gG2hH3jJ4kK5lL6zZ7xX8cC9vV0bB1nN2mM3qW4eR5tT6yU7iI8oO9pP0aS1dF2gG3hH4jJ5kK6lL7zZ8xX9cC0vB1nN2mQ3wE4rR5tT6yY7uU8iI9oO0pP1aS2dF3gG4hH5jJ6kK7lL8zX9cV0bN1nM2qW3eR4tT5yU6iI7oO8pP9aS0dF1gG2hH3jJ4kK5lL6zZ7xX8cC9vV0bB1nN2mM3qW4eR5tT6yU7iI8oO9pP0aS1dF2gG3hH4jJ5kK6lL7zZ8xX9cC0vB1nN2mQ3wE4rR5tT6yY7uU8iI9oO0pP1aS2dF3gG4hH5jJ6kK7l4hH5jJ6kK7lL8zX9cV0bN1nM2qW3eR4tT5yU6iI7oO8pP9aS0dF1gG2hH3jJ4kK5lL6zZ7xX8cC9vV0bB1nN2mM3qW4eR5tT6yU7iI8oO9pP0aS1dF2gG3hH4jJ5kK6lL7zZ8xX9cC0vB1nN2mQ3wE4rR5tT6yY7uU8iI9oO0pP1aS2dF3gG4hH5jJ6kK7lL8zX9cV0bN1nM2qW3eR4tT5yU6iI7oO8pP9aS0dF1gG2hH3jJ4kK5lL6zZ7xX8cC9vV0bB1nN2mM3qW4eR5tT6yU7iI8oO9pP0aS1dF2gG3hH4jJ5kK6lL7zZ8xX9cC0vB1nN2mQ3wE4rR5tT6yY7uU8iI9oO0pP1aS2dF3gG4hH5jJ6kK7l4hH5jJ6kK7lL8zX9cV0bN1nM2qW3eR4tT5yU6iI7oO8pP9aS0dF1gG2hH3jJ4kK5lL6zZ7xX8cC9vV0bB1nN2mM3qW4eR5tT6yU7iI8oO9pP0aS1dF2gG3hH4jJ5kK6lL7zZ8xX9cC0vB1nN2mQ3wE4rR5tT6yY7uU8iI9oO0pP1aS2dF3gG4hH5jJ6kK7lL8zX9cV0bN1nM2qW3eR4tT5yU6iI7oO8pP9aS0dF1gG2hH3jJ4kK5lL6zZ7xX8cC9vV0bB1nN2mM3qW4eR5tT6yU7iI8oO9pP0aS1dF2gG3hH4jJ5kK6lL7zZ8xX9cC0vB1nN2mQ3wE4rR5tT6yY7uU8iI9oO0pP1aS2dF3gG4hH5jJ6kK7l4hH5jJ6kK7lL8zX9cV0bN1nM2qW3eR4tT5yU6iI7oO8pP9aS0dF1gG2hH3jJ4kK5lL6zZ7xX8cC9vV0bB1nN2mM3qW4eR5tT6yU7iI8oO9pP0aS1dF2gG3hH4jJ5kK6lL7zZ8xX9cC0vB1nN2mQ3wE4rR5tT6yY7uU8iI9oO0pP1aS2dF3gG4hH5jJ6kK7lL8zX9cV0bN1nM2qW3eR4tT5yU6iI7oO8pP9aS0dF1gG2hH3jJ4kK5lL6zZ7xX8cC9vV0bB1nN2mM3qW4eR5tT6yU7iI8oO9pP0aS1dF2gG3hH4jJ5kK6lL7zZ8xX9cC0vB1nN2mQ3wE4rR5tT6yY7uU8iI9oO0pP1aS2dF3gG4hH5jJ6kK7l4hH5jJ6kK7lL8zX9cV0bN1nM2qW3eR4tT5yU6iI7oO8pP9aS0dF1gG2hH3jJ4kK5lL6zZ7xX8cC9vV0bB1nN2mM3qW4eR5tT6yU7iI8oO9pP0aS1dF2gG3hH4jJ5kK6lL7zZ8xX9cC0vB1nN2mQ3wE4rR5tT6yY7uU8iI9oO0pP1aS2dF3gG4hH5jJ6kK7lL8zX9cV0bN1nM2qW3eR4tT5yU6iI7oO8pP9aS0dF1gG2hH3jJ4kK5lL6zZ7xX8cC9vV0bB1nN2mM3qW4eR5tT6yU7iI8oO9pP0aS1dF2gG3hH4jJ5kK6lL7zZ8xX9cC0vB1nN2mQ3wE4rR5tT6yY7uU8iI9oO0pP1aS2dF3gG4hH5jJ6kK7l4hH5jJ6kK7lL8zX9cV0bN1nM2qW3eR4tT5yU6iI7oO8pP9aS0dF1gG2hH3jJ4kK5lL6zZ7xX8cC9vV0bB1nN2mM3qW4eR5tT6yU7iI8oO9pP0aS1dF2gG3hH4jJ5kK6lL7zZ8xX9cC0vB1nN2mQ3wE4rR5tT6yY7uU8iI9oO0pP1aS2dF3gG4hH5jJ6kK7lL8zX9cV0bN1nM2qW3eR4tT5yU6iI7oO8pP9aS0dF1gG2hH3jJ4kK5lL6zZ7xX8cC9vV0bB1nN2mM3qW4eR5tT6yU7iI8oO9pP0aS1dF2gG3hH4jJ5kK6lL7zZ8xX9cC0vB1nN2mQ3wE4rR5tT6yY7uU8iI9oO0pP1aS2dF3gG4hH5jJ6kK7l4hH5jJ6kK7lL8zX9cV0bN1nM2qW3eR4tT5yU6iI7oO8pP9aS0dF1gG2hH3jJ4kK5lL6z7nB9vR2mX8kLp4QjW3tY5zH1aG6sF9dD0fS8gA7hJ6kL5mN4bV3vC2xZ1oP9iU8uY7tT6rR5eE4wW3qQ2aZ1sX2dC3fV4gB5hN6jM7kL8pO9iU0yT1rE2wQ3aS4dF5gG6hH7jJ8kK9lL0zZ1xX2cC3vV4bB5nN6mM7qQ8wW9eE0rR1tT2yY3uU4iI5oO6pP7aA8sS9dD0fF1gG2hH3jJ4kK5lL6zZ7xX8cC9vV0bB1nN2mM3qW4eR5tT6yU7iI8oO9pP0aS1dF2gG3hH4jJ5kK6lL7zZ8xX9cC0vB1nN2mQ3wE4rR5tT6yY7uU8iI9oO0pP1aS2dF3gG4hH5jJ6kK7lL8zX9cV0bN1nM2qW3eR4tT5yU6iI7oO8pP9aS0dF1gG2hH3jJ4kK5lL6zZ7xX8cC9vV0bB1nN2mM3qW4eR5tT6yU7iI8oO9pP0aS1dF2gG3hH4jJ5kK6lL7zZ8xX9cC0vB1nN2mQ3wE4rR5tT6yY7uU8iI9oO0pP1aS2dF3gG4hH5jJ6kK7lL8zX9cV0bN1nM2qW3eR4tT5yU6iI7oO8pP9aS0dF1gG2hH3jJ4kK5lL6zZ7xX8cC9vV0bB1nN2mM3qW4eR5tT6yU7iI8oO9pP0aS1dF2gG3hH4jJ5kK6lL7zZ8xX9cC0vB1nN2mQ3wE4rR5tT6yY7uU8iI9oO0pP1aS2dF3gG4hH5jJ6kK7lL8zX9cV0bN1nM2qW3eR4tT5yU6iI7oO8pP9aS0dF1gG2hH3jJ4kK5lL6zZ7xX8cC9vV0bB1nN2mM3qW4eR5tT6yU7iI8oO9pP0aS1dF2gG3hH4jJ5kK6lL7zZ8xX9cC0vB1nN2mQ3wE4rR5tT6yY7uU8iI9oO0pP1aS2dF3gG4hH5jJ6kK7lL8zX9cV0bN1nM2qW3eR4tT5yU6iI7oO8pP9aS0dF1gG2hH3jJ4kK5lL6zZ7xX8cC9vV0bB1nN2mM3qW4eR5tT6yU7iI8oO9pP0aS1dF2gG3hH4jJ5kK6lL7zZ8xX9cC0vB1nN2mQ3wE4rR5tT6yY7uU8iI9oO0pP1aS2dF3gG4hH5jJ6kK7l4hH5jJ6kK7lL8zX9cV0bN1nM2qW3eR4tT5yU6iI7oO8pP9aS0dF1gG2hH3jJ4kK5lL6zZ7xX8cC9vV0bB1nN2mM3qW4eR5tT6yU7iI8oO9pP0aS1dF2gG3hH4jJ5kK6lL7zZ8xX9cC0vB1nN2mQ3wE4rR5tT6yY7uU8iI9oO0pP1aS2dF3gG4hH5jJ6kK7lL8zX9cV0bN1nM2qW3eR4tT5yU6iI7oO8pP9aS0dF1gG2hH3jJ4kK5lL6zZ7xX8cC9vV0bB1nN2mM3qW4eR5tT6yU7iI8oO9pP0aS1dF2gG3hH4jJ5kK6lL7zZ8xX9cC0vB1nN2mQ3wE4rR5tT6yY7uU8iI9oO0pP1aS2dF3gG4hH5jJ6kK7l4hH5jJ6kK7lL8zX9cV0bN1nM2qW3eR4tT5yU6iI7oO8pP9aS0dF1gG2hH3jJ4kK5lL6zZ7xX8cC9vV0bB1nN2mM3qW4eR5tT6yU7iI8oO9pP0aS1dF2gG3hH4jJ5kK6lL7zZ8xX9cC0vB1nN2mQ3wE4rR5tT6yY7uU8iI9oO0pP1aS2dF3gG4hH5jJ6kK7lL8zX9cV0bN1nM2qW3eR4tT5yU6iI7oO8pP9aS0dF1gG2hH3jJ4kK5lL6zZ7xX8cC9vV0bB1nN2mM3qW4eR5tT6yU7iI8oO9pP0aS1dF2gG3hH4jJ5kK6lL7zZ8xX9cC0vB1nN2mQ3wE4rR5tT6yY7uU8iI9oO0pP1aS2dF3gG4hH5jJ6kK7l4hH5jJ6kK7lL8zX9cV0bN1nM2qW3eR4tT5yU6iI7oO8pP9aS0dF1gG2hH3jJ4kK5lL6zZ7xX8cC9vV0bB1nN2mM3qW4eR5tT6yU7iI8oO9pP0aS1dF2gG3hH4jJ5kK6lL7zZ8xX9cC0vB1nN2mQ3wE4rR5tT6yY7uU8iI9oO0pP1aS2dF3gG4hH5jJ6kK7lL8zX9cV0bN1nM2qW3eR4tT5yU6iI7oO8pP9aS0dF1gG2hH3jJ4kK5lL6zZ7xX8cC9vV0bB1nN2mM3qW4eR5tT6yU7iI8oO9pP0aS1dF2gG3hH4jJ5kK6lL7zZ8xX9cC0vB1nN2mQ3wE4rR5tT6yY7uU8iI9oO0pP1aS2dF3gG4hH5jJ6kK7l4hH5jJ6kK7lL8zX9cV0bN1nM2qW3eR4tT5yU6iI7oO8pP9aS0dF1gG2hH3jJ4kK5lL6zZ7xX8cC9vV0bB1nN2mM3qW4eR5tT6yU7iI8oO9pP0aS1dF2gG3hH4jJ5kK6lL7zZ8xX9cC0vB1nN2mQ3wE4rR5tT6yY7uU8iI9oO0pP1aS2dF3gG4hH5jJ6kK7lL8zX9cV0bN1nM2qW3eR4tT5yU6iI7oO8pP9aS0dF1gG2hH3jJ4kK5lL6zZ7xX8cC9vV0bB1nN2mM3qW4eR5tT6yU7iI8oO9pP0aS1dF2gG3hH4jJ5kK6lL7zZ8xX9cC0vB1nN2mQ3wE4rR5tT6yY7uU8iI9oO0pP1aS2dF3gG4hH5jJ6kK7l4hH5jJ6kK7lL8zX9cV0bN1nM2qW3eR4tT5yU6iI7oO8pP9aS0dF1gG2hH3jJ4kK5lL6zZ7xX8cC9vV0bB1nN2mM3qW4eR5tT6yU7iI8oO9pP0aS1dF2gG3hH4jJ5kK6lL7zZ8xX9cC0vB1nN2mQ3wE4rR5tT6yY7uU8iI9oO0pP1aS2dF3gG4hH5jJ6kK7lL8zX9cV0bN1nM2qW3eR4tT5yU6iI7oO8pP9aS0dF1gG2hH3jJ4kK5lL6zZ7xX8cC9vV0bB1nN2mM3qW4eR5tT6yU7iI8oO9pP0aS1dF2gG3hH4jJ5kK6lL7zZ8xX9cC0vB1nN2mQ3wE4rR5tT6yY7uU8iI9oO0pP1aS2dF3gG4hH5jJ6kK7l4hH5jJ6kK7lL8zX9cV0bN1nM2qW3eR4tT5yU6iI7oO8pP9aS0dF1gG2hH3jJ4kK5lL6zZ7xX8cC9vV0bB1nN2mM3qW4eR5tT6yU7iI8oO9pP0aS1dF2gG3hH4jJ5kK6lL7zZ8xX9cC0vB1nN2mQ3wE4rR5tT6yY7uU8iI9oO0pP1aS2dF3gG4hH5jJ6kK7lL8zX9cV0bN1nM2qW3eR4tT5yU6iI7oO8pP9aS0dF1gG2hH3jJ4kK5lL6zZ7xX8cC9vV0bB1nN2mM3qW4eR5tT6yU7iI8oO9pP0aS1dF2gG3hH4jJ5kK6lL7zZ8xX9cC0vB1nN2mQ3wE4rR5tT6yY7uU8iI9oO0pP1aS2dF3gG4hH5jJ6kK7l4hH5jJ6kK7lL8zX9cV0bN1nM2qW3eR4tT5yU6iI7oO8pP9aS0dF1gG2hH3jJ4kK5lL6zZ7xX8cC9vV0bB1nN2mM3qW4eR5tT6yU7iI8oO9pP0aS1dF2gG3hH4jJ5kK6lL7zZ8xX9cC0vB1nN2mQ3wE4rR5tT6yY7uU8iI9oO0pP1aS2dF3gG4hH5jJ6kK7lL8zX9cV0bN1nM2qW3eR4tT5yU6iI7oO8pP9aS0dF1gG2hH3jJ4kK5lL6zZ7xX8cC9vV0bB1nN2mM3qW4eR5tT6yU7iI8oO9pP0aS1dF2gG3hH4jJ5kK6lL7zZ8xX9cC0vB1nN2mQ3wE4rR5tT6yY7uU8iI9oO0pP1aS2dF3gG4hH5jJ6kK7l4hH5jJ6kK7lL8zX9cV0bN1nM2qW3eR4tT5yU6iI7oO8pP9aS0dF1gG2hH3jJ4kK5lL6z7nB9vR2mX8kLp4QjW3tY5zH1aG6sF9dD0fS8gA7hJ6kL5mN4bV3vC2xZ1oP9iU8uY7tT6rR5eE4wW3qQ2aZ1sX2dC3fV4gB5hN6jM7kL8pO9iU0yT1rE2wQ3aS4dF5gG6hH7jJ8kK9lL0zZ1xX2cC3vV4bB5nN6mM7qQ8wW9eE0rR1tT2yY3uU4iI5oO6pP7aA8sS9dD0fF1gG2hH3jJ4kK5lL6zZ7xX8cC9vV0bB1nN2mM3qW4eR5tT6yU7iI8oO9pP0aS1dF2gG3hH4jJ5kK6lL7zZ8xX9cC0vB1nN2mQ3wE4rR5tT6yY7uU8iI9oO0pP1aS2dF3gG4hH5jJ6kK7lL8zX9cV0bN1nM2qW3eR4tT5yU6iI7oO8pP9aS0dF1gG2hH3jJ4kK5lL6zZ7xX8cC9vV0bB1nN2mM3qW4eR5tT6yU7iI8oO9pP0aS1dF2gG3hH4jJ5kK6lL7zZ8xX9cC0vB1nN2mQ3wE4rR5tT6yY7uU8iI9oO0pP1aS2dF3gG4hH5jJ6kK7lL8zX9cV0bN1nM2qW3eR4tT5yU6iI7oO8pP9aS0dF1gG2hH3jJ4kK5lL6zZ7xX8cC9vV0bB1nN2mM3qW4eR5tT6yU7iI8oO9pP0aS1dF2gG3hH4jJ5kK6lL7zZ8xX9cC0vB1nN2mQ3wE4rR5tT6yY7uU8iI9oO0pP1aS2dF3gG4hH5jJ6kK7lL8zX9cV0bN1nM2qW3eR4tT5yU6iI7oO8pP9aS0dF1gG2hH3jJ4kK5lL6zZ7xX8cC9vV0bB1nN2mM3qW4eR5tT6yU7iI8oO9pP0aS1dF2gG3hH4jJ5kK6lL7zZ8xX9cC0vB1nN2mQ3wE4rR5tT6yY7uU8iI9oO0pP1aS2dF3gG4hH5jJ6kK7lL8zX9cV0bN1nM2qW3eR4tT5yU6iI7oO8pP9aS0dF1gG2hH3jJ4kK5lL6zZ7xX8cC9vV0bB1nN2mM3qW4eR5tT6yU7iI8oO9pP0aS1dF2gG3hH4jJ5kK6lL7zZ8xX9cC0vB1nN2mQ3wE4rR5tT6yY7uU8iI9oO0pP1aS2dF3gG4hH5jJ6kK7l4hH5jJ6kK7lL8zX9cV0bN1nM2qW3eR4tT5yU6iI7oO8pP9aS0dF1gG2hH3jJ4kK5lL6zZ7xX8cC9vV0bB1nN2mM3qW4eR5tT6yU7iI8oO9pP0aS1dF2gG3hH4jJ5kK6lL7zZ8xX9cC0vB1nN2mQ3wE4rR5tT6yY7uU8iI9oO0pP1aS2dF3gG4hH5jJ6kK7lL8zX9cV0bN1nM2qW3eR4tT5yU6iI7oO8pP9aS0dF1gG2hH3jJ4kK5lL6zZ7xX8cC9vV0bB1nN2mM3qW4eR5tT6yU7iI8oO9pP0aS1dF2gG3hH4jJ5kK6lL7zZ8xX9cC0vB1nN2mQ3wE4rR5tT6yY7uU8iI9oO0pP1aS2dF3gG4hH5jJ6kK7l4hH5jJ6kK7lL8zX9cV0bN1nM2qW3eR4tT5yU6iI7oO8pP9aS0dF1gG2hH3jJ4kK5lL6zZ7xX8cC9vV0bB1nN2mM3qW4eR5tT6yU7iI8oO9pP0aS1dF2gG3hH4jJ5kK6lL7zZ8xX9cC0vB1nN2mQ3wE4rR5tT6yY7uU8iI9oO0pP1aS2dF3gG4hH5jJ6kK7lL8zX9cV0bN1nM2qW3eR4tT5yU6iI7oO8pP9aS0dF1gG2hH3jJ4kK5lL6zZ7xX8cC9vV0bB1nN2mM3qW4eR5tT6yU7iI8oO9pP0aS1dF2gG3hH4jJ5kK6lL7zZ8xX9cC0vB1nN2mQ3wE4rR5tT6yY7uU8iI9oO0pP1aS2dF3gG4hH5jJ6kK7l4hH5jJ6kK7lL8zX9cV0bN1nM2qW3eR4tT5yU6iI7oO8pP9aS0dF1gG2hH3jJ4kK5lL6zZ7xX8cC9vV0bB1nN2mM3qW4eR5tT6yU7iI8oO9pP0aS1dF2gG3hH4jJ5kK6lL7zZ8xX9cC0vB1nN2mQ3wE4rR5tT6yY7uU8iI9oO0pP1aS2dF3gG4hH5jJ6kK7lL8zX9cV0bN1nM2qW3eR4tT5yU6iI7oO8pP9aS0dF1gG2hH3jJ4kK5lL6zZ7xX8cC9vV0bB1nN2mM3qW4eR5tT6yU7iI8oO9pP0aS1dF2gG3hH4jJ5kK6lL7zZ8xX9cC0vB1nN2mQ3wE4rR5tT6yY7uU8iI9oO0pP1aS2dF3gG4hH5jJ6kK7l4hH5jJ6kK7lL8zX9cV0bN1nM2qW3eR4tT5yU6iI7oO8pP9aS0dF1gG2hH3jJ4kK5lL6zZ7xX8cC9vV0bB1nN2mM3qW4eR5tT6yU7iI8oO9pP0aS1dF2gG3hH4jJ5kK6lL7zZ8xX9cC0vB1nN2mQ3wE4rR5tT6yY7uU8iI9oO0pP1aS2dF3gG4hH5jJ6kK7lL8zX9cV0bN1nM2qW3eR4tT5yU6iI7oO8pP9aS0dF1gG2hH3jJ4kK5lL6zZ7xX8cC9vV0bB1nN2mM3qW4eR5tT6yU7iI8oO9pP0aS1dF2gG3hH4jJ5kK6lL7zZ8xX9cC0vB1nN2mQ3wE4rR5tT6yY7uU8iI9oO0pP1aS2dF3gG4hH5jJ6kK7l4hH5jJ6kK7lL8zX9cV0bN1nM2qW3eR4tT5yU6iI7oO8pP9aS0dF1gG2hH3jJ4kK5lL6zZ7xX8cC9vV0bB1nN2mM3qW4eR5tT6yU7iI8oO9pP0aS1dF2gG3hH4jJ5kK6lL7zZ8xX9cC0vB1nN2mQ3wE4rR5tT6yY7uU8iI9oO0pP1aS2dF3gG4hH5jJ6kK7lL8zX9cV0bN1nM2qW3eR4tT5yU6iI7oO8pP9aS0dF1gG2hH3jJ4kK5lL6zZ7xX8cC9vV0bB1nN2mM3qW4eR5tT6yU7iI8oO9pP0aS1dF2gG3hH4jJ5kK6lL7zZ8xX9cC0vB1nN2mQ3wE4rR5tT6yY7uU8iI9oO0pP1aS2dF3gG4hH5jJ6kK7l4hH5jJ6kK7lL8zX9cV0bN1nM2qW3eR4tT5yU6iI7oO8pP9aS0dF1gG2hH3jJ4kK5lL6zZ7xX8cC9vV0bB1nN2mM3qW4eR5tT6yU7iI8oO9pP0aS1dF2gG3hH4jJ5kK6lL7zZ8xX9cC0vB1nN2mQ3wE4rR5tT6yY7uU8iI9oO0pP1aS2dF3gG4hH5jJ6kK7lL8zX9cV0bN1nM2qW3eR4tT5yU6iI7oO8pP9aS0dF1gG2hH3jJ4kK5lL6zZ7xX8cC9vV0bB1nN2mM3qW4eR5tT6yU7iI8oO9pP0aS1dF2gG3hH4jJ5kK6lL7zZ8xX9cC0vB1nN2mQ3wE4rR5tT6yY7uU8iI9oO0pP1aS2dF3gG4hH5jJ6kK7l4hH5jJ6kK7lL8zX9cV0bN1nM2qW3eR4tT5yU6iI7oO8pP9aS0dF1gG2hH3jJ4kK5lL6zZ7xX8cC9vV0bB1nN2mM3qW4eR5tT6yU7iI8oO9pP0aS1dF2gG3hH4jJ5kK6lL7zZ8xX9cC0vB1nN2mQ3wE4rR5tT6yY7uU8iI9oO0pP1aS2dF3gG4hH5jJ6kK7lL8zX9cV0bN1nM2qW3eR4tT5yU6iI7oO8pP9aS0dF1gG2hH3jJ4kK5lL6zZ7xX8cC9vV0bB1nN2mM3qW4eR5tT6yU7iI8oO9pP0aS1dF2gG3hH4jJ5kK6lL7zZ8xX9cC0vB1nN2mQ3wE4rR5tT6yY7uU8iI9oO0pP1aS2dF3gG4hH5jJ6kK7l4hH5jJ6kK7lL8zX9cV0bN1nM2qW3eR4tT5yU6iI7oO8pP9aS0dF1gG2hH3jJ4kK5lL6z7nB9vR2mX8kLp4QjW3tY5zH1aG6sF9dD0fS8gA7hJ6kL5mN4bV3vC2xZ1oP9iU8uY7tT6rR5eE4wW3qQ2aZ1sX2dC3fV4gB5hN6jM7kL8pO9iU0yT1rE2wQ3aS4dF5gG6hH7jJ8kK9lL0zZ1xX2cC3vV4bB5nN6mM7qQ8wW9eE0rR1tT2yY3uU4iI5oO6pP7aA8sS9dD0fF1gG2hH3jJ4kK5lL6zZ7xX8cC9vV0bB1nN2mM3qW4eR5tT6yU7iI8oO9pP0aS1dF2gG3hH4jJ5kK6lL7zZ8xX9cC0vB1nN2mQ3wE4rR5tT6yY7uU8iI9oO0pP1aS2dF3gG4hH5jJ6kK7lL8zX9cV0bN1nM2qW3eR4tT5yU6iI7oO8pP9aS0dF1gG2hH3jJ4kK5lL6zZ7xX8cC9vV0bB1nN2mM3qW4eR5tT6yU7iI8oO9pP0aS1dF2gG3hH4jJ5kK6lL7zZ8xX9cC0vB1nN2mQ3wE4rR5tT6yY7uU8iI9oO0pP1aS2dF3gG4hH5jJ6kK7lL8zX9cV0bN1nM2qW3eR4tT5yU6iI7oO8pP9aS0dF1gG2hH3jJ4kK5lL6zZ7xX8cC9vV0bB1nN2mM3qW4eR5tT6yU7iI8oO9pP0aS1dF2gG3hH4jJ5kK6lL7zZ8xX9cC0vB1nN2mQ3wE4rR5tT6yY7uU8iI9oO0pP1aS2dF3gG4hH5jJ6kK7lL8zX9cV0bN1nM2qW3eR4tT5yU6iI7oO8pP9aS0dF1gG2hH3jJ4kK5lL6zZ7xX8cC9vV0bB1nN2mM3qW4eR5tT6yU7iI8oO9pP0aS1dF2gG3hH4jJ5kK6lL7zZ8xX9cC0vB1nN2mQ3wE4rR5tT6yY7uU8iI9oO0pP1aS2dF3gG4hH5jJ6kK7lL8zX9cV0bN1nM2qW3eR4tT5yU6iI7oO8pP9aS0dF1gG2hH3jJ4kK5lL6zZ7xX8cC9vV0bB1nN2mM3qW4eR5tT6yU7iI8oO9pP0aS1dF2gG3hH4jJ5kK6lL7zZ8xX9cC0vB1nN2mQ3wE4rR5tT6yY7uU8iI9oO0pP1aS2dF3gG4hH5jJ6kK7l4hH5jJ6kK7lL8zX9cV0bN1nM2qW3eR4tT5yU6iI7oO8pP9aS0dF1gG2hH3jJ4kK5lL6zZ7xX8cC9vV0bB1nN2mM3qW4eR5tT6yU7iI8oO9pP0aS1dF2gG3hH4jJ5kK6lL7zZ8xX9cC0vB1nN2mQ3wE4rR5tT6yY7uU8iI9oO0pP1aS2dF3gG4hH5jJ6kK7lL8zX9cV0bN1nM2qW3eR4tT5yU6iI7oO8pP9aS0dF1gG2hH3jJ4kK5lL6zZ7xX8cC9vV0bB1nN2mM3qW4eR5tT6yU7iI8oO9pP0aS1dF2gG3hH4jJ5kK6lL7zZ8xX9cC0vB1nN2mQ3wE4rR5tT6yY7uU8iI9oO0pP1aS2dF3gG4hH5jJ6kK7l4hH5jJ6kK7lL8zX9cV0bN1nM2qW3eR4tT5yU6iI7oO8pP9aS0dF1gG2hH3jJ4kK5lL6zZ7xX8cC9vV0bB1nN2mM3qW4eR5tT6yU7iI8oO9pP0aS1dF2gG3hH4jJ5kK6lL7zZ8xX9cC0vB1nN2mQ3wE4rR5tT6yY7uU8iI9oO0pP1aS2dF3gG4hH5jJ6kK7lL8zX9cV0bN1nM2qW3eR4tT5yU6iI7oO8pP9aS0dF1gG2hH3jJ4kK5lL6zZ7xX8cC9vV0bB1nN2mM3qW4eR5tT6yU7iI8oO9pP0aS1dF2gG3hH4jJ5kK6lL7zZ8xX9cC0vB1nN2mQ3wE4rR5tT6yY7uU8iI9oO0pP1aS2dF3gG4hH5jJ6kK7l4hH5jJ6kK7lL8zX9cV0bN1nM2qW3eR4tT5yU6iI7oO8pP9aS0dF1gG2hH3jJ4kK5lL6zZ7xX8cC9vV0bB1nN2mM3qW4eR5tT6yU7iI8oO9pP0aS1dF2gG3hH4jJ5kK6lL7zZ8xX9cC0vB1nN2mQ3wE4rR5tT6yY7uU8iI9oO0pP1aS2dF3gG4hH5jJ6kK7lL8zX9cV0bN1nM2qW3eR4tT5yU6iI7oO8pP9aS0dF1gG2hH3jJ4kK5lL6zZ7xX8cC9vV0bB1nN2mM3qW4eR5tT6yU7iI8oO9pP0aS1dF2gG3hH4jJ5kK6lL7zZ8xX9cC0vB1nN2mQ3wE4rR5tT6yY7uU8iI9oO0pP1aS2dF3gG4hH5jJ6kK7l4hH5jJ6kK7lL8zX9cV0bN1nM2qW3eR4tT5yU6iI7oO8pP9aS0dF1gG2hH3jJ4kK5lL6zZ7xX8cC9vV0bB1nN2mM3qW4eR5tT6yU7iI8oO9pP0aS1dF2gG3hH4jJ5kK6lL7zZ8xX9cC0vB1nN2mQ3wE4rR5tT6yY7uU8iI9oO0pP1aS2dF3gG4hH5jJ6kK7lL8zX9cV0bN1nM2qW3eR4tT5yU6iI7oO8pP9aS0dF1gG2hH3jJ4kK5lL6zZ7xX8cC9vV0bB1nN2mM3qW4eR5tT6yU7iI8oO9pP0aS1dF2gG3hH4jJ5kK6lL7zZ8xX9cC0vB1nN2mQ3wE4rR5tT6yY7uU8iI9oO0pP1aS2dF3gG4hH5jJ6kK7l4hH5jJ6kK7lL8zX9cV0bN1nM2qW3eR4tT5yU6iI7oO8pP9aS0dF1gG2hH3jJ4kK5lL6zZ7xX8cC9vV0bB1nN2mM3qW4eR5tT6yU7iI8oO9pP0aS1dF2gG3hH4jJ5kK6lL7zZ8xX9cC0vB1nN2mQ3wE4rR5tT6yY7uU8iI9oO0pP1aS2dF3gG4hH5jJ6kK7lL8zX9cV0bN1nM2qW3eR4tT5yU6iI7oO8pP9aS0dF1gG2hH3jJ4kK5lL6zZ7xX8cC9vV0bB1nN2mM3qW4eR5tT6yU7iI8oO9pP0aS1dF2gG3hH4jJ5kK6lL7zZ8xX9cC0vB1nN2mQ3wE4rR5tT6yY7uU8iI9oO0pP1aS2dF3gG4hH5jJ6kK7l4hH5jJ6kK7lL8zX9cV0bN1nM2qW3eR4tT5yU6iI7oO8pP9aS0dF1gG2hH3jJ4kK5lL6zZ7xX8cC9vV0bB1nN2mM3qW4eR5tT6yU7iI8oO9pP0aS1dF2gG3hH4jJ5kK6lL7zZ8xX9cC0vB1nN2mQ3wE4rR5tT6yY7uU8iI9oO0pP1aS2dF3gG4hH5jJ6kK7lL8zX9cV0bN1nM2qW3eR4tT5yU6iI7oO8pP9aS0dF1gG2hH3jJ4kK5lL6zZ7xX8cC9vV0bB1nN2mM3qW4eR5tT6yU7iI8oO9pP0aS1dF2gG3hH4jJ5kK6lL7zZ8xX9cC0vB1nN2mQ3wE4rR5tT6yY7uU8iI9oO0pP1aS2dF3gG4hH5jJ6kK7l4hH5jJ6kK7lL8zX9cV0bN1nM2qW3eR4tT5yU6iI7oO8pP9aS0dF1gG2hH3jJ4kK5lL6zZ7xX8cC9vV0bB1nN2mM3qW4eR5tT6yU7iI8oO9pP0aS1dF2gG3hH4jJ5kK6lL7zZ8xX9cC0vB1nN2mQ3wE4rR5tT6yY7uU8iI9oO0pP1aS2dF3gG4hH5jJ6kK7lL8zX9cV0bN1nM2qW3eR4tT5yU6iI7oO8pP9aS0dF1gG2hH3jJ4kK5lL6zZ7xX8cC9vV0bB1nN2mM3qW4eR5tT6yU7iI8oO9pP0aS1dF2gG3hH4jJ5kK6lL7zZ8xX9cC0vB1nN2mQ3wE4rR5tT6yY7uU8iI9oO0pP1aS2dF3gG4hH5jJ6kK7l4hH5jJ6kK7lL8zX9cV0bN1nM2qW3eR4tT5yU6iI7oO8pP9aS0dF1gG2hH3jJ4kK5lL6z7nB9vR2mX8kLp4QjW3tY5zH1aG6sF9dD0fS8gA7hJ6kL5mN4bV3vC2xZ1oP9iU8uY7tT6rR5eE4wW3qQ2aZ1sX2dC3fV4gB5hN6jM7kL8pO9iU0yT1rE2wQ3aS4dF5gG6hH7jJ8kK9lL0zZ1xX2cC3vV4bB5nN6mM7qQ8wW9eE0rR1tT2yY3uU4iI5oO6pP7aA8sS9dD0fF1gG2hH3jJ4kK5lL6zZ7xX8cC9vV0bB1nN2mM3qW4eR5tT6yU7iI8oO9pP0aS1dF2gG3hH4jJ5kK6lL7zZ8xX9cC0vB1nN2mQ3wE4rR5tT6yY7uU8iI9oO0pP1aS2dF3gG4hH5jJ6kK7lL8zX9cV0bN1nM2qW3eR4tT5yU6iI7oO8pP9aS0dF1gG2hH3jJ4kK5lL6zZ7xX8cC9vV0bB1nN2mM3qW4eR5tT6yU7iI8oO9pP0aS1dF2gG3hH4jJ5kK6lL7zZ8xX9cC0vB1nN2mQ3wE4rR5tT6yY7uU8iI9oO0pP1aS2dF3gG4hH5jJ6kK7lL8zX9cV0bN1nM2qW3eR4tT5yU6iI7oO8pP9aS0dF1gG2hH3jJ4kK5lL6zZ7xX8cC9vV0bB1nN2mM3qW4eR5tT6yU7iI8oO9pP0aS1dF2gG3hH4jJ5kK6lL7zZ8xX9cC0vB1nN2mQ3wE4rR5tT6yY7uU8iI9oO0pP1aS2dF3gG4hH5jJ6kK7lL8zX9cV0bN1nM2qW3eR4tT5yU6iI7oO8pP9aS0dF1gG2hH3jJ4kK5lL6zZ7xX8cC9vV0bB1nN2mM3qW4eR5tT6yU7iI8oO9pP0aS1dF2gG3hH4jJ5kK6lL7zZ8xX9cC0vB1nN2mQ3wE4rR5tT6yY7uU8iI9oO0pP1aS2dF3gG4hH5jJ6kK7lL8zX9cV0bN1nM2qW3eR4tT5yU6iI7oO8pP9aS0dF1gG2hH3jJ4kK5lL6zZ7xX8cC9vV0bB1nN2mM3qW4eR5tT6yU7iI8oO9pP0aS1dF2gG3hH4jJ5kK6lL7zZ8xX9cC0vB1nN2mQ3wE4rR5tT6yY7uU8iI9oO0pP1aS2dF3gG4hH5jJ6kK7l4hH5jJ6kK7lL8zX9cV0bN1nM2qW3eR4tT5yU6iI7oO8pP9aS0dF1gG2hH3jJ4kK5lL6zZ7xX8cC9vV0bB1nN2mM3qW4eR5tT6yU7iI8oO9pP0aS1dF2gG3hH4jJ5kK6lL7zZ8xX9cC0vB1nN2mQ3wE4rR5tT6yY7uU8iI9oO0pP1aS2dF3gG4hH5jJ6kK7lL8zX9cV0bN1nM2qW3eR4tT5yU6iI7oO8pP9aS0dF1gG2hH3jJ4kK5lL6zZ7xX8cC9vV0bB1nN2mM3qW4eR5tT6yU7iI8oO9pP0aS1dF2gG3hH4jJ5kK6lL7zZ8xX9cC0vB1nN2mQ3wE4rR5tT6yY7uU8iI9oO0pP1aS2dF3gG4hH5jJ6kK7l4hH5jJ6kK7lL8zX9cV0bN1nM2qW3eR4tT5yU6iI7oO8pP9aS0dF1gG2hH3jJ4kK5lL6zZ7xX8cC9vV0bB1nN2mM3qW4eR5tT6yU7iI8oO9pP0aS1dF2gG3hH4jJ5kK6lL7zZ8xX9cC0vB1nN2mQ3wE4rR5tT6yY7uU8iI9oO0pP1aS2dF3gG4hH5jJ6kK7lL8zX9cV0bN1nM2qW3eR4tT5yU6iI7oO8pP9aS0dF1gG2hH3jJ4kK5lL6zZ7xX8cC9vV0bB1nN2mM3qW4eR5tT6yU7iI8oO9pP0aS1dF2gG3hH4jJ5kK6lL7zZ8xX9cC0vB1nN2mQ3wE4rR5tT6yY7uU8iI9oO0pP1aS2dF3gG4hH5jJ6kK7l4hH5jJ6kK7lL8zX9cV0bN1nM2qW3eR4tT5yU6iI7oO8pP9aS0dF1gG2hH3jJ4kK5lL6zZ7xX8cC9vV0bB1nN2mM3qW4eR5tT6yU7iI8oO9pP0aS1dF2gG3hH4jJ5kK6lL7zZ8xX9cC0vB1nN2mQ3wE4rR5tT6yY7uU8iI9oO0pP1aS2dF3gG4hH5jJ6kK7lL8zX9cV0bN1nM2qW3eR4tT5yU6iI7oO8pP9aS0dF1gG2hH3jJ4kK5lL6zZ7xX8cC9vV0bB1nN2mM3qW4eR5tT6yU7iI8oO9pP0aS1dF2gG3hH4jJ5kK6lL7zZ8xX9cC0vB1nN2mQ3wE4rR5tT6yY7uU8iI9oO0pP1aS2dF3gG4hH5jJ6kK7l4hH5jJ6kK7lL8zX9cV0bN1nM2qW3eR4tT5yU6iI7oO8pP9aS0dF1gG2hH3jJ4kK5lL6zZ7xX8cC9vV0bB1nN2mM3qW4eR5tT6yU7iI8oO9pP0aS1dF2gG3hH4jJ5kK6lL7zZ8xX9cC0vB1nN2mQ3wE4rR5tT6yY7uU8iI9oO0pP1aS2dF3gG4hH5jJ6kK7lL8zX9cV0bN1nM2qW3eR4tT5yU6iI7oO8pP9aS0dF1gG2hH3jJ4kK5lL6zZ7xX8cC9vV0bB1nN2mM3qW4eR5tT6yU7iI8oO9pP0aS1dF2gG3hH4jJ5kK6lL7zZ8xX9cC0vB1nN2mQ3wE4rR5tT6yY7uU8iI9oO0pP1aS2dF3gG4hH5jJ6kK7l4hH5jJ6kK7lL8zX9cV0bN1nM2qW3eR4tT5yU6iI7oO8pP9aS0dF1gG2hH3jJ4kK5lL6zZ7xX8cC9vV0bB1nN2mM3qW4eR5tT6yU7iI8oO9pP0aS1dF2gG3hH4jJ5kK6lL7zZ8xX9cC0vB1nN2mQ3wE4rR5tT6yY7uU8iI9oO0pP1aS2dF3gG4hH5jJ6kK7lL8zX9cV0bN1nM2qW3eR4tT5yU6iI7oO8pP9aS0dF1gG2hH3jJ4kK5lL6zZ7xX8cC9vV0bB1nN2mM3qW4eR5tT6yU7iI8oO9pP0aS1dF2gG3hH4jJ5kK6lL7zZ8xX9cC0vB1nN2mQ3wE4rR5tT6yY7uU8iI9oO0pP1aS2dF3gG4hH5jJ6kK7l4hH5jJ6kK7lL8zX9cV0bN1nM2qW3eR4tT5yU6iI7oO8pP9aS0dF1gG2hH3jJ4kK5lL6zZ7xX8cC9vV0bB1nN2mM3qW4eR5tT6yU7iI8oO9pP0aS1dF2gG3hH4jJ5kK6lL7zZ8xX9cC0vB1nN2mQ3wE4rR5tT6yY7uU8iI9oO0pP1aS2dF3gG4hH5jJ6kK7lL8zX9cV0bN1nM2qW3eR4tT5yU6iI7oO8pP9aS0dF1gG2hH3jJ4kK5lL6zZ7xX8cC9vV0bB1nN2mM3qW4eR5tT6yU7iI8oO9pP0aS1dF2gG3hH4jJ5kK6lL7zZ8xX9cC0vB1nN2mQ3wE4rR5tT6yY7uU8iI9oO0pP1aS2dF3gG4hH5jJ6kK7l4hH5jJ6kK7lL8zX9cV0bN1nM2qW3eR4tT5yU6iI7oO8pP9aS0dF1gG2hH3jJ4kK5lL6zZ7xX8cC9vV0bB1nN2mM3qW4eR5tT6yU7iI8oO9pP0aS1dF2gG3hH4jJ5kK6lL7zZ8xX9cC0vB1nN2mQ3wE4rR5tT6yY7uU8iI9oO0pP1aS2dF3gG4hH5jJ6kK7lL8zX9cV0bN1nM2qW3eR4tT5yU6iI7oO8pP9aS0dF1gG2hH3jJ4kK5lL6zZ7xX8cC9vV0bB1nN2mM3qW4eR5tT6yU7iI8oO9pP0aS1dF2gG3hH4jJ5kK6lL7zZ8xX9cC0vB1nN2mQ3wE4rR5tT6yY7uU8iI9oO0pP1aS2dF3gG4hH5jJ6kK7l4hH5jJ6kK7lL8zX9cV0bN1nM2qW3eR4tT5yU6iI7oO8pP9aS0dF1gG2hH3jJ4kK5lL6z7nB9vR2mX8kLp4QjW3tY5zH1aG6sF9dD0fS8gA7hJ6kL5mN4bV3vC2xZ1oP9iU8uY7tT6rR5eE4wW3qQ2aZ1sX2dC3fV4gB5hN6jM7kL8pO9iU0yT1rE2wQ3aS4dF5gG6hH7jJ8kK9lL0zZ1xX2cC3vV4bB5nN6mM7qQ8wW9eE0rR1tT2yY3uU4iI5oO6pP7aA8sS9dD0fF1gG2hH3jJ4kK5lL6zZ7xX8cC9vV0bB1nN2mM3qW4eR5tT6yU7iI8oO9pP0aS1dF2gG3hH4jJ5kK6lL7zZ8xX9cC0vB1nN2mQ3wE4rR5tT6yY7uU8iI9oO0pP1aS2dF3gG4hH5jJ6kK7lL8zX9cV0bN1nM2qW3eR4tT5yU6iI7oO8pP9aS0dF1gG2hH3jJ4kK5lL6zZ7xX8cC9vV0bB1nN2mM3qW4eR5tT6yU7iI8oO9pP0aS1dF2gG3hH4jJ5kK6lL7zZ8xX9cC0vB1nN2mQ3wE4rR5tT6yY7uU8iI9oO0pP1aS2dF3gG4hH5jJ6kK7lL8zX9cV0bN1nM2qW3eR4tT5yU6iI7oO8pP9aS0dF1gG2hH3jJ4kK5lL6zZ7xX8cC9vV0bB1nN2mM3qW4eR5tT6yU7iI8oO9pP0aS1dF2gG3hH4jJ5kK6lL7zZ8xX9cC0vB1nN2mQ3wE4rR5tT6yY7uU8iI9oO0pP1aS2dF3gG4hH5jJ6kK7lL8zX9cV0bN1nM2qW3eR4tT5yU6iI7oO8pP9aS0dF1gG2hH3jJ4kK5lL6zZ7xX8cC9vV0bB1nN2mM3qW4eR5tT6yU7iI8oO9pP0aS1dF2gG3hH4jJ5kK6lL7zZ8xX9cC0vB1nN2mQ3wE4rR5tT6yY7uU8iI9oO0pP1aS2dF3gG4hH5jJ6kK7lL8zX9cV0bN1nM2qW3eR4tT5yU6iI7oO8pP9aS0dF1gG2hH3jJ4kK5lL6zZ7xX8cC9vV0bB1nN2mM3qW4eR5tT6yU7iI8oO9pP0aS1dF2gG3hH4jJ5kK6lL7zZ8xX9cC0vB1nN2mQ3wE4rR5tT6yY7uU8iI9oO0pP1aS2dF3gG4hH5jJ6kK7l4hH5jJ6kK7lL8zX9cV0bN1nM2qW3eR4tT5yU6iI7oO8pP9aS0dF1gG2hH3jJ4kK5lL6zZ7xX8cC9vV0bB1nN2mM3qW4eR5tT6yU7iI8oO9pP0aS1dF2gG3hH4jJ5kK6lL7zZ8xX9cC0vB1nN2mQ3wE4rR5tT6yY7uU8iI9oO0pP1aS2dF3gG4hH5jJ6kK7lL8zX9cV0bN1nM2qW3eR4tT5yU6iI7oO8pP9aS0dF1gG2hH3jJ4kK5lL6zZ7xX8cC9vV0bB1nN2mM3qW4eR5tT6yU7iI8oO9pP0aS1dF2gG3hH4jJ5kK6lL7zZ8xX9cC0vB1nN2mQ3wE4rR5tT6yY7uU8iI9oO0pP1aS2dF3gG4hH5jJ6kK7l4hH5jJ6kK7lL8zX9cV0bN1nM2qW3eR4tT5yU6iI7oO8pP9aS0dF1gG2hH3jJ4kK5lL6zZ7xX8cC9vV0bB1nN2mM3qW4eR5tT6yU7iI8oO9pP0aS1dF2gG3hH4jJ5kK6lL7zZ8xX9cC0vB1nN2mQ3wE4rR5tT6yY7uU8iI9oO0pP1aS2dF3gG4hH5jJ6kK7lL8zX9cV0bN1nM2qW3eR4tT5yU6iI7oO8pP9aS0dF1gG2hH3jJ4kK5lL6zZ7xX8cC9vV0bB1nN2mM3qW4eR5tT6yU7iI8oO9pP0aS1dF2gG3hH4jJ5kK6lL7zZ8xX9cC0vB1nN2mQ3wE4rR5tT6yY7uU8iI9oO0pP1aS2dF3gG4hH5jJ6kK7l4hH5jJ6kK7lL8zX9cV0bN1nM2qW3eR4tT5yU6iI7oO8pP9aS0dF1gG2hH3jJ4kK5lL6zZ7xX8cC9vV0bB1nN2mM3qW4eR5tT6yU7iI8oO9pP0aS1dF2gG3hH4jJ5kK6lL7zZ8xX9cC0vB1nN2mQ3wE4rR5tT6yY7uU8iI9oO0pP1aS2dF3gG4hH5jJ6kK7lL8zX9cV0bN1nM2qW3eR4tT5yU6iI7oO8pP9aS0dF1gG2hH3jJ4kK5lL6zZ7xX8cC9vV0bB1nN2mM3qW4eR5tT6yU7iI8oO9pP0aS1dF2gG3hH4jJ5kK6lL7zZ8xX9cC0vB1nN2mQ3wE4rR5tT6yY7uU8iI9oO0pP1aS2dF3gG4hH5jJ6kK7l4hH5jJ6kK7lL8zX9cV0bN1nM2qW3eR4tT5yU6iI7oO8pP9aS0dF1gG2hH3jJ4kK5lL6zZ7xX8cC9vV0bB1nN2mM3qW4eR5tT6yU7iI8oO9pP0aS1dF2gG3hH4jJ5kK6lL7zZ8xX9cC0vB1nN2mQ3wE4rR5tT6yY7uU8iI9oO0pP1aS2dF3gG4hH5jJ6kK7lL8zX9cV0bN1nM2qW3eR4tT5yU6iI7oO8pP9aS0dF1gG2hH3jJ4kK5lL6zZ7xX8cC9vV0bB1nN2mM3qW4eR5tT6yU7iI8oO9pP0aS1dF2gG3hH4jJ5kK6lL7zZ8xX9cC0vB1nN2mQ3wE4rR5tT6yY7uU8iI9oO0pP1aS2dF3gG4hH5jJ6kK7l4hH5jJ6kK7lL8zX9cV0bN1nM2qW3eR4tT5yU6iI7oO8pP9aS0dF1gG2hH3jJ4kK5lL6zZ7xX8cC9vV0bB1nN2mM3qW4eR5tT6yU7iI8oO9pP0aS1dF2gG3hH4jJ5kK6lL7zZ8xX9cC0vB1nN2mQ3wE4rR5tT6yY7uU8iI9oO0pP1aS2dF3gG4hH5jJ6kK7lL8zX9cV0bN1nM2qW3eR4tT5yU6iI7oO8pP9aS0dF1gG2hH3jJ4kK5lL6zZ7xX8cC9vV0bB1nN2mM3qW4eR5tT6yU7iI8oO9pP0aS1dF2gG3hH4jJ5kK6lL7zZ8xX9cC0vB1nN2mQ3wE4rR5tT6yY7uU8iI9oO0pP1aS2dF3gG4hH5jJ6kK7l4hH5jJ6kK7lL8zX9cV0bN1nM2qW3eR4tT5yU6iI7oO8pP9aS0dF1gG2hH3jJ4kK5lL6zZ7xX8cC9vV0bB1nN2mM3qW4eR5tT6yU7iI8oO9pP0aS1dF2gG3hH4jJ5kK6lL7zZ8xX9cC0vB1nN2mQ3wE4rR5tT6yY7uU8iI9oO0pP1aS2dF3gG4hH5jJ6kK7lL8zX9cV0bN1nM2qW3eR4tT5yU6iI7oO8pP9aS0dF1gG2hH3jJ4kK5lL6zZ7xX8cC9vV0bB1nN2mM3qW4eR5tT6yU7iI8oO9pP0aS1dF2gG3hH4jJ5kK6lL7zZ8xX9cC0vB1nN2mQ3wE4rR5tT6yY7uU8iI9oO0pP1aS2dF3gG4hH5jJ6kK7l4hH5jJ6kK7lL8zX9cV0bN1nM2qW3eR4tT5yU6iI7oO8pP9aS0dF1gG2hH3jJ4kK5lL6zZ7xX8cC9vV0bB1nN2mM3qW4eR5tT6yU7iI8oO9pP0aS1dF2gG3hH4jJ5kK6lL7zZ8xX9cC0vB1nN2mQ3wE4rR5tT6yY7uU8iI9oO0pP1aS2dF3gG4hH5jJ6kK7lL8zX9cV0bN1nM2qW3eR4tT5yU6iI7oO8pP9aS0dF1gG2hH3jJ4kK5lL6zZ7xX8cC9vV0bB1nN2mM3qW4eR5tT6yU7iI8oO9pP0aS1dF2gG3hH4jJ5kK6lL7zZ8xX9cC0vB1nN2mQ3wE4rR5tT6yY7uU8iI9oO0pP1aS2dF3gG4hH5jJ6kK7l4hH5jJ6kK7lL8zX9cV0bN1nM2qW3eR4tT5yU6iI7oO8pP9aS0dF1gG2hH3jJ4kK5lL6z7nB9vR2mX8kLp4QjW3tY5zH1aG6sF9dD0fS8gA7hJ6kL5mN4bV3vC2xZ1oP9iU8uY7tT6rR5eE4wW3qQ2aZ1sX2dC3fV4gB5hN6jM7kL8pO9iU0yT1rE2wQ3aS4dF5gG6hH7jJ8kK9lL0zZ1xX2cC3vV4bB5nN6mM7qQ8wW9eE0rR1tT2yY3uU4iI5oO6pP7aA8sS9dD0fF1gG2hH3jJ4kK5lL6zZ7xX8cC9vV0bB1nN2mM3qW4eR5tT6yU7iI8oO9pP0aS1dF2gG3hH4jJ5kK6lL7zZ8xX9cC0vB1nN2mQ3wE4rR5tT6yY7uU8iI9oO0pP1aS2dF3gG4hH5jJ6kK7lL8zX9cV0bN1nM2qW3eR4tT5yU6iI7oO8pP9aS0dF1gG2hH3jJ4kK5lL6zZ7xX8cC9vV0bB1nN2mM3qW4eR5tT6yU7iI8oO9pP0aS1dF2gG3hH4jJ5kK6lL7zZ8xX9cC0vB1nN2mQ3wE4rR5tT6yY7uU8iI9oO0pP1aS2dF3gG4hH5jJ6kK7lL8zX9cV0bN1nM2qW3eR4tT5yU6iI7oO8pP9aS0dF1gG2hH3jJ4kK5lL6zZ7xX8cC9vV0bB1nN2mM3qW4eR5tT6yU7iI8oO9pP0aS1dF2gG3hH4jJ5kK6lL7zZ8xX9cC0vB1nN2mQ3wE4rR5tT6yY7uU8iI9oO0pP1aS2dF3gG4hH5jJ6kK7lL8zX9cV0bN1nM2qW3eR4tT5yU6iI7oO8pP9aS0dF1gG2hH3jJ4kK5lL6zZ7xX8cC9vV0bB1nN2mM3qW4eR5tT6yU7iI8oO9pP0aS1dF2gG3hH4jJ5kK6lL7zZ8xX9cC0vB1nN2mQ3wE4rR5tT6yY7uU8iI9oO0pP1aS2dF3gG4hH5jJ6kK7lL8zX9cV0bN1nM2qW3eR4tT5yU6iI7oO8pP9aS0dF1gG2hH3jJ4kK5lL6zZ7xX8cC9vV0bB1nN2mM3qW4eR5tT6yU7iI8oO9pP0aS1dF2gG3hH4jJ5kK6lL7zZ8xX9cC0vB1nN2mQ3wE4rR5tT6yY7uU8iI9oO0pP1aS2dF3gG4hH5jJ6kK7l4hH5jJ6kK7lL8zX9cV0bN1nM2qW3eR4tT5yU6iI7oO8pP9aS0dF1gG2hH3jJ4kK5lL6zZ7xX8cC9vV0bB1nN2mM3qW4eR5tT6yU7iI8oO9pP0aS1dF2gG3hH4jJ5kK6lL7zZ8xX9cC0vB1nN2mQ3wE4rR5tT6yY7uU8iI9oO0pP1aS2dF3gG4hH5jJ6kK7lL8zX9cV0bN1nM2qW3eR4tT5yU6iI7oO8pP9aS0dF1gG2hH3jJ4kK5lL6zZ7xX8cC9vV0bB1nN2mM3qW4eR5tT6yU7iI8oO9pP0aS1dF2gG3hH4jJ5kK6lL7zZ8xX9cC0vB1nN2mQ3wE4rR5tT6yY7uU8iI9oO0pP1aS2dF3gG4hH5jJ6kK7l4hH5jJ6kK7lL8zX9cV0bN1nM2qW3eR4tT5yU6iI7oO8pP9aS0dF1gG2hH3jJ4kK5lL6zZ7xX8cC9vV0bB1nN2mM3qW4eR5tT6yU7iI8oO9pP0aS1dF2gG3hH4jJ5kK6lL7zZ8xX9cC0vB1nN2mQ3wE4rR5tT6yY7uU8iI9oO0pP1aS2dF3gG4hH5jJ6kK7lL8zX9cV0bN1nM2qW3eR4tT5yU6iI7oO8pP9aS0dF1gG2hH3jJ4kK5lL6zZ7xX8cC9vV0bB1nN2mM3qW4eR5tT6yU7iI8oO9pP0aS1dF2gG3hH4jJ5kK6lL7zZ8xX9cC0vB1nN2mQ3wE4rR5tT6yY7uU8iI9oO0pP1aS2dF3gG4hH5jJ6kK7l4hH5jJ6kK7lL8zX9cV0bN1nM2qW3eR4tT5yU6iI7oO8pP9aS0dF1gG2hH3jJ4kK5lL6zZ7xX8cC9vV0bB1nN2mM3qW4eR5tT6yU7iI8oO9pP0aS1dF2gG3hH4jJ5kK6lL7zZ8xX9cC0vB1nN2mQ3wE4rR5tT6yY7uU8iI9oO0pP1aS2dF3gG4hH5jJ6kK7lL8zX9cV0bN1nM2qW3eR4tT5yU6iI7oO8pP9aS0dF1gG2hH3jJ4kK5lL6zZ7xX8cC9vV0bB1nN2mM3qW4eR5tT6yU7iI8oO9pP0aS1dF2gG3hH4jJ5kK6lL7zZ8xX9cC0vB1nN2mQ3wE4rR5tT6yY7uU8iI9oO0pP1aS2dF3gG4hH5jJ6kK7l4hH5jJ6kK7lL8zX9cV0bN1nM2qW3eR4tT5yU6iI7oO8pP9aS0dF1gG2hH3jJ4kK5lL6zZ7xX8cC9vV0bB1nN2mM3qW4eR5tT6yU7iI8oO9pP0aS1dF2gG3hH4jJ5kK6lL7zZ8xX9cC0vB1nN2mQ3wE4rR5tT6yY7uU8iI9oO0pP1aS2dF3gG4hH5jJ6kK7lL8zX9cV0bN1nM2qW3eR4tT5yU6iI7oO8pP9aS0dF1gG2hH3jJ4kK5lL6zZ7xX8cC9vV0bB1nN2mM3qW4eR5tT6yU7iI8oO9pP0aS1dF2gG3hH4jJ5kK6lL7zZ8xX9cC0vB1nN2mQ3wE4rR5tT6yY7uU8iI9oO0pP1aS2dF3gG4hH5jJ6kK7l4hH5jJ6kK7lL8zX9cV0bN1nM2qW3eR4tT5yU6iI7oO8pP9aS0dF1gG2hH3jJ4kK5lL6zZ7xX8cC9vV0bB1nN2mM3qW4eR5tT6yU7iI8oO9pP0aS1dF2gG3hH4jJ5kK6lL7zZ8xX9cC0vB1nN2mQ3wE4rR5tT6yY7uU8iI9oO0pP1aS2dF3gG4hH5jJ6kK7lL8zX9cV0bN1nM2qW3eR4tT5yU6iI7oO8pP9aS0dF1gG2hH3jJ4kK5lL6zZ7xX8cC9vV0bB1nN2mM3qW4eR5tT6yU7iI8oO9pP0aS1dF2gG3hH4jJ5kK6lL7zZ8xX9cC0vB1nN2mQ3wE4rR5tT6yY7uU8iI9oO0pP1aS2dF3gG4hH5jJ6kK7l4hH5jJ6kK7lL8zX9cV0bN1nM2qW3eR4tT5yU6iI7oO8pP9aS0dF1gG2hH3jJ4kK5lL6zZ7xX8cC9vV0bB1nN2mM3qW4eR5tT6yU7iI8oO9pP0aS1dF2gG3hH4jJ5kK6lL7zZ8xX9cC0vB1nN2mQ3wE4rR5tT6yY7uU8iI9oO0pP1aS2dF3gG4hH5jJ6kK7lL8zX9cV0bN1nM2qW3eR4tT5yU6iI7oO8pP9aS0dF1gG2hH3jJ4kK5lL6zZ7xX8cC9vV0bB1nN2mM3qW4eR5tT6yU7iI8oO9pP0aS1dF2gG3hH4jJ5kK6lL7zZ8xX9cC0vB1nN2mQ3wE4rR5tT6yY7uU8iI9oO0pP1aS2dF3gG4hH5jJ6kK7l4hH5jJ6kK7lL8zX9cV0bN1nM2qW3eR4tT5yU6iI7oO8pP9aS0dF1gG2hH3jJ4kK5lL6zZ7xX8cC9vV0bB1nN2mM3qW4eR5tT6yU7iI8oO9pP0aS1dF2gG3hH4jJ5kK6lL7zZ8xX9cC0vB1nN2mQ3wE4rR5tT6yY7uU8iI9oO0pP1aS2dF3gG4hH5jJ6kK7lL8zX9cV0bN1nM2qW3eR4tT5yU6iI7oO8pP9aS0dF1gG2hH3jJ4kK5lL6zZ7xX8cC9vV0bB1nN2mM3qW4eR5tT6yU7iI8oO9pP0aS1dF2gG3hH4jJ5kK6lL7zZ8xX9cC0vB1nN2mQ3wE4rR5tT6yY7uU8iI9oO0pP1aS2dF3gG4hH5jJ6kK7l4hH5jJ6kK7lL8zX9cV0bN1nM2qW3eR4tT5yU6iI7oO8pP9aS0dF1gG2hH3jJ4kK5lL6z7nB9vR2mX8kLp4QjW3tY5zH1aG6sF9dD0fS8gA7hJ6kL5mN4bV3vC2xZ1oP9iU8uY7tT6rR5eE4wW3qQ2aZ1sX2dC3fV4gB5hN6jM7kL8pO9iU0yT1rE2wQ3aS4dF5gG6hH7jJ8kK9lL0zZ1xX2cC3vV4bB5nN6mM7qQ8wW9eE0rR1tT2yY3uU4iI5oO6pP7aA8sS9dD0fF1gG2hH3jJ4kK5lL6zZ7xX8cC9vV0bB1nN2mM3qW4eR5tT6yU7iI8oO9pP0aS1dF2gG3hH4jJ5kK6lL7zZ8xX9cC0vB1nN2mQ3wE4rR5tT6yY7uU8iI9oO0pP1aS2dF3gG4hH5jJ6kK7lL8zX9cV0bN1nM2qW3eR4tT5yU6iI7oO8pP9aS0dF1gG2hH3jJ4kK5lL6zZ7xX8cC9vV0bB1nN2mM3qW4eR5tT6yU7iI8oO9pP0aS1dF2gG3hH4jJ5kK6lL7zZ8xX9cC0vB1nN2mQ3wE4rR5tT6yY7uU8iI9oO0pP1aS2dF3gG4hH5jJ6kK7lL8zX9cV0bN1nM2qW3eR4tT5yU6iI7oO8pP9aS0dF1gG2hH3jJ4kK5lL6zZ7xX8cC9vV0bB1nN2mM3qW4eR5tT6yU7iI8oO9pP0aS1dF2gG3hH4jJ5kK6lL7zZ8xX9cC0vB1nN2mQ3wE4rR5tT6yY7uU8iI9oO0pP1aS2dF3gG4hH5jJ6kK7lL8zX9cV0bN1nM2qW3eR4tT5yU6iI7oO8pP9aS0dF1gG2hH3jJ4kK5lL6zZ7xX8cC9vV0bB1nN2mM3qW4eR5tT6yU7iI8oO9pP0aS1dF2gG3hH4jJ5kK6lL7zZ8xX9cC0vB1nN2mQ3wE4rR5tT6yY7uU8iI9oO0pP1aS2dF3gG4hH5jJ6kK7lL8zX9cV0bN1nM2qW3eR4tT5yU6iI7oO8pP9aS0dF1gG2hH3jJ4kK5lL6zZ7xX8cC9vV0bB1nN2mM3qW4eR5tT6yU7iI8oO9pP0aS1dF2gG3hH4jJ5kK6lL7zZ8xX9cC0vB1nN2mQ3wE4rR5tT6yY7uU8iI9oO0pP1aS2dF3gG4hH5jJ6kK7l4hH5jJ6kK7lL8zX9cV0bN1nM2qW3eR4tT5yU6iI7oO8pP9aS0dF1gG2hH3jJ4kK5lL6zZ7xX8cC9vV0bB1nN2mM3qW4eR5tT6yU7iI8oO9pP0aS1dF2gG3hH4jJ5kK6lL7zZ8xX9cC0vB1nN2mQ3wE4rR5tT6yY7uU8iI9oO0pP1aS2dF3gG4hH5jJ6kK7lL8zX9cV0bN1nM2qW3eR4tT5yU6iI7oO8pP9aS0dF1gG2hH3jJ4kK5lL6zZ7xX8cC9vV0bB1nN2mM3qW4eR5tT6yU7iI8oO9pP0aS1dF2gG3hH4jJ5kK6lL7zZ8xX9cC0vB1nN2mQ3wE4rR5tT6yY7uU8iI9oO0pP1aS2dF3gG4hH5jJ6kK7l4hH5jJ6kK7lL8zX9cV0bN1nM2qW3eR4tT5yU6iI7oO8pP9aS0dF1gG2hH3jJ4kK5lL6zZ7xX8cC9vV0bB1nN2mM3qW4eR5tT6yU7iI8oO9pP0aS1dF2gG3hH4jJ5kK6lL7zZ8xX9cC0vB1nN2mQ3wE4rR5tT6yY7uU8iI9oO0pP1aS2dF3gG4hH5jJ6kK7lL8zX9cV0bN1nM2qW3eR4tT5yU6iI7oO8pP9aS0dF1gG2hH3jJ4kK5lL6zZ7xX8cC9vV0bB1nN2mM3qW4eR5tT6yU7iI8oO9pP0aS1dF2gG3hH4jJ5kK6lL7zZ8xX9cC0vB1nN2mQ3wE4rR5tT6yY7uU8iI9oO0pP1aS2dF3gG4hH5jJ6kK7l4hH5jJ6kK7lL8zX9cV0bN1nM2qW3eR4tT5yU6iI7oO8pP9aS0dF1gG2hH3jJ4kK5lL6zZ7xX8cC9vV0bB1nN2mM3qW4eR5tT6yU7iI8oO9pP0aS1dF2gG3hH4jJ5kK6lL7zZ8xX9cC0vB1nN2mQ3wE4rR5tT6yY7uU8iI9oO0pP1aS2dF3gG4hH5jJ6kK7lL8zX9cV0bN1nM2qW3eR4tT5yU6iI7oO8pP9aS0dF1gG2hH3jJ4kK5lL6zZ7xX8cC9vV0bB1nN2mM3qW4eR5tT6yU7iI8oO9pP0aS1dF2gG3hH4jJ5kK6lL7zZ8xX9cC0vB1nN2mQ3wE4rR5tT6yY7uU8iI9oO0pP1aS2dF3gG4hH5jJ6kK7l4hH5jJ6kK7lL8zX9cV0bN1nM2qW3eR4tT5yU6iI7oO8pP9aS0dF1gG2hH3jJ4kK5lL6zZ7xX8cC9vV0bB1nN2mM3qW4eR5tT6yU7iI8oO9pP0aS1dF2gG3hH4jJ5kK6lL7zZ8xX9cC0vB1nN2mQ3wE4rR5tT6yY7uU8iI9oO0pP1aS2dF3gG4hH5jJ6kK7lL8zX9cV0bN1nM2qW3eR4tT5yU6iI7oO8pP9aS0dF1gG2hH3jJ4kK5lL6zZ7xX8cC9vV0bB1nN2mM3qW4eR5tT6yU7iI8oO9pP0aS1dF2gG3hH4jJ5kK6lL7zZ8xX9cC0vB1nN2mQ3wE4rR5tT6yY7uU8iI9oO0pP1aS2dF3gG4hH5jJ6kK7l4hH5jJ6kK7lL8zX9cV0bN1nM2qW3eR4tT5yU6iI7oO8pP9aS0dF1gG2hH3jJ4kK5lL6zZ7xX8cC9vV0bB1nN2mM3qW4eR5tT6yU7iI8oO9pP0aS1dF2gG3hH4jJ5kK6lL7zZ8xX9cC0vB1nN2mQ3wE4rR5tT6yY7uU8iI9oO0pP1aS2dF3gG4hH5jJ6kK7lL8zX9cV0bN1nM2qW3eR4tT5yU6iI7oO8pP9aS0dF1gG2hH3jJ4kK5lL6zZ7xX8cC9vV0bB1nN2mM3qW4eR5tT6yU7iI8oO9pP0aS1dF2gG3hH4jJ5kK6lL7zZ8xX9cC0vB1nN2mQ3wE4rR5tT6yY7uU8iI9oO0pP1aS2dF3gG4hH5jJ6kK7l4hH5jJ6kK7lL8zX9cV0bN1nM2qW3eR4tT5yU6iI7oO8pP9aS0dF1gG2hH3jJ4kK5lL6zZ7xX8cC9vV0bB1nN2mM3qW4eR5tT6yU7iI8oO9pP0aS1dF2gG3hH4jJ5kK6lL7zZ8xX9cC0vB1nN2mQ3wE4rR5tT6yY7uU8iI9oO0pP1aS2dF3gG4hH5jJ6kK7lL8zX9cV0bN1nM2qW3eR4tT5yU6iI7oO8pP9aS0dF1gG2hH3jJ4kK5lL6zZ7xX8cC9vV0bB1nN2mM3qW4eR5tT6yU7iI8oO9pP0aS1dF2gG3hH4jJ5kK6lL7zZ8xX9cC0vB1nN2mQ3wE4rR5tT6yY7uU8iI9oO0pP1aS2dF3gG4hH5jJ6kK7l4hH5jJ6kK7lL8zX9cV0bN1nM2qW3eR4tT5yU6iI7oO8pP9aS0dF1gG2hH3jJ4kK5lL6zZ7xX8cC9vV0bB1nN2mM3qW4eR5tT6yU7iI8oO9pP0aS1dF2gG3hH4jJ5kK6lL7zZ8xX9cC0vB1nN2mQ3wE4rR5tT6yY7uU8iI9oO0pP1aS2dF3gG4hH5jJ6kK7lL8zX9cV0bN1nM2qW3eR4tT5yU6iI7oO8pP9aS0dF1gG2hH3jJ4kK5lL6zZ7xX8cC9vV0bB1nN2mM3qW4eR5tT6yU7iI8oO9pP0aS1dF2gG3hH4jJ5kK6lL7zZ8xX9cC0vB1nN2mQ3wE4rR5tT6yY7uU8iI9oO0pP1aS2dF3gG4hH5jJ6kK7l4hH5jJ6kK7lL8zX9cV0bN1nM2qW3eR4tT5yU6iI7oO8pP9aS0dF1gG2hH3jJ4kK5lL6z7nB9vR2mX8kLp4QjW3tY5zH1aG6sF9dD0fS8gA7hJ6kL5mN4bV3vC2xZ1oP9iU8uY7tT6rR5eE4wW3qQ2aZ1sX2dC3fV4gB5hN6jM7kL8pO9iU0yT1rE2wQ3aS4dF5gG6hH7jJ8kK9lL0zZ1xX2cC3vV4bB5nN6mM7qQ8wW9eE0rR1tT2yY3uU4iI5oO6pP7aA8sS9dD0fF1gG2hH3jJ4kK5lL6zZ7xX8cC9vV0bB1nN2mM3qW4eR5tT6yU7iI8oO9pP0aS1dF2gG3hH4jJ5kK6lL7zZ8xX9cC0vB1nN2mQ3wE4rR5tT6yY7uU8iI9oO0pP1aS2dF3gG4hH5jJ6kK7lL8zX9cV0bN1nM2qW3eR4tT5yU6iI7oO8pP9aS0dF1gG2hH3jJ4kK5lL6zZ7xX8cC9vV0bB1nN2mM3qW4eR5tT6yU7iI8oO9pP0aS1dF2gG3hH4jJ5kK6lL7zZ8xX9cC0vB1nN2mQ3wE4rR5tT6yY7uU8iI9oO0pP1aS2dF3gG4hH5jJ6kK7lL8zX9cV0bN1nM2qW3eR4tT5yU6iI7oO8pP9aS0dF1gG2hH3jJ4kK5lL6zZ7xX8cC9vV0bB1nN2mM3qW4eR5tT6yU7iI8oO9pP0aS1dF2gG3hH4jJ5kK6lL7zZ8xX9cC0vB1nN2mQ3wE4rR5tT6yY7uU8iI9oO0pP1aS2dF3gG4hH5jJ6kK7lL8zX9cV0bN1nM2qW3eR4tT5yU6iI7oO8pP9aS0dF1gG2hH3jJ4kK5lL6zZ7xX8cC9vV0bB1nN2mM3qW4eR5tT6yU7iI8oO9pP0aS1dF2gG3hH4jJ5kK6lL7zZ8xX9cC0vB1nN2mQ3wE4rR5tT6yY7uU8iI9oO0pP1aS2dF3gG4hH5jJ6kK7lL8zX9cV0bN1nM2qW3eR4tT5yU6iI7oO8pP9aS0dF1gG2hH3jJ4kK5lL6zZ7xX8cC9vV0bB1nN2mM3qW4eR5tT6yU7iI8oO9pP0aS1dF2gG3hH4jJ5kK6lL7zZ8xX9cC0vB1nN2mQ3wE4rR5tT6yY7uU8iI9oO0pP1aS2dF3gG4hH5jJ6kK7l4hH5jJ6kK7lL8zX9cV0bN1nM2qW3eR4tT5yU6iI7oO8pP9aS0dF1gG2hH3jJ4kK5lL6zZ7xX8cC9vV0bB1nN2mM3qW4eR5tT6yU7iI8oO9pP0aS1dF2gG3hH4jJ5kK6lL7zZ8xX9cC0vB1nN2mQ3wE4rR5tT6yY7uU8iI9oO0pP1aS2dF3gG4hH5jJ6kK7lL8zX9cV0bN1nM2qW3eR4tT5yU6iI7oO8pP9aS0dF1gG2hH3jJ4kK5lL6zZ7xX8cC9vV0bB1nN2mM3qW4eR5tT6yU7iI8oO9pP0aS1dF2gG3hH4jJ5kK6lL7zZ8xX9cC0vB1nN2mQ3wE4rR5tT6yY7uU8iI9oO0pP1aS2dF3gG4hH5jJ6kK7l4hH5jJ6kK7lL8zX9cV0bN1nM2qW3eR4tT5yU6iI7oO8pP9aS0dF1gG2hH3jJ4kK5lL6zZ7xX8cC9vV0bB1nN2mM3qW4eR5tT6yU7iI8oO9pP0aS1dF2gG3hH4jJ5kK6lL7zZ8xX9cC0vB1nN2mQ3wE4rR5tT6yY7uU8iI9oO0pP1aS2dF3gG4hH5jJ6kK7lL8zX9cV0bN1nM2qW3eR4tT5yU6iI7oO8pP9aS0dF1gG2hH3jJ4kK5lL6zZ7xX8cC9vV0bB1nN2mM3qW4eR5tT6yU7iI8oO9pP0aS1dF2gG3hH4jJ5kK6lL7zZ8xX9cC0vB1nN2mQ3wE4rR5tT6yY7uU8iI9oO0pP1aS2dF3gG4hH5jJ6kK7l4hH5jJ6kK7lL8zX9cV0bN1nM2qW3eR4tT5yU6iI7oO8pP9aS0dF1gG2hH3jJ4kK5lL6zZ7xX8cC9vV0bB1nN2mM3qW4eR5tT6yU7iI8oO9pP0aS1dF2gG3hH4jJ5kK6lL7zZ8xX9cC0vB1nN2mQ3wE4rR5tT6yY7uU8iI9oO0pP1aS2dF3gG4hH5jJ6kK7lL8zX9cV0bN1nM2qW3eR4tT5yU6iI7oO8pP9aS0dF1gG2hH3jJ4kK5lL6zZ7xX8cC9vV0bB1nN2mM3qW4eR5tT6yU7iI8oO9pP0aS1dF2gG3hH4jJ5kK6lL7zZ8xX9cC0vB1nN2mQ3wE4rR5tT6yY7uU8iI9oO0pP1aS2dF3gG4hH5jJ6kK7l4hH5jJ6kK7lL8zX9cV0bN1nM2qW3eR4tT5yU6iI7oO8pP9aS0dF1gG2hH3jJ4kK5lL6zZ7xX8cC9vV0bB1nN2mM3qW4eR5tT6yU7iI8oO9pP0aS1dF2gG3hH4jJ5kK6lL7zZ8xX9cC0vB1nN2mQ3wE4rR5tT6yY7uU8iI9oO0pP1aS2dF3gG4hH5jJ6kK7lL8zX9cV0bN1nM2qW3eR4tT5yU6iI7oO8pP9aS0dF1gG2hH3jJ4kK5lL6zZ7xX8cC9vV0bB1nN2mM3qW4eR5tT6yU7iI8oO9pP0aS1dF2gG3hH4jJ5kK6lL7zZ8xX9cC0vB1nN2mQ3wE4rR5tT6yY7uU8iI9oO0pP1aS2dF3gG4hH5jJ6kK7l4hH5jJ6kK7lL8zX9cV0bN1nM2qW3eR4tT5yU6iI7oO8pP9aS0dF1gG2hH3jJ4kK5lL6zZ7xX8cC9vV0bB1nN2mM3qW4eR5tT6yU7iI8oO9pP0aS1dF2gG3hH4jJ5kK6lL7zZ8xX9cC0vB1nN2mQ3wE4rR5tT6yY7uU8iI9oO0pP1aS2dF3gG4hH5jJ6kK7lL8zX9cV0bN1nM2qW3eR4tT5yU6iI7oO8pP9aS0dF1gG2hH3jJ4kK5lL6zZ7xX8cC9vV0bB1nN2mM3qW4eR5tT6yU7iI8oO9pP0aS1dF2gG3hH4jJ5kK6lL7zZ8xX9cC0vB1nN2mQ3wE4rR5tT6yY7uU8iI9oO0pP1aS2dF3gG4hH5jJ6kK7l4hH5jJ6kK7lL8zX9cV0bN1nM2qW3eR4tT5yU6iI7oO8pP9aS0dF1gG2hH3jJ4kK5lL6zZ7xX8cC9vV0bB1nN2mM3qW4eR5tT6yU7iI8oO9pP0aS1dF2gG3hH4jJ5kK6lL7zZ8xX9cC0vB1nN2mQ3wE4rR5tT6yY7uU8iI9oO0pP1aS2dF3gG4hH5jJ6kK7lL8zX9cV0bN1nM2qW3eR4tT5yU6iI7oO8pP9aS0dF1gG2hH3jJ4kK5lL6zZ7xX8cC9vV0bB1nN2mM3qW4eR5tT6yU7iI8oO9pP0aS1dF2gG3hH4jJ5kK6lL7zZ8xX9cC0vB1nN2mQ3wE4rR5tT6yY7uU8iI9oO0pP1aS2dF3gG4hH5jJ6kK7l4hH5jJ6kK7lL8zX9cV0bN1nM2qW3eR4tT5yU6iI7oO8pP9aS0dF1gG2hH3jJ4kK5lL6zZ7xX8cC9vV0bB1nN2mM3qW4eR5tT6yU7iI8oO9pP0aS1dF2gG3hH4jJ5kK6lL7zZ8xX9cC0vB1nN2mQ3wE4rR5tT6yY7uU8iI9oO0pP1aS2dF3gG4hH5jJ6kK7lL8zX9cV0bN1nM2qW3eR4tT5yU6iI7oO8pP9aS0dF1gG2hH3jJ4kK5lL6zZ7xX8cC9vV0bB1nN2mM3qW4eR5tT6yU7iI8oO9pP0aS1dF2gG3hH4jJ5kK6lL7zZ8xX9cC0vB1nN2mQ3wE4rR5tT6yY7uU8iI9oO0pP1aS2dF3gG4hH5jJ6kK7l4hH5jJ6kK7lL8zX9cV0bN1nM2qW3eR4tT5yU6iI7oO8pP9aS0dF1gG2hH3jJ4kK5lL6z7nB9vR2mX8kLp4QjW3tY5zH1aG6sF9dD0fS8gA7hJ6kL5mN4bV3vC2xZ1oP9iU8uY7tT6rR5eE4wW3qQ2aZ1sX2dC3fV4gB5hN6jM7kL8pO9iU0yT1rE2wQ3aS4dF5gG6hH7jJ8kK9lL0zZ1xX2cC3vV4bB5nN6mM7qQ8wW9eE0rR1tT2yY3uU4iI5oO6pP7aA8sS9dD0fF1gG2hH3jJ4kK5lL6zZ7xX8cC9vV0bB1nN2mM3qW4eR5tT6yU7iI8oO9pP0aS1dF2gG3hH4jJ5kK6lL7zZ8xX9cC0vB1nN2mQ3wE4rR5tT6yY7uU8iI9oO0pP1aS2dF3gG4hH5jJ6kK7lL8zX9cV0bN1nM2qW3eR4tT5yU6iI7oO8pP9aS0dF1gG2hH3jJ4kK5lL6zZ7xX8cC9vV0bB1nN2mM3qW4eR5tT6yU7iI8oO9pP0aS1dF2gG3hH4jJ5kK6lL7zZ8xX9cC0vB1nN2mQ3wE4rR5tT6yY7uU8iI9oO0pP1aS2dF3gG4hH5jJ6kK7lL8zX9cV0bN1nM2qW3eR4tT5yU6iI7oO8pP9aS0dF1gG2hH3jJ4kK5lL6zZ7xX8cC9vV0bB1nN2mM3qW4eR5tT6yU7iI8oO9pP0aS1dF2gG3hH4jJ5kK6lL7zZ8xX9cC0vB1nN2mQ3wE4rR5tT6yY7uU8iI9oO0pP1aS2dF3gG4hH5jJ6kK7lL8zX9cV0bN1nM2qW3eR4tT5yU6iI7oO8pP9aS0dF1gG2hH3jJ4kK5lL6zZ7xX8cC9vV0bB1nN2mM3qW4eR5tT6yU7iI8oO9pP0aS1dF2gG3hH4jJ5kK6lL7zZ8xX9cC0vB1nN2mQ3wE4rR5tT6yY7uU8iI9oO0pP1aS2dF3gG4hH5jJ6kK7lL8zX9cV0bN1nM2qW3eR4tT5yU6iI7oO8pP9aS0dF1gG2hH3jJ4kK5lL6zZ7xX8cC9vV0bB1nN2mM3qW4eR5tT6yU7iI8oO9pP0aS1dF2gG3hH4jJ5kK6lL7zZ8xX9cC0vB1nN2mQ3wE4rR5tT6yY7uU8iI9oO0pP1aS2dF3gG4hH5jJ6kK7l4hH5jJ6kK7lL8zX9cV0bN1nM2qW3eR4tT5yU6iI7oO8pP9aS0dF1gG2hH3jJ4kK5lL6zZ7xX8cC9vV0bB1nN2mM3qW4eR5tT6yU7iI8oO9pP0aS1dF2gG3hH4jJ5kK6lL7zZ8xX9cC0vB1nN2mQ3wE4rR5tT6yY7uU8iI9oO0pP1aS2dF3gG4hH5jJ6kK7lL8zX9cV0bN1nM2qW3eR4tT5yU6iI7oO8pP9aS0dF1gG2hH3jJ4kK5lL6zZ7xX8cC9vV0bB1nN2mM3qW4eR5tT6yU7iI8oO9pP0aS1dF2gG3hH4jJ5kK6lL7zZ8xX9cC0vB1nN2mQ3wE4rR5tT6yY7uU8iI9oO0pP1aS2dF3gG4hH5jJ6kK7l4hH5jJ6kK7lL8zX9cV0bN1nM2qW3eR4tT5yU6iI7oO8pP9aS0dF1gG2hH3jJ4kK5lL6zZ7xX8cC9vV0bB1nN2mM3qW4eR5tT6yU7iI8oO9pP0aS1dF2gG3hH4jJ5kK6lL7zZ8xX9cC0vB1nN2mQ3wE4rR5tT6yY7uU8iI9oO0pP1aS2dF3gG4hH5jJ6kK7lL8zX9cV0bN1nM2qW3eR4tT5yU6iI7oO8pP9aS0dF1gG2hH3jJ4kK5lL6zZ7xX8cC9vV0bB1nN2mM3qW4eR5tT6yU7iI8oO9pP0aS1dF2gG3hH4jJ5kK6lL7zZ8xX9cC0vB1nN2mQ3wE4rR5tT6yY7uU8iI9oO0pP1aS2dF3gG4hH5jJ6kK7l4hH5jJ6kK7lL8zX9cV0bN1nM2qW3eR4tT5yU6iI7oO8pP9aS0dF1gG2hH3jJ4kK5lL6zZ7xX8cC9vV0bB1nN2mM3qW4eR5tT6yU7iI8oO9pP0aS1dF2gG3hH4jJ5kK6lL7zZ8xX9cC0vB1nN2mQ3wE4rR5tT6yY7uU8iI9oO0pP1aS2dF3gG4hH5jJ6kK7lL8zX9cV0bN1nM2qW3eR4tT5yU6iI7oO8pP9aS0dF1gG2hH3jJ4kK5lL6zZ7xX8cC9vV0bB1nN2mM3qW4eR5tT6yU7iI8oO9pP0aS1dF2gG3hH4jJ5kK6lL7zZ8xX9cC0vB1nN2mQ3wE4rR5tT6yY7uU8iI9oO0pP1aS2dF3gG4hH5jJ6kK7l4hH5jJ6kK7lL8zX9cV0bN1nM2qW3eR4tT5yU6iI7oO8pP9aS0dF1gG2hH3jJ4kK5lL6zZ7xX8cC9vV0bB1nN2mM3qW4eR5tT6yU7iI8oO9pP0aS1dF2gG3hH4jJ5kK6lL7zZ8xX9cC0vB1nN2mQ3wE4rR5tT6yY7uU8iI9oO0pP1aS2dF3gG4hH5jJ6kK7lL8zX9cV0bN1nM2qW3eR4tT5yU6iI7oO8pP9aS0dF1gG2hH3jJ4kK5lL6zZ7xX8cC9vV0bB1nN2mM3qW4eR5tT6yU7iI8oO9pP0aS1dF2gG3hH4jJ5kK6lL7zZ8xX9cC0vB1nN2mQ3wE4rR5tT6yY7uU8iI9oO0pP1aS2dF3gG4hH5jJ6kK7l4hH5jJ6kK7lL8zX9cV0bN1nM2qW3eR4tT5yU6iI7oO8pP9aS0dF1gG2hH3jJ4kK5lL6zZ7xX8cC9vV0bB1nN2mM3qW4eR5tT6yU7iI8oO9pP0aS1dF2gG3hH4jJ5kK6lL7zZ8xX9cC0vB1nN2mQ3wE4rR5tT6yY7uU8iI9oO0pP1aS2dF3gG4hH5jJ6kK7lL8zX9cV0bN1nM2qW3eR4tT5yU6iI7oO8pP9aS0dF1gG2hH3jJ4kK5lL6zZ7xX8cC9vV0bB1nN2mM3qW4eR5tT6yU7iI8oO9pP0aS1dF2gG3hH4jJ5kK6lL7zZ8xX9cC0vB1nN2mQ3wE4rR5tT6yY7uU8iI9oO0pP1aS2dF3gG4hH5jJ6kK7l4hH5jJ6kK7lL8zX9cV0bN1nM2qW3eR4tT5yU6iI7oO8pP9aS0dF1gG2hH3jJ4kK5lL6zZ7xX8cC9vV0bB1nN2mM3qW4eR5tT6yU7iI8oO9pP0aS1dF2gG3hH4jJ5kK6lL7zZ8xX9cC0vB1nN2mQ3wE4rR5tT6yY7uU8iI9oO0pP1aS2dF3gG4hH5jJ6kK7lL8zX9cV0bN1nM2qW3eR4tT5yU6iI7oO8pP9aS0dF1gG2hH3jJ4kK5lL6zZ7xX8cC9vV0bB1nN2mM3qW4eR5tT6yU7iI8oO9pP0aS1dF2gG3hH4jJ5kK6lL7zZ8xX9cC0vB1nN2mQ3wE4rR5tT6yY7uU8iI9oO0pP1aS2dF3gG4hH5jJ6kK7l4hH5jJ6kK7lL8zX9cV0bN1nM2qW3eR4tT5yU6iI7oO8pP9aS0dF1gG2hH3jJ4kK5lL6zZ7xX8cC9vV0bB1nN2mM3qW4eR5tT6yU7iI8oO9pP0aS1dF2gG3hH4jJ5kK6lL7zZ8xX9cC0vB1nN2mQ3wE4rR5tT6yY7uU8iI9oO0pP1aS2dF3gG4hH5jJ6kK7lL8zX9cV0bN1nM2qW3eR4tT5yU6iI7oO8pP9aS0dF1gG2hH3jJ4kK5lL6zZ7xX8cC9vV0bB1nN2mM3qW4eR5tT6yU7iI8oO9pP0aS1dF2gG3hH4jJ5kK6lL7zZ8xX9cC0vB1nN2mQ3wE4rR5tT6yY7uU8iI9oO0pP1aS2dF3gG4hH5jJ6kK7l4hH5jJ6kK7lL8zX9cV0bN1nM2qW3eR4tT5yU6iI7oO8pP9aS0dF1gG2hH3jJ4kK5lL6z7nB9vR2mX8kLp4QjW3tY5zH1aG6sF9dD0fS8gA7hJ6kL5mN4bV3vC2xZ1oP9iU8uY7tT6rR5eE4wW3qQ2aZ1sX2dC3fV4gB5hN6jM7kL8pO9iU0yT1rE2wQ3aS4dF5gG6hH7jJ8kK9lL0zZ1xX2cC3vV4bB5nN6mM7qQ8wW9eE0rR1tT2yY3uU4iI5oO6pP7aA8sS9dD0fF1gG2hH3jJ4kK5lL6zZ7xX8cC9vV0bB1nN2mM3qW4eR5tT6yU7iI8oO9pP0aS1dF2gG3hH4jJ5kK6lL7zZ8xX9cC0vB1nN2mQ3wE4rR5tT6yY7uU8iI9oO0pP1aS2dF3gG4hH5jJ6kK7lL8zX9cV0bN1nM2qW3eR4tT5yU6iI7oO8pP9aS0dF1gG2hH3jJ4kK5lL6zZ7xX8cC9vV0bB1nN2mM3qW4eR5tT6yU7iI8oO9pP0aS1dF2gG3hH4jJ5kK6lL7zZ8xX9cC0vB1nN2mQ3wE4rR5tT6yY7uU8iI9oO0pP1aS2dF3gG4hH5jJ6kK7lL8zX9cV0bN1nM2qW3eR4tT5yU6iI7oO8pP9aS0dF1gG2hH3jJ4kK5lL6zZ7xX8cC9vV0bB1nN2mM3qW4eR5tT6yU7iI8oO9pP0aS1dF2gG3hH4jJ5kK6lL7zZ8xX9cC0vB1nN2mQ3wE4rR5tT6yY7uU8iI9oO0pP1aS2dF3gG4hH5jJ6kK7lL8zX9cV0bN1nM2qW3eR4tT5yU6iI7oO8pP9aS0dF1gG2hH3jJ4kK5lL6zZ7xX8cC9vV0bB1nN2mM3qW4eR5tT6yU7iI8oO9pP0aS1dF2gG3hH4jJ5kK6lL7zZ8xX9cC0vB1nN2mQ3wE4rR5tT6yY7uU8iI9oO0pP1aS2dF3gG4hH5jJ6kK7lL8zX9cV0bN1nM2qW3eR4tT5yU6iI7oO8pP9aS0dF1gG2hH3jJ4kK5lL6zZ7xX8cC9vV0bB1nN2mM3qW4eR5tT6yU7iI8oO9pP0aS1dF2gG3hH4jJ5kK6lL7zZ8xX9cC0vB1nN2mQ3wE4rR5tT6yY7uU8iI9oO0pP1aS2dF3gG4hH5jJ6kK7l4hH5jJ6kK7lL8zX9cV0bN1nM2qW3eR4tT5yU6iI7oO8pP9aS0dF1gG2hH3jJ4kK5lL6zZ7xX8cC9vV0bB1nN2mM3qW4eR5tT6yU7iI8oO9pP0aS1dF2gG3hH4jJ5kK6lL7zZ8xX9cC0vB1nN2mQ3wE4rR5tT6yY7uU8iI9oO0pP1aS2dF3gG4hH5jJ6kK7lL8zX9cV0bN1nM2qW3eR4tT5yU6iI7oO8pP9aS0dF1gG2hH3jJ4kK5lL6zZ7xX8cC9vV0bB1nN2mM3qW4eR5tT6yU7iI8oO9pP0aS1dF2gG3hH4jJ5kK6lL7zZ8xX9cC0vB1nN2mQ3wE4rR5tT6yY7uU8iI9oO0pP1aS2dF3gG4hH5jJ6kK7l4hH5jJ6kK7lL8zX9cV0bN1nM2qW3eR4tT5yU6iI7oO8pP9aS0dF1gG2hH3jJ4kK5lL6zZ7xX8cC9vV0bB1nN2mM3qW4eR5tT6yU7iI8oO9pP0aS1dF2gG3hH4jJ5kK6lL7zZ8xX9cC0vB1nN2mQ3wE4rR5tT6yY7uU8iI9oO0pP1aS2dF3gG4hH5jJ6kK7lL8zX9cV0bN1nM2qW3eR4tT5yU6iI7oO8pP9aS0dF1gG2hH3jJ4kK5lL6zZ7xX8cC9vV0bB1nN2mM3qW4eR5tT6yU7iI8oO9pP0aS1dF2gG3hH4jJ5kK6lL7zZ8xX9cC0vB1nN2mQ3wE4rR5tT6yY7uU8iI9oO0pP1aS2dF3gG4hH5jJ6kK7l4hH5jJ6kK7lL8zX9cV0bN1nM2qW3eR4tT5yU6iI7oO8pP9aS0dF1gG2hH3jJ4kK5lL6zZ7xX8cC9vV0bB1nN2mM3qW4eR5tT6yU7iI8oO9pP0aS1dF2gG3hH4jJ5kK6lL7zZ8xX9cC0vB1nN2mQ3wE4rR5tT6yY7uU8iI9oO0pP1aS2dF3gG4hH5jJ6kK7lL8zX9cV0bN1nM2qW3eR4tT5yU6iI7oO8pP9aS0dF1gG2hH3jJ4kK5lL6zZ7xX8cC9vV0bB1nN2mM3qW4eR5tT6yU7iI8oO9pP0aS1dF2gG3hH4jJ5kK6lL7zZ8xX9cC0vB1nN2mQ3wE4rR5tT6yY7uU8iI9oO0pP1aS2dF3gG4hH5jJ6kK7l4hH5jJ6kK7lL8zX9cV0bN1nM2qW3eR4tT5yU6iI7oO8pP9aS0dF1gG2hH3jJ4kK5lL6zZ7xX8cC9vV0bB1nN2mM3qW4eR5tT6yU7iI8oO9pP0aS1dF2gG3hH4jJ5kK6lL7zZ8xX9cC0vB1nN2mQ3wE4rR5tT6yY7uU8iI9oO0pP1aS2dF3gG4hH5jJ6kK7lL8zX9cV0bN1nM2qW3eR4tT5yU6iI7oO8pP9aS0dF1gG2hH3jJ4kK5lL6zZ7xX8cC9vV0bB1nN2mM3qW4eR5tT6yU7iI8oO9pP0aS1dF2gG3hH4jJ5kK6lL7zZ8xX9cC0vB1nN2mQ3wE4rR5tT6yY7uU8iI9oO0pP1aS2dF3gG4hH5jJ6kK7l4hH5jJ6kK7lL8zX9cV0bN1nM2qW3eR4tT5yU6iI7oO8pP9aS0dF1gG2hH3jJ4kK5lL6zZ7xX8cC9vV0bB1nN2mM3qW4eR5tT6yU7iI8oO9pP0aS1dF2gG3hH4jJ5kK6lL7zZ8xX9cC0vB1nN2mQ3wE4rR5tT6yY7uU8iI9oO0pP1aS2dF3gG4hH5jJ6kK7lL8zX9cV0bN1nM2qW3eR4tT5yU6iI7oO8pP9aS0dF1gG2hH3jJ4kK5lL6zZ7xX8cC9vV0bB1nN2mM3qW4eR5tT6yU7iI8oO9pP0aS1dF2gG3hH4jJ5kK6lL7zZ8xX9cC0vB1nN2mQ3wE4rR5tT6yY7uU8iI9oO0pP1aS2dF3gG4hH5jJ6kK7l4hH5jJ6kK7lL8zX9cV0bN1nM2qW3eR4tT5yU6iI7oO8pP9aS0dF1gG2hH3jJ4kK5lL6zZ7xX8cC9vV0bB1nN2mM3qW4eR5tT6yU7iI8oO9pP0aS1dF2gG3hH4jJ5kK6lL7zZ8xX9cC0vB1nN2mQ3wE4rR5tT6yY7uU8iI9oO0pP1aS2dF3gG4hH5jJ6kK7lL8zX9cV0bN1nM2qW3eR4tT5yU6iI7oO8pP9aS0dF1gG2hH3jJ4kK5lL6zZ7xX8cC9vV0bB1nN2mM3qW4eR5tT6yU7iI8oO9pP0aS1dF2gG3hH4jJ5kK6lL7zZ8xX9cC0vB1nN2mQ3wE4rR5tT6yY7uU8iI9oO0pP1aS2dF3gG4hH5jJ6kK7l4hH5jJ6kK7lL8zX9cV0bN1nM2qW3eR4tT5yU6iI7oO8pP9aS0dF1gG2hH3jJ4kK5lL6zZ7xX8cC9vV0bB1nN2mM3qW4eR5tT6yU7iI8oO9pP0aS1dF2gG3hH4jJ5kK6lL7zZ8xX9cC0vB1nN2mQ3wE4rR5tT6yY7uU8iI9oO0pP1aS2dF3gG4hH5jJ6kK7lL8zX9cV0bN1nM2qW3eR4tT5yU6iI7oO8pP9aS0dF1gG2hH3jJ4kK5lL6zZ7xX8cC9vV0bB1nN2mM3qW4eR5tT6yU7iI8oO9pP0aS1dF2gG3hH4jJ5kK6lL7zZ8xX9cC0vB1nN2mQ3wE4rR5tT6yY7uU8iI9oO0pP1aS2dF3gG4hH5jJ6kK7l4hH5jJ6kK7lL8zX9cV0bN1nM2qW3eR4tT5yU6iI7oO8pP9aS0dF1gG2hH3jJ4kK5lL6z7nB9vR2mX8kLp4QjW3tY5zH1aG6sF9dD0fS8gA7hJ6kL5mN4bV3vC2xZ1oP9iU8uY7tT6rR5eE4wW3qQ2aZ1sX2dC3fV4gB5hN6jM7kL8pO9iU0yT1rE2wQ3aS4dF5gG6hH7jJ8kK9lL0zZ1xX2cC3vV4bB5nN6mM7qQ8wW9eE0rR1tT2yY3uU4iI5oO6pP7aA8sS9dD0fF1gG2hH3jJ4kK5lL6zZ7xX8cC9vV0bB1nN2mM3qW4eR5tT6yU7iI8oO9pP0aS1dF2gG3hH4jJ5kK6lL7zZ8xX9cC0vB1nN2mQ3wE4rR5tT6yY7uU8iI9oO0pP1aS2dF3gG4hH5jJ6kK7lL8zX9cV0bN1nM2qW3eR4tT5yU6iI7oO8pP9aS0dF1gG2hH3jJ4kK5lL6zZ7xX8cC9vV0bB1nN2mM3qW4eR5tT6yU7iI8oO9pP0aS1dF2gG3hH4jJ5kK6lL7zZ8xX9cC0vB1nN2mQ3wE4rR5tT6yY7uU8iI9oO0pP1aS2dF3gG4hH5jJ6kK7lL8zX9cV0bN1nM2qW3eR4tT5yU6iI7oO8pP9aS0dF1gG2hH3jJ4kK5lL6zZ7xX8cC9vV0bB1nN2mM3qW4eR5tT6yU7iI8oO9pP0aS1dF2gG3hH4jJ5kK6lL7zZ8xX9cC0vB1nN2mQ3wE4rR5tT6yY7uU8iI9oO0pP1aS2dF3gG4hH5jJ6kK7lL8zX9cV0bN1nM2qW3eR4tT5yU6iI7oO8pP9aS0dF1gG2hH3jJ4kK5lL6zZ7xX8cC9vV0bB1nN2mM3qW4eR5tT6yU7iI8oO9pP0aS1dF2gG3hH4jJ5kK6lL7zZ8xX9cC0vB1nN2mQ3wE4rR5tT6yY7uU8iI9oO0pP1aS2dF3gG4hH5jJ6kK7lL8zX9cV0bN1nM2qW3eR4tT5yU6iI7oO8pP9aS0dF1gG2hH3jJ4kK5lL6zZ7xX8cC9vV0bB1nN2mM3qW4eR5tT6yU7iI8oO9pP0aS1dF2gG3hH4jJ5kK6lL7zZ8xX9cC0vB1nN2mQ3wE4rR5tT6yY7uU8iI9oO0pP1aS2dF3gG4hH5jJ6kK7l4hH5jJ6kK7lL8zX9cV0bN1nM2qW3eR4tT5yU6iI7oO8pP9aS0dF1gG2hH3jJ4kK5lL6zZ7xX8cC9vV0bB1nN2mM3qW4eR5tT6yU7iI8oO9pP0aS1dF2gG3hH4jJ5kK6lL7zZ8xX9cC0vB1nN2mQ3wE4rR5tT6yY7uU8iI9oO0pP1aS2dF3gG4hH5jJ6kK7lL8zX9cV0bN1nM2qW3eR4tT5yU6iI7oO8pP9aS0dF1gG2hH3jJ4kK5lL6zZ7xX8cC9vV0bB1nN2mM3qW4eR5tT6yU7iI8oO9pP0aS1dF2gG3hH4jJ5kK6lL7zZ8xX9cC0vB1nN2mQ3wE4rR5tT6yY7uU8iI9oO0pP1aS2dF3gG4hH5jJ6kK7l4hH5jJ6kK7lL8zX9cV0bN1nM2qW3eR4tT5yU6iI7oO8pP9aS0dF1gG2hH3jJ4kK5lL6zZ7xX8cC9vV0bB1nN2mM3qW4eR5tT6yU7iI8oO9pP0aS1dF2gG3hH4jJ5kK6lL7zZ8xX9cC0vB1nN2mQ3wE4rR5tT6yY7uU8iI9oO0pP1aS2dF3gG4hH5jJ6kK7lL8zX9cV0bN1nM2qW3eR4tT5yU6iI7oO8pP9aS0dF1gG2hH3jJ4kK5lL6zZ7xX8cC9vV0bB1nN2mM3qW4eR5tT6yU7iI8oO9pP0aS1dF2gG3hH4jJ5kK6lL7zZ8xX9cC0vB1nN2mQ3wE4rR5tT6yY7uU8iI9oO0pP1aS2dF3gG4hH5jJ6kK7l4hH5jJ6kK7lL8zX9cV0bN1nM2qW3eR4tT5yU6iI7oO8pP9aS0dF1gG2hH3jJ4kK5lL6zZ7xX8cC9vV0bB1nN2mM3qW4eR5tT6yU7iI8oO9pP0aS1dF2gG3hH4jJ5kK6lL7zZ8xX9cC0vB1nN2mQ3wE4rR5tT6yY7uU8iI9oO0pP1aS2dF3gG4hH5jJ6kK7lL8zX9cV0bN1nM2qW3eR4tT5yU6iI7oO8pP9aS0dF1gG2hH3jJ4kK5lL6zZ7xX8cC9vV0bB1nN2mM3qW4eR5tT6yU7iI8oO9pP0aS1dF2gG3hH4jJ5kK6lL7zZ8xX9cC0vB1nN2mQ3wE4rR5tT6yY7uU8iI9oO0pP1aS2dF3gG4hH5jJ6kK7l4hH5jJ6kK7lL8zX9cV0bN1nM2qW3eR4tT5yU6iI7oO8pP9aS0dF1gG2hH3jJ4kK5lL6zZ7xX8cC9vV0bB1nN2mM3qW4eR5tT6yU7iI8oO9pP0aS1dF2gG3hH4jJ5kK6lL7zZ8xX9cC0vB1nN2mQ3wE4rR5tT6yY7uU8iI9oO0pP1aS2dF3gG4hH5jJ6kK7lL8zX9cV0bN1nM2qW3eR4tT5yU6iI7oO8pP9aS0dF1gG2hH3jJ4kK5lL6zZ7xX8cC9vV0bB1nN2mM3qW4eR5tT6yU7iI8oO9pP0aS1dF2gG3hH4jJ5kK6lL7zZ8xX9cC0vB1nN2mQ3wE4rR5tT6yY7uU8iI9oO0pP1aS2dF3gG4hH5jJ6kK7l4hH5jJ6kK7lL8zX9cV0bN1nM2qW3eR4tT5yU6iI7oO8pP9aS0dF1gG2hH3jJ4kK5lL6zZ7xX8cC9vV0bB1nN2mM3qW4eR5tT6yU7iI8oO9pP0aS1dF2gG3hH4jJ5kK6lL7zZ8xX9cC0vB1nN2mQ3wE4rR5tT6yY7uU8iI9oO0pP1aS2dF3gG4hH5jJ6kK7lL8zX9cV0bN1nM2qW3eR4tT5yU6iI7oO8pP9aS0dF1gG2hH3jJ4kK5lL6zZ7xX8cC9vV0bB1nN2mM3qW4eR5tT6yU7iI8oO9pP0aS1dF2gG3hH4jJ5kK6lL7zZ8xX9cC0vB1nN2mQ3wE4rR5tT6yY7uU8iI9oO0pP1aS2dF3gG4hH5jJ6kK7l4hH5jJ6kK7lL8zX9cV0bN1nM2qW3eR4tT5yU6iI7oO8pP9aS0dF1gG2hH3jJ4kK5lL6zZ7xX8cC9vV0bB1nN2mM3qW4eR5tT6yU7iI8oO9pP0aS1dF2gG3hH4jJ5kK6lL7zZ8xX9cC0vB1nN2mQ3wE4rR5tT6yY7uU8iI9oO0pP1aS2dF3gG4hH5jJ6kK7lL8zX9cV0bN1nM2qW3eR4tT5yU6iI7oO8pP9aS0dF1gG2hH3jJ4kK5lL6zZ7xX8cC9vV0bB1nN2mM3qW4eR5tT6yU7iI8oO9pP0aS1dF2gG3hH4jJ5kK6lL7zZ8xX9cC0vB1nN2mQ3wE4rR5tT6yY7uU8iI9oO0pP1aS2dF3gG4hH5jJ6kK7l4hH5jJ6kK7lL8zX9cV0bN1nM2qW3eR4tT5yU6iI7oO8pP9aS0dF1gG2hH3jJ4kK5lL6zZ7xX8cC9vV0bB1nN2mM3qW4eR5tT6yU7iI8oO9pP0aS1dF2gG3hH4jJ5kK6lL7zZ8xX9cC0vB1nN2mQ3wE4rR5tT6yY7uU8iI9oO0pP1aS2dF3gG4hH5jJ6kK7lL8zX9cV0bN1nM2qW3eR4tT5yU6iI7oO8pP9aS0dF1gG2hH3jJ4kK5lL6zZ7xX8cC9vV0bB1nN2mM3qW4eR5tT6yU7iI8oO9pP0aS1dF2gG3hH4jJ5kK6lL7zZ8xX9cC0vB1nN2mQ3wE4rR5tT6yY7uU8iI9oO0pP1aS2dF3gG4hH5jJ6kK7l4hH5jJ6kK7lL8zX9cV0bN1nM2qW3eR4tT5yU6iI7oO8pP9aS0dF1gG2hH3jJ4kK5lL6z7nB9vR2mX8kLp4QjW3tY5zH1aG6sF9dD0fS8gA7hJ6kL5mN4bV3vC2xZ1oP9iU8uY7tT6rR5eE4wW3qQ2aZ1sX2dC3fV4gB5hN6jM7kL8pO9iU0yT1rE2wQ3aS4dF5gG6hH7jJ8kK9lL0zZ1xX2cC3vV4bB5nN6mM7qQ8wW9eE0rR1tT2yY3uU4iI5oO6pP7aA8sS9dD0fF1gG2hH3jJ4kK5lL6zZ7xX8cC9vV0bB1nN2mM3qW4eR5tT6yU7iI8oO9pP0aS1dF2gG3hH4jJ5kK6lL7zZ8xX9cC0vB1nN2mQ3wE4rR5tT6yY7uU8iI9oO0pP1aS2dF3gG4hH5jJ6kK7lL8zX9cV0bN1nM2qW3eR4tT5yU6iI7oO8pP9aS0dF1gG2hH3jJ4kK5lL6zZ7xX8cC9vV0bB1nN2mM3qW4eR5tT6yU7iI8oO9pP0aS1dF2gG3hH4jJ5kK6lL7zZ8xX9cC0vB1nN2mQ3wE4rR5tT6yY7uU8iI9oO0pP1aS2dF3gG4hH5jJ6kK7lL8zX9cV0bN1nM2qW3eR4tT5yU6iI7oO8pP9aS0dF1gG2hH3jJ4kK5lL6zZ7xX8cC9vV0bB1nN2mM3qW4eR5tT6yU7iI8oO9pP0aS1dF2gG3hH4jJ5kK6lL7zZ8xX9cC0vB1nN2mQ3wE4rR5tT6yY7uU8iI9oO0pP1aS2dF3gG4hH5jJ6kK7lL8zX9cV0bN1nM2qW3eR4tT5yU6iI7oO8pP9aS0dF1gG2hH3jJ4kK5lL6zZ7xX8cC9vV0bB1nN2mM3qW4eR5tT6yU7iI8oO9pP0aS1dF2gG3hH4jJ5kK6lL7zZ8xX9cC0vB1nN2mQ3wE4rR5tT6yY7uU8iI9oO0pP1aS2dF3gG4hH5jJ6kK7lL8zX9cV0bN1nM2qW3eR4tT5yU6iI7oO8pP9aS0dF1gG2hH3jJ4kK5lL6zZ7xX8cC9vV0bB1nN2mM3qW4eR5tT6yU7iI8oO9pP0aS1dF2gG3hH4jJ5kK6lL7zZ8xX9cC0vB1nN2mQ3wE4rR5tT6yY7uU8iI9oO0pP1aS2dF3gG4hH5jJ6kK7l4hH5jJ6kK7lL8zX9cV0bN1nM2qW3eR4tT5yU6iI7oO8pP9aS0dF1gG2hH3jJ4kK5lL6zZ7xX8cC9vV0bB1nN2mM3qW4eR5tT6yU7iI8oO9pP0aS1dF2gG3hH4jJ5kK6lL7zZ8xX9cC0vB1nN2mQ3wE4rR5tT6yY7uU8iI9oO0pP1aS2dF3gG4hH5jJ6kK7lL8zX9cV0bN1nM2qW3eR4tT5yU6iI7oO8pP9aS0dF1gG2hH3jJ4kK5lL6zZ7xX8cC9vV0bB1nN2mM3qW4eR5tT6yU7iI8oO9pP0aS1dF2gG3hH4jJ5kK6lL7zZ8xX9cC0vB1nN2mQ3wE4rR5tT6yY7uU8iI9oO0pP1aS2dF3gG4hH5jJ6kK7l4hH5jJ6kK7lL8zX9cV0bN1nM2qW3eR4tT5yU6iI7oO8pP9aS0dF1gG2hH3jJ4kK5lL6zZ7xX8cC9vV0bB1nN2mM3qW4eR5tT6yU7iI8oO9pP0aS1dF2gG3hH4jJ5kK6lL7zZ8xX9cC0vB1nN2mQ3wE4rR5tT6yY7uU8iI9oO0pP1aS2dF3gG4hH5jJ6kK7lL8zX9cV0bN1nM2qW3eR4tT5yU6iI7oO8pP9aS0dF1gG2hH3jJ4kK5lL6zZ7xX8cC9vV0bB1nN2mM3qW4eR5tT6yU7iI8oO9pP0aS1dF2gG3hH4jJ5kK6lL7zZ8xX9cC0vB1nN2mQ3wE4rR5tT6yY7uU8iI9oO0pP1aS2dF3gG4hH5jJ6kK7l4hH5jJ6kK7lL8zX9cV0bN1nM2qW3eR4tT5yU6iI7oO8pP9aS0dF1gG2hH3jJ4kK5lL6zZ7xX8cC9vV0bB1nN2mM3qW4eR5tT6yU7iI8oO9pP0aS1dF2gG3hH4jJ5kK6lL7zZ8xX9cC0vB1nN2mQ3wE4rR5tT6yY7uU8iI9oO0pP1aS2dF3gG4hH5jJ6kK7lL8zX9cV0bN1nM2qW3eR4tT5yU6iI7oO8pP9aS0dF1gG2hH3jJ4kK5lL6zZ7xX8cC9vV0bB1nN2mM3qW4eR5tT6yU7iI8oO9pP0aS1dF2gG3hH4jJ5kK6lL7zZ8xX9cC0vB1nN2mQ3wE4rR5tT6yY7uU8iI9oO0pP1aS2dF3gG4hH5jJ6kK7l4hH5jJ6kK7lL8zX9cV0bN1nM2qW3eR4tT5yU6iI7oO8pP9aS0dF1gG2hH3jJ4kK5lL6zZ7xX8cC9vV0bB1nN2mM3qW4eR5tT6yU7iI8oO9pP0aS1dF2gG3hH4jJ5kK6lL7zZ8xX9cC0vB1nN2mQ3wE4rR5tT6yY7uU8iI9oO0pP1aS2dF3gG4hH5jJ6kK7lL8zX9cV0bN1nM2qW3eR4tT5yU6iI7oO8pP9aS0dF1gG2hH3jJ4kK5lL6zZ7xX8cC9vV0bB1nN2mM3qW4eR5tT6yU7iI8oO9pP0aS1dF2gG3hH4jJ5kK6lL7zZ8xX9cC0vB1nN2mQ3wE4rR5tT6yY7uU8iI9oO0pP1aS2dF3gG4hH5jJ6kK7l4hH5jJ6kK7lL8zX9cV0bN1nM2qW3eR4tT5yU6iI7oO8pP9aS0dF1gG2hH3jJ4kK5lL6zZ7xX8cC9vV0bB1nN2mM3qW4eR5tT6yU7iI8oO9pP0aS1dF2gG3hH4jJ5kK6lL7zZ8xX9cC0vB1nN2mQ3wE4rR5tT6yY7uU8iI9oO0pP1aS2dF3gG4hH5jJ6kK7lL8zX9cV0bN1nM2qW3eR4tT5yU6iI7oO8pP9aS0dF1gG2hH3jJ4kK5lL6zZ7xX8cC9vV0bB1nN2mM3qW4eR5tT6yU7iI8oO9pP0aS1dF2gG3hH4jJ5kK6lL7zZ8xX9cC0vB1nN2mQ3wE4rR5tT6yY7uU8iI9oO0pP1aS2dF3gG4hH5jJ6kK7l4hH5jJ6kK7lL8zX9cV0bN1nM2qW3eR4tT5yU6iI7oO8pP9aS0dF1gG2hH3jJ4kK5lL6zZ7xX8cC9vV0bB1nN2mM3qW4eR5tT6yU7iI8oO9pP0aS1dF2gG3hH4jJ5kK6lL7zZ8xX9cC0vB1nN2mQ3wE4rR5tT6yY7uU8iI9oO0pP1aS2dF3gG4hH5jJ6kK7lL8zX9cV0bN1nM2qW3eR4tT5yU6iI7oO8pP9aS0dF1gG2hH3jJ4kK5lL6zZ7xX8cC9vV0bB1nN2mM3qW4eR5tT6yU7iI8oO9pP0aS1dF2gG3hH4jJ5kK6lL7zZ8xX9cC0vB1nN2mQ3wE4rR5tT6yY7uU8iI9oO0pP1aS2dF3gG4hH5jJ6kK7l4hH5jJ6kK7lL8zX9cV0bN1nM2qW3eR4tT5yU6iI7oO8pP9aS0dF1gG2hH3jJ4kK5lL6zZ7xX8cC9vV0bB1nN2mM3qW4eR5tT6yU7iI8oO9pP0aS1dF2gG3hH4jJ5kK6lL7zZ8xX9cC0vB1nN2mQ3wE4rR5tT6yY7uU8iI9oO0pP1aS2dF3gG4hH5jJ6kK7lL8zX9cV0bN1nM2qW3eR4tT5yU6iI7oO8pP9aS0dF1gG2hH3jJ4kK5lL6zZ7xX8cC9vV0bB1nN2mM3qW4eR5tT6yU7iI8oO9pP0aS1dF2gG3hH4jJ5kK6lL7zZ8xX9cC0vB1nN2mQ3wE4rR5tT6yY7uU8iI9oO0pP1aS2dF3gG4hH5jJ6kK7l4hH5jJ6kK7lL8zX9cV0bN1nM2qW3eR4tT5yU6iI7oO8pP9aS0dF1gG2hH3jJ4kK5lL6z7nB9vR2mX8kLp4QjW3tY5zH1aG6sF9dD0fS8gA7hJ6kL5mN4bV3vC2xZ1oP9iU8uY7tT6rR5eE4wW3qQ2aZ1sX2dC3fV4gB5hN6jM7kL8pO9iU0yT1rE2wQ3aS4dF5gG6hH7jJ8kK9lL0zZ1xX2cC3vV4bB5nN6mM7qQ8wW9eE0rR1tT2yY3uU4iI5oO6pP7aA8sS9dD0fF1gG2hH3jJ4kK5lL6zZ7xX8cC9vV0bB1nN2mM3qW4eR5tT6yU7iI8oO9pP0aS1dF2gG3hH4jJ5kK6lL7zZ8xX9cC0vB1nN2mQ3wE4rR5tT6yY7uU8iI9oO0pP1aS2dF3gG4hH5jJ6kK7lL8zX9cV0bN1nM2qW3eR4tT5yU6iI7oO8pP9aS0dF1gG2hH3jJ4kK5lL6zZ7xX8cC9vV0bB1nN2mM3qW4eR5tT6yU7iI8oO9pP0aS1dF2gG3hH4jJ5kK6lL7zZ8xX9cC0vB1nN2mQ3wE4rR5tT6yY7uU8iI9oO0pP1aS2dF3gG4hH5jJ6kK7lL8zX9cV0bN1nM2qW3eR4tT5yU6iI7oO8pP9aS0dF1gG2hH3jJ4kK5lL6zZ7xX8cC9vV0bB1nN2mM3qW4eR5tT6yU7iI8oO9pP0aS1dF2gG3hH4jJ5kK6lL7zZ8xX9cC0vB1nN2mQ3wE4rR5tT6yY7uU8iI9oO0pP1aS2dF3gG4hH5jJ6kK7lL8zX9cV0bN1nM2qW3eR4tT5yU6iI7oO8pP9aS0dF1gG2hH3jJ4kK5lL6zZ7xX8cC9vV0bB1nN2mM3qW4eR5tT6yU7iI8oO9pP0aS1dF2gG3hH4jJ5kK6lL7zZ8xX9cC0vB1nN2mQ3wE4rR5tT6yY7uU8iI9oO0pP1aS2dF3gG4hH5jJ6kK7lL8zX9cV0bN1nM2qW3eR4tT5yU6iI7oO8pP9aS0dF1gG2hH3jJ4kK5lL6zZ7xX8cC9vV0bB1nN2mM3qW4eR5tT6yU7iI8oO9pP0aS1dF2gG3hH4jJ5kK6lL7zZ8xX9cC0vB1nN2mQ3wE4rR5tT6yY7uU8iI9oO0pP1aS2dF3gG4hH5jJ6kK7l4hH5jJ6kK7lL8zX9cV0bN1nM2qW3eR4tT5yU6iI7oO8pP9aS0dF1gG2hH3jJ4kK5lL6zZ7xX8cC9vV0bB1nN2mM3qW4eR5tT6yU7iI8oO9pP0aS1dF2gG3hH4jJ5kK6lL7zZ8xX9cC0vB1nN2mQ3wE4rR5tT6yY7uU8iI9oO0pP1aS2dF3gG4hH5jJ6kK7lL8zX9cV0bN1nM2qW3eR4tT5yU6iI7oO8pP9aS0dF1gG2hH3jJ4kK5lL6zZ7xX8cC9vV0bB1nN2mM3qW4eR5tT6yU7iI8oO9pP0aS1dF2gG3hH4jJ5kK6lL7zZ8xX9cC0vB1nN2mQ3wE4rR5tT6yY7uU8iI9oO0pP1aS2dF3gG4hH5jJ6kK7l4hH5jJ6kK7lL8zX9cV0bN1nM2qW3eR4tT5yU6iI7oO8pP9aS0dF1gG2hH3jJ4kK5lL6zZ7xX8cC9vV0bB1nN2mM3qW4eR5tT6yU7iI8oO9pP0aS1dF2gG3hH4jJ5kK6lL7zZ8xX9cC0vB1nN2mQ3wE4rR5tT6yY7uU8iI9oO0pP1aS2dF3gG4hH5jJ6kK7lL8zX9cV0bN1nM2qW3eR4tT5yU6iI7oO8pP9aS0dF1gG2hH3jJ4kK5lL6zZ7xX8cC9vV0bB1nN2mM3qW4eR5tT6yU7iI8oO9pP0aS1dF2gG3hH4jJ5kK6lL7zZ8xX9cC0vB1nN2mQ3wE4rR5tT6yY7uU8iI9oO0pP1aS2dF3gG4hH5jJ6kK7l4hH5jJ6kK7lL8zX9cV0bN1nM2qW3eR4tT5yU6iI7oO8pP9aS0dF1gG2hH3jJ4kK5lL6zZ7xX8cC9vV0bB1nN2mM3qW4eR5tT6yU7iI8oO9pP0aS1dF2gG3hH4jJ5kK6lL7zZ8xX9cC0vB1nN2mQ3wE4rR5tT6yY7uU8iI9oO0pP1aS2dF3gG4hH5jJ6kK7lL8zX9cV0bN1nM2qW3eR4tT5yU6iI7oO8pP9aS0dF1gG2hH3jJ4kK5lL6zZ7xX8cC9vV0bB1nN2mM3qW4eR5tT6yU7iI8oO9pP0aS1dF2gG3hH4jJ5kK6lL7zZ8xX9cC0vB1nN2mQ3wE4rR5tT6yY7uU8iI9oO0pP1aS2dF3gG4hH5jJ6kK7l4hH5jJ6kK7lL8zX9cV0bN1nM2qW3eR4tT5yU6iI7oO8pP9aS0dF1gG2hH3jJ4kK5lL6zZ7xX8cC9vV0bB1nN2mM3qW4eR5tT6yU7iI8oO9pP0aS1dF2gG3hH4jJ5kK6lL7zZ8xX9cC0vB1nN2mQ3wE4rR5tT6yY7uU8iI9oO0pP1aS2dF3gG4hH5jJ6kK7lL8zX9cV0bN1nM2qW3eR4tT5yU6iI7oO8pP9aS0dF1gG2hH3jJ4kK5lL6zZ7xX8cC9vV0bB1nN2mM3qW4eR5tT6yU7iI8oO9pP0aS1dF2gG3hH4jJ5kK6lL7zZ8xX9cC0vB1nN2mQ3wE4rR5tT6yY7uU8iI9oO0pP1aS2dF3gG4hH5jJ6kK7l4hH5jJ6kK7lL8zX9cV0bN1nM2qW3eR4tT5yU6iI7oO8pP9aS0dF1gG2hH3jJ4kK5lL6zZ7xX8cC9vV0bB1nN2mM3qW4eR5tT6yU7iI8oO9pP0aS1dF2gG3hH4jJ5kK6lL7zZ8xX9cC0vB1nN2mQ3wE4rR5tT6yY7uU8iI9oO0pP1aS2dF3gG4hH5jJ6kK7lL8zX9cV0bN1nM2qW3eR4tT5yU6iI7oO8pP9aS0dF1gG2hH3jJ4kK5lL6zZ7xX8cC9vV0bB1nN2mM3qW4eR5tT6yU7iI8oO9pP0aS1dF2gG3hH4jJ5kK6lL7zZ8xX9cC0vB1nN2mQ3wE4rR5tT6yY7uU8iI9oO0pP1aS2dF3gG4hH5jJ6kK7l4hH5jJ6kK7lL8zX9cV0bN1nM2qW3eR4tT5yU6iI7oO8pP9aS0dF1gG2hH3jJ4kK5lL6zZ7xX8cC9vV0bB1nN2mM3qW4eR5tT6yU7iI8oO9pP0aS1dF2gG3hH4jJ5kK6lL7zZ8xX9cC0vB1nN2mQ3wE4rR5tT6yY7uU8iI9oO0pP1aS2dF3gG4hH5jJ6kK7lL8zX9cV0bN1nM2qW3eR4tT5yU6iI7oO8pP9aS0dF1gG2hH3jJ4kK5lL6zZ7xX8cC9vV0bB1nN2mM3qW4eR5tT6yU7iI8oO9pP0aS1dF2gG3hH4jJ5kK6lL7zZ8xX9cC0vB1nN2mQ3wE4rR5tT6yY7uU8iI9oO0pP1aS2dF3gG4hH5jJ6kK7l4hH5jJ6kK7lL8zX9cV0bN1nM2qW3eR4tT5yU6iI7oO8pP9aS0dF1gG2hH3jJ4kK5lL6zZ7xX8cC9vV0bB1nN2mM3qW4eR5tT6yU7iI8oO9pP0aS1dF2gG3hH4jJ5kK6lL7zZ8xX9cC0vB1nN2mQ3wE4rR5tT6yY7uU8iI9oO0pP1aS2dF3gG4hH5jJ6kK7lL8zX9cV0bN1nM2qW3eR4tT5yU6iI7oO8pP9aS0dF1gG2hH3jJ4kK5lL6zZ7xX8cC9vV0bB1nN2mM3qW4eR5tT6yU7iI8oO9pP0aS1dF2gG3hH4jJ5kK6lL7zZ8xX9cC0vB1nN2mQ3wE4rR5tT6yY7uU8iI9oO0pP1aS2dF3gG4hH5jJ6kK7l4hH5jJ6kK7lL8zX9cV0bN1nM2qW3eR4tT5yU6iI7oO8pP9aS0dF1gG2hH3jJ4kK5lL6z7nB9vR2mX8kLp4QjW3tY5zH1aG6sF9dD0fS8gA7hJ6kL5mN4bV3vC2xZ1oP9iU8uY7tT6rR5eE4wW3qQ2aZ1sX2dC3fV4gB5hN6jM7kL8pO9iU0yT1rE2wQ3aS4dF5gG6hH7jJ8kK9lL0zZ1xX2cC3vV4bB5nN6mM7qQ8wW9eE0rR1tT2yY3uU4iI5oO6pP7aA8sS9dD0fF1gG2hH3jJ4kK5lL6zZ7xX8cC9vV0bB1nN2mM3qW4eR5tT6yU7iI8oO9pP0aS1dF2gG3hH4jJ5kK6lL7zZ8xX9cC0vB1nN2mQ3wE4rR5tT6yY7uU8iI9oO0pP1aS2dF3gG4hH5jJ6kK7lL8zX9cV0bN1nM2qW3eR4tT5yU6iI7oO8pP9aS0dF1gG2hH3jJ4kK5lL6zZ7xX8cC9vV0bB1nN2mM3qW4eR5tT6yU7iI8oO9pP0aS1dF2gG3hH4jJ5kK6lL7zZ8xX9cC0vB1nN2mQ3wE4rR5tT6yY7uU8iI9oO0pP1aS2dF3gG4hH5jJ6kK7lL8zX9cV0bN1nM2qW3eR4tT5yU6iI7oO8pP9aS0dF1gG2hH3jJ4kK5lL6zZ7xX8cC9vV0bB1nN2mM3qW4eR5tT6yU7iI8oO9pP0aS1dF2gG3hH4jJ5kK6lL7zZ8xX9cC0vB1nN2mQ3wE4rR5tT6yY7uU8iI9oO0pP1aS2dF3gG4hH5jJ6kK7lL8zX9cV0bN1nM2qW3eR4tT5yU6iI7oO8pP9aS0dF1gG2hH3jJ4kK5lL6zZ7xX8cC9vV0bB1nN2mM3qW4eR5tT6yU7iI8oO9pP0aS1dF2gG3hH4jJ5kK6lL7zZ8xX9cC0vB1nN2mQ3wE4rR5tT6yY7uU8iI9oO0pP1aS2dF3gG4hH5jJ6kK7lL8zX9cV0bN1nM2qW3eR4tT5yU6iI7oO8pP9aS0dF1gG2hH3jJ4kK5lL6zZ7xX8cC9vV0bB1nN2mM3qW4eR5tT6yU7iI8oO9pP0aS1dF2gG3hH4jJ5kK6lL7zZ8xX9cC0vB1nN2mQ3wE4rR5tT6yY7uU8iI9oO0pP1aS2dF3gG4hH5jJ6kK7l4hH5jJ6kK7lL8zX9cV0bN1nM2qW3eR4tT5yU6iI7oO8pP9aS0dF1gG2hH3jJ4kK5lL6zZ7xX8cC9vV0bB1nN2mM3qW4eR5tT6yU7iI8oO9pP0aS1dF2gG3hH4jJ5kK6lL7zZ8xX9cC0vB1nN2mQ3wE4rR5tT6yY7uU8iI9oO0pP1aS2dF3gG4hH5jJ6kK7lL8zX9cV0bN1nM2qW3eR4tT5yU6iI7oO8pP9aS0dF1gG2hH3jJ4kK5lL6zZ7xX8cC9vV0bB1nN2mM3qW4eR5tT6yU7iI8oO9pP0aS1dF2gG3hH4jJ5kK6lL7zZ8xX9cC0vB1nN2mQ3wE4rR5tT6yY7uU8iI9oO0pP1aS2dF3gG4hH5jJ6kK7l4hH5jJ6kK7lL8zX9cV0bN1nM2qW3eR4tT5yU6iI7oO8pP9aS0dF1gG2hH3jJ4kK5lL6zZ7xX8cC9vV0bB1nN2mM3qW4eR5tT6yU7iI8oO9pP0aS1dF2gG3hH4jJ5kK6lL7zZ8xX9cC0vB1nN2mQ3wE4rR5tT6yY7uU8iI9oO0pP1aS2dF3gG4hH5jJ6kK7lL8zX9cV0bN1nM2qW3eR4tT5yU6iI7oO8pP9aS0dF1gG2hH3jJ4kK5lL6zZ7xX8cC9vV0bB1nN2mM3qW4eR5tT6yU7iI8oO9pP0aS1dF2gG3hH4jJ5kK6lL7zZ8xX9cC0vB1nN2mQ3wE4rR5tT6yY7uU8iI9oO0pP1aS2dF3gG4hH5jJ6kK7l4hH5jJ6kK7lL8zX9cV0bN1nM2qW3eR4tT5yU6iI7oO8pP9aS0dF1gG2hH3jJ4kK5lL6zZ7xX8cC9vV0bB1nN2mM3qW4eR5tT6yU7iI8oO9pP0aS1dF2gG3hH4jJ5kK6lL7zZ8xX9cC0vB1nN2mQ3wE4rR5tT6yY7uU8iI9oO0pP1aS2dF3gG4hH5jJ6kK7lL8zX9cV0bN1nM2qW3eR4tT5yU6iI7oO8pP9aS0dF1gG2hH3jJ4kK5lL6zZ7xX8cC9vV0bB1nN2mM3qW4eR5tT6yU7iI8oO9pP0aS1dF2gG3hH4jJ5kK6lL7zZ8xX9cC0vB1nN2mQ3wE4rR5tT6yY7uU8iI9oO0pP1aS2dF3gG4hH5jJ6kK7l4hH5jJ6kK7lL8zX9cV0bN1nM2qW3eR4tT5yU6iI7oO8pP9aS0dF1gG2hH3jJ4kK5lL6zZ7xX8cC9vV0bB1nN2mM3qW4eR5tT6yU7iI8oO9pP0aS1dF2gG3hH4jJ5kK6lL7zZ8xX9cC0vB1nN2mQ3wE4rR5tT6yY7uU8iI9oO0pP1aS2dF3gG4hH5jJ6kK7lL8zX9cV0bN1nM2qW3eR4tT5yU6iI7oO8pP9aS0dF1gG2hH3jJ4kK5lL6zZ7xX8cC9vV0bB1nN2mM3qW4eR5tT6yU7iI8oO9pP0aS1dF2gG3hH4jJ5kK6lL7zZ8xX9cC0vB1nN2mQ3wE4rR5tT6yY7uU8iI9oO0pP1aS2dF3gG4hH5jJ6kK7l4hH5jJ6kK7lL8zX9cV0bN1nM2qW3eR4tT5yU6iI7oO8pP9aS0dF1gG2hH3jJ4kK5lL6zZ7xX8cC9vV0bB1nN2mM3qW4eR5tT6yU7iI8oO9pP0aS1dF2gG3hH4jJ5kK6lL7zZ8xX9cC0vB1nN2mQ3wE4rR5tT6yY7uU8iI9oO0pP1aS2dF3gG4hH5jJ6kK7lL8zX9cV0bN1nM2qW3eR4tT5yU6iI7oO8pP9aS0dF1gG2hH3jJ4kK5lL6zZ7xX8cC9vV0bB1nN2mM3qW4eR5tT6yU7iI8oO9pP0aS1dF2gG3hH4jJ5kK6lL7zZ8xX9cC0vB1nN2mQ3wE4rR5tT6yY7uU8iI9oO0pP1aS2dF3gG4hH5jJ6kK7l4hH5jJ6kK7lL8zX9cV0bN1nM2qW3eR4tT5yU6iI7oO8pP9aS0dF1gG2hH3jJ4kK5lL6zZ7xX8cC9vV0bB1nN2mM3qW4eR5tT6yU7iI8oO9pP0aS1dF2gG3hH4jJ5kK6lL7zZ8xX9cC0vB1nN2mQ3wE4rR5tT6yY7uU8iI9oO0pP1aS2dF3gG4hH5jJ6kK7lL8zX9cV0bN1nM2qW3eR4tT5yU6iI7oO8pP9aS0dF1gG2hH3jJ4kK5lL6zZ7xX8cC9vV0bB1nN2mM3qW4eR5tT6yU7iI8oO9pP0aS1dF2gG3hH4jJ5kK6lL7zZ8xX9cC0vB1nN2mQ3wE4rR5tT6yY7uU8iI9oO0pP1aS2dF3gG4hH5jJ6kK7l4hH5jJ6kK7lL8zX9cV0bN1nM2qW3eR4tT5yU6iI7oO8pP9aS0dF1gG2hH3jJ4kK5lL6zZ7xX8cC9vV0bB1nN2mM3qW4eR5tT6yU7iI8oO9pP0aS1dF2gG3hH4jJ5kK6lL7zZ8xX9cC0vB1nN2mQ3wE4rR5tT6yY7uU8iI9oO0pP1aS2dF3gG4hH5jJ6kK7lL8zX9cV0bN1nM2qW3eR4tT5yU6iI7oO8pP9aS0dF1gG2hH3jJ4kK5lL6zZ7xX8cC9vV0bB1nN2mM3qW4eR5tT6yU7iI8oO9pP0aS1dF2gG3hH4jJ5kK6lL7zZ8xX9cC0vB1nN2mQ3wE4rR5tT6yY7uU8iI9oO0pP1aS2dF3gG4hH5jJ6kK7l4hH5jJ6kK7lL8zX9cV0bN1nM2qW3eR4tT5yU6iI7oO8pP9aS0dF1gG2hH3jJ4kK5lL6z7nB9vR2mX8kLp4QjW3tY5zH1aG6sF9dD0fS8gA7hJ6kL5mN4bV3vC2xZ1oP9iU8uY7tT6rR5eE4wW3qQ2aZ1sX2dC3fV4gB5hN6jM7kL8pO9iU0yT1rE2wQ3aS4dF5gG6hH7jJ8kK9lL0zZ1xX2cC3vV4bB5nN6mM7qQ8wW9eE0rR1tT2yY3uU4iI5oO6pP7aA8sS9dD0fF1gG2hH3jJ4kK5lL6zZ7xX8cC9vV0bB1nN2mM3qW4eR5tT6yU7iI8oO9pP0aS1dF2gG3hH4jJ5kK6lL7zZ8xX9cC0vB1nN2mQ3wE4rR5tT6yY7uU8iI9oO0pP1aS2dF3gG4hH5jJ6kK7lL8zX9cV0bN1nM2qW3eR4tT5yU6iI7oO8pP9aS0dF1gG2hH3jJ4kK5lL6zZ7xX8cC9vV0bB1nN2mM3qW4eR5tT6yU7iI8oO9pP0aS1dF2gG3hH4jJ5kK6lL7zZ8xX9cC0vB1nN2mQ3wE4rR5tT6yY7uU8iI9oO0pP1aS2dF3gG4hH5jJ6kK7lL8zX9cV0bN1nM2qW3eR4tT5yU6iI7oO8pP9aS0dF1gG2hH3jJ4kK5lL6zZ7xX8cC9vV0bB1nN2mM3qW4eR5tT6yU7iI8oO9pP0aS1dF2gG3hH4jJ5kK6lL7zZ8xX9cC0vB1nN2mQ3wE4rR5tT6yY7uU8iI9oO0pP1aS2dF3gG4hH5jJ6kK7lL8zX9cV0bN1nM2qW3eR4tT5yU6iI7oO8pP9aS0dF1gG2hH3jJ4kK5lL6zZ7xX8cC9vV0bB1nN2mM3qW4eR5tT6yU7iI8oO9pP0aS1dF2gG3hH4jJ5kK6lL7zZ8xX9cC0vB1nN2mQ3wE4rR5tT6yY7uU8iI9oO0pP1aS2dF3gG4hH5jJ6kK7lL8zX9cV0bN1nM2qW3eR4tT5yU6iI7oO8pP9aS0dF1gG2hH3jJ4kK5lL6zZ7xX8cC9vV0bB1nN2mM3qW4eR5tT6yU7iI8oO9pP0aS1dF2gG3hH4jJ5kK6lL7zZ8xX9cC0vB1nN2mQ3wE4rR5tT6yY7uU8iI9oO0pP1aS2dF3gG4hH5jJ6kK7l4hH5jJ6kK7lL8zX9cV0bN1nM2qW3eR4tT5yU6iI7oO8pP9aS0dF1gG2hH3jJ4kK5lL6zZ7xX8cC9vV0bB1nN2mM3qW4eR5tT6yU7iI8oO9pP0aS1dF2gG3hH4jJ5kK6lL7zZ8xX9cC0vB1nN2mQ3wE4rR5tT6yY7uU8iI9oO0pP1aS2dF3gG4hH5jJ6kK7lL8zX9cV0bN1nM2qW3eR4tT5yU6iI7oO8pP9aS0dF1gG2hH3jJ4kK5lL6zZ7xX8cC9vV0bB1nN2mM3qW4eR5tT6yU7iI8oO9pP0aS1dF2gG3hH4jJ5kK6lL7zZ8xX9cC0vB1nN2mQ3wE4rR5tT6yY7uU8iI9oO0pP1aS2dF3gG4hH5jJ6kK7l4hH5jJ6kK7lL8zX9cV0bN1nM2qW3eR4tT5yU6iI7oO8pP9aS0dF1gG2hH3jJ4kK5lL6zZ7xX8cC9vV0bB1nN2mM3qW4eR5tT6yU7iI8oO9pP0aS1dF2gG3hH4jJ5kK6lL7zZ8xX9cC0vB1nN2mQ3wE4rR5tT6yY7uU8iI9oO0pP1aS2dF3gG4hH5jJ6kK7lL8zX9cV0bN1nM2qW3eR4tT5yU6iI7oO8pP9aS0dF1gG2hH3jJ4kK5lL6zZ7xX8cC9vV0bB1nN2mM3qW4eR5tT6yU7iI8oO9pP0aS1dF2gG3hH4jJ5kK6lL7zZ8xX9cC0vB1nN2mQ3wE4rR5tT6yY7uU8iI9oO0pP1aS2dF3gG4hH5jJ6kK7l4hH5jJ6kK7lL8zX9cV0bN1nM2qW3eR4tT5yU6iI7oO8pP9aS0dF1gG2hH3jJ4kK5lL6zZ7xX8cC9vV0bB1nN2mM3qW4eR5tT6yU7iI8oO9pP0aS1dF2gG3hH4jJ5kK6lL7zZ8xX9cC0vB1nN2mQ3wE4rR5tT6yY7uU8iI9oO0pP1aS2dF3gG4hH5jJ6kK7lL8zX9cV0bN1nM2qW3eR4tT5yU6iI7oO8pP9aS0dF1gG2hH3jJ4kK5lL6zZ7xX8cC9vV0bB1nN2mM3qW4eR5tT6yU7iI8oO9pP0aS1dF2gG3hH4jJ5kK6lL7zZ8xX9cC0vB1nN2mQ3wE4rR5tT6yY7uU8iI9oO0pP1aS2dF3gG4hH5jJ6kK7l4hH5jJ6kK7lL8zX9cV0bN1nM2qW3eR4tT5yU6iI7oO8pP9aS0dF1gG2hH3jJ4kK5lL6zZ7xX8cC9vV0bB1nN2mM3qW4eR5tT6yU7iI8oO9pP0aS1dF2gG3hH4jJ5kK6lL7zZ8xX9cC0vB1nN2mQ3wE4rR5tT6yY7uU8iI9oO0pP1aS2dF3gG4hH5jJ6kK7lL8zX9cV0bN1nM2qW3eR4tT5yU6iI7oO8pP9aS0dF1gG2hH3jJ4kK5lL6zZ7xX8cC9vV0bB1nN2mM3qW4eR5tT6yU7iI8oO9pP0aS1dF2gG3hH4jJ5kK6lL7zZ8xX9cC0vB1nN2mQ3wE4rR5tT6yY7uU8iI9oO0pP1aS2dF3gG4hH5jJ6kK7l4hH5jJ6kK7lL8zX9cV0bN1nM2qW3eR4tT5yU6iI7oO8pP9aS0dF1gG2hH3jJ4kK5lL6zZ7xX8cC9vV0bB1nN2mM3qW4eR5tT6yU7iI8oO9pP0aS1dF2gG3hH4jJ5kK6lL7zZ8xX9cC0vB1nN2mQ3wE4rR5tT6yY7uU8iI9oO0pP1aS2dF3gG4hH5jJ6kK7lL8zX9cV0bN1nM2qW3eR4tT5yU6iI7oO8pP9aS0dF1gG2hH3jJ4kK5lL6zZ7xX8cC9vV0bB1nN2mM3qW4eR5tT6yU7iI8oO9pP0aS1dF2gG3hH4jJ5kK6lL7zZ8xX9cC0vB1nN2mQ3wE4rR5tT6yY7uU8iI9oO0pP1aS2dF3gG4hH5jJ6kK7l4hH5jJ6kK7lL8zX9cV0bN1nM2qW3eR4tT5yU6iI7oO8pP9aS0dF1gG2hH3jJ4kK5lL6zZ7xX8cC9vV0bB1nN2mM3qW4eR5tT6yU7iI8oO9pP0aS1dF2gG3hH4jJ5kK6lL7zZ8xX9cC0vB1nN2mQ3wE4rR5tT6yY7uU8iI9oO0pP1aS2dF3gG4hH5jJ6kK7lL8zX9cV0bN1nM2qW3eR4tT5yU6iI7oO8pP9aS0dF1gG2hH3jJ4kK5lL6zZ7xX8cC9vV0bB1nN2mM3qW4eR5tT6yU7iI8oO9pP0aS1dF2gG3hH4jJ5kK6lL7zZ8xX9cC0vB1nN2mQ3wE4rR5tT6yY7uU8iI9oO0pP1aS2dF3gG4hH5jJ6kK7l4hH5jJ6kK7lL8zX9cV0bN1nM2qW3eR4tT5yU6iI7oO8pP9aS0dF1gG2hH3jJ4kK5lL6zZ7xX8cC9vV0bB1nN2mM3qW4eR5tT6yU7iI8oO9pP0aS1dF2gG3hH4jJ5kK6lL7zZ8xX9cC0vB1nN2mQ3wE4rR5tT6yY7uU8iI9oO0pP1aS2dF3gG4hH5jJ6kK7lL8zX9cV0bN1nM2qW3eR4tT5yU6iI7oO8pP9aS0dF1gG2hH3jJ4kK5lL6zZ7xX8cC9vV0bB1nN2mM3qW4eR5tT6yU7iI8oO9pP0aS1dF2gG3hH4jJ5kK6lL7zZ8xX9cC0vB1nN2mQ3wE4rR5tT6yY7uU8iI9oO0pP1aS2dF3gG4hH5jJ6kK7l4hH5jJ6kK7lL8zX9cV0bN1nM2qW3eR4tT5yU6iI7oO8pP9aS0dF1gG2hH3jJ4kK5lL6z7nB9vR2mX8kLp4QjW3tY5zH1aG6sF9dD0fS8gA7hJ6kL5mN4bV3vC2xZ1oP9iU8uY7tT6rR5eE4wW3qQ2aZ1sX2dC3fV4gB5hN6jM7kL8pO9iU0yT1rE2wQ3aS4dF5gG6hH7jJ8kK9lL0zZ1xX2cC3vV4bB5nN6mM7qQ8wW9eE0rR1tT2yY3uU4iI5oO6pP7aA8sS9dD0fF1gG2hH3jJ4kK5lL6zZ7xX8cC9vV0bB1nN2mM3qW4eR5tT6yU7iI8oO9pP0aS1dF2gG3hH4jJ5kK6lL7zZ8xX9cC0vB1nN2mQ3wE4rR5tT6yY7uU8iI9oO0pP1aS2dF3gG4hH5jJ6kK7lL8zX9cV0bN1nM2qW3eR4tT5yU6iI7oO8pP9aS0dF1gG2hH3jJ4kK5lL6zZ7xX8cC9vV0bB1nN2mM3qW4eR5tT6yU7iI8oO9pP0aS1dF2gG3hH4jJ5kK6lL7zZ8xX9cC0vB1nN2mQ3wE4rR5tT6yY7uU8iI9oO0pP1aS2dF3gG4hH5jJ6kK7lL8zX9cV0bN1nM2qW3eR4tT5yU6iI7oO8pP9aS0dF1gG2hH3jJ4kK5lL6zZ7xX8cC9vV0bB1nN2mM3qW4eR5tT6yU7iI8oO9pP0aS1dF2gG3hH4jJ5kK6lL7zZ8xX9cC0vB1nN2mQ3wE4rR5tT6yY7uU8iI9oO0pP1aS2dF3gG4hH5jJ6kK7lL8zX9cV0bN1nM2qW3eR4tT5yU6iI7oO8pP9aS0dF1gG2hH3jJ4kK5lL6zZ7xX8cC9vV0bB1nN2mM3qW4eR5tT6yU7iI8oO9pP0aS1dF2gG3hH4jJ5kK6lL7zZ8xX9cC0vB1nN2mQ3wE4rR5tT6yY7uU8iI9oO0pP1aS2dF3gG4hH5jJ6kK7lL8zX9cV0bN1nM2qW3eR4tT5yU6iI7oO8pP9aS0dF1gG2hH3jJ4kK5lL6zZ7xX8cC9vV0bB1nN2mM3qW4eR5tT6yU7iI8oO9pP0aS1dF2gG3hH4jJ5kK6lL7zZ8xX9cC0vB1nN2mQ3wE4rR5tT6yY7uU8iI9oO0pP1aS2dF3gG4hH5jJ6kK7l4hH5jJ6kK7lL8zX9cV0bN1nM2qW3eR4tT5yU6iI7oO8pP9aS0dF1gG2hH3jJ4kK5lL6zZ7xX8cC9vV0bB1nN2mM3qW4eR5tT6yU7iI8oO9pP0aS1dF2gG3hH4jJ5kK6lL7zZ8xX9cC0vB1nN2mQ3wE4rR5tT6yY7uU8iI9oO0pP1aS2dF3gG4hH5jJ6kK7lL8zX9cV0bN1nM2qW3eR4tT5yU6iI7oO8pP9aS0dF1gG2hH3jJ4kK5lL6zZ7xX8cC9vV0bB1nN2mM3qW4eR5tT6yU7iI8oO9pP0aS1dF2gG3hH4jJ5kK6lL7zZ8xX9cC0vB1nN2mQ3wE4rR5tT6yY7uU8iI9oO0pP1aS2dF3gG4hH5jJ6kK7l4hH5jJ6kK7lL8zX9cV0bN1nM2qW3eR4tT5yU6iI7oO8pP9aS0dF1gG2hH3jJ4kK5lL6zZ7xX8cC9vV0bB1nN2mM3qW4eR5tT6yU7iI8oO9pP0aS1dF2gG3hH4jJ5kK6lL7zZ8xX9cC0vB1nN2mQ3wE4rR5tT6yY7uU8iI9oO0pP1aS2dF3gG4hH5jJ6kK7lL8zX9cV0bN1nM2qW3eR4tT5yU6iI7oO8pP9aS0dF1gG2hH3jJ4kK5lL6zZ7xX8cC9vV0bB1nN2mM3qW4eR5tT6yU7iI8oO9pP0aS1dF2gG3hH4jJ5kK6lL7zZ8xX9cC0vB1nN2mQ3wE4rR5tT6yY7uU8iI9oO0pP1aS2dF3gG4hH5jJ6kK7l4hH5jJ6kK7lL8zX9cV0bN1nM2qW3eR4tT5yU6iI7oO8pP9aS0dF1gG2hH3jJ4kK5lL6zZ7xX8cC9vV0bB1nN2mM3qW4eR5tT6yU7iI8oO9pP0aS1dF2gG3hH4jJ5kK6lL7zZ8xX9cC0vB1nN2mQ3wE4rR5tT6yY7uU8iI9oO0pP1aS2dF3gG4hH5jJ6kK7lL8zX9cV0bN1nM2qW3eR4tT5yU6iI7oO8pP9aS0dF1gG2hH3jJ4kK5lL6zZ7xX8cC9vV0bB1nN2mM3qW4eR5tT6yU7iI8oO9pP0aS1dF2gG3hH4jJ5kK6lL7zZ8xX9cC0vB1nN2mQ3wE4rR5tT6yY7uU8iI9oO0pP1aS2dF3gG4hH5jJ6kK7l4hH5jJ6kK7lL8zX9cV0bN1nM2qW3eR4tT5yU6iI7oO8pP9aS0dF1gG2hH3jJ4kK5lL6zZ7xX8cC9vV0bB1nN2mM3qW4eR5tT6yU7iI8oO9pP0aS1dF2gG3hH4jJ5kK6lL7zZ8xX9cC0vB1nN2mQ3wE4rR5tT6yY7uU8iI9oO0pP1aS2dF3gG4hH5jJ6kK7lL8zX9cV0bN1nM2qW3eR4tT5yU6iI7oO8pP9aS0dF1gG2hH3jJ4kK5lL6zZ7xX8cC9vV0bB1nN2mM3qW4eR5tT6yU7iI8oO9pP0aS1dF2gG3hH4jJ5kK6lL7zZ8xX9cC0vB1nN2mQ3wE4rR5tT6yY7uU8iI9oO0pP1aS2dF3gG4hH5jJ6kK7l4hH5jJ6kK7lL8zX9cV0bN1nM2qW3eR4tT5yU6iI7oO8pP9aS0dF1gG2hH3jJ4kK5lL6zZ7xX8cC9vV0bB1nN2mM3qW4eR5tT6yU7iI8oO9pP0aS1dF2gG3hH4jJ5kK6lL7zZ8xX9cC0vB1nN2mQ3wE4rR5tT6yY7uU8iI9oO0pP1aS2dF3gG4hH5jJ6kK7lL8zX9cV0bN1nM2qW3eR4tT5yU6iI7oO8pP9aS0dF1gG2hH3jJ4kK5lL6zZ7xX8cC9vV0bB1nN2mM3qW4eR5tT6yU7iI8oO9pP0aS1dF2gG3hH4jJ5kK6lL7zZ8xX9cC0vB1nN2mQ3wE4rR5tT6yY7uU8iI9oO0pP1aS2dF3gG4hH5jJ6kK7l4hH5jJ6kK7lL8zX9cV0bN1nM2qW3eR4tT5yU6iI7oO8pP9aS0dF1gG2hH3jJ4kK5lL6zZ7xX8cC9vV0bB1nN2mM3qW4eR5tT6yU7iI8oO9pP0aS1dF2gG3hH4jJ5kK6lL7zZ8xX9cC0vB1nN2mQ3wE4rR5tT6yY7uU8iI9oO0pP1aS2dF3gG4hH5jJ6kK7lL8zX9cV0bN1nM2qW3eR4tT5yU6iI7oO8pP9aS0dF1gG2hH3jJ4kK5lL6zZ7xX8cC9vV0bB1nN2mM3qW4eR5tT6yU7iI8oO9pP0aS1dF2gG3hH4jJ5kK6lL7zZ8xX9cC0vB1nN2mQ3wE4rR5tT6yY7uU8iI9oO0pP1aS2dF3gG4hH5jJ6kK7l4hH5jJ6kK7lL8zX9cV0bN1nM2qW3eR4tT5yU6iI7oO8pP9aS0dF1gG2hH3jJ4kK5lL6zZ7xX8cC9vV0bB1nN2mM3qW4eR5tT6yU7iI8oO9pP0aS1dF2gG3hH4jJ5kK6lL7zZ8xX9cC0vB1nN2mQ3wE4rR5tT6yY7uU8iI9oO0pP1aS2dF3gG4hH5jJ6kK7lL8zX9cV0bN1nM2qW3eR4tT5yU6iI7oO8pP9aS0dF1gG2hH3jJ4kK5lL6zZ7xX8cC9vV0bB1nN2mM3qW4eR5tT6yU7iI8oO9pP0aS1dF2gG3hH4jJ5kK6lL7zZ8xX9cC0vB1nN2mQ3wE4rR5tT6yY7uU8iI9oO0pP1aS2dF3gG4hH5jJ6kK7l4hH5jJ6kK7lL8zX9cV0bN1nM2qW3eR4tT5yU6iI7oO8pP9aS0dF1gG2hH3jJ4kK5lL6z7nB9vR2mX8kLp4QjW3tY5zH1aG6sF9dD0fS8gA7hJ6kL5mN4bV3vC2xZ1oP9iU8uY7tT6rR5eE4wW3qQ2aZ1sX2dC3fV4gB5hN6jM7kL8pO9iU0yT1rE2wQ3aS4dF5gG6hH7jJ8kK9lL0zZ1xX2cC3vV4bB5nN6mM7qQ8wW9eE0rR1tT2yY3uU4iI5oO6pP7aA8sS9dD0fF1gG2hH3jJ4kK5lL6zZ7xX8cC9vV0bB1nN2mM3qW4eR5tT6yU7iI8oO9pP0aS1dF2gG3hH4jJ5kK6lL7zZ8xX9cC0vB1nN2mQ3wE4rR5tT6yY7uU8iI9oO0pP1aS2dF3gG4hH5jJ6kK7lL8zX9cV0bN1nM2qW3eR4tT5yU6iI7oO8pP9aS0dF1gG2hH3jJ4kK5lL6zZ7xX8cC9vV0bB1nN2mM3qW4eR5tT6yU7iI8oO9pP0aS1dF2gG3hH4jJ5kK6lL7zZ8xX9cC0vB1nN2mQ3wE4rR5tT6yY7uU8iI9oO0pP1aS2dF3gG4hH5jJ6kK7lL8zX9cV0bN1nM2qW3eR4tT5yU6iI7oO8pP9aS0dF1gG2hH3jJ4kK5lL6zZ7xX8cC9vV0bB1nN2mM3qW4eR5tT6yU7iI8oO9pP0aS1dF2gG3hH4jJ5kK6lL7zZ8xX9cC0vB1nN2mQ3wE4rR5tT6yY7uU8iI9oO0pP1aS2dF3gG4hH5jJ6kK7lL8zX9cV0bN1nM2qW3eR4tT5yU6iI7oO8pP9aS0dF1gG2hH3jJ4kK5lL6zZ7xX8cC9vV0bB1nN2mM3qW4eR5tT6yU7iI8oO9pP0aS1dF2gG3hH4jJ5kK6lL7zZ8xX9cC0vB1nN2mQ3wE4rR5tT6yY7uU8iI9oO0pP1aS2dF3gG4hH5jJ6kK7lL8zX9cV0bN1nM2qW3eR4tT5yU6iI7oO8pP9aS0dF1gG2hH3jJ4kK5lL6zZ7xX8cC9vV0bB1nN2mM3qW4eR5tT6yU7iI8oO9pP0aS1dF2gG3hH4jJ5kK6lL7zZ8xX9cC0vB1nN2mQ3wE4rR5tT6yY7uU8iI9oO0pP1aS2dF3gG4hH5jJ6kK7l4hH5jJ6kK7lL8zX9cV0bN1nM2qW3eR4tT5yU6iI7oO8pP9aS0dF1gG2hH3jJ4kK5lL6zZ7xX8cC9vV0bB1nN2mM3qW4eR5tT6yU7iI8oO9pP0aS1dF2gG3hH4jJ5kK6lL7zZ8xX9cC0vB1nN2mQ3wE4rR5tT6yY7uU8iI9oO0pP1aS2dF3gG4hH5jJ6kK7lL8zX9cV0bN1nM2qW3eR4tT5yU6iI7oO8pP9aS0dF1gG2hH3jJ4kK5lL6zZ7xX8cC9vV0bB1nN2mM3qW4eR5tT6yU7iI8oO9pP0aS1dF2gG3hH4jJ5kK6lL7zZ8xX9cC0vB1nN2mQ3wE4rR5tT6yY7uU8iI9oO0pP1aS2dF3gG4hH5jJ6kK7l4hH5jJ6kK7lL8zX9cV0bN1nM2qW3eR4tT5yU6iI7oO8pP9aS0dF1gG2hH3jJ4kK5lL6zZ7xX8cC9vV0bB1nN2mM3qW4eR5tT6yU7iI8oO9pP0aS1dF2gG3hH4jJ5kK6lL7zZ8xX9cC0vB1nN2mQ3wE4rR5tT6yY7uU8iI9oO0pP1aS2dF3gG4hH5jJ6kK7lL8zX9cV0bN1nM2qW3eR4tT5yU6iI7oO8pP9aS0dF1gG2hH3jJ4kK5lL6zZ7xX8cC9vV0bB1nN2mM3qW4eR5tT6yU7iI8oO9pP0aS1dF2gG3hH4jJ5kK6lL7zZ8xX9cC0vB1nN2mQ3wE4rR5tT6yY7uU8iI9oO0pP1aS2dF3gG4hH5jJ6kK7l4hH5jJ6kK7lL8zX9cV0bN1nM2qW3eR4tT5yU6iI7oO8pP9aS0dF1gG2hH3jJ4kK5lL6zZ7xX8cC9vV0bB1nN2mM3qW4eR5tT6yU7iI8oO9pP0aS1dF2gG3hH4jJ5kK6lL7zZ8xX9cC0vB1nN2mQ3wE4rR5tT6yY7uU8iI9oO0pP1aS2dF3gG4hH5jJ6kK7lL8zX9cV0bN1nM2qW3eR4tT5yU6iI7oO8pP9aS0dF1gG2hH3jJ4kK5lL6zZ7xX8cC9vV0bB1nN2mM3qW4eR5tT6yU7iI8oO9pP0aS1dF2gG3hH4jJ5kK6lL7zZ8xX9cC0vB1nN2mQ3wE4rR5tT6yY7uU8iI9oO0pP1aS2dF3gG4hH5jJ6kK7l4hH5jJ6kK7lL8zX9cV0bN1nM2qW3eR4tT5yU6iI7oO8pP9aS0dF1gG2hH3jJ4kK5lL6zZ7xX8cC9vV0bB1nN2mM3qW4eR5tT6yU7iI8oO9pP0aS1dF2gG3hH4jJ5kK6lL7zZ8xX9cC0vB1nN2mQ3wE4rR5tT6yY7uU8iI9oO0pP1aS2dF3gG4hH5jJ6kK7lL8zX9cV0bN1nM2qW3eR4tT5yU6iI7oO8pP9aS0dF1gG2hH3jJ4kK5lL6zZ7xX8cC9vV0bB1nN2mM3qW4eR5tT6yU7iI8oO9pP0aS1dF2gG3hH4jJ5kK6lL7zZ8xX9cC0vB1nN2mQ3wE4rR5tT6yY7uU8iI9oO0pP1aS2dF3gG4hH5jJ6kK7l4hH5jJ6kK7lL8zX9cV0bN1nM2qW3eR4tT5yU6iI7oO8pP9aS0dF1gG2hH3jJ4kK5lL6zZ7xX8cC9vV0bB1nN2mM3qW4eR5tT6yU7iI8oO9pP0aS1dF2gG3hH4jJ5kK6lL7zZ8xX9cC0vB1nN2mQ3wE4rR5tT6yY7uU8iI9oO0pP1aS2dF3gG4hH5jJ6kK7lL8zX9cV0bN1nM2qW3eR4tT5yU6iI7oO8pP9aS0dF1gG2hH3jJ4kK5lL6zZ7xX8cC9vV0bB1nN2mM3qW4eR5tT6yU7iI8oO9pP0aS1dF2gG3hH4jJ5kK6lL7zZ8xX9cC0vB1nN2mQ3wE4rR5tT6yY7uU8iI9oO0pP1aS2dF3gG4hH5jJ6kK7l4hH5jJ6kK7lL8zX9cV0bN1nM2qW3eR4tT5yU6iI7oO8pP9aS0dF1gG2hH3jJ4kK5lL6zZ7xX8cC9vV0bB1nN2mM3qW4eR5tT6yU7iI8oO9pP0aS1dF2gG3hH4jJ5kK6lL7zZ8xX9cC0vB1nN2mQ3wE4rR5tT6yY7uU8iI9oO0pP1aS2dF3gG4hH5jJ6kK7lL8zX9cV0bN1nM2qW3eR4tT5yU6iI7oO8pP9aS0dF1gG2hH3jJ4kK5lL6zZ7xX8cC9vV0bB1nN2mM3qW4eR5tT6yU7iI8oO9pP0aS1dF2gG3hH4jJ5kK6lL7zZ8xX9cC0vB1nN2mQ3wE4rR5tT6yY7uU8iI9oO0pP1aS2dF3gG4hH5jJ6kK7l4hH5jJ6kK7lL8zX9cV0bN1nM2qW3eR4tT5yU6iI7oO8pP9aS0dF1gG2hH3jJ4kK5lL6zZ7xX8cC9vV0bB1nN2mM3qW4eR5tT6yU7iI8oO9pP0aS1dF2gG3hH4jJ5kK6lL7zZ8xX9cC0vB1nN2mQ3wE4rR5tT6yY7uU8iI9oO0pP1aS2dF3gG4hH5jJ6kK7lL8zX9cV0bN1nM2qW3eR4tT5yU6iI7oO8pP9aS0dF1gG2hH3jJ4kK5lL6zZ7xX8cC9vV0bB1nN2mM3qW4eR5tT6yU7iI8oO9pP0aS1dF2gG3hH4jJ5kK6lL7zZ8xX9cC0vB1nN2mQ3wE4rR5tT6yY7uU8iI9oO0pP1aS2dF3gG4hH5jJ6kK7l4hH5jJ6kK7lL8zX9cV0bN1nM2qW3eR4tT5yU6iI7oO8pP9aS0dF1gG2hH3jJ4kK5lL6z7nB9vR2mX8kLp4QjW3tY5zH1aG6sF9dD0fS8gA7hJ6kL5mN4bV3vC2xZ1oP9iU8uY7tT6rR5eE4wW3qQ2aZ1sX2dC3fV4gB5hN6jM7kL8pO9iU0yT1rE2wQ3aS4dF5gG6hH7jJ8kK9lL0zZ1xX2cC3vV4bB5nN6mM7qQ8wW9eE0rR1tT2yY3uU4iI5oO6pP7aA8sS9dD0fF1gG2hH3jJ4kK5lL6zZ7xX8cC9vV0bB1nN2mM3qW4eR5tT6yU7iI8oO9pP0aS1dF2gG3hH4jJ5kK6lL7zZ8xX9cC0vB1nN2mQ3wE4rR5tT6yY7uU8iI9oO0pP1aS2dF3gG4hH5jJ6kK7lL8zX9cV0bN1nM2qW3eR4tT5yU6iI7oO8pP9aS0dF1gG2hH3jJ4kK5lL6zZ7xX8cC9vV0bB1nN2mM3qW4eR5tT6yU7iI8oO9pP0aS1dF2gG3hH4jJ5kK6lL7zZ8xX9cC0vB1nN2mQ3wE4rR5tT6yY7uU8iI9oO0pP1aS2dF3gG4hH5jJ6kK7lL8zX9cV0bN1nM2qW3eR4tT5yU6iI7oO8pP9aS0dF1gG2hH3jJ4kK5lL6zZ7xX8cC9vV0bB1nN2mM3qW4eR5tT6yU7iI8oO9pP0aS1dF2gG3hH4jJ5kK6lL7zZ8xX9cC0vB1nN2mQ3wE4rR5tT6yY7uU8iI9oO0pP1aS2dF3gG4hH5jJ6kK7lL8zX9cV0bN1nM2qW3eR4tT5yU6iI7oO8pP9aS0dF1gG2hH3jJ4kK5lL6zZ7xX8cC9vV0bB1nN2mM3qW4eR5tT6yU7iI8oO9pP0aS1dF2gG3hH4jJ5kK6lL7zZ8xX9cC0vB1nN2mQ3wE4rR5tT6yY7uU8iI9oO0pP1aS2dF3gG4hH5jJ6kK7lL8zX9cV0bN1nM2qW3eR4tT5yU6iI7oO8pP9aS0dF1gG2hH3jJ4kK5lL6zZ7xX8cC9vV0bB1nN2mM3qW4eR5tT6yU7iI8oO9pP0aS1dF2gG3hH4jJ5kK6lL7zZ8xX9cC0vB1nN2mQ3wE4rR5tT6yY7uU8iI9oO0pP1aS2dF3gG4hH5jJ6kK7l4hH5jJ6kK7lL8zX9cV0bN1nM2qW3eR4tT5yU6iI7oO8pP9aS0dF1gG2hH3jJ4kK5lL6zZ7xX8cC9vV0bB1nN2mM3qW4eR5tT6yU7iI8oO9pP0aS1dF2gG3hH4jJ5kK6lL7zZ8xX9cC0vB1nN2mQ3wE4rR5tT6yY7uU8iI9oO0pP1aS2dF3gG4hH5jJ6kK7lL8zX9cV0bN1nM2qW3eR4tT5yU6iI7oO8pP9aS0dF1gG2hH3jJ4kK5lL6zZ7xX8cC9vV0bB1nN2mM3qW4eR5tT6yU7iI8oO9pP0aS1dF2gG3hH4jJ5kK6lL7zZ8xX9cC0vB1nN2mQ3wE4rR5tT6yY7uU8iI9oO0pP1aS2dF3gG4hH5jJ6kK7l4hH5jJ6kK7lL8zX9cV0bN1nM2qW3eR4tT5yU6iI7oO8pP9aS0dF1gG2hH3jJ4kK5lL6zZ7xX8cC9vV0bB1nN2mM3qW4eR5tT6yU7iI8oO9pP0aS1dF2gG3hH4jJ5kK6lL7zZ8xX9cC0vB1nN2mQ3wE4rR5tT6yY7uU8iI9oO0pP1aS2dF3gG4hH5jJ6kK7lL8zX9cV0bN1nM2qW3eR4tT5yU6iI7oO8pP9aS0dF1gG2hH3jJ4kK5lL6zZ7xX8cC9vV0bB1nN2mM3qW4eR5tT6yU7iI8oO9pP0aS1dF2gG3hH4jJ5kK6lL7zZ8xX9cC0vB1nN2mQ3wE4rR5tT6yY7uU8iI9oO0pP1aS2dF3gG4hH5jJ6kK7l4hH5jJ6kK7lL8zX9cV0bN1nM2qW3eR4tT5yU6iI7oO8pP9aS0dF1gG2hH3jJ4kK5lL6zZ7xX8cC9vV0bB1nN2mM3qW4eR5tT6yU7iI8oO9pP0aS1dF2gG3hH4jJ5kK6lL7zZ8xX9cC0vB1nN2mQ3wE4rR5tT6yY7uU8iI9oO0pP1aS2dF3gG4hH5jJ6kK7lL8zX9cV0bN1nM2qW3eR4tT5yU6iI7oO8pP9aS0dF1gG2hH3jJ4kK5lL6zZ7xX8cC9vV0bB1nN2mM3qW4eR5tT6yU7iI8oO9pP0aS1dF2gG3hH4jJ5kK6lL7zZ8xX9cC0vB1nN2mQ3wE4rR5tT6yY7uU8iI9oO0pP1aS2dF3gG4hH5jJ6kK7l4hH5jJ6kK7lL8zX9cV0bN1nM2qW3eR4tT5yU6iI7oO8pP9aS0dF1gG2hH3jJ4kK5lL6zZ7xX8cC9vV0bB1nN2mM3qW4eR5tT6yU7iI8oO9pP0aS1dF2gG3hH4jJ5kK6lL7zZ8xX9cC0vB1nN2mQ3wE4rR5tT6yY7uU8iI9oO0pP1aS2dF3gG4hH5jJ6kK7lL8zX9cV0bN1nM2qW3eR4tT5yU6iI7oO8pP9aS0dF1gG2hH3jJ4kK5lL6zZ7xX8cC9vV0bB1nN2mM3qW4eR5tT6yU7iI8oO9pP0aS1dF2gG3hH4jJ5kK6lL7zZ8xX9cC0vB1nN2mQ3wE4rR5tT6yY7uU8iI9oO0pP1aS2dF3gG4hH5jJ6kK7l4hH5jJ6kK7lL8zX9cV0bN1nM2qW3eR4tT5yU6iI7oO8pP9aS0dF1gG2hH3jJ4kK5lL6zZ7xX8cC9vV0bB1nN2mM3qW4eR5tT6yU7iI8oO9pP0aS1dF2gG3hH4jJ5kK6lL7zZ8xX9cC0vB1nN2mQ3wE4rR5tT6yY7uU8iI9oO0pP1aS2dF3gG4hH5jJ6kK7lL8zX9cV0bN1nM2qW3eR4tT5yU6iI7oO8pP9aS0dF1gG2hH3jJ4kK5lL6zZ7xX8cC9vV0bB1nN2mM3qW4eR5tT6yU7iI8oO9pP0aS1dF2gG3hH4jJ5kK6lL7zZ8xX9cC0vB1nN2mQ3wE4rR5tT6yY7uU8iI9oO0pP1aS2dF3gG4hH5jJ6kK7l4hH5jJ6kK7lL8zX9cV0bN1nM2qW3eR4tT5yU6iI7oO8pP9aS0dF1gG2hH3jJ4kK5lL6zZ7xX8cC9vV0bB1nN2mM3qW4eR5tT6yU7iI8oO9pP0aS1dF2gG3hH4jJ5kK6lL7zZ8xX9cC0vB1nN2mQ3wE4rR5tT6yY7uU8iI9oO0pP1aS2dF3gG4hH5jJ6kK7lL8zX9cV0bN1nM2qW3eR4tT5yU6iI7oO8pP9aS0dF1gG2hH3jJ4kK5lL6zZ7xX8cC9vV0bB1nN2mM3qW4eR5tT6yU7iI8oO9pP0aS1dF2gG3hH4jJ5kK6lL7zZ8xX9cC0vB1nN2mQ3wE4rR5tT6yY7uU8iI9oO0pP1aS2dF3gG4hH5jJ6kK7l4hH5jJ6kK7lL8zX9cV0bN1nM2qW3eR4tT5yU6iI7oO8pP9aS0dF1gG2hH3jJ4kK5lL6zZ7xX8cC9vV0bB1nN2mM3qW4eR5tT6yU7iI8oO9pP0aS1dF2gG3hH4jJ5kK6lL7zZ8xX9cC0vB1nN2mQ3wE4rR5tT6yY7uU8iI9oO0pP1aS2dF3gG4hH5jJ6kK7lL8zX9cV0bN1nM2qW3eR4tT5yU6iI7oO8pP9aS0dF1gG2hH3jJ4kK5lL6zZ7xX8cC9vV0bB1nN2mM3qW4eR5tT6yU7iI8oO9pP0aS1dF2gG3hH4jJ5kK6lL7zZ8xX9cC0vB1nN2mQ3wE4rR5tT6yY7uU8iI9oO0pP1aS2dF3gG4hH5jJ6kK7l4hH5jJ6kK7lL8zX9cV0bN1nM2qW3eR4tT5yU6iI7oO8pP9aS0dF1gG2hH3jJ4kK5lL6z7nB9vR2mX8kLp4QjW3tY5zH1aG6sF9dD0fS8gA7hJ6kL5mN4bV3vC2xZ1oP9iU8uY7tT6rR5eE4wW3qQ2aZ1sX2dC3fV4gB5hN6jM7kL8pO9iU0yT1rE2wQ3aS4dF5gG6hH7jJ8kK9lL0zZ1xX2cC3vV4bB5nN6mM7qQ8wW9eE0rR1tT2yY3uU4iI5oO6pP7aA8sS9dD0fF1gG2hH3jJ4kK5lL6zZ7xX8cC9vV0bB1nN2mM3qW4eR5tT6yU7iI8oO9pP0aS1dF2gG3hH4jJ5kK6lL7zZ8xX9cC0vB1nN2mQ3wE4rR5tT6yY7uU8iI9oO0pP1aS2dF3gG4hH5jJ6kK7lL8zX9cV0bN1nM2qW3eR4tT5yU6iI7oO8pP9aS0dF1gG2hH3jJ4kK5lL6zZ7xX8cC9vV0bB1nN2mM3qW4eR5tT6yU7iI8oO9pP0aS1dF2gG3hH4jJ5kK6lL7zZ8xX9cC0vB1nN2mQ3wE4rR5tT6yY7uU8iI9oO0pP1aS2dF3gG4hH5jJ6kK7lL8zX9cV0bN1nM2qW3eR4tT5yU6iI7oO8pP9aS0dF1gG2hH3jJ4kK5lL6zZ7xX8cC9vV0bB1nN2mM3qW4eR5tT6yU7iI8oO9pP0aS1dF2gG3hH4jJ5kK6lL7zZ8xX9cC0vB1nN2mQ3wE4rR5tT6yY7uU8iI9oO0pP1aS2dF3gG4hH5jJ6kK7lL8zX9cV0bN1nM2qW3eR4tT5yU6iI7oO8pP9aS0dF1gG2hH3jJ4kK5lL6zZ7xX8cC9vV0bB1nN2mM3qW4eR5tT6yU7iI8oO9pP0aS1dF2gG3hH4jJ5kK6lL7zZ8xX9cC0vB1nN2mQ3wE4rR5tT6yY7uU8iI9oO0pP1aS2dF3gG4hH5jJ6kK7lL8zX9cV0bN1nM2qW3eR4tT5yU6iI7oO8pP9aS0dF1gG2hH3jJ4kK5lL6zZ7xX8cC9vV0bB1nN2mM3qW4eR5tT6yU7iI8oO9pP0aS1dF2gG3hH4jJ5kK6lL7zZ8xX9cC0vB1nN2mQ3wE4rR5tT6yY7uU8iI9oO0pP1aS2dF3gG4hH5jJ6kK7l4hH5jJ6kK7lL8zX9cV0bN1nM2qW3eR4tT5yU6iI7oO8pP9aS0dF1gG2hH3jJ4kK5lL6zZ7xX8cC9vV0bB1nN2mM3qW4eR5tT6yU7iI8oO9pP0aS1dF2gG3hH4jJ5kK6lL7zZ8xX9cC0vB1nN2mQ3wE4rR5tT6yY7uU8iI9oO0pP1aS2dF3gG4hH5jJ6kK7lL8zX9cV0bN1nM2qW3eR4tT5yU6iI7oO8pP9aS0dF1gG2hH3jJ4kK5lL6zZ7xX8cC9vV0bB1nN2mM3qW4eR5tT6yU7iI8oO9pP0aS1dF2gG3hH4jJ5kK6lL7zZ8xX9cC0vB1nN2mQ3wE4rR5tT6yY7uU8iI9oO0pP1aS2dF3gG4hH5jJ6kK7l4hH5jJ6kK7lL8zX9cV0bN1nM2qW3eR4tT5yU6iI7oO8pP9aS0dF1gG2hH3jJ4kK5lL6zZ7xX8cC9vV0bB1nN2mM3qW4eR5tT6yU7iI8oO9pP0aS1dF2gG3hH4jJ5kK6lL7zZ8xX9cC0vB1nN2mQ3wE4rR5tT6yY7uU8iI9oO0pP1aS2dF3gG4hH5jJ6kK7lL8zX9cV0bN1nM2qW3eR4tT5yU6iI7oO8pP9aS0dF1gG2hH3jJ4kK5lL6zZ7xX8cC9vV0bB1nN2mM3qW4eR5tT6yU7iI8oO9pP0aS1dF2gG3hH4jJ5kK6lL7zZ8xX9cC0vB1nN2mQ3wE4rR5tT6yY7uU8iI9oO0pP1aS2dF3gG4hH5jJ6kK7l4hH5jJ6kK7lL8zX9cV0bN1nM2qW3eR4tT5yU6iI7oO8pP9aS0dF1gG2hH3jJ4kK5lL6zZ7xX8cC9vV0bB1nN2mM3qW4eR5tT6yU7iI8oO9pP0aS1dF2gG3hH4jJ5kK6lL7zZ8xX9cC0vB1nN2mQ3wE4rR5tT6yY7uU8iI9oO0pP1aS2dF3gG4hH5jJ6kK7lL8zX9cV0bN1nM2qW3eR4tT5yU6iI7oO8pP9aS0dF1gG2hH3jJ4kK5lL6zZ7xX8cC9vV0bB1nN2mM3qW4eR5tT6yU7iI8oO9pP0aS1dF2gG3hH4jJ5kK6lL7zZ8xX9cC0vB1nN2mQ3wE4rR5tT6yY7uU8iI9oO0pP1aS2dF3gG4hH5jJ6kK7l4hH5jJ6kK7lL8zX9cV0bN1nM2qW3eR4tT5yU6iI7oO8pP9aS0dF1gG2hH3jJ4kK5lL6zZ7xX8cC9vV0bB1nN2mM3qW4eR5tT6yU7iI8oO9pP0aS1dF2gG3hH4jJ5kK6lL7zZ8xX9cC0vB1nN2mQ3wE4rR5tT6yY7uU8iI9oO0pP1aS2dF3gG4hH5jJ6kK7lL8zX9cV0bN1nM2qW3eR4tT5yU6iI7oO8pP9aS0dF1gG2hH3jJ4kK5lL6zZ7xX8cC9vV0bB1nN2mM3qW4eR5tT6yU7iI8oO9pP0aS1dF2gG3hH4jJ5kK6lL7zZ8xX9cC0vB1nN2mQ3wE4rR5tT6yY7uU8iI9oO0pP1aS2dF3gG4hH5jJ6kK7l4hH5jJ6kK7lL8zX9cV0bN1nM2qW3eR4tT5yU6iI7oO8pP9aS0dF1gG2hH3jJ4kK5lL6zZ7xX8cC9vV0bB1nN2mM3qW4eR5tT6yU7iI8oO9pP0aS1dF2gG3hH4jJ5kK6lL7zZ8xX9cC0vB1nN2mQ3wE4rR5tT6yY7uU8iI9oO0pP1aS2dF3gG4hH5jJ6kK7lL8zX9cV0bN1nM2qW3eR4tT5yU6iI7oO8pP9aS0dF1gG2hH3jJ4kK5lL6zZ7xX8cC9vV0bB1nN2mM3qW4eR5tT6yU7iI8oO9pP0aS1dF2gG3hH4jJ5kK6lL7zZ8xX9cC0vB1nN2mQ3wE4rR5tT6yY7uU8iI9oO0pP1aS2dF3gG4hH5jJ6kK7l4hH5jJ6kK7lL8zX9cV0bN1nM2qW3eR4tT5yU6iI7oO8pP9aS0dF1gG2hH3jJ4kK5lL6zZ7xX8cC9vV0bB1nN2mM3qW4eR5tT6yU7iI8oO9pP0aS1dF2gG3hH4jJ5kK6lL7zZ8xX9cC0vB1nN2mQ3wE4rR5tT6yY7uU8iI9oO0pP1aS2dF3gG4hH5jJ6kK7lL8zX9cV0bN1nM2qW3eR4tT5yU6iI7oO8pP9aS0dF1gG2hH3jJ4kK5lL6zZ7xX8cC9vV0bB1nN2mM3qW4eR5tT6yU7iI8oO9pP0aS1dF2gG3hH4jJ5kK6lL7zZ8xX9cC0vB1nN2mQ3wE4rR5tT6yY7uU8iI9oO0pP1aS2dF3gG4hH5jJ6kK7l4hH5jJ6kK7lL8zX9cV0bN1nM2qW3eR4tT5yU6iI7oO8pP9aS0dF1gG2hH3jJ4kK5lL6zZ7xX8cC9vV0bB1nN2mM3qW4eR5tT6yU7iI8oO9pP0aS1dF2gG3hH4jJ5kK6lL7zZ8xX9cC0vB1nN2mQ3wE4rR5tT6yY7uU8iI9oO0pP1aS2dF3gG4hH5jJ6kK7lL8zX9cV0bN1nM2qW3eR4tT5yU6iI7oO8pP9aS0dF1gG2hH3jJ4kK5lL6zZ7xX8cC9vV0bB1nN2mM3qW4eR5tT6yU7iI8oO9pP0aS1dF2gG3hH4jJ5kK6lL7zZ8xX9cC0vB1nN2mQ3wE4rR5tT6yY7uU8iI9oO0pP1aS2dF3gG4hH5jJ6kK7l4hH5jJ6kK7lL8zX9cV0bN1nM2qW3eR4tT5yU6iI7oO8pP9aS0dF1gG2hH3jJ4kK5lL6z7nB9vR2mX8kLp4QjW3tY5zH1aG6sF9dD0fS8gA7hJ6kL5mN4bV3vC2xZ1oP9iU8uY7tT6rR5eE4wW3qQ2aZ1sX2dC3fV4gB5hN6jM7kL8pO9iU0yT1rE2wQ3aS4dF5gG6hH7jJ8kK9lL0zZ1xX2cC3vV4bB5nN6mM7qQ8wW9eE0rR1tT2yY3uU4iI5oO6pP7aA8sS9dD0fF1gG2hH3jJ4kK5lL6zZ7xX8cC9vV0bB1nN2mM3qW4eR5tT6yU7iI8oO9pP0aS1dF2gG3hH4jJ5kK6lL7zZ8xX9cC0vB1nN2mQ3wE4rR5tT6yY7uU8iI9oO0pP1aS2dF3gG4hH5jJ6kK7lL8zX9cV0bN1nM2qW3eR4tT5yU6iI7oO8pP9aS0dF1gG2hH3jJ4kK5lL6zZ7xX8cC9vV0bB1nN2mM3qW4eR5tT6yU7iI8oO9pP0aS1dF2gG3hH4jJ5kK6lL7zZ8xX9cC0vB1nN2mQ3wE4rR5tT6yY7uU8iI9oO0pP1aS2dF3gG4hH5jJ6kK7lL8zX9cV0bN1nM2qW3eR4tT5yU6iI7oO8pP9aS0dF1gG2hH3jJ4kK5lL6zZ7xX8cC9vV0bB1nN2mM3qW4eR5tT6yU7iI8oO9pP0aS1dF2gG3hH4jJ5kK6lL7zZ8xX9cC0vB1nN2mQ3wE4rR5tT6yY7uU8iI9oO0pP1aS2dF3gG4hH5jJ6kK7lL8zX9cV0bN1nM2qW3eR4tT5yU6iI7oO8pP9aS0dF1gG2hH3jJ4kK5lL6zZ7xX8cC9vV0bB1nN2mM3qW4eR5tT6yU7iI8oO9pP0aS1dF2gG3hH4jJ5kK6lL7zZ8xX9cC0vB1nN2mQ3wE4rR5tT6yY7uU8iI9oO0pP1aS2dF3gG4hH5jJ6kK7lL8zX9cV0bN1nM2qW3eR4tT5yU6iI7oO8pP9aS0dF1gG2hH3jJ4kK5lL6zZ7xX8cC9vV0bB1nN2mM3qW4eR5tT6yU7iI8oO9pP0aS1dF2gG3hH4jJ5kK6lL7zZ8xX9cC0vB1nN2mQ3wE4rR5tT6yY7uU8iI9oO0pP1aS2dF3gG4hH5jJ6kK7l4hH5jJ6kK7lL8zX9cV0bN1nM2qW3eR4tT5yU6iI7oO8pP9aS0dF1gG2hH3jJ4kK5lL6zZ7xX8cC9vV0bB1nN2mM3qW4eR5tT6yU7iI8oO9pP0aS1dF2gG3hH4jJ5kK6lL7zZ8xX9cC0vB1nN2mQ3wE4rR5tT6yY7uU8iI9oO0pP1aS2dF3gG4hH5jJ6kK7lL8zX9cV0bN1nM2qW3eR4tT5yU6iI7oO8pP9aS0dF1gG2hH3jJ4kK5lL6zZ7xX8cC9vV0bB1nN2mM3qW4eR5tT6yU7iI8oO9pP0aS1dF2gG3hH4jJ5kK6lL7zZ8xX9cC0vB1nN2mQ3wE4rR5tT6yY7uU8iI9oO0pP1aS2dF3gG4hH5jJ6kK7l4hH5jJ6kK7lL8zX9cV0bN1nM2qW3eR4tT5yU6iI7oO8pP9aS0dF1gG2hH3jJ4kK5lL6zZ7xX8cC9vV0bB1nN2mM3qW4eR5tT6yU7iI8oO9pP0aS1dF2gG3hH4jJ5kK6lL7zZ8xX9cC0vB1nN2mQ3wE4rR5tT6yY7uU8iI9oO0pP1aS2dF3gG4hH5jJ6kK7lL8zX9cV0bN1nM2qW3eR4tT5yU6iI7oO8pP9aS0dF1gG2hH3jJ4kK5lL6zZ7xX8cC9vV0bB1nN2mM3qW4eR5tT6yU7iI8oO9pP0aS1dF2gG3hH4jJ5kK6lL7zZ8xX9cC0vB1nN2mQ3wE4rR5tT6yY7uU8iI9oO0pP1aS2dF3gG4hH5jJ6kK7l4hH5jJ6kK7lL8zX9cV0bN1nM2qW3eR4tT5yU6iI7oO8pP9aS0dF1gG2hH3jJ4kK5lL6zZ7xX8cC9vV0bB1nN2mM3qW4eR5tT6yU7iI8oO9pP0aS1dF2gG3hH4jJ5kK6lL7zZ8xX9cC0vB1nN2mQ3wE4rR5tT6yY7uU8iI9oO0pP1aS2dF3gG4hH5jJ6kK7lL8zX9cV0bN1nM2qW3eR4tT5yU6iI7oO8pP9aS0dF1gG2hH3jJ4kK5lL6zZ7xX8cC9vV0bB1nN2mM3qW4eR5tT6yU7iI8oO9pP0aS1dF2gG3hH4jJ5kK6lL7zZ8xX9cC0vB1nN2mQ3wE4rR5tT6yY7uU8iI9oO0pP1aS2dF3gG4hH5jJ6kK7l4hH5jJ6kK7lL8zX9cV0bN1nM2qW3eR4tT5yU6iI7oO8pP9aS0dF1gG2hH3jJ4kK5lL6zZ7xX8cC9vV0bB1nN2mM3qW4eR5tT6yU7iI8oO9pP0aS1dF2gG3hH4jJ5kK6lL7zZ8xX9cC0vB1nN2mQ3wE4rR5tT6yY7uU8iI9oO0pP1aS2dF3gG4hH5jJ6kK7lL8zX9cV0bN1nM2qW3eR4tT5yU6iI7oO8pP9aS0dF1gG2hH3jJ4kK5lL6zZ7xX8cC9vV0bB1nN2mM3qW4eR5tT6yU7iI8oO9pP0aS1dF2gG3hH4jJ5kK6lL7zZ8xX9cC0vB1nN2mQ3wE4rR5tT6yY7uU8iI9oO0pP1aS2dF3gG4hH5jJ6kK7l4hH5jJ6kK7lL8zX9cV0bN1nM2qW3eR4tT5yU6iI7oO8pP9aS0dF1gG2hH3jJ4kK5lL6zZ7xX8cC9vV0bB1nN2mM3qW4eR5tT6yU7iI8oO9pP0aS1dF2gG3hH4jJ5kK6lL7zZ8xX9cC0vB1nN2mQ3wE4rR5tT6yY7uU8iI9oO0pP1aS2dF3gG4hH5jJ6kK7lL8zX9cV0bN1nM2qW3eR4tT5yU6iI7oO8pP9aS0dF1gG2hH3jJ4kK5lL6zZ7xX8cC9vV0bB1nN2mM3qW4eR5tT6yU7iI8oO9pP0aS1dF2gG3hH4jJ5kK6lL7zZ8xX9cC0vB1nN2mQ3wE4rR5tT6yY7uU8iI9oO0pP1aS2dF3gG4hH5jJ6kK7l4hH5jJ6kK7lL8zX9cV0bN1nM2qW3eR4tT5yU6iI7oO8pP9aS0dF1gG2hH3jJ4kK5lL6zZ7xX8cC9vV0bB1nN2mM3qW4eR5tT6yU7iI8oO9pP0aS1dF2gG3hH4jJ5kK6lL7zZ8xX9cC0vB1nN2mQ3wE4rR5tT6yY7uU8iI9oO0pP1aS2dF3gG4hH5jJ6kK7lL8zX9cV0bN1nM2qW3eR4tT5yU6iI7oO8pP9aS0dF1gG2hH3jJ4kK5lL6zZ7xX8cC9vV0bB1nN2mM3qW4eR5tT6yU7iI8oO9pP0aS1dF2gG3hH4jJ5kK6lL7zZ8xX9cC0vB1nN2mQ3wE4rR5tT6yY7uU8iI9oO0pP1aS2dF3gG4hH5jJ6kK7l4hH5jJ6kK7lL8zX9cV0bN1nM2qW3eR4tT5yU6iI7oO8pP9aS0dF1gG2hH3jJ4kK5lL6zZ7xX8cC9vV0bB1nN2mM3qW4eR5tT6yU7iI8oO9pP0aS1dF2gG3hH4jJ5kK6lL7zZ8xX9cC0vB1nN2mQ3wE4rR5tT6yY7uU8iI9oO0pP1aS2dF3gG4hH5jJ6kK7lL8zX9cV0bN1nM2qW3eR4tT5yU6iI7oO8pP9aS0dF1gG2hH3jJ4kK5lL6zZ7xX8cC9vV0bB1nN2mM3qW4eR5tT6yU7iI8oO9pP0aS1dF2gG3hH4jJ5kK6lL7zZ8xX9cC0vB1nN2mQ3wE4rR5tT6yY7uU8iI9oO0pP1aS2dF3gG4hH5jJ6kK7l4hH5jJ6kK7lL8zX9cV0bN1nM2qW3eR4tT5yU6iI7oO8pP9aS0dF1gG2hH3jJ4kK5lL6z7nB9vR2mX8kLp4QjW3tY5zH1aG6sF9dD0fS8gA7hJ6kL5mN4bV3vC2xZ1oP9iU8uY7tT6rR5eE4wW3qQ2aZ1sX2dC3fV4gB5hN6jM7kL8pO9iU0yT1rE2wQ3aS4dF5gG6hH7jJ8kK9lL0zZ1xX2cC3vV4bB5nN6mM7qQ8wW9eE0rR1tT2yY3uU4iI5oO6pP7aA8sS9dD0fF1gG2hH3jJ4kK5lL6zZ7xX8cC9vV0bB1nN2mM3qW4eR5tT6yU7iI8oO9pP0aS1dF2gG3hH4jJ5kK6lL7zZ8xX9cC0vB1nN2mQ3wE4rR5tT6yY7uU8iI9oO0pP1aS2dF3gG4hH5jJ6kK7lL8zX9cV0bN1nM2qW3eR4tT5yU6iI7oO8pP9aS0dF1gG2hH3jJ4kK5lL6zZ7xX8cC9vV0bB1nN2mM3qW4eR5tT6yU7iI8oO9pP0aS1dF2gG3hH4jJ5kK6lL7zZ8xX9cC0vB1nN2mQ3wE4rR5tT6yY7uU8iI9oO0pP1aS2dF3gG4hH5jJ6kK7lL8zX9cV0bN1nM2qW3eR4tT5yU6iI7oO8pP9aS0dF1gG2hH3jJ4kK5lL6zZ7xX8cC9vV0bB1nN2mM3qW4eR5tT6yU7iI8oO9pP0aS1dF2gG3hH4jJ5kK6lL7zZ8xX9cC0vB1nN2mQ3wE4rR5tT6yY7uU8iI9oO0pP1aS2dF3gG4hH5jJ6kK7lL8zX9cV0bN1nM2qW3eR4tT5yU6iI7oO8pP9aS0dF1gG2hH3jJ4kK5lL6zZ7xX8cC9vV0bB1nN2mM3qW4eR5tT6yU7iI8oO9pP0aS1dF2gG3hH4jJ5kK6lL7zZ8xX9cC0vB1nN2mQ3wE4rR5tT6yY7uU8iI9oO0pP1aS2dF3gG4hH5jJ6kK7lL8zX9cV0bN1nM2qW3eR4tT5yU6iI7oO8pP9aS0dF1gG2hH3jJ4kK5lL6zZ7xX8cC9vV0bB1nN2mM3qW4eR5tT6yU7iI8oO9pP0aS1dF2gG3hH4jJ5kK6lL7zZ8xX9cC0vB1nN2mQ3wE4rR5tT6yY7uU8iI9oO0pP1aS2dF3gG4hH5jJ6kK7l4hH5jJ6kK7lL8zX9cV0bN1nM2qW3eR4tT5yU6iI7oO8pP9aS0dF1gG2hH3jJ4kK5lL6zZ7xX8cC9vV0bB1nN2mM3qW4eR5tT6yU7iI8oO9pP0aS1dF2gG3hH4jJ5kK6lL7zZ8xX9cC0vB1nN2mQ3wE4rR5tT6yY7uU8iI9oO0pP1aS2dF3gG4hH5jJ6kK7lL8zX9cV0bN1nM2qW3eR4tT5yU6iI7oO8pP9aS0dF1gG2hH3jJ4kK5lL6zZ7xX8cC9vV0bB1nN2mM3qW4eR5tT6yU7iI8oO9pP0aS1dF2gG3hH4jJ5kK6lL7zZ8xX9cC0vB1nN2mQ3wE4rR5tT6yY7uU8iI9oO0pP1aS2dF3gG4hH5jJ6kK7l4hH5jJ6kK7lL8zX9cV0bN1nM2qW3eR4tT5yU6iI7oO8pP9aS0dF1gG2hH3jJ4kK5lL6zZ7xX8cC9vV0bB1nN2mM3qW4eR5tT6yU7iI8oO9pP0aS1dF2gG3hH4jJ5kK6lL7zZ8xX9cC0vB1nN2mQ3wE4rR5tT6yY7uU8iI9oO0pP1aS2dF3gG4hH5jJ6kK7lL8zX9cV0bN1nM2qW3eR4tT5yU6iI7oO8pP9aS0dF1gG2hH3jJ4kK5lL6zZ7xX8cC9vV0bB1nN2mM3qW4eR5tT6yU7iI8oO9pP0aS1dF2gG3hH4jJ5kK6lL7zZ8xX9cC0vB1nN2mQ3wE4rR5tT6yY7uU8iI9oO0pP1aS2dF3gG4hH5jJ6kK7l4hH5jJ6kK7lL8zX9cV0bN1nM2qW3eR4tT5yU6iI7oO8pP9aS0dF1gG2hH3jJ4kK5lL6zZ7xX8cC9vV0bB1nN2mM3qW4eR5tT6yU7iI8oO9pP0aS1dF2gG3hH4jJ5kK6lL7zZ8xX9cC0vB1nN2mQ3wE4rR5tT6yY7uU8iI9oO0pP1aS2dF3gG4hH5jJ6kK7lL8zX9cV0bN1nM2qW3eR4tT5yU6iI7oO8pP9aS0dF1gG2hH3jJ4kK5lL6zZ7xX8cC9vV0bB1nN2mM3qW4eR5tT6yU7iI8oO9pP0aS1dF2gG3hH4jJ5kK6lL7zZ8xX9cC0vB1nN2mQ3wE4rR5tT6yY7uU8iI9oO0pP1aS2dF3gG4hH5jJ6kK7l4hH5jJ6kK7lL8zX9cV0bN1nM2qW3eR4tT5yU6iI7oO8pP9aS0dF1gG2hH3jJ4kK5lL6zZ7xX8cC9vV0bB1nN2mM3qW4eR5tT6yU7iI8oO9pP0aS1dF2gG3hH4jJ5kK6lL7zZ8xX9cC0vB1nN2mQ3wE4rR5tT6yY7uU8iI9oO0pP1aS2dF3gG4hH5jJ6kK7lL8zX9cV0bN1nM2qW3eR4tT5yU6iI7oO8pP9aS0dF1gG2hH3jJ4kK5lL6zZ7xX8cC9vV0bB1nN2mM3qW4eR5tT6yU7iI8oO9pP0aS1dF2gG3hH4jJ5kK6lL7zZ8xX9cC0vB1nN2mQ3wE4rR5tT6yY7uU8iI9oO0pP1aS2dF3gG4hH5jJ6kK7l4hH5jJ6kK7lL8zX9cV0bN1nM2qW3eR4tT5yU6iI7oO8pP9aS0dF1gG2hH3jJ4kK5lL6zZ7xX8cC9vV0bB1nN2mM3qW4eR5tT6yU7iI8oO9pP0aS1dF2gG3hH4jJ5kK6lL7zZ8xX9cC0vB1nN2mQ3wE4rR5tT6yY7uU8iI9oO0pP1aS2dF3gG4hH5jJ6kK7lL8zX9cV0bN1nM2qW3eR4tT5yU6iI7oO8pP9aS0dF1gG2hH3jJ4kK5lL6zZ7xX8cC9vV0bB1nN2mM3qW4eR5tT6yU7iI8oO9pP0aS1dF2gG3hH4jJ5kK6lL7zZ8xX9cC0vB1nN2mQ3wE4rR5tT6yY7uU8iI9oO0pP1aS2dF3gG4hH5jJ6kK7l4hH5jJ6kK7lL8zX9cV0bN1nM2qW3eR4tT5yU6iI7oO8pP9aS0dF1gG2hH3jJ4kK5lL6zZ7xX8cC9vV0bB1nN2mM3qW4eR5tT6yU7iI8oO9pP0aS1dF2gG3hH4jJ5kK6lL7zZ8xX9cC0vB1nN2mQ3wE4rR5tT6yY7uU8iI9oO0pP1aS2dF3gG4hH5jJ6kK7lL8zX9cV0bN1nM2qW3eR4tT5yU6iI7oO8pP9aS0dF1gG2hH3jJ4kK5lL6zZ7xX8cC9vV0bB1nN2mM3qW4eR5tT6yU7iI8oO9pP0aS1dF2gG3hH4jJ5kK6lL7zZ8xX9cC0vB1nN2mQ3wE4rR5tT6yY7uU8iI9oO0pP1aS2dF3gG4hH5jJ6kK7l4hH5jJ6kK7lL8zX9cV0bN1nM2qW3eR4tT5yU6iI7oO8pP9aS0dF1gG2hH3jJ4kK5lL6zZ7xX8cC9vV0bB1nN2mM3qW4eR5tT6yU7iI8oO9pP0aS1dF2gG3hH4jJ5kK6lL7zZ8xX9cC0vB1nN2mQ3wE4rR5tT6yY7uU8iI9oO0pP1aS2dF3gG4hH5jJ6kK7lL8zX9cV0bN1nM2qW3eR4tT5yU6iI7oO8pP9aS0dF1gG2hH3jJ4kK5lL6zZ7xX8cC9vV0bB1nN2mM3qW4eR5tT6yU7iI8oO9pP0aS1dF2gG3hH4jJ5kK6lL7zZ8xX9cC0vB1nN2mQ3wE4rR5tT6yY7uU8iI9oO0pP1aS2dF3gG4hH5jJ6kK7l4hH5jJ6kK7lL8zX9cV0bN1nM2qW3eR4tT5yU6iI7oO8pP9aS0dF1gG2hH3jJ4kK5lL6z7nB9vR2mX8kLp4QjW3tY5zH1aG6sF9dD0fS8gA7hJ6kL5mN4bV3vC2xZ1oP9iU8uY7tT6rR5eE4wW3qQ2aZ1sX2dC3fV4gB5hN6jM7kL8pO9iU0yT1rE2wQ3aS4dF5gG6hH7jJ8kK9lL0zZ1xX2cC3vV4bB5nN6mM7qQ8wW9eE0rR1tT2yY3uU4iI5oO6pP7aA8sS9dD0fF1gG2hH3jJ4kK5lL6zZ7xX8cC9vV0bB1nN2mM3qW4eR5tT6yU7iI8oO9pP0aS1dF2gG3hH4jJ5kK6lL7zZ8xX9cC0vB1nN2mQ3wE4rR5tT6yY7uU8iI9oO0pP1aS2dF3gG4hH5jJ6kK7lL8zX9cV0bN1nM2qW3eR4tT5yU6iI7oO8pP9aS0dF1gG2hH3jJ4kK5lL6zZ7xX8cC9vV0bB1nN2mM3qW4eR5tT6yU7iI8oO9pP0aS1dF2gG3hH4jJ5kK6lL7zZ8xX9cC0vB1nN2mQ3wE4rR5tT6yY7uU8iI9oO0pP1aS2dF3gG4hH5jJ6kK7lL8zX9cV0bN1nM2qW3eR4tT5yU6iI7oO8pP9aS0dF1gG2hH3jJ4kK5lL6zZ7xX8cC9vV0bB1nN2mM3qW4eR5tT6yU7iI8oO9pP0aS1dF2gG3hH4jJ5kK6lL7zZ8xX9cC0vB1nN2mQ3wE4rR5tT6yY7uU8iI9oO0pP1aS2dF3gG4hH5jJ6kK7lL8zX9cV0bN1nM2qW3eR4tT5yU6iI7oO8pP9aS0dF1gG2hH3jJ4kK5lL6zZ7xX8cC9vV0bB1nN2mM3qW4eR5tT6yU7iI8oO9pP0aS1dF2gG3hH4jJ5kK6lL7zZ8xX9cC0vB1nN2mQ3wE4rR5tT6yY7uU8iI9oO0pP1aS2dF3gG4hH5jJ6kK7lL8zX9cV0bN1nM2qW3eR4tT5yU6iI7oO8pP9aS0dF1gG2hH3jJ4kK5lL6zZ7xX8cC9vV0bB1nN2mM3qW4eR5tT6yU7iI8oO9pP0aS1dF2gG3hH4jJ5kK6lL7zZ8xX9cC0vB1nN2mQ3wE4rR5tT6yY7uU8iI9oO0pP1aS2dF3gG4hH5jJ6kK7l4hH5jJ6kK7lL8zX9cV0bN1nM2qW3eR4tT5yU6iI7oO8pP9aS0dF1gG2hH3jJ4kK5lL6zZ7xX8cC9vV0bB1nN2mM3qW4eR5tT6yU7iI8oO9pP0aS1dF2gG3hH4jJ5kK6lL7zZ8xX9cC0vB1nN2mQ3wE4rR5tT6yY7uU8iI9oO0pP1aS2dF3gG4hH5jJ6kK7lL8zX9cV0bN1nM2qW3eR4tT5yU6iI7oO8pP9aS0dF1gG2hH3jJ4kK5lL6zZ7xX8cC9vV0bB1nN2mM3qW4eR5tT6yU7iI8oO9pP0aS1dF2gG3hH4jJ5kK6lL7zZ8xX9cC0vB1nN2mQ3wE4rR5tT6yY7uU8iI9oO0pP1aS2dF3gG4hH5jJ6kK7l4hH5jJ6kK7lL8zX9cV0bN1nM2qW3eR4tT5yU6iI7oO8pP9aS0dF1gG2hH3jJ4kK5lL6zZ7xX8cC9vV0bB1nN2mM3qW4eR5tT6yU7iI8oO9pP0aS1dF2gG3hH4jJ5kK6lL7zZ8xX9cC0vB1nN2mQ3wE4rR5tT6yY7uU8iI9oO0pP1aS2dF3gG4hH5jJ6kK7lL8zX9cV0bN1nM2qW3eR4tT5yU6iI7oO8pP9aS0dF1gG2hH3jJ4kK5lL6zZ7xX8cC9vV0bB1nN2mM3qW4eR5tT6yU7iI8oO9pP0aS1dF2gG3hH4jJ5kK6lL7zZ8xX9cC0vB1nN2mQ3wE4rR5tT6yY7uU8iI9oO0pP1aS2dF3gG4hH5jJ6kK7l4hH5jJ6kK7lL8zX9cV0bN1nM2qW3eR4tT5yU6iI7oO8pP9aS0dF1gG2hH3jJ4kK5lL6zZ7xX8cC9vV0bB1nN2mM3qW4eR5tT6yU7iI8oO9pP0aS1dF2gG3hH4jJ5kK6lL7zZ8xX9cC0vB1nN2mQ3wE4rR5tT6yY7uU8iI9oO0pP1aS2dF3gG4hH5jJ6kK7lL8zX9cV0bN1nM2qW3eR4tT5yU6iI7oO8pP9aS0dF1gG2hH3jJ4kK5lL6zZ7xX8cC9vV0bB1nN2mM3qW4eR5tT6yU7iI8oO9pP0aS1dF2gG3hH4jJ5kK6lL7zZ8xX9cC0vB1nN2mQ3wE4rR5tT6yY7uU8iI9oO0pP1aS2dF3gG4hH5jJ6kK7l4hH5jJ6kK7lL8zX9cV0bN1nM2qW3eR4tT5yU6iI7oO8pP9aS0dF1gG2hH3jJ4kK5lL6zZ7xX8cC9vV0bB1nN2mM3qW4eR5tT6yU7iI8oO9pP0aS1dF2gG3hH4jJ5kK6lL7zZ8xX9cC0vB1nN2mQ3wE4rR5tT6yY7uU8iI9oO0pP1aS2dF3gG4hH5jJ6kK7lL8zX9cV0bN1nM2qW3eR4tT5yU6iI7oO8pP9aS0dF1gG2hH3jJ4kK5lL6zZ7xX8cC9vV0bB1nN2mM3qW4eR5tT6yU7iI8oO9pP0aS1dF2gG3hH4jJ5kK6lL7zZ8xX9cC0vB1nN2mQ3wE4rR5tT6yY7uU8iI9oO0pP1aS2dF3gG4hH5jJ6kK7l4hH5jJ6kK7lL8zX9cV0bN1nM2qW3eR4tT5yU6iI7oO8pP9aS0dF1gG2hH3jJ4kK5lL6zZ7xX8cC9vV0bB1nN2mM3qW4eR5tT6yU7iI8oO9pP0aS1dF2gG3hH4jJ5kK6lL7zZ8xX9cC0vB1nN2mQ3wE4rR5tT6yY7uU8iI9oO0pP1aS2dF3gG4hH5jJ6kK7lL8zX9cV0bN1nM2qW3eR4tT5yU6iI7oO8pP9aS0dF1gG2hH3jJ4kK5lL6zZ7xX8cC9vV0bB1nN2mM3qW4eR5tT6yU7iI8oO9pP0aS1dF2gG3hH4jJ5kK6lL7zZ8xX9cC0vB1nN2mQ3wE4rR5tT6yY7uU8iI9oO0pP1aS2dF3gG4hH5jJ6kK7l4hH5jJ6kK7lL8zX9cV0bN1nM2qW3eR4tT5yU6iI7oO8pP9aS0dF1gG2hH3jJ4kK5lL6zZ7xX8cC9vV0bB1nN2mM3qW4eR5tT6yU7iI8oO9pP0aS1dF2gG3hH4jJ5kK6lL7zZ8xX9cC0vB1nN2mQ3wE4rR5tT6yY7uU8iI9oO0pP1aS2dF3gG4hH5jJ6kK7lL8zX9cV0bN1nM2qW3eR4tT5yU6iI7oO8pP9aS0dF1gG2hH3jJ4kK5lL6zZ7xX8cC9vV0bB1nN2mM3qW4eR5tT6yU7iI8oO9pP0aS1dF2gG3hH4jJ5kK6lL7zZ8xX9cC0vB1nN2mQ3wE4rR5tT6yY7uU8iI9oO0pP1aS2dF3gG4hH5jJ6kK7l4hH5jJ6kK7lL8zX9cV0bN1nM2qW3eR4tT5yU6iI7oO8pP9aS0dF1gG2hH3jJ4kK5lL6zZ7xX8cC9vV0bB1nN2mM3qW4eR5tT6yU7iI8oO9pP0aS1dF2gG3hH4jJ5kK6lL7zZ8xX9cC0vB1nN2mQ3wE4rR5tT6yY7uU8iI9oO0pP1aS2dF3gG4hH5jJ6kK7lL8zX9cV0bN1nM2qW3eR4tT5yU6iI7oO8pP9aS0dF1gG2hH3jJ4kK5lL6zZ7xX8cC9vV0bB1nN2mM3qW4eR5tT6yU7iI8oO9pP0aS1dF2gG3hH4jJ5kK6lL7zZ8xX9cC0vB1nN2mQ3wE4rR5tT6yY7uU8iI9oO0pP1aS2dF3gG4hH5jJ6kK7l4hH5jJ6kK7lL8zX9cV0bN1nM2qW3eR4tT5yU6iI7oO8pP9aS0dF1gG2hH3jJ4kK5lL6z8zX9cV0bN1nM2qW3eR4tT5yU6iI7oO8pP9aS0dF1gG2hH3jJ4kK5lL6zZ7xX8cC9vV0bB1nN2mM3qW4eR5tT6yU7iI8oO9pP0aS1dF2gG3hH4jJ5kK6lL7zZ8xX9cC0vB1nN2mQ3wE4rR5tT6yY7uU8iI9oO0pP1aS2dF3gG4hH5jJ6kK7l4hH5jJ6kK7lL8zX9cV0bN1nM2qW3eR4tT5yU6iI7oO8pP9aS0dF1gG2hH3jJ4kK5lL6zZ7xX8cC9vV0bB1nN2mM3qW4eR5tT6yU7iI8oO9pP0aS1dF2gG3hH4jJ5kK6lL7zZ8xX9cC0vB1nN2mQ3wE4rR5tT6yY7uU8iI9oO0pP1aS2dF3gG4hH5jJ6kK7lL8zX9cV0bN1nM2qW3eR4tT5yU6iI7oO8pP9aS0dF1gG2hH3jJ4kK5lL6zZ7xX8cC9vV0bB1nN2mM3qW4eR5tT6yU7iI8oO9pP0aS1dF2gG3hH4jJ5kK6lL7zZ8xX9cC0vB1nN2mQ3wE4rR5tT6yY7uU8iI9oO0pP1aS2dF3gG4hH5jJ6kK7l4hH5jJ6kK7lL8zX9cV0bN1nM2qW3eR4tT5yU6iI7oO8pP9aS0dF1gG2hH3jJ4kK5lL6zZ7xX8cC9vV0bB1nN2mM3qW4eR5tT6yU7iI8oO9pP0aS1dF2gG3hH4jJ5kK6lL7zZ8xX9cC0vB1nN2mQ3wE4rR5tT6yY7uU8iI9oO0pP1aS2dF3gG4hH5jJ6kK7lL8zX9cV0bN1nM2qW3eR4tT5yU6iI7oO8pP9aS0dF1gG2hH3jJ4kK5lL6zZ7xX8cC9vV0bB1nN2mM3qW4eR5tT6yU7iI8oO9pP0aS1dFzX9cV0bN1nM2qW3eR4tT5yU6iI7oO8pP9aS0dF1gG2hH3jJ4kK5lL6zZ7xX8cC9vV0bB1nN2mM3qW4eR5tT6yU7iI8oO9pP0aS1dF2gG3hH4jJ5kK6lL7zZ8xX9cC0vB1nN2mQ3wE4rR5tT6yY7uU8iI9oO0pP1aS2dF3gG4hH5jJ6kK7lL8zX9cV0bN1nM2qW3eR4tT5yU6iI7oO8pP9aS0dF1gG2hH3jJ4kK5lL6zZ7xX8cC9vV0bB1nN2mM3qW4eR5tT6yU7iI8oO9pP0aS1dF2gG3hH4jJ5kK6lL7zZ8xX9cC0vB1nN2mQ3wE4rR5tT6yY7uU8iI9oO0pP1aS2dF3gG4hH5jJ6kK7l4hH5jJ6kK7lL8zX9cV0bN1nM2qW3eR4tT5yU6iI7oO8pP9aS0dF1gG2hH3jJ4kK5lL6zZ7xX8cC9vV0bB1nN2mM3qW4eR5tT6yU7iI8oO9pP0aS1dF2gG3hH4jJ5kK6lL7zZ8xX9cC0vB1nN2mQ3wE4rR5tT6yY7uU8iI9oO0pP1aS2dF3gG4hH5jJ6kK7lL8zX9cV0bN1nM2qW3eR4tT5yU6iI7oO8pP9aS0dF1gG2hH3jJ4kK5lL6zZ7xX8cC9vV0bB1nN2mM3qW4eR5tT6yU7iI8oO9pP0aS1dF2gG3hH4jJ5kK6lL7zZ8xX9cC0vB1nN2mQ3wE4rR5tT6yY7uU8iI9oO0pP1aS2dF3gG4hH5jJ6kK7l4hH5jJ6kK7lL8zX9cV0bN1nM2qW3eR4tT5yU6iI7oO8pP9aS0dF1gG2hH3jJ4kK5lL6zZ7xX8cC9vV0bB1nN2mM3qW4eR5tT6yU7iI8oO9pP0aS1dF2gG3hH4jJ5kK6lL7zZ8xX9cC0vB1nN2mQ3wE4rR5tT6yY7uU8iI9oO0pP1aS2dF3gG4hH5jJ6kK7lL8zX9cV0bN1nM2qW3eR4tT5yU6iI7oO8pP9aS0dF1gG2hH3jJ4kK5lL6zZ7xX8cC9vV0bB1nN2mM3qW4eR5tT6yU7iI8oO9pP0aS1dF2gG3hH4jJ5kK6lL7zZ8xX9cC0vB1nN2mQ3wE4rR5tT6yY7uU8iI9oO0pP1aS2dF3gG4hH5jJ6kK7l4hH5jJ6kK7lL8zX9cV0bN1nM2qW3eR4tT5yU6iI7oO8pP9aS0dF1gG2hH3jJ4kK5lL6zZ7xX8cC9vV0bB1nN2mM3qW4eR5tT6yU7iI8oO9pP0aS1dF2gG3hH4jJ5kK6lL7zZ8xX9cC0vB1nN2mQ3wE4rR5tT6yY7uU8iI9oO0pP1aS2dF3gG4hH5jJ6kK7lL8zX9cV0bN1nM2qW3eR4tT5yU6iI7oO8pP9aS0dF1gG2hH3jJ4kK5lL6zZ7xX8cC9vV0bB1nN2mM3qW4eR5tT6yU7iI8oO9pP0aS1dF2gG3hH4jJ5kK6lL7zZ8xX9cC0vB1nN2mQ3wE4rR5tT6yY7uU8iI9oO0pP1aS2dF3gG4hH5jJ6kK7l4hH5jJ6kK7lL8zX9cV0bN1nM2qW3eR4tT5yU6iI7oO8pP9aS0dF1gG2hH3jJ4kK5lL6zZ7xX8cC9vV0bB1nN2mM3qW4eR5tT6yU7iI8oO9pP0aS1dF2gG3hH4jJ5kK6lL7zZ8xX9cC0vB1nN2mQ3wE4rR5tT6yY7uU8iI9oO0pP1aS2dF3gG4hH5jJ6kK7lL8zX9cV0bN1nM2qW3eR4tT5yU6iI7oO8pP9aS0dF1gG2hH3jJ4kK5lL6zZ7xX8cC9vV0bB1nN2mM3qW4eR5tT6yU7iI8oO9pP0aS1dF2gG3hH4jJ5kK6lL7zZ8xX9cC0vB1nN2mQ3wE4rR5tT6yY7uU8iI9oO0pP1aS2dF3gG4hH5jJ6kK7l4hH5jJ6kK7lL8zX9cV0bN1nM2qW3eR4tT5yU6iI7oO8pP9aS0dF1gG2hH3jJ4kK5lL6z7nB9vR2mX8kLp4QjW3tY5zH1aG6sF9dD0fS8gA7hJ6kL5mN4bV3vC2xZ1oP9iU8uY7tT6rR5eE4wW3qQ2aZ1sX2dC3fV4gB5hN6jM7kL8pO9iU0yT1rE2wQ3aS4dF5gG6hH7jJ8kK9lL0zZ1xX2cC3vV4bB5nN6mM7qQ8wW9eE0rR1tT2yY3uU4iI5oO6pP7aA8sS9dD0fF1gG2hH3jJ4kK5lL6zZ7xX8cC9vV0bB1nN2mM3qW4eR5tT6yU7iI8oO9pP0aS1dF2gG3hH4jJ5kK6lL7zZ8xX9cC0vB1nN2mQ3wE4rR5tT6yY7uU8iI9oO0pP1aS2dF3gG4hH5jJ6kK7lL8zX9cV0bN1nM2qW3eR4tT5yU6iI7oO8pP9aS0dF1gG2hH3jJ4kK5lL6zZ7xX8cC9vV0bB1nN2mM3qW4eR5tT6yU7iI8oO9pP0aS1dF2gG3hH4jJ5kK6lL7zZ8xX9cC0vB1nN2mQ3wE4rR5tT6yY7uU8iI9oO0pP1aS2dF3gG4hH5jJ6kK7lL8zX9cV0bN1nM2qW3eR4tT5yU6iI7oO8pP9aS0dF1gG2hH3jJ4kK5lL6zZ7xX8cC9vV0bB1nN2mM3qW4eR5tT6yU7iI8oO9pP0aS1dF2gG3hH4jJ5kK6lL7zZ8xX9cC0vB1nN2mQ3wE4rR5tT6yY7uU8iI9oO0pP1aS2dF3gG4hH5jJ6kK7lL8zX9cV0bN1nM2qW3eR4tT5yU6iI7oO8pP9aS0dF1gG2hH3jJ4kK5lL6zZ7xX8cC9vV0bB1nN2mM3qW4eR5tT6yU7iI8oO9pP0aS1dF2gG3hH4jJ5kK6lL7zZ8xX9cC0vB1nN2mQ3wE4rR5tT6yY7uU8iI9oO0pP1aS2dF3gG4hH5jJ6kK7lL8zX9cV0bN1nM2qW3eR4tT5yU6iI7oO8pP9aS0dF1gG2hH3jJ4kK5lL6zZ7xX8cC9vV0bB1nN2mM3qW4eR5tT6yU7iI8oO9pP0aS1dF2gG3hH4jJ5kK6lL7zZ8xX9cC0vB1nN2mQ3wE4rR5tT6yY7uU8iI9oO0pP1aS2dF3gG4hH5jJ6kK7l4hH5jJ6kK7lL8zX9cV0bN1nM2qW3eR4tT5yU6iI7oO8pP9aS0dF1gG2hH3jJ4kK5lL6zZ7xX8cC9vV0bB1nN2mM3qW4eR5tT6yU7iI8oO9pP0aS1dF2gG3hH4jJ5kK6lL7zZ8xX9cC0vB1nN2mQ3wE4rR5tT6yY7uU8iI9oO0pP1aS2dF3gG4hH5jJ6kK7lL8zX9cV0bN1nM2qW3eR4tT5yU6iI7oO8pP9aS0dF1gG2hH3jJ4kK5lL6zZ7xX8cC9vV0bB1nN2mM3qW4eR5tT6yU7iI8oO9pP0aS1dF2gG3hH4jJ5kK6lL7zZ8xX9cC0vB1nN2mQ3wE4rR5tT6yY7uU8iI9oO0pP1aS2dF3gG4hH5jJ6kK7l4hH5jJ6kK7lL8zX9cV0bN1nM2qW3eR4tT5yU6iI7oO8pP9aS0dF1gG2hH3jJ4kK5lL6zZ7xX8cC9vV0bB1nN2mM3qW4eR5tT6yU7iI8oO9pP0aS1dF2gG3hH4jJ5kK6lL7zZ8xX9cC0vB1nN2mQ3wE4rR5tT6yY7uU8iI9oO0pP1aS2dF3gG4hH5jJ6kK7lL8zX9cV0bN1nM2qW3eR4tT5yU6iI7oO8pP9aS0dF1gG2hH3jJ4kK5lL6zZ7xX8cC9vV0bB1nN2mM3qW4eR5tT6yU7iI8oO9pP0aS1dF2gG3hH4jJ5kK6lL7zZ8xX9cC0vB1nN2mQ3wE4rR5tT6yY7uU8iI9oO0pP1aS2dF3gG4hH5jJ6kK7l4hH5jJ6kK7lL8zX9cV0bN1nM2qW3eR4tT5yU6iI7oO8pP9aS0dF1gG2hH3jJ4kK5lL6zZ7xX8cC9vV0bB1nN2mM3qW4eR5tT6yU7iI8oO9pP0aS1dF2gG3hH4jJ5kK6lL7zZ8xX9cC0vB1nN2mQ3wE4rR5tT6yY7uU8iI9oO0pP1aS2dF3gG4hH5jJ6kK7lL8zX9cV0bN1nM2qW3eR4tT5yU6iI7oO8pP9aS0dF1gG2hH3jJ4kK5lL6zZ7xX8cC9vV0bB1nN2mM3qW4eR5tT6yU7iI8oO9pP0aS1dF2gG3hH4jJ5kK6lL7zZ8xX9cC0vB1nN2mQ3wE4rR5tT6yY7uU8iI9oO0pP1aS2dF3gG4hH5jJ6kK7l4hH5jJ6kK7lL8zX9cV0bN1nM2qW3eR4tT5yU6iI7oO8pP9aS0dF1gG2hH3jJ4kK5lL6zZ7xX8cC9vV0bB1nN2mM3qW4eR5tT6yU7iI8oO9pP0aS1dF2gG3hH4jJ5kK6lL7zZ8xX9cC0vB1nN2mQ3wE4rR5tT6yY7uU8iI9oO0pP1aS2dF3gG4hH5jJ6kK7lL8zX9cV0bN1nM2qW3eR4tT5yU6iI7oO8pP9aS0dF1gG2hH3jJ4kK5lL6zZ7xX8cC9vV0bB1nN2mM3qW4eR5tT6yU7iI8oO9pP0aS1dF2gG3hH4jJ5kK6lL7zZ8xX9cC0vB1nN2mQ3wE4rR5tT6yY7uU8iI9oO0pP1aS2dF3gG4hH5jJ6kK7l4hH5jJ6kK7lL8zX9cV0bN1nM2qW3eR4tT5yU6iI7oO8pP9aS0dF1gG2hH3jJ4kK5lL6zZ7xX8cC9vV0bB1nN2mM3qW4eR5tT6yU7iI8oO9pP0aS1dF2gG3hH4jJ5kK6lL7zZ8xX9cC0vB1nN2mQ3wE4rR5tT6yY7uU8iI9oO0pP1aS2dF3gG4hH5jJ6kK7lL8zX9cV0bN1nM2qW3eR4tT5yU6iI7oO8pP9aS0dF1gG2hH3jJ4kK5lL6zZ7xX8cC9vV0bB1nN2mM3qW4eR5tT6yU7iI8oO9pP0aS1dF2gG3hH4jJ5kK6lL7zZ8xX9cC0vB1nN2mQ3wE4rR5tT6yY7uU8iI9oO0pP1aS2dF3gG4hH5jJ6kK7l4hH5jJ6kK7lL8zX9cV0bN1nM2qW3eR4tT5yU6iI7oO8pP9aS0dF1gG2hH3jJ4kK5lL6zZ7xX8cC9vV0bB1nN2mM3qW4eR5tT6yU7iI8oO9pP0aS1dF2gG3hH4jJ5kK6lL7zZ8xX9cC0vB1nN2mQ3wE4rR5tT6yY7uU8iI9oO0pP1aS2dF3gG4hH5jJ6kK7lL8zX9cV0bN1nM2qW3eR4tT5yU6iI7oO8pP9aS0dF1gG2hH3jJ4kK5lL6zZ7xX8cC9vV0bB1nN2mM3qW4eR5tT6yU7iI8oO9pP0aS1dF2gG3hH4jJ5kK6lL7zZ8xX9cC0vB1nN2mQ3wE4rR5tT6yY7uU8iI9oO0pP1aS2dF3gG4hH5jJ6kK7l4hH5jJ6kK7lL8zX9cV0bN1nM2qW3eR4tT5yU6iI7oO8pP9aS0dF1gG2hH3jJ4kK5lL6zZ7xX8cC9vV0bB1nN2mM3qW4eR5tT6yU7iI8oO9pP0aS1dF2gG3hH4jJ5kK6lL7zZ8xX9cC0vB1nN2mQ3wE4rR5tT6yY7uU8iI9oO0pP1aS2dF3gG4hH5jJ6kK7lL8zX9cV0bN1nM2qW3eR4tT5yU6iI7oO8pP9aS0dF1gG2hH3jJ4kK5lL6zZ7xX8cC9vV0bB1nN2mM3qW4eR5tT6yU7iI8oO9pP0aS1dF2gG3hH4jJ5kK6lL7zZ8xX9cC0vB1nN2mQ3wE4rR5tT6yY7uU8iI9oO0pP1aS2dF3gG4hH5jJ6kK7l4hH5jJ6kK7lL8zX9cV0bN1nM2qW3eR4tT5yU6iI7oO8pP9aS0dF1gG2hH3jJ4kK5lL6z7nB9vR2mX8kLp4QjW3tY5zH1aG6sF9dD0fS8gA7hJ6kL5mN4bV3vC2xZ1oP9iU8uY7tT6rR5eE4wW3qQ2aZ1sX2dC3fV4gB5hN6jM7kL8pO9iU0yT1rE2wQ3aS4dF5gG6hH7jJ8kK9lL0zZ1xX2cC3vV4bB5nN6mM7qQ8wW9eE0rR1tT2yY3uU4iI5oO6pP7aA8sS9dD0fF1gG2hH3jJ4kK5lL6zZ7xX8cC9vV0bB1nN2mM3qW4eR5tT6yU7iI8oO9pP0aS1dF2gG3hH4jJ5kK6lL7zZ8xX9cC0vB1nN2mQ3wE4rR5tT6yY7uU8iI9oO0pP1aS2dF3gG4hH5jJ6kK7lL8zX9cV0bN1nM2qW3eR4tT5yU6iI7oO8pP9aS0dF1gG2hH3jJ4kK5lL6zZ7xX8cC9vV0bB1nN2mM3qW4eR5tT6yU7iI8oO9pP0aS1dF2gG3hH4jJ5kK6lL7zZ8xX9cC0vB1nN2mQ3wE4rR5tT6yY7uU8iI9oO0pP1aS2dF3gG4hH5jJ6kK7lL8zX9cV0bN1nM2qW3eR4tT5yU6iI7oO8pP9aS0dF1gG2hH3jJ4kK5lL6zZ7xX8cC9vV0bB1nN2mM3qW4eR5tT6yU7iI8oO9pP0aS1dF2gG3hH4jJ5kK6lL7zZ8xX9cC0vB1nN2mQ3wE4rR5tT6yY7uU8iI9oO0pP1aS2dF3gG4hH5jJ6kK7lL8zX9cV0bN1nM2qW3eR4tT5yU6iI7oO8pP9aS0dF1gG2hH3jJ4kK5lL6zZ7xX8cC9vV0bB1nN2mM3qW4eR5tT6yU7iI8oO9pP0aS1dF2gG3hH4jJ5kK6lL7zZ8xX9cC0vB1nN2mQ3wE4rR5tT6yY7uU8iI9oO0pP1aS2dF3gG4hH5jJ6kK7lL8zX9cV0bN1nM2qW3eR4tT5yU6iI7oO8pP9aS0dF1gG2hH3jJ4kK5lL6zZ7xX8cC9vV0bB1nN2mM3qW4eR5tT6yU7iI8oO9pP0aS1dF2gG3hH4jJ5kK6lL7zZ8xX9cC0vB1nN2mQ3wE4rR5tT6yY7uU8iI9oO0pP1aS2dF3gG4hH5jJ6kK7l4hH5jJ6kK7lL8zX9cV0bN1nM2qW3eR4tT5yU6iI7oO8pP9aS0dF1gG2hH3jJ4kK5lL6zZ7xX8cC9vV0bB1nN2mM3qW4eR5tT6yU7iI8oO9pP0aS1dF2gG3hH4jJ5kK6lL7zZ8xX9cC0vB1nN2mQ3wE4rR5tT6yY7uU8iI9oO0pP1aS2dF3gG4hH5jJ6kK7lL8zX9cV0bN1nM2qW3eR4tT5yU6iI7oO8pP9aS0dF1gG2hH3jJ4kK5lL6zZ7xX8cC9vV0bB1nN2mM3qW4eR5tT6yU7iI8oO9pP0aS1dF2gG3hH4jJ5kK6lL7zZ8xX9cC0vB1nN2mQ3wE4rR5tT6yY7uU8iI9oO0pP1aS2dF3gG4hH5jJ6kK7l4hH5jJ6kK7lL8zX9cV0bN1nM2qW3eR4tT5yU6iI7oO8pP9aS0dF1gG2hH3jJ4kK5lL6zZ7xX8cC9vV0bB1nN2mM3qW4eR5tT6yU7iI8oO9pP0aS1dF2gG3hH4jJ5kK6lL7zZ8xX9cC0vB1nN2mQ3wE4rR5tT6yY7uU8iI9oO0pP1aS2dF3gG4hH5jJ6kK7lL8zX9cV0bN1nM2qW3eR4tT5yU6iI7oO8pP9aS0dF1gG2hH3jJ4kK5lL6zZ7xX8cC9vV0bB1nN2mM3qW4eR5tT6yU7iI8oO9pP0aS1dF2gG3hH4jJ5kK6lL7zZ8xX9cC0vB1nN2mQ3wE4rR5tT6yY7uU8iI9oO0pP1aS2dF3gG4hH5jJ6kK7l4hH5jJ6kK7lL8zX9cV0bN1nM2qW3eR4tT5yU6iI7oO8pP9aS0dF1gG2hH3jJ4kK5lL6zZ7xX8cC9vV0bB1nN2mM3qW4eR5tT6yU7iI8oO9pP0aS1dF2gG3hH4jJ5kK6lL7zZ8xX9cC0vB1nN2mQ3wE4rR5tT6yY7uU8iI9oO0pP1aS2dF3gG4hH5jJ6kK7lL8zX9cV0bN1nM2qW3eR4tT5yU6iI7oO8pP9aS0dF1gG2hH3jJ4kK5lL6zZ7xX8cC9vV0bB1nN2mM3qW4eR5tT6yU7iI8oO9pP0aS1dF2gG3hH4jJ5kK6lL7zZ8xX9cC0vB1nN2mQ3wE4rR5tT6yY7uU8iI9oO0pP1aS2dF3gG4hH5jJ6kK7l4hH5jJ6kK7lL8zX9cV0bN1nM2qW3eR4tT5yU6iI7oO8pP9aS0dF1gG2hH3jJ4kK5lL6zZ7xX8cC9vV0bB1nN2mM3qW4eR5tT6yU7iI8oO9pP0aS1dF2gG3hH4jJ5kK6lL7zZ8xX9cC0vB1nN2mQ3wE4rR5tT6yY7uU8iI9oO0pP1aS2dF3gG4hH5jJ6kK7lL8zX9cV0bN1nM2qW3eR4tT5yU6iI7oO8pP9aS0dF1gG2hH3jJ4kK5lL6zZ7xX8cC9vV0bB1nN2mM3qW4eR5tT6yU7iI8oO9pP0aS1dF2gG3hH4jJ5kK6lL7zZ8xX9cC0vB1nN2mQ3wE4rR5tT6yY7uU8iI9oO0pP1aS2dF3gG4hH5jJ6kK7l4hH5jJ6kK7lL8zX9cV0bN1nM2qW3eR4tT5yU6iI7oO8pP9aS0dF1gG2hH3jJ4kK5lL6zZ7xX8cC9vV0bB1nN2mM3qW4eR5tT6yU7iI8oO9pP0aS1dF2gG3hH4jJ5kK6lL7zZ8xX9cC0vB1nN2mQ3wE4rR5tT6yY7uU8iI9oO0pP1aS2dF3gG4hH5jJ6kK7lL8zX9cV0bN1nM2qW3eR4tT5yU6iI7oO8pP9aS0dF1gG2hH3jJ4kK5lL6zZ7xX8cC9vV0bB1nN2mM3qW4eR5tT6yU7iI8oO9pP0aS1dF2gG3hH4jJ5kK6lL7zZ8xX9cC0vB1nN2mQ3wE4rR5tT6yY7uU8iI9oO0pP1aS2dF3gG4hH5jJ6kK7l4hH5jJ6kK7lL8zX9cV0bN1nM2qW3eR4tT5yU6iI7oO8pP9aS0dF1gG2hH3jJ4kK5lL6zZ7xX8cC9vV0bB1nN2mM3qW4eR5tT6yU7iI8oO9pP0aS1dF2gG3hH4jJ5kK6lL7zZ8xX9cC0vB1nN2mQ3wE4rR5tT6yY7uU8iI9oO0pP1aS2dF3gG4hH5jJ6kK7lL8zX9cV0bN1nM2qW3eR4tT5yU6iI7oO8pP9aS0dF1gG2hH3jJ4kK5lL6zZ7xX8cC9vV0bB1nN2mM3qW4eR5tT6yU7iI8oO9pP0aS1dF2gG3hH4jJ5kK6lL7zZ8xX9cC0vB1nN2mQ3wE4rR5tT6yY7uU8iI9oO0pP1aS2dF3gG4hH5jJ6kK7l4hH5jJ6kK7lL8zX9cV0bN1nM2qW3eR4tT5yU6iI7oO8pP9aS0dF1gG2hH3jJ4kK5lL6zZ7xX8cC9vV0bB1nN2mM3qW4eR5tT6yU7iI8oO9pP0aS1dF2gG3hH4jJ5kK6lL7zZ8xX9cC0vB1nN2mQ3wE4rR5tT6yY7uU8iI9oO0pP1aS2dF3gG4hH5jJ6kK7lL8zX9cV0bN1nM2qW3eR4tT5yU6iI7oO8pP9aS0dF1gG2hH3jJ4kK5lL6zZ7xX8cC9vV0bB1nN2mM3qW4eR5tT6yU7iI8oO9pP0aS1dF2gG3hH4jJ5kK6lL7zZ8xX9cC0vB1nN2mQ3wE4rR5tT6yY7uU8iI9oO0pP1aS2dF3gG4hH5jJ6kK7l4hH5jJ6kK7lL8zX9cV0bN1nM2qW3eR4tT5yU6iI7oO8pP9aS0dF1gG2hH3jJ4kK5lL6z7nB9vR2mX8kLp4QjW3tY5zH1aG6sF9dD0fS8gA7hJ6kL5mN4bV3vC2xZ1oP9iU8uY7tT6rR5eE4wW3qQ2aZ1sX2dC3fV4gB5hN6jM7kL8pO9iU0yT1rE2wQ3aS4dF5gG6hH7jJ8kK9lL0zZ1xX2cC3vV4bB5nN6mM7qQ8wW9eE0rR1tT2yY3uU4iI5oO6pP7aA8sS9dD0fF1gG2hH3jJ4kK5lL6zZ7xX8cC9vV0bB1nN2mM3qW4eR5tT6yU7iI8oO9pP0aS1dF2gG3hH4jJ5kK6lL7zZ8xX9cC0vB1nN2mQ3wE4rR5tT6yY7uU8iI9oO0pP1aS2dF3gG4hH5jJ6kK7lL8zX9cV0bN1nM2qW3eR4tT5yU6iI7oO8pP9aS0dF1gG2hH3jJ4kK5lL6zZ7xX8cC9vV0bB1nN2mM3qW4eR5tT6yU7iI8oO9pP0aS1dF2gG3hH4jJ5kK6lL7zZ8xX9cC0vB1nN2mQ3wE4rR5tT6yY7uU8iI9oO0pP1aS2dF3gG4hH5jJ6kK7lL8zX9cV0bN1nM2qW3eR4tT5yU6iI7oO8pP9aS0dF1gG2hH3jJ4kK5lL6zZ7xX8cC9vV0bB1nN2mM3qW4eR5tT6yU7iI8oO9pP0aS1dF2gG3hH4jJ5kK6lL7zZ8xX9cC0vB1nN2mQ3wE4rR5tT6yY7uU8iI9oO0pP1aS2dF3gG4hH5jJ6kK7lL8zX9cV0bN1nM2qW3eR4tT5yU6iI7oO8pP9aS0dF1gG2hH3jJ4kK5lL6zZ7xX8cC9vV0bB1nN2mM3qW4eR5tT6yU7iI8oO9pP0aS1dF2gG3hH4jJ5kK6lL7zZ8xX9cC0vB1nN2mQ3wE4rR5tT6yY7uU8iI9oO0pP1aS2dF3gG4hH5jJ6kK7lL8zX9cV0bN1nM2qW3eR4tT5yU6iI7oO8pP9aS0dF1gG2hH3jJ4kK5lL6zZ7xX8cC9vV0bB1nN2mM3qW4eR5tT6yU7iI8oO9pP0aS1dF2gG3hH4jJ5kK6lL7zZ8xX9cC0vB1nN2mQ3wE4rR5tT6yY7uU8iI9oO0pP1aS2dF3gG4hH5jJ6kK7l4hH5jJ6kK7lL8zX9cV0bN1nM2qW3eR4tT5yU6iI7oO8pP9aS0dF1gG2hH3jJ4kK5lL6zZ7xX8cC9vV0bB1nN2mM3qW4eR5tT6yU7iI8oO9pP0aS1dF2gG3hH4jJ5kK6lL7zZ8xX9cC0vB1nN2mQ3wE4rR5tT6yY7uU8iI9oO0pP1aS2dF3gG4hH5jJ6kK7lL8zX9cV0bN1nM2qW3eR4tT5yU6iI7oO8pP9aS0dF1gG2hH3jJ4kK5lL6zZ7xX8cC9vV0bB1nN2mM3qW4eR5tT6yU7iI8oO9pP0aS1dF2gG3hH4jJ5kK6lL7zZ8xX9cC0vB1nN2mQ3wE4rR5tT6yY7uU8iI9oO0pP1aS2dF3gG4hH5jJ6kK7l4hH5jJ6kK7lL8zX9cV0bN1nM2qW3eR4tT5yU6iI7oO8pP9aS0dF1gG2hH3jJ4kK5lL6zZ7xX8cC9vV0bB1nN2mM3qW4eR5tT6yU7iI8oO9pP0aS1dF2gG3hH4jJ5kK6lL7zZ8xX9cC0vB1nN2mQ3wE4rR5tT6yY7uU8iI9oO0pP1aS2dF3gG4hH5jJ6kK7lL8zX9cV0bN1nM2qW3eR4tT5yU6iI7oO8pP9aS0dF1gG2hH3jJ4kK5lL6zZ7xX8cC9vV0bB1nN2mM3qW4eR5tT6yU7iI8oO9pP0aS1dF2gG3hH4jJ5kK6lL7zZ8xX9cC0vB1nN2mQ3wE4rR5tT6yY7uU8iI9oO0pP1aS2dF3gG4hH5jJ6kK7l4hH5jJ6kK7lL8zX9cV0bN1nM2qW3eR4tT5yU6iI7oO8pP9aS0dF1gG2hH3jJ4kK5lL6zZ7xX8cC9vV0bB1nN2mM3qW4eR5tT6yU7iI8oO9pP0aS1dF2gG3hH4jJ5kK6lL7zZ8xX9cC0vB1nN2mQ3wE4rR5tT6yY7uU8iI9oO0pP1aS2dF3gG4hH5jJ6kK7lL8zX9cV0bN1nM2qW3eR4tT5yU6iI7oO8pP9aS0dF1gG2hH3jJ4kK5lL6zZ7xX8cC9vV0bB1nN2mM3qW4eR5tT6yU7iI8oO9pP0aS1dF2gG3hH4jJ5kK6lL7zZ8xX9cC0vB1nN2mQ3wE4rR5tT6yY7uU8iI9oO0pP1aS2dF3gG4hH5jJ6kK7l4hH5jJ6kK7lL8zX9cV0bN1nM2qW3eR4tT5yU6iI7oO8pP9aS0dF1gG2hH3jJ4kK5lL6zZ7xX8cC9vV0bB1nN2mM3qW4eR5tT6yU7iI8oO9pP0aS1dF2gG3hH4jJ5kK6lL7zZ8xX9cC0vB1nN2mQ3wE4rR5tT6yY7uU8iI9oO0pP1aS2dF3gG4hH5jJ6kK7lL8zX9cV0bN1nM2qW3eR4tT5yU6iI7oO8pP9aS0dF1gG2hH3jJ4kK5lL6zZ7xX8cC9vV0bB1nN2mM3qW4eR5tT6yU7iI8oO9pP0aS1dF2gG3hH4jJ5kK6lL7zZ8xX9cC0vB1nN2mQ3wE4rR5tT6yY7uU8iI9oO0pP1aS2dF3gG4hH5jJ6kK7l4hH5jJ6kK7lL8zX9cV0bN1nM2qW3eR4tT5yU6iI7oO8pP9aS0dF1gG2hH3jJ4kK5lL6zZ7xX8cC9vV0bB1nN2mM3qW4eR5tT6yU7iI8oO9pP0aS1dF2gG3hH4jJ5kK6lL7zZ8xX9cC0vB1nN2mQ3wE4rR5tT6yY7uU8iI9oO0pP1aS2dF3gG4hH5jJ6kK7lL8zX9cV0bN1nM2qW3eR4tT5yU6iI7oO8pP9aS0dF1gG2hH3jJ4kK5lL6zZ7xX8cC9vV0bB1nN2mM3qW4eR5tT6yU7iI8oO9pP0aS1dF2gG3hH4jJ5kK6lL7zZ8xX9cC0vB1nN2mQ3wE4rR5tT6yY7uU8iI9oO0pP1aS2dF3gG4hH5jJ6kK7l4hH5jJ6kK7lL8zX9cV0bN1nM2qW3eR4tT5yU6iI7oO8pP9aS0dF1gG2hH3jJ4kK5lL6zZ7xX8cC9vV0bB1nN2mM3qW4eR5tT6yU7iI8oO9pP0aS1dF2gG3hH4jJ5kK6lL7zZ8xX9cC0vB1nN2mQ3wE4rR5tT6yY7uU8iI9oO0pP1aS2dF3gG4hH5jJ6kK7lL8zX9cV0bN1nM2qW3eR4tT5yU6iI7oO8pP9aS0dF1gG2hH3jJ4kK5lL6zZ7xX8cC9vV0bB1nN2mM3qW4eR5tT6yU7iI8oO9pP0aS1dF2gG3hH4jJ5kK6lL7zZ8xX9cC0vB1nN2mQ3wE4rR5tT6yY7uU8iI9oO0pP1aS2dF3gG4hH5jJ6kK7l4hH5jJ6kK7lL8zX9cV0bN1nM2qW3eR4tT5yU6iI7oO8pP9aS0dF1gG2hH3jJ4kK5lL6zZ7xX8cC9vV0bB1nN2mM3qW4eR5tT6yU7iI8oO9pP0aS1dF2gG3hH4jJ5kK6lL7zZ8xX9cC0vB1nN2mQ3wE4rR5tT6yY7uU8iI9oO0pP1aS2dF3gG4hH5jJ6kK7lL8zX9cV0bN1nM2qW3eR4tT5yU6iI7oO8pP9aS0dF1gG2hH3jJ4kK5lL6zZ7xX8cC9vV0bB1nN2mM3qW4eR5tT6yU7iI8oO9pP0aS1dF2gG3hH4jJ5kK6lL7zZ8xX9cC0vB1nN2mQ3wE4rR5tT6yY7uU8iI9oO0pP1aS2dF3gG4hH5jJ6kK7l4hH5jJ6kK7lL8zX9cV0bN1nM2qW3eR4tT5yU6iI7oO8pP9aS0dF1gG2hH3jJ4kK5lL6z7nB9vR2mX8kLp4QjW3tY5zH1aG6sF9dD0fS8gA7hJ6kL5mN4bV3vC2xZ1oP9iU8uY7tT6rR5eE4wW3qQ2aZ1sX2dC3fV4gB5hN6jM7kL8pO9iU0yT1rE2wQ3aS4dF5gG6hH7jJ8kK9lL0zZ1xX2cC3vV4bB5nN6mM7qQ8wW9eE0rR1tT2yY3uU4iI5oO6pP7aA8sS9dD0fF1gG2hH3jJ4kK5lL6zZ7xX8cC9vV0bB1nN2mM3qW4eR5tT6yU7iI8oO9pP0aS1dF2gG3hH4jJ5kK6lL7zZ8xX9cC0vB1nN2mQ3wE4rR5tT6yY7uU8iI9oO0pP1aS2dF3gG4hH5jJ6kK7lL8zX9cV0bN1nM2qW3eR4tT5yU6iI7oO8pP9aS0dF1gG2hH3jJ4kK5lL6zZ7xX8cC9vV0bB1nN2mM3qW4eR5tT6yU7iI8oO9pP0aS1dF2gG3hH4jJ5kK6lL7zZ8xX9cC0vB1nN2mQ3wE4rR5tT6yY7uU8iI9oO0pP1aS2dF3gG4hH5jJ6kK7lL8zX9cV0bN1nM2qW3eR4tT5yU6iI7oO8pP9aS0dF1gG2hH3jJ4kK5lL6zZ7xX8cC9vV0bB1nN2mM3qW4eR5tT6yU7iI8oO9pP0aS1dF2gG3hH4jJ5kK6lL7zZ8xX9cC0vB1nN2mQ3wE4rR5tT6yY7uU8iI9oO0pP1aS2dF3gG4hH5jJ6kK7lL8zX9cV0bN1nM2qW3eR4tT5yU6iI7oO8pP9aS0dF1gG2hH3jJ4kK5lL6zZ7xX8cC9vV0bB1nN2mM3qW4eR5tT6yU7iI8oO9pP0aS1dF2gG3hH4jJ5kK6lL7zZ8xX9cC0vB1nN2mQ3wE4rR5tT6yY7uU8iI9oO0pP1aS2dF3gG4hH5jJ6kK7lL8zX9cV0bN1nM2qW3eR4tT5yU6iI7oO8pP9aS0dF1gG2hH3jJ4kK5lL6zZ7xX8cC9vV0bB1nN2mM3qW4eR5tT6yU7iI8oO9pP0aS1dF2gG3hH4jJ5kK6lL7zZ8xX9cC0vB1nN2mQ3wE4rR5tT6yY7uU8iI9oO0pP1aS2dF3gG4hH5jJ6kK7l4hH5jJ6kK7lL8zX9cV0bN1nM2qW3eR4tT5yU6iI7oO8pP9aS0dF1gG2hH3jJ4kK5lL6zZ7xX8cC9vV0bB1nN2mM3qW4eR5tT6yU7iI8oO9pP0aS1dF2gG3hH4jJ5kK6lL7zZ8xX9cC0vB1nN2mQ3wE4rR5tT6yY7uU8iI9oO0pP1aS2dF3gG4hH5jJ6kK7lL8zX9cV0bN1nM2qW3eR4tT5yU6iI7oO8pP9aS0dF1gG2hH3jJ4kK5lL6zZ7xX8cC9vV0bB1nN2mM3qW4eR5tT6yU7iI8oO9pP0aS1dF2gG3hH4jJ5kK6lL7zZ8xX9cC0vB1nN2mQ3wE4rR5tT6yY7uU8iI9oO0pP1aS2dF3gG4hH5jJ6kK7l4hH5jJ6kK7lL8zX9cV0bN1nM2qW3eR4tT5yU6iI7oO8pP9aS0dF1gG2hH3jJ4kK5lL6zZ7xX8cC9vV0bB1nN2mM3qW4eR5tT6yU7iI8oO9pP0aS1dF2gG3hH4jJ5kK6lL7zZ8xX9cC0vB1nN2mQ3wE4rR5tT6yY7uU8iI9oO0pP1aS2dF3gG4hH5jJ6kK7lL8zX9cV0bN1nM2qW3eR4tT5yU6iI7oO8pP9aS0dF1gG2hH3jJ4kK5lL6zZ7xX8cC9vV0bB1nN2mM3qW4eR5tT6yU7iI8oO9pP0aS1dF2gG3hH4jJ5kK6lL7zZ8xX9cC0vB1nN2mQ3wE4rR5tT6yY7uU8iI9oO0pP1aS2dF3gG4hH5jJ6kK7l4hH5jJ6kK7lL8zX9cV0bN1nM2qW3eR4tT5yU6iI7oO8pP9aS0dF1gG2hH3jJ4kK5lL6zZ7xX8cC9vV0bB1nN2mM3qW4eR5tT6yU7iI8oO9pP0aS1dF2gG3hH4jJ5kK6lL7zZ8xX9cC0vB1nN2mQ3wE4rR5tT6yY7uU8iI9oO0pP1aS2dF3gG4hH5jJ6kK7lL8zX9cV0bN1nM2qW3eR4tT5yU6iI7oO8pP9aS0dF1gG2hH3jJ4kK5lL6zZ7xX8cC9vV0bB1nN2mM3qW4eR5tT6yU7iI8oO9pP0aS1dF2gG3hH4jJ5kK6lL7zZ8xX9cC0vB1nN2mQ3wE4rR5tT6yY7uU8iI9oO0pP1aS2dF3gG4hH5jJ6kK7l4hH5jJ6kK7lL8zX9cV0bN1nM2qW3eR4tT5yU6iI7oO8pP9aS0dF1gG2hH3jJ4kK5lL6zZ7xX8cC9vV0bB1nN2mM3qW4eR5tT6yU7iI8oO9pP0aS1dF2gG3hH4jJ5kK6lL7zZ8xX9cC0vB1nN2mQ3wE4rR5tT6yY7uU8iI9oO0pP1aS2dF3gG4hH5jJ6kK7lL8zX9cV0bN1nM2qW3eR4tT5yU6iI7oO8pP9aS0dF1gG2hH3jJ4kK5lL6zZ7xX8cC9vV0bB1nN2mM3qW4eR5tT6yU7iI8oO9pP0aS1dF2gG3hH4jJ5kK6lL7zZ8xX9cC0vB1nN2mQ3wE4rR5tT6yY7uU8iI9oO0pP1aS2dF3gG4hH5jJ6kK7l4hH5jJ6kK7lL8zX9cV0bN1nM2qW3eR4tT5yU6iI7oO8pP9aS0dF1gG2hH3jJ4kK5lL6zZ7xX8cC9vV0bB1nN2mM3qW4eR5tT6yU7iI8oO9pP0aS1dF2gG3hH4jJ5kK6lL7zZ8xX9cC0vB1nN2mQ3wE4rR5tT6yY7uU8iI9oO0pP1aS2dF3gG4hH5jJ6kK7lL8zX9cV0bN1nM2qW3eR4tT5yU6iI7oO8pP9aS0dF1gG2hH3jJ4kK5lL6zZ7xX8cC9vV0bB1nN2mM3qW4eR5tT6yU7iI8oO9pP0aS1dF2gG3hH4jJ5kK6lL7zZ8xX9cC0vB1nN2mQ3wE4rR5tT6yY7uU8iI9oO0pP1aS2dF3gG4hH5jJ6kK7l4hH5jJ6kK7lL8zX9cV0bN1nM2qW3eR4tT5yU6iI7oO8pP9aS0dF1gG2hH3jJ4kK5lL6zZ7xX8cC9vV0bB1nN2mM3qW4eR5tT6yU7iI8oO9pP0aS1dF2gG3hH4jJ5kK6lL7zZ8xX9cC0vB1nN2mQ3wE4rR5tT6yY7uU8iI9oO0pP1aS2dF3gG4hH5jJ6kK7lL8zX9cV0bN1nM2qW3eR4tT5yU6iI7oO8pP9aS0dF1gG2hH3jJ4kK5lL6zZ7xX8cC9vV0bB1nN2mM3qW4eR5tT6yU7iI8oO9pP0aS1dF2gG3hH4jJ5kK6lL7zZ8xX9cC0vB1nN2mQ3wE4rR5tT6yY7uU8iI9oO0pP1aS2dF3gG4hH5jJ6kK7l4hH5jJ6kK7lL8zX9cV0bN1nM2qW3eR4tT5yU6iI7oO8pP9aS0dF1gG2hH3jJ4kK5lL6zZ7xX8cC9vV0bB1nN2mM3qW4eR5tT6yU7iI8oO9pP0aS1dF2gG3hH4jJ5kK6lL7zZ8xX9cC0vB1nN2mQ3wE4rR5tT6yY7uU8iI9oO0pP1aS2dF3gG4hH5jJ6kK7lL8zX9cV0bN1nM2qW3eR4tT5yU6iI7oO8pP9aS0dF1gG2hH3jJ4kK5lL6zZ7xX8cC9vV0bB1nN2mM3qW4eR5tT6yU7iI8oO9pP0aS1dF2gG3hH4jJ5kK6lL7zZ8xX9cC0vB1nN2mQ3wE4rR5tT6yY7uU8iI9oO0pP1aS2dF3gG4hH5jJ6kK7l4hH5jJ6kK7lL8zX9cV0bN1nM2qW3eR4tT5yU6iI7oO8pP9aS0dF1gG2hH3jJ4kK5lL6z7nB9vR2mX8kLp4QjW3tY5zH1aG6sF9dD0fS8gA7hJ6kL5mN4bV3vC2xZ1oP9iU8uY7tT6rR5eE4wW3qQ2aZ1sX2dC3fV4gB5hN6jM7kL8pO9iU0yT1rE2wQ3aS4dF5gG6hH7jJ8kK9lL0zZ1xX2cC3vV4bB5nN6mM7qQ8wW9eE0rR1tT2yY3uU4iI5oO6pP7aA8sS9dD0fF1gG2hH3jJ4kK5lL6zZ7xX8cC9vV0bB1nN2mM3qW4eR5tT6yU7iI8oO9pP0aS1dF2gG3hH4jJ5kK6lL7zZ8xX9cC0vB1nN2mQ3wE4rR5tT6yY7uU8iI9oO0pP1aS2dF3gG4hH5jJ6kK7lL8zX9cV0bN1nM2qW3eR4tT5yU6iI7oO8pP9aS0dF1gG2hH3jJ4kK5lL6zZ7xX8cC9vV0bB1nN2mM3qW4eR5tT6yU7iI8oO9pP0aS1dF2gG3hH4jJ5kK6lL7zZ8xX9cC0vB1nN2mQ3wE4rR5tT6yY7uU8iI9oO0pP1aS2dF3gG4hH5jJ6kK7lL8zX9cV0bN1nM2qW3eR4tT5yU6iI7oO8pP9aS0dF1gG2hH3jJ4kK5lL6zZ7xX8cC9vV0bB1nN2mM3qW4eR5tT6yU7iI8oO9pP0aS1dF2gG3hH4jJ5kK6lL7zZ8xX9cC0vB1nN2mQ3wE4rR5tT6yY7uU8iI9oO0pP1aS2dF3gG4hH5jJ6kK7lL8zX9cV0bN1nM2qW3eR4tT5yU6iI7oO8pP9aS0dF1gG2hH3jJ4kK5lL6zZ7xX8cC9vV0bB1nN2mM3qW4eR5tT6yU7iI8oO9pP0aS1dF2gG3hH4jJ5kK6lL7zZ8xX9cC0vB1nN2mQ3wE4rR5tT6yY7uU8iI9oO0pP1aS2dF3gG4hH5jJ6kK7lL8zX9cV0bN1nM2qW3eR4tT5yU6iI7oO8pP9aS0dF1gG2hH3jJ4kK5lL6zZ7xX8cC9vV0bB1nN2mM3qW4eR5tT6yU7iI8oO9pP0aS1dF2gG3hH4jJ5kK6lL7zZ8xX9cC0vB1nN2mQ3wE4rR5tT6yY7uU8iI9oO0pP1aS2dF3gG4hH5jJ6kK7l4hH5jJ6kK7lL8zX9cV0bN1nM2qW3eR4tT5yU6iI7oO8pP9aS0dF1gG2hH3jJ4kK5lL6zZ7xX8cC9vV0bB1nN2mM3qW4eR5tT6yU7iI8oO9pP0aS1dF2gG3hH4jJ5kK6lL7zZ8xX9cC0vB1nN2mQ3wE4rR5tT6yY7uU8iI9oO0pP1aS2dF3gG4hH5jJ6kK7lL8zX9cV0bN1nM2qW3eR4tT5yU6iI7oO8pP9aS0dF1gG2hH3jJ4kK5lL6zZ7xX8cC9vV0bB1nN2mM3qW4eR5tT6yU7iI8oO9pP0aS1dF2gG3hH4jJ5kK6lL7zZ8xX9cC0vB1nN2mQ3wE4rR5tT6yY7uU8iI9oO0pP1aS2dF3gG4hH5jJ6kK7l4hH5jJ6kK7lL8zX9cV0bN1nM2qW3eR4tT5yU6iI7oO8pP9aS0dF1gG2hH3jJ4kK5lL6zZ7xX8cC9vV0bB1nN2mM3qW4eR5tT6yU7iI8oO9pP0aS1dF2gG3hH4jJ5kK6lL7zZ8xX9cC0vB1nN2mQ3wE4rR5tT6yY7uU8iI9oO0pP1aS2dF3gG4hH5jJ6kK7lL8zX9cV0bN1nM2qW3eR4tT5yU6iI7oO8pP9aS0dF1gG2hH3jJ4kK5lL6zZ7xX8cC9vV0bB1nN2mM3qW4eR5tT6yU7iI8oO9pP0aS1dF2gG3hH4jJ5kK6lL7zZ8xX9cC0vB1nN2mQ3wE4rR5tT6yY7uU8iI9oO0pP1aS2dF3gG4hH5jJ6kK7l4hH5jJ6kK7lL8zX9cV0bN1nM2qW3eR4tT5yU6iI7oO8pP9aS0dF1gG2hH3jJ4kK5lL6zZ7xX8cC9vV0bB1nN2mM3qW4eR5tT6yU7iI8oO9pP0aS1dF2gG3hH4jJ5kK6lL7zZ8xX9cC0vB1nN2mQ3wE4rR5tT6yY7uU8iI9oO0pP1aS2dF3gG4hH5jJ6kK7lL8zX9cV0bN1nM2qW3eR4tT5yU6iI7oO8pP9aS0dF1gG2hH3jJ4kK5lL6zZ7xX8cC9vV0bB1nN2mM3qW4eR5tT6yU7iI8oO9pP0aS1dF2gG3hH4jJ5kK6lL7zZ8xX9cC0vB1nN2mQ3wE4rR5tT6yY7uU8iI9oO0pP1aS2dF3gG4hH5jJ6kK7l4hH5jJ6kK7lL8zX9cV0bN1nM2qW3eR4tT5yU6iI7oO8pP9aS0dF1gG2hH3jJ4kK5lL6zZ7xX8cC9vV0bB1nN2mM3qW4eR5tT6yU7iI8oO9pP0aS1dF2gG3hH4jJ5kK6lL7zZ8xX9cC0vB1nN2mQ3wE4rR5tT6yY7uU8iI9oO0pP1aS2dF3gG4hH5jJ6kK7lL8zX9cV0bN1nM2qW3eR4tT5yU6iI7oO8pP9aS0dF1gG2hH3jJ4kK5lL6zZ7xX8cC9vV0bB1nN2mM3qW4eR5tT6yU7iI8oO9pP0aS1dF2gG3hH4jJ5kK6lL7zZ8xX9cC0vB1nN2mQ3wE4rR5tT6yY7uU8iI9oO0pP1aS2dF3gG4hH5jJ6kK7l4hH5jJ6kK7lL8zX9cV0bN1nM2qW3eR4tT5yU6iI7oO8pP9aS0dF1gG2hH3jJ4kK5lL6zZ7xX8cC9vV0bB1nN2mM3qW4eR5tT6yU7iI8oO9pP0aS1dF2gG3hH4jJ5kK6lL7zZ8xX9cC0vB1nN2mQ3wE4rR5tT6yY7uU8iI9oO0pP1aS2dF3gG4hH5jJ6kK7lL8zX9cV0bN1nM2qW3eR4tT5yU6iI7oO8pP9aS0dF1gG2hH3jJ4kK5lL6zZ7xX8cC9vV0bB1nN2mM3qW4eR5tT6yU7iI8oO9pP0aS1dF2gG3hH4jJ5kK6lL7zZ8xX9cC0vB1nN2mQ3wE4rR5tT6yY7uU8iI9oO0pP1aS2dF3gG4hH5jJ6kK7l4hH5jJ6kK7lL8zX9cV0bN1nM2qW3eR4tT5yU6iI7oO8pP9aS0dF1gG2hH3jJ4kK5lL6zZ7xX8cC9vV0bB1nN2mM3qW4eR5tT6yU7iI8oO9pP0aS1dF2gG3hH4jJ5kK6lL7zZ8xX9cC0vB1nN2mQ3wE4rR5tT6yY7uU8iI9oO0pP1aS2dF3gG4hH5jJ6kK7lL8zX9cV0bN1nM2qW3eR4tT5yU6iI7oO8pP9aS0dF1gG2hH3jJ4kK5lL6zZ7xX8cC9vV0bB1nN2mM3qW4eR5tT6yU7iI8oO9pP0aS1dF2gG3hH4jJ5kK6lL7zZ8xX9cC0vB1nN2mQ3wE4rR5tT6yY7uU8iI9oO0pP1aS2dF3gG4hH5jJ6kK7l4hH5jJ6kK7lL8zX9cV0bN1nM2qW3eR4tT5yU6iI7oO8pP9aS0dF1gG2hH3jJ4kK5lL6zZ7xX8cC9vV0bB1nN2mM3qW4eR5tT6yU7iI8oO9pP0aS1dF2gG3hH4jJ5kK6lL7zZ8xX9cC0vB1nN2mQ3wE4rR5tT6yY7uU8iI9oO0pP1aS2dF3gG4hH5jJ6kK7lL8zX9cV0bN1nM2qW3eR4tT5yU6iI7oO8pP9aS0dF1gG2hH3jJ4kK5lL6zZ7xX8cC9vV0bB1nN2mM3qW4eR5tT6yU7iI8oO9pP0aS1dF2gG3hH4jJ5kK6lL7zZ8xX9cC0vB1nN2mQ3wE4rR5tT6yY7uU8iI9oO0pP1aS2dF3gG4hH5jJ6kK7l4hH5jJ6kK7lL8zX9cV0bN1nM2qW3eR4tT5yU6iI7oO8pP9aS0dF1gG2hH3jJ4kK5lL6z7nB9vR2mX8kLp4QjW3tY5zH1aG6sF9dD0fS8gA7hJ6kL5mN4bV3vC2xZ1oP9iU8uY7tT6rR5eE4wW3qQ2aZ1sX2dC3fV4gB5hN6jM7kL8pO9iU0yT1rE2wQ3aS4dF5gG6hH7jJ8kK9lL0zZ1xX2cC3vV4bB5nN6mM7qQ8wW9eE0rR1tT2yY3uU4iI5oO6pP7aA8sS9dD0fF1gG2hH3jJ4kK5lL6zZ7xX8cC9vV0bB1nN2mM3qW4eR5tT6yU7iI8oO9pP0aS1dF2gG3hH4jJ5kK6lL7zZ8xX9cC0vB1nN2mQ3wE4rR5tT6yY7uU8iI9oO0pP1aS2dF3gG4hH5jJ6kK7lL8zX9cV0bN1nM2qW3eR4tT5yU6iI7oO8pP9aS0dF1gG2hH3jJ4kK5lL6zZ7xX8cC9vV0bB1nN2mM3qW4eR5tT6yU7iI8oO9pP0aS1dF2gG3hH4jJ5kK6lL7zZ8xX9cC0vB1nN2mQ3wE4rR5tT6yY7uU8iI9oO0pP1aS2dF3gG4hH5jJ6kK7lL8zX9cV0bN1nM2qW3eR4tT5yU6iI7oO8pP9aS0dF1gG2hH3jJ4kK5lL6zZ7xX8cC9vV0bB1nN2mM3qW4eR5tT6yU7iI8oO9pP0aS1dF2gG3hH4jJ5kK6lL7zZ8xX9cC0vB1nN2mQ3wE4rR5tT6yY7uU8iI9oO0pP1aS2dF3gG4hH5jJ6kK7lL8zX9cV0bN1nM2qW3eR4tT5yU6iI7oO8pP9aS0dF1gG2hH3jJ4kK5lL6zZ7xX8cC9vV0bB1nN2mM3qW4eR5tT6yU7iI8oO9pP0aS1dF2gG3hH4jJ5kK6lL7zZ8xX9cC0vB1nN2mQ3wE4rR5tT6yY7uU8iI9oO0pP1aS2dF3gG4hH5jJ6kK7lL8zX9cV0bN1nM2qW3eR4tT5yU6iI7oO8pP9aS0dF1gG2hH3jJ4kK5lL6zZ7xX8cC9vV0bB1nN2mM3qW4eR5tT6yU7iI8oO9pP0aS1dF2gG3hH4jJ5kK6lL7zZ8xX9cC0vB1nN2mQ3wE4rR5tT6yY7uU8iI9oO0pP1aS2dF3gG4hH5jJ6kK7l4hH5jJ6kK7lL8zX9cV0bN1nM2qW3eR4tT5yU6iI7oO8pP9aS0dF1gG2hH3jJ4kK5lL6zZ7xX8cC9vV0bB1nN2mM3qW4eR5tT6yU7iI8oO9pP0aS1dF2gG3hH4jJ5kK6lL7zZ8xX9cC0vB1nN2mQ3wE4rR5tT6yY7uU8iI9oO0pP1aS2dF3gG4hH5jJ6kK7lL8zX9cV0bN1nM2qW3eR4tT5yU6iI7oO8pP9aS0dF1gG2hH3jJ4kK5lL6zZ7xX8cC9vV0bB1nN2mM3qW4eR5tT6yU7iI8oO9pP0aS1dF2gG3hH4jJ5kK6lL7zZ8xX9cC0vB1nN2mQ3wE4rR5tT6yY7uU8iI9oO0pP1aS2dF3gG4hH5jJ6kK7l4hH5jJ6kK7lL8zX9cV0bN1nM2qW3eR4tT5yU6iI7oO8pP9aS0dF1gG2hH3jJ4kK5lL6zZ7xX8cC9vV0bB1nN2mM3qW4eR5tT6yU7iI8oO9pP0aS1dF2gG3hH4jJ5kK6lL7zZ8xX9cC0vB1nN2mQ3wE4rR5tT6yY7uU8iI9oO0pP1aS2dF3gG4hH5jJ6kK7lL8zX9cV0bN1nM2qW3eR4tT5yU6iI7oO8pP9aS0dF1gG2hH3jJ4kK5lL6zZ7xX8cC9vV0bB1nN2mM3qW4eR5tT6yU7iI8oO9pP0aS1dF2gG3hH4jJ5kK6lL7zZ8xX9cC0vB1nN2mQ3wE4rR5tT6yY7uU8iI9oO0pP1aS2dF3gG4hH5jJ6kK7l4hH5jJ6kK7lL8zX9cV0bN1nM2qW3eR4tT5yU6iI7oO8pP9aS0dF1gG2hH3jJ4kK5lL6zZ7xX8cC9vV0bB1nN2mM3qW4eR5tT6yU7iI8oO9pP0aS1dF2gG3hH4jJ5kK6lL7zZ8xX9cC0vB1nN2mQ3wE4rR5tT6yY7uU8iI9oO0pP1aS2dF3gG4hH5jJ6kK7lL8zX9cV0bN1nM2qW3eR4tT5yU6iI7oO8pP9aS0dF1gG2hH3jJ4kK5lL6zZ7xX8cC9vV0bB1nN2mM3qW4eR5tT6yU7iI8oO9pP0aS1dF2gG3hH4jJ5kK6lL7zZ8xX9cC0vB1nN2mQ3wE4rR5tT6yY7uU8iI9oO0pP1aS2dF3gG4hH5jJ6kK7l4hH5jJ6kK7lL8zX9cV0bN1nM2qW3eR4tT5yU6iI7oO8pP9aS0dF1gG2hH3jJ4kK5lL6zZ7xX8cC9vV0bB1nN2mM3qW4eR5tT6yU7iI8oO9pP0aS1dF2gG3hH4jJ5kK6lL7zZ8xX9cC0vB1nN2mQ3wE4rR5tT6yY7uU8iI9oO0pP1aS2dF3gG4hH5jJ6kK7lL8zX9cV0bN1nM2qW3eR4tT5yU6iI7oO8pP9aS0dF1gG2hH3jJ4kK5lL6zZ7xX8cC9vV0bB1nN2mM3qW4eR5tT6yU7iI8oO9pP0aS1dF2gG3hH4jJ5kK6lL7zZ8xX9cC0vB1nN2mQ3wE4rR5tT6yY7uU8iI9oO0pP1aS2dF3gG4hH5jJ6kK7l4hH5jJ6kK7lL8zX9cV0bN1nM2qW3eR4tT5yU6iI7oO8pP9aS0dF1gG2hH3jJ4kK5lL6zZ7xX8cC9vV0bB1nN2mM3qW4eR5tT6yU7iI8oO9pP0aS1dF2gG3hH4jJ5kK6lL7zZ8xX9cC0vB1nN2mQ3wE4rR5tT6yY7uU8iI9oO0pP1aS2dF3gG4hH5jJ6kK7lL8zX9cV0bN1nM2qW3eR4tT5yU6iI7oO8pP9aS0dF1gG2hH3jJ4kK5lL6zZ7xX8cC9vV0bB1nN2mM3qW4eR5tT6yU7iI8oO9pP0aS1dF2gG3hH4jJ5kK6lL7zZ8xX9cC0vB1nN2mQ3wE4rR5tT6yY7uU8iI9oO0pP1aS2dF3gG4hH5jJ6kK7l4hH5jJ6kK7lL8zX9cV0bN1nM2qW3eR4tT5yU6iI7oO8pP9aS0dF1gG2hH3jJ4kK5lL6zZ7xX8cC9vV0bB1nN2mM3qW4eR5tT6yU7iI8oO9pP0aS1dF2gG3hH4jJ5kK6lL7zZ8xX9cC0vB1nN2mQ3wE4rR5tT6yY7uU8iI9oO0pP1aS2dF3gG4hH5jJ6kK7lL8zX9cV0bN1nM2qW3eR4tT5yU6iI7oO8pP9aS0dF1gG2hH3jJ4kK5lL6zZ7xX8cC9vV0bB1nN2mM3qW4eR5tT6yU7iI8oO9pP0aS1dF2gG3hH4jJ5kK6lL7zZ8xX9cC0vB1nN2mQ3wE4rR5tT6yY7uU8iI9oO0pP1aS2dF3gG4hH5jJ6kK7l4hH5jJ6kK7lL8zX9cV0bN1nM2qW3eR4tT5yU6iI7oO8pP9aS0dF1gG2hH3jJ4kK5lL6zZ7xX8cC9vV0bB1nN2mM3qW4eR5tT6yU7iI8oO9pP0aS1dF2gG3hH4jJ5kK6lL7zZ8xX9cC0vB1nN2mQ3wE4rR5tT6yY7uU8iI9oO0pP1aS2dF3gG4hH5jJ6kK7lL8zX9cV0bN1nM2qW3eR4tT5yU6iI7oO8pP9aS0dF1gG2hH3jJ4kK5lL6zZ7xX8cC9vV0bB1nN2mM3qW4eR5tT6yU7iI8oO9pP0aS1dF2gG3hH4jJ5kK6lL7zZ8xX9cC0vB1nN2mQ3wE4rR5tT6yY7uU8iI9oO0pP1aS2dF3gG4hH5jJ6kK7l4hH5jJ6kK7lL8zX9cV0bN1nM2qW3eR4tT5yU6iI7oO8pP9aS0dF1gG2hH3jJ4kK5lL6z7nB9vR2mX8kLp4QjW3tY5zH1aG6sF9dD0fS8gA7hJ6kL5mN4bV3vC2xZ1oP9iU8uY7tT6rR5eE4wW3qQ2aZ1sX2dC3fV4gB5hN6jM7kL8pO9iU0yT1rE2wQ3aS4dF5gG6hH7jJ8kK9lL0zZ1xX2cC3vV4bB5nN6mM7qQ8wW9eE0rR1tT2yY3uU4iI5oO6pP7aA8sS9dD0fF1gG2hH3jJ4kK5lL6zZ7xX8cC9vV0bB1nN2mM3qW4eR5tT6yU7iI8oO9pP0aS1dF2gG3hH4jJ5kK6lL7zZ8xX9cC0vB1nN2mQ3wE4rR5tT6yY7uU8iI9oO0pP1aS2dF3gG4hH5jJ6kK7lL8zX9cV0bN1nM2qW3eR4tT5yU6iI7oO8pP9aS0dF1gG2hH3jJ4kK5lL6zZ7xX8cC9vV0bB1nN2mM3qW4eR5tT6yU7iI8oO9pP0aS1dF2gG3hH4jJ5kK6lL7zZ8xX9cC0vB1nN2mQ3wE4rR5tT6yY7uU8iI9oO0pP1aS2dF3gG4hH5jJ6kK7lL8zX9cV0bN1nM2qW3eR4tT5yU6iI7oO8pP9aS0dF1gG2hH3jJ4kK5lL6zZ7xX8cC9vV0bB1nN2mM3qW4eR5tT6yU7iI8oO9pP0aS1dF2gG3hH4jJ5kK6lL7zZ8xX9cC0vB1nN2mQ3wE4rR5tT6yY7uU8iI9oO0pP1aS2dF3gG4hH5jJ6kK7lL8zX9cV0bN1nM2qW3eR4tT5yU6iI7oO8pP9aS0dF1gG2hH3jJ4kK5lL6zZ7xX8cC9vV0bB1nN2mM3qW4eR5tT6yU7iI8oO9pP0aS1dF2gG3hH4jJ5kK6lL7zZ8xX9cC0vB1nN2mQ3wE4rR5tT6yY7uU8iI9oO0pP1aS2dF3gG4hH5jJ6kK7lL8zX9cV0bN1nM2qW3eR4tT5yU6iI7oO8pP9aS0dF1gG2hH3jJ4kK5lL6zZ7xX8cC9vV0bB1nN2mM3qW4eR5tT6yU7iI8oO9pP0aS1dF2gG3hH4jJ5kK6lL7zZ8xX9cC0vB1nN2mQ3wE4rR5tT6yY7uU8iI9oO0pP1aS2dF3gG4hH5jJ6kK7l4hH5jJ6kK7lL8zX9cV0bN1nM2qW3eR4tT5yU6iI7oO8pP9aS0dF1gG2hH3jJ4kK5lL6zZ7xX8cC9vV0bB1nN2mM3qW4eR5tT6yU7iI8oO9pP0aS1dF2gG3hH4jJ5kK6lL7zZ8xX9cC0vB1nN2mQ3wE4rR5tT6yY7uU8iI9oO0pP1aS2dF3gG4hH5jJ6kK7lL8zX9cV0bN1nM2qW3eR4tT5yU6iI7oO8pP9aS0dF1gG2hH3jJ4kK5lL6zZ7xX8cC9vV0bB1nN2mM3qW4eR5tT6yU7iI8oO9pP0aS1dF2gG3hH4jJ5kK6lL7zZ8xX9cC0vB1nN2mQ3wE4rR5tT6yY7uU8iI9oO0pP1aS2dF3gG4hH5jJ6kK7l4hH5jJ6kK7lL8zX9cV0bN1nM2qW3eR4tT5yU6iI7oO8pP9aS0dF1gG2hH3jJ4kK5lL6zZ7xX8cC9vV0bB1nN2mM3qW4eR5tT6yU7iI8oO9pP0aS1dF2gG3hH4jJ5kK6lL7zZ8xX9cC0vB1nN2mQ3wE4rR5tT6yY7uU8iI9oO0pP1aS2dF3gG4hH5jJ6kK7lL8zX9cV0bN1nM2qW3eR4tT5yU6iI7oO8pP9aS0dF1gG2hH3jJ4kK5lL6zZ7xX8cC9vV0bB1nN2mM3qW4eR5tT6yU7iI8oO9pP0aS1dF2gG3hH4jJ5kK6lL7zZ8xX9cC0vB1nN2mQ3wE4rR5tT6yY7uU8iI9oO0pP1aS2dF3gG4hH5jJ6kK7l4hH5jJ6kK7lL8zX9cV0bN1nM2qW3eR4tT5yU6iI7oO8pP9aS0dF1gG2hH3jJ4kK5lL6zZ7xX8cC9vV0bB1nN2mM3qW4eR5tT6yU7iI8oO9pP0aS1dF2gG3hH4jJ5kK6lL7zZ8xX9cC0vB1nN2mQ3wE4rR5tT6yY7uU8iI9oO0pP1aS2dF3gG4hH5jJ6kK7lL8zX9cV0bN1nM2qW3eR4tT5yU6iI7oO8pP9aS0dF1gG2hH3jJ4kK5lL6zZ7xX8cC9vV0bB1nN2mM3qW4eR5tT6yU7iI8oO9pP0aS1dF2gG3hH4jJ5kK6lL7zZ8xX9cC0vB1nN2mQ3wE4rR5tT6yY7uU8iI9oO0pP1aS2dF3gG4hH5jJ6kK7l4hH5jJ6kK7lL8zX9cV0bN1nM2qW3eR4tT5yU6iI7oO8pP9aS0dF1gG2hH3jJ4kK5lL6zZ7xX8cC9vV0bB1nN2mM3qW4eR5tT6yU7iI8oO9pP0aS1dF2gG3hH4jJ5kK6lL7zZ8xX9cC0vB1nN2mQ3wE4rR5tT6yY7uU8iI9oO0pP1aS2dF3gG4hH5jJ6kK7lL8zX9cV0bN1nM2qW3eR4tT5yU6iI7oO8pP9aS0dF1gG2hH3jJ4kK5lL6zZ7xX8cC9vV0bB1nN2mM3qW4eR5tT6yU7iI8oO9pP0aS1dF2gG3hH4jJ5kK6lL7zZ8xX9cC0vB1nN2mQ3wE4rR5tT6yY7uU8iI9oO0pP1aS2dF3gG4hH5jJ6kK7l4hH5jJ6kK7lL8zX9cV0bN1nM2qW3eR4tT5yU6iI7oO8pP9aS0dF1gG2hH3jJ4kK5lL6zZ7xX8cC9vV0bB1nN2mM3qW4eR5tT6yU7iI8oO9pP0aS1dF2gG3hH4jJ5kK6lL7zZ8xX9cC0vB1nN2mQ3wE4rR5tT6yY7uU8iI9oO0pP1aS2dF3gG4hH5jJ6kK7lL8zX9cV0bN1nM2qW3eR4tT5yU6iI7oO8pP9aS0dF1gG2hH3jJ4kK5lL6zZ7xX8cC9vV0bB1nN2mM3qW4eR5tT6yU7iI8oO9pP0aS1dF2gG3hH4jJ5kK6lL7zZ8xX9cC0vB1nN2mQ3wE4rR5tT6yY7uU8iI9oO0pP1aS2dF3gG4hH5jJ6kK7l4hH5jJ6kK7lL8zX9cV0bN1nM2qW3eR4tT5yU6iI7oO8pP9aS0dF1gG2hH3jJ4kK5lL6zZ7xX8cC9vV0bB1nN2mM3qW4eR5tT6yU7iI8oO9pP0aS1dF2gG3hH4jJ5kK6lL7zZ8xX9cC0vB1nN2mQ3wE4rR5tT6yY7uU8iI9oO0pP1aS2dF3gG4hH5jJ6kK7lL8zX9cV0bN1nM2qW3eR4tT5yU6iI7oO8pP9aS0dF1gG2hH3jJ4kK5lL6zZ7xX8cC9vV0bB1nN2mM3qW4eR5tT6yU7iI8oO9pP0aS1dF2gG3hH4jJ5kK6lL7zZ8xX9cC0vB1nN2mQ3wE4rR5tT6yY7uU8iI9oO0pP1aS2dF3gG4hH5jJ6kK7l4hH5jJ6kK7lL8zX9cV0bN1nM2qW3eR4tT5yU6iI7oO8pP9aS0dF1gG2hH3jJ4kK5lL6zZ7xX8cC9vV0bB1nN2mM3qW4eR5tT6yU7iI8oO9pP0aS1dF2gG3hH4jJ5kK6lL7zZ8xX9cC0vB1nN2mQ3wE4rR5tT6yY7uU8iI9oO0pP1aS2dF3gG4hH5jJ6kK7lL8zX9cV0bN1nM2qW3eR4tT5yU6iI7oO8pP9aS0dF1gG2hH3jJ4kK5lL6zZ7xX8cC9vV0bB1nN2mM3qW4eR5tT6yU7iI8oO9pP0aS1dF2gG3hH4jJ5kK6lL7zZ8xX9cC0vB1nN2mQ3wE4rR5tT6yY7uU8iI9oO0pP1aS2dF3gG4hH5jJ6kK7l4hH5jJ6kK7lL8zX9cV0bN1nM2qW3eR4tT5yU6iI7oO8pP9aS0dF1gG2hH3jJ4kK5lL6z7nB9vR2mX8kLp4QjW3tY5zH1aG6sF9dD0fS8gA7hJ6kL5mN4bV3vC2xZ1oP9iU8uY7tT6rR5eE4wW3qQ2aZ1sX2dC3fV4gB5hN6jM7kL8pO9iU0yT1rE2wQ3aS4dF5gG6hH7jJ8kK9lL0zZ1xX2cC3vV4bB5nN6mM7qQ8wW9eE0rR1tT2yY3uU4iI5oO6pP7aA8sS9dD0fF1gG2hH3jJ4kK5lL6zZ7xX8cC9vV0bB1nN2mM3qW4eR5tT6yU7iI8oO9pP0aS1dF2gG3hH4jJ5kK6lL7zZ8xX9cC0vB1nN2mQ3wE4rR5tT6yY7uU8iI9oO0pP1aS2dF3gG4hH5jJ6kK7lL8zX9cV0bN1nM2qW3eR4tT5yU6iI7oO8pP9aS0dF1gG2hH3jJ4kK5lL6zZ7xX8cC9vV0bB1nN2mM3qW4eR5tT6yU7iI8oO9pP0aS1dF2gG3hH4jJ5kK6lL7zZ8xX9cC0vB1nN2mQ3wE4rR5tT6yY7uU8iI9oO0pP1aS2dF3gG4hH5jJ6kK7lL8zX9cV0bN1nM2qW3eR4tT5yU6iI7oO8pP9aS0dF1gG2hH3jJ4kK5lL6zZ7xX8cC9vV0bB1nN2mM3qW4eR5tT6yU7iI8oO9pP0aS1dF2gG3hH4jJ5kK6lL7zZ8xX9cC0vB1nN2mQ3wE4rR5tT6yY7uU8iI9oO0pP1aS2dF3gG4hH5jJ6kK7lL8zX9cV0bN1nM2qW3eR4tT5yU6iI7oO8pP9aS0dF1gG2hH3jJ4kK5lL6zZ7xX8cC9vV0bB1nN2mM3qW4eR5tT6yU7iI8oO9pP0aS1dF2gG3hH4jJ5kK6lL7zZ8xX9cC0vB1nN2mQ3wE4rR5tT6yY7uU8iI9oO0pP1aS2dF3gG4hH5jJ6kK7lL8zX9cV0bN1nM2qW3eR4tT5yU6iI7oO8pP9aS0dF1gG2hH3jJ4kK5lL6zZ7xX8cC9vV0bB1nN2mM3qW4eR5tT6yU7iI8oO9pP0aS1dF2gG3hH4jJ5kK6lL7zZ8xX9cC0vB1nN2mQ3wE4rR5tT6yY7uU8iI9oO0pP1aS2dF3gG4hH5jJ6kK7l4hH5jJ6kK7lL8zX9cV0bN1nM2qW3eR4tT5yU6iI7oO8pP9aS0dF1gG2hH3jJ4kK5lL6zZ7xX8cC9vV0bB1nN2mM3qW4eR5tT6yU7iI8oO9pP0aS1dF2gG3hH4jJ5kK6lL7zZ8xX9cC0vB1nN2mQ3wE4rR5tT6yY7uU8iI9oO0pP1aS2dF3gG4hH5jJ6kK7lL8zX9cV0bN1nM2qW3eR4tT5yU6iI7oO8pP9aS0dF1gG2hH3jJ4kK5lL6zZ7xX8cC9vV0bB1nN2mM3qW4eR5tT6yU7iI8oO9pP0aS1dF2gG3hH4jJ5kK6lL7zZ8xX9cC0vB1nN2mQ3wE4rR5tT6yY7uU8iI9oO0pP1aS2dF3gG4hH5jJ6kK7l4hH5jJ6kK7lL8zX9cV0bN1nM2qW3eR4tT5yU6iI7oO8pP9aS0dF1gG2hH3jJ4kK5lL6zZ7xX8cC9vV0bB1nN2mM3qW4eR5tT6yU7iI8oO9pP0aS1dF2gG3hH4jJ5kK6lL7zZ8xX9cC0vB1nN2mQ3wE4rR5tT6yY7uU8iI9oO0pP1aS2dF3gG4hH5jJ6kK7lL8zX9cV0bN1nM2qW3eR4tT5yU6iI7oO8pP9aS0dF1gG2hH3jJ4kK5lL6zZ7xX8cC9vV0bB1nN2mM3qW4eR5tT6yU7iI8oO9pP0aS1dF2gG3hH4jJ5kK6lL7zZ8xX9cC0vB1nN2mQ3wE4rR5tT6yY7uU8iI9oO0pP1aS2dF3gG4hH5jJ6kK7l4hH5jJ6kK7lL8zX9cV0bN1nM2qW3eR4tT5yU6iI7oO8pP9aS0dF1gG2hH3jJ4kK5lL6zZ7xX8cC9vV0bB1nN2mM3qW4eR5tT6yU7iI8oO9pP0aS1dF2gG3hH4jJ5kK6lL7zZ8xX9cC0vB1nN2mQ3wE4rR5tT6yY7uU8iI9oO0pP1aS2dF3gG4hH5jJ6kK7lL8zX9cV0bN1nM2qW3eR4tT5yU6iI7oO8pP9aS0dF1gG2hH3jJ4kK5lL6zZ7xX8cC9vV0bB1nN2mM3qW4eR5tT6yU7iI8oO9pP0aS1dF2gG3hH4jJ5kK6lL7zZ8xX9cC0vB1nN2mQ3wE4rR5tT6yY7uU8iI9oO0pP1aS2dF3gG4hH5jJ6kK7l4hH5jJ6kK7lL8zX9cV0bN1nM2qW3eR4tT5yU6iI7oO8pP9aS0dF1gG2hH3jJ4kK5lL6zZ7xX8cC9vV0bB1nN2mM3qW4eR5tT6yU7iI8oO9pP0aS1dF2gG3hH4jJ5kK6lL7zZ8xX9cC0vB1nN2mQ3wE4rR5tT6yY7uU8iI9oO0pP1aS2dF3gG4hH5jJ6kK7lL8zX9cV0bN1nM2qW3eR4tT5yU6iI7oO8pP9aS0dF1gG2hH3jJ4kK5lL6zZ7xX8cC9vV0bB1nN2mM3qW4eR5tT6yU7iI8oO9pP0aS1dF2gG3hH4jJ5kK6lL7zZ8xX9cC0vB1nN2mQ3wE4rR5tT6yY7uU8iI9oO0pP1aS2dF3gG4hH5jJ6kK7l4hH5jJ6kK7lL8zX9cV0bN1nM2qW3eR4tT5yU6iI7oO8pP9aS0dF1gG2hH3jJ4kK5lL6zZ7xX8cC9vV0bB1nN2mM3qW4eR5tT6yU7iI8oO9pP0aS1dF2gG3hH4jJ5kK6lL7zZ8xX9cC0vB1nN2mQ3wE4rR5tT6yY7uU8iI9oO0pP1aS2dF3gG4hH5jJ6kK7lL8zX9cV0bN1nM2qW3eR4tT5yU6iI7oO8pP9aS0dF1gG2hH3jJ4kK5lL6zZ7xX8cC9vV0bB1nN2mM3qW4eR5tT6yU7iI8oO9pP0aS1dF2gG3hH4jJ5kK6lL7zZ8xX9cC0vB1nN2mQ3wE4rR5tT6yY7uU8iI9oO0pP1aS2dF3gG4hH5jJ6kK7l4hH5jJ6kK7lL8zX9cV0bN1nM2qW3eR4tT5yU6iI7oO8pP9aS0dF1gG2hH3jJ4kK5lL6zZ7xX8cC9vV0bB1nN2mM3qW4eR5tT6yU7iI8oO9pP0aS1dF2gG3hH4jJ5kK6lL7zZ8xX9cC0vB1nN2mQ3wE4rR5tT6yY7uU8iI9oO0pP1aS2dF3gG4hH5jJ6kK7lL8zX9cV0bN1nM2qW3eR4tT5yU6iI7oO8pP9aS0dF1gG2hH3jJ4kK5lL6zZ7xX8cC9vV0bB1nN2mM3qW4eR5tT6yU7iI8oO9pP0aS1dF2gG3hH4jJ5kK6lL7zZ8xX9cC0vB1nN2mQ3wE4rR5tT6yY7uU8iI9oO0pP1aS2dF3gG4hH5jJ6kK7l4hH5jJ6kK7lL8zX9cV0bN1nM2qW3eR4tT5yU6iI7oO8pP9aS0dF1gG2hH3jJ4kK5lL6zZ7xX8cC9vV0bB1nN2mM3qW4eR5tT6yU7iI8oO9pP0aS1dF2gG3hH4jJ5kK6lL7zZ8xX9cC0vB1nN2mQ3wE4rR5tT6yY7uU8iI9oO0pP1aS2dF3gG4hH5jJ6kK7lL8zX9cV0bN1nM2qW3eR4tT5yU6iI7oO8pP9aS0dF1gG2hH3jJ4kK5lL6zZ7xX8cC9vV0bB1nN2mM3qW4eR5tT6yU7iI8oO9pP0aS1dF2gG3hH4jJ5kK6lL7zZ8xX9cC0vB1nN2mQ3wE4rR5tT6yY7uU8iI9oO0pP1aS2dF3gG4hH5jJ6kK7l4hH5jJ6kK7lL8zX9cV0bN1nM2qW3eR4tT5yU6iI7oO8pP9aS0dF1gG2hH3jJ4kK5lL6z7nB9vR2mX8kLp4QjW3tY5zH1aG6sF9dD0fS8gA7hJ6kL5mN4bV3vC2xZ1oP9iU8uY7tT6rR5eE4wW3qQ2aZ1sX2dC3fV4gB5hN6jM7kL8pO9iU0yT1rE2wQ3aS4dF5gG6hH7jJ8kK9lL0zZ1xX2cC3vV4bB5nN6mM7qQ8wW9eE0rR1tT2yY3uU4iI5oO6pP7aA8sS9dD0fF1gG2hH3jJ4kK5lL6zZ7xX8cC9vV0bB1nN2mM3qW4eR5tT6yU7iI8oO9pP0aS1dF2gG3hH4jJ5kK6lL7zZ8xX9cC0vB1nN2mQ3wE4rR5tT6yY7uU8iI9oO0pP1aS2dF3gG4hH5jJ6kK7lL8zX9cV0bN1nM2qW3eR4tT5yU6iI7oO8pP9aS0dF1gG2hH3jJ4kK5lL6zZ7xX8cC9vV0bB1nN2mM3qW4eR5tT6yU7iI8oO9pP0aS1dF2gG3hH4jJ5kK6lL7zZ8xX9cC0vB1nN2mQ3wE4rR5tT6yY7uU8iI9oO0pP1aS2dF3gG4hH5jJ6kK7lL8zX9cV0bN1nM2qW3eR4tT5yU6iI7oO8pP9aS0dF1gG2hH3jJ4kK5lL6zZ7xX8cC9vV0bB1nN2mM3qW4eR5tT6yU7iI8oO9pP0aS1dF2gG3hH4jJ5kK6lL7zZ8xX9cC0vB1nN2mQ3wE4rR5tT6yY7uU8iI9oO0pP1aS2dF3gG4hH5jJ6kK7lL8zX9cV0bN1nM2qW3eR4tT5yU6iI7oO8pP9aS0dF1gG2hH3jJ4kK5lL6zZ7xX8cC9vV0bB1nN2mM3qW4eR5tT6yU7iI8oO9pP0aS1dF2gG3hH4jJ5kK6lL7zZ8xX9cC0vB1nN2mQ3wE4rR5tT6yY7uU8iI9oO0pP1aS2dF3gG4hH5jJ6kK7lL8zX9cV0bN1nM2qW3eR4tT5yU6iI7oO8pP9aS0dF1gG2hH3jJ4kK5lL6zZ7xX8cC9vV0bB1nN2mM3qW4eR5tT6yU7iI8oO9pP0aS1dF2gG3hH4jJ5kK6lL7zZ8xX9cC0vB1nN2mQ3wE4rR5tT6yY7uU8iI9oO0pP1aS2dF3gG4hH5jJ6kK7l4hH5jJ6kK7lL8zX9cV0bN1nM2qW3eR4tT5yU6iI7oO8pP9aS0dF1gG2hH3jJ4kK5lL6zZ7xX8cC9vV0bB1nN2mM3qW4eR5tT6yU7iI8oO9pP0aS1dF2gG3hH4jJ5kK6lL7zZ8xX9cC0vB1nN2mQ3wE4rR5tT6yY7uU8iI9oO0pP1aS2dF3gG4hH5jJ6kK7lL8zX9cV0bN1nM2qW3eR4tT5yU6iI7oO8pP9aS0dF1gG2hH3jJ4kK5lL6zZ7xX8cC9vV0bB1nN2mM3qW4eR5tT6yU7iI8oO9pP0aS1dF2gG3hH4jJ5kK6lL7zZ8xX9cC0vB1nN2mQ3wE4rR5tT6yY7uU8iI9oO0pP1aS2dF3gG4hH5jJ6kK7l4hH5jJ6kK7lL8zX9cV0bN1nM2qW3eR4tT5yU6iI7oO8pP9aS0dF1gG2hH3jJ4kK5lL6zZ7xX8cC9vV0bB1nN2mM3qW4eR5tT6yU7iI8oO9pP0aS1dF2gG3hH4jJ5kK6lL7zZ8xX9cC0vB1nN2mQ3wE4rR5tT6yY7uU8iI9oO0pP1aS2dF3gG4hH5jJ6kK7lL8zX9cV0bN1nM2qW3eR4tT5yU6iI7oO8pP9aS0dF1gG2hH3jJ4kK5lL6zZ7xX8cC9vV0bB1nN2mM3qW4eR5tT6yU7iI8oO9pP0aS1dF2gG3hH4jJ5kK6lL7zZ8xX9cC0vB1nN2mQ3wE4rR5tT6yY7uU8iI9oO0pP1aS2dF3gG4hH5jJ6kK7l4hH5jJ6kK7lL8zX9cV0bN1nM2qW3eR4tT5yU6iI7oO8pP9aS0dF1gG2hH3jJ4kK5lL6zZ7xX8cC9vV0bB1nN2mM3qW4eR5tT6yU7iI8oO9pP0aS1dF2gG3hH4jJ5kK6lL7zZ8xX9cC0vB1nN2mQ3wE4rR5tT6yY7uU8iI9oO0pP1aS2dF3gG4hH5jJ6kK7lL8zX9cV0bN1nM2qW3eR4tT5yU6iI7oO8pP9aS0dF1gG2hH3jJ4kK5lL6zZ7xX8cC9vV0bB1nN2mM3qW4eR5tT6yU7iI8oO9pP0aS1dF2gG3hH4jJ5kK6lL7zZ8xX9cC0vB1nN2mQ3wE4rR5tT6yY7uU8iI9oO0pP1aS2dF3gG4hH5jJ6kK7l4hH5jJ6kK7lL8zX9cV0bN1nM2qW3eR4tT5yU6iI7oO8pP9aS0dF1gG2hH3jJ4kK5lL6zZ7xX8cC9vV0bB1nN2mM3qW4eR5tT6yU7iI8oO9pP0aS1dF2gG3hH4jJ5kK6lL7zZ8xX9cC0vB1nN2mQ3wE4rR5tT6yY7uU8iI9oO0pP1aS2dF3gG4hH5jJ6kK7lL8zX9cV0bN1nM2qW3eR4tT5yU6iI7oO8pP9aS0dF1gG2hH3jJ4kK5lL6zZ7xX8cC9vV0bB1nN2mM3qW4eR5tT6yU7iI8oO9pP0aS1dF2gG3hH4jJ5kK6lL7zZ8xX9cC0vB1nN2mQ3wE4rR5tT6yY7uU8iI9oO0pP1aS2dF3gG4hH5jJ6kK7l4hH5jJ6kK7lL8zX9cV0bN1nM2qW3eR4tT5yU6iI7oO8pP9aS0dF1gG2hH3jJ4kK5lL6zZ7xX8cC9vV0bB1nN2mM3qW4eR5tT6yU7iI8oO9pP0aS1dF2gG3hH4jJ5kK6lL7zZ8xX9cC0vB1nN2mQ3wE4rR5tT6yY7uU8iI9oO0pP1aS2dF3gG4hH5jJ6kK7lL8zX9cV0bN1nM2qW3eR4tT5yU6iI7oO8pP9aS0dF1gG2hH3jJ4kK5lL6zZ7xX8cC9vV0bB1nN2mM3qW4eR5tT6yU7iI8oO9pP0aS1dF2gG3hH4jJ5kK6lL7zZ8xX9cC0vB1nN2mQ3wE4rR5tT6yY7uU8iI9oO0pP1aS2dF3gG4hH5jJ6kK7l4hH5jJ6kK7lL8zX9cV0bN1nM2qW3eR4tT5yU6iI7oO8pP9aS0dF1gG2hH3jJ4kK5lL6zZ7xX8cC9vV0bB1nN2mM3qW4eR5tT6yU7iI8oO9pP0aS1dF2gG3hH4jJ5kK6lL7zZ8xX9cC0vB1nN2mQ3wE4rR5tT6yY7uU8iI9oO0pP1aS2dF3gG4hH5jJ6kK7lL8zX9cV0bN1nM2qW3eR4tT5yU6iI7oO8pP9aS0dF1gG2hH3jJ4kK5lL6zZ7xX8cC9vV0bB1nN2mM3qW4eR5tT6yU7iI8oO9pP0aS1dF2gG3hH4jJ5kK6lL7zZ8xX9cC0vB1nN2mQ3wE4rR5tT6yY7uU8iI9oO0pP1aS2dF3gG4hH5jJ6kK7l4hH5jJ6kK7lL8zX9cV0bN1nM2qW3eR4tT5yU6iI7oO8pP9aS0dF1gG2hH3jJ4kK5lL6zZ7xX8cC9vV0bB1nN2mM3qW4eR5tT6yU7iI8oO9pP0aS1dF2gG3hH4jJ5kK6lL7zZ8xX9cC0vB1nN2mQ3wE4rR5tT6yY7uU8iI9oO0pP1aS2dF3gG4hH5jJ6kK7lL8zX9cV0bN1nM2qW3eR4tT5yU6iI7oO8pP9aS0dF1gG2hH3jJ4kK5lL6zZ7xX8cC9vV0bB1nN2mM3qW4eR5tT6yU7iI8oO9pP0aS1dF2gG3hH4jJ5kK6lL7zZ8xX9cC0vB1nN2mQ3wE4rR5tT6yY7uU8iI9oO0pP1aS2dF3gG4hH5jJ6kK7l4hH5jJ6kK7lL8zX9cV0bN1nM2qW3eR4tT5yU6iI7oO8pP9aS0dF1gG2hH3jJ4kK5lL6z7nB9vR2mX8kLp4QjW3tY5zH1aG6sF9dD0fS8gA7hJ6kL5mN4bV3vC2xZ1oP9iU8uY7tT6rR5eE4wW3qQ2aZ1sX2dC3fV4gB5hN6jM7kL8pO9iU0yT1rE2wQ3aS4dF5gG6hH7jJ8kK9lL0zZ1xX2cC3vV4bB5nN6mM7qQ8wW9eE0rR1tT2yY3uU4iI5oO6pP7aA8sS9dD0fF1gG2hH3jJ4kK5lL6zZ7xX8cC9vV0bB1nN2mM3qW4eR5tT6yU7iI8oO9pP0aS1dF2gG3hH4jJ5kK6lL7zZ8xX9cC0vB1nN2mQ3wE4rR5tT6yY7uU8iI9oO0pP1aS2dF3gG4hH5jJ6kK7lL8zX9cV0bN1nM2qW3eR4tT5yU6iI7oO8pP9aS0dF1gG2hH3jJ4kK5lL6zZ7xX8cC9vV0bB1nN2mM3qW4eR5tT6yU7iI8oO9pP0aS1dF2gG3hH4jJ5kK6lL7zZ8xX9cC0vB1nN2mQ3wE4rR5tT6yY7uU8iI9oO0pP1aS2dF3gG4hH5jJ6kK7lL8zX9cV0bN1nM2qW3eR4tT5yU6iI7oO8pP9aS0dF1gG2hH3jJ4kK5lL6zZ7xX8cC9vV0bB1nN2mM3qW4eR5tT6yU7iI8oO9pP0aS1dF2gG3hH4jJ5kK6lL7zZ8xX9cC0vB1nN2mQ3wE4rR5tT6yY7uU8iI9oO0pP1aS2dF3gG4hH5jJ6kK7lL8zX9cV0bN1nM2qW3eR4tT5yU6iI7oO8pP9aS0dF1gG2hH3jJ4kK5lL6zZ7xX8cC9vV0bB1nN2mM3qW4eR5tT6yU7iI8oO9pP0aS1dF2gG3hH4jJ5kK6lL7zZ8xX9cC0vB1nN2mQ3wE4rR5tT6yY7uU8iI9oO0pP1aS2dF3gG4hH5jJ6kK7lL8zX9cV0bN1nM2qW3eR4tT5yU6iI7oO8pP9aS0dF1gG2hH3jJ4kK5lL6zZ7xX8cC9vV0bB1nN2mM3qW4eR5tT6yU7iI8oO9pP0aS1dF2gG3hH4jJ5kK6lL7zZ8xX9cC0vB1nN2mQ3wE4rR5tT6yY7uU8iI9oO0pP1aS2dF3gG4hH5jJ6kK7l4hH5jJ6kK7lL8zX9cV0bN1nM2qW3eR4tT5yU6iI7oO8pP9aS0dF1gG2hH3jJ4kK5lL6zZ7xX8cC9vV0bB1nN2mM3qW4eR5tT6yU7iI8oO9pP0aS1dF2gG3hH4jJ5kK6lL7zZ8xX9cC0vB1nN2mQ3wE4rR5tT6yY7uU8iI9oO0pP1aS2dF3gG4hH5jJ6kK7lL8zX9cV0bN1nM2qW3eR4tT5yU6iI7oO8pP9aS0dF1gG2hH3jJ4kK5lL6zZ7xX8cC9vV0bB1nN2mM3qW4eR5tT6yU7iI8oO9pP0aS1dF2gG3hH4jJ5kK6lL7zZ8xX9cC0vB1nN2mQ3wE4rR5tT6yY7uU8iI9oO0pP1aS2dF3gG4hH5jJ6kK7l4hH5jJ6kK7lL8zX9cV0bN1nM2qW3eR4tT5yU6iI7oO8pP9aS0dF1gG2hH3jJ4kK5lL6zZ7xX8cC9vV0bB1nN2mM3qW4eR5tT6yU7iI8oO9pP0aS1dF2gG3hH4jJ5kK6lL7zZ8xX9cC0vB1nN2mQ3wE4rR5tT6yY7uU8iI9oO0pP1aS2dF3gG4hH5jJ6kK7lL8zX9cV0bN1nM2qW3eR4tT5yU6iI7oO8pP9aS0dF1gG2hH3jJ4kK5lL6zZ7xX8cC9vV0bB1nN2mM3qW4eR5tT6yU7iI8oO9pP0aS1dF2gG3hH4jJ5kK6lL7zZ8xX9cC0vB1nN2mQ3wE4rR5tT6yY7uU8iI9oO0pP1aS2dF3gG4hH5jJ6kK7l4hH5jJ6kK7lL8zX9cV0bN1nM2qW3eR4tT5yU6iI7oO8pP9aS0dF1gG2hH3jJ4kK5lL6zZ7xX8cC9vV0bB1nN2mM3qW4eR5tT6yU7iI8oO9pP0aS1dF2gG3hH4jJ5kK6lL7zZ8xX9cC0vB1nN2mQ3wE4rR5tT6yY7uU8iI9oO0pP1aS2dF3gG4hH5jJ6kK7lL8zX9cV0bN1nM2qW3eR4tT5yU6iI7oO8pP9aS0dF1gG2hH3jJ4kK5lL6zZ7xX8cC9vV0bB1nN2mM3qW4eR5tT6yU7iI8oO9pP0aS1dF2gG3hH4jJ5kK6lL7zZ8xX9cC0vB1nN2mQ3wE4rR5tT6yY7uU8iI9oO0pP1aS2dF3gG4hH5jJ6kK7l4hH5jJ6kK7lL8zX9cV0bN1nM2qW3eR4tT5yU6iI7oO8pP9aS0dF1gG2hH3jJ4kK5lL6zZ7xX8cC9vV0bB1nN2mM3qW4eR5tT6yU7iI8oO9pP0aS1dF2gG3hH4jJ5kK6lL7zZ8xX9cC0vB1nN2mQ3wE4rR5tT6yY7uU8iI9oO0pP1aS2dF3gG4hH5jJ6kK7lL8zX9cV0bN1nM2qW3eR4tT5yU6iI7oO8pP9aS0dF1gG2hH3jJ4kK5lL6zZ7xX8cC9vV0bB1nN2mM3qW4eR5tT6yU7iI8oO9pP0aS1dF2gG3hH4jJ5kK6lL7zZ8xX9cC0vB1nN2mQ3wE4rR5tT6yY7uU8iI9oO0pP1aS2dF3gG4hH5jJ6kK7l4hH5jJ6kK7lL8zX9cV0bN1nM2qW3eR4tT5yU6iI7oO8pP9aS0dF1gG2hH3jJ4kK5lL6zZ7xX8cC9vV0bB1nN2mM3qW4eR5tT6yU7iI8oO9pP0aS1dF2gG3hH4jJ5kK6lL7zZ8xX9cC0vB1nN2mQ3wE4rR5tT6yY7uU8iI9oO0pP1aS2dF3gG4hH5jJ6kK7lL8zX9cV0bN1nM2qW3eR4tT5yU6iI7oO8pP9aS0dF1gG2hH3jJ4kK5lL6zZ7xX8cC9vV0bB1nN2mM3qW4eR5tT6yU7iI8oO9pP0aS1dF2gG3hH4jJ5kK6lL7zZ8xX9cC0vB1nN2mQ3wE4rR5tT6yY7uU8iI9oO0pP1aS2dF3gG4hH5jJ6kK7l4hH5jJ6kK7lL8zX9cV0bN1nM2qW3eR4tT5yU6iI7oO8pP9aS0dF1gG2hH3jJ4kK5lL6zZ7xX8cC9vV0bB1nN2mM3qW4eR5tT6yU7iI8oO9pP0aS1dF2gG3hH4jJ5kK6lL7zZ8xX9cC0vB1nN2mQ3wE4rR5tT6yY7uU8iI9oO0pP1aS2dF3gG4hH5jJ6kK7lL8zX9cV0bN1nM2qW3eR4tT5yU6iI7oO8pP9aS0dF1gG2hH3jJ4kK5lL6zZ7xX8cC9vV0bB1nN2mM3qW4eR5tT6yU7iI8oO9pP0aS1dF2gG3hH4jJ5kK6lL7zZ8xX9cC0vB1nN2mQ3wE4rR5tT6yY7uU8iI9oO0pP1aS2dF3gG4hH5jJ6kK7l4hH5jJ6kK7lL8zX9cV0bN1nM2qW3eR4tT5yU6iI7oO8pP9aS0dF1gG2hH3jJ4kK5lL6zZ7xX8cC9vV0bB1nN2mM3qW4eR5tT6yU7iI8oO9pP0aS1dF2gG3hH4jJ5kK6lL7zZ8xX9cC0vB1nN2mQ3wE4rR5tT6yY7uU8iI9oO0pP1aS2dF3gG4hH5jJ6kK7lL8zX9cV0bN1nM2qW3eR4tT5yU6iI7oO8pP9aS0dF1gG2hH3jJ4kK5lL6zZ7xX8cC9vV0bB1nN2mM3qW4eR5tT6yU7iI8oO9pP0aS1dF2gG3hH4jJ5kK6lL7zZ8xX9cC0vB1nN2mQ3wE4rR5tT6yY7uU8iI9oO0pP1aS2dF3gG4hH5jJ6kK7l4hH5jJ6kK7lL8zX9cV0bN1nM2qW3eR4tT5yU6iI7oO8pP9aS0dF1gG2hH3jJ4kK5lL6z7nB9vR2mX8kLp4QjW3tY5zH1aG6sF9dD0fS8gA7hJ6kL5mN4bV3vC2xZ1oP9iU8uY7tT6rR5eE4wW3qQ2aZ1sX2dC3fV4gB5hN6jM7kL8pO9iU0yT1rE2wQ3aS4dF5gG6hH7jJ8kK9lL0zZ1xX2cC3vV4bB5nN6mM7qQ8wW9eE0rR1tT2yY3uU4iI5oO6pP7aA8sS9dD0fF1gG2hH3jJ4kK5lL6zZ7xX8cC9vV0bB1nN2mM3qW4eR5tT6yU7iI8oO9pP0aS1dF2gG3hH4jJ5kK6lL7zZ8xX9cC0vB1nN2mQ3wE4rR5tT6yY7uU8iI9oO0pP1aS2dF3gG4hH5jJ6kK7lL8zX9cV0bN1nM2qW3eR4tT5yU6iI7oO8pP9aS0dF1gG2hH3jJ4kK5lL6zZ7xX8cC9vV0bB1nN2mM3qW4eR5tT6yU7iI8oO9pP0aS1dF2gG3hH4jJ5kK6lL7zZ8xX9cC0vB1nN2mQ3wE4rR5tT6yY7uU8iI9oO0pP1aS2dF3gG4hH5jJ6kK7lL8zX9cV0bN1nM2qW3eR4tT5yU6iI7oO8pP9aS0dF1gG2hH3jJ4kK5lL6zZ7xX8cC9vV0bB1nN2mM3qW4eR5tT6yU7iI8oO9pP0aS1dF2gG3hH4jJ5kK6lL7zZ8xX9cC0vB1nN2mQ3wE4rR5tT6yY7uU8iI9oO0pP1aS2dF3gG4hH5jJ6kK7lL8zX9cV0bN1nM2qW3eR4tT5yU6iI7oO8pP9aS0dF1gG2hH3jJ4kK5lL6zZ7xX8cC9vV0bB1nN2mM3qW4eR5tT6yU7iI8oO9pP0aS1dF2gG3hH4jJ5kK6lL7zZ8xX9cC0vB1nN2mQ3wE4rR5tT6yY7uU8iI9oO0pP1aS2dF3gG4hH5jJ6kK7lL8zX9cV0bN1nM2qW3eR4tT5yU6iI7oO8pP9aS0dF1gG2hH3jJ4kK5lL6zZ7xX8cC9vV0bB1nN2mM3qW4eR5tT6yU7iI8oO9pP0aS1dF2gG3hH4jJ5kK6lL7zZ8xX9cC0vB1nN2mQ3wE4rR5tT6yY7uU8iI9oO0pP1aS2dF3gG4hH5jJ6kK7l4hH5jJ6kK7lL8zX9cV0bN1nM2qW3eR4tT5yU6iI7oO8pP9aS0dF1gG2hH3jJ4kK5lL6zZ7xX8cC9vV0bB1nN2mM3qW4eR5tT6yU7iI8oO9pP0aS1dF2gG3hH4jJ5kK6lL7zZ8xX9cC0vB1nN2mQ3wE4rR5tT6yY7uU8iI9oO0pP1aS2dF3gG4hH5jJ6kK7lL8zX9cV0bN1nM2qW3eR4tT5yU6iI7oO8pP9aS0dF1gG2hH3jJ4kK5lL6zZ7xX8cC9vV0bB1nN2mM3qW4eR5tT6yU7iI8oO9pP0aS1dF2gG3hH4jJ5kK6lL7zZ8xX9cC0vB1nN2mQ3wE4rR5tT6yY7uU8iI9oO0pP1aS2dF3gG4hH5jJ6kK7l4hH5jJ6kK7lL8zX9cV0bN1nM2qW3eR4tT5yU6iI7oO8pP9aS0dF1gG2hH3jJ4kK5lL6zZ7xX8cC9vV0bB1nN2mM3qW4eR5tT6yU7iI8oO9pP0aS1dF2gG3hH4jJ5kK6lL7zZ8xX9cC0vB1nN2mQ3wE4rR5tT6yY7uU8iI9oO0pP1aS2dF3gG4hH5jJ6kK7lL8zX9cV0bN1nM2qW3eR4tT5yU6iI7oO8pP9aS0dF1gG2hH3jJ4kK5lL6zZ7xX8cC9vV0bB1nN2mM3qW4eR5tT6yU7iI8oO9pP0aS1dF2gG3hH4jJ5kK6lL7zZ8xX9cC0vB1nN2mQ3wE4rR5tT6yY7uU8iI9oO0pP1aS2dF3gG4hH5jJ6kK7l4hH5jJ6kK7lL8zX9cV0bN1nM2qW3eR4tT5yU6iI7oO8pP9aS0dF1gG2hH3jJ4kK5lL6zZ7xX8cC9vV0bB1nN2mM3qW4eR5tT6yU7iI8oO9pP0aS1dF2gG3hH4jJ5kK6lL7zZ8xX9cC0vB1nN2mQ3wE4rR5tT6yY7uU8iI9oO0pP1aS2dF3gG4hH5jJ6kK7lL8zX9cV0bN1nM2qW3eR4tT5yU6iI7oO8pP9aS0dF1gG2hH3jJ4kK5lL6zZ7xX8cC9vV0bB1nN2mM3qW4eR5tT6yU7iI8oO9pP0aS1dF2gG3hH4jJ5kK6lL7zZ8xX9cC0vB1nN2mQ3wE4rR5tT6yY7uU8iI9oO0pP1aS2dF3gG4hH5jJ6kK7l4hH5jJ6kK7lL8zX9cV0bN1nM2qW3eR4tT5yU6iI7oO8pP9aS0dF1gG2hH3jJ4kK5lL6zZ7xX8cC9vV0bB1nN2mM3qW4eR5tT6yU7iI8oO9pP0aS1dF2gG3hH4jJ5kK6lL7zZ8xX9cC0vB1nN2mQ3wE4rR5tT6yY7uU8iI9oO0pP1aS2dF3gG4hH5jJ6kK7lL8zX9cV0bN1nM2qW3eR4tT5yU6iI7oO8pP9aS0dF1gG2hH3jJ4kK5lL6zZ7xX8cC9vV0bB1nN2mM3qW4eR5tT6yU7iI8oO9pP0aS1dF2gG3hH4jJ5kK6lL7zZ8xX9cC0vB1nN2mQ3wE4rR5tT6yY7uU8iI9oO0pP1aS2dF3gG4hH5jJ6kK7l4hH5jJ6kK7lL8zX9cV0bN1nM2qW3eR4tT5yU6iI7oO8pP9aS0dF1gG2hH3jJ4kK5lL6zZ7xX8cC9vV0bB1nN2mM3qW4eR5tT6yU7iI8oO9pP0aS1dF2gG3hH4jJ5kK6lL7zZ8xX9cC0vB1nN2mQ3wE4rR5tT6yY7uU8iI9oO0pP1aS2dF3gG4hH5jJ6kK7lL8zX9cV0bN1nM2qW3eR4tT5yU6iI7oO8pP9aS0dF1gG2hH3jJ4kK5lL6zZ7xX8cC9vV0bB1nN2mM3qW4eR5tT6yU7iI8oO9pP0aS1dF2gG3hH4jJ5kK6lL7zZ8xX9cC0vB1nN2mQ3wE4rR5tT6yY7uU8iI9oO0pP1aS2dF3gG4hH5jJ6kK7l4hH5jJ6kK7lL8zX9cV0bN1nM2qW3eR4tT5yU6iI7oO8pP9aS0dF1gG2hH3jJ4kK5lL6zZ7xX8cC9vV0bB1nN2mM3qW4eR5tT6yU7iI8oO9pP0aS1dF2gG3hH4jJ5kK6lL7zZ8xX9cC0vB1nN2mQ3wE4rR5tT6yY7uU8iI9oO0pP1aS2dF3gG4hH5jJ6kK7lL8zX9cV0bN1nM2qW3eR4tT5yU6iI7oO8pP9aS0dF1gG2hH3jJ4kK5lL6zZ7xX8cC9vV0bB1nN2mM3qW4eR5tT6yU7iI8oO9pP0aS1dF2gG3hH4jJ5kK6lL7zZ8xX9cC0vB1nN2mQ3wE4rR5tT6yY7uU8iI9oO0pP1aS2dF3gG4hH5jJ6kK7l4hH5jJ6kK7lL8zX9cV0bN1nM2qW3eR4tT5yU6iI7oO8pP9aS0dF1gG2hH3jJ4kK5lL6zZ7xX8cC9vV0bB1nN2mM3qW4eR5tT6yU7iI8oO9pP0aS1dF2gG3hH4jJ5kK6lL7zZ8xX9cC0vB1nN2mQ3wE4rR5tT6yY7uU8iI9oO0pP1aS2dF3gG4hH5jJ6kK7lL8zX9cV0bN1nM2qW3eR4tT5yU6iI7oO8pP9aS0dF1gG2hH3jJ4kK5lL6zZ7xX8cC9vV0bB1nN2mM3qW4eR5tT6yU7iI8oO9pP0aS1dF2gG3hH4jJ5kK6lL7zZ8xX9cC0vB1nN2mQ3wE4rR5tT6yY7uU8iI9oO0pP1aS2dF3gG4hH5jJ6kK7l4hH5jJ6kK7lL8zX9cV0bN1nM2qW3eR4tT5yU6iI7oO8pP9aS0dF1gG2hH3jJ4kK5lL6z7nB9vR2mX8kLp4QjW3tY5zH1aG6sF9dD0fS8gA7hJ6kL5mN4bV3vC2xZ1oP9iU8uY7tT6rR5eE4wW3qQ2aZ1sX2dC3fV4gB5hN6jM7kL8pO9iU0yT1rE2wQ3aS4dF5gG6hH7jJ8kK9lL0zZ1xX2cC3vV4bB5nN6mM7qQ8wW9eE0rR1tT2yY3uU4iI5oO6pP7aA8sS9dD0fF1gG2hH3jJ4kK5lL6zZ7xX8cC9vV0bB1nN2mM3qW4eR5tT6yU7iI8oO9pP0aS1dF2gG3hH4jJ5kK6lL7zZ8xX9cC0vB1nN2mQ3wE4rR5tT6yY7uU8iI9oO0pP1aS2dF3gG4hH5jJ6kK7lL8zX9cV0bN1nM2qW3eR4tT5yU6iI7oO8pP9aS0dF1gG2hH3jJ4kK5lL6zZ7xX8cC9vV0bB1nN2mM3qW4eR5tT6yU7iI8oO9pP0aS1dF2gG3hH4jJ5kK6lL7zZ8xX9cC0vB1nN2mQ3wE4rR5tT6yY7uU8iI9oO0pP1aS2dF3gG4hH5jJ6kK7lL8zX9cV0bN1nM2qW3eR4tT5yU6iI7oO8pP9aS0dF1gG2hH3jJ4kK5lL6zZ7xX8cC9vV0bB1nN2mM3qW4eR5tT6yU7iI8oO9pP0aS1dF2gG3hH4jJ5kK6lL7zZ8xX9cC0vB1nN2mQ3wE4rR5tT6yY7uU8iI9oO0pP1aS2dF3gG4hH5jJ6kK7lL8zX9cV0bN1nM2qW3eR4tT5yU6iI7oO8pP9aS0dF1gG2hH3jJ4kK5lL6zZ7xX8cC9vV0bB1nN2mM3qW4eR5tT6yU7iI8oO9pP0aS1dF2gG3hH4jJ5kK6lL7zZ8xX9cC0vB1nN2mQ3wE4rR5tT6yY7uU8iI9oO0pP1aS2dF3gG4hH5jJ6kK7lL8zX9cV0bN1nM2qW3eR4tT5yU6iI7oO8pP9aS0dF1gG2hH3jJ4kK5lL6zZ7xX8cC9vV0bB1nN2mM3qW4eR5tT6yU7iI8oO9pP0aS1dF2gG3hH4jJ5kK6lL7zZ8xX9cC0vB1nN2mQ3wE4rR5tT6yY7uU8iI9oO0pP1aS2dF3gG4hH5jJ6kK7l4hH5jJ6kK7lL8zX9cV0bN1nM2qW3eR4tT5yU6iI7oO8pP9aS0dF1gG2hH3jJ4kK5lL6zZ7xX8cC9vV0bB1nN2mM3qW4eR5tT6yU7iI8oO9pP0aS1dF2gG3hH4jJ5kK6lL7zZ8xX9cC0vB1nN2mQ3wE4rR5tT6yY7uU8iI9oO0pP1aS2dF3gG4hH5jJ6kK7lL8zX9cV0bN1nM2qW3eR4tT5yU6iI7oO8pP9aS0dF1gG2hH3jJ4kK5lL6zZ7xX8cC9vV0bB1nN2mM3qW4eR5tT6yU7iI8oO9pP0aS1dF2gG3hH4jJ5kK6lL7zZ8xX9cC0vB1nN2mQ3wE4rR5tT6yY7uU8iI9oO0pP1aS2dF3gG4hH5jJ6kK7l4hH5jJ6kK7lL8zX9cV0bN1nM2qW3eR4tT5yU6iI7oO8pP9aS0dF1gG2hH3jJ4kK5lL6zZ7xX8cC9vV0bB1nN2mM3qW4eR5tT6yU7iI8oO9pP0aS1dF2gG3hH4jJ5kK6lL7zZ8xX9cC0vB1nN2mQ3wE4rR5tT6yY7uU8iI9oO0pP1aS2dF3gG4hH5jJ6kK7lL8zX9cV0bN1nM2qW3eR4tT5yU6iI7oO8pP9aS0dF1gG2hH3jJ4kK5lL6zZ7xX8cC9vV0bB1nN2mM3qW4eR5tT6yU7iI8oO9pP0aS1dF2gG3hH4jJ5kK6lL7zZ8xX9cC0vB1nN2mQ3wE4rR5tT6yY7uU8iI9oO0pP1aS2dF3gG4hH5jJ6kK7l4hH5jJ6kK7lL8zX9cV0bN1nM2qW3eR4tT5yU6iI7oO8pP9aS0dF1gG2hH3jJ4kK5lL6zZ7xX8cC9vV0bB1nN2mM3qW4eR5tT6yU7iI8oO9pP0aS1dF2gG3hH4jJ5kK6lL7zZ8xX9cC0vB1nN2mQ3wE4rR5tT6yY7uU8iI9oO0pP1aS2dF3gG4hH5jJ6kK7lL8zX9cV0bN1nM2qW3eR4tT5yU6iI7oO8pP9aS0dF1gG2hH3jJ4kK5lL6zZ7xX8cC9vV0bB1nN2mM3qW4eR5tT6yU7iI8oO9pP0aS1dF2gG3hH4jJ5kK6lL7zZ8xX9cC0vB1nN2mQ3wE4rR5tT6yY7uU8iI9oO0pP1aS2dF3gG4hH5jJ6kK7l4hH5jJ6kK7lL8zX9cV0bN1nM2qW3eR4tT5yU6iI7oO8pP9aS0dF1gG2hH3jJ4kK5lL6zZ7xX8cC9vV0bB1nN2mM3qW4eR5tT6yU7iI8oO9pP0aS1dF2gG3hH4jJ5kK6lL7zZ8xX9cC0vB1nN2mQ3wE4rR5tT6yY7uU8iI9oO0pP1aS2dF3gG4hH5jJ6kK7lL8zX9cV0bN1nM2qW3eR4tT5yU6iI7oO8pP9aS0dF1gG2hH3jJ4kK5lL6zZ7xX8cC9vV0bB1nN2mM3qW4eR5tT6yU7iI8oO9pP0aS1dF2gG3hH4jJ5kK6lL7zZ8xX9cC0vB1nN2mQ3wE4rR5tT6yY7uU8iI9oO0pP1aS2dF3gG4hH5jJ6kK7l4hH5jJ6kK7lL8zX9cV0bN1nM2qW3eR4tT5yU6iI7oO8pP9aS0dF1gG2hH3jJ4kK5lL6zZ7xX8cC9vV0bB1nN2mM3qW4eR5tT6yU7iI8oO9pP0aS1dF2gG3hH4jJ5kK6lL7zZ8xX9cC0vB1nN2mQ3wE4rR5tT6yY7uU8iI9oO0pP1aS2dF3gG4hH5jJ6kK7lL8zX9cV0bN1nM2qW3eR4tT5yU6iI7oO8pP9aS0dF1gG2hH3jJ4kK5lL6zZ7xX8cC9vV0bB1nN2mM3qW4eR5tT6yU7iI8oO9pP0aS1dF2gG3hH4jJ5kK6lL7zZ8xX9cC0vB1nN2mQ3wE4rR5tT6yY7uU8iI9oO0pP1aS2dF3gG4hH5jJ6kK7l4hH5jJ6kK7lL8zX9cV0bN1nM2qW3eR4tT5yU6iI7oO8pP9aS0dF1gG2hH3jJ4kK5lL6zZ7xX8cC9vV0bB1nN2mM3qW4eR5tT6yU7iI8oO9pP0aS1dF2gG3hH4jJ5kK6lL7zZ8xX9cC0vB1nN2mQ3wE4rR5tT6yY7uU8iI9oO0pP1aS2dF3gG4hH5jJ6kK7lL8zX9cV0bN1nM2qW3eR4tT5yU6iI7oO8pP9aS0dF1gG2hH3jJ4kK5lL6zZ7xX8cC9vV0bB1nN2mM3qW4eR5tT6yU7iI8oO9pP0aS1dF2gG3hH4jJ5kK6lL7zZ8xX9cC0vB1nN2mQ3wE4rR5tT6yY7uU8iI9oO0pP1aS2dF3gG4hH5jJ6kK7l4hH5jJ6kK7lL8zX9cV0bN1nM2qW3eR4tT5yU6iI7oO8pP9aS0dF1gG2hH3jJ4kK5lL6zZ7xX8cC9vV0bB1nN2mM3qW4eR5tT6yU7iI8oO9pP0aS1dF2gG3hH4jJ5kK6lL7zZ8xX9cC0vB1nN2mQ3wE4rR5tT6yY7uU8iI9oO0pP1aS2dF3gG4hH5jJ6kK7lL8zX9cV0bN1nM2qW3eR4tT5yU6iI7oO8pP9aS0dF1gG2hH3jJ4kK5lL6zZ7xX8cC9vV0bB1nN2mM3qW4eR5tT6yU7iI8oO9pP0aS1dF2gG3hH4jJ5kK6lL7zZ8xX9cC0vB1nN2mQ3wE4rR5tT6yY7uU8iI9oO0pP1aS2dF3gG4hH5jJ6kK7l4hH5jJ6kK7lL8zX9cV0bN1nM2qW3eR4tT5yU6iI7oO8pP9aS0dF1gG2hH3jJ4kK5lL6z7nB9vR2mX8kLp4QjW3tY5zH1aG6sF9dD0fS8gA7hJ6kL5mN4bV3vC2xZ1oP9iU8uY7tT6rR5eE4wW3qQ2aZ1sX2dC3fV4gB5hN6jM7kL8pO9iU0yT1rE2wQ3aS4dF5gG6hH7jJ8kK9lL0zZ1xX2cC3vV4bB5nN6mM7qQ8wW9eE0rR1tT2yY3uU4iI5oO6pP7aA8sS9dD0fF1gG2hH3jJ4kK5lL6zZ7xX8cC9vV0bB1nN2mM3qW4eR5tT6yU7iI8oO9pP0aS1dF2gG3hH4jJ5kK6lL7zZ8xX9cC0vB1nN2mQ3wE4rR5tT6yY7uU8iI9oO0pP1aS2dF3gG4hH5jJ6kK7lL8zX9cV0bN1nM2qW3eR4tT5yU6iI7oO8pP9aS0dF1gG2hH3jJ4kK5lL6zZ7xX8cC9vV0bB1nN2mM3qW4eR5tT6yU7iI8oO9pP0aS1dF2gG3hH4jJ5kK6lL7zZ8xX9cC0vB1nN2mQ3wE4rR5tT6yY7uU8iI9oO0pP1aS2dF3gG4hH5jJ6kK7lL8zX9cV0bN1nM2qW3eR4tT5yU6iI7oO8pP9aS0dF1gG2hH3jJ4kK5lL6zZ7xX8cC9vV0bB1nN2mM3qW4eR5tT6yU7iI8oO9pP0aS1dF2gG3hH4jJ5kK6lL7zZ8xX9cC0vB1nN2mQ3wE4rR5tT6yY7uU8iI9oO0pP1aS2dF3gG4hH5jJ6kK7lL8zX9cV0bN1nM2qW3eR4tT5yU6iI7oO8pP9aS0dF1gG2hH3jJ4kK5lL6zZ7xX8cC9vV0bB1nN2mM3qW4eR5tT6yU7iI8oO9pP0aS1dF2gG3hH4jJ5kK6lL7zZ8xX9cC0vB1nN2mQ3wE4rR5tT6yY7uU8iI9oO0pP1aS2dF3gG4hH5jJ6kK7lL8zX9cV0bN1nM2qW3eR4tT5yU6iI7oO8pP9aS0dF1gG2hH3jJ4kK5lL6zZ7xX8cC9vV0bB1nN2mM3qW4eR5tT6yU7iI8oO9pP0aS1dF2gG3hH4jJ5kK6lL7zZ8xX9cC0vB1nN2mQ3wE4rR5tT6yY7uU8iI9oO0pP1aS2dF3gG4hH5jJ6kK7l4hH5jJ6kK7lL8zX9cV0bN1nM2qW3eR4tT5yU6iI7oO8pP9aS0dF1gG2hH3jJ4kK5lL6zZ7xX8cC9vV0bB1nN2mM3qW4eR5tT6yU7iI8oO9pP0aS1dF2gG3hH4jJ5kK6lL7zZ8xX9cC0vB1nN2mQ3wE4rR5tT6yY7uU8iI9oO0pP1aS2dF3gG4hH5jJ6kK7lL8zX9cV0bN1nM2qW3eR4tT5yU6iI7oO8pP9aS0dF1gG2hH3jJ4kK5lL6zZ7xX8cC9vV0bB1nN2mM3qW4eR5tT6yU7iI8oO9pP0aS1dF2gG3hH4jJ5kK6lL7zZ8xX9cC0vB1nN2mQ3wE4rR5tT6yY7uU8iI9oO0pP1aS2dF3gG4hH5jJ6kK7l4hH5jJ6kK7lL8zX9cV0bN1nM2qW3eR4tT5yU6iI7oO8pP9aS0dF1gG2hH3jJ4kK5lL6zZ7xX8cC9vV0bB1nN2mM3qW4eR5tT6yU7iI8oO9pP0aS1dF2gG3hH4jJ5kK6lL7zZ8xX9cC0vB1nN2mQ3wE4rR5tT6yY7uU8iI9oO0pP1aS2dF3gG4hH5jJ6kK7lL8zX9cV0bN1nM2qW3eR4tT5yU6iI7oO8pP9aS0dF1gG2hH3jJ4kK5lL6zZ7xX8cC9vV0bB1nN2mM3qW4eR5tT6yU7iI8oO9pP0aS1dF2gG3hH4jJ5kK6lL7zZ8xX9cC0vB1nN2mQ3wE4rR5tT6yY7uU8iI9oO0pP1aS2dF3gG4hH5jJ6kK7l4hH5jJ6kK7lL8zX9cV0bN1nM2qW3eR4tT5yU6iI7oO8pP9aS0dF1gG2hH3jJ4kK5lL6zZ7xX8cC9vV0bB1nN2mM3qW4eR5tT6yU7iI8oO9pP0aS1dF2gG3hH4jJ5kK6lL7zZ8xX9cC0vB1nN2mQ3wE4rR5tT6yY7uU8iI9oO0pP1aS2dF3gG4hH5jJ6kK7lL8zX9cV0bN1nM2qW3eR4tT5yU6iI7oO8pP9aS0dF1gG2hH3jJ4kK5lL6zZ7xX8cC9vV0bB1nN2mM3qW4eR5tT6yU7iI8oO9pP0aS1dF2gG3hH4jJ5kK6lL7zZ8xX9cC0vB1nN2mQ3wE4rR5tT6yY7uU8iI9oO0pP1aS2dF3gG4hH5jJ6kK7l4hH5jJ6kK7lL8zX9cV0bN1nM2qW3eR4tT5yU6iI7oO8pP9aS0dF1gG2hH3jJ4kK5lL6zZ7xX8cC9vV0bB1nN2mM3qW4eR5tT6yU7iI8oO9pP0aS1dF2gG3hH4jJ5kK6lL7zZ8xX9cC0vB1nN2mQ3wE4rR5tT6yY7uU8iI9oO0pP1aS2dF3gG4hH5jJ6kK7lL8zX9cV0bN1nM2qW3eR4tT5yU6iI7oO8pP9aS0dF1gG2hH3jJ4kK5lL6zZ7xX8cC9vV0bB1nN2mM3qW4eR5tT6yU7iI8oO9pP0aS1dF2gG3hH4jJ5kK6lL7zZ8xX9cC0vB1nN2mQ3wE4rR5tT6yY7uU8iI9oO0pP1aS2dF3gG4hH5jJ6kK7l4hH5jJ6kK7lL8zX9cV0bN1nM2qW3eR4tT5yU6iI7oO8pP9aS0dF1gG2hH3jJ4kK5lL6zZ7xX8cC9vV0bB1nN2mM3qW4eR5tT6yU7iI8oO9pP0aS1dF2gG3hH4jJ5kK6lL7zZ8xX9cC0vB1nN2mQ3wE4rR5tT6yY7uU8iI9oO0pP1aS2dF3gG4hH5jJ6kK7lL8zX9cV0bN1nM2qW3eR4tT5yU6iI7oO8pP9aS0dF1gG2hH3jJ4kK5lL6zZ7xX8cC9vV0bB1nN2mM3qW4eR5tT6yU7iI8oO9pP0aS1dF2gG3hH4jJ5kK6lL7zZ8xX9cC0vB1nN2mQ3wE4rR5tT6yY7uU8iI9oO0pP1aS2dF3gG4hH5jJ6kK7l4hH5jJ6kK7lL8zX9cV0bN1nM2qW3eR4tT5yU6iI7oO8pP9aS0dF1gG2hH3jJ4kK5lL6zZ7xX8cC9vV0bB1nN2mM3qW4eR5tT6yU7iI8oO9pP0aS1dF2gG3hH4jJ5kK6lL7zZ8xX9cC0vB1nN2mQ3wE4rR5tT6yY7uU8iI9oO0pP1aS2dF3gG4hH5jJ6kK7lL8zX9cV0bN1nM2qW3eR4tT5yU6iI7oO8pP9aS0dF1gG2hH3jJ4kK5lL6zZ7xX8cC9vV0bB1nN2mM3qW4eR5tT6yU7iI8oO9pP0aS1dF2gG3hH4jJ5kK6lL7zZ8xX9cC0vB1nN2mQ3wE4rR5tT6yY7uU8iI9oO0pP1aS2dF3gG4hH5jJ6kK7l4hH5jJ6kK7lL8zX9cV0bN1nM2qW3eR4tT5yU6iI7oO8pP9aS0dF1gG2hH3jJ4kK5lL6zZ7xX8cC9vV0bB1nN2mM3qW4eR5tT6yU7iI8oO9pP0aS1dF2gG3hH4jJ5kK6lL7zZ8xX9cC0vB1nN2mQ3wE4rR5tT6yY7uU8iI9oO0pP1aS2dF3gG4hH5jJ6kK7lL8zX9cV0bN1nM2qW3eR4tT5yU6iI7oO8pP9aS0dF1gG2hH3jJ4kK5lL6zZ7xX8cC9vV0bB1nN2mM3qW4eR5tT6yU7iI8oO9pP0aS1dF2gG3hH4jJ5kK6lL7zZ8xX9cC0vB1nN2mQ3wE4rR5tT6yY7uU8iI9oO0pP1aS2dF3gG4hH5jJ6kK7l4hH5jJ6kK7lL8zX9cV0bN1nM2qW3eR4tT5yU6iI7oO8pP9aS0dF1gG2hH3jJ4kK5lL6z7nB9vR2mX8kLp4QjW3tY5zH1aG6sF9dD0fS8gA7hJ6kL5mN4bV3vC2xZ1oP9iU8uY7tT6rR5eE4wW3qQ2aZ1sX2dC3fV4gB5hN6jM7kL8pO9iU0yT1rE2wQ3aS4dF5gG6hH7jJ8kK9lL0zZ1xX2cC3vV4bB5nN6mM7qQ8wW9eE0rR1tT2yY3uU4iI5oO6pP7aA8sS9dD0fF1gG2hH3jJ4kK5lL6zZ7xX8cC9vV0bB1nN2mM3qW4eR5tT6yU7iI8oO9pP0aS1dF2gG3hH4jJ5kK6lL7zZ8xX9cC0vB1nN2mQ3wE4rR5tT6yY7uU8iI9oO0pP1aS2dF3gG4hH5jJ6kK7lL8zX9cV0bN1nM2qW3eR4tT5yU6iI7oO8pP9aS0dF1gG2hH3jJ4kK5lL6zZ7xX8cC9vV0bB1nN2mM3qW4eR5tT6yU7iI8oO9pP0aS1dF2gG3hH4jJ5kK6lL7zZ8xX9cC0vB1nN2mQ3wE4rR5tT6yY7uU8iI9oO0pP1aS2dF3gG4hH5jJ6kK7lL8zX9cV0bN1nM2qW3eR4tT5yU6iI7oO8pP9aS0dF1gG2hH3jJ4kK5lL6zZ7xX8cC9vV0bB1nN2mM3qW4eR5tT6yU7iI8oO9pP0aS1dF2gG3hH4jJ5kK6lL7zZ8xX9cC0vB1nN2mQ3wE4rR5tT6yY7uU8iI9oO0pP1aS2dF3gG4hH5jJ6kK7lL8zX9cV0bN1nM2qW3eR4tT5yU6iI7oO8pP9aS0dF1gG2hH3jJ4kK5lL6zZ7xX8cC9vV0bB1nN2mM3qW4eR5tT6yU7iI8oO9pP0aS1dF2gG3hH4jJ5kK6lL7zZ8xX9cC0vB1nN2mQ3wE4rR5tT6yY7uU8iI9oO0pP1aS2dF3gG4hH5jJ6kK7lL8zX9cV0bN1nM2qW3eR4tT5yU6iI7oO8pP9aS0dF1gG2hH3jJ4kK5lL6zZ7xX8cC9vV0bB1nN2mM3qW4eR5tT6yU7iI8oO9pP0aS1dF2gG3hH4jJ5kK6lL7zZ8xX9cC0vB1nN2mQ3wE4rR5tT6yY7uU8iI9oO0pP1aS2dF3gG4hH5jJ6kK7l4hH5jJ6kK7lL8zX9cV0bN1nM2qW3eR4tT5yU6iI7oO8pP9aS0dF1gG2hH3jJ4kK5lL6zZ7xX8cC9vV0bB1nN2mM3qW4eR5tT6yU7iI8oO9pP0aS1dF2gG3hH4jJ5kK6lL7zZ8xX9cC0vB1nN2mQ3wE4rR5tT6yY7uU8iI9oO0pP1aS2dF3gG4hH5jJ6kK7lL8zX9cV0bN1nM2qW3eR4tT5yU6iI7oO8pP9aS0dF1gG2hH3jJ4kK5lL6zZ7xX8cC9vV0bB1nN2mM3qW4eR5tT6yU7iI8oO9pP0aS1dF2gG3hH4jJ5kK6lL7zZ8xX9cC0vB1nN2mQ3wE4rR5tT6yY7uU8iI9oO0pP1aS2dF3gG4hH5jJ6kK7l4hH5jJ6kK7lL8zX9cV0bN1nM2qW3eR4tT5yU6iI7oO8pP9aS0dF1gG2hH3jJ4kK5lL6zZ7xX8cC9vV0bB1nN2mM3qW4eR5tT6yU7iI8oO9pP0aS1dF2gG3hH4jJ5kK6lL7zZ8xX9cC0vB1nN2mQ3wE4rR5tT6yY7uU8iI9oO0pP1aS2dF3gG4hH5jJ6kK7lL8zX9cV0bN1nM2qW3eR4tT5yU6iI7oO8pP9aS0dF1gG2hH3jJ4kK5lL6zZ7xX8cC9vV0bB1nN2mM3qW4eR5tT6yU7iI8oO9pP0aS1dF2gG3hH4jJ5kK6lL7zZ8xX9cC0vB1nN2mQ3wE4rR5tT6yY7uU8iI9oO0pP1aS2dF3gG4hH5jJ6kK7l4hH5jJ6kK7lL8zX9cV0bN1nM2qW3eR4tT5yU6iI7oO8pP9aS0dF1gG2hH3jJ4kK5lL6zZ7xX8cC9vV0bB1nN2mM3qW4eR5tT6yU7iI8oO9pP0aS1dF2gG3hH4jJ5kK6lL7zZ8xX9cC0vB1nN2mQ3wE4rR5tT6yY7uU8iI9oO0pP1aS2dF3gG4hH5jJ6kK7lL8zX9cV0bN1nM2qW3eR4tT5yU6iI7oO8pP9aS0dF1gG2hH3jJ4kK5lL6zZ7xX8cC9vV0bB1nN2mM3qW4eR5tT6yU7iI8oO9pP0aS1dF2gG3hH4jJ5kK6lL7zZ8xX9cC0vB1nN2mQ3wE4rR5tT6yY7uU8iI9oO0pP1aS2dF3gG4hH5jJ6kK7l4hH5jJ6kK7lL8zX9cV0bN1nM2qW3eR4tT5yU6iI7oO8pP9aS0dF1gG2hH3jJ4kK5lL6zZ7xX8cC9vV0bB1nN2mM3qW4eR5tT6yU7iI8oO9pP0aS1dF2gG3hH4jJ5kK6lL7zZ8xX9cC0vB1nN2mQ3wE4rR5tT6yY7uU8iI9oO0pP1aS2dF3gG4hH5jJ6kK7lL8zX9cV0bN1nM2qW3eR4tT5yU6iI7oO8pP9aS0dF1gG2hH3jJ4kK5lL6zZ7xX8cC9vV0bB1nN2mM3qW4eR5tT6yU7iI8oO9pP0aS1dF2gG3hH4jJ5kK6lL7zZ8xX9cC0vB1nN2mQ3wE4rR5tT6yY7uU8iI9oO0pP1aS2dF3gG4hH5jJ6kK7l4hH5jJ6kK7lL8zX9cV0bN1nM2qW3eR4tT5yU6iI7oO8pP9aS0dF1gG2hH3jJ4kK5lL6zZ7xX8cC9vV0bB1nN2mM3qW4eR5tT6yU7iI8oO9pP0aS1dF2gG3hH4jJ5kK6lL7zZ8xX9cC0vB1nN2mQ3wE4rR5tT6yY7uU8iI9oO0pP1aS2dF3gG4hH5jJ6kK7lL8zX9cV0bN1nM2qW3eR4tT5yU6iI7oO8pP9aS0dF1gG2hH3jJ4kK5lL6zZ7xX8cC9vV0bB1nN2mM3qW4eR5tT6yU7iI8oO9pP0aS1dF2gG3hH4jJ5kK6lL7zZ8xX9cC0vB1nN2mQ3wE4rR5tT6yY7uU8iI9oO0pP1aS2dF3gG4hH5jJ6kK7l4hH5jJ6kK7lL8zX9cV0bN1nM2qW3eR4tT5yU6iI7oO8pP9aS0dF1gG2hH3jJ4kK5lL6zZ7xX8cC9vV0bB1nN2mM3qW4eR5tT6yU7iI8oO9pP0aS1dF2gG3hH4jJ5kK6lL7zZ8xX9cC0vB1nN2mQ3wE4rR5tT6yY7uU8iI9oO0pP1aS2dF3gG4hH5jJ6kK7lL8zX9cV0bN1nM2qW3eR4tT5yU6iI7oO8pP9aS0dF1gG2hH3jJ4kK5lL6zZ7xX8cC9vV0bB1nN2mM3qW4eR5tT6yU7iI8oO9pP0aS1dF2gG3hH4jJ5kK6lL7zZ8xX9cC0vB1nN2mQ3wE4rR5tT6yY7uU8iI9oO0pP1aS2dF3gG4hH5jJ6kK7l4hH5jJ6kK7lL8zX9cV0bN1nM2qW3eR4tT5yU6iI7oO8pP9aS0dF1gG2hH3jJ4kK5lL6zZ7xX8cC9vV0bB1nN2mM3qW4eR5tT6yU7iI8oO9pP0aS1dF2gG3hH4jJ5kK6lL7zZ8xX9cC0vB1nN2mQ3wE4rR5tT6yY7uU8iI9oO0pP1aS2dF3gG4hH5jJ6kK7lL8zX9cV0bN1nM2qW3eR4tT5yU6iI7oO8pP9aS0dF1gG2hH3jJ4kK5lL6zZ7xX8cC9vV0bB1nN2mM3qW4eR5tT6yU7iI8oO9pP0aS1dF2gG3hH4jJ5kK6lL7zZ8xX9cC0vB1nN2mQ3wE4rR5tT6yY7uU8iI9oO0pP1aS2dF3gG4hH5jJ6kK7l4hH5jJ6kK7lL8zX9cV0bN1nM2qW3eR4tT5yU6iI7oO8pP9aS0dF1gG2hH3jJ4kK5lL6z7nB9vR2mX8kLp4QjW3tY5zH1aG6sF9dD0fS8gA7hJ6kL5mN4bV3vC2xZ1oP9iU8uY7tT6rR5eE4wW3qQ2aZ1sX2dC3fV4gB5hN6jM7kL8pO9iU0yT1rE2wQ3aS4dF5gG6hH7jJ8kK9lL0zZ1xX2cC3vV4bB5nN6mM7qQ8wW9eE0rR1tT2yY3uU4iI5oO6pP7aA8sS9dD0fF1gG2hH3jJ4kK5lL6zZ7xX8cC9vV0bB1nN2mM3qW4eR5tT6yU7iI8oO9pP0aS1dF2gG3hH4jJ5kK6lL7zZ8xX9cC0vB1nN2mQ3wE4rR5tT6yY7uU8iI9oO0pP1aS2dF3gG4hH5jJ6kK7lL8zX9cV0bN1nM2qW3eR4tT5yU6iI7oO8pP9aS0dF1gG2hH3jJ4kK5lL6zZ7xX8cC9vV0bB1nN2mM3qW4eR5tT6yU7iI8oO9pP0aS1dF2gG3hH4jJ5kK6lL7zZ8xX9cC0vB1nN2mQ3wE4rR5tT6yY7uU8iI9oO0pP1aS2dF3gG4hH5jJ6kK7lL8zX9cV0bN1nM2qW3eR4tT5yU6iI7oO8pP9aS0dF1gG2hH3jJ4kK5lL6zZ7xX8cC9vV0bB1nN2mM3qW4eR5tT6yU7iI8oO9pP0aS1dF2gG3hH4jJ5kK6lL7zZ8xX9cC0vB1nN2mQ3wE4rR5tT6yY7uU8iI9oO0pP1aS2dF3gG4hH5jJ6kK7lL8zX9cV0bN1nM2qW3eR4tT5yU6iI7oO8pP9aS0dF1gG2hH3jJ4kK5lL6zZ7xX8cC9vV0bB1nN2mM3qW4eR5tT6yU7iI8oO9pP0aS1dF2gG3hH4jJ5kK6lL7zZ8xX9cC0vB1nN2mQ3wE4rR5tT6yY7uU8iI9oO0pP1aS2dF3gG4hH5jJ6kK7lL8zX9cV0bN1nM2qW3eR4tT5yU6iI7oO8pP9aS0dF1gG2hH3jJ4kK5lL6zZ7xX8cC9vV0bB1nN2mM3qW4eR5tT6yU7iI8oO9pP0aS1dF2gG3hH4jJ5kK6lL7zZ8xX9cC0vB1nN2mQ3wE4rR5tT6yY7uU8iI9oO0pP1aS2dF3gG4hH5jJ6kK7l4hH5jJ6kK7lL8zX9cV0bN1nM2qW3eR4tT5yU6iI7oO8pP9aS0dF1gG2hH3jJ4kK5lL6zZ7xX8cC9vV0bB1nN2mM3qW4eR5tT6yU7iI8oO9pP0aS1dF2gG3hH4jJ5kK6lL7zZ8xX9cC0vB1nN2mQ3wE4rR5tT6yY7uU8iI9oO0pP1aS2dF3gG4hH5jJ6kK7lL8zX9cV0bN1nM2qW3eR4tT5yU6iI7oO8pP9aS0dF1gG2hH3jJ4kK5lL6zZ7xX8cC9vV0bB1nN2mM3qW4eR5tT6yU7iI8oO9pP0aS1dF2gG3hH4jJ5kK6lL7zZ8xX9cC0vB1nN2mQ3wE4rR5tT6yY7uU8iI9oO0pP1aS2dF3gG4hH5jJ6kK7l4hH5jJ6kK7lL8zX9cV0bN1nM2qW3eR4tT5yU6iI7oO8pP9aS0dF1gG2hH3jJ4kK5lL6zZ7xX8cC9vV0bB1nN2mM3qW4eR5tT6yU7iI8oO9pP0aS1dF2gG3hH4jJ5kK6lL7zZ8xX9cC0vB1nN2mQ3wE4rR5tT6yY7uU8iI9oO0pP1aS2dF3gG4hH5jJ6kK7lL8zX9cV0bN1nM2qW3eR4tT5yU6iI7oO8pP9aS0dF1gG2hH3jJ4kK5lL6zZ7xX8cC9vV0bB1nN2mM3qW4eR5tT6yU7iI8oO9pP0aS1dF2gG3hH4jJ5kK6lL7zZ8xX9cC0vB1nN2mQ3wE4rR5tT6yY7uU8iI9oO0pP1aS2dF3gG4hH5jJ6kK7l4hH5jJ6kK7lL8zX9cV0bN1nM2qW3eR4tT5yU6iI7oO8pP9aS0dF1gG2hH3jJ4kK5lL6zZ7xX8cC9vV0bB1nN2mM3qW4eR5tT6yU7iI8oO9pP0aS1dF2gG3hH4jJ5kK6lL7zZ8xX9cC0vB1nN2mQ3wE4rR5tT6yY7uU8iI9oO0pP1aS2dF3gG4hH5jJ6kK7lL8zX9cV0bN1nM2qW3eR4tT5yU6iI7oO8pP9aS0dF1gG2hH3jJ4kK5lL6zZ7xX8cC9vV0bB1nN2mM3qW4eR5tT6yU7iI8oO9pP0aS1dF2gG3hH4jJ5kK6lL7zZ8xX9cC0vB1nN2mQ3wE4rR5tT6yY7uU8iI9oO0pP1aS2dF3gG4hH5jJ6kK7l4hH5jJ6kK7lL8zX9cV0bN1nM2qW3eR4tT5yU6iI7oO8pP9aS0dF1gG2hH3jJ4kK5lL6zZ7xX8cC9vV0bB1nN2mM3qW4eR5tT6yU7iI8oO9pP0aS1dF2gG3hH4jJ5kK6lL7zZ8xX9cC0vB1nN2mQ3wE4rR5tT6yY7uU8iI9oO0pP1aS2dF3gG4hH5jJ6kK7lL8zX9cV0bN1nM2qW3eR4tT5yU6iI7oO8pP9aS0dF1gG2hH3jJ4kK5lL6zZ7xX8cC9vV0bB1nN2mM3qW4eR5tT6yU7iI8oO9pP0aS1dF2gG3hH4jJ5kK6lL7zZ8xX9cC0vB1nN2mQ3wE4rR5tT6yY7uU8iI9oO0pP1aS2dF3gG4hH5jJ6kK7l4hH5jJ6kK7lL8zX9cV0bN1nM2qW3eR4tT5yU6iI7oO8pP9aS0dF1gG2hH3jJ4kK5lL6zZ7xX8cC9vV0bB1nN2mM3qW4eR5tT6yU7iI8oO9pP0aS1dF2gG3hH4jJ5kK6lL7zZ8xX9cC0vB1nN2mQ3wE4rR5tT6yY7uU8iI9oO0pP1aS2dF3gG4hH5jJ6kK7lL8zX9cV0bN1nM2qW3eR4tT5yU6iI7oO8pP9aS0dF1gG2hH3jJ4kK5lL6zZ7xX8cC9vV0bB1nN2mM3qW4eR5tT6yU7iI8oO9pP0aS1dF2gG3hH4jJ5kK6lL7zZ8xX9cC0vB1nN2mQ3wE4rR5tT6yY7uU8iI9oO0pP1aS2dF3gG4hH5jJ6kK7l4hH5jJ6kK7lL8zX9cV0bN1nM2qW3eR4tT5yU6iI7oO8pP9aS0dF1gG2hH3jJ4kK5lL6zZ7xX8cC9vV0bB1nN2mM3qW4eR5tT6yU7iI8oO9pP0aS1dF2gG3hH4jJ5kK6lL7zZ8xX9cC0vB1nN2mQ3wE4rR5tT6yY7uU8iI9oO0pP1aS2dF3gG4hH5jJ6kK7lL8zX9cV0bN1nM2qW3eR4tT5yU6iI7oO8pP9aS0dF1gG2hH3jJ4kK5lL6zZ7xX8cC9vV0bB1nN2mM3qW4eR5tT6yU7iI8oO9pP0aS1dF2gG3hH4jJ5kK6lL7zZ8xX9cC0vB1nN2mQ3wE4rR5tT6yY7uU8iI9oO0pP1aS2dF3gG4hH5jJ6kK7l4hH5jJ6kK7lL8zX9cV0bN1nM2qW3eR4tT5yU6iI7oO8pP9aS0dF1gG2hH3jJ4kK5lL6zZ7xX8cC9vV0bB1nN2mM3qW4eR5tT6yU7iI8oO9pP0aS1dF2gG3hH4jJ5kK6lL7zZ8xX9cC0vB1nN2mQ3wE4rR5tT6yY7uU8iI9oO0pP1aS2dF3gG4hH5jJ6kK7lL8zX9cV0bN1nM2qW3eR4tT5yU6iI7oO8pP9aS0dF1gG2hH3jJ4kK5lL6zZ7xX8cC9vV0bB1nN2mM3qW4eR5tT6yU7iI8oO9pP0aS1dF2gG3hH4jJ5kK6lL7zZ8xX9cC0vB1nN2mQ3wE4rR5tT6yY7uU8iI9oO0pP1aS2dF3gG4hH5jJ6kK7l4hH5jJ6kK7lL8zX9cV0bN1nM2qW3eR4tT5yU6iI7oO8pP9aS0dF1gG2hH3jJ4kK5lL6z7nB9vR2mX8kLp4QjW3tY5zH1aG6sF9dD0fS8gA7hJ6kL5mN4bV3vC2xZ1oP9iU8uY7tT6rR5eE4wW3qQ2aZ1sX2dC3fV4gB5hN6jM7kL8pO9iU0yT1rE2wQ3aS4dF5gG6hH7jJ8kK9lL0zZ1xX2cC3vV4bB5nN6mM7qQ8wW9eE0rR1tT2yY3uU4iI5oO6pP7aA8sS9dD0fF1gG2hH3jJ4kK5lL6zZ7xX8cC9vV0bB1nN2mM3qW4eR5tT6yU7iI8oO9pP0aS1dF2gG3hH4jJ5kK6lL7zZ8xX9cC0vB1nN2mQ3wE4rR5tT6yY7uU8iI9oO0pP1aS2dF3gG4hH5jJ6kK7lL8zX9cV0bN1nM2qW3eR4tT5yU6iI7oO8pP9aS0dF1gG2hH3jJ4kK5lL6zZ7xX8cC9vV0bB1nN2mM3qW4eR5tT6yU7iI8oO9pP0aS1dF2gG3hH4jJ5kK6lL7zZ8xX9cC0vB1nN2mQ3wE4rR5tT6yY7uU8iI9oO0pP1aS2dF3gG4hH5jJ6kK7lL8zX9cV0bN1nM2qW3eR4tT5yU6iI7oO8pP9aS0dF1gG2hH3jJ4kK5lL6zZ7xX8cC9vV0bB1nN2mM3qW4eR5tT6yU7iI8oO9pP0aS1dF2gG3hH4jJ5kK6lL7zZ8xX9cC0vB1nN2mQ3wE4rR5tT6yY7uU8iI9oO0pP1aS2dF3gG4hH5jJ6kK7lL8zX9cV0bN1nM2qW3eR4tT5yU6iI7oO8pP9aS0dF1gG2hH3jJ4kK5lL6zZ7xX8cC9vV0bB1nN2mM3qW4eR5tT6yU7iI8oO9pP0aS1dF2gG3hH4jJ5kK6lL7zZ8xX9cC0vB1nN2mQ3wE4rR5tT6yY7uU8iI9oO0pP1aS2dF3gG4hH5jJ6kK7lL8zX9cV0bN1nM2qW3eR4tT5yU6iI7oO8pP9aS0dF1gG2hH3jJ4kK5lL6zZ7xX8cC9vV0bB1nN2mM3qW4eR5tT6yU7iI8oO9pP0aS1dF2gG3hH4jJ5kK6lL7zZ8xX9cC0vB1nN2mQ3wE4rR5tT6yY7uU8iI9oO0pP1aS2dF3gG4hH5jJ6kK7l4hH5jJ6kK7lL8zX9cV0bN1nM2qW3eR4tT5yU6iI7oO8pP9aS0dF1gG2hH3jJ4kK5lL6zZ7xX8cC9vV0bB1nN2mM3qW4eR5tT6yU7iI8oO9pP0aS1dF2gG3hH4jJ5kK6lL7zZ8xX9cC0vB1nN2mQ3wE4rR5tT6yY7uU8iI9oO0pP1aS2dF3gG4hH5jJ6kK7lL8zX9cV0bN1nM2qW3eR4tT5yU6iI7oO8pP9aS0dF1gG2hH3jJ4kK5lL6zZ7xX8cC9vV0bB1nN2mM3qW4eR5tT6yU7iI8oO9pP0aS1dF2gG3hH4jJ5kK6lL7zZ8xX9cC0vB1nN2mQ3wE4rR5tT6yY7uU8iI9oO0pP1aS2dF3gG4hH5jJ6kK7l4hH5jJ6kK7lL8zX9cV0bN1nM2qW3eR4tT5yU6iI7oO8pP9aS0dF1gG2hH3jJ4kK5lL6zZ7xX8cC9vV0bB1nN2mM3qW4eR5tT6yU7iI8oO9pP0aS1dF2gG3hH4jJ5kK6lL7zZ8xX9cC0vB1nN2mQ3wE4rR5tT6yY7uU8iI9oO0pP1aS2dF3gG4hH5jJ6kK7lL8zX9cV0bN1nM2qW3eR4tT5yU6iI7oO8pP9aS0dF1gG2hH3jJ4kK5lL6zZ7xX8cC9vV0bB1nN2mM3qW4eR5tT6yU7iI8oO9pP0aS1dF2gG3hH4jJ5kK6lL7zZ8xX9cC0vB1nN2mQ3wE4rR5tT6yY7uU8iI9oO0pP1aS2dF3gG4hH5jJ6kK7l4hH5jJ6kK7lL8zX9cV0bN1nM2qW3eR4tT5yU6iI7oO8pP9aS0dF1gG2hH3jJ4kK5lL6zZ7xX8cC9vV0bB1nN2mM3qW4eR5tT6yU7iI8oO9pP0aS1dF2gG3hH4jJ5kK6lL7zZ8xX9cC0vB1nN2mQ3wE4rR5tT6yY7uU8iI9oO0pP1aS2dF3gG4hH5jJ6kK7lL8zX9cV0bN1nM2qW3eR4tT5yU6iI7oO8pP9aS0dF1gG2hH3jJ4kK5lL6zZ7xX8cC9vV0bB1nN2mM3qW4eR5tT6yU7iI8oO9pP0aS1dF2gG3hH4jJ5kK6lL7zZ8xX9cC0vB1nN2mQ3wE4rR5tT6yY7uU8iI9oO0pP1aS2dF3gG4hH5jJ6kK7l4hH5jJ6kK7lL8zX9cV0bN1nM2qW3eR4tT5yU6iI7oO8pP9aS0dF1gG2hH3jJ4kK5lL6zZ7xX8cC9vV0bB1nN2mM3qW4eR5tT6yU7iI8oO9pP0aS1dF2gG3hH4jJ5kK6lL7zZ8xX9cC0vB1nN2mQ3wE4rR5tT6yY7uU8iI9oO0pP1aS2dF3gG4hH5jJ6kK7lL8zX9cV0bN1nM2qW3eR4tT5yU6iI7oO8pP9aS0dF1gG2hH3jJ4kK5lL6zZ7xX8cC9vV0bB1nN2mM3qW4eR5tT6yU7iI8oO9pP0aS1dF2gG3hH4jJ5kK6lL7zZ8xX9cC0vB1nN2mQ3wE4rR5tT6yY7uU8iI9oO0pP1aS2dF3gG4hH5jJ6kK7l4hH5jJ6kK7lL8zX9cV0bN1nM2qW3eR4tT5yU6iI7oO8pP9aS0dF1gG2hH3jJ4kK5lL6zZ7xX8cC9vV0bB1nN2mM3qW4eR5tT6yU7iI8oO9pP0aS1dF2gG3hH4jJ5kK6lL7zZ8xX9cC0vB1nN2mQ3wE4rR5tT6yY7uU8iI9oO0pP1aS2dF3gG4hH5jJ6kK7lL8zX9cV0bN1nM2qW3eR4tT5yU6iI7oO8pP9aS0dF1gG2hH3jJ4kK5lL6zZ7xX8cC9vV0bB1nN2mM3qW4eR5tT6yU7iI8oO9pP0aS1dF2gG3hH4jJ5kK6lL7zZ8xX9cC0vB1nN2mQ3wE4rR5tT6yY7uU8iI9oO0pP1aS2dF3gG4hH5jJ6kK7l4hH5jJ6kK7lL8zX9cV0bN1nM2qW3eR4tT5yU6iI7oO8pP9aS0dF1gG2hH3jJ4kK5lL6zZ7xX8cC9vV0bB1nN2mM3qW4eR5tT6yU7iI8oO9pP0aS1dF2gG3hH4jJ5kK6lL7zZ8xX9cC0vB1nN2mQ3wE4rR5tT6yY7uU8iI9oO0pP1aS2dF3gG4hH5jJ6kK7lL8zX9cV0bN1nM2qW3eR4tT5yU6iI7oO8pP9aS0dF1gG2hH3jJ4kK5lL6zZ7xX8cC9vV0bB1nN2mM3qW4eR5tT6yU7iI8oO9pP0aS1dF2gG3hH4jJ5kK6lL7zZ8xX9cC0vB1nN2mQ3wE4rR5tT6yY7uU8iI9oO0pP1aS2dF3gG4hH5jJ6kK7l4hH5jJ6kK7lL8zX9cV0bN1nM2qW3eR4tT5yU6iI7oO8pP9aS0dF1gG2hH3jJ4kK5lL6zZ7xX8cC9vV0bB1nN2mM3qW4eR5tT6yU7iI8oO9pP0aS1dF2gG3hH4jJ5kK6lL7zZ8xX9cC0vB1nN2mQ3wE4rR5tT6yY7uU8iI9oO0pP1aS2dF3gG4hH5jJ6kK7lL8zX9cV0bN1nM2qW3eR4tT5yU6iI7oO8pP9aS0dF1gG2hH3jJ4kK5lL6zZ7xX8cC9vV0bB1nN2mM3qW4eR5tT6yU7iI8oO9pP0aS1dF2gG3hH4jJ5kK6lL7zZ8xX9cC0vB1nN2mQ3wE4rR5tT6yY7uU8iI9oO0pP1aS2dF3gG4hH5jJ6kK7l4hH5jJ6kK7lL8zX9cV0bN1nM2qW3eR4tT5yU6iI7oO8pP9aS0dF1gG2hH3jJ4kK5lL6z7nB9vR2mX8kLp4QjW3tY5zH1aG6sF9dD0fS8gA7hJ6kL5mN4bV3vC2xZ1oP9iU8uY7tT6rR5eE4wW3qQ2aZ1sX2dC3fV4gB5hN6jM7kL8pO9iU0yT1rE2wQ3aS4dF5gG6hH7jJ8kK9lL0zZ1xX2cC3vV4bB5nN6mM7qQ8wW9eE0rR1tT2yY3uU4iI5oO6pP7aA8sS9dD0fF1gG2hH3jJ4kK5lL6zZ7xX8cC9vV0bB1nN2mM3qW4eR5tT6yU7iI8oO9pP0aS1dF2gG3hH4jJ5kK6lL7zZ8xX9cC0vB1nN2mQ3wE4rR5tT6yY7uU8iI9oO0pP1aS2dF3gG4hH5jJ6kK7lL8zX9cV0bN1nM2qW3eR4tT5yU6iI7oO8pP9aS0dF1gG2hH3jJ4kK5lL6zZ7xX8cC9vV0bB1nN2mM3qW4eR5tT6yU7iI8oO9pP0aS1dF2gG3hH4jJ5kK6lL7zZ8xX9cC0vB1nN2mQ3wE4rR5tT6yY7uU8iI9oO0pP1aS2dF3gG4hH5jJ6kK7lL8zX9cV0bN1nM2qW3eR4tT5yU6iI7oO8pP9aS0dF1gG2hH3jJ4kK5lL6zZ7xX8cC9vV0bB1nN2mM3qW4eR5tT6yU7iI8oO9pP0aS1dF2gG3hH4jJ5kK6lL7zZ8xX9cC0vB1nN2mQ3wE4rR5tT6yY7uU8iI9oO0pP1aS2dF3gG4hH5jJ6kK7lL8zX9cV0bN1nM2qW3eR4tT5yU6iI7oO8pP9aS0dF1gG2hH3jJ4kK5lL6zZ7xX8cC9vV0bB1nN2mM3qW4eR5tT6yU7iI8oO9pP0aS1dF2gG3hH4jJ5kK6lL7zZ8xX9cC0vB1nN2mQ3wE4rR5tT6yY7uU8iI9oO0pP1aS2dF3gG4hH5jJ6kK7lL8zX9cV0bN1nM2qW3eR4tT5yU6iI7oO8pP9aS0dF1gG2hH3jJ4kK5lL6zZ7xX8cC9vV0bB1nN2mM3qW4eR5tT6yU7iI8oO9pP0aS1dF2gG3hH4jJ5kK6lL7zZ8xX9cC0vB1nN2mQ3wE4rR5tT6yY7uU8iI9oO0pP1aS2dF3gG4hH5jJ6kK7l4hH5jJ6kK7lL8zX9cV0bN1nM2qW3eR4tT5yU6iI7oO8pP9aS0dF1gG2hH3jJ4kK5lL6zZ7xX8cC9vV0bB1nN2mM3qW4eR5tT6yU7iI8oO9pP0aS1dF2gG3hH4jJ5kK6lL7zZ8xX9cC0vB1nN2mQ3wE4rR5tT6yY7uU8iI9oO0pP1aS2dF3gG4hH5jJ6kK7lL8zX9cV0bN1nM2qW3eR4tT5yU6iI7oO8pP9aS0dF1gG2hH3jJ4kK5lL6zZ7xX8cC9vV0bB1nN2mM3qW4eR5tT6yU7iI8oO9pP0aS1dF2gG3hH4jJ5kK6lL7zZ8xX9cC0vB1nN2mQ3wE4rR5tT6yY7uU8iI9oO0pP1aS2dF3gG4hH5jJ6kK7l4hH5jJ6kK7lL8zX9cV0bN1nM2qW3eR4tT5yU6iI7oO8pP9aS0dF1gG2hH3jJ4kK5lL6zZ7xX8cC9vV0bB1nN2mM3qW4eR5tT6yU7iI8oO9pP0aS1dF2gG3hH4jJ5kK6lL7zZ8xX9cC0vB1nN2mQ3wE4rR5tT6yY7uU8iI9oO0pP1aS2dF3gG4hH5jJ6kK7lL8zX9cV0bN1nM2qW3eR4tT5yU6iI7oO8pP9aS0dF1gG2hH3jJ4kK5lL6zZ7xX8cC9vV0bB1nN2mM3qW4eR5tT6yU7iI8oO9pP0aS1dF2gG3hH4jJ5kK6lL7zZ8xX9cC0vB1nN2mQ3wE4rR5tT6yY7uU8iI9oO0pP1aS2dF3gG4hH5jJ6kK7l4hH5jJ6kK7lL8zX9cV0bN1nM2qW3eR4tT5yU6iI7oO8pP9aS0dF1gG2hH3jJ4kK5lL6zZ7xX8cC9vV0bB1nN2mM3qW4eR5tT6yU7iI8oO9pP0aS1dF2gG3hH4jJ5kK6lL7zZ8xX9cC0vB1nN2mQ3wE4rR5tT6yY7uU8iI9oO0pP1aS2dF3gG4hH5jJ6kK7lL8zX9cV0bN1nM2qW3eR4tT5yU6iI7oO8pP9aS0dF1gG2hH3jJ4kK5lL6zZ7xX8cC9vV0bB1nN2mM3qW4eR5tT6yU7iI8oO9pP0aS1dF2gG3hH4jJ5kK6lL7zZ8xX9cC0vB1nN2mQ3wE4rR5tT6yY7uU8iI9oO0pP1aS2dF3gG4hH5jJ6kK7l4hH5jJ6kK7lL8zX9cV0bN1nM2qW3eR4tT5yU6iI7oO8pP9aS0dF1gG2hH3jJ4kK5lL6zZ7xX8cC9vV0bB1nN2mM3qW4eR5tT6yU7iI8oO9pP0aS1dF2gG3hH4jJ5kK6lL7zZ8xX9cC0vB1nN2mQ3wE4rR5tT6yY7uU8iI9oO0pP1aS2dF3gG4hH5jJ6kK7lL8zX9cV0bN1nM2qW3eR4tT5yU6iI7oO8pP9aS0dF1gG2hH3jJ4kK5lL6zZ7xX8cC9vV0bB1nN2mM3qW4eR5tT6yU7iI8oO9pP0aS1dF2gG3hH4jJ5kK6lL7zZ8xX9cC0vB1nN2mQ3wE4rR5tT6yY7uU8iI9oO0pP1aS2dF3gG4hH5jJ6kK7l4hH5jJ6kK7lL8zX9cV0bN1nM2qW3eR4tT5yU6iI7oO8pP9aS0dF1gG2hH3jJ4kK5lL6zZ7xX8cC9vV0bB1nN2mM3qW4eR5tT6yU7iI8oO9pP0aS1dF2gG3hH4jJ5kK6lL7zZ8xX9cC0vB1nN2mQ3wE4rR5tT6yY7uU8iI9oO0pP1aS2dF3gG4hH5jJ6kK7lL8zX9cV0bN1nM2qW3eR4tT5yU6iI7oO8pP9aS0dF1gG2hH3jJ4kK5lL6zZ7xX8cC9vV0bB1nN2mM3qW4eR5tT6yU7iI8oO9pP0aS1dF2gG3hH4jJ5kK6lL7zZ8xX9cC0vB1nN2mQ3wE4rR5tT6yY7uU8iI9oO0pP1aS2dF3gG4hH5jJ6kK7l4hH5jJ6kK7lL8zX9cV0bN1nM2qW3eR4tT5yU6iI7oO8pP9aS0dF1gG2hH3jJ4kK5lL6zZ7xX8cC9vV0bB1nN2mM3qW4eR5tT6yU7iI8oO9pP0aS1dF2gG3hH4jJ5kK6lL7zZ8xX9cC0vB1nN2mQ3wE4rR5tT6yY7uU8iI9oO0pP1aS2dF3gG4hH5jJ6kK7lL8zX9cV0bN1nM2qW3eR4tT5yU6iI7oO8pP9aS0dF1gG2hH3jJ4kK5lL6zZ7xX8cC9vV0bB1nN2mM3qW4eR5tT6yU7iI8oO9pP0aS1dF2gG3hH4jJ5kK6lL7zZ8xX9cC0vB1nN2mQ3wE4rR5tT6yY7uU8iI9oO0pP1aS2dF3gG4hH5jJ6kK7l4hH5jJ6kK7lL8zX9cV0bN1nM2qW3eR4tT5yU6iI7oO8pP9aS0dF1gG2hH3jJ4kK5lL6zZ7xX8cC9vV0bB1nN2mM3qW4eR5tT6yU7iI8oO9pP0aS1dF2gG3hH4jJ5kK6lL7zZ8xX9cC0vB1nN2mQ3wE4rR5tT6yY7uU8iI9oO0pP1aS2dF3gG4hH5jJ6kK7lL8zX9cV0bN1nM2qW3eR4tT5yU6iI7oO8pP9aS0dF1gG2hH3jJ4kK5lL6zZ7xX8cC9vV0bB1nN2mM3qW4eR5tT6yU7iI8oO9pP0aS1dF2gG3hH4jJ5kK6lL7zZ8xX9cC0vB1nN2mQ3wE4rR5tT6yY7uU8iI9oO0pP1aS2dF3gG4hH5jJ6kK7l4hH5jJ6kK7lL8zX9cV0bN1nM2qW3eR4tT5yU6iI7oO8pP9aS0dF1gG2hH3jJ4kK5lL6z7nB9vR2mX8kLp4QjW3tY5zH1aG6sF9dD0fS8gA7hJ6kL5mN4bV3vC2xZ1oP9iU8uY7tT6rR5eE4wW3qQ2aZ1sX2dC3fV4gB5hN6jM7kL8pO9iU0yT1rE2wQ3aS4dF5gG6hH7jJ8kK9lL0zZ1xX2cC3vV4bB5nN6mM7qQ8wW9eE0rR1tT2yY3uU4iI5oO6pP7aA8sS9dD0fF1gG2hH3jJ4kK5lL6zZ7xX8cC9vV0bB1nN2mM3qW4eR5tT6yU7iI8oO9pP0aS1dF2gG3hH4jJ5kK6lL7zZ8xX9cC0vB1nN2mQ3wE4rR5tT6yY7uU8iI9oO0pP1aS2dF3gG4hH5jJ6kK7lL8zX9cV0bN1nM2qW3eR4tT5yU6iI7oO8pP9aS0dF1gG2hH3jJ4kK5lL6zZ7xX8cC9vV0bB1nN2mM3qW4eR5tT6yU7iI8oO9pP0aS1dF2gG3hH4jJ5kK6lL7zZ8xX9cC0vB1nN2mQ3wE4rR5tT6yY7uU8iI9oO0pP1aS2dF3gG4hH5jJ6kK7lL8zX9cV0bN1nM2qW3eR4tT5yU6iI7oO8pP9aS0dF1gG2hH3jJ4kK5lL6zZ7xX8cC9vV0bB1nN2mM3qW4eR5tT6yU7iI8oO9pP0aS1dF2gG3hH4jJ5kK6lL7zZ8xX9cC0vB1nN2mQ3wE4rR5tT6yY7uU8iI9oO0pP1aS2dF3gG4hH5jJ6kK7lL8zX9cV0bN1nM2qW3eR4tT5yU6iI7oO8pP9aS0dF1gG2hH3jJ4kK5lL6zZ7xX8cC9vV0bB1nN2mM3qW4eR5tT6yU7iI8oO9pP0aS1dF2gG3hH4jJ5kK6lL7zZ8xX9cC0vB1nN2mQ3wE4rR5tT6yY7uU8iI9oO0pP1aS2dF3gG4hH5jJ6kK7lL8zX9cV0bN1nM2qW3eR4tT5yU6iI7oO8pP9aS0dF1gG2hH3jJ4kK5lL6zZ7xX8cC9vV0bB1nN2mM3qW4eR5tT6yU7iI8oO9pP0aS1dF2gG3hH4jJ5kK6lL7zZ8xX9cC0vB1nN2mQ3wE4rR5tT6yY7uU8iI9oO0pP1aS2dF3gG4hH5jJ6kK7l4hH5jJ6kK7lL8zX9cV0bN1nM2qW3eR4tT5yU6iI7oO8pP9aS0dF1gG2hH3jJ4kK5lL6zZ7xX8cC9vV0bB1nN2mM3qW4eR5tT6yU7iI8oO9pP0aS1dF2gG3hH4jJ5kK6lL7zZ8xX9cC0vB1nN2mQ3wE4rR5tT6yY7uU8iI9oO0pP1aS2dF3gG4hH5jJ6kK7lL8zX9cV0bN1nM2qW3eR4tT5yU6iI7oO8pP9aS0dF1gG2hH3jJ4kK5lL6zZ7xX8cC9vV0bB1nN2mM3qW4eR5tT6yU7iI8oO9pP0aS1dF2gG3hH4jJ5kK6lL7zZ8xX9cC0vB1nN2mQ3wE4rR5tT6yY7uU8iI9oO0pP1aS2dF3gG4hH5jJ6kK7l4hH5jJ6kK7lL8zX9cV0bN1nM2qW3eR4tT5yU6iI7oO8pP9aS0dF1gG2hH3jJ4kK5lL6zZ7xX8cC9vV0bB1nN2mM3qW4eR5tT6yU7iI8oO9pP0aS1dF2gG3hH4jJ5kK6lL7zZ8xX9cC0vB1nN2mQ3wE4rR5tT6yY7uU8iI9oO0pP1aS2dF3gG4hH5jJ6kK7lL8zX9cV0bN1nM2qW3eR4tT5yU6iI7oO8pP9aS0dF1gG2hH3jJ4kK5lL6zZ7xX8cC9vV0bB1nN2mM3qW4eR5tT6yU7iI8oO9pP0aS1dF2gG3hH4jJ5kK6lL7zZ8xX9cC0vB1nN2mQ3wE4rR5tT6yY7uU8iI9oO0pP1aS2dF3gG4hH5jJ6kK7l4hH5jJ6kK7lL8zX9cV0bN1nM2qW3eR4tT5yU6iI7oO8pP9aS0dF1gG2hH3jJ4kK5lL6zZ7xX8cC9vV0bB1nN2mM3qW4eR5tT6yU7iI8oO9pP0aS1dF2gG3hH4jJ5kK6lL7zZ8xX9cC0vB1nN2mQ3wE4rR5tT6yY7uU8iI9oO0pP1aS2dF3gG4hH5jJ6kK7lL8zX9cV0bN1nM2qW3eR4tT5yU6iI7oO8pP9aS0dF1gG2hH3jJ4kK5lL6zZ7xX8cC9vV0bB1nN2mM3qW4eR5tT6yU7iI8oO9pP0aS1dF2gG3hH4jJ5kK6lL7zZ8xX9cC0vB1nN2mQ3wE4rR5tT6yY7uU8iI9oO0pP1aS2dF3gG4hH5jJ6kK7l4hH5jJ6kK7lL8zX9cV0bN1nM2qW3eR4tT5yU6iI7oO8pP9aS0dF1gG2hH3jJ4kK5lL6zZ7xX8cC9vV0bB1nN2mM3qW4eR5tT6yU7iI8oO9pP0aS1dF2gG3hH4jJ5kK6lL7zZ8xX9cC0vB1nN2mQ3wE4rR5tT6yY7uU8iI9oO0pP1aS2dF3gG4hH5jJ6kK7lL8zX9cV0bN1nM2qW3eR4tT5yU6iI7oO8pP9aS0dF1gG2hH3jJ4kK5lL6zZ7xX8cC9vV0bB1nN2mM3qW4eR5tT6yU7iI8oO9pP0aS1dF2gG3hH4jJ5kK6lL7zZ8xX9cC0vB1nN2mQ3wE4rR5tT6yY7uU8iI9oO0pP1aS2dF3gG4hH5jJ6kK7l4hH5jJ6kK7lL8zX9cV0bN1nM2qW3eR4tT5yU6iI7oO8pP9aS0dF1gG2hH3jJ4kK5lL6zZ7xX8cC9vV0bB1nN2mM3qW4eR5tT6yU7iI8oO9pP0aS1dF2gG3hH4jJ5kK6lL7zZ8xX9cC0vB1nN2mQ3wE4rR5tT6yY7uU8iI9oO0pP1aS2dF3gG4hH5jJ6kK7lL8zX9cV0bN1nM2qW3eR4tT5yU6iI7oO8pP9aS0dF1gG2hH3jJ4kK5lL6zZ7xX8cC9vV0bB1nN2mM3qW4eR5tT6yU7iI8oO9pP0aS1dF2gG3hH4jJ5kK6lL7zZ8xX9cC0vB1nN2mQ3wE4rR5tT6yY7uU8iI9oO0pP1aS2dF3gG4hH5jJ6kK7l4hH5jJ6kK7lL8zX9cV0bN1nM2qW3eR4tT5yU6iI7oO8pP9aS0dF1gG2hH3jJ4kK5lL6zZ7xX8cC9vV0bB1nN2mM3qW4eR5tT6yU7iI8oO9pP0aS1dF2gG3hH4jJ5kK6lL7zZ8xX9cC0vB1nN2mQ3wE4rR5tT6yY7uU8iI9oO0pP1aS2dF3gG4hH5jJ6kK7lL8zX9cV0bN1nM2qW3eR4tT5yU6iI7oO8pP9aS0dF1gG2hH3jJ4kK5lL6zZ7xX8cC9vV0bB1nN2mM3qW4eR5tT6yU7iI8oO9pP0aS1dF2gG3hH4jJ5kK6lL7zZ8xX9cC0vB1nN2mQ3wE4rR5tT6yY7uU8iI9oO0pP1aS2dF3gG4hH5jJ6kK7l4hH5jJ6kK7lL8zX9cV0bN1nM2qW3eR4tT5yU6iI7oO8pP9aS0dF1gG2hH3jJ4kK5lL6zZ7xX8cC9vV0bB1nN2mM3qW4eR5tT6yU7iI8oO9pP0aS1dF2gG3hH4jJ5kK6lL7zZ8xX9cC0vB1nN2mQ3wE4rR5tT6yY7uU8iI9oO0pP1aS2dF3gG4hH5jJ6kK7lL8zX9cV0bN1nM2qW3eR4tT5yU6iI7oO8pP9aS0dF1gG2hH3jJ4kK5lL6zZ7xX8cC9vV0bB1nN2mM3qW4eR5tT6yU7iI8oO9pP0aS1dF2gG3hH4jJ5kK6lL7zZ8xX9cC0vB1nN2mQ3wE4rR5tT6yY7uU8iI9oO0pP1aS2dF3gG4hH5jJ6kK7l4hH5jJ6kK7lL8zX9cV0bN1nM2qW3eR4tT5yU6iI7oO8pP9aS0dF1gG2hH3jJ4kK5lL6z7nB9vR2mX8kLp4QjW3tY5zH1aG6sF9dD0fS8gA7hJ6kL5mN4bV3vC2xZ1oP9iU8uY7tT6rR5eE4wW3qQ2aZ1sX2dC3fV4gB5hN6jM7kL8pO9iU0yT1rE2wQ3aS4dF5gG6hH7jJ8kK9lL0zZ1xX2cC3vV4bB5nN6mM7qQ8wW9eE0rR1tT2yY3uU4iI5oO6pP7aA8sS9dD0fF1gG2hH3jJ4kK5lL6zZ7xX8cC9vV0bB1nN2mM3qW4eR5tT6yU7iI8oO9pP0aS1dF2gG3hH4jJ5kK6lL7zZ8xX9cC0vB1nN2mQ3wE4rR5tT6yY7uU8iI9oO0pP1aS2dF3gG4hH5jJ6kK7lL8zX9cV0bN1nM2qW3eR4tT5yU6iI7oO8pP9aS0dF1gG2hH3jJ4kK5lL6zZ7xX8cC9vV0bB1nN2mM3qW4eR5tT6yU7iI8oO9pP0aS1dF2gG3hH4jJ5kK6lL7zZ8xX9cC0vB1nN2mQ3wE4rR5tT6yY7uU8iI9oO0pP1aS2dF3gG4hH5jJ6kK7lL8zX9cV0bN1nM2qW3eR4tT5yU6iI7oO8pP9aS0dF1gG2hH3jJ4kK5lL6zZ7xX8cC9vV0bB1nN2mM3qW4eR5tT6yU7iI8oO9pP0aS1dF2gG3hH4jJ5kK6lL7zZ8xX9cC0vB1nN2mQ3wE4rR5tT6yY7uU8iI9oO0pP1aS2dF3gG4hH5jJ6kK7lL8zX9cV0bN1nM2qW3eR4tT5yU6iI7oO8pP9aS0dF1gG2hH3jJ4kK5lL6zZ7xX8cC9vV0bB1nN2mM3qW4eR5tT6yU7iI8oO9pP0aS1dF2gG3hH4jJ5kK6lL7zZ8xX9cC0vB1nN2mQ3wE4rR5tT6yY7uU8iI9oO0pP1aS2dF3gG4hH5jJ6kK7lL8zX9cV0bN1nM2qW3eR4tT5yU6iI7oO8pP9aS0dF1gG2hH3jJ4kK5lL6zZ7xX8cC9vV0bB1nN2mM3qW4eR5tT6yU7iI8oO9pP0aS1dF2gG3hH4jJ5kK6lL7zZ8xX9cC0vB1nN2mQ3wE4rR5tT6yY7uU8iI9oO0pP1aS2dF3gG4hH5jJ6kK7l4hH5jJ6kK7lL8zX9cV0bN1nM2qW3eR4tT5yU6iI7oO8pP9aS0dF1gG2hH3jJ4kK5lL6zZ7xX8cC9vV0bB1nN2mM3qW4eR5tT6yU7iI8oO9pP0aS1dF2gG3hH4jJ5kK6lL7zZ8xX9cC0vB1nN2mQ3wE4rR5tT6yY7uU8iI9oO0pP1aS2dF3gG4hH5jJ6kK7lL8zX9cV0bN1nM2qW3eR4tT5yU6iI7oO8pP9aS0dF1gG2hH3jJ4kK5lL6zZ7xX8cC9vV0bB1nN2mM3qW4eR5tT6yU7iI8oO9pP0aS1dF2gG3hH4jJ5kK6lL7zZ8xX9cC0vB1nN2mQ3wE4rR5tT6yY7uU8iI9oO0pP1aS2dF3gG4hH5jJ6kK7l4hH5jJ6kK7lL8zX9cV0bN1nM2qW3eR4tT5yU6iI7oO8pP9aS0dF1gG2hH3jJ4kK5lL6zZ7xX8cC9vV0bB1nN2mM3qW4eR5tT6yU7iI8oO9pP0aS1dF2gG3hH4jJ5kK6lL7zZ8xX9cC0vB1nN2mQ3wE4rR5tT6yY7uU8iI9oO0pP1aS2dF3gG4hH5jJ6kK7lL8zX9cV0bN1nM2qW3eR4tT5yU6iI7oO8pP9aS0dF1gG2hH3jJ4kK5lL6zZ7xX8cC9vV0bB1nN2mM3qW4eR5tT6yU7iI8oO9pP0aS1dF2gG3hH4jJ5kK6lL7zZ8xX9cC0vB1nN2mQ3wE4rR5tT6yY7uU8iI9oO0pP1aS2dF3gG4hH5jJ6kK7l4hH5jJ6kK7lL8zX9cV0bN1nM2qW3eR4tT5yU6iI7oO8pP9aS0dF1gG2hH3jJ4kK5lL6zZ7xX8cC9vV0bB1nN2mM3qW4eR5tT6yU7iI8oO9pP0aS1dF2gG3hH4jJ5kK6lL7zZ8xX9cC0vB1nN2mQ3wE4rR5tT6yY7uU8iI9oO0pP1aS2dF3gG4hH5jJ6kK7lL8zX9cV0bN1nM2qW3eR4tT5yU6iI7oO8pP9aS0dF1gG2hH3jJ4kK5lL6zZ7xX8cC9vV0bB1nN2mM3qW4eR5tT6yU7iI8oO9pP0aS1dF2gG3hH4jJ5kK6lL7zZ8xX9cC0vB1nN2mQ3wE4rR5tT6yY7uU8iI9oO0pP1aS2dF3gG4hH5jJ6kK7l4hH5jJ6kK7lL8zX9cV0bN1nM2qW3eR4tT5yU6iI7oO8pP9aS0dF1gG2hH3jJ4kK5lL6zZ7xX8cC9vV0bB1nN2mM3qW4eR5tT6yU7iI8oO9pP0aS1dF2gG3hH4jJ5kK6lL7zZ8xX9cC0vB1nN2mQ3wE4rR5tT6yY7uU8iI9oO0pP1aS2dF3gG4hH5jJ6kK7lL8zX9cV0bN1nM2qW3eR4tT5yU6iI7oO8pP9aS0dF1gG2hH3jJ4kK5lL6zZ7xX8cC9vV0bB1nN2mM3qW4eR5tT6yU7iI8oO9pP0aS1dF2gG3hH4jJ5kK6lL7zZ8xX9cC0vB1nN2mQ3wE4rR5tT6yY7uU8iI9oO0pP1aS2dF3gG4hH5jJ6kK7l4hH5jJ6kK7lL8zX9cV0bN1nM2qW3eR4tT5yU6iI7oO8pP9aS0dF1gG2hH3jJ4kK5lL6zZ7xX8cC9vV0bB1nN2mM3qW4eR5tT6yU7iI8oO9pP0aS1dF2gG3hH4jJ5kK6lL7zZ8xX9cC0vB1nN2mQ3wE4rR5tT6yY7uU8iI9oO0pP1aS2dF3gG4hH5jJ6kK7lL8zX9cV0bN1nM2qW3eR4tT5yU6iI7oO8pP9aS0dF1gG2hH3jJ4kK5lL6zZ7xX8cC9vV0bB1nN2mM3qW4eR5tT6yU7iI8oO9pP0aS1dF2gG3hH4jJ5kK6lL7zZ8xX9cC0vB1nN2mQ3wE4rR5tT6yY7uU8iI9oO0pP1aS2dF3gG4hH5jJ6kK7l4hH5jJ6kK7lL8zX9cV0bN1nM2qW3eR4tT5yU6iI7oO8pP9aS0dF1gG2hH3jJ4kK5lL6zZ7xX8cC9vV0bB1nN2mM3qW4eR5tT6yU7iI8oO9pP0aS1dF2gG3hH4jJ5kK6lL7zZ8xX9cC0vB1nN2mQ3wE4rR5tT6yY7uU8iI9oO0pP1aS2dF3gG4hH5jJ6kK7lL8zX9cV0bN1nM2qW3eR4tT5yU6iI7oO8pP9aS0dF1gG2hH3jJ4kK5lL6zZ7xX8cC9vV0bB1nN2mM3qW4eR5tT6yU7iI8oO9pP0aS1dF2gG3hH4jJ5kK6lL7zZ8xX9cC0vB1nN2mQ3wE4rR5tT6yY7uU8iI9oO0pP1aS2dF3gG4hH5jJ6kK7l4hH5jJ6kK7lL8zX9cV0bN1nM2qW3eR4tT5yU6iI7oO8pP9aS0dF1gG2hH3jJ4kK5lL6zZ7xX8cC9vV0bB1nN2mM3qW4eR5tT6yU7iI8oO9pP0aS1dF2gG3hH4jJ5kK6lL7zZ8xX9cC0vB1nN2mQ3wE4rR5tT6yY7uU8iI9oO0pP1aS2dF3gG4hH5jJ6kK7lL8zX9cV0bN1nM2qW3eR4tT5yU6iI7oO8pP9aS0dF1gG2hH3jJ4kK5lL6zZ7xX8cC9vV0bB1nN2mM3qW4eR5tT6yU7iI8oO9pP0aS1dF2gG3hH4jJ5kK6lL7zZ8xX9cC0vB1nN2mQ3wE4rR5tT6yY7uU8iI9oO0pP1aS2dF3gG4hH5jJ6kK7l4hH5jJ6kK7lL8zX9cV0bN1nM2qW3eR4tT5yU6iI7oO8pP9aS0dF1gG2hH3jJ4kK5lL6z7nB9vR2mX8kLp4QjW3tY5zH1aG6sF9dD0fS8gA7hJ6kL5mN4bV3vC2xZ1oP9iU8uY7tT6rR5eE4wW3qQ2aZ1sX2dC3fV4gB5hN6jM7kL8pO9iU0yT1rE2wQ3aS4dF5gG6hH7jJ8kK9lL0zZ1xX2cC3vV4bB5nN6mM7qQ8wW9eE0rR1tT2yY3uU4iI5oO6pP7aA8sS9dD0fF1gG2hH3jJ4kK5lL6zZ7xX8cC9vV0bB1nN2mM3qW4eR5tT6yU7iI8oO9pP0aS1dF2gG3hH4jJ5kK6lL7zZ8xX9cC0vB1nN2mQ3wE4rR5tT6yY7uU8iI9oO0pP1aS2dF3gG4hH5jJ6kK7lL8zX9cV0bN1nM2qW3eR4tT5yU6iI7oO8pP9aS0dF1gG2hH3jJ4kK5lL6zZ7xX8cC9vV0bB1nN2mM3qW4eR5tT6yU7iI8oO9pP0aS1dF2gG3hH4jJ5kK6lL7zZ8xX9cC0vB1nN2mQ3wE4rR5tT6yY7uU8iI9oO0pP1aS2dF3gG4hH5jJ6kK7lL8zX9cV0bN1nM2qW3eR4tT5yU6iI7oO8pP9aS0dF1gG2hH3jJ4kK5lL6zZ7xX8cC9vV0bB1nN2mM3qW4eR5tT6yU7iI8oO9pP0aS1dF2gG3hH4jJ5kK6lL7zZ8xX9cC0vB1nN2mQ3wE4rR5tT6yY7uU8iI9oO0pP1aS2dF3gG4hH5jJ6kK7lL8zX9cV0bN1nM2qW3eR4tT5yU6iI7oO8pP9aS0dF1gG2hH3jJ4kK5lL6zZ7xX8cC9vV0bB1nN2mM3qW4eR5tT6yU7iI8oO9pP0aS1dF2gG3hH4jJ5kK6lL7zZ8xX9cC0vB1nN2mQ3wE4rR5tT6yY7uU8iI9oO0pP1aS2dF3gG4hH5jJ6kK7lL8zX9cV0bN1nM2qW3eR4tT5yU6iI7oO8pP9aS0dF1gG2hH3jJ4kK5lL6zZ7xX8cC9vV0bB1nN2mM3qW4eR5tT6yU7iI8oO9pP0aS1dF2gG3hH4jJ5kK6lL7zZ8xX9cC0vB1nN2mQ3wE4rR5tT6yY7uU8iI9oO0pP1aS2dF3gG4hH5jJ6kK7l4hH5jJ6kK7lL8zX9cV0bN1nM2qW3eR4tT5yU6iI7oO8pP9aS0dF1gG2hH3jJ4kK5lL6zZ7xX8cC9vV0bB1nN2mM3qW4eR5tT6yU7iI8oO9pP0aS1dF2gG3hH4jJ5kK6lL7zZ8xX9cC0vB1nN2mQ3wE4rR5tT6yY7uU8iI9oO0pP1aS2dF3gG4hH5jJ6kK7lL8zX9cV0bN1nM2qW3eR4tT5yU6iI7oO8pP9aS0dF1gG2hH3jJ4kK5lL6zZ7xX8cC9vV0bB1nN2mM3qW4eR5tT6yU7iI8oO9pP0aS1dF2gG3hH4jJ5kK6lL7zZ8xX9cC0vB1nN2mQ3wE4rR5tT6yY7uU8iI9oO0pP1aS2dF3gG4hH5jJ6kK7l4hH5jJ6kK7lL8zX9cV0bN1nM2qW3eR4tT5yU6iI7oO8pP9aS0dF1gG2hH3jJ4kK5lL6zZ7xX8cC9vV0bB1nN2mM3qW4eR5tT6yU7iI8oO9pP0aS1dF2gG3hH4jJ5kK6lL7zZ8xX9cC0vB1nN2mQ3wE4rR5tT6yY7uU8iI9oO0pP1aS2dF3gG4hH5jJ6kK7lL8zX9cV0bN1nM2qW3eR4tT5yU6iI7oO8pP9aS0dF1gG2hH3jJ4kK5lL6zZ7xX8cC9vV0bB1nN2mM3qW4eR5tT6yU7iI8oO9pP0aS1dF2gG3hH4jJ5kK6lL7zZ8xX9cC0vB1nN2mQ3wE4rR5tT6yY7uU8iI9oO0pP1aS2dF3gG4hH5jJ6kK7l4hH5jJ6kK7lL8zX9cV0bN1nM2qW3eR4tT5yU6iI7oO8pP9aS0dF1gG2hH3jJ4kK5lL6zZ7xX8cC9vV0bB1nN2mM3qW4eR5tT6yU7iI8oO9pP0aS1dF2gG3hH4jJ5kK6lL7zZ8xX9cC0vB1nN2mQ3wE4rR5tT6yY7uU8iI9oO0pP1aS2dF3gG4hH5jJ6kK7lL8zX9cV0bN1nM2qW3eR4tT5yU6iI7oO8pP9aS0dF1gG2hH3jJ4kK5lL6zZ7xX8cC9vV0bB1nN2mM3qW4eR5tT6yU7iI8oO9pP0aS1dF2gG3hH4jJ5kK6lL7zZ8xX9cC0vB1nN2mQ3wE4rR5tT6yY7uU8iI9oO0pP1aS2dF3gG4hH5jJ6kK7l4hH5jJ6kK7lL8zX9cV0bN1nM2qW3eR4tT5yU6iI7oO8pP9aS0dF1gG2hH3jJ4kK5lL6zZ7xX8cC9vV0bB1nN2mM3qW4eR5tT6yU7iI8oO9pP0aS1dF2gG3hH4jJ5kK6lL7zZ8xX9cC0vB1nN2mQ3wE4rR5tT6yY7uU8iI9oO0pP1aS2dF3gG4hH5jJ6kK7lL8zX9cV0bN1nM2qW3eR4tT5yU6iI7oO8pP9aS0dF1gG2hH3jJ4kK5lL6zZ7xX8cC9vV0bB1nN2mM3qW4eR5tT6yU7iI8oO9pP0aS1dF2gG3hH4jJ5kK6lL7zZ8xX9cC0vB1nN2mQ3wE4rR5tT6yY7uU8iI9oO0pP1aS2dF3gG4hH5jJ6kK7l4hH5jJ6kK7lL8zX9cV0bN1nM2qW3eR4tT5yU6iI7oO8pP9aS0dF1gG2hH3jJ4kK5lL6zZ7xX8cC9vV0bB1nN2mM3qW4eR5tT6yU7iI8oO9pP0aS1dF2gG3hH4jJ5kK6lL7zZ8xX9cC0vB1nN2mQ3wE4rR5tT6yY7uU8iI9oO0pP1aS2dF3gG4hH5jJ6kK7lL8zX9cV0bN1nM2qW3eR4tT5yU6iI7oO8pP9aS0dF1gG2hH3jJ4kK5lL6zZ7xX8cC9vV0bB1nN2mM3qW4eR5tT6yU7iI8oO9pP0aS1dF2gG3hH4jJ5kK6lL7zZ8xX9cC0vB1nN2mQ3wE4rR5tT6yY7uU8iI9oO0pP1aS2dF3gG4hH5jJ6kK7l4hH5jJ6kK7lL8zX9cV0bN1nM2qW3eR4tT5yU6iI7oO8pP9aS0dF1gG2hH3jJ4kK5lL6zZ7xX8cC9vV0bB1nN2mM3qW4eR5tT6yU7iI8oO9pP0aS1dF2gG3hH4jJ5kK6lL7zZ8xX9cC0vB1nN2mQ3wE4rR5tT6yY7uU8iI9oO0pP1aS2dF3gG4hH5jJ6kK7lL8zX9cV0bN1nM2qW3eR4tT5yU6iI7oO8pP9aS0dF1gG2hH3jJ4kK5lL6zZ7xX8cC9vV0bB1nN2mM3qW4eR5tT6yU7iI8oO9pP0aS1dF2gG3hH4jJ5kK6lL7zZ8xX9cC0vB1nN2mQ3wE4rR5tT6yY7uU8iI9oO0pP1aS2dF3gG4hH5jJ6kK7l4hH5jJ6kK7lL8zX9cV0bN1nM2qW3eR4tT5yU6iI7oO8pP9aS0dF1gG2hH3jJ4kK5lL6zZ7xX8cC9vV0bB1nN2mM3qW4eR5tT6yU7iI8oO9pP0aS1dF2gG3hH4jJ5kK6lL7zZ8xX9cC0vB1nN2mQ3wE4rR5tT6yY7uU8iI9oO0pP1aS2dF3gG4hH5jJ6kK7lL8zX9cV0bN1nM2qW3eR4tT5yU6iI7oO8pP9aS0dF1gG2hH3jJ4kK5lL6zZ7xX8cC9vV0bB1nN2mM3qW4eR5tT6yU7iI8oO9pP0aS1dF2gG3hH4jJ5kK6lL7zZ8xX9cC0vB1nN2mQ3wE4rR5tT6yY7uU8iI9oO0pP1aS2dF3gG4hH5jJ6kK7l4hH5jJ6kK7lL8zX9cV0bN1nM2qW3eR4tT5yU6iI7oO8pP9aS0dF1gG2hH3jJ4kK5lL6z7nB9vR2mX8kLp4QjW3tY5zH1aG6sF9dD0fS8gA7hJ6kL5mN4bV3vC2xZ1oP9iU8uY7tT6rR5eE4wW3qQ2aZ1sX2dC3fV4gB5hN6jM7kL8pO9iU0yT1rE2wQ3aS4dF5gG6hH7jJ8kK9lL0zZ1xX2cC3vV4bB5nN6mM7qQ8wW9eE0rR1tT2yY3uU4iI5oO6pP7aA8sS9dD0fF1gG2hH3jJ4kK5lL6zZ7xX8cC9vV0bB1nN2mM3qW4eR5tT6yU7iI8oO9pP0aS1dF2gG3hH4jJ5kK6lL7zZ8xX9cC0vB1nN2mQ3wE4rR5tT6yY7uU8iI9oO0pP1aS2dF3gG4hH5jJ6kK7lL8zX9cV0bN1nM2qW3eR4tT5yU6iI7oO8pP9aS0dF1gG2hH3jJ4kK5lL6zZ7xX8cC9vV0bB1nN2mM3qW4eR5tT6yU7iI8oO9pP0aS1dF2gG3hH4jJ5kK6lL7zZ8xX9cC0vB1nN2mQ3wE4rR5tT6yY7uU8iI9oO0pP1aS2dF3gG4hH5jJ6kK7lL8zX9cV0bN1nM2qW3eR4tT5yU6iI7oO8pP9aS0dF1gG2hH3jJ4kK5lL6zZ7xX8cC9vV0bB1nN2mM3qW4eR5tT6yU7iI8oO9pP0aS1dF2gG3hH4jJ5kK6lL7zZ8xX9cC0vB1nN2mQ3wE4rR5tT6yY7uU8iI9oO0pP1aS2dF3gG4hH5jJ6kK7lL8zX9cV0bN1nM2qW3eR4tT5yU6iI7oO8pP9aS0dF1gG2hH3jJ4kK5lL6zZ7xX8cC9vV0bB1nN2mM3qW4eR5tT6yU7iI8oO9pP0aS1dF2gG3hH4jJ5kK6lL7zZ8xX9cC0vB1nN2mQ3wE4rR5tT6yY7uU8iI9oO0pP1aS2dF3gG4hH5jJ6kK7lL8zX9cV0bN1nM2qW3eR4tT5yU6iI7oO8pP9aS0dF1gG2hH3jJ4kK5lL6zZ7xX8cC9vV0bB1nN2mM3qW4eR5tT6yU7iI8oO9pP0aS1dF2gG3hH4jJ5kK6lL7zZ8xX9cC0vB1nN2mQ3wE4rR5tT6yY7uU8iI9oO0pP1aS2dF3gG4hH5jJ6kK7l4hH5jJ6kK7lL8zX9cV0bN1nM2qW3eR4tT5yU6iI7oO8pP9aS0dF1gG2hH3jJ4kK5lL6zZ7xX8cC9vV0bB1nN2mM3qW4eR5tT6yU7iI8oO9pP0aS1dF2gG3hH4jJ5kK6lL7zZ8xX9cC0vB1nN2mQ3wE4rR5tT6yY7uU8iI9oO0pP1aS2dF3gG4hH5jJ6kK7lL8zX9cV0bN1nM2qW3eR4tT5yU6iI7oO8pP9aS0dF1gG2hH3jJ4kK5lL6zZ7xX8cC9vV0bB1nN2mM3qW4eR5tT6yU7iI8oO9pP0aS1dF2gG3hH4jJ5kK6lL7zZ8xX9cC0vB1nN2mQ3wE4rR5tT6yY7uU8iI9oO0pP1aS2dF3gG4hH5jJ6kK7l4hH5jJ6kK7lL8zX9cV0bN1nM2qW3eR4tT5yU6iI7oO8pP9aS0dF1gG2hH3jJ4kK5lL6zZ7xX8cC9vV0bB1nN2mM3qW4eR5tT6yU7iI8oO9pP0aS1dF2gG3hH4jJ5kK6lL7zZ8xX9cC0vB1nN2mQ3wE4rR5tT6yY7uU8iI9oO0pP1aS2dF3gG4hH5jJ6kK7lL8zX9cV0bN1nM2qW3eR4tT5yU6iI7oO8pP9aS0dF1gG2hH3jJ4kK5lL6zZ7xX8cC9vV0bB1nN2mM3qW4eR5tT6yU7iI8oO9pP0aS1dF2gG3hH4jJ5kK6lL7zZ8xX9cC0vB1nN2mQ3wE4rR5tT6yY7uU8iI9oO0pP1aS2dF3gG4hH5jJ6kK7l4hH5jJ6kK7lL8zX9cV0bN1nM2qW3eR4tT5yU6iI7oO8pP9aS0dF1gG2hH3jJ4kK5lL6zZ7xX8cC9vV0bB1nN2mM3qW4eR5tT6yU7iI8oO9pP0aS1dF2gG3hH4jJ5kK6lL7zZ8xX9cC0vB1nN2mQ3wE4rR5tT6yY7uU8iI9oO0pP1aS2dF3gG4hH5jJ6kK7lL8zX9cV0bN1nM2qW3eR4tT5yU6iI7oO8pP9aS0dF1gG2hH3jJ4kK5lL6zZ7xX8cC9vV0bB1nN2mM3qW4eR5tT6yU7iI8oO9pP0aS1dF2gG3hH4jJ5kK6lL7zZ8xX9cC0vB1nN2mQ3wE4rR5tT6yY7uU8iI9oO0pP1aS2dF3gG4hH5jJ6kK7l4hH5jJ6kK7lL8zX9cV0bN1nM2qW3eR4tT5yU6iI7oO8pP9aS0dF1gG2hH3jJ4kK5lL6zZ7xX8cC9vV0bB1nN2mM3qW4eR5tT6yU7iI8oO9pP0aS1dF2gG3hH4jJ5kK6lL7zZ8xX9cC0vB1nN2mQ3wE4rR5tT6yY7uU8iI9oO0pP1aS2dF3gG4hH5jJ6kK7lL8zX9cV0bN1nM2qW3eR4tT5yU6iI7oO8pP9aS0dF1gG2hH3jJ4kK5lL6zZ7xX8cC9vV0bB1nN2mM3qW4eR5tT6yU7iI8oO9pP0aS1dF2gG3hH4jJ5kK6lL7zZ8xX9cC0vB1nN2mQ3wE4rR5tT6yY7uU8iI9oO0pP1aS2dF3gG4hH5jJ6kK7l4hH5jJ6kK7lL8zX9cV0bN1nM2qW3eR4tT5yU6iI7oO8pP9aS0dF1gG2hH3jJ4kK5lL6zZ7xX8cC9vV0bB1nN2mM3qW4eR5tT6yU7iI8oO9pP0aS1dF2gG3hH4jJ5kK6lL7zZ8xX9cC0vB1nN2mQ3wE4rR5tT6yY7uU8iI9oO0pP1aS2dF3gG4hH5jJ6kK7lL8zX9cV0bN1nM2qW3eR4tT5yU6iI7oO8pP9aS0dF1gG2hH3jJ4kK5lL6zZ7xX8cC9vV0bB1nN2mM3qW4eR5tT6yU7iI8oO9pP0aS1dF2gG3hH4jJ5kK6lL7zZ8xX9cC0vB1nN2mQ3wE4rR5tT6yY7uU8iI9oO0pP1aS2dF3gG4hH5jJ6kK7l4hH5jJ6kK7lL8zX9cV0bN1nM2qW3eR4tT5yU6iI7oO8pP9aS0dF1gG2hH3jJ4kK5lL6zZ7xX8cC9vV0bB1nN2mM3qW4eR5tT6yU7iI8oO9pP0aS1dF2gG3hH4jJ5kK6lL7zZ8xX9cC0vB1nN2mQ3wE4rR5tT6yY7uU8iI9oO0pP1aS2dF3gG4hH5jJ6kK7lL8zX9cV0bN1nM2qW3eR4tT5yU6iI7oO8pP9aS0dF1gG2hH3jJ4kK5lL6zZ7xX8cC9vV0bB1nN2mM3qW4eR5tT6yU7iI8oO9pP0aS1dF2gG3hH4jJ5kK6lL7zZ8xX9cC0vB1nN2mQ3wE4rR5tT6yY7uU8iI9oO0pP1aS2dF3gG4hH5jJ6kK7l4hH5jJ6kK7lL8zX9cV0bN1nM2qW3eR4tT5yU6iI7oO8pP9aS0dF1gG2hH3jJ4kK5lL6zZ7xX8cC9vV0bB1nN2mM3qW4eR5tT6yU7iI8oO9pP0aS1dF2gG3hH4jJ5kK6lL7zZ8xX9cC0vB1nN2mQ3wE4rR5tT6yY7uU8iI9oO0pP1aS2dF3gG4hH5jJ6kK7lL8zX9cV0bN1nM2qW3eR4tT5yU6iI7oO8pP9aS0dF1gG2hH3jJ4kK5lL6zZ7xX8cC9vV0bB1nN2mM3qW4eR5tT6yU7iI8oO9pP0aS1dF2gG3hH4jJ5kK6lL7zZ8xX9cC0vB1nN2mQ3wE4rR5tT6yY7uU8iI9oO0pP1aS2dF3gG4hH5jJ6kK7l4hH5jJ6kK7lL8zX9cV0bN1nM2qW3eR4tT5yU6iI7oO8pP9aS0dF1gG2hH3jJ4kK5lL6z7nB9vR2mX8kLp4QjW3tY5zH1aG6sF9dD0fS8gA7hJ6kL5mN4bV3vC2xZ1oP9iU8uY7tT6rR5eE4wW3qQ2aZ1sX2dC3fV4gB5hN6jM7kL8pO9iU0yT1rE2wQ3aS4dF5gG6hH7jJ8kK9lL0zZ1xX2cC3vV4bB5nN6mM7qQ8wW9eE0rR1tT2yY3uU4iI5oO6pP7aA8sS9dD0fF1gG2hH3jJ4kK5lL6zZ7xX8cC9vV0bB1nN2mM3qW4eR5tT6yU7iI8oO9pP0aS1dF2gG3hH4jJ5kK6lL7zZ8xX9cC0vB1nN2mQ3wE4rR5tT6yY7uU8iI9oO0pP1aS2dF3gG4hH5jJ6kK7lL8zX9cV0bN1nM2qW3eR4tT5yU6iI7oO8pP9aS0dF1gG2hH3jJ4kK5lL6zZ7xX8cC9vV0bB1nN2mM3qW4eR5tT6yU7iI8oO9pP0aS1dF2gG3hH4jJ5kK6lL7zZ8xX9cC0vB1nN2mQ3wE4rR5tT6yY7uU8iI9oO0pP1aS2dF3gG4hH5jJ6kK7lL8zX9cV0bN1nM2qW3eR4tT5yU6iI7oO8pP9aS0dF1gG2hH3jJ4kK5lL6zZ7xX8cC9vV0bB1nN2mM3qW4eR5tT6yU7iI8oO9pP0aS1dF2gG3hH4jJ5kK6lL7zZ8xX9cC0vB1nN2mQ3wE4rR5tT6yY7uU8iI9oO0pP1aS2dF3gG4hH5jJ6kK7lL8zX9cV0bN1nM2qW3eR4tT5yU6iI7oO8pP9aS0dF1gG2hH3jJ4kK5lL6zZ7xX8cC9vV0bB1nN2mM3qW4eR5tT6yU7iI8oO9pP0aS1dF2gG3hH4jJ5kK6lL7zZ8xX9cC0vB1nN2mQ3wE4rR5tT6yY7uU8iI9oO0pP1aS2dF3gG4hH5jJ6kK7lL8zX9cV0bN1nM2qW3eR4tT5yU6iI7oO8pP9aS0dF1gG2hH3jJ4kK5lL6zZ7xX8cC9vV0bB1nN2mM3qW4eR5tT6yU7iI8oO9pP0aS1dF2gG3hH4jJ5kK6lL7zZ8xX9cC0vB1nN2mQ3wE4rR5tT6yY7uU8iI9oO0pP1aS2dF3gG4hH5jJ6kK7l4hH5jJ6kK7lL8zX9cV0bN1nM2qW3eR4tT5yU6iI7oO8pP9aS0dF1gG2hH3jJ4kK5lL6zZ7xX8cC9vV0bB1nN2mM3qW4eR5tT6yU7iI8oO9pP0aS1dF2gG3hH4jJ5kK6lL7zZ8xX9cC0vB1nN2mQ3wE4rR5tT6yY7uU8iI9oO0pP1aS2dF3gG4hH5jJ6kK7lL8zX9cV0bN1nM2qW3eR4tT5yU6iI7oO8pP9aS0dF1gG2hH3jJ4kK5lL6zZ7xX8cC9vV0bB1nN2mM3qW4eR5tT6yU7iI8oO9pP0aS1dF2gG3hH4jJ5kK6lL7zZ8xX9cC0vB1nN2mQ3wE4rR5tT6yY7uU8iI9oO0pP1aS2dF3gG4hH5jJ6kK7l4hH5jJ6kK7lL8zX9cV0bN1nM2qW3eR4tT5yU6iI7oO8pP9aS0dF1gG2hH3jJ4kK5lL6zZ7xX8cC9vV0bB1nN2mM3qW4eR5tT6yU7iI8oO9pP0aS1dF2gG3hH4jJ5kK6lL7zZ8xX9cC0vB1nN2mQ3wE4rR5tT6yY7uU8iI9oO0pP1aS2dF3gG4hH5jJ6kK7lL8zX9cV0bN1nM2qW3eR4tT5yU6iI7oO8pP9aS0dF1gG2hH3jJ4kK5lL6zZ7xX8cC9vV0bB1nN2mM3qW4eR5tT6yU7iI8oO9pP0aS1dF2gG3hH4jJ5kK6lL7zZ8xX9cC0vB1nN2mQ3wE4rR5tT6yY7uU8iI9oO0pP1aS2dF3gG4hH5jJ6kK7l4hH5jJ6kK7lL8zX9cV0bN1nM2qW3eR4tT5yU6iI7oO8pP9aS0dF1gG2hH3jJ4kK5lL6zZ7xX8cC9vV0bB1nN2mM3qW4eR5tT6yU7iI8oO9pP0aS1dF2gG3hH4jJ5kK6lL7zZ8xX9cC0vB1nN2mQ3wE4rR5tT6yY7uU8iI9oO0pP1aS2dF3gG4hH5jJ6kK7lL8zX9cV0bN1nM2qW3eR4tT5yU6iI7oO8pP9aS0dF1gG2hH3jJ4kK5lL6zZ7xX8cC9vV0bB1nN2mM3qW4eR5tT6yU7iI8oO9pP0aS1dF2gG3hH4jJ5kK6lL7zZ8xX9cC0vB1nN2mQ3wE4rR5tT6yY7uU8iI9oO0pP1aS2dF3gG4hH5jJ6kK7l4hH5jJ6kK7lL8zX9cV0bN1nM2qW3eR4tT5yU6iI7oO8pP9aS0dF1gG2hH3jJ4kK5lL6zZ7xX8cC9vV0bB1nN2mM3qW4eR5tT6yU7iI8oO9pP0aS1dF2gG3hH4jJ5kK6lL7zZ8xX9cC0vB1nN2mQ3wE4rR5tT6yY7uU8iI9oO0pP1aS2dF3gG4hH5jJ6kK7lL8zX9cV0bN1nM2qW3eR4tT5yU6iI7oO8pP9aS0dF1gG2hH3jJ4kK5lL6zZ7xX8cC9vV0bB1nN2mM3qW4eR5tT6yU7iI8oO9pP0aS1dF2gG3hH4jJ5kK6lL7zZ8xX9cC0vB1nN2mQ3wE4rR5tT6yY7uU8iI9oO0pP1aS2dF3gG4hH5jJ6kK7l4hH5jJ6kK7lL8zX9cV0bN1nM2qW3eR4tT5yU6iI7oO8pP9aS0dF1gG2hH3jJ4kK5lL6zZ7xX8cC9vV0bB1nN2mM3qW4eR5tT6yU7iI8oO9pP0aS1dF2gG3hH4jJ5kK6lL7zZ8xX9cC0vB1nN2mQ3wE4rR5tT6yY7uU8iI9oO0pP1aS2dF3gG4hH5jJ6kK7lL8zX9cV0bN1nM2qW3eR4tT5yU6iI7oO8pP9aS0dF1gG2hH3jJ4kK5lL6zZ7xX8cC9vV0bB1nN2mM3qW4eR5tT6yU7iI8oO9pP0aS1dF2gG3hH4jJ5kK6lL7zZ8xX9cC0vB1nN2mQ3wE4rR5tT6yY7uU8iI9oO0pP1aS2dF3gG4hH5jJ6kK7l4hH5jJ6kK7lL8zX9cV0bN1nM2qW3eR4tT5yU6iI7oO8pP9aS0dF1gG2hH3jJ4kK5lL6zZ7xX8cC9vV0bB1nN2mM3qW4eR5tT6yU7iI8oO9pP0aS1dF2gG3hH4jJ5kK6lL7zZ8xX9cC0vB1nN2mQ3wE4rR5tT6yY7uU8iI9oO0pP1aS2dF3gG4hH5jJ6kK7lL8zX9cV0bN1nM2qW3eR4tT5yU6iI7oO8pP9aS0dF1gG2hH3jJ4kK5lL6zZ7xX8cC9vV0bB1nN2mM3qW4eR5tT6yU7iI8oO9pP0aS1dF2gG3hH4jJ5kK6lL7zZ8xX9cC0vB1nN2mQ3wE4rR5tT6yY7uU8iI9oO0pP1aS2dF3gG4hH5jJ6kK7l4hH5jJ6kK7lL8zX9cV0bN1nM2qW3eR4tT5yU6iI7oO8pP9aS0dF1gG2hH3jJ4kK5lL6zZ7xX8cC9vV0bB1nN2mM3qW4eR5tT6yU7iI8oO9pP0aS1dF2gG3hH4jJ5kK6lL7zZ8xX9cC0vB1nN2mQ3wE4rR5tT6yY7uU8iI9oO0pP1aS2dF3gG4hH5jJ6kK7lL8zX9cV0bN1nM2qW3eR4tT5yU6iI7oO8pP9aS0dF1gG2hH3jJ4kK5lL6zZ7xX8cC9vV0bB1nN2mM3qW4eR5tT6yU7iI8oO9pP0aS1dF2gG3hH4jJ5kK6lL7zZ8xX9cC0vB1nN2mQ3wE4rR5tT6yY7uU8iI9oO0pP1aS2dF3gG4hH5jJ6kK7l4hH5jJ6kK7lL8zX9cV0bN1nM2qW3eR4tT5yU6iI7oO8pP9aS0dF1gG2hH3jJ4kK5lL6z7nB9vR2mX8kLp4QjW3tY5zH1aG6sF9dD0fS8gA7hJ6kL5mN4bV3vC2xZ1oP9iU8uY7tT6rR5eE4wW3qQ2aZ1sX2dC3fV4gB5hN6jM7kL8pO9iU0yT1rE2wQ3aS4dF5gG6hH7jJ8kK9lL0zZ1xX2cC3vV4bB5nN6mM7qQ8wW9eE0rR1tT2yY3uU4iI5oO6pP7aA8sS9dD0fF1gG2hH3jJ4kK5lL6zZ7xX8cC9vV0bB1nN2mM3qW4eR5tT6yU7iI8oO9pP0aS1dF2gG3hH4jJ5kK6lL7zZ8xX9cC0vB1nN2mQ3wE4rR5tT6yY7uU8iI9oO0pP1aS2dF3gG4hH5jJ6kK7lL8zX9cV0bN1nM2qW3eR4tT5yU6iI7oO8pP9aS0dF1gG2hH3jJ4kK5lL6zZ7xX8cC9vV0bB1nN2mM3qW4eR5tT6yU7iI8oO9pP0aS1dF2gG3hH4jJ5kK6lL7zZ8xX9cC0vB1nN2mQ3wE4rR5tT6yY7uU8iI9oO0pP1aS2dF3gG4hH5jJ6kK7lL8zX9cV0bN1nM2qW3eR4tT5yU6iI7oO8pP9aS0dF1gG2hH3jJ4kK5lL6zZ7xX8cC9vV0bB1nN2mM3qW4eR5tT6yU7iI8oO9pP0aS1dF2gG3hH4jJ5kK6lL7zZ8xX9cC0vB1nN2mQ3wE4rR5tT6yY7uU8iI9oO0pP1aS2dF3gG4hH5jJ6kK7lL8zX9cV0bN1nM2qW3eR4tT5yU6iI7oO8pP9aS0dF1gG2hH3jJ4kK5lL6zZ7xX8cC9vV0bB1nN2mM3qW4eR5tT6yU7iI8oO9pP0aS1dF2gG3hH4jJ5kK6lL7zZ8xX9cC0vB1nN2mQ3wE4rR5tT6yY7uU8iI9oO0pP1aS2dF3gG4hH5jJ6kK7lL8zX9cV0bN1nM2qW3eR4tT5yU6iI7oO8pP9aS0dF1gG2hH3jJ4kK5lL6zZ7xX8cC9vV0bB1nN2mM3qW4eR5tT6yU7iI8oO9pP0aS1dF2gG3hH4jJ5kK6lL7zZ8xX9cC0vB1nN2mQ3wE4rR5tT6yY7uU8iI9oO0pP1aS2dF3gG4hH5jJ6kK7l4hH5jJ6kK7lL8zX9cV0bN1nM2qW3eR4tT5yU6iI7oO8pP9aS0dF1gG2hH3jJ4kK5lL6zZ7xX8cC9vV0bB1nN2mM3qW4eR5tT6yU7iI8oO9pP0aS1dF2gG3hH4jJ5kK6lL7zZ8xX9cC0vB1nN2mQ3wE4rR5tT6yY7uU8iI9oO0pP1aS2dF3gG4hH5jJ6kK7lL8zX9cV0bN1nM2qW3eR4tT5yU6iI7oO8pP9aS0dF1gG2hH3jJ4kK5lL6zZ7xX8cC9vV0bB1nN2mM3qW4eR5tT6yU7iI8oO9pP0aS1dF2gG3hH4jJ5kK6lL7zZ8xX9cC0vB1nN2mQ3wE4rR5tT6yY7uU8iI9oO0pP1aS2dF3gG4hH5jJ6kK7l4hH5jJ6kK7lL8zX9cV0bN1nM2qW3eR4tT5yU6iI7oO8pP9aS0dF1gG2hH3jJ4kK5lL6zZ7xX8cC9vV0bB1nN2mM3qW4eR5tT6yU7iI8oO9pP0aS1dF2gG3hH4jJ5kK6lL7zZ8xX9cC0vB1nN2mQ3wE4rR5tT6yY7uU8iI9oO0pP1aS2dF3gG4hH5jJ6kK7lL8zX9cV0bN1nM2qW3eR4tT5yU6iI7oO8pP9aS0dF1gG2hH3jJ4kK5lL6zZ7xX8cC9vV0bB1nN2mM3qW4eR5tT6yU7iI8oO9pP0aS1dF2gG3hH4jJ5kK6lL7zZ8xX9cC0vB1nN2mQ3wE4rR5tT6yY7uU8iI9oO0pP1aS2dF3gG4hH5jJ6kK7l4hH5jJ6kK7lL8zX9cV0bN1nM2qW3eR4tT5yU6iI7oO8pP9aS0dF1gG2hH3jJ4kK5lL6zZ7xX8cC9vV0bB1nN2mM3qW4eR5tT6yU7iI8oO9pP0aS1dF2gG3hH4jJ5kK6lL7zZ8xX9cC0vB1nN2mQ3wE4rR5tT6yY7uU8iI9oO0pP1aS2dF3gG4hH5jJ6kK7lL8zX9cV0bN1nM2qW3eR4tT5yU6iI7oO8pP9aS0dF1gG2hH3jJ4kK5lL6zZ7xX8cC9vV0bB1nN2mM3qW4eR5tT6yU7iI8oO9pP0aS1dF2gG3hH4jJ5kK6lL7zZ8xX9cC0vB1nN2mQ3wE4rR5tT6yY7uU8iI9oO0pP1aS2dF3gG4hH5jJ6kK7l4hH5jJ6kK7lL8zX9cV0bN1nM2qW3eR4tT5yU6iI7oO8pP9aS0dF1gG2hH3jJ4kK5lL6zZ7xX8cC9vV0bB1nN2mM3qW4eR5tT6yU7iI8oO9pP0aS1dF2gG3hH4jJ5kK6lL7zZ8xX9cC0vB1nN2mQ3wE4rR5tT6yY7uU8iI9oO0pP1aS2dF3gG4hH5jJ6kK7lL8zX9cV0bN1nM2qW3eR4tT5yU6iI7oO8pP9aS0dF1gG2hH3jJ4kK5lL6zZ7xX8cC9vV0bB1nN2mM3qW4eR5tT6yU7iI8oO9pP0aS1dF2gG3hH4jJ5kK6lL7zZ8xX9cC0vB1nN2mQ3wE4rR5tT6yY7uU8iI9oO0pP1aS2dF3gG4hH5jJ6kK7l4hH5jJ6kK7lL8zX9cV0bN1nM2qW3eR4tT5yU6iI7oO8pP9aS0dF1gG2hH3jJ4kK5lL6zZ7xX8cC9vV0bB1nN2mM3qW4eR5tT6yU7iI8oO9pP0aS1dF2gG3hH4jJ5kK6lL7zZ8xX9cC0vB1nN2mQ3wE4rR5tT6yY7uU8iI9oO0pP1aS2dF3gG4hH5jJ6kK7lL8zX9cV0bN1nM2qW3eR4tT5yU6iI7oO8pP9aS0dF1gG2hH3jJ4kK5lL6zZ7xX8cC9vV0bB1nN2mM3qW4eR5tT6yU7iI8oO9pP0aS1dF2gG3hH4jJ5kK6lL7zZ8xX9cC0vB1nN2mQ3wE4rR5tT6yY7uU8iI9oO0pP1aS2dF3gG4hH5jJ6kK7l4hH5jJ6kK7lL8zX9cV0bN1nM2qW3eR4tT5yU6iI7oO8pP9aS0dF1gG2hH3jJ4kK5lL6zZ7xX8cC9vV0bB1nN2mM3qW4eR5tT6yU7iI8oO9pP0aS1dF2gG3hH4jJ5kK6lL7zZ8xX9cC0vB1nN2mQ3wE4rR5tT6yY7uU8iI9oO0pP1aS2dF3gG4hH5jJ6kK7lL8zX9cV0bN1nM2qW3eR4tT5yU6iI7oO8pP9aS0dF1gG2hH3jJ4kK5lL6zZ7xX8cC9vV0bB1nN2mM3qW4eR5tT6yU7iI8oO9pP0aS1dF2gG3hH4jJ5kK6lL7zZ8xX9cC0vB1nN2mQ3wE4rR5tT6yY7uU8iI9oO0pP1aS2dF3gG4hH5jJ6kK7l4hH5jJ6kK7lL8zX9cV0bN1nM2qW3eR4tT5yU6iI7oO8pP9aS0dF1gG2hH3jJ4kK5lL6zZ7xX8cC9vV0bB1nN2mM3qW4eR5tT6yU7iI8oO9pP0aS1dF2gG3hH4jJ5kK6lL7zZ8xX9cC0vB1nN2mQ3wE4rR5tT6yY7uU8iI9oO0pP1aS2dF3gG4hH5jJ6kK7lL8zX9cV0bN1nM2qW3eR4tT5yU6iI7oO8pP9aS0dF1gG2hH3jJ4kK5lL6zZ7xX8cC9vV0bB1nN2mM3qW4eR5tT6yU7iI8oO9pP0aS1dF2gG3hH4jJ5kK6lL7zZ8xX9cC0vB1nN2mQ3wE4rR5tT6yY7uU8iI9oO0pP1aS2dF3gG4hH5jJ6kK7l4hH5jJ6kK7lL8zX9cV0bN1nM2qW3eR4tT5yU6iI7oO8pP9aS0dF1gG2hH3jJ4kK5lL6z7nB9vR2mX8kLp4QjW3tY5zH1aG6sF9dD0fS8gA7hJ6kL5mN4bV3vC2xZ1oP9iU8uY7tT6rR5eE4wW3qQ2aZ1sX2dC3fV4gB5hN6jM7kL8pO9iU0yT1rE2wQ3aS4dF5gG6hH7jJ8kK9lL0zZ1xX2cC3vV4bB5nN6mM7qQ8wW9eE0rR1tT2yY3uU4iI5oO6pP7aA8sS9dD0fF1gG2hH3jJ4kK5lL6zZ7xX8cC9vV0bB1nN2mM3qW4eR5tT6yU7iI8oO9pP0aS1dF2gG3hH4jJ5kK6lL7zZ8xX9cC0vB1nN2mQ3wE4rR5tT6yY7uU8iI9oO0pP1aS2dF3gG4hH5jJ6kK7lL8zX9cV0bN1nM2qW3eR4tT5yU6iI7oO8pP9aS0dF1gG2hH3jJ4kK5lL6zZ7xX8cC9vV0bB1nN2mM3qW4eR5tT6yU7iI8oO9pP0aS1dF2gG3hH4jJ5kK6lL7zZ8xX9cC0vB1nN2mQ3wE4rR5tT6yY7uU8iI9oO0pP1aS2dF3gG4hH5jJ6kK7lL8zX9cV0bN1nM2qW3eR4tT5yU6iI7oO8pP9aS0dF1gG2hH3jJ4kK5lL6zZ7xX8cC9vV0bB1nN2mM3qW4eR5tT6yU7iI8oO9pP0aS1dF2gG3hH4jJ5kK6lL7zZ8xX9cC0vB1nN2mQ3wE4rR5tT6yY7uU8iI9oO0pP1aS2dF3gG4hH5jJ6kK7lL8zX9cV0bN1nM2qW3eR4tT5yU6iI7oO8pP9aS0dF1gG2hH3jJ4kK5lL6zZ7xX8cC9vV0bB1nN2mM3qW4eR5tT6yU7iI8oO9pP0aS1dF2gG3hH4jJ5kK6lL7zZ8xX9cC0vB1nN2mQ3wE4rR5tT6yY7uU8iI9oO0pP1aS2dF3gG4hH5jJ6kK7lL8zX9cV0bN1nM2qW3eR4tT5yU6iI7oO8pP9aS0dF1gG2hH3jJ4kK5lL6zZ7xX8cC9vV0bB1nN2mM3qW4eR5tT6yU7iI8oO9pP0aS1dF2gG3hH4jJ5kK6lL7zZ8xX9cC0vB1nN2mQ3wE4rR5tT6yY7uU8iI9oO0pP1aS2dF3gG4hH5jJ6kK7l4hH5jJ6kK7lL8zX9cV0bN1nM2qW3eR4tT5yU6iI7oO8pP9aS0dF1gG2hH3jJ4kK5lL6zZ7xX8cC9vV0bB1nN2mM3qW4eR5tT6yU7iI8oO9pP0aS1dF2gG3hH4jJ5kK6lL7zZ8xX9cC0vB1nN2mQ3wE4rR5tT6yY7uU8iI9oO0pP1aS2dF3gG4hH5jJ6kK7lL8zX9cV0bN1nM2qW3eR4tT5yU6iI7oO8pP9aS0dF1gG2hH3jJ4kK5lL6zZ7xX8cC9vV0bB1nN2mM3qW4eR5tT6yU7iI8oO9pP0aS1dF2gG3hH4jJ5kK6lL7zZ8xX9cC0vB1nN2mQ3wE4rR5tT6yY7uU8iI9oO0pP1aS2dF3gG4hH5jJ6kK7l4hH5jJ6kK7lL8zX9cV0bN1nM2qW3eR4tT5yU6iI7oO8pP9aS0dF1gG2hH3jJ4kK5lL6zZ7xX8cC9vV0bB1nN2mM3qW4eR5tT6yU7iI8oO9pP0aS1dF2gG3hH4jJ5kK6lL7zZ8xX9cC0vB1nN2mQ3wE4rR5tT6yY7uU8iI9oO0pP1aS2dF3gG4hH5jJ6kK7lL8zX9cV0bN1nM2qW3eR4tT5yU6iI7oO8pP9aS0dF1gG2hH3jJ4kK5lL6zZ7xX8cC9vV0bB1nN2mM3qW4eR5tT6yU7iI8oO9pP0aS1dF2gG3hH4jJ5kK6lL7zZ8xX9cC0vB1nN2mQ3wE4rR5tT6yY7uU8iI9oO0pP1aS2dF3gG4hH5jJ6kK7l4hH5jJ6kK7lL8zX9cV0bN1nM2qW3eR4tT5yU6iI7oO8pP9aS0dF1gG2hH3jJ4kK5lL6zZ7xX8cC9vV0bB1nN2mM3qW4eR5tT6yU7iI8oO9pP0aS1dF2gG3hH4jJ5kK6lL7zZ8xX9cC0vB1nN2mQ3wE4rR5tT6yY7uU8iI9oO0pP1aS2dF3gG4hH5jJ6kK7lL8zX9cV0bN1nM2qW3eR4tT5yU6iI7oO8pP9aS0dF1gG2hH3jJ4kK5lL6zZ7xX8cC9vV0bB1nN2mM3qW4eR5tT6yU7iI8oO9pP0aS1dF2gG3hH4jJ5kK6lL7zZ8xX9cC0vB1nN2mQ3wE4rR5tT6yY7uU8iI9oO0pP1aS2dF3gG4hH5jJ6kK7l4hH5jJ6kK7lL8zX9cV0bN1nM2qW3eR4tT5yU6iI7oO8pP9aS0dF1gG2hH3jJ4kK5lL6zZ7xX8cC9vV0bB1nN2mM3qW4eR5tT6yU7iI8oO9pP0aS1dF2gG3hH4jJ5kK6lL7zZ8xX9cC0vB1nN2mQ3wE4rR5tT6yY7uU8iI9oO0pP1aS2dF3gG4hH5jJ6kK7lL8zX9cV0bN1nM2qW3eR4tT5yU6iI7oO8pP9aS0dF1gG2hH3jJ4kK5lL6zZ7xX8cC9vV0bB1nN2mM3qW4eR5tT6yU7iI8oO9pP0aS1dF2gG3hH4jJ5kK6lL7zZ8xX9cC0vB1nN2mQ3wE4rR5tT6yY7uU8iI9oO0pP1aS2dF3gG4hH5jJ6kK7l4hH5jJ6kK7lL8zX9cV0bN1nM2qW3eR4tT5yU6iI7oO8pP9aS0dF1gG2hH3jJ4kK5lL6zZ7xX8cC9vV0bB1nN2mM3qW4eR5tT6yU7iI8oO9pP0aS1dF2gG3hH4jJ5kK6lL7zZ8xX9cC0vB1nN2mQ3wE4rR5tT6yY7uU8iI9oO0pP1aS2dF3gG4hH5jJ6kK7lL8zX9cV0bN1nM2qW3eR4tT5yU6iI7oO8pP9aS0dF1gG2hH3jJ4kK5lL6zZ7xX8cC9vV0bB1nN2mM3qW4eR5tT6yU7iI8oO9pP0aS1dF2gG3hH4jJ5kK6lL7zZ8xX9cC0vB1nN2mQ3wE4rR5tT6yY7uU8iI9oO0pP1aS2dF3gG4hH5jJ6kK7l4hH5jJ6kK7lL8zX9cV0bN1nM2qW3eR4tT5yU6iI7oO8pP9aS0dF1gG2hH3jJ4kK5lL6zZ7xX8cC9vV0bB1nN2mM3qW4eR5tT6yU7iI8oO9pP0aS1dF2gG3hH4jJ5kK6lL7zZ8xX9cC0vB1nN2mQ3wE4rR5tT6yY7uU8iI9oO0pP1aS2dF3gG4hH5jJ6kK7lL8zX9cV0bN1nM2qW3eR4tT5yU6iI7oO8pP9aS0dF1gG2hH3jJ4kK5lL6zZ7xX8cC9vV0bB1nN2mM3qW4eR5tT6yU7iI8oO9pP0aS1dF2gG3hH4jJ5kK6lL7zZ8xX9cC0vB1nN2mQ3wE4rR5tT6yY7uU8iI9oO0pP1aS2dF3gG4hH5jJ6kK7l4hH5jJ6kK7lL8zX9cV0bN1nM2qW3eR4tT5yU6iI7oO8pP9aS0dF1gG2hH3jJ4kK5lL6zZ7xX8cC9vV0bB1nN2mM3qW4eR5tT6yU7iI8oO9pP0aS1dF2gG3hH4jJ5kK6lL7zZ8xX9cC0vB1nN2mQ3wE4rR5tT6yY7uU8iI9oO0pP1aS2dF3gG4hH5jJ6kK7lL8zX9cV0bN1nM2qW3eR4tT5yU6iI7oO8pP9aS0dF1gG2hH3jJ4kK5lL6zZ7xX8cC9vV0bB1nN2mM3qW4eR5tT6yU7iI8oO9pP0aS1dF2gG3hH4jJ5kK6lL7zZ8xX9cC0vB1nN2mQ3wE4rR5tT6yY7uU8iI9oO0pP1aS2dF3gG4hH5jJ6kK7l4hH5jJ6kK7lL8zX9cV0bN1nM2qW3eR4tT5yU6iI7oO8pP9aS0dF1gG2hH3jJ4kK5lL6z8zX9cV0bN1nM2qW3eR4tT5yU6iI7oO8pP9aS0dF1gG2hH3jJ4kK5lL6zZ7xX8cC9vV0bB1nN2mM3qW4eR5tT6yU7iI8oO9pP0aS1dF2gG3hH4jJ5kK6lL7zZ8xX9cC0vB1nN2mQ3wE4rR5tT6yY7uU8iI9oO0pP1aS2dF3gG4hH5jJ6kK7l4hH5jJ6kK7lL8zX9cV0bN1nM2qW3eR4tT5yU6iI7oO8pP9aS0dF1gG2hH3jJ4kK5lL6zZ7xX8cC9vV0bB1nN2mM3qW4eR5tT6yU7iI8oO9pP0aS1dF2gG3hH4jJ5kK6lL7zZ8xX9cC0vB1nN2mQ3wE4rR5tT6yY7uU8iI9oO0pP1aS2dF3gG4hH5jJ6kK7lL8zX9cV0bN1nM2qW3eR4tT5yU6iI7oO8pP9aS0dF1gG2hH3jJ4kK5lL6zZ7xX8cC9vV0bB1nN2mM3qW4eR5tT6yU7iI8oO9pP0aS1dF2gG3hH4jJ5kK6lL7zZ8xX9cC0vB1nN2mQ3wE4rR5tT6yY7uU8iI9oO0pP1aS2dF3gG4hH5jJ6kK7l4hH5jJ6kK7lL8zX9cV0bN1nM2qW3eR4tT5yU6iI7oO8pP9aS0dF1gG2hH3jJ4kK5lL6zZ7xX8cC9vV0bB1nN2mM3qW4eR5tT6yU7iI8oO9pP0aS1dF2gG3hH4jJ5kK6lL7zZ8xX9cC0vB1nN2mQ3wE4rR5tT6yY7uU8iI9oO0pP1aS2dF3gG4hH5jJ6kK7lL8zX9cV0bN1nM2qW3eR4tT5yU6iI7oO8pP9aS0dF1gG2hH3jJ4kK5lL6zZ7xX8cC9vV0bB1nN2mM3qW4eR5tT6yU7iI8oO9pP0aS1dFzX9cV0bN1nM2qW3eR4tT5yU6iI7oO8pP9aS0dF1gG2hH3jJ4kK5lL6zZ7xX8cC9vV0bB1nN2mM3qW4eR5tT6yU7iI8oO9pP0aS1dF2gG3hH4jJ5kK6lL7zZ8xX9cC0vB1nN2mQ3wE4rR5tT6yY7uU8iI9oO0pP1aS2dF3gG4hH5jJ6kK7lL8zX9cV0bN1nM2qW3eR4tT5yU6iI7oO8pP9aS0dF1gG2hH3jJ4kK5lL6zZ7xX8cC9vV0bB1nN2mM3qW4eR5tT6yU7iI8oO9pP0aS1dF2gG3hH4jJ5kK6lL7zZ8xX9cC0vB1nN2mQ3wE4rR5tT6yY7uU8iI9oO0pP1aS2dF3gG4hH5jJ6kK7l4hH5jJ6kK7lL8zX9cV0bN1nM2qW3eR4tT5yU6iI7oO8pP9aS0dF1gG2hH3jJ4kK5lL6zZ7xX8cC9vV0bB1nN2mM3qW4eR5tT6yU7iI8oO9pP0aS1dF2gG3hH4jJ5kK6lL7zZ8xX9cC0vB1nN2mQ3wE4rR5tT6yY7uU8iI9oO0pP1aS2dF3gG4hH5jJ6kK7lL8zX9cV0bN1nM2qW3eR4tT5yU6iI7oO8pP9aS0dF1gG2hH3jJ4kK5lL6zZ7xX8cC9vV0bB1nN2mM3qW4eR5tT6yU7iI8oO9pP0aS1dF2gG3hH4jJ5kK6lL7zZ8xX9cC0vB1nN2mQ3wE4rR5tT6yY7uU8iI9oO0pP1aS2dF3gG4hH5jJ6kK7l4hH5jJ6kK7lL8zX9cV0bN1nM2qW3eR4tT5yU6iI7oO8pP9aS0dF1gG2hH3jJ4kK5lL6zZ7xX8cC9vV0bB1nN2mM3qW4eR5tT6yU7iI8oO9pP0aS1dF2gG3hH4jJ5kK6lL7zZ8xX9cC0vB1nN2mQ3wE4rR5tT6yY7uU8iI9oO0pP1aS2dF3gG4hH5jJ6kK7lL8zX9cV0bN1nM2qW3eR4tT5yU6iI7oO8pP9aS0dF1gG2hH3jJ4kK5lL6zZ7xX8cC9vV0bB1nN2mM3qW4eR5tT6yU7iI8oO9pP0aS1dF2gG3hH4jJ5kK6lL7zZ8xX9cC0vB1nN2mQ3wE4rR5tT6yY7uU8iI9oO0pP1aS2dF3gG4hH5jJ6kK7l4hH5jJ6kK7lL8zX9cV0bN1nM2qW3eR4tT5yU6iI7oO8pP9aS0dF1gG2hH3jJ4kK5lL6zZ7xX8cC9vV0bB1nN2mM3qW4eR5tT6yU7iI8oO9pP0aS1dF2gG3hH4jJ5kK6lL7zZ8xX9cC0vB1nN2mQ3wE4rR5tT6yY7uU8iI9oO0pP1aS2dF3gG4hH5jJ6kK7lL8zX9cV0bN1nM2qW3eR4tT5yU6iI7oO8pP9aS0dF1gG2hH3jJ4kK5lL6zZ7xX8cC9vV0bB1nN2mM3qW4eR5tT6yU7iI8oO9pP0aS1dF2gG3hH4jJ5kK6lL7zZ8xX9cC0vB1nN2mQ3wE4rR5tT6yY7uU8iI9oO0pP1aS2dF3gG4hH5jJ6kK7l4hH5jJ6kK7lL8zX9cV0bN1nM2qW3eR4tT5yU6iI7oO8pP9aS0dF1gG2hH3jJ4kK5lL6zZ7xX8cC9vV0bB1nN2mM3qW4eR5tT6yU7iI8oO9pP0aS1dF2gG3hH4jJ5kK6lL7zZ8xX9cC0vB1nN2mQ3wE4rR5tT6yY7uU8iI9oO0pP1aS2dF3gG4hH5jJ6kK7lL8zX9cV0bN1nM2qW3eR4tT5yU6iI7oO8pP9aS0dF1gG2hH3jJ4kK5lL6zZ7xX8cC9vV0bB1nN2mM3qW4eR5tT6yU7iI8oO9pP0aS1dF2gG3hH4jJ5kK6lL7zZ8xX9cC0vB1nN2mQ3wE4rR5tT6yY7uU8iI9oO0pP1aS2dF3gG4hH5jJ6kK7l4hH5jJ6kK7lL8zX9cV0bN1nM2qW3eR4tT5yU6iI7oO8pP9aS0dF1gG2hH3jJ4kK5lL6z7nB9vR2mX8kLp4QjW3tY5zH1aG6sF9dD0fS8gA7hJ6kL5mN4bV3vC2xZ1oP9iU8uY7tT6rR5eE4wW3qQ2aZ1sX2dC3fV4gB5hN6jM7kL8pO9iU0yT1rE2wQ3aS4dF5gG6hH7jJ8kK9lL0zZ1xX2cC3vV4bB5nN6mM7qQ8wW9eE0rR1tT2yY3uU4iI5oO6pP7aA8sS9dD0fF1gG2hH3jJ4kK5lL6zZ7xX8cC9vV0bB1nN2mM3qW4eR5tT6yU7iI8oO9pP0aS1dF2gG3hH4jJ5kK6lL7zZ8xX9cC0vB1nN2mQ3wE4rR5tT6yY7uU8iI9oO0pP1aS2dF3gG4hH5jJ6kK7lL8zX9cV0bN1nM2qW3eR4tT5yU6iI7oO8pP9aS0dF1gG2hH3jJ4kK5lL6zZ7xX8cC9vV0bB1nN2mM3qW4eR5tT6yU7iI8oO9pP0aS1dF2gG3hH4jJ5kK6lL7zZ8xX9cC0vB1nN2mQ3wE4rR5tT6yY7uU8iI9oO0pP1aS2dF3gG4hH5jJ6kK7lL8zX9cV0bN1nM2qW3eR4tT5yU6iI7oO8pP9aS0dF1gG2hH3jJ4kK5lL6zZ7xX8cC9vV0bB1nN2mM3qW4eR5tT6yU7iI8oO9pP0aS1dF2gG3hH4jJ5kK6lL7zZ8xX9cC0vB1nN2mQ3wE4rR5tT6yY7uU8iI9oO0pP1aS2dF3gG4hH5jJ6kK7lL8zX9cV0bN1nM2qW3eR4tT5yU6iI7oO8pP9aS0dF1gG2hH3jJ4kK5lL6zZ7xX8cC9vV0bB1nN2mM3qW4eR5tT6yU7iI8oO9pP0aS1dF2gG3hH4jJ5kK6lL7zZ8xX9cC0vB1nN2mQ3wE4rR5tT6yY7uU8iI9oO0pP1aS2dF3gG4hH5jJ6kK7lL8zX9cV0bN1nM2qW3eR4tT5yU6iI7oO8pP9aS0dF1gG2hH3jJ4kK5lL6zZ7xX8cC9vV0bB1nN2mM3qW4eR5tT6yU7iI8oO9pP0aS1dF2gG3hH4jJ5kK6lL7zZ8xX9cC0vB1nN2mQ3wE4rR5tT6yY7uU8iI9oO0pP1aS2dF3gG4hH5jJ6kK7l4hH5jJ6kK7lL8zX9cV0bN1nM2qW3eR4tT5yU6iI7oO8pP9aS0dF1gG2hH3jJ4kK5lL6zZ7xX8cC9vV0bB1nN2mM3qW4eR5tT6yU7iI8oO9pP0aS1dF2gG3hH4jJ5kK6lL7zZ8xX9cC0vB1nN2mQ3wE4rR5tT6yY7uU8iI9oO0pP1aS2dF3gG4hH5jJ6kK7lL8zX9cV0bN1nM2qW3eR4tT5yU6iI7oO8pP9aS0dF1gG2hH3jJ4kK5lL6zZ7xX8cC9vV0bB1nN2mM3qW4eR5tT6yU7iI8oO9pP0aS1dF2gG3hH4jJ5kK6lL7zZ8xX9cC0vB1nN2mQ3wE4rR5tT6yY7uU8iI9oO0pP1aS2dF3gG4hH5jJ6kK7l4hH5jJ6kK7lL8zX9cV0bN1nM2qW3eR4tT5yU6iI7oO8pP9aS0dF1gG2hH3jJ4kK5lL6zZ7xX8cC9vV0bB1nN2mM3qW4eR5tT6yU7iI8oO9pP0aS1dF2gG3hH4jJ5kK6lL7zZ8xX9cC0vB1nN2mQ3wE4rR5tT6yY7uU8iI9oO0pP1aS2dF3gG4hH5jJ6kK7lL8zX9cV0bN1nM2qW3eR4tT5yU6iI7oO8pP9aS0dF1gG2hH3jJ4kK5lL6zZ7xX8cC9vV0bB1nN2mM3qW4eR5tT6yU7iI8oO9pP0aS1dF2gG3hH4jJ5kK6lL7zZ8xX9cC0vB1nN2mQ3wE4rR5tT6yY7uU8iI9oO0pP1aS2dF3gG4hH5jJ6kK7l4hH5jJ6kK7lL8zX9cV0bN1nM2qW3eR4tT5yU6iI7oO8pP9aS0dF1gG2hH3jJ4kK5lL6zZ7xX8cC9vV0bB1nN2mM3qW4eR5tT6yU7iI8oO9pP0aS1dF2gG3hH4jJ5kK6lL7zZ8xX9cC0vB1nN2mQ3wE4rR5tT6yY7uU8iI9oO0pP1aS2dF3gG4hH5jJ6kK7lL8zX9cV0bN1nM2qW3eR4tT5yU6iI7oO8pP9aS0dF1gG2hH3jJ4kK5lL6zZ7xX8cC9vV0bB1nN2mM3qW4eR5tT6yU7iI8oO9pP0aS1dF2gG3hH4jJ5kK6lL7zZ8xX9cC0vB1nN2mQ3wE4rR5tT6yY7uU8iI9oO0pP1aS2dF3gG4hH5jJ6kK7l4hH5jJ6kK7lL8zX9cV0bN1nM2qW3eR4tT5yU6iI7oO8pP9aS0dF1gG2hH3jJ4kK5lL6zZ7xX8cC9vV0bB1nN2mM3qW4eR5tT6yU7iI8oO9pP0aS1dF2gG3hH4jJ5kK6lL7zZ8xX9cC0vB1nN2mQ3wE4rR5tT6yY7uU8iI9oO0pP1aS2dF3gG4hH5jJ6kK7lL8zX9cV0bN1nM2qW3eR4tT5yU6iI7oO8pP9aS0dF1gG2hH3jJ4kK5lL6zZ7xX8cC9vV0bB1nN2mM3qW4eR5tT6yU7iI8oO9pP0aS1dF2gG3hH4jJ5kK6lL7zZ8xX9cC0vB1nN2mQ3wE4rR5tT6yY7uU8iI9oO0pP1aS2dF3gG4hH5jJ6kK7l4hH5jJ6kK7lL8zX9cV0bN1nM2qW3eR4tT5yU6iI7oO8pP9aS0dF1gG2hH3jJ4kK5lL6zZ7xX8cC9vV0bB1nN2mM3qW4eR5tT6yU7iI8oO9pP0aS1dF2gG3hH4jJ5kK6lL7zZ8xX9cC0vB1nN2mQ3wE4rR5tT6yY7uU8iI9oO0pP1aS2dF3gG4hH5jJ6kK7lL8zX9cV0bN1nM2qW3eR4tT5yU6iI7oO8pP9aS0dF1gG2hH3jJ4kK5lL6zZ7xX8cC9vV0bB1nN2mM3qW4eR5tT6yU7iI8oO9pP0aS1dF2gG3hH4jJ5kK6lL7zZ8xX9cC0vB1nN2mQ3wE4rR5tT6yY7uU8iI9oO0pP1aS2dF3gG4hH5jJ6kK7l4hH5jJ6kK7lL8zX9cV0bN1nM2qW3eR4tT5yU6iI7oO8pP9aS0dF1gG2hH3jJ4kK5lL6zZ7xX8cC9vV0bB1nN2mM3qW4eR5tT6yU7iI8oO9pP0aS1dF2gG3hH4jJ5kK6lL7zZ8xX9cC0vB1nN2mQ3wE4rR5tT6yY7uU8iI9oO0pP1aS2dF3gG4hH5jJ6kK7lL8zX9cV0bN1nM2qW3eR4tT5yU6iI7oO8pP9aS0dF1gG2hH3jJ4kK5lL6zZ7xX8cC9vV0bB1nN2mM3qW4eR5tT6yU7iI8oO9pP0aS1dF2gG3hH4jJ5kK6lL7zZ8xX9cC0vB1nN2mQ3wE4rR5tT6yY7uU8iI9oO0pP1aS2dF3gG4hH5jJ6kK7l4hH5jJ6kK7lL8zX9cV0bN1nM2qW3eR4tT5yU6iI7oO8pP9aS0dF1gG2hH3jJ4kK5lL6zZ7xX8cC9vV0bB1nN2mM3qW4eR5tT6yU7iI8oO9pP0aS1dF2gG3hH4jJ5kK6lL7zZ8xX9cC0vB1nN2mQ3wE4rR5tT6yY7uU8iI9oO0pP1aS2dF3gG4hH5jJ6kK7lL8zX9cV0bN1nM2qW3eR4tT5yU6iI7oO8pP9aS0dF1gG2hH3jJ4kK5lL6zZ7xX8cC9vV0bB1nN2mM3qW4eR5tT6yU7iI8oO9pP0aS1dF2gG3hH4jJ5kK6lL7zZ8xX9cC0vB1nN2mQ3wE4rR5tT6yY7uU8iI9oO0pP1aS2dF3gG4hH5jJ6kK7l4hH5jJ6kK7lL8zX9cV0bN1nM2qW3eR4tT5yU6iI7oO8pP9aS0dF1gG2hH3jJ4kK5lL6z7nB9vR2mX8kLp4QjW3tY5zH1aG6sF9dD0fS8gA7hJ6kL5mN4bV3vC2xZ1oP9iU8uY7tT6rR5eE4wW3qQ2aZ1sX2dC3fV4gB5hN6jM7kL8pO9iU0yT1rE2wQ3aS4dF5gG6hH7jJ8kK9lL0zZ1xX2cC3vV4bB5nN6mM7qQ8wW9eE0rR1tT2yY3uU4iI5oO6pP7aA8sS9dD0fF1gG2hH3jJ4kK5lL6zZ7xX8cC9vV0bB1nN2mM3qW4eR5tT6yU7iI8oO9pP0aS1dF2gG3hH4jJ5kK6lL7zZ8xX9cC0vB1nN2mQ3wE4rR5tT6yY7uU8iI9oO0pP1aS2dF3gG4hH5jJ6kK7lL8zX9cV0bN1nM2qW3eR4tT5yU6iI7oO8pP9aS0dF1gG2hH3jJ4kK5lL6zZ7xX8cC9vV0bB1nN2mM3qW4eR5tT6yU7iI8oO9pP0aS1dF2gG3hH4jJ5kK6lL7zZ8xX9cC0vB1nN2mQ3wE4rR5tT6yY7uU8iI9oO0pP1aS2dF3gG4hH5jJ6kK7lL8zX9cV0bN1nM2qW3eR4tT5yU6iI7oO8pP9aS0dF1gG2hH3jJ4kK5lL6zZ7xX8cC9vV0bB1nN2mM3qW4eR5tT6yU7iI8oO9pP0aS1dF2gG3hH4jJ5kK6lL7zZ8xX9cC0vB1nN2mQ3wE4rR5tT6yY7uU8iI9oO0pP1aS2dF3gG4hH5jJ6kK7lL8zX9cV0bN1nM2qW3eR4tT5yU6iI7oO8pP9aS0dF1gG2hH3jJ4kK5lL6zZ7xX8cC9vV0bB1nN2mM3qW4eR5tT6yU7iI8oO9pP0aS1dF2gG3hH4jJ5kK6lL7zZ8xX9cC0vB1nN2mQ3wE4rR5tT6yY7uU8iI9oO0pP1aS2dF3gG4hH5jJ6kK7lL8zX9cV0bN1nM2qW3eR4tT5yU6iI7oO8pP9aS0dF1gG2hH3jJ4kK5lL6zZ7xX8cC9vV0bB1nN2mM3qW4eR5tT6yU7iI8oO9pP0aS1dF2gG3hH4jJ5kK6lL7zZ8xX9cC0vB1nN2mQ3wE4rR5tT6yY7uU8iI9oO0pP1aS2dF3gG4hH5jJ6kK7l4hH5jJ6kK7lL8zX9cV0bN1nM2qW3eR4tT5yU6iI7oO8pP9aS0dF1gG2hH3jJ4kK5lL6zZ7xX8cC9vV0bB1nN2mM3qW4eR5tT6yU7iI8oO9pP0aS1dF2gG3hH4jJ5kK6lL7zZ8xX9cC0vB1nN2mQ3wE4rR5tT6yY7uU8iI9oO0pP1aS2dF3gG4hH5jJ6kK7lL8zX9cV0bN1nM2qW3eR4tT5yU6iI7oO8pP9aS0dF1gG2hH3jJ4kK5lL6zZ7xX8cC9vV0bB1nN2mM3qW4eR5tT6yU7iI8oO9pP0aS1dF2gG3hH4jJ5kK6lL7zZ8xX9cC0vB1nN2mQ3wE4rR5tT6yY7uU8iI9oO0pP1aS2dF3gG4hH5jJ6kK7l4hH5jJ6kK7lL8zX9cV0bN1nM2qW3eR4tT5yU6iI7oO8pP9aS0dF1gG2hH3jJ4kK5lL6zZ7xX8cC9vV0bB1nN2mM3qW4eR5tT6yU7iI8oO9pP0aS1dF2gG3hH4jJ5kK6lL7zZ8xX9cC0vB1nN2mQ3wE4rR5tT6yY7uU8iI9oO0pP1aS2dF3gG4hH5jJ6kK7lL8zX9cV0bN1nM2qW3eR4tT5yU6iI7oO8pP9aS0dF1gG2hH3jJ4kK5lL6zZ7xX8cC9vV0bB1nN2mM3qW4eR5tT6yU7iI8oO9pP0aS1dF2gG3hH4jJ5kK6lL7zZ8xX9cC0vB1nN2mQ3wE4rR5tT6yY7uU8iI9oO0pP1aS2dF3gG4hH5jJ6kK7l4hH5jJ6kK7lL8zX9cV0bN1nM2qW3eR4tT5yU6iI7oO8pP9aS0dF1gG2hH3jJ4kK5lL6zZ7xX8cC9vV0bB1nN2mM3qW4eR5tT6yU7iI8oO9pP0aS1dF2gG3hH4jJ5kK6lL7zZ8xX9cC0vB1nN2mQ3wE4rR5tT6yY7uU8iI9oO0pP1aS2dF3gG4hH5jJ6kK7lL8zX9cV0bN1nM2qW3eR4tT5yU6iI7oO8pP9aS0dF1gG2hH3jJ4kK5lL6zZ7xX8cC9vV0bB1nN2mM3qW4eR5tT6yU7iI8oO9pP0aS1dF2gG3hH4jJ5kK6lL7zZ8xX9cC0vB1nN2mQ3wE4rR5tT6yY7uU8iI9oO0pP1aS2dF3gG4hH5jJ6kK7l4hH5jJ6kK7lL8zX9cV0bN1nM2qW3eR4tT5yU6iI7oO8pP9aS0dF1gG2hH3jJ4kK5lL6zZ7xX8cC9vV0bB1nN2mM3qW4eR5tT6yU7iI8oO9pP0aS1dF2gG3hH4jJ5kK6lL7zZ8xX9cC0vB1nN2mQ3wE4rR5tT6yY7uU8iI9oO0pP1aS2dF3gG4hH5jJ6kK7lL8zX9cV0bN1nM2qW3eR4tT5yU6iI7oO8pP9aS0dF1gG2hH3jJ4kK5lL6zZ7xX8cC9vV0bB1nN2mM3qW4eR5tT6yU7iI8oO9pP0aS1dF2gG3hH4jJ5kK6lL7zZ8xX9cC0vB1nN2mQ3wE4rR5tT6yY7uU8iI9oO0pP1aS2dF3gG4hH5jJ6kK7l4hH5jJ6kK7lL8zX9cV0bN1nM2qW3eR4tT5yU6iI7oO8pP9aS0dF1gG2hH3jJ4kK5lL6zZ7xX8cC9vV0bB1nN2mM3qW4eR5tT6yU7iI8oO9pP0aS1dF2gG3hH4jJ5kK6lL7zZ8xX9cC0vB1nN2mQ3wE4rR5tT6yY7uU8iI9oO0pP1aS2dF3gG4hH5jJ6kK7lL8zX9cV0bN1nM2qW3eR4tT5yU6iI7oO8pP9aS0dF1gG2hH3jJ4kK5lL6zZ7xX8cC9vV0bB1nN2mM3qW4eR5tT6yU7iI8oO9pP0aS1dF2gG3hH4jJ5kK6lL7zZ8xX9cC0vB1nN2mQ3wE4rR5tT6yY7uU8iI9oO0pP1aS2dF3gG4hH5jJ6kK7l4hH5jJ6kK7lL8zX9cV0bN1nM2qW3eR4tT5yU6iI7oO8pP9aS0dF1gG2hH3jJ4kK5lL6zZ7xX8cC9vV0bB1nN2mM3qW4eR5tT6yU7iI8oO9pP0aS1dF2gG3hH4jJ5kK6lL7zZ8xX9cC0vB1nN2mQ3wE4rR5tT6yY7uU8iI9oO0pP1aS2dF3gG4hH5jJ6kK7lL8zX9cV0bN1nM2qW3eR4tT5yU6iI7oO8pP9aS0dF1gG2hH3jJ4kK5lL6zZ7xX8cC9vV0bB1nN2mM3qW4eR5tT6yU7iI8oO9pP0aS1dF2gG3hH4jJ5kK6lL7zZ8xX9cC0vB1nN2mQ3wE4rR5tT6yY7uU8iI9oO0pP1aS2dF3gG4hH5jJ6kK7l4hH5jJ6kK7lL8zX9cV0bN1nM2qW3eR4tT5yU6iI7oO8pP9aS0dF1gG2hH3jJ4kK5lL6zZ7xX8cC9vV0bB1nN2mM3qW4eR5tT6yU7iI8oO9pP0aS1dF2gG3hH4jJ5kK6lL7zZ8xX9cC0vB1nN2mQ3wE4rR5tT6yY7uU8iI9oO0pP1aS2dF3gG4hH5jJ6kK7lL8zX9cV0bN1nM2qW3eR4tT5yU6iI7oO8pP9aS0dF1gG2hH3jJ4kK5lL6zZ7xX8cC9vV0bB1nN2mM3qW4eR5tT6yU7iI8oO9pP0aS1dF2gG3hH4jJ5kK6lL7zZ8xX9cC0vB1nN2mQ3wE4rR5tT6yY7uU8iI9oO0pP1aS2dF3gG4hH5jJ6kK7l4hH5jJ6kK7lL8zX9cV0bN1nM2qW3eR4tT5yU6iI7oO8pP9aS0dF1gG2hH3jJ4kK5lL6z7nB9vR2mX8kLp4QjW3tY5zH1aG6sF9dD0fS8gA7hJ6kL5mN4bV3vC2xZ1oP9iU8uY7tT6rR5eE4wW3qQ2aZ1sX2dC3fV4gB5hN6jM7kL8pO9iU0yT1rE2wQ3aS4dF5gG6hH7jJ8kK9lL0zZ1xX2cC3vV4bB5nN6mM7qQ8wW9eE0rR1tT2yY3uU4iI5oO6pP7aA8sS9dD0fF1gG2hH3jJ4kK5lL6zZ7xX8cC9vV0bB1nN2mM3qW4eR5tT6yU7iI8oO9pP0aS1dF2gG3hH4jJ5kK6lL7zZ8xX9cC0vB1nN2mQ3wE4rR5tT6yY7uU8iI9oO0pP1aS2dF3gG4hH5jJ6kK7lL8zX9cV0bN1nM2qW3eR4tT5yU6iI7oO8pP9aS0dF1gG2hH3jJ4kK5lL6zZ7xX8cC9vV0bB1nN2mM3qW4eR5tT6yU7iI8oO9pP0aS1dF2gG3hH4jJ5kK6lL7zZ8xX9cC0vB1nN2mQ3wE4rR5tT6yY7uU8iI9oO0pP1aS2dF3gG4hH5jJ6kK7lL8zX9cV0bN1nM2qW3eR4tT5yU6iI7oO8pP9aS0dF1gG2hH3jJ4kK5lL6zZ7xX8cC9vV0bB1nN2mM3qW4eR5tT6yU7iI8oO9pP0aS1dF2gG3hH4jJ5kK6lL7zZ8xX9cC0vB1nN2mQ3wE4rR5tT6yY7uU8iI9oO0pP1aS2dF3gG4hH5jJ6kK7lL8zX9cV0bN1nM2qW3eR4tT5yU6iI7oO8pP9aS0dF1gG2hH3jJ4kK5lL6zZ7xX8cC9vV0bB1nN2mM3qW4eR5tT6yU7iI8oO9pP0aS1dF2gG3hH4jJ5kK6lL7zZ8xX9cC0vB1nN2mQ3wE4rR5tT6yY7uU8iI9oO0pP1aS2dF3gG4hH5jJ6kK7lL8zX9cV0bN1nM2qW3eR4tT5yU6iI7oO8pP9aS0dF1gG2hH3jJ4kK5lL6zZ7xX8cC9vV0bB1nN2mM3qW4eR5tT6yU7iI8oO9pP0aS1dF2gG3hH4jJ5kK6lL7zZ8xX9cC0vB1nN2mQ3wE4rR5tT6yY7uU8iI9oO0pP1aS2dF3gG4hH5jJ6kK7l4hH5jJ6kK7lL8zX9cV0bN1nM2qW3eR4tT5yU6iI7oO8pP9aS0dF1gG2hH3jJ4kK5lL6zZ7xX8cC9vV0bB1nN2mM3qW4eR5tT6yU7iI8oO9pP0aS1dF2gG3hH4jJ5kK6lL7zZ8xX9cC0vB1nN2mQ3wE4rR5tT6yY7uU8iI9oO0pP1aS2dF3gG4hH5jJ6kK7lL8zX9cV0bN1nM2qW3eR4tT5yU6iI7oO8pP9aS0dF1gG2hH3jJ4kK5lL6zZ7xX8cC9vV0bB1nN2mM3qW4eR5tT6yU7iI8oO9pP0aS1dF2gG3hH4jJ5kK6lL7zZ8xX9cC0vB1nN2mQ3wE4rR5tT6yY7uU8iI9oO0pP1aS2dF3gG4hH5jJ6kK7l4hH5jJ6kK7lL8zX9cV0bN1nM2qW3eR4tT5yU6iI7oO8pP9aS0dF1gG2hH3jJ4kK5lL6zZ7xX8cC9vV0bB1nN2mM3qW4eR5tT6yU7iI8oO9pP0aS1dF2gG3hH4jJ5kK6lL7zZ8xX9cC0vB1nN2mQ3wE4rR5tT6yY7uU8iI9oO0pP1aS2dF3gG4hH5jJ6kK7lL8zX9cV0bN1nM2qW3eR4tT5yU6iI7oO8pP9aS0dF1gG2hH3jJ4kK5lL6zZ7xX8cC9vV0bB1nN2mM3qW4eR5tT6yU7iI8oO9pP0aS1dF2gG3hH4jJ5kK6lL7zZ8xX9cC0vB1nN2mQ3wE4rR5tT6yY7uU8iI9oO0pP1aS2dF3gG4hH5jJ6kK7l4hH5jJ6kK7lL8zX9cV0bN1nM2qW3eR4tT5yU6iI7oO8pP9aS0dF1gG2hH3jJ4kK5lL6zZ7xX8cC9vV0bB1nN2mM3qW4eR5tT6yU7iI8oO9pP0aS1dF2gG3hH4jJ5kK6lL7zZ8xX9cC0vB1nN2mQ3wE4rR5tT6yY7uU8iI9oO0pP1aS2dF3gG4hH5jJ6kK7lL8zX9cV0bN1nM2qW3eR4tT5yU6iI7oO8pP9aS0dF1gG2hH3jJ4kK5lL6zZ7xX8cC9vV0bB1nN2mM3qW4eR5tT6yU7iI8oO9pP0aS1dF2gG3hH4jJ5kK6lL7zZ8xX9cC0vB1nN2mQ3wE4rR5tT6yY7uU8iI9oO0pP1aS2dF3gG4hH5jJ6kK7l4hH5jJ6kK7lL8zX9cV0bN1nM2qW3eR4tT5yU6iI7oO8pP9aS0dF1gG2hH3jJ4kK5lL6zZ7xX8cC9vV0bB1nN2mM3qW4eR5tT6yU7iI8oO9pP0aS1dF2gG3hH4jJ5kK6lL7zZ8xX9cC0vB1nN2mQ3wE4rR5tT6yY7uU8iI9oO0pP1aS2dF3gG4hH5jJ6kK7lL8zX9cV0bN1nM2qW3eR4tT5yU6iI7oO8pP9aS0dF1gG2hH3jJ4kK5lL6zZ7xX8cC9vV0bB1nN2mM3qW4eR5tT6yU7iI8oO9pP0aS1dF2gG3hH4jJ5kK6lL7zZ8xX9cC0vB1nN2mQ3wE4rR5tT6yY7uU8iI9oO0pP1aS2dF3gG4hH5jJ6kK7l4hH5jJ6kK7lL8zX9cV0bN1nM2qW3eR4tT5yU6iI7oO8pP9aS0dF1gG2hH3jJ4kK5lL6zZ7xX8cC9vV0bB1nN2mM3qW4eR5tT6yU7iI8oO9pP0aS1dF2gG3hH4jJ5kK6lL7zZ8xX9cC0vB1nN2mQ3wE4rR5tT6yY7uU8iI9oO0pP1aS2dF3gG4hH5jJ6kK7lL8zX9cV0bN1nM2qW3eR4tT5yU6iI7oO8pP9aS0dF1gG2hH3jJ4kK5lL6zZ7xX8cC9vV0bB1nN2mM3qW4eR5tT6yU7iI8oO9pP0aS1dF2gG3hH4jJ5kK6lL7zZ8xX9cC0vB1nN2mQ3wE4rR5tT6yY7uU8iI9oO0pP1aS2dF3gG4hH5jJ6kK7l4hH5jJ6kK7lL8zX9cV0bN1nM2qW3eR4tT5yU6iI7oO8pP9aS0dF1gG2hH3jJ4kK5lL6zZ7xX8cC9vV0bB1nN2mM3qW4eR5tT6yU7iI8oO9pP0aS1dF2gG3hH4jJ5kK6lL7zZ8xX9cC0vB1nN2mQ3wE4rR5tT6yY7uU8iI9oO0pP1aS2dF3gG4hH5jJ6kK7lL8zX9cV0bN1nM2qW3eR4tT5yU6iI7oO8pP9aS0dF1gG2hH3jJ4kK5lL6zZ7xX8cC9vV0bB1nN2mM3qW4eR5tT6yU7iI8oO9pP0aS1dF2gG3hH4jJ5kK6lL7zZ8xX9cC0vB1nN2mQ3wE4rR5tT6yY7uU8iI9oO0pP1aS2dF3gG4hH5jJ6kK7l4hH5jJ6kK7lL8zX9cV0bN1nM2qW3eR4tT5yU6iI7oO8pP9aS0dF1gG2hH3jJ4kK5lL6zZ7xX8cC9vV0bB1nN2mM3qW4eR5tT6yU7iI8oO9pP0aS1dF2gG3hH4jJ5kK6lL7zZ8xX9cC0vB1nN2mQ3wE4rR5tT6yY7uU8iI9oO0pP1aS2dF3gG4hH5jJ6kK7lL8zX9cV0bN1nM2qW3eR4tT5yU6iI7oO8pP9aS0dF1gG2hH3jJ4kK5lL6zZ7xX8cC9vV0bB1nN2mM3qW4eR5tT6yU7iI8oO9pP0aS1dF2gG3hH4jJ5kK6lL7zZ8xX9cC0vB1nN2mQ3wE4rR5tT6yY7uU8iI9oO0pP1aS2dF3gG4hH5jJ6kK7l4hH5jJ6kK7lL8zX9cV0bN1nM2qW3eR4tT5yU6iI7oO8pP9aS0dF1gG2hH3jJ4kK5lL6z7nB9vR2mX8kLp4QjW3tY5zH1aG6sF9dD0fS8gA7hJ6kL5mN4bV3vC2xZ1oP9iU8uY7tT6rR5eE4wW3qQ2aZ1sX2dC3fV4gB5hN6jM7kL8pO9iU0yT1rE2wQ3aS4dF5gG6hH7jJ8kK9lL0zZ1xX2cC3vV4bB5nN6mM7qQ8wW9eE0rR1tT2yY3uU4iI5oO6pP7aA8sS9dD0fF1gG2hH3jJ4kK5lL6zZ7xX8cC9vV0bB1nN2mM3qW4eR5tT6yU7iI8oO9pP0aS1dF2gG3hH4jJ5kK6lL7zZ8xX9cC0vB1nN2mQ3wE4rR5tT6yY7uU8iI9oO0pP1aS2dF3gG4hH5jJ6kK7lL8zX9cV0bN1nM2qW3eR4tT5yU6iI7oO8pP9aS0dF1gG2hH3jJ4kK5lL6zZ7xX8cC9vV0bB1nN2mM3qW4eR5tT6yU7iI8oO9pP0aS1dF2gG3hH4jJ5kK6lL7zZ8xX9cC0vB1nN2mQ3wE4rR5tT6yY7uU8iI9oO0pP1aS2dF3gG4hH5jJ6kK7lL8zX9cV0bN1nM2qW3eR4tT5yU6iI7oO8pP9aS0dF1gG2hH3jJ4kK5lL6zZ7xX8cC9vV0bB1nN2mM3qW4eR5tT6yU7iI8oO9pP0aS1dF2gG3hH4jJ5kK6lL7zZ8xX9cC0vB1nN2mQ3wE4rR5tT6yY7uU8iI9oO0pP1aS2dF3gG4hH5jJ6kK7lL8zX9cV0bN1nM2qW3eR4tT5yU6iI7oO8pP9aS0dF1gG2hH3jJ4kK5lL6zZ7xX8cC9vV0bB1nN2mM3qW4eR5tT6yU7iI8oO9pP0aS1dF2gG3hH4jJ5kK6lL7zZ8xX9cC0vB1nN2mQ3wE4rR5tT6yY7uU8iI9oO0pP1aS2dF3gG4hH5jJ6kK7lL8zX9cV0bN1nM2qW3eR4tT5yU6iI7oO8pP9aS0dF1gG2hH3jJ4kK5lL6zZ7xX8cC9vV0bB1nN2mM3qW4eR5tT6yU7iI8oO9pP0aS1dF2gG3hH4jJ5kK6lL7zZ8xX9cC0vB1nN2mQ3wE4rR5tT6yY7uU8iI9oO0pP1aS2dF3gG4hH5jJ6kK7l4hH5jJ6kK7lL8zX9cV0bN1nM2qW3eR4tT5yU6iI7oO8pP9aS0dF1gG2hH3jJ4kK5lL6zZ7xX8cC9vV0bB1nN2mM3qW4eR5tT6yU7iI8oO9pP0aS1dF2gG3hH4jJ5kK6lL7zZ8xX9cC0vB1nN2mQ3wE4rR5tT6yY7uU8iI9oO0pP1aS2dF3gG4hH5jJ6kK7lL8zX9cV0bN1nM2qW3eR4tT5yU6iI7oO8pP9aS0dF1gG2hH3jJ4kK5lL6zZ7xX8cC9vV0bB1nN2mM3qW4eR5tT6yU7iI8oO9pP0aS1dF2gG3hH4jJ5kK6lL7zZ8xX9cC0vB1nN2mQ3wE4rR5tT6yY7uU8iI9oO0pP1aS2dF3gG4hH5jJ6kK7l4hH5jJ6kK7lL8zX9cV0bN1nM2qW3eR4tT5yU6iI7oO8pP9aS0dF1gG2hH3jJ4kK5lL6zZ7xX8cC9vV0bB1nN2mM3qW4eR5tT6yU7iI8oO9pP0aS1dF2gG3hH4jJ5kK6lL7zZ8xX9cC0vB1nN2mQ3wE4rR5tT6yY7uU8iI9oO0pP1aS2dF3gG4hH5jJ6kK7lL8zX9cV0bN1nM2qW3eR4tT5yU6iI7oO8pP9aS0dF1gG2hH3jJ4kK5lL6zZ7xX8cC9vV0bB1nN2mM3qW4eR5tT6yU7iI8oO9pP0aS1dF2gG3hH4jJ5kK6lL7zZ8xX9cC0vB1nN2mQ3wE4rR5tT6yY7uU8iI9oO0pP1aS2dF3gG4hH5jJ6kK7l4hH5jJ6kK7lL8zX9cV0bN1nM2qW3eR4tT5yU6iI7oO8pP9aS0dF1gG2hH3jJ4kK5lL6zZ7xX8cC9vV0bB1nN2mM3qW4eR5tT6yU7iI8oO9pP0aS1dF2gG3hH4jJ5kK6lL7zZ8xX9cC0vB1nN2mQ3wE4rR5tT6yY7uU8iI9oO0pP1aS2dF3gG4hH5jJ6kK7lL8zX9cV0bN1nM2qW3eR4tT5yU6iI7oO8pP9aS0dF1gG2hH3jJ4kK5lL6zZ7xX8cC9vV0bB1nN2mM3qW4eR5tT6yU7iI8oO9pP0aS1dF2gG3hH4jJ5kK6lL7zZ8xX9cC0vB1nN2mQ3wE4rR5tT6yY7uU8iI9oO0pP1aS2dF3gG4hH5jJ6kK7l4hH5jJ6kK7lL8zX9cV0bN1nM2qW3eR4tT5yU6iI7oO8pP9aS0dF1gG2hH3jJ4kK5lL6zZ7xX8cC9vV0bB1nN2mM3qW4eR5tT6yU7iI8oO9pP0aS1dF2gG3hH4jJ5kK6lL7zZ8xX9cC0vB1nN2mQ3wE4rR5tT6yY7uU8iI9oO0pP1aS2dF3gG4hH5jJ6kK7lL8zX9cV0bN1nM2qW3eR4tT5yU6iI7oO8pP9aS0dF1gG2hH3jJ4kK5lL6zZ7xX8cC9vV0bB1nN2mM3qW4eR5tT6yU7iI8oO9pP0aS1dF2gG3hH4jJ5kK6lL7zZ8xX9cC0vB1nN2mQ3wE4rR5tT6yY7uU8iI9oO0pP1aS2dF3gG4hH5jJ6kK7l4hH5jJ6kK7lL8zX9cV0bN1nM2qW3eR4tT5yU6iI7oO8pP9aS0dF1gG2hH3jJ4kK5lL6zZ7xX8cC9vV0bB1nN2mM3qW4eR5tT6yU7iI8oO9pP0aS1dF2gG3hH4jJ5kK6lL7zZ8xX9cC0vB1nN2mQ3wE4rR5tT6yY7uU8iI9oO0pP1aS2dF3gG4hH5jJ6kK7lL8zX9cV0bN1nM2qW3eR4tT5yU6iI7oO8pP9aS0dF1gG2hH3jJ4kK5lL6zZ7xX8cC9vV0bB1nN2mM3qW4eR5tT6yU7iI8oO9pP0aS1dF2gG3hH4jJ5kK6lL7zZ8xX9cC0vB1nN2mQ3wE4rR5tT6yY7uU8iI9oO0pP1aS2dF3gG4hH5jJ6kK7l4hH5jJ6kK7lL8zX9cV0bN1nM2qW3eR4tT5yU6iI7oO8pP9aS0dF1gG2hH3jJ4kK5lL6zZ7xX8cC9vV0bB1nN2mM3qW4eR5tT6yU7iI8oO9pP0aS1dF2gG3hH4jJ5kK6lL7zZ8xX9cC0vB1nN2mQ3wE4rR5tT6yY7uU8iI9oO0pP1aS2dF3gG4hH5jJ6kK7lL8zX9cV0bN1nM2qW3eR4tT5yU6iI7oO8pP9aS0dF1gG2hH3jJ4kK5lL6zZ7xX8cC9vV0bB1nN2mM3qW4eR5tT6yU7iI8oO9pP0aS1dF2gG3hH4jJ5kK6lL7zZ8xX9cC0vB1nN2mQ3wE4rR5tT6yY7uU8iI9oO0pP1aS2dF3gG4hH5jJ6kK7l4hH5jJ6kK7lL8zX9cV0bN1nM2qW3eR4tT5yU6iI7oO8pP9aS0dF1gG2hH3jJ4kK5lL6zZ7xX8cC9vV0bB1nN2mM3qW4eR5tT6yU7iI8oO9pP0aS1dF2gG3hH4jJ5kK6lL7zZ8xX9cC0vB1nN2mQ3wE4rR5tT6yY7uU8iI9oO0pP1aS2dF3gG4hH5jJ6kK7lL8zX9cV0bN1nM2qW3eR4tT5yU6iI7oO8pP9aS0dF1gG2hH3jJ4kK5lL6zZ7xX8cC9vV0bB1nN2mM3qW4eR5tT6yU7iI8oO9pP0aS1dF2gG3hH4jJ5kK6lL7zZ8xX9cC0vB1nN2mQ3wE4rR5tT6yY7uU8iI9oO0pP1aS2dF3gG4hH5jJ6kK7l4hH5jJ6kK7lL8zX9cV0bN1nM2qW3eR4tT5yU6iI7oO8pP9aS0dF1gG2hH3jJ4kK5lL6z7nB9vR2mX8kLp4QjW3tY5zH1aG6sF9dD0fS8gA7hJ6kL5mN4bV3vC2xZ1oP9iU8uY7tT6rR5eE4wW3qQ2aZ1sX2dC3fV4gB5hN6jM7kL8pO9iU0yT1rE2wQ3aS4dF5gG6hH7jJ8kK9lL0zZ1xX2cC3vV4bB5nN6mM7qQ8wW9eE0rR1tT2yY3uU4iI5oO6pP7aA8sS9dD0fF1gG2hH3jJ4kK5lL6zZ7xX8cC9vV0bB1nN2mM3qW4eR5tT6yU7iI8oO9pP0aS1dF2gG3hH4jJ5kK6lL7zZ8xX9cC0vB1nN2mQ3wE4rR5tT6yY7uU8iI9oO0pP1aS2dF3gG4hH5jJ6kK7lL8zX9cV0bN1nM2qW3eR4tT5yU6iI7oO8pP9aS0dF1gG2hH3jJ4kK5lL6zZ7xX8cC9vV0bB1nN2mM3qW4eR5tT6yU7iI8oO9pP0aS1dF2gG3hH4jJ5kK6lL7zZ8xX9cC0vB1nN2mQ3wE4rR5tT6yY7uU8iI9oO0pP1aS2dF3gG4hH5jJ6kK7lL8zX9cV0bN1nM2qW3eR4tT5yU6iI7oO8pP9aS0dF1gG2hH3jJ4kK5lL6zZ7xX8cC9vV0bB1nN2mM3qW4eR5tT6yU7iI8oO9pP0aS1dF2gG3hH4jJ5kK6lL7zZ8xX9cC0vB1nN2mQ3wE4rR5tT6yY7uU8iI9oO0pP1aS2dF3gG4hH5jJ6kK7lL8zX9cV0bN1nM2qW3eR4tT5yU6iI7oO8pP9aS0dF1gG2hH3jJ4kK5lL6zZ7xX8cC9vV0bB1nN2mM3qW4eR5tT6yU7iI8oO9pP0aS1dF2gG3hH4jJ5kK6lL7zZ8xX9cC0vB1nN2mQ3wE4rR5tT6yY7uU8iI9oO0pP1aS2dF3gG4hH5jJ6kK7lL8zX9cV0bN1nM2qW3eR4tT5yU6iI7oO8pP9aS0dF1gG2hH3jJ4kK5lL6zZ7xX8cC9vV0bB1nN2mM3qW4eR5tT6yU7iI8oO9pP0aS1dF2gG3hH4jJ5kK6lL7zZ8xX9cC0vB1nN2mQ3wE4rR5tT6yY7uU8iI9oO0pP1aS2dF3gG4hH5jJ6kK7l4hH5jJ6kK7lL8zX9cV0bN1nM2qW3eR4tT5yU6iI7oO8pP9aS0dF1gG2hH3jJ4kK5lL6zZ7xX8cC9vV0bB1nN2mM3qW4eR5tT6yU7iI8oO9pP0aS1dF2gG3hH4jJ5kK6lL7zZ8xX9cC0vB1nN2mQ3wE4rR5tT6yY7uU8iI9oO0pP1aS2dF3gG4hH5jJ6kK7lL8zX9cV0bN1nM2qW3eR4tT5yU6iI7oO8pP9aS0dF1gG2hH3jJ4kK5lL6zZ7xX8cC9vV0bB1nN2mM3qW4eR5tT6yU7iI8oO9pP0aS1dF2gG3hH4jJ5kK6lL7zZ8xX9cC0vB1nN2mQ3wE4rR5tT6yY7uU8iI9oO0pP1aS2dF3gG4hH5jJ6kK7l4hH5jJ6kK7lL8zX9cV0bN1nM2qW3eR4tT5yU6iI7oO8pP9aS0dF1gG2hH3jJ4kK5lL6zZ7xX8cC9vV0bB1nN2mM3qW4eR5tT6yU7iI8oO9pP0aS1dF2gG3hH4jJ5kK6lL7zZ8xX9cC0vB1nN2mQ3wE4rR5tT6yY7uU8iI9oO0pP1aS2dF3gG4hH5jJ6kK7lL8zX9cV0bN1nM2qW3eR4tT5yU6iI7oO8pP9aS0dF1gG2hH3jJ4kK5lL6zZ7xX8cC9vV0bB1nN2mM3qW4eR5tT6yU7iI8oO9pP0aS1dF2gG3hH4jJ5kK6lL7zZ8xX9cC0vB1nN2mQ3wE4rR5tT6yY7uU8iI9oO0pP1aS2dF3gG4hH5jJ6kK7l4hH5jJ6kK7lL8zX9cV0bN1nM2qW3eR4tT5yU6iI7oO8pP9aS0dF1gG2hH3jJ4kK5lL6zZ7xX8cC9vV0bB1nN2mM3qW4eR5tT6yU7iI8oO9pP0aS1dF2gG3hH4jJ5kK6lL7zZ8xX9cC0vB1nN2mQ3wE4rR5tT6yY7uU8iI9oO0pP1aS2dF3gG4hH5jJ6kK7lL8zX9cV0bN1nM2qW3eR4tT5yU6iI7oO8pP9aS0dF1gG2hH3jJ4kK5lL6zZ7xX8cC9vV0bB1nN2mM3qW4eR5tT6yU7iI8oO9pP0aS1dF2gG3hH4jJ5kK6lL7zZ8xX9cC0vB1nN2mQ3wE4rR5tT6yY7uU8iI9oO0pP1aS2dF3gG4hH5jJ6kK7l4hH5jJ6kK7lL8zX9cV0bN1nM2qW3eR4tT5yU6iI7oO8pP9aS0dF1gG2hH3jJ4kK5lL6zZ7xX8cC9vV0bB1nN2mM3qW4eR5tT6yU7iI8oO9pP0aS1dF2gG3hH4jJ5kK6lL7zZ8xX9cC0vB1nN2mQ3wE4rR5tT6yY7uU8iI9oO0pP1aS2dF3gG4hH5jJ6kK7lL8zX9cV0bN1nM2qW3eR4tT5yU6iI7oO8pP9aS0dF1gG2hH3jJ4kK5lL6zZ7xX8cC9vV0bB1nN2mM3qW4eR5tT6yU7iI8oO9pP0aS1dF2gG3hH4jJ5kK6lL7zZ8xX9cC0vB1nN2mQ3wE4rR5tT6yY7uU8iI9oO0pP1aS2dF3gG4hH5jJ6kK7l4hH5jJ6kK7lL8zX9cV0bN1nM2qW3eR4tT5yU6iI7oO8pP9aS0dF1gG2hH3jJ4kK5lL6zZ7xX8cC9vV0bB1nN2mM3qW4eR5tT6yU7iI8oO9pP0aS1dF2gG3hH4jJ5kK6lL7zZ8xX9cC0vB1nN2mQ3wE4rR5tT6yY7uU8iI9oO0pP1aS2dF3gG4hH5jJ6kK7lL8zX9cV0bN1nM2qW3eR4tT5yU6iI7oO8pP9aS0dF1gG2hH3jJ4kK5lL6zZ7xX8cC9vV0bB1nN2mM3qW4eR5tT6yU7iI8oO9pP0aS1dF2gG3hH4jJ5kK6lL7zZ8xX9cC0vB1nN2mQ3wE4rR5tT6yY7uU8iI9oO0pP1aS2dF3gG4hH5jJ6kK7l4hH5jJ6kK7lL8zX9cV0bN1nM2qW3eR4tT5yU6iI7oO8pP9aS0dF1gG2hH3jJ4kK5lL6zZ7xX8cC9vV0bB1nN2mM3qW4eR5tT6yU7iI8oO9pP0aS1dF2gG3hH4jJ5kK6lL7zZ8xX9cC0vB1nN2mQ3wE4rR5tT6yY7uU8iI9oO0pP1aS2dF3gG4hH5jJ6kK7lL8zX9cV0bN1nM2qW3eR4tT5yU6iI7oO8pP9aS0dF1gG2hH3jJ4kK5lL6zZ7xX8cC9vV0bB1nN2mM3qW4eR5tT6yU7iI8oO9pP0aS1dF2gG3hH4jJ5kK6lL7zZ8xX9cC0vB1nN2mQ3wE4rR5tT6yY7uU8iI9oO0pP1aS2dF3gG4hH5jJ6kK7l4hH5jJ6kK7lL8zX9cV0bN1nM2qW3eR4tT5yU6iI7oO8pP9aS0dF1gG2hH3jJ4kK5lL6zZ7xX8cC9vV0bB1nN2mM3qW4eR5tT6yU7iI8oO9pP0aS1dF2gG3hH4jJ5kK6lL7zZ8xX9cC0vB1nN2mQ3wE4rR5tT6yY7uU8iI9oO0pP1aS2dF3gG4hH5jJ6kK7lL8zX9cV0bN1nM2qW3eR4tT5yU6iI7oO8pP9aS0dF1gG2hH3jJ4kK5lL6zZ7xX8cC9vV0bB1nN2mM3qW4eR5tT6yU7iI8oO9pP0aS1dF2gG3hH4jJ5kK6lL7zZ8xX9cC0vB1nN2mQ3wE4rR5tT6yY7uU8iI9oO0pP1aS2dF3gG4hH5jJ6kK7l4hH5jJ6kK7lL8zX9cV0bN1nM2qW3eR4tT5yU6iI7oO8pP9aS0dF1gG2hH3jJ4kK5lL6z7nB9vR2mX8kLp4QjW3tY5zH1aG6sF9dD0fS8gA7hJ6kL5mN4bV3vC2xZ1oP9iU8uY7tT6rR5eE4wW3qQ2aZ1sX2dC3fV4gB5hN6jM7kL8pO9iU0yT1rE2wQ3aS4dF5gG6hH7jJ8kK9lL0zZ1xX2cC3vV4bB5nN6mM7qQ8wW9eE0rR1tT2yY3uU4iI5oO6pP7aA8sS9dD0fF1gG2hH3jJ4kK5lL6zZ7xX8cC9vV0bB1nN2mM3qW4eR5tT6yU7iI8oO9pP0aS1dF2gG3hH4jJ5kK6lL7zZ8xX9cC0vB1nN2mQ3wE4rR5tT6yY7uU8iI9oO0pP1aS2dF3gG4hH5jJ6kK7lL8zX9cV0bN1nM2qW3eR4tT5yU6iI7oO8pP9aS0dF1gG2hH3jJ4kK5lL6zZ7xX8cC9vV0bB1nN2mM3qW4eR5tT6yU7iI8oO9pP0aS1dF2gG3hH4jJ5kK6lL7zZ8xX9cC0vB1nN2mQ3wE4rR5tT6yY7uU8iI9oO0pP1aS2dF3gG4hH5jJ6kK7lL8zX9cV0bN1nM2qW3eR4tT5yU6iI7oO8pP9aS0dF1gG2hH3jJ4kK5lL6zZ7xX8cC9vV0bB1nN2mM3qW4eR5tT6yU7iI8oO9pP0aS1dF2gG3hH4jJ5kK6lL7zZ8xX9cC0vB1nN2mQ3wE4rR5tT6yY7uU8iI9oO0pP1aS2dF3gG4hH5jJ6kK7lL8zX9cV0bN1nM2qW3eR4tT5yU6iI7oO8pP9aS0dF1gG2hH3jJ4kK5lL6zZ7xX8cC9vV0bB1nN2mM3qW4eR5tT6yU7iI8oO9pP0aS1dF2gG3hH4jJ5kK6lL7zZ8xX9cC0vB1nN2mQ3wE4rR5tT6yY7uU8iI9oO0pP1aS2dF3gG4hH5jJ6kK7lL8zX9cV0bN1nM2qW3eR4tT5yU6iI7oO8pP9aS0dF1gG2hH3jJ4kK5lL6zZ7xX8cC9vV0bB1nN2mM3qW4eR5tT6yU7iI8oO9pP0aS1dF2gG3hH4jJ5kK6lL7zZ8xX9cC0vB1nN2mQ3wE4rR5tT6yY7uU8iI9oO0pP1aS2dF3gG4hH5jJ6kK7l4hH5jJ6kK7lL8zX9cV0bN1nM2qW3eR4tT5yU6iI7oO8pP9aS0dF1gG2hH3jJ4kK5lL6zZ7xX8cC9vV0bB1nN2mM3qW4eR5tT6yU7iI8oO9pP0aS1dF2gG3hH4jJ5kK6lL7zZ8xX9cC0vB1nN2mQ3wE4rR5tT6yY7uU8iI9oO0pP1aS2dF3gG4hH5jJ6kK7lL8zX9cV0bN1nM2qW3eR4tT5yU6iI7oO8pP9aS0dF1gG2hH3jJ4kK5lL6zZ7xX8cC9vV0bB1nN2mM3qW4eR5tT6yU7iI8oO9pP0aS1dF2gG3hH4jJ5kK6lL7zZ8xX9cC0vB1nN2mQ3wE4rR5tT6yY7uU8iI9oO0pP1aS2dF3gG4hH5jJ6kK7l4hH5jJ6kK7lL8zX9cV0bN1nM2qW3eR4tT5yU6iI7oO8pP9aS0dF1gG2hH3jJ4kK5lL6zZ7xX8cC9vV0bB1nN2mM3qW4eR5tT6yU7iI8oO9pP0aS1dF2gG3hH4jJ5kK6lL7zZ8xX9cC0vB1nN2mQ3wE4rR5tT6yY7uU8iI9oO0pP1aS2dF3gG4hH5jJ6kK7lL8zX9cV0bN1nM2qW3eR4tT5yU6iI7oO8pP9aS0dF1gG2hH3jJ4kK5lL6zZ7xX8cC9vV0bB1nN2mM3qW4eR5tT6yU7iI8oO9pP0aS1dF2gG3hH4jJ5kK6lL7zZ8xX9cC0vB1nN2mQ3wE4rR5tT6yY7uU8iI9oO0pP1aS2dF3gG4hH5jJ6kK7l4hH5jJ6kK7lL8zX9cV0bN1nM2qW3eR4tT5yU6iI7oO8pP9aS0dF1gG2hH3jJ4kK5lL6zZ7xX8cC9vV0bB1nN2mM3qW4eR5tT6yU7iI8oO9pP0aS1dF2gG3hH4jJ5kK6lL7zZ8xX9cC0vB1nN2mQ3wE4rR5tT6yY7uU8iI9oO0pP1aS2dF3gG4hH5jJ6kK7lL8zX9cV0bN1nM2qW3eR4tT5yU6iI7oO8pP9aS0dF1gG2hH3jJ4kK5lL6zZ7xX8cC9vV0bB1nN2mM3qW4eR5tT6yU7iI8oO9pP0aS1dF2gG3hH4jJ5kK6lL7zZ8xX9cC0vB1nN2mQ3wE4rR5tT6yY7uU8iI9oO0pP1aS2dF3gG4hH5jJ6kK7l4hH5jJ6kK7lL8zX9cV0bN1nM2qW3eR4tT5yU6iI7oO8pP9aS0dF1gG2hH3jJ4kK5lL6zZ7xX8cC9vV0bB1nN2mM3qW4eR5tT6yU7iI8oO9pP0aS1dF2gG3hH4jJ5kK6lL7zZ8xX9cC0vB1nN2mQ3wE4rR5tT6yY7uU8iI9oO0pP1aS2dF3gG4hH5jJ6kK7lL8zX9cV0bN1nM2qW3eR4tT5yU6iI7oO8pP9aS0dF1gG2hH3jJ4kK5lL6zZ7xX8cC9vV0bB1nN2mM3qW4eR5tT6yU7iI8oO9pP0aS1dF2gG3hH4jJ5kK6lL7zZ8xX9cC0vB1nN2mQ3wE4rR5tT6yY7uU8iI9oO0pP1aS2dF3gG4hH5jJ6kK7l4hH5jJ6kK7lL8zX9cV0bN1nM2qW3eR4tT5yU6iI7oO8pP9aS0dF1gG2hH3jJ4kK5lL6zZ7xX8cC9vV0bB1nN2mM3qW4eR5tT6yU7iI8oO9pP0aS1dF2gG3hH4jJ5kK6lL7zZ8xX9cC0vB1nN2mQ3wE4rR5tT6yY7uU8iI9oO0pP1aS2dF3gG4hH5jJ6kK7lL8zX9cV0bN1nM2qW3eR4tT5yU6iI7oO8pP9aS0dF1gG2hH3jJ4kK5lL6zZ7xX8cC9vV0bB1nN2mM3qW4eR5tT6yU7iI8oO9pP0aS1dF2gG3hH4jJ5kK6lL7zZ8xX9cC0vB1nN2mQ3wE4rR5tT6yY7uU8iI9oO0pP1aS2dF3gG4hH5jJ6kK7l4hH5jJ6kK7lL8zX9cV0bN1nM2qW3eR4tT5yU6iI7oO8pP9aS0dF1gG2hH3jJ4kK5lL6zZ7xX8cC9vV0bB1nN2mM3qW4eR5tT6yU7iI8oO9pP0aS1dF2gG3hH4jJ5kK6lL7zZ8xX9cC0vB1nN2mQ3wE4rR5tT6yY7uU8iI9oO0pP1aS2dF3gG4hH5jJ6kK7lL8zX9cV0bN1nM2qW3eR4tT5yU6iI7oO8pP9aS0dF1gG2hH3jJ4kK5lL6zZ7xX8cC9vV0bB1nN2mM3qW4eR5tT6yU7iI8oO9pP0aS1dF2gG3hH4jJ5kK6lL7zZ8xX9cC0vB1nN2mQ3wE4rR5tT6yY7uU8iI9oO0pP1aS2dF3gG4hH5jJ6kK7l4hH5jJ6kK7lL8zX9cV0bN1nM2qW3eR4tT5yU6iI7oO8pP9aS0dF1gG2hH3jJ4kK5lL6zZ7xX8cC9vV0bB1nN2mM3qW4eR5tT6yU7iI8oO9pP0aS1dF2gG3hH4jJ5kK6lL7zZ8xX9cC0vB1nN2mQ3wE4rR5tT6yY7uU8iI9oO0pP1aS2dF3gG4hH5jJ6kK7lL8zX9cV0bN1nM2qW3eR4tT5yU6iI7oO8pP9aS0dF1gG2hH3jJ4kK5lL6zZ7xX8cC9vV0bB1nN2mM3qW4eR5tT6yU7iI8oO9pP0aS1dF2gG3hH4jJ5kK6lL7zZ8xX9cC0vB1nN2mQ3wE4rR5tT6yY7uU8iI9oO0pP1aS2dF3gG4hH5jJ6kK7l4hH5jJ6kK7lL8zX9cV0bN1nM2qW3eR4tT5yU6iI7oO8pP9aS0dF1gG2hH3jJ4kK5lL6z7nB9vR2mX8kLp4QjW3tY5zH1aG6sF9dD0fS8gA7hJ6kL5mN4bV3vC2xZ1oP9iU8uY7tT6rR5eE4wW3qQ2aZ1sX2dC3fV4gB5hN6jM7kL8pO9iU0yT1rE2wQ3aS4dF5gG6hH7jJ8kK9lL0zZ1xX2cC3vV4bB5nN6mM7qQ8wW9eE0rR1tT2yY3uU4iI5oO6pP7aA8sS9dD0fF1gG2hH3jJ4kK5lL6zZ7xX8cC9vV0bB1nN2mM3qW4eR5tT6yU7iI8oO9pP0aS1dF2gG3hH4jJ5kK6lL7zZ8xX9cC0vB1nN2mQ3wE4rR5tT6yY7uU8iI9oO0pP1aS2dF3gG4hH5jJ6kK7lL8zX9cV0bN1nM2qW3eR4tT5yU6iI7oO8pP9aS0dF1gG2hH3jJ4kK5lL6zZ7xX8cC9vV0bB1nN2mM3qW4eR5tT6yU7iI8oO9pP0aS1dF2gG3hH4jJ5kK6lL7zZ8xX9cC0vB1nN2mQ3wE4rR5tT6yY7uU8iI9oO0pP1aS2dF3gG4hH5jJ6kK7lL8zX9cV0bN1nM2qW3eR4tT5yU6iI7oO8pP9aS0dF1gG2hH3jJ4kK5lL6zZ7xX8cC9vV0bB1nN2mM3qW4eR5tT6yU7iI8oO9pP0aS1dF2gG3hH4jJ5kK6lL7zZ8xX9cC0vB1nN2mQ3wE4rR5tT6yY7uU8iI9oO0pP1aS2dF3gG4hH5jJ6kK7lL8zX9cV0bN1nM2qW3eR4tT5yU6iI7oO8pP9aS0dF1gG2hH3jJ4kK5lL6zZ7xX8cC9vV0bB1nN2mM3qW4eR5tT6yU7iI8oO9pP0aS1dF2gG3hH4jJ5kK6lL7zZ8xX9cC0vB1nN2mQ3wE4rR5tT6yY7uU8iI9oO0pP1aS2dF3gG4hH5jJ6kK7lL8zX9cV0bN1nM2qW3eR4tT5yU6iI7oO8pP9aS0dF1gG2hH3jJ4kK5lL6zZ7xX8cC9vV0bB1nN2mM3qW4eR5tT6yU7iI8oO9pP0aS1dF2gG3hH4jJ5kK6lL7zZ8xX9cC0vB1nN2mQ3wE4rR5tT6yY7uU8iI9oO0pP1aS2dF3gG4hH5jJ6kK7l4hH5jJ6kK7lL8zX9cV0bN1nM2qW3eR4tT5yU6iI7oO8pP9aS0dF1gG2hH3jJ4kK5lL6zZ7xX8cC9vV0bB1nN2mM3qW4eR5tT6yU7iI8oO9pP0aS1dF2gG3hH4jJ5kK6lL7zZ8xX9cC0vB1nN2mQ3wE4rR5tT6yY7uU8iI9oO0pP1aS2dF3gG4hH5jJ6kK7lL8zX9cV0bN1nM2qW3eR4tT5yU6iI7oO8pP9aS0dF1gG2hH3jJ4kK5lL6zZ7xX8cC9vV0bB1nN2mM3qW4eR5tT6yU7iI8oO9pP0aS1dF2gG3hH4jJ5kK6lL7zZ8xX9cC0vB1nN2mQ3wE4rR5tT6yY7uU8iI9oO0pP1aS2dF3gG4hH5jJ6kK7l4hH5jJ6kK7lL8zX9cV0bN1nM2qW3eR4tT5yU6iI7oO8pP9aS0dF1gG2hH3jJ4kK5lL6zZ7xX8cC9vV0bB1nN2mM3qW4eR5tT6yU7iI8oO9pP0aS1dF2gG3hH4jJ5kK6lL7zZ8xX9cC0vB1nN2mQ3wE4rR5tT6yY7uU8iI9oO0pP1aS2dF3gG4hH5jJ6kK7lL8zX9cV0bN1nM2qW3eR4tT5yU6iI7oO8pP9aS0dF1gG2hH3jJ4kK5lL6zZ7xX8cC9vV0bB1nN2mM3qW4eR5tT6yU7iI8oO9pP0aS1dF2gG3hH4jJ5kK6lL7zZ8xX9cC0vB1nN2mQ3wE4rR5tT6yY7uU8iI9oO0pP1aS2dF3gG4hH5jJ6kK7l4hH5jJ6kK7lL8zX9cV0bN1nM2qW3eR4tT5yU6iI7oO8pP9aS0dF1gG2hH3jJ4kK5lL6zZ7xX8cC9vV0bB1nN2mM3qW4eR5tT6yU7iI8oO9pP0aS1dF2gG3hH4jJ5kK6lL7zZ8xX9cC0vB1nN2mQ3wE4rR5tT6yY7uU8iI9oO0pP1aS2dF3gG4hH5jJ6kK7lL8zX9cV0bN1nM2qW3eR4tT5yU6iI7oO8pP9aS0dF1gG2hH3jJ4kK5lL6zZ7xX8cC9vV0bB1nN2mM3qW4eR5tT6yU7iI8oO9pP0aS1dF2gG3hH4jJ5kK6lL7zZ8xX9cC0vB1nN2mQ3wE4rR5tT6yY7uU8iI9oO0pP1aS2dF3gG4hH5jJ6kK7l4hH5jJ6kK7lL8zX9cV0bN1nM2qW3eR4tT5yU6iI7oO8pP9aS0dF1gG2hH3jJ4kK5lL6zZ7xX8cC9vV0bB1nN2mM3qW4eR5tT6yU7iI8oO9pP0aS1dF2gG3hH4jJ5kK6lL7zZ8xX9cC0vB1nN2mQ3wE4rR5tT6yY7uU8iI9oO0pP1aS2dF3gG4hH5jJ6kK7lL8zX9cV0bN1nM2qW3eR4tT5yU6iI7oO8pP9aS0dF1gG2hH3jJ4kK5lL6zZ7xX8cC9vV0bB1nN2mM3qW4eR5tT6yU7iI8oO9pP0aS1dF2gG3hH4jJ5kK6lL7zZ8xX9cC0vB1nN2mQ3wE4rR5tT6yY7uU8iI9oO0pP1aS2dF3gG4hH5jJ6kK7l4hH5jJ6kK7lL8zX9cV0bN1nM2qW3eR4tT5yU6iI7oO8pP9aS0dF1gG2hH3jJ4kK5lL6zZ7xX8cC9vV0bB1nN2mM3qW4eR5tT6yU7iI8oO9pP0aS1dF2gG3hH4jJ5kK6lL7zZ8xX9cC0vB1nN2mQ3wE4rR5tT6yY7uU8iI9oO0pP1aS2dF3gG4hH5jJ6kK7lL8zX9cV0bN1nM2qW3eR4tT5yU6iI7oO8pP9aS0dF1gG2hH3jJ4kK5lL6zZ7xX8cC9vV0bB1nN2mM3qW4eR5tT6yU7iI8oO9pP0aS1dF2gG3hH4jJ5kK6lL7zZ8xX9cC0vB1nN2mQ3wE4rR5tT6yY7uU8iI9oO0pP1aS2dF3gG4hH5jJ6kK7l4hH5jJ6kK7lL8zX9cV0bN1nM2qW3eR4tT5yU6iI7oO8pP9aS0dF1gG2hH3jJ4kK5lL6zZ7xX8cC9vV0bB1nN2mM3qW4eR5tT6yU7iI8oO9pP0aS1dF2gG3hH4jJ5kK6lL7zZ8xX9cC0vB1nN2mQ3wE4rR5tT6yY7uU8iI9oO0pP1aS2dF3gG4hH5jJ6kK7lL8zX9cV0bN1nM2qW3eR4tT5yU6iI7oO8pP9aS0dF1gG2hH3jJ4kK5lL6zZ7xX8cC9vV0bB1nN2mM3qW4eR5tT6yU7iI8oO9pP0aS1dF2gG3hH4jJ5kK6lL7zZ8xX9cC0vB1nN2mQ3wE4rR5tT6yY7uU8iI9oO0pP1aS2dF3gG4hH5jJ6kK7l4hH5jJ6kK7lL8zX9cV0bN1nM2qW3eR4tT5yU6iI7oO8pP9aS0dF1gG2hH3jJ4kK5lL6zZ7xX8cC9vV0bB1nN2mM3qW4eR5tT6yU7iI8oO9pP0aS1dF2gG3hH4jJ5kK6lL7zZ8xX9cC0vB1nN2mQ3wE4rR5tT6yY7uU8iI9oO0pP1aS2dF3gG4hH5jJ6kK7lL8zX9cV0bN1nM2qW3eR4tT5yU6iI7oO8pP9aS0dF1gG2hH3jJ4kK5lL6zZ7xX8cC9vV0bB1nN2mM3qW4eR5tT6yU7iI8oO9pP0aS1dF2gG3hH4jJ5kK6lL7zZ8xX9cC0vB1nN2mQ3wE4rR5tT6yY7uU8iI9oO0pP1aS2dF3gG4hH5jJ6kK7l4hH5jJ6kK7lL8zX9cV0bN1nM2qW3eR4tT5yU6iI7oO8pP9aS0dF1gG2hH3jJ4kK5lL6z7nB9vR2mX8kLp4QjW3tY5zH1aG6sF9dD0fS8gA7hJ6kL5mN4bV3vC2xZ1oP9iU8uY7tT6rR5eE4wW3qQ2aZ1sX2dC3fV4gB5hN6jM7kL8pO9iU0yT1rE2wQ3aS4dF5gG6hH7jJ8kK9lL0zZ1xX2cC3vV4bB5nN6mM7qQ8wW9eE0rR1tT2yY3uU4iI5oO6pP7aA8sS9dD0fF1gG2hH3jJ4kK5lL6zZ7xX8cC9vV0bB1nN2mM3qW4eR5tT6yU7iI8oO9pP0aS1dF2gG3hH4jJ5kK6lL7zZ8xX9cC0vB1nN2mQ3wE4rR5tT6yY7uU8iI9oO0pP1aS2dF3gG4hH5jJ6kK7lL8zX9cV0bN1nM2qW3eR4tT5yU6iI7oO8pP9aS0dF1gG2hH3jJ4kK5lL6zZ7xX8cC9vV0bB1nN2mM3qW4eR5tT6yU7iI8oO9pP0aS1dF2gG3hH4jJ5kK6lL7zZ8xX9cC0vB1nN2mQ3wE4rR5tT6yY7uU8iI9oO0pP1aS2dF3gG4hH5jJ6kK7lL8zX9cV0bN1nM2qW3eR4tT5yU6iI7oO8pP9aS0dF1gG2hH3jJ4kK5lL6zZ7xX8cC9vV0bB1nN2mM3qW4eR5tT6yU7iI8oO9pP0aS1dF2gG3hH4jJ5kK6lL7zZ8xX9cC0vB1nN2mQ3wE4rR5tT6yY7uU8iI9oO0pP1aS2dF3gG4hH5jJ6kK7lL8zX9cV0bN1nM2qW3eR4tT5yU6iI7oO8pP9aS0dF1gG2hH3jJ4kK5lL6zZ7xX8cC9vV0bB1nN2mM3qW4eR5tT6yU7iI8oO9pP0aS1dF2gG3hH4jJ5kK6lL7zZ8xX9cC0vB1nN2mQ3wE4rR5tT6yY7uU8iI9oO0pP1aS2dF3gG4hH5jJ6kK7lL8zX9cV0bN1nM2qW3eR4tT5yU6iI7oO8pP9aS0dF1gG2hH3jJ4kK5lL6zZ7xX8cC9vV0bB1nN2mM3qW4eR5tT6yU7iI8oO9pP0aS1dF2gG3hH4jJ5kK6lL7zZ8xX9cC0vB1nN2mQ3wE4rR5tT6yY7uU8iI9oO0pP1aS2dF3gG4hH5jJ6kK7l4hH5jJ6kK7lL8zX9cV0bN1nM2qW3eR4tT5yU6iI7oO8pP9aS0dF1gG2hH3jJ4kK5lL6zZ7xX8cC9vV0bB1nN2mM3qW4eR5tT6yU7iI8oO9pP0aS1dF2gG3hH4jJ5kK6lL7zZ8xX9cC0vB1nN2mQ3wE4rR5tT6yY7uU8iI9oO0pP1aS2dF3gG4hH5jJ6kK7lL8zX9cV0bN1nM2qW3eR4tT5yU6iI7oO8pP9aS0dF1gG2hH3jJ4kK5lL6zZ7xX8cC9vV0bB1nN2mM3qW4eR5tT6yU7iI8oO9pP0aS1dF2gG3hH4jJ5kK6lL7zZ8xX9cC0vB1nN2mQ3wE4rR5tT6yY7uU8iI9oO0pP1aS2dF3gG4hH5jJ6kK7l4hH5jJ6kK7lL8zX9cV0bN1nM2qW3eR4tT5yU6iI7oO8pP9aS0dF1gG2hH3jJ4kK5lL6zZ7xX8cC9vV0bB1nN2mM3qW4eR5tT6yU7iI8oO9pP0aS1dF2gG3hH4jJ5kK6lL7zZ8xX9cC0vB1nN2mQ3wE4rR5tT6yY7uU8iI9oO0pP1aS2dF3gG4hH5jJ6kK7lL8zX9cV0bN1nM2qW3eR4tT5yU6iI7oO8pP9aS0dF1gG2hH3jJ4kK5lL6zZ7xX8cC9vV0bB1nN2mM3qW4eR5tT6yU7iI8oO9pP0aS1dF2gG3hH4jJ5kK6lL7zZ8xX9cC0vB1nN2mQ3wE4rR5tT6yY7uU8iI9oO0pP1aS2dF3gG4hH5jJ6kK7l4hH5jJ6kK7lL8zX9cV0bN1nM2qW3eR4tT5yU6iI7oO8pP9aS0dF1gG2hH3jJ4kK5lL6zZ7xX8cC9vV0bB1nN2mM3qW4eR5tT6yU7iI8oO9pP0aS1dF2gG3hH4jJ5kK6lL7zZ8xX9cC0vB1nN2mQ3wE4rR5tT6yY7uU8iI9oO0pP1aS2dF3gG4hH5jJ6kK7lL8zX9cV0bN1nM2qW3eR4tT5yU6iI7oO8pP9aS0dF1gG2hH3jJ4kK5lL6zZ7xX8cC9vV0bB1nN2mM3qW4eR5tT6yU7iI8oO9pP0aS1dF2gG3hH4jJ5kK6lL7zZ8xX9cC0vB1nN2mQ3wE4rR5tT6yY7uU8iI9oO0pP1aS2dF3gG4hH5jJ6kK7l4hH5jJ6kK7lL8zX9cV0bN1nM2qW3eR4tT5yU6iI7oO8pP9aS0dF1gG2hH3jJ4kK5lL6zZ7xX8cC9vV0bB1nN2mM3qW4eR5tT6yU7iI8oO9pP0aS1dF2gG3hH4jJ5kK6lL7zZ8xX9cC0vB1nN2mQ3wE4rR5tT6yY7uU8iI9oO0pP1aS2dF3gG4hH5jJ6kK7lL8zX9cV0bN1nM2qW3eR4tT5yU6iI7oO8pP9aS0dF1gG2hH3jJ4kK5lL6zZ7xX8cC9vV0bB1nN2mM3qW4eR5tT6yU7iI8oO9pP0aS1dF2gG3hH4jJ5kK6lL7zZ8xX9cC0vB1nN2mQ3wE4rR5tT6yY7uU8iI9oO0pP1aS2dF3gG4hH5jJ6kK7l4hH5jJ6kK7lL8zX9cV0bN1nM2qW3eR4tT5yU6iI7oO8pP9aS0dF1gG2hH3jJ4kK5lL6zZ7xX8cC9vV0bB1nN2mM3qW4eR5tT6yU7iI8oO9pP0aS1dF2gG3hH4jJ5kK6lL7zZ8xX9cC0vB1nN2mQ3wE4rR5tT6yY7uU8iI9oO0pP1aS2dF3gG4hH5jJ6kK7lL8zX9cV0bN1nM2qW3eR4tT5yU6iI7oO8pP9aS0dF1gG2hH3jJ4kK5lL6zZ7xX8cC9vV0bB1nN2mM3qW4eR5tT6yU7iI8oO9pP0aS1dF2gG3hH4jJ5kK6lL7zZ8xX9cC0vB1nN2mQ3wE4rR5tT6yY7uU8iI9oO0pP1aS2dF3gG4hH5jJ6kK7l4hH5jJ6kK7lL8zX9cV0bN1nM2qW3eR4tT5yU6iI7oO8pP9aS0dF1gG2hH3jJ4kK5lL6zZ7xX8cC9vV0bB1nN2mM3qW4eR5tT6yU7iI8oO9pP0aS1dF2gG3hH4jJ5kK6lL7zZ8xX9cC0vB1nN2mQ3wE4rR5tT6yY7uU8iI9oO0pP1aS2dF3gG4hH5jJ6kK7lL8zX9cV0bN1nM2qW3eR4tT5yU6iI7oO8pP9aS0dF1gG2hH3jJ4kK5lL6zZ7xX8cC9vV0bB1nN2mM3qW4eR5tT6yU7iI8oO9pP0aS1dF2gG3hH4jJ5kK6lL7zZ8xX9cC0vB1nN2mQ3wE4rR5tT6yY7uU8iI9oO0pP1aS2dF3gG4hH5jJ6kK7l4hH5jJ6kK7lL8zX9cV0bN1nM2qW3eR4tT5yU6iI7oO8pP9aS0dF1gG2hH3jJ4kK5lL6zZ7xX8cC9vV0bB1nN2mM3qW4eR5tT6yU7iI8oO9pP0aS1dF2gG3hH4jJ5kK6lL7zZ8xX9cC0vB1nN2mQ3wE4rR5tT6yY7uU8iI9oO0pP1aS2dF3gG4hH5jJ6kK7lL8zX9cV0bN1nM2qW3eR4tT5yU6iI7oO8pP9aS0dF1gG2hH3jJ4kK5lL6zZ7xX8cC9vV0bB1nN2mM3qW4eR5tT6yU7iI8oO9pP0aS1dF2gG3hH4jJ5kK6lL7zZ8xX9cC0vB1nN2mQ3wE4rR5tT6yY7uU8iI9oO0pP1aS2dF3gG4hH5jJ6kK7l4hH5jJ6kK7lL8zX9cV0bN1nM2qW3eR4tT5yU6iI7oO8pP9aS0dF1gG2hH3jJ4kK5lL6z7nB9vR2mX8kLp4QjW3tY5zH1aG6sF9dD0fS8gA7hJ6kL5mN4bV3vC2xZ1oP9iU8uY7tT6rR5eE4wW3qQ2aZ1sX2dC3fV4gB5hN6jM7kL8pO9iU0yT1rE2wQ3aS4dF5gG6hH7jJ8kK9lL0zZ1xX2cC3vV4bB5nN6mM7qQ8wW9eE0rR1tT2yY3uU4iI5oO6pP7aA8sS9dD0fF1gG2hH3jJ4kK5lL6zZ7xX8cC9vV0bB1nN2mM3qW4eR5tT6yU7iI8oO9pP0aS1dF2gG3hH4jJ5kK6lL7zZ8xX9cC0vB1nN2mQ3wE4rR5tT6yY7uU8iI9oO0pP1aS2dF3gG4hH5jJ6kK7lL8zX9cV0bN1nM2qW3eR4tT5yU6iI7oO8pP9aS0dF1gG2hH3jJ4kK5lL6zZ7xX8cC9vV0bB1nN2mM3qW4eR5tT6yU7iI8oO9pP0aS1dF2gG3hH4jJ5kK6lL7zZ8xX9cC0vB1nN2mQ3wE4rR5tT6yY7uU8iI9oO0pP1aS2dF3gG4hH5jJ6kK7lL8zX9cV0bN1nM2qW3eR4tT5yU6iI7oO8pP9aS0dF1gG2hH3jJ4kK5lL6zZ7xX8cC9vV0bB1nN2mM3qW4eR5tT6yU7iI8oO9pP0aS1dF2gG3hH4jJ5kK6lL7zZ8xX9cC0vB1nN2mQ3wE4rR5tT6yY7uU8iI9oO0pP1aS2dF3gG4hH5jJ6kK7lL8zX9cV0bN1nM2qW3eR4tT5yU6iI7oO8pP9aS0dF1gG2hH3jJ4kK5lL6zZ7xX8cC9vV0bB1nN2mM3qW4eR5tT6yU7iI8oO9pP0aS1dF2gG3hH4jJ5kK6lL7zZ8xX9cC0vB1nN2mQ3wE4rR5tT6yY7uU8iI9oO0pP1aS2dF3gG4hH5jJ6kK7lL8zX9cV0bN1nM2qW3eR4tT5yU6iI7oO8pP9aS0dF1gG2hH3jJ4kK5lL6zZ7xX8cC9vV0bB1nN2mM3qW4eR5tT6yU7iI8oO9pP0aS1dF2gG3hH4jJ5kK6lL7zZ8xX9cC0vB1nN2mQ3wE4rR5tT6yY7uU8iI9oO0pP1aS2dF3gG4hH5jJ6kK7l4hH5jJ6kK7lL8zX9cV0bN1nM2qW3eR4tT5yU6iI7oO8pP9aS0dF1gG2hH3jJ4kK5lL6zZ7xX8cC9vV0bB1nN2mM3qW4eR5tT6yU7iI8oO9pP0aS1dF2gG3hH4jJ5kK6lL7zZ8xX9cC0vB1nN2mQ3wE4rR5tT6yY7uU8iI9oO0pP1aS2dF3gG4hH5jJ6kK7lL8zX9cV0bN1nM2qW3eR4tT5yU6iI7oO8pP9aS0dF1gG2hH3jJ4kK5lL6zZ7xX8cC9vV0bB1nN2mM3qW4eR5tT6yU7iI8oO9pP0aS1dF2gG3hH4jJ5kK6lL7zZ8xX9cC0vB1nN2mQ3wE4rR5tT6yY7uU8iI9oO0pP1aS2dF3gG4hH5jJ6kK7l4hH5jJ6kK7lL8zX9cV0bN1nM2qW3eR4tT5yU6iI7oO8pP9aS0dF1gG2hH3jJ4kK5lL6zZ7xX8cC9vV0bB1nN2mM3qW4eR5tT6yU7iI8oO9pP0aS1dF2gG3hH4jJ5kK6lL7zZ8xX9cC0vB1nN2mQ3wE4rR5tT6yY7uU8iI9oO0pP1aS2dF3gG4hH5jJ6kK7lL8zX9cV0bN1nM2qW3eR4tT5yU6iI7oO8pP9aS0dF1gG2hH3jJ4kK5lL6zZ7xX8cC9vV0bB1nN2mM3qW4eR5tT6yU7iI8oO9pP0aS1dF2gG3hH4jJ5kK6lL7zZ8xX9cC0vB1nN2mQ3wE4rR5tT6yY7uU8iI9oO0pP1aS2dF3gG4hH5jJ6kK7l4hH5jJ6kK7lL8zX9cV0bN1nM2qW3eR4tT5yU6iI7oO8pP9aS0dF1gG2hH3jJ4kK5lL6zZ7xX8cC9vV0bB1nN2mM3qW4eR5tT6yU7iI8oO9pP0aS1dF2gG3hH4jJ5kK6lL7zZ8xX9cC0vB1nN2mQ3wE4rR5tT6yY7uU8iI9oO0pP1aS2dF3gG4hH5jJ6kK7lL8zX9cV0bN1nM2qW3eR4tT5yU6iI7oO8pP9aS0dF1gG2hH3jJ4kK5lL6zZ7xX8cC9vV0bB1nN2mM3qW4eR5tT6yU7iI8oO9pP0aS1dF2gG3hH4jJ5kK6lL7zZ8xX9cC0vB1nN2mQ3wE4rR5tT6yY7uU8iI9oO0pP1aS2dF3gG4hH5jJ6kK7l4hH5jJ6kK7lL8zX9cV0bN1nM2qW3eR4tT5yU6iI7oO8pP9aS0dF1gG2hH3jJ4kK5lL6zZ7xX8cC9vV0bB1nN2mM3qW4eR5tT6yU7iI8oO9pP0aS1dF2gG3hH4jJ5kK6lL7zZ8xX9cC0vB1nN2mQ3wE4rR5tT6yY7uU8iI9oO0pP1aS2dF3gG4hH5jJ6kK7lL8zX9cV0bN1nM2qW3eR4tT5yU6iI7oO8pP9aS0dF1gG2hH3jJ4kK5lL6zZ7xX8cC9vV0bB1nN2mM3qW4eR5tT6yU7iI8oO9pP0aS1dF2gG3hH4jJ5kK6lL7zZ8xX9cC0vB1nN2mQ3wE4rR5tT6yY7uU8iI9oO0pP1aS2dF3gG4hH5jJ6kK7l4hH5jJ6kK7lL8zX9cV0bN1nM2qW3eR4tT5yU6iI7oO8pP9aS0dF1gG2hH3jJ4kK5lL6zZ7xX8cC9vV0bB1nN2mM3qW4eR5tT6yU7iI8oO9pP0aS1dF2gG3hH4jJ5kK6lL7zZ8xX9cC0vB1nN2mQ3wE4rR5tT6yY7uU8iI9oO0pP1aS2dF3gG4hH5jJ6kK7lL8zX9cV0bN1nM2qW3eR4tT5yU6iI7oO8pP9aS0dF1gG2hH3jJ4kK5lL6zZ7xX8cC9vV0bB1nN2mM3qW4eR5tT6yU7iI8oO9pP0aS1dF2gG3hH4jJ5kK6lL7zZ8xX9cC0vB1nN2mQ3wE4rR5tT6yY7uU8iI9oO0pP1aS2dF3gG4hH5jJ6kK7l4hH5jJ6kK7lL8zX9cV0bN1nM2qW3eR4tT5yU6iI7oO8pP9aS0dF1gG2hH3jJ4kK5lL6zZ7xX8cC9vV0bB1nN2mM3qW4eR5tT6yU7iI8oO9pP0aS1dF2gG3hH4jJ5kK6lL7zZ8xX9cC0vB1nN2mQ3wE4rR5tT6yY7uU8iI9oO0pP1aS2dF3gG4hH5jJ6kK7lL8zX9cV0bN1nM2qW3eR4tT5yU6iI7oO8pP9aS0dF1gG2hH3jJ4kK5lL6zZ7xX8cC9vV0bB1nN2mM3qW4eR5tT6yU7iI8oO9pP0aS1dF2gG3hH4jJ5kK6lL7zZ8xX9cC0vB1nN2mQ3wE4rR5tT6yY7uU8iI9oO0pP1aS2dF3gG4hH5jJ6kK7l4hH5jJ6kK7lL8zX9cV0bN1nM2qW3eR4tT5yU6iI7oO8pP9aS0dF1gG2hH3jJ4kK5lL6zZ7xX8cC9vV0bB1nN2mM3qW4eR5tT6yU7iI8oO9pP0aS1dF2gG3hH4jJ5kK6lL7zZ8xX9cC0vB1nN2mQ3wE4rR5tT6yY7uU8iI9oO0pP1aS2dF3gG4hH5jJ6kK7lL8zX9cV0bN1nM2qW3eR4tT5yU6iI7oO8pP9aS0dF1gG2hH3jJ4kK5lL6zZ7xX8cC9vV0bB1nN2mM3qW4eR5tT6yU7iI8oO9pP0aS1dF2gG3hH4jJ5kK6lL7zZ8xX9cC0vB1nN2mQ3wE4rR5tT6yY7uU8iI9oO0pP1aS2dF3gG4hH5jJ6kK7l4hH5jJ6kK7lL8zX9cV0bN1nM2qW3eR4tT5yU6iI7oO8pP9aS0dF1gG2hH3jJ4kK5lL6z7nB9vR2mX8kLp4QjW3tY5zH1aG6sF9dD0fS8gA7hJ6kL5mN4bV3vC2xZ1oP9iU8uY7tT6rR5eE4wW3qQ2aZ1sX2dC3fV4gB5hN6jM7kL8pO9iU0yT1rE2wQ3aS4dF5gG6hH7jJ8kK9lL0zZ1xX2cC3vV4bB5nN6mM7qQ8wW9eE0rR1tT2yY3uU4iI5oO6pP7aA8sS9dD0fF1gG2hH3jJ4kK5lL6zZ7xX8cC9vV0bB1nN2mM3qW4eR5tT6yU7iI8oO9pP0aS1dF2gG3hH4jJ5kK6lL7zZ8xX9cC0vB1nN2mQ3wE4rR5tT6yY7uU8iI9oO0pP1aS2dF3gG4hH5jJ6kK7lL8zX9cV0bN1nM2qW3eR4tT5yU6iI7oO8pP9aS0dF1gG2hH3jJ4kK5lL6zZ7xX8cC9vV0bB1nN2mM3qW4eR5tT6yU7iI8oO9pP0aS1dF2gG3hH4jJ5kK6lL7zZ8xX9cC0vB1nN2mQ3wE4rR5tT6yY7uU8iI9oO0pP1aS2dF3gG4hH5jJ6kK7lL8zX9cV0bN1nM2qW3eR4tT5yU6iI7oO8pP9aS0dF1gG2hH3jJ4kK5lL6zZ7xX8cC9vV0bB1nN2mM3qW4eR5tT6yU7iI8oO9pP0aS1dF2gG3hH4jJ5kK6lL7zZ8xX9cC0vB1nN2mQ3wE4rR5tT6yY7uU8iI9oO0pP1aS2dF3gG4hH5jJ6kK7lL8zX9cV0bN1nM2qW3eR4tT5yU6iI7oO8pP9aS0dF1gG2hH3jJ4kK5lL6zZ7xX8cC9vV0bB1nN2mM3qW4eR5tT6yU7iI8oO9pP0aS1dF2gG3hH4jJ5kK6lL7zZ8xX9cC0vB1nN2mQ3wE4rR5tT6yY7uU8iI9oO0pP1aS2dF3gG4hH5jJ6kK7lL8zX9cV0bN1nM2qW3eR4tT5yU6iI7oO8pP9aS0dF1gG2hH3jJ4kK5lL6zZ7xX8cC9vV0bB1nN2mM3qW4eR5tT6yU7iI8oO9pP0aS1dF2gG3hH4jJ5kK6lL7zZ8xX9cC0vB1nN2mQ3wE4rR5tT6yY7uU8iI9oO0pP1aS2dF3gG4hH5jJ6kK7l4hH5jJ6kK7lL8zX9cV0bN1nM2qW3eR4tT5yU6iI7oO8pP9aS0dF1gG2hH3jJ4kK5lL6zZ7xX8cC9vV0bB1nN2mM3qW4eR5tT6yU7iI8oO9pP0aS1dF2gG3hH4jJ5kK6lL7zZ8xX9cC0vB1nN2mQ3wE4rR5tT6yY7uU8iI9oO0pP1aS2dF3gG4hH5jJ6kK7lL8zX9cV0bN1nM2qW3eR4tT5yU6iI7oO8pP9aS0dF1gG2hH3jJ4kK5lL6zZ7xX8cC9vV0bB1nN2mM3qW4eR5tT6yU7iI8oO9pP0aS1dF2gG3hH4jJ5kK6lL7zZ8xX9cC0vB1nN2mQ3wE4rR5tT6yY7uU8iI9oO0pP1aS2dF3gG4hH5jJ6kK7l4hH5jJ6kK7lL8zX9cV0bN1nM2qW3eR4tT5yU6iI7oO8pP9aS0dF1gG2hH3jJ4kK5lL6zZ7xX8cC9vV0bB1nN2mM3qW4eR5tT6yU7iI8oO9pP0aS1dF2gG3hH4jJ5kK6lL7zZ8xX9cC0vB1nN2mQ3wE4rR5tT6yY7uU8iI9oO0pP1aS2dF3gG4hH5jJ6kK7lL8zX9cV0bN1nM2qW3eR4tT5yU6iI7oO8pP9aS0dF1gG2hH3jJ4kK5lL6zZ7xX8cC9vV0bB1nN2mM3qW4eR5tT6yU7iI8oO9pP0aS1dF2gG3hH4jJ5kK6lL7zZ8xX9cC0vB1nN2mQ3wE4rR5tT6yY7uU8iI9oO0pP1aS2dF3gG4hH5jJ6kK7l4hH5jJ6kK7lL8zX9cV0bN1nM2qW3eR4tT5yU6iI7oO8pP9aS0dF1gG2hH3jJ4kK5lL6zZ7xX8cC9vV0bB1nN2mM3qW4eR5tT6yU7iI8oO9pP0aS1dF2gG3hH4jJ5kK6lL7zZ8xX9cC0vB1nN2mQ3wE4rR5tT6yY7uU8iI9oO0pP1aS2dF3gG4hH5jJ6kK7lL8zX9cV0bN1nM2qW3eR4tT5yU6iI7oO8pP9aS0dF1gG2hH3jJ4kK5lL6zZ7xX8cC9vV0bB1nN2mM3qW4eR5tT6yU7iI8oO9pP0aS1dF2gG3hH4jJ5kK6lL7zZ8xX9cC0vB1nN2mQ3wE4rR5tT6yY7uU8iI9oO0pP1aS2dF3gG4hH5jJ6kK7l4hH5jJ6kK7lL8zX9cV0bN1nM2qW3eR4tT5yU6iI7oO8pP9aS0dF1gG2hH3jJ4kK5lL6zZ7xX8cC9vV0bB1nN2mM3qW4eR5tT6yU7iI8oO9pP0aS1dF2gG3hH4jJ5kK6lL7zZ8xX9cC0vB1nN2mQ3wE4rR5tT6yY7uU8iI9oO0pP1aS2dF3gG4hH5jJ6kK7lL8zX9cV0bN1nM2qW3eR4tT5yU6iI7oO8pP9aS0dF1gG2hH3jJ4kK5lL6zZ7xX8cC9vV0bB1nN2mM3qW4eR5tT6yU7iI8oO9pP0aS1dF2gG3hH4jJ5kK6lL7zZ8xX9cC0vB1nN2mQ3wE4rR5tT6yY7uU8iI9oO0pP1aS2dF3gG4hH5jJ6kK7l4hH5jJ6kK7lL8zX9cV0bN1nM2qW3eR4tT5yU6iI7oO8pP9aS0dF1gG2hH3jJ4kK5lL6zZ7xX8cC9vV0bB1nN2mM3qW4eR5tT6yU7iI8oO9pP0aS1dF2gG3hH4jJ5kK6lL7zZ8xX9cC0vB1nN2mQ3wE4rR5tT6yY7uU8iI9oO0pP1aS2dF3gG4hH5jJ6kK7lL8zX9cV0bN1nM2qW3eR4tT5yU6iI7oO8pP9aS0dF1gG2hH3jJ4kK5lL6zZ7xX8cC9vV0bB1nN2mM3qW4eR5tT6yU7iI8oO9pP0aS1dF2gG3hH4jJ5kK6lL7zZ8xX9cC0vB1nN2mQ3wE4rR5tT6yY7uU8iI9oO0pP1aS2dF3gG4hH5jJ6kK7l4hH5jJ6kK7lL8zX9cV0bN1nM2qW3eR4tT5yU6iI7oO8pP9aS0dF1gG2hH3jJ4kK5lL6zZ7xX8cC9vV0bB1nN2mM3qW4eR5tT6yU7iI8oO9pP0aS1dF2gG3hH4jJ5kK6lL7zZ8xX9cC0vB1nN2mQ3wE4rR5tT6yY7uU8iI9oO0pP1aS2dF3gG4hH5jJ6kK7lL8zX9cV0bN1nM2qW3eR4tT5yU6iI7oO8pP9aS0dF1gG2hH3jJ4kK5lL6zZ7xX8cC9vV0bB1nN2mM3qW4eR5tT6yU7iI8oO9pP0aS1dF2gG3hH4jJ5kK6lL7zZ8xX9cC0vB1nN2mQ3wE4rR5tT6yY7uU8iI9oO0pP1aS2dF3gG4hH5jJ6kK7l4hH5jJ6kK7lL8zX9cV0bN1nM2qW3eR4tT5yU6iI7oO8pP9aS0dF1gG2hH3jJ4kK5lL6zZ7xX8cC9vV0bB1nN2mM3qW4eR5tT6yU7iI8oO9pP0aS1dF2gG3hH4jJ5kK6lL7zZ8xX9cC0vB1nN2mQ3wE4rR5tT6yY7uU8iI9oO0pP1aS2dF3gG4hH5jJ6kK7lL8zX9cV0bN1nM2qW3eR4tT5yU6iI7oO8pP9aS0dF1gG2hH3jJ4kK5lL6zZ7xX8cC9vV0bB1nN2mM3qW4eR5tT6yU7iI8oO9pP0aS1dF2gG3hH4jJ5kK6lL7zZ8xX9cC0vB1nN2mQ3wE4rR5tT6yY7uU8iI9oO0pP1aS2dF3gG4hH5jJ6kK7l4hH5jJ6kK7lL8zX9cV0bN1nM2qW3eR4tT5yU6iI7oO8pP9aS0dF1gG2hH3jJ4kK5lL6z7nB9vR2mX8kLp4QjW3tY5zH1aG6sF9dD0fS8gA7hJ6kL5mN4bV3vC2xZ1oP9iU8uY7tT6rR5eE4wW3qQ2aZ1sX2dC3fV4gB5hN6jM7kL8pO9iU0yT1rE2wQ3aS4dF5gG6hH7jJ8kK9lL0zZ1xX2cC3vV4bB5nN6mM7qQ8wW9eE0rR1tT2yY3uU4iI5oO6pP7aA8sS9dD0fF1gG2hH3jJ4kK5lL6zZ7xX8cC9vV0bB1nN2mM3qW4eR5tT6yU7iI8oO9pP0aS1dF2gG3hH4jJ5kK6lL7zZ8xX9cC0vB1nN2mQ3wE4rR5tT6yY7uU8iI9oO0pP1aS2dF3gG4hH5jJ6kK7lL8zX9cV0bN1nM2qW3eR4tT5yU6iI7oO8pP9aS0dF1gG2hH3jJ4kK5lL6zZ7xX8cC9vV0bB1nN2mM3qW4eR5tT6yU7iI8oO9pP0aS1dF2gG3hH4jJ5kK6lL7zZ8xX9cC0vB1nN2mQ3wE4rR5tT6yY7uU8iI9oO0pP1aS2dF3gG4hH5jJ6kK7lL8zX9cV0bN1nM2qW3eR4tT5yU6iI7oO8pP9aS0dF1gG2hH3jJ4kK5lL6zZ7xX8cC9vV0bB1nN2mM3qW4eR5tT6yU7iI8oO9pP0aS1dF2gG3hH4jJ5kK6lL7zZ8xX9cC0vB1nN2mQ3wE4rR5tT6yY7uU8iI9oO0pP1aS2dF3gG4hH5jJ6kK7lL8zX9cV0bN1nM2qW3eR4tT5yU6iI7oO8pP9aS0dF1gG2hH3jJ4kK5lL6zZ7xX8cC9vV0bB1nN2mM3qW4eR5tT6yU7iI8oO9pP0aS1dF2gG3hH4jJ5kK6lL7zZ8xX9cC0vB1nN2mQ3wE4rR5tT6yY7uU8iI9oO0pP1aS2dF3gG4hH5jJ6kK7lL8zX9cV0bN1nM2qW3eR4tT5yU6iI7oO8pP9aS0dF1gG2hH3jJ4kK5lL6zZ7xX8cC9vV0bB1nN2mM3qW4eR5tT6yU7iI8oO9pP0aS1dF2gG3hH4jJ5kK6lL7zZ8xX9cC0vB1nN2mQ3wE4rR5tT6yY7uU8iI9oO0pP1aS2dF3gG4hH5jJ6kK7l4hH5jJ6kK7lL8zX9cV0bN1nM2qW3eR4tT5yU6iI7oO8pP9aS0dF1gG2hH3jJ4kK5lL6zZ7xX8cC9vV0bB1nN2mM3qW4eR5tT6yU7iI8oO9pP0aS1dF2gG3hH4jJ5kK6lL7zZ8xX9cC0vB1nN2mQ3wE4rR5tT6yY7uU8iI9oO0pP1aS2dF3gG4hH5jJ6kK7lL8zX9cV0bN1nM2qW3eR4tT5yU6iI7oO8pP9aS0dF1gG2hH3jJ4kK5lL6zZ7xX8cC9vV0bB1nN2mM3qW4eR5tT6yU7iI8oO9pP0aS1dF2gG3hH4jJ5kK6lL7zZ8xX9cC0vB1nN2mQ3wE4rR5tT6yY7uU8iI9oO0pP1aS2dF3gG4hH5jJ6kK7l4hH5jJ6kK7lL8zX9cV0bN1nM2qW3eR4tT5yU6iI7oO8pP9aS0dF1gG2hH3jJ4kK5lL6zZ7xX8cC9vV0bB1nN2mM3qW4eR5tT6yU7iI8oO9pP0aS1dF2gG3hH4jJ5kK6lL7zZ8xX9cC0vB1nN2mQ3wE4rR5tT6yY7uU8iI9oO0pP1aS2dF3gG4hH5jJ6kK7lL8zX9cV0bN1nM2qW3eR4tT5yU6iI7oO8pP9aS0dF1gG2hH3jJ4kK5lL6zZ7xX8cC9vV0bB1nN2mM3qW4eR5tT6yU7iI8oO9pP0aS1dF2gG3hH4jJ5kK6lL7zZ8xX9cC0vB1nN2mQ3wE4rR5tT6yY7uU8iI9oO0pP1aS2dF3gG4hH5jJ6kK7l4hH5jJ6kK7lL8zX9cV0bN1nM2qW3eR4tT5yU6iI7oO8pP9aS0dF1gG2hH3jJ4kK5lL6zZ7xX8cC9vV0bB1nN2mM3qW4eR5tT6yU7iI8oO9pP0aS1dF2gG3hH4jJ5kK6lL7zZ8xX9cC0vB1nN2mQ3wE4rR5tT6yY7uU8iI9oO0pP1aS2dF3gG4hH5jJ6kK7lL8zX9cV0bN1nM2qW3eR4tT5yU6iI7oO8pP9aS0dF1gG2hH3jJ4kK5lL6zZ7xX8cC9vV0bB1nN2mM3qW4eR5tT6yU7iI8oO9pP0aS1dF2gG3hH4jJ5kK6lL7zZ8xX9cC0vB1nN2mQ3wE4rR5tT6yY7uU8iI9oO0pP1aS2dF3gG4hH5jJ6kK7l4hH5jJ6kK7lL8zX9cV0bN1nM2qW3eR4tT5yU6iI7oO8pP9aS0dF1gG2hH3jJ4kK5lL6zZ7xX8cC9vV0bB1nN2mM3qW4eR5tT6yU7iI8oO9pP0aS1dF2gG3hH4jJ5kK6lL7zZ8xX9cC0vB1nN2mQ3wE4rR5tT6yY7uU8iI9oO0pP1aS2dF3gG4hH5jJ6kK7lL8zX9cV0bN1nM2qW3eR4tT5yU6iI7oO8pP9aS0dF1gG2hH3jJ4kK5lL6zZ7xX8cC9vV0bB1nN2mM3qW4eR5tT6yU7iI8oO9pP0aS1dF2gG3hH4jJ5kK6lL7zZ8xX9cC0vB1nN2mQ3wE4rR5tT6yY7uU8iI9oO0pP1aS2dF3gG4hH5jJ6kK7l4hH5jJ6kK7lL8zX9cV0bN1nM2qW3eR4tT5yU6iI7oO8pP9aS0dF1gG2hH3jJ4kK5lL6zZ7xX8cC9vV0bB1nN2mM3qW4eR5tT6yU7iI8oO9pP0aS1dF2gG3hH4jJ5kK6lL7zZ8xX9cC0vB1nN2mQ3wE4rR5tT6yY7uU8iI9oO0pP1aS2dF3gG4hH5jJ6kK7lL8zX9cV0bN1nM2qW3eR4tT5yU6iI7oO8pP9aS0dF1gG2hH3jJ4kK5lL6zZ7xX8cC9vV0bB1nN2mM3qW4eR5tT6yU7iI8oO9pP0aS1dF2gG3hH4jJ5kK6lL7zZ8xX9cC0vB1nN2mQ3wE4rR5tT6yY7uU8iI9oO0pP1aS2dF3gG4hH5jJ6kK7l4hH5jJ6kK7lL8zX9cV0bN1nM2qW3eR4tT5yU6iI7oO8pP9aS0dF1gG2hH3jJ4kK5lL6zZ7xX8cC9vV0bB1nN2mM3qW4eR5tT6yU7iI8oO9pP0aS1dF2gG3hH4jJ5kK6lL7zZ8xX9cC0vB1nN2mQ3wE4rR5tT6yY7uU8iI9oO0pP1aS2dF3gG4hH5jJ6kK7lL8zX9cV0bN1nM2qW3eR4tT5yU6iI7oO8pP9aS0dF1gG2hH3jJ4kK5lL6zZ7xX8cC9vV0bB1nN2mM3qW4eR5tT6yU7iI8oO9pP0aS1dF2gG3hH4jJ5kK6lL7zZ8xX9cC0vB1nN2mQ3wE4rR5tT6yY7uU8iI9oO0pP1aS2dF3gG4hH5jJ6kK7l4hH5jJ6kK7lL8zX9cV0bN1nM2qW3eR4tT5yU6iI7oO8pP9aS0dF1gG2hH3jJ4kK5lL6zZ7xX8cC9vV0bB1nN2mM3qW4eR5tT6yU7iI8oO9pP0aS1dF2gG3hH4jJ5kK6lL7zZ8xX9cC0vB1nN2mQ3wE4rR5tT6yY7uU8iI9oO0pP1aS2dF3gG4hH5jJ6kK7lL8zX9cV0bN1nM2qW3eR4tT5yU6iI7oO8pP9aS0dF1gG2hH3jJ4kK5lL6zZ7xX8cC9vV0bB1nN2mM3qW4eR5tT6yU7iI8oO9pP0aS1dF2gG3hH4jJ5kK6lL7zZ8xX9cC0vB1nN2mQ3wE4rR5tT6yY7uU8iI9oO0pP1aS2dF3gG4hH5jJ6kK7l4hH5jJ6kK7lL8zX9cV0bN1nM2qW3eR4tT5yU6iI7oO8pP9aS0dF1gG2hH3jJ4kK5lL6z7nB9vR2mX8kLp4QjW3tY5zH1aG6sF9dD0fS8gA7hJ6kL5mN4bV3vC2xZ1oP9iU8uY7tT6rR5eE4wW3qQ2aZ1sX2dC3fV4gB5hN6jM7kL8pO9iU0yT1rE2wQ3aS4dF5gG6hH7jJ8kK9lL0zZ1xX2cC3vV4bB5nN6mM7qQ8wW9eE0rR1tT2yY3uU4iI5oO6pP7aA8sS9dD0fF1gG2hH3jJ4kK5lL6zZ7xX8cC9vV0bB1nN2mM3qW4eR5tT6yU7iI8oO9pP0aS1dF2gG3hH4jJ5kK6lL7zZ8xX9cC0vB1nN2mQ3wE4rR5tT6yY7uU8iI9oO0pP1aS2dF3gG4hH5jJ6kK7lL8zX9cV0bN1nM2qW3eR4tT5yU6iI7oO8pP9aS0dF1gG2hH3jJ4kK5lL6zZ7xX8cC9vV0bB1nN2mM3qW4eR5tT6yU7iI8oO9pP0aS1dF2gG3hH4jJ5kK6lL7zZ8xX9cC0vB1nN2mQ3wE4rR5tT6yY7uU8iI9oO0pP1aS2dF3gG4hH5jJ6kK7lL8zX9cV0bN1nM2qW3eR4tT5yU6iI7oO8pP9aS0dF1gG2hH3jJ4kK5lL6zZ7xX8cC9vV0bB1nN2mM3qW4eR5tT6yU7iI8oO9pP0aS1dF2gG3hH4jJ5kK6lL7zZ8xX9cC0vB1nN2mQ3wE4rR5tT6yY7uU8iI9oO0pP1aS2dF3gG4hH5jJ6kK7lL8zX9cV0bN1nM2qW3eR4tT5yU6iI7oO8pP9aS0dF1gG2hH3jJ4kK5lL6zZ7xX8cC9vV0bB1nN2mM3qW4eR5tT6yU7iI8oO9pP0aS1dF2gG3hH4jJ5kK6lL7zZ8xX9cC0vB1nN2mQ3wE4rR5tT6yY7uU8iI9oO0pP1aS2dF3gG4hH5jJ6kK7lL8zX9cV0bN1nM2qW3eR4tT5yU6iI7oO8pP9aS0dF1gG2hH3jJ4kK5lL6zZ7xX8cC9vV0bB1nN2mM3qW4eR5tT6yU7iI8oO9pP0aS1dF2gG3hH4jJ5kK6lL7zZ8xX9cC0vB1nN2mQ3wE4rR5tT6yY7uU8iI9oO0pP1aS2dF3gG4hH5jJ6kK7l4hH5jJ6kK7lL8zX9cV0bN1nM2qW3eR4tT5yU6iI7oO8pP9aS0dF1gG2hH3jJ4kK5lL6zZ7xX8cC9vV0bB1nN2mM3qW4eR5tT6yU7iI8oO9pP0aS1dF2gG3hH4jJ5kK6lL7zZ8xX9cC0vB1nN2mQ3wE4rR5tT6yY7uU8iI9oO0pP1aS2dF3gG4hH5jJ6kK7lL8zX9cV0bN1nM2qW3eR4tT5yU6iI7oO8pP9aS0dF1gG2hH3jJ4kK5lL6zZ7xX8cC9vV0bB1nN2mM3qW4eR5tT6yU7iI8oO9pP0aS1dF2gG3hH4jJ5kK6lL7zZ8xX9cC0vB1nN2mQ3wE4rR5tT6yY7uU8iI9oO0pP1aS2dF3gG4hH5jJ6kK7l4hH5jJ6kK7lL8zX9cV0bN1nM2qW3eR4tT5yU6iI7oO8pP9aS0dF1gG2hH3jJ4kK5lL6zZ7xX8cC9vV0bB1nN2mM3qW4eR5tT6yU7iI8oO9pP0aS1dF2gG3hH4jJ5kK6lL7zZ8xX9cC0vB1nN2mQ3wE4rR5tT6yY7uU8iI9oO0pP1aS2dF3gG4hH5jJ6kK7lL8zX9cV0bN1nM2qW3eR4tT5yU6iI7oO8pP9aS0dF1gG2hH3jJ4kK5lL6zZ7xX8cC9vV0bB1nN2mM3qW4eR5tT6yU7iI8oO9pP0aS1dF2gG3hH4jJ5kK6lL7zZ8xX9cC0vB1nN2mQ3wE4rR5tT6yY7uU8iI9oO0pP1aS2dF3gG4hH5jJ6kK7l4hH5jJ6kK7lL8zX9cV0bN1nM2qW3eR4tT5yU6iI7oO8pP9aS0dF1gG2hH3jJ4kK5lL6zZ7xX8cC9vV0bB1nN2mM3qW4eR5tT6yU7iI8oO9pP0aS1dF2gG3hH4jJ5kK6lL7zZ8xX9cC0vB1nN2mQ3wE4rR5tT6yY7uU8iI9oO0pP1aS2dF3gG4hH5jJ6kK7lL8zX9cV0bN1nM2qW3eR4tT5yU6iI7oO8pP9aS0dF1gG2hH3jJ4kK5lL6zZ7xX8cC9vV0bB1nN2mM3qW4eR5tT6yU7iI8oO9pP0aS1dF2gG3hH4jJ5kK6lL7zZ8xX9cC0vB1nN2mQ3wE4rR5tT6yY7uU8iI9oO0pP1aS2dF3gG4hH5jJ6kK7l4hH5jJ6kK7lL8zX9cV0bN1nM2qW3eR4tT5yU6iI7oO8pP9aS0dF1gG2hH3jJ4kK5lL6zZ7xX8cC9vV0bB1nN2mM3qW4eR5tT6yU7iI8oO9pP0aS1dF2gG3hH4jJ5kK6lL7zZ8xX9cC0vB1nN2mQ3wE4rR5tT6yY7uU8iI9oO0pP1aS2dF3gG4hH5jJ6kK7lL8zX9cV0bN1nM2qW3eR4tT5yU6iI7oO8pP9aS0dF1gG2hH3jJ4kK5lL6zZ7xX8cC9vV0bB1nN2mM3qW4eR5tT6yU7iI8oO9pP0aS1dF2gG3hH4jJ5kK6lL7zZ8xX9cC0vB1nN2mQ3wE4rR5tT6yY7uU8iI9oO0pP1aS2dF3gG4hH5jJ6kK7l4hH5jJ6kK7lL8zX9cV0bN1nM2qW3eR4tT5yU6iI7oO8pP9aS0dF1gG2hH3jJ4kK5lL6zZ7xX8cC9vV0bB1nN2mM3qW4eR5tT6yU7iI8oO9pP0aS1dF2gG3hH4jJ5kK6lL7zZ8xX9cC0vB1nN2mQ3wE4rR5tT6yY7uU8iI9oO0pP1aS2dF3gG4hH5jJ6kK7lL8zX9cV0bN1nM2qW3eR4tT5yU6iI7oO8pP9aS0dF1gG2hH3jJ4kK5lL6zZ7xX8cC9vV0bB1nN2mM3qW4eR5tT6yU7iI8oO9pP0aS1dF2gG3hH4jJ5kK6lL7zZ8xX9cC0vB1nN2mQ3wE4rR5tT6yY7uU8iI9oO0pP1aS2dF3gG4hH5jJ6kK7l4hH5jJ6kK7lL8zX9cV0bN1nM2qW3eR4tT5yU6iI7oO8pP9aS0dF1gG2hH3jJ4kK5lL6zZ7xX8cC9vV0bB1nN2mM3qW4eR5tT6yU7iI8oO9pP0aS1dF2gG3hH4jJ5kK6lL7zZ8xX9cC0vB1nN2mQ3wE4rR5tT6yY7uU8iI9oO0pP1aS2dF3gG4hH5jJ6kK7lL8zX9cV0bN1nM2qW3eR4tT5yU6iI7oO8pP9aS0dF1gG2hH3jJ4kK5lL6zZ7xX8cC9vV0bB1nN2mM3qW4eR5tT6yU7iI8oO9pP0aS1dF2gG3hH4jJ5kK6lL7zZ8xX9cC0vB1nN2mQ3wE4rR5tT6yY7uU8iI9oO0pP1aS2dF3gG4hH5jJ6kK7l4hH5jJ6kK7lL8zX9cV0bN1nM2qW3eR4tT5yU6iI7oO8pP9aS0dF1gG2hH3jJ4kK5lL6zZ7xX8cC9vV0bB1nN2mM3qW4eR5tT6yU7iI8oO9pP0aS1dF2gG3hH4jJ5kK6lL7zZ8xX9cC0vB1nN2mQ3wE4rR5tT6yY7uU8iI9oO0pP1aS2dF3gG4hH5jJ6kK7lL8zX9cV0bN1nM2qW3eR4tT5yU6iI7oO8pP9aS0dF1gG2hH3jJ4kK5lL6zZ7xX8cC9vV0bB1nN2mM3qW4eR5tT6yU7iI8oO9pP0aS1dF2gG3hH4jJ5kK6lL7zZ8xX9cC0vB1nN2mQ3wE4rR5tT6yY7uU8iI9oO0pP1aS2dF3gG4hH5jJ6kK7l4hH5jJ6kK7lL8zX9cV0bN1nM2qW3eR4tT5yU6iI7oO8pP9aS0dF1gG2hH3jJ4kK5lL6z7nB9vR2mX8kLp4QjW3tY5zH1aG6sF9dD0fS8gA7hJ6kL5mN4bV3vC2xZ1oP9iU8uY7tT6rR5eE4wW3qQ2aZ1sX2dC3fV4gB5hN6jM7kL8pO9iU0yT1rE2wQ3aS4dF5gG6hH7jJ8kK9lL0zZ1xX2cC3vV4bB5nN6mM7qQ8wW9eE0rR1tT2yY3uU4iI5oO6pP7aA8sS9dD0fF1gG2hH3jJ4kK5lL6zZ7xX8cC9vV0bB1nN2mM3qW4eR5tT6yU7iI8oO9pP0aS1dF2gG3hH4jJ5kK6lL7zZ8xX9cC0vB1nN2mQ3wE4rR5tT6yY7uU8iI9oO0pP1aS2dF3gG4hH5jJ6kK7lL8zX9cV0bN1nM2qW3eR4tT5yU6iI7oO8pP9aS0dF1gG2hH3jJ4kK5lL6zZ7xX8cC9vV0bB1nN2mM3qW4eR5tT6yU7iI8oO9pP0aS1dF2gG3hH4jJ5kK6lL7zZ8xX9cC0vB1nN2mQ3wE4rR5tT6yY7uU8iI9oO0pP1aS2dF3gG4hH5jJ6kK7lL8zX9cV0bN1nM2qW3eR4tT5yU6iI7oO8pP9aS0dF1gG2hH3jJ4kK5lL6zZ7xX8cC9vV0bB1nN2mM3qW4eR5tT6yU7iI8oO9pP0aS1dF2gG3hH4jJ5kK6lL7zZ8xX9cC0vB1nN2mQ3wE4rR5tT6yY7uU8iI9oO0pP1aS2dF3gG4hH5jJ6kK7lL8zX9cV0bN1nM2qW3eR4tT5yU6iI7oO8pP9aS0dF1gG2hH3jJ4kK5lL6zZ7xX8cC9vV0bB1nN2mM3qW4eR5tT6yU7iI8oO9pP0aS1dF2gG3hH4jJ5kK6lL7zZ8xX9cC0vB1nN2mQ3wE4rR5tT6yY7uU8iI9oO0pP1aS2dF3gG4hH5jJ6kK7lL8zX9cV0bN1nM2qW3eR4tT5yU6iI7oO8pP9aS0dF1gG2hH3jJ4kK5lL6zZ7xX8cC9vV0bB1nN2mM3qW4eR5tT6yU7iI8oO9pP0aS1dF2gG3hH4jJ5kK6lL7zZ8xX9cC0vB1nN2mQ3wE4rR5tT6yY7uU8iI9oO0pP1aS2dF3gG4hH5jJ6kK7l4hH5jJ6kK7lL8zX9cV0bN1nM2qW3eR4tT5yU6iI7oO8pP9aS0dF1gG2hH3jJ4kK5lL6zZ7xX8cC9vV0bB1nN2mM3qW4eR5tT6yU7iI8oO9pP0aS1dF2gG3hH4jJ5kK6lL7zZ8xX9cC0vB1nN2mQ3wE4rR5tT6yY7uU8iI9oO0pP1aS2dF3gG4hH5jJ6kK7lL8zX9cV0bN1nM2qW3eR4tT5yU6iI7oO8pP9aS0dF1gG2hH3jJ4kK5lL6zZ7xX8cC9vV0bB1nN2mM3qW4eR5tT6yU7iI8oO9pP0aS1dF2gG3hH4jJ5kK6lL7zZ8xX9cC0vB1nN2mQ3wE4rR5tT6yY7uU8iI9oO0pP1aS2dF3gG4hH5jJ6kK7l4hH5jJ6kK7lL8zX9cV0bN1nM2qW3eR4tT5yU6iI7oO8pP9aS0dF1gG2hH3jJ4kK5lL6zZ7xX8cC9vV0bB1nN2mM3qW4eR5tT6yU7iI8oO9pP0aS1dF2gG3hH4jJ5kK6lL7zZ8xX9cC0vB1nN2mQ3wE4rR5tT6yY7uU8iI9oO0pP1aS2dF3gG4hH5jJ6kK7lL8zX9cV0bN1nM2qW3eR4tT5yU6iI7oO8pP9aS0dF1gG2hH3jJ4kK5lL6zZ7xX8cC9vV0bB1nN2mM3qW4eR5tT6yU7iI8oO9pP0aS1dF2gG3hH4jJ5kK6lL7zZ8xX9cC0vB1nN2mQ3wE4rR5tT6yY7uU8iI9oO0pP1aS2dF3gG4hH5jJ6kK7l4hH5jJ6kK7lL8zX9cV0bN1nM2qW3eR4tT5yU6iI7oO8pP9aS0dF1gG2hH3jJ4kK5lL6zZ7xX8cC9vV0bB1nN2mM3qW4eR5tT6yU7iI8oO9pP0aS1dF2gG3hH4jJ5kK6lL7zZ8xX9cC0vB1nN2mQ3wE4rR5tT6yY7uU8iI9oO0pP1aS2dF3gG4hH5jJ6kK7lL8zX9cV0bN1nM2qW3eR4tT5yU6iI7oO8pP9aS0dF1gG2hH3jJ4kK5lL6zZ7xX8cC9vV0bB1nN2mM3qW4eR5tT6yU7iI8oO9pP0aS1dF2gG3hH4jJ5kK6lL7zZ8xX9cC0vB1nN2mQ3wE4rR5tT6yY7uU8iI9oO0pP1aS2dF3gG4hH5jJ6kK7l4hH5jJ6kK7lL8zX9cV0bN1nM2qW3eR4tT5yU6iI7oO8pP9aS0dF1gG2hH3jJ4kK5lL6zZ7xX8cC9vV0bB1nN2mM3qW4eR5tT6yU7iI8oO9pP0aS1dF2gG3hH4jJ5kK6lL7zZ8xX9cC0vB1nN2mQ3wE4rR5tT6yY7uU8iI9oO0pP1aS2dF3gG4hH5jJ6kK7lL8zX9cV0bN1nM2qW3eR4tT5yU6iI7oO8pP9aS0dF1gG2hH3jJ4kK5lL6zZ7xX8cC9vV0bB1nN2mM3qW4eR5tT6yU7iI8oO9pP0aS1dF2gG3hH4jJ5kK6lL7zZ8xX9cC0vB1nN2mQ3wE4rR5tT6yY7uU8iI9oO0pP1aS2dF3gG4hH5jJ6kK7l4hH5jJ6kK7lL8zX9cV0bN1nM2qW3eR4tT5yU6iI7oO8pP9aS0dF1gG2hH3jJ4kK5lL6zZ7xX8cC9vV0bB1nN2mM3qW4eR5tT6yU7iI8oO9pP0aS1dF2gG3hH4jJ5kK6lL7zZ8xX9cC0vB1nN2mQ3wE4rR5tT6yY7uU8iI9oO0pP1aS2dF3gG4hH5jJ6kK7lL8zX9cV0bN1nM2qW3eR4tT5yU6iI7oO8pP9aS0dF1gG2hH3jJ4kK5lL6zZ7xX8cC9vV0bB1nN2mM3qW4eR5tT6yU7iI8oO9pP0aS1dF2gG3hH4jJ5kK6lL7zZ8xX9cC0vB1nN2mQ3wE4rR5tT6yY7uU8iI9oO0pP1aS2dF3gG4hH5jJ6kK7l4hH5jJ6kK7lL8zX9cV0bN1nM2qW3eR4tT5yU6iI7oO8pP9aS0dF1gG2hH3jJ4kK5lL6zZ7xX8cC9vV0bB1nN2mM3qW4eR5tT6yU7iI8oO9pP0aS1dF2gG3hH4jJ5kK6lL7zZ8xX9cC0vB1nN2mQ3wE4rR5tT6yY7uU8iI9oO0pP1aS2dF3gG4hH5jJ6kK7lL8zX9cV0bN1nM2qW3eR4tT5yU6iI7oO8pP9aS0dF1gG2hH3jJ4kK5lL6zZ7xX8cC9vV0bB1nN2mM3qW4eR5tT6yU7iI8oO9pP0aS1dF2gG3hH4jJ5kK6lL7zZ8xX9cC0vB1nN2mQ3wE4rR5tT6yY7uU8iI9oO0pP1aS2dF3gG4hH5jJ6kK7l4hH5jJ6kK7lL8zX9cV0bN1nM2qW3eR4tT5yU6iI7oO8pP9aS0dF1gG2hH3jJ4kK5lL6zZ7xX8cC9vV0bB1nN2mM3qW4eR5tT6yU7iI8oO9pP0aS1dF2gG3hH4jJ5kK6lL7zZ8xX9cC0vB1nN2mQ3wE4rR5tT6yY7uU8iI9oO0pP1aS2dF3gG4hH5jJ6kK7lL8zX9cV0bN1nM2qW3eR4tT5yU6iI7oO8pP9aS0dF1gG2hH3jJ4kK5lL6zZ7xX8cC9vV0bB1nN2mM3qW4eR5tT6yU7iI8oO9pP0aS1dF2gG3hH4jJ5kK6lL7zZ8xX9cC0vB1nN2mQ3wE4rR5tT6yY7uU8iI9oO0pP1aS2dF3gG4hH5jJ6kK7l4hH5jJ6kK7lL8zX9cV0bN1nM2qW3eR4tT5yU6iI7oO8pP9aS0dF1gG2hH3jJ4kK5lL6z7nB9vR2mX8kLp4QjW3tY5zH1aG6sF9dD0fS8gA7hJ6kL5mN4bV3vC2xZ1oP9iU8uY7tT6rR5eE4wW3qQ2aZ1sX2dC3fV4gB5hN6jM7kL8pO9iU0yT1rE2wQ3aS4dF5gG6hH7jJ8kK9lL0zZ1xX2cC3vV4bB5nN6mM7qQ8wW9eE0rR1tT2yY3uU4iI5oO6pP7aA8sS9dD0fF1gG2hH3jJ4kK5lL6zZ7xX8cC9vV0bB1nN2mM3qW4eR5tT6yU7iI8oO9pP0aS1dF2gG3hH4jJ5kK6lL7zZ8xX9cC0vB1nN2mQ3wE4rR5tT6yY7uU8iI9oO0pP1aS2dF3gG4hH5jJ6kK7lL8zX9cV0bN1nM2qW3eR4tT5yU6iI7oO8pP9aS0dF1gG2hH3jJ4kK5lL6zZ7xX8cC9vV0bB1nN2mM3qW4eR5tT6yU7iI8oO9pP0aS1dF2gG3hH4jJ5kK6lL7zZ8xX9cC0vB1nN2mQ3wE4rR5tT6yY7uU8iI9oO0pP1aS2dF3gG4hH5jJ6kK7lL8zX9cV0bN1nM2qW3eR4tT5yU6iI7oO8pP9aS0dF1gG2hH3jJ4kK5lL6zZ7xX8cC9vV0bB1nN2mM3qW4eR5tT6yU7iI8oO9pP0aS1dF2gG3hH4jJ5kK6lL7zZ8xX9cC0vB1nN2mQ3wE4rR5tT6yY7uU8iI9oO0pP1aS2dF3gG4hH5jJ6kK7lL8zX9cV0bN1nM2qW3eR4tT5yU6iI7oO8pP9aS0dF1gG2hH3jJ4kK5lL6zZ7xX8cC9vV0bB1nN2mM3qW4eR5tT6yU7iI8oO9pP0aS1dF2gG3hH4jJ5kK6lL7zZ8xX9cC0vB1nN2mQ3wE4rR5tT6yY7uU8iI9oO0pP1aS2dF3gG4hH5jJ6kK7lL8zX9cV0bN1nM2qW3eR4tT5yU6iI7oO8pP9aS0dF1gG2hH3jJ4kK5lL6zZ7xX8cC9vV0bB1nN2mM3qW4eR5tT6yU7iI8oO9pP0aS1dF2gG3hH4jJ5kK6lL7zZ8xX9cC0vB1nN2mQ3wE4rR5tT6yY7uU8iI9oO0pP1aS2dF3gG4hH5jJ6kK7l4hH5jJ6kK7lL8zX9cV0bN1nM2qW3eR4tT5yU6iI7oO8pP9aS0dF1gG2hH3jJ4kK5lL6zZ7xX8cC9vV0bB1nN2mM3qW4eR5tT6yU7iI8oO9pP0aS1dF2gG3hH4jJ5kK6lL7zZ8xX9cC0vB1nN2mQ3wE4rR5tT6yY7uU8iI9oO0pP1aS2dF3gG4hH5jJ6kK7lL8zX9cV0bN1nM2qW3eR4tT5yU6iI7oO8pP9aS0dF1gG2hH3jJ4kK5lL6zZ7xX8cC9vV0bB1nN2mM3qW4eR5tT6yU7iI8oO9pP0aS1dF2gG3hH4jJ5kK6lL7zZ8xX9cC0vB1nN2mQ3wE4rR5tT6yY7uU8iI9oO0pP1aS2dF3gG4hH5jJ6kK7l4hH5jJ6kK7lL8zX9cV0bN1nM2qW3eR4tT5yU6iI7oO8pP9aS0dF1gG2hH3jJ4kK5lL6zZ7xX8cC9vV0bB1nN2mM3qW4eR5tT6yU7iI8oO9pP0aS1dF2gG3hH4jJ5kK6lL7zZ8xX9cC0vB1nN2mQ3wE4rR5tT6yY7uU8iI9oO0pP1aS2dF3gG4hH5jJ6kK7lL8zX9cV0bN1nM2qW3eR4tT5yU6iI7oO8pP9aS0dF1gG2hH3jJ4kK5lL6zZ7xX8cC9vV0bB1nN2mM3qW4eR5tT6yU7iI8oO9pP0aS1dF2gG3hH4jJ5kK6lL7zZ8xX9cC0vB1nN2mQ3wE4rR5tT6yY7uU8iI9oO0pP1aS2dF3gG4hH5jJ6kK7l4hH5jJ6kK7lL8zX9cV0bN1nM2qW3eR4tT5yU6iI7oO8pP9aS0dF1gG2hH3jJ4kK5lL6zZ7xX8cC9vV0bB1nN2mM3qW4eR5tT6yU7iI8oO9pP0aS1dF2gG3hH4jJ5kK6lL7zZ8xX9cC0vB1nN2mQ3wE4rR5tT6yY7uU8iI9oO0pP1aS2dF3gG4hH5jJ6kK7lL8zX9cV0bN1nM2qW3eR4tT5yU6iI7oO8pP9aS0dF1gG2hH3jJ4kK5lL6zZ7xX8cC9vV0bB1nN2mM3qW4eR5tT6yU7iI8oO9pP0aS1dF2gG3hH4jJ5kK6lL7zZ8xX9cC0vB1nN2mQ3wE4rR5tT6yY7uU8iI9oO0pP1aS2dF3gG4hH5jJ6kK7l4hH5jJ6kK7lL8zX9cV0bN1nM2qW3eR4tT5yU6iI7oO8pP9aS0dF1gG2hH3jJ4kK5lL6zZ7xX8cC9vV0bB1nN2mM3qW4eR5tT6yU7iI8oO9pP0aS1dF2gG3hH4jJ5kK6lL7zZ8xX9cC0vB1nN2mQ3wE4rR5tT6yY7uU8iI9oO0pP1aS2dF3gG4hH5jJ6kK7lL8zX9cV0bN1nM2qW3eR4tT5yU6iI7oO8pP9aS0dF1gG2hH3jJ4kK5lL6zZ7xX8cC9vV0bB1nN2mM3qW4eR5tT6yU7iI8oO9pP0aS1dF2gG3hH4jJ5kK6lL7zZ8xX9cC0vB1nN2mQ3wE4rR5tT6yY7uU8iI9oO0pP1aS2dF3gG4hH5jJ6kK7l4hH5jJ6kK7lL8zX9cV0bN1nM2qW3eR4tT5yU6iI7oO8pP9aS0dF1gG2hH3jJ4kK5lL6zZ7xX8cC9vV0bB1nN2mM3qW4eR5tT6yU7iI8oO9pP0aS1dF2gG3hH4jJ5kK6lL7zZ8xX9cC0vB1nN2mQ3wE4rR5tT6yY7uU8iI9oO0pP1aS2dF3gG4hH5jJ6kK7lL8zX9cV0bN1nM2qW3eR4tT5yU6iI7oO8pP9aS0dF1gG2hH3jJ4kK5lL6zZ7xX8cC9vV0bB1nN2mM3qW4eR5tT6yU7iI8oO9pP0aS1dF2gG3hH4jJ5kK6lL7zZ8xX9cC0vB1nN2mQ3wE4rR5tT6yY7uU8iI9oO0pP1aS2dF3gG4hH5jJ6kK7l4hH5jJ6kK7lL8zX9cV0bN1nM2qW3eR4tT5yU6iI7oO8pP9aS0dF1gG2hH3jJ4kK5lL6zZ7xX8cC9vV0bB1nN2mM3qW4eR5tT6yU7iI8oO9pP0aS1dF2gG3hH4jJ5kK6lL7zZ8xX9cC0vB1nN2mQ3wE4rR5tT6yY7uU8iI9oO0pP1aS2dF3gG4hH5jJ6kK7lL8zX9cV0bN1nM2qW3eR4tT5yU6iI7oO8pP9aS0dF1gG2hH3jJ4kK5lL6zZ7xX8cC9vV0bB1nN2mM3qW4eR5tT6yU7iI8oO9pP0aS1dF2gG3hH4jJ5kK6lL7zZ8xX9cC0vB1nN2mQ3wE4rR5tT6yY7uU8iI9oO0pP1aS2dF3gG4hH5jJ6kK7l4hH5jJ6kK7lL8zX9cV0bN1nM2qW3eR4tT5yU6iI7oO8pP9aS0dF1gG2hH3jJ4kK5lL6zZ7xX8cC9vV0bB1nN2mM3qW4eR5tT6yU7iI8oO9pP0aS1dF2gG3hH4jJ5kK6lL7zZ8xX9cC0vB1nN2mQ3wE4rR5tT6yY7uU8iI9oO0pP1aS2dF3gG4hH5jJ6kK7lL8zX9cV0bN1nM2qW3eR4tT5yU6iI7oO8pP9aS0dF1gG2hH3jJ4kK5lL6zZ7xX8cC9vV0bB1nN2mM3qW4eR5tT6yU7iI8oO9pP0aS1dF2gG3hH4jJ5kK6lL7zZ8xX9cC0vB1nN2mQ3wE4rR5tT6yY7uU8iI9oO0pP1aS2dF3gG4hH5jJ6kK7l4hH5jJ6kK7lL8zX9cV0bN1nM2qW3eR4tT5yU6iI7oO8pP9aS0dF1gG2hH3jJ4kK5lL6z7nB9vR2mX8kLp4QjW3tY5zH1aG6sF9dD0fS8gA7hJ6kL5mN4bV3vC2xZ1oP9iU8uY7tT6rR5eE4wW3qQ2aZ1sX2dC3fV4gB5hN6jM7kL8pO9iU0yT1rE2wQ3aS4dF5gG6hH7jJ8kK9lL0zZ1xX2cC3vV4bB5nN6mM7qQ8wW9eE0rR1tT2yY3uU4iI5oO6pP7aA8sS9dD0fF1gG2hH3jJ4kK5lL6zZ7xX8cC9vV0bB1nN2mM3qW4eR5tT6yU7iI8oO9pP0aS1dF2gG3hH4jJ5kK6lL7zZ8xX9cC0vB1nN2mQ3wE4rR5tT6yY7uU8iI9oO0pP1aS2dF3gG4hH5jJ6kK7lL8zX9cV0bN1nM2qW3eR4tT5yU6iI7oO8pP9aS0dF1gG2hH3jJ4kK5lL6zZ7xX8cC9vV0bB1nN2mM3qW4eR5tT6yU7iI8oO9pP0aS1dF2gG3hH4jJ5kK6lL7zZ8xX9cC0vB1nN2mQ3wE4rR5tT6yY7uU8iI9oO0pP1aS2dF3gG4hH5jJ6kK7lL8zX9cV0bN1nM2qW3eR4tT5yU6iI7oO8pP9aS0dF1gG2hH3jJ4kK5lL6zZ7xX8cC9vV0bB1nN2mM3qW4eR5tT6yU7iI8oO9pP0aS1dF2gG3hH4jJ5kK6lL7zZ8xX9cC0vB1nN2mQ3wE4rR5tT6yY7uU8iI9oO0pP1aS2dF3gG4hH5jJ6kK7lL8zX9cV0bN1nM2qW3eR4tT5yU6iI7oO8pP9aS0dF1gG2hH3jJ4kK5lL6zZ7xX8cC9vV0bB1nN2mM3qW4eR5tT6yU7iI8oO9pP0aS1dF2gG3hH4jJ5kK6lL7zZ8xX9cC0vB1nN2mQ3wE4rR5tT6yY7uU8iI9oO0pP1aS2dF3gG4hH5jJ6kK7lL8zX9cV0bN1nM2qW3eR4tT5yU6iI7oO8pP9aS0dF1gG2hH3jJ4kK5lL6zZ7xX8cC9vV0bB1nN2mM3qW4eR5tT6yU7iI8oO9pP0aS1dF2gG3hH4jJ5kK6lL7zZ8xX9cC0vB1nN2mQ3wE4rR5tT6yY7uU8iI9oO0pP1aS2dF3gG4hH5jJ6kK7l4hH5jJ6kK7lL8zX9cV0bN1nM2qW3eR4tT5yU6iI7oO8pP9aS0dF1gG2hH3jJ4kK5lL6zZ7xX8cC9vV0bB1nN2mM3qW4eR5tT6yU7iI8oO9pP0aS1dF2gG3hH4jJ5kK6lL7zZ8xX9cC0vB1nN2mQ3wE4rR5tT6yY7uU8iI9oO0pP1aS2dF3gG4hH5jJ6kK7lL8zX9cV0bN1nM2qW3eR4tT5yU6iI7oO8pP9aS0dF1gG2hH3jJ4kK5lL6zZ7xX8cC9vV0bB1nN2mM3qW4eR5tT6yU7iI8oO9pP0aS1dF2gG3hH4jJ5kK6lL7zZ8xX9cC0vB1nN2mQ3wE4rR5tT6yY7uU8iI9oO0pP1aS2dF3gG4hH5jJ6kK7l4hH5jJ6kK7lL8zX9cV0bN1nM2qW3eR4tT5yU6iI7oO8pP9aS0dF1gG2hH3jJ4kK5lL6zZ7xX8cC9vV0bB1nN2mM3qW4eR5tT6yU7iI8oO9pP0aS1dF2gG3hH4jJ5kK6lL7zZ8xX9cC0vB1nN2mQ3wE4rR5tT6yY7uU8iI9oO0pP1aS2dF3gG4hH5jJ6kK7lL8zX9cV0bN1nM2qW3eR4tT5yU6iI7oO8pP9aS0dF1gG2hH3jJ4kK5lL6zZ7xX8cC9vV0bB1nN2mM3qW4eR5tT6yU7iI8oO9pP0aS1dF2gG3hH4jJ5kK6lL7zZ8xX9cC0vB1nN2mQ3wE4rR5tT6yY7uU8iI9oO0pP1aS2dF3gG4hH5jJ6kK7l4hH5jJ6kK7lL8zX9cV0bN1nM2qW3eR4tT5yU6iI7oO8pP9aS0dF1gG2hH3jJ4kK5lL6zZ7xX8cC9vV0bB1nN2mM3qW4eR5tT6yU7iI8oO9pP0aS1dF2gG3hH4jJ5kK6lL7zZ8xX9cC0vB1nN2mQ3wE4rR5tT6yY7uU8iI9oO0pP1aS2dF3gG4hH5jJ6kK7lL8zX9cV0bN1nM2qW3eR4tT5yU6iI7oO8pP9aS0dF1gG2hH3jJ4kK5lL6zZ7xX8cC9vV0bB1nN2mM3qW4eR5tT6yU7iI8oO9pP0aS1dF2gG3hH4jJ5kK6lL7zZ8xX9cC0vB1nN2mQ3wE4rR5tT6yY7uU8iI9oO0pP1aS2dF3gG4hH5jJ6kK7l4hH5jJ6kK7lL8zX9cV0bN1nM2qW3eR4tT5yU6iI7oO8pP9aS0dF1gG2hH3jJ4kK5lL6zZ7xX8cC9vV0bB1nN2mM3qW4eR5tT6yU7iI8oO9pP0aS1dF2gG3hH4jJ5kK6lL7zZ8xX9cC0vB1nN2mQ3wE4rR5tT6yY7uU8iI9oO0pP1aS2dF3gG4hH5jJ6kK7lL8zX9cV0bN1nM2qW3eR4tT5yU6iI7oO8pP9aS0dF1gG2hH3jJ4kK5lL6zZ7xX8cC9vV0bB1nN2mM3qW4eR5tT6yU7iI8oO9pP0aS1dF2gG3hH4jJ5kK6lL7zZ8xX9cC0vB1nN2mQ3wE4rR5tT6yY7uU8iI9oO0pP1aS2dF3gG4hH5jJ6kK7l4hH5jJ6kK7lL8zX9cV0bN1nM2qW3eR4tT5yU6iI7oO8pP9aS0dF1gG2hH3jJ4kK5lL6zZ7xX8cC9vV0bB1nN2mM3qW4eR5tT6yU7iI8oO9pP0aS1dF2gG3hH4jJ5kK6lL7zZ8xX9cC0vB1nN2mQ3wE4rR5tT6yY7uU8iI9oO0pP1aS2dF3gG4hH5jJ6kK7lL8zX9cV0bN1nM2qW3eR4tT5yU6iI7oO8pP9aS0dF1gG2hH3jJ4kK5lL6zZ7xX8cC9vV0bB1nN2mM3qW4eR5tT6yU7iI8oO9pP0aS1dF2gG3hH4jJ5kK6lL7zZ8xX9cC0vB1nN2mQ3wE4rR5tT6yY7uU8iI9oO0pP1aS2dF3gG4hH5jJ6kK7l4hH5jJ6kK7lL8zX9cV0bN1nM2qW3eR4tT5yU6iI7oO8pP9aS0dF1gG2hH3jJ4kK5lL6zZ7xX8cC9vV0bB1nN2mM3qW4eR5tT6yU7iI8oO9pP0aS1dF2gG3hH4jJ5kK6lL7zZ8xX9cC0vB1nN2mQ3wE4rR5tT6yY7uU8iI9oO0pP1aS2dF3gG4hH5jJ6kK7lL8zX9cV0bN1nM2qW3eR4tT5yU6iI7oO8pP9aS0dF1gG2hH3jJ4kK5lL6zZ7xX8cC9vV0bB1nN2mM3qW4eR5tT6yU7iI8oO9pP0aS1dF2gG3hH4jJ5kK6lL7zZ8xX9cC0vB1nN2mQ3wE4rR5tT6yY7uU8iI9oO0pP1aS2dF3gG4hH5jJ6kK7l4hH5jJ6kK7lL8zX9cV0bN1nM2qW3eR4tT5yU6iI7oO8pP9aS0dF1gG2hH3jJ4kK5lL6zZ7xX8cC9vV0bB1nN2mM3qW4eR5tT6yU7iI8oO9pP0aS1dF2gG3hH4jJ5kK6lL7zZ8xX9cC0vB1nN2mQ3wE4rR5tT6yY7uU8iI9oO0pP1aS2dF3gG4hH5jJ6kK7lL8zX9cV0bN1nM2qW3eR4tT5yU6iI7oO8pP9aS0dF1gG2hH3jJ4kK5lL6zZ7xX8cC9vV0bB1nN2mM3qW4eR5tT6yU7iI8oO9pP0aS1dF2gG3hH4jJ5kK6lL7zZ8xX9cC0vB1nN2mQ3wE4rR5tT6yY7uU8iI9oO0pP1aS2dF3gG4hH5jJ6kK7l4hH5jJ6kK7lL8zX9cV0bN1nM2qW3eR4tT5yU6iI7oO8pP9aS0dF1gG2hH3jJ4kK5lL6z7nB9vR2mX8kLp4QjW3tY5zH1aG6sF9dD0fS8gA7hJ6kL5mN4bV3vC2xZ1oP9iU8uY7tT6rR5eE4wW3qQ2aZ1sX2dC3fV4gB5hN6jM7kL8pO9iU0yT1rE2wQ3aS4dF5gG6hH7jJ8kK9lL0zZ1xX2cC3vV4bB5nN6mM7qQ8wW9eE0rR1tT2yY3uU4iI5oO6pP7aA8sS9dD0fF1gG2hH3jJ4kK5lL6zZ7xX8cC9vV0bB1nN2mM3qW4eR5tT6yU7iI8oO9pP0aS1dF2gG3hH4jJ5kK6lL7zZ8xX9cC0vB1nN2mQ3wE4rR5tT6yY7uU8iI9oO0pP1aS2dF3gG4hH5jJ6kK7lL8zX9cV0bN1nM2qW3eR4tT5yU6iI7oO8pP9aS0dF1gG2hH3jJ4kK5lL6zZ7xX8cC9vV0bB1nN2mM3qW4eR5tT6yU7iI8oO9pP0aS1dF2gG3hH4jJ5kK6lL7zZ8xX9cC0vB1nN2mQ3wE4rR5tT6yY7uU8iI9oO0pP1aS2dF3gG4hH5jJ6kK7lL8zX9cV0bN1nM2qW3eR4tT5yU6iI7oO8pP9aS0dF1gG2hH3jJ4kK5lL6zZ7xX8cC9vV0bB1nN2mM3qW4eR5tT6yU7iI8oO9pP0aS1dF2gG3hH4jJ5kK6lL7zZ8xX9cC0vB1nN2mQ3wE4rR5tT6yY7uU8iI9oO0pP1aS2dF3gG4hH5jJ6kK7lL8zX9cV0bN1nM2qW3eR4tT5yU6iI7oO8pP9aS0dF1gG2hH3jJ4kK5lL6zZ7xX8cC9vV0bB1nN2mM3qW4eR5tT6yU7iI8oO9pP0aS1dF2gG3hH4jJ5kK6lL7zZ8xX9cC0vB1nN2mQ3wE4rR5tT6yY7uU8iI9oO0pP1aS2dF3gG4hH5jJ6kK7lL8zX9cV0bN1nM2qW3eR4tT5yU6iI7oO8pP9aS0dF1gG2hH3jJ4kK5lL6zZ7xX8cC9vV0bB1nN2mM3qW4eR5tT6yU7iI8oO9pP0aS1dF2gG3hH4jJ5kK6lL7zZ8xX9cC0vB1nN2mQ3wE4rR5tT6yY7uU8iI9oO0pP1aS2dF3gG4hH5jJ6kK7l4hH5jJ6kK7lL8zX9cV0bN1nM2qW3eR4tT5yU6iI7oO8pP9aS0dF1gG2hH3jJ4kK5lL6zZ7xX8cC9vV0bB1nN2mM3qW4eR5tT6yU7iI8oO9pP0aS1dF2gG3hH4jJ5kK6lL7zZ8xX9cC0vB1nN2mQ3wE4rR5tT6yY7uU8iI9oO0pP1aS2dF3gG4hH5jJ6kK7lL8zX9cV0bN1nM2qW3eR4tT5yU6iI7oO8pP9aS0dF1gG2hH3jJ4kK5lL6zZ7xX8cC9vV0bB1nN2mM3qW4eR5tT6yU7iI8oO9pP0aS1dF2gG3hH4jJ5kK6lL7zZ8xX9cC0vB1nN2mQ3wE4rR5tT6yY7uU8iI9oO0pP1aS2dF3gG4hH5jJ6kK7l4hH5jJ6kK7lL8zX9cV0bN1nM2qW3eR4tT5yU6iI7oO8pP9aS0dF1gG2hH3jJ4kK5lL6zZ7xX8cC9vV0bB1nN2mM3qW4eR5tT6yU7iI8oO9pP0aS1dF2gG3hH4jJ5kK6lL7zZ8xX9cC0vB1nN2mQ3wE4rR5tT6yY7uU8iI9oO0pP1aS2dF3gG4hH5jJ6kK7lL8zX9cV0bN1nM2qW3eR4tT5yU6iI7oO8pP9aS0dF1gG2hH3jJ4kK5lL6zZ7xX8cC9vV0bB1nN2mM3qW4eR5tT6yU7iI8oO9pP0aS1dF2gG3hH4jJ5kK6lL7zZ8xX9cC0vB1nN2mQ3wE4rR5tT6yY7uU8iI9oO0pP1aS2dF3gG4hH5jJ6kK7l4hH5jJ6kK7lL8zX9cV0bN1nM2qW3eR4tT5yU6iI7oO8pP9aS0dF1gG2hH3jJ4kK5lL6zZ7xX8cC9vV0bB1nN2mM3qW4eR5tT6yU7iI8oO9pP0aS1dF2gG3hH4jJ5kK6lL7zZ8xX9cC0vB1nN2mQ3wE4rR5tT6yY7uU8iI9oO0pP1aS2dF3gG4hH5jJ6kK7lL8zX9cV0bN1nM2qW3eR4tT5yU6iI7oO8pP9aS0dF1gG2hH3jJ4kK5lL6zZ7xX8cC9vV0bB1nN2mM3qW4eR5tT6yU7iI8oO9pP0aS1dF2gG3hH4jJ5kK6lL7zZ8xX9cC0vB1nN2mQ3wE4rR5tT6yY7uU8iI9oO0pP1aS2dF3gG4hH5jJ6kK7l4hH5jJ6kK7lL8zX9cV0bN1nM2qW3eR4tT5yU6iI7oO8pP9aS0dF1gG2hH3jJ4kK5lL6zZ7xX8cC9vV0bB1nN2mM3qW4eR5tT6yU7iI8oO9pP0aS1dF2gG3hH4jJ5kK6lL7zZ8xX9cC0vB1nN2mQ3wE4rR5tT6yY7uU8iI9oO0pP1aS2dF3gG4hH5jJ6kK7lL8zX9cV0bN1nM2qW3eR4tT5yU6iI7oO8pP9aS0dF1gG2hH3jJ4kK5lL6zZ7xX8cC9vV0bB1nN2mM3qW4eR5tT6yU7iI8oO9pP0aS1dF2gG3hH4jJ5kK6lL7zZ8xX9cC0vB1nN2mQ3wE4rR5tT6yY7uU8iI9oO0pP1aS2dF3gG4hH5jJ6kK7l4hH5jJ6kK7lL8zX9cV0bN1nM2qW3eR4tT5yU6iI7oO8pP9aS0dF1gG2hH3jJ4kK5lL6zZ7xX8cC9vV0bB1nN2mM3qW4eR5tT6yU7iI8oO9pP0aS1dF2gG3hH4jJ5kK6lL7zZ8xX9cC0vB1nN2mQ3wE4rR5tT6yY7uU8iI9oO0pP1aS2dF3gG4hH5jJ6kK7lL8zX9cV0bN1nM2qW3eR4tT5yU6iI7oO8pP9aS0dF1gG2hH3jJ4kK5lL6zZ7xX8cC9vV0bB1nN2mM3qW4eR5tT6yU7iI8oO9pP0aS1dF2gG3hH4jJ5kK6lL7zZ8xX9cC0vB1nN2mQ3wE4rR5tT6yY7uU8iI9oO0pP1aS2dF3gG4hH5jJ6kK7l4hH5jJ6kK7lL8zX9cV0bN1nM2qW3eR4tT5yU6iI7oO8pP9aS0dF1gG2hH3jJ4kK5lL6zZ7xX8cC9vV0bB1nN2mM3qW4eR5tT6yU7iI8oO9pP0aS1dF2gG3hH4jJ5kK6lL7zZ8xX9cC0vB1nN2mQ3wE4rR5tT6yY7uU8iI9oO0pP1aS2dF3gG4hH5jJ6kK7lL8zX9cV0bN1nM2qW3eR4tT5yU6iI7oO8pP9aS0dF1gG2hH3jJ4kK5lL6zZ7xX8cC9vV0bB1nN2mM3qW4eR5tT6yU7iI8oO9pP0aS1dF2gG3hH4jJ5kK6lL7zZ8xX9cC0vB1nN2mQ3wE4rR5tT6yY7uU8iI9oO0pP1aS2dF3gG4hH5jJ6kK7l4hH5jJ6kK7lL8zX9cV0bN1nM2qW3eR4tT5yU6iI7oO8pP9aS0dF1gG2hH3jJ4kK5lL6zZ7xX8cC9vV0bB1nN2mM3qW4eR5tT6yU7iI8oO9pP0aS1dF2gG3hH4jJ5kK6lL7zZ8xX9cC0vB1nN2mQ3wE4rR5tT6yY7uU8iI9oO0pP1aS2dF3gG4hH5jJ6kK7lL8zX9cV0bN1nM2qW3eR4tT5yU6iI7oO8pP9aS0dF1gG2hH3jJ4kK5lL6zZ7xX8cC9vV0bB1nN2mM3qW4eR5tT6yU7iI8oO9pP0aS1dF2gG3hH4jJ5kK6lL7zZ8xX9cC0vB1nN2mQ3wE4rR5tT6yY7uU8iI9oO0pP1aS2dF3gG4hH5jJ6kK7l4hH5jJ6kK7lL8zX9cV0bN1nM2qW3eR4tT5yU6iI7oO8pP9aS0dF1gG2hH3jJ4kK5lL6z7nB9vR2mX8kLp4QjW3tY5zH1aG6sF9dD0fS8gA7hJ6kL5mN4bV3vC2xZ1oP9iU8uY7tT6rR5eE4wW3qQ2aZ1sX2dC3fV4gB5hN6jM7kL8pO9iU0yT1rE2wQ3aS4dF5gG6hH7jJ8kK9lL0zZ1xX2cC3vV4bB5nN6mM7qQ8wW9eE0rR1tT2yY3uU4iI5oO6pP7aA8sS9dD0fF1gG2hH3jJ4kK5lL6zZ7xX8cC9vV0bB1nN2mM3qW4eR5tT6yU7iI8oO9pP0aS1dF2gG3hH4jJ5kK6lL7zZ8xX9cC0vB1nN2mQ3wE4rR5tT6yY7uU8iI9oO0pP1aS2dF3gG4hH5jJ6kK7lL8zX9cV0bN1nM2qW3eR4tT5yU6iI7oO8pP9aS0dF1gG2hH3jJ4kK5lL6zZ7xX8cC9vV0bB1nN2mM3qW4eR5tT6yU7iI8oO9pP0aS1dF2gG3hH4jJ5kK6lL7zZ8xX9cC0vB1nN2mQ3wE4rR5tT6yY7uU8iI9oO0pP1aS2dF3gG4hH5jJ6kK7lL8zX9cV0bN1nM2qW3eR4tT5yU6iI7oO8pP9aS0dF1gG2hH3jJ4kK5lL6zZ7xX8cC9vV0bB1nN2mM3qW4eR5tT6yU7iI8oO9pP0aS1dF2gG3hH4jJ5kK6lL7zZ8xX9cC0vB1nN2mQ3wE4rR5tT6yY7uU8iI9oO0pP1aS2dF3gG4hH5jJ6kK7lL8zX9cV0bN1nM2qW3eR4tT5yU6iI7oO8pP9aS0dF1gG2hH3jJ4kK5lL6zZ7xX8cC9vV0bB1nN2mM3qW4eR5tT6yU7iI8oO9pP0aS1dF2gG3hH4jJ5kK6lL7zZ8xX9cC0vB1nN2mQ3wE4rR5tT6yY7uU8iI9oO0pP1aS2dF3gG4hH5jJ6kK7lL8zX9cV0bN1nM2qW3eR4tT5yU6iI7oO8pP9aS0dF1gG2hH3jJ4kK5lL6zZ7xX8cC9vV0bB1nN2mM3qW4eR5tT6yU7iI8oO9pP0aS1dF2gG3hH4jJ5kK6lL7zZ8xX9cC0vB1nN2mQ3wE4rR5tT6yY7uU8iI9oO0pP1aS2dF3gG4hH5jJ6kK7l4hH5jJ6kK7lL8zX9cV0bN1nM2qW3eR4tT5yU6iI7oO8pP9aS0dF1gG2hH3jJ4kK5lL6zZ7xX8cC9vV0bB1nN2mM3qW4eR5tT6yU7iI8oO9pP0aS1dF2gG3hH4jJ5kK6lL7zZ8xX9cC0vB1nN2mQ3wE4rR5tT6yY7uU8iI9oO0pP1aS2dF3gG4hH5jJ6kK7lL8zX9cV0bN1nM2qW3eR4tT5yU6iI7oO8pP9aS0dF1gG2hH3jJ4kK5lL6zZ7xX8cC9vV0bB1nN2mM3qW4eR5tT6yU7iI8oO9pP0aS1dF2gG3hH4jJ5kK6lL7zZ8xX9cC0vB1nN2mQ3wE4rR5tT6yY7uU8iI9oO0pP1aS2dF3gG4hH5jJ6kK7l4hH5jJ6kK7lL8zX9cV0bN1nM2qW3eR4tT5yU6iI7oO8pP9aS0dF1gG2hH3jJ4kK5lL6zZ7xX8cC9vV0bB1nN2mM3qW4eR5tT6yU7iI8oO9pP0aS1dF2gG3hH4jJ5kK6lL7zZ8xX9cC0vB1nN2mQ3wE4rR5tT6yY7uU8iI9oO0pP1aS2dF3gG4hH5jJ6kK7lL8zX9cV0bN1nM2qW3eR4tT5yU6iI7oO8pP9aS0dF1gG2hH3jJ4kK5lL6zZ7xX8cC9vV0bB1nN2mM3qW4eR5tT6yU7iI8oO9pP0aS1dF2gG3hH4jJ5kK6lL7zZ8xX9cC0vB1nN2mQ3wE4rR5tT6yY7uU8iI9oO0pP1aS2dF3gG4hH5jJ6kK7l4hH5jJ6kK7lL8zX9cV0bN1nM2qW3eR4tT5yU6iI7oO8pP9aS0dF1gG2hH3jJ4kK5lL6zZ7xX8cC9vV0bB1nN2mM3qW4eR5tT6yU7iI8oO9pP0aS1dF2gG3hH4jJ5kK6lL7zZ8xX9cC0vB1nN2mQ3wE4rR5tT6yY7uU8iI9oO0pP1aS2dF3gG4hH5jJ6kK7lL8zX9cV0bN1nM2qW3eR4tT5yU6iI7oO8pP9aS0dF1gG2hH3jJ4kK5lL6zZ7xX8cC9vV0bB1nN2mM3qW4eR5tT6yU7iI8oO9pP0aS1dF2gG3hH4jJ5kK6lL7zZ8xX9cC0vB1nN2mQ3wE4rR5tT6yY7uU8iI9oO0pP1aS2dF3gG4hH5jJ6kK7l4hH5jJ6kK7lL8zX9cV0bN1nM2qW3eR4tT5yU6iI7oO8pP9aS0dF1gG2hH3jJ4kK5lL6zZ7xX8cC9vV0bB1nN2mM3qW4eR5tT6yU7iI8oO9pP0aS1dF2gG3hH4jJ5kK6lL7zZ8xX9cC0vB1nN2mQ3wE4rR5tT6yY7uU8iI9oO0pP1aS2dF3gG4hH5jJ6kK7lL8zX9cV0bN1nM2qW3eR4tT5yU6iI7oO8pP9aS0dF1gG2hH3jJ4kK5lL6zZ7xX8cC9vV0bB1nN2mM3qW4eR5tT6yU7iI8oO9pP0aS1dF2gG3hH4jJ5kK6lL7zZ8xX9cC0vB1nN2mQ3wE4rR5tT6yY7uU8iI9oO0pP1aS2dF3gG4hH5jJ6kK7l4hH5jJ6kK7lL8zX9cV0bN1nM2qW3eR4tT5yU6iI7oO8pP9aS0dF1gG2hH3jJ4kK5lL6zZ7xX8cC9vV0bB1nN2mM3qW4eR5tT6yU7iI8oO9pP0aS1dF2gG3hH4jJ5kK6lL7zZ8xX9cC0vB1nN2mQ3wE4rR5tT6yY7uU8iI9oO0pP1aS2dF3gG4hH5jJ6kK7lL8zX9cV0bN1nM2qW3eR4tT5yU6iI7oO8pP9aS0dF1gG2hH3jJ4kK5lL6zZ7xX8cC9vV0bB1nN2mM3qW4eR5tT6yU7iI8oO9pP0aS1dF2gG3hH4jJ5kK6lL7zZ8xX9cC0vB1nN2mQ3wE4rR5tT6yY7uU8iI9oO0pP1aS2dF3gG4hH5jJ6kK7l4hH5jJ6kK7lL8zX9cV0bN1nM2qW3eR4tT5yU6iI7oO8pP9aS0dF1gG2hH3jJ4kK5lL6zZ7xX8cC9vV0bB1nN2mM3qW4eR5tT6yU7iI8oO9pP0aS1dF2gG3hH4jJ5kK6lL7zZ8xX9cC0vB1nN2mQ3wE4rR5tT6yY7uU8iI9oO0pP1aS2dF3gG4hH5jJ6kK7lL8zX9cV0bN1nM2qW3eR4tT5yU6iI7oO8pP9aS0dF1gG2hH3jJ4kK5lL6zZ7xX8cC9vV0bB1nN2mM3qW4eR5tT6yU7iI8oO9pP0aS1dF2gG3hH4jJ5kK6lL7zZ8xX9cC0vB1nN2mQ3wE4rR5tT6yY7uU8iI9oO0pP1aS2dF3gG4hH5jJ6kK7l4hH5jJ6kK7lL8zX9cV0bN1nM2qW3eR4tT5yU6iI7oO8pP9aS0dF1gG2hH3jJ4kK5lL6zZ7xX8cC9vV0bB1nN2mM3qW4eR5tT6yU7iI8oO9pP0aS1dF2gG3hH4jJ5kK6lL7zZ8xX9cC0vB1nN2mQ3wE4rR5tT6yY7uU8iI9oO0pP1aS2dF3gG4hH5jJ6kK7lL8zX9cV0bN1nM2qW3eR4tT5yU6iI7oO8pP9aS0dF1gG2hH3jJ4kK5lL6zZ7xX8cC9vV0bB1nN2mM3qW4eR5tT6yU7iI8oO9pP0aS1dF2gG3hH4jJ5kK6lL7zZ8xX9cC0vB1nN2mQ3wE4rR5tT6yY7uU8iI9oO0pP1aS2dF3gG4hH5jJ6kK7l4hH5jJ6kK7lL8zX9cV0bN1nM2qW3eR4tT5yU6iI7oO8pP9aS0dF1gG2hH3jJ4kK5lL6z7nB9vR2mX8kLp4QjW3tY5zH1aG6sF9dD0fS8gA7hJ6kL5mN4bV3vC2xZ1oP9iU8uY7tT6rR5eE4wW3qQ2aZ1sX2dC3fV4gB5hN6jM7kL8pO9iU0yT1rE2wQ3aS4dF5gG6hH7jJ8kK9lL0zZ1xX2cC3vV4bB5nN6mM7qQ8wW9eE0rR1tT2yY3uU4iI5oO6pP7aA8sS9dD0fF1gG2hH3jJ4kK5lL6zZ7xX8cC9vV0bB1nN2mM3qW4eR5tT6yU7iI8oO9pP0aS1dF2gG3hH4jJ5kK6lL7zZ8xX9cC0vB1nN2mQ3wE4rR5tT6yY7uU8iI9oO0pP1aS2dF3gG4hH5jJ6kK7lL8zX9cV0bN1nM2qW3eR4tT5yU6iI7oO8pP9aS0dF1gG2hH3jJ4kK5lL6zZ7xX8cC9vV0bB1nN2mM3qW4eR5tT6yU7iI8oO9pP0aS1dF2gG3hH4jJ5kK6lL7zZ8xX9cC0vB1nN2mQ3wE4rR5tT6yY7uU8iI9oO0pP1aS2dF3gG4hH5jJ6kK7lL8zX9cV0bN1nM2qW3eR4tT5yU6iI7oO8pP9aS0dF1gG2hH3jJ4kK5lL6zZ7xX8cC9vV0bB1nN2mM3qW4eR5tT6yU7iI8oO9pP0aS1dF2gG3hH4jJ5kK6lL7zZ8xX9cC0vB1nN2mQ3wE4rR5tT6yY7uU8iI9oO0pP1aS2dF3gG4hH5jJ6kK7lL8zX9cV0bN1nM2qW3eR4tT5yU6iI7oO8pP9aS0dF1gG2hH3jJ4kK5lL6zZ7xX8cC9vV0bB1nN2mM3qW4eR5tT6yU7iI8oO9pP0aS1dF2gG3hH4jJ5kK6lL7zZ8xX9cC0vB1nN2mQ3wE4rR5tT6yY7uU8iI9oO0pP1aS2dF3gG4hH5jJ6kK7lL8zX9cV0bN1nM2qW3eR4tT5yU6iI7oO8pP9aS0dF1gG2hH3jJ4kK5lL6zZ7xX8cC9vV0bB1nN2mM3qW4eR5tT6yU7iI8oO9pP0aS1dF2gG3hH4jJ5kK6lL7zZ8xX9cC0vB1nN2mQ3wE4rR5tT6yY7uU8iI9oO0pP1aS2dF3gG4hH5jJ6kK7l4hH5jJ6kK7lL8zX9cV0bN1nM2qW3eR4tT5yU6iI7oO8pP9aS0dF1gG2hH3jJ4kK5lL6zZ7xX8cC9vV0bB1nN2mM3qW4eR5tT6yU7iI8oO9pP0aS1dF2gG3hH4jJ5kK6lL7zZ8xX9cC0vB1nN2mQ3wE4rR5tT6yY7uU8iI9oO0pP1aS2dF3gG4hH5jJ6kK7lL8zX9cV0bN1nM2qW3eR4tT5yU6iI7oO8pP9aS0dF1gG2hH3jJ4kK5lL6zZ7xX8cC9vV0bB1nN2mM3qW4eR5tT6yU7iI8oO9pP0aS1dF2gG3hH4jJ5kK6lL7zZ8xX9cC0vB1nN2mQ3wE4rR5tT6yY7uU8iI9oO0pP1aS2dF3gG4hH5jJ6kK7l4hH5jJ6kK7lL8zX9cV0bN1nM2qW3eR4tT5yU6iI7oO8pP9aS0dF1gG2hH3jJ4kK5lL6zZ7xX8cC9vV0bB1nN2mM3qW4eR5tT6yU7iI8oO9pP0aS1dF2gG3hH4jJ5kK6lL7zZ8xX9cC0vB1nN2mQ3wE4rR5tT6yY7uU8iI9oO0pP1aS2dF3gG4hH5jJ6kK7lL8zX9cV0bN1nM2qW3eR4tT5yU6iI7oO8pP9aS0dF1gG2hH3jJ4kK5lL6zZ7xX8cC9vV0bB1nN2mM3qW4eR5tT6yU7iI8oO9pP0aS1dF2gG3hH4jJ5kK6lL7zZ8xX9cC0vB1nN2mQ3wE4rR5tT6yY7uU8iI9oO0pP1aS2dF3gG4hH5jJ6kK7l4hH5jJ6kK7lL8zX9cV0bN1nM2qW3eR4tT5yU6iI7oO8pP9aS0dF1gG2hH3jJ4kK5lL6zZ7xX8cC9vV0bB1nN2mM3qW4eR5tT6yU7iI8oO9pP0aS1dF2gG3hH4jJ5kK6lL7zZ8xX9cC0vB1nN2mQ3wE4rR5tT6yY7uU8iI9oO0pP1aS2dF3gG4hH5jJ6kK7lL8zX9cV0bN1nM2qW3eR4tT5yU6iI7oO8pP9aS0dF1gG2hH3jJ4kK5lL6zZ7xX8cC9vV0bB1nN2mM3qW4eR5tT6yU7iI8oO9pP0aS1dF2gG3hH4jJ5kK6lL7zZ8xX9cC0vB1nN2mQ3wE4rR5tT6yY7uU8iI9oO0pP1aS2dF3gG4hH5jJ6kK7l4hH5jJ6kK7lL8zX9cV0bN1nM2qW3eR4tT5yU6iI7oO8pP9aS0dF1gG2hH3jJ4kK5lL6zZ7xX8cC9vV0bB1nN2mM3qW4eR5tT6yU7iI8oO9pP0aS1dF2gG3hH4jJ5kK6lL7zZ8xX9cC0vB1nN2mQ3wE4rR5tT6yY7uU8iI9oO0pP1aS2dF3gG4hH5jJ6kK7lL8zX9cV0bN1nM2qW3eR4tT5yU6iI7oO8pP9aS0dF1gG2hH3jJ4kK5lL6zZ7xX8cC9vV0bB1nN2mM3qW4eR5tT6yU7iI8oO9pP0aS1dF2gG3hH4jJ5kK6lL7zZ8xX9cC0vB1nN2mQ3wE4rR5tT6yY7uU8iI9oO0pP1aS2dF3gG4hH5jJ6kK7l4hH5jJ6kK7lL8zX9cV0bN1nM2qW3eR4tT5yU6iI7oO8pP9aS0dF1gG2hH3jJ4kK5lL6zZ7xX8cC9vV0bB1nN2mM3qW4eR5tT6yU7iI8oO9pP0aS1dF2gG3hH4jJ5kK6lL7zZ8xX9cC0vB1nN2mQ3wE4rR5tT6yY7uU8iI9oO0pP1aS2dF3gG4hH5jJ6kK7lL8zX9cV0bN1nM2qW3eR4tT5yU6iI7oO8pP9aS0dF1gG2hH3jJ4kK5lL6zZ7xX8cC9vV0bB1nN2mM3qW4eR5tT6yU7iI8oO9pP0aS1dF2gG3hH4jJ5kK6lL7zZ8xX9cC0vB1nN2mQ3wE4rR5tT6yY7uU8iI9oO0pP1aS2dF3gG4hH5jJ6kK7l4hH5jJ6kK7lL8zX9cV0bN1nM2qW3eR4tT5yU6iI7oO8pP9aS0dF1gG2hH3jJ4kK5lL6zZ7xX8cC9vV0bB1nN2mM3qW4eR5tT6yU7iI8oO9pP0aS1dF2gG3hH4jJ5kK6lL7zZ8xX9cC0vB1nN2mQ3wE4rR5tT6yY7uU8iI9oO0pP1aS2dF3gG4hH5jJ6kK7lL8zX9cV0bN1nM2qW3eR4tT5yU6iI7oO8pP9aS0dF1gG2hH3jJ4kK5lL6zZ7xX8cC9vV0bB1nN2mM3qW4eR5tT6yU7iI8oO9pP0aS1dF2gG3hH4jJ5kK6lL7zZ8xX9cC0vB1nN2mQ3wE4rR5tT6yY7uU8iI9oO0pP1aS2dF3gG4hH5jJ6kK7l4hH5jJ6kK7lL8zX9cV0bN1nM2qW3eR4tT5yU6iI7oO8pP9aS0dF1gG2hH3jJ4kK5lL6zZ7xX8cC9vV0bB1nN2mM3qW4eR5tT6yU7iI8oO9pP0aS1dF2gG3hH4jJ5kK6lL7zZ8xX9cC0vB1nN2mQ3wE4rR5tT6yY7uU8iI9oO0pP1aS2dF3gG4hH5jJ6kK7lL8zX9cV0bN1nM2qW3eR4tT5yU6iI7oO8pP9aS0dF1gG2hH3jJ4kK5lL6zZ7xX8cC9vV0bB1nN2mM3qW4eR5tT6yU7iI8oO9pP0aS1dF2gG3hH4jJ5kK6lL7zZ8xX9cC0vB1nN2mQ3wE4rR5tT6yY7uU8iI9oO0pP1aS2dF3gG4hH5jJ6kK7l4hH5jJ6kK7lL8zX9cV0bN1nM2qW3eR4tT5yU6iI7oO8pP9aS0dF1gG2hH3jJ4kK5lL6z7nB9vR2mX8kLp4QjW3tY5zH1aG6sF9dD0fS8gA7hJ6kL5mN4bV3vC2xZ1oP9iU8uY7tT6rR5eE4wW3qQ2aZ1sX2dC3fV4gB5hN6jM7kL8pO9iU0yT1rE2wQ3aS4dF5gG6hH7jJ8kK9lL0zZ1xX2cC3vV4bB5nN6mM7qQ8wW9eE0rR1tT2yY3uU4iI5oO6pP7aA8sS9dD0fF1gG2hH3jJ4kK5lL6zZ7xX8cC9vV0bB1nN2mM3qW4eR5tT6yU7iI8oO9pP0aS1dF2gG3hH4jJ5kK6lL7zZ8xX9cC0vB1nN2mQ3wE4rR5tT6yY7uU8iI9oO0pP1aS2dF3gG4hH5jJ6kK7lL8zX9cV0bN1nM2qW3eR4tT5yU6iI7oO8pP9aS0dF1gG2hH3jJ4kK5lL6zZ7xX8cC9vV0bB1nN2mM3qW4eR5tT6yU7iI8oO9pP0aS1dF2gG3hH4jJ5kK6lL7zZ8xX9cC0vB1nN2mQ3wE4rR5tT6yY7uU8iI9oO0pP1aS2dF3gG4hH5jJ6kK7lL8zX9cV0bN1nM2qW3eR4tT5yU6iI7oO8pP9aS0dF1gG2hH3jJ4kK5lL6zZ7xX8cC9vV0bB1nN2mM3qW4eR5tT6yU7iI8oO9pP0aS1dF2gG3hH4jJ5kK6lL7zZ8xX9cC0vB1nN2mQ3wE4rR5tT6yY7uU8iI9oO0pP1aS2dF3gG4hH5jJ6kK7lL8zX9cV0bN1nM2qW3eR4tT5yU6iI7oO8pP9aS0dF1gG2hH3jJ4kK5lL6zZ7xX8cC9vV0bB1nN2mM3qW4eR5tT6yU7iI8oO9pP0aS1dF2gG3hH4jJ5kK6lL7zZ8xX9cC0vB1nN2mQ3wE4rR5tT6yY7uU8iI9oO0pP1aS2dF3gG4hH5jJ6kK7lL8zX9cV0bN1nM2qW3eR4tT5yU6iI7oO8pP9aS0dF1gG2hH3jJ4kK5lL6zZ7xX8cC9vV0bB1nN2mM3qW4eR5tT6yU7iI8oO9pP0aS1dF2gG3hH4jJ5kK6lL7zZ8xX9cC0vB1nN2mQ3wE4rR5tT6yY7uU8iI9oO0pP1aS2dF3gG4hH5jJ6kK7l4hH5jJ6kK7lL8zX9cV0bN1nM2qW3eR4tT5yU6iI7oO8pP9aS0dF1gG2hH3jJ4kK5lL6zZ7xX8cC9vV0bB1nN2mM3qW4eR5tT6yU7iI8oO9pP0aS1dF2gG3hH4jJ5kK6lL7zZ8xX9cC0vB1nN2mQ3wE4rR5tT6yY7uU8iI9oO0pP1aS2dF3gG4hH5jJ6kK7lL8zX9cV0bN1nM2qW3eR4tT5yU6iI7oO8pP9aS0dF1gG2hH3jJ4kK5lL6zZ7xX8cC9vV0bB1nN2mM3qW4eR5tT6yU7iI8oO9pP0aS1dF2gG3hH4jJ5kK6lL7zZ8xX9cC0vB1nN2mQ3wE4rR5tT6yY7uU8iI9oO0pP1aS2dF3gG4hH5jJ6kK7l4hH5jJ6kK7lL8zX9cV0bN1nM2qW3eR4tT5yU6iI7oO8pP9aS0dF1gG2hH3jJ4kK5lL6zZ7xX8cC9vV0bB1nN2mM3qW4eR5tT6yU7iI8oO9pP0aS1dF2gG3hH4jJ5kK6lL7zZ8xX9cC0vB1nN2mQ3wE4rR5tT6yY7uU8iI9oO0pP1aS2dF3gG4hH5jJ6kK7lL8zX9cV0bN1nM2qW3eR4tT5yU6iI7oO8pP9aS0dF1gG2hH3jJ4kK5lL6zZ7xX8cC9vV0bB1nN2mM3qW4eR5tT6yU7iI8oO9pP0aS1dF2gG3hH4jJ5kK6lL7zZ8xX9cC0vB1nN2mQ3wE4rR5tT6yY7uU8iI9oO0pP1aS2dF3gG4hH5jJ6kK7l4hH5jJ6kK7lL8zX9cV0bN1nM2qW3eR4tT5yU6iI7oO8pP9aS0dF1gG2hH3jJ4kK5lL6zZ7xX8cC9vV0bB1nN2mM3qW4eR5tT6yU7iI8oO9pP0aS1dF2gG3hH4jJ5kK6lL7zZ8xX9cC0vB1nN2mQ3wE4rR5tT6yY7uU8iI9oO0pP1aS2dF3gG4hH5jJ6kK7lL8zX9cV0bN1nM2qW3eR4tT5yU6iI7oO8pP9aS0dF1gG2hH3jJ4kK5lL6zZ7xX8cC9vV0bB1nN2mM3qW4eR5tT6yU7iI8oO9pP0aS1dF2gG3hH4jJ5kK6lL7zZ8xX9cC0vB1nN2mQ3wE4rR5tT6yY7uU8iI9oO0pP1aS2dF3gG4hH5jJ6kK7l4hH5jJ6kK7lL8zX9cV0bN1nM2qW3eR4tT5yU6iI7oO8pP9aS0dF1gG2hH3jJ4kK5lL6zZ7xX8cC9vV0bB1nN2mM3qW4eR5tT6yU7iI8oO9pP0aS1dF2gG3hH4jJ5kK6lL7zZ8xX9cC0vB1nN2mQ3wE4rR5tT6yY7uU8iI9oO0pP1aS2dF3gG4hH5jJ6kK7lL8zX9cV0bN1nM2qW3eR4tT5yU6iI7oO8pP9aS0dF1gG2hH3jJ4kK5lL6zZ7xX8cC9vV0bB1nN2mM3qW4eR5tT6yU7iI8oO9pP0aS1dF2gG3hH4jJ5kK6lL7zZ8xX9cC0vB1nN2mQ3wE4rR5tT6yY7uU8iI9oO0pP1aS2dF3gG4hH5jJ6kK7l4hH5jJ6kK7lL8zX9cV0bN1nM2qW3eR4tT5yU6iI7oO8pP9aS0dF1gG2hH3jJ4kK5lL6zZ7xX8cC9vV0bB1nN2mM3qW4eR5tT6yU7iI8oO9pP0aS1dF2gG3hH4jJ5kK6lL7zZ8xX9cC0vB1nN2mQ3wE4rR5tT6yY7uU8iI9oO0pP1aS2dF3gG4hH5jJ6kK7lL8zX9cV0bN1nM2qW3eR4tT5yU6iI7oO8pP9aS0dF1gG2hH3jJ4kK5lL6zZ7xX8cC9vV0bB1nN2mM3qW4eR5tT6yU7iI8oO9pP0aS1dF2gG3hH4jJ5kK6lL7zZ8xX9cC0vB1nN2mQ3wE4rR5tT6yY7uU8iI9oO0pP1aS2dF3gG4hH5jJ6kK7l4hH5jJ6kK7lL8zX9cV0bN1nM2qW3eR4tT5yU6iI7oO8pP9aS0dF1gG2hH3jJ4kK5lL6zZ7xX8cC9vV0bB1nN2mM3qW4eR5tT6yU7iI8oO9pP0aS1dF2gG3hH4jJ5kK6lL7zZ8xX9cC0vB1nN2mQ3wE4rR5tT6yY7uU8iI9oO0pP1aS2dF3gG4hH5jJ6kK7lL8zX9cV0bN1nM2qW3eR4tT5yU6iI7oO8pP9aS0dF1gG2hH3jJ4kK5lL6zZ7xX8cC9vV0bB1nN2mM3qW4eR5tT6yU7iI8oO9pP0aS1dF2gG3hH4jJ5kK6lL7zZ8xX9cC0vB1nN2mQ3wE4rR5tT6yY7uU8iI9oO0pP1aS2dF3gG4hH5jJ6kK7l4hH5jJ6kK7lL8zX9cV0bN1nM2qW3eR4tT5yU6iI7oO8pP9aS0dF1gG2hH3jJ4kK5lL6zZ7xX8cC9vV0bB1nN2mM3qW4eR5tT6yU7iI8oO9pP0aS1dF2gG3hH4jJ5kK6lL7zZ8xX9cC0vB1nN2mQ3wE4rR5tT6yY7uU8iI9oO0pP1aS2dF3gG4hH5jJ6kK7lL8zX9cV0bN1nM2qW3eR4tT5yU6iI7oO8pP9aS0dF1gG2hH3jJ4kK5lL6zZ7xX8cC9vV0bB1nN2mM3qW4eR5tT6yU7iI8oO9pP0aS1dF2gG3hH4jJ5kK6lL7zZ8xX9cC0vB1nN2mQ3wE4rR5tT6yY7uU8iI9oO0pP1aS2dF3gG4hH5jJ6kK7l4hH5jJ6kK7lL8zX9cV0bN1nM2qW3eR4tT5yU6iI7oO8pP9aS0dF1gG2hH3jJ4kK5lL6z7nB9vR2mX8kLp4QjW3tY5zH1aG6sF9dD0fS8gA7hJ6kL5mN4bV3vC2xZ1oP9iU8uY7tT6rR5eE4wW3qQ2aZ1sX2dC3fV4gB5hN6jM7kL8pO9iU0yT1rE2wQ3aS4dF5gG6hH7jJ8kK9lL0zZ1xX2cC3vV4bB5nN6mM7qQ8wW9eE0rR1tT2yY3uU4iI5oO6pP7aA8sS9dD0fF1gG2hH3jJ4kK5lL6zZ7xX8cC9vV0bB1nN2mM3qW4eR5tT6yU7iI8oO9pP0aS1dF2gG3hH4jJ5kK6lL7zZ8xX9cC0vB1nN2mQ3wE4rR5tT6yY7uU8iI9oO0pP1aS2dF3gG4hH5jJ6kK7lL8zX9cV0bN1nM2qW3eR4tT5yU6iI7oO8pP9aS0dF1gG2hH3jJ4kK5lL6zZ7xX8cC9vV0bB1nN2mM3qW4eR5tT6yU7iI8oO9pP0aS1dF2gG3hH4jJ5kK6lL7zZ8xX9cC0vB1nN2mQ3wE4rR5tT6yY7uU8iI9oO0pP1aS2dF3gG4hH5jJ6kK7lL8zX9cV0bN1nM2qW3eR4tT5yU6iI7oO8pP9aS0dF1gG2hH3jJ4kK5lL6zZ7xX8cC9vV0bB1nN2mM3qW4eR5tT6yU7iI8oO9pP0aS1dF2gG3hH4jJ5kK6lL7zZ8xX9cC0vB1nN2mQ3wE4rR5tT6yY7uU8iI9oO0pP1aS2dF3gG4hH5jJ6kK7lL8zX9cV0bN1nM2qW3eR4tT5yU6iI7oO8pP9aS0dF1gG2hH3jJ4kK5lL6zZ7xX8cC9vV0bB1nN2mM3qW4eR5tT6yU7iI8oO9pP0aS1dF2gG3hH4jJ5kK6lL7zZ8xX9cC0vB1nN2mQ3wE4rR5tT6yY7uU8iI9oO0pP1aS2dF3gG4hH5jJ6kK7lL8zX9cV0bN1nM2qW3eR4tT5yU6iI7oO8pP9aS0dF1gG2hH3jJ4kK5lL6zZ7xX8cC9vV0bB1nN2mM3qW4eR5tT6yU7iI8oO9pP0aS1dF2gG3hH4jJ5kK6lL7zZ8xX9cC0vB1nN2mQ3wE4rR5tT6yY7uU8iI9oO0pP1aS2dF3gG4hH5jJ6kK7l4hH5jJ6kK7lL8zX9cV0bN1nM2qW3eR4tT5yU6iI7oO8pP9aS0dF1gG2hH3jJ4kK5lL6zZ7xX8cC9vV0bB1nN2mM3qW4eR5tT6yU7iI8oO9pP0aS1dF2gG3hH4jJ5kK6lL7zZ8xX9cC0vB1nN2mQ3wE4rR5tT6yY7uU8iI9oO0pP1aS2dF3gG4hH5jJ6kK7lL8zX9cV0bN1nM2qW3eR4tT5yU6iI7oO8pP9aS0dF1gG2hH3jJ4kK5lL6zZ7xX8cC9vV0bB1nN2mM3qW4eR5tT6yU7iI8oO9pP0aS1dF2gG3hH4jJ5kK6lL7zZ8xX9cC0vB1nN2mQ3wE4rR5tT6yY7uU8iI9oO0pP1aS2dF3gG4hH5jJ6kK7l4hH5jJ6kK7lL8zX9cV0bN1nM2qW3eR4tT5yU6iI7oO8pP9aS0dF1gG2hH3jJ4kK5lL6zZ7xX8cC9vV0bB1nN2mM3qW4eR5tT6yU7iI8oO9pP0aS1dF2gG3hH4jJ5kK6lL7zZ8xX9cC0vB1nN2mQ3wE4rR5tT6yY7uU8iI9oO0pP1aS2dF3gG4hH5jJ6kK7lL8zX9cV0bN1nM2qW3eR4tT5yU6iI7oO8pP9aS0dF1gG2hH3jJ4kK5lL6zZ7xX8cC9vV0bB1nN2mM3qW4eR5tT6yU7iI8oO9pP0aS1dF2gG3hH4jJ5kK6lL7zZ8xX9cC0vB1nN2mQ3wE4rR5tT6yY7uU8iI9oO0pP1aS2dF3gG4hH5jJ6kK7l4hH5jJ6kK7lL8zX9cV0bN1nM2qW3eR4tT5yU6iI7oO8pP9aS0dF1gG2hH3jJ4kK5lL6zZ7xX8cC9vV0bB1nN2mM3qW4eR5tT6yU7iI8oO9pP0aS1dF2gG3hH4jJ5kK6lL7zZ8xX9cC0vB1nN2mQ3wE4rR5tT6yY7uU8iI9oO0pP1aS2dF3gG4hH5jJ6kK7lL8zX9cV0bN1nM2qW3eR4tT5yU6iI7oO8pP9aS0dF1gG2hH3jJ4kK5lL6zZ7xX8cC9vV0bB1nN2mM3qW4eR5tT6yU7iI8oO9pP0aS1dF2gG3hH4jJ5kK6lL7zZ8xX9cC0vB1nN2mQ3wE4rR5tT6yY7uU8iI9oO0pP1aS2dF3gG4hH5jJ6kK7l4hH5jJ6kK7lL8zX9cV0bN1nM2qW3eR4tT5yU6iI7oO8pP9aS0dF1gG2hH3jJ4kK5lL6zZ7xX8cC9vV0bB1nN2mM3qW4eR5tT6yU7iI8oO9pP0aS1dF2gG3hH4jJ5kK6lL7zZ8xX9cC0vB1nN2mQ3wE4rR5tT6yY7uU8iI9oO0pP1aS2dF3gG4hH5jJ6kK7lL8zX9cV0bN1nM2qW3eR4tT5yU6iI7oO8pP9aS0dF1gG2hH3jJ4kK5lL6zZ7xX8cC9vV0bB1nN2mM3qW4eR5tT6yU7iI8oO9pP0aS1dF2gG3hH4jJ5kK6lL7zZ8xX9cC0vB1nN2mQ3wE4rR5tT6yY7uU8iI9oO0pP1aS2dF3gG4hH5jJ6kK7l4hH5jJ6kK7lL8zX9cV0bN1nM2qW3eR4tT5yU6iI7oO8pP9aS0dF1gG2hH3jJ4kK5lL6zZ7xX8cC9vV0bB1nN2mM3qW4eR5tT6yU7iI8oO9pP0aS1dF2gG3hH4jJ5kK6lL7zZ8xX9cC0vB1nN2mQ3wE4rR5tT6yY7uU8iI9oO0pP1aS2dF3gG4hH5jJ6kK7lL8zX9cV0bN1nM2qW3eR4tT5yU6iI7oO8pP9aS0dF1gG2hH3jJ4kK5lL6zZ7xX8cC9vV0bB1nN2mM3qW4eR5tT6yU7iI8oO9pP0aS1dF2gG3hH4jJ5kK6lL7zZ8xX9cC0vB1nN2mQ3wE4rR5tT6yY7uU8iI9oO0pP1aS2dF3gG4hH5jJ6kK7l4hH5jJ6kK7lL8zX9cV0bN1nM2qW3eR4tT5yU6iI7oO8pP9aS0dF1gG2hH3jJ4kK5lL6zZ7xX8cC9vV0bB1nN2mM3qW4eR5tT6yU7iI8oO9pP0aS1dF2gG3hH4jJ5kK6lL7zZ8xX9cC0vB1nN2mQ3wE4rR5tT6yY7uU8iI9oO0pP1aS2dF3gG4hH5jJ6kK7lL8zX9cV0bN1nM2qW3eR4tT5yU6iI7oO8pP9aS0dF1gG2hH3jJ4kK5lL6zZ7xX8cC9vV0bB1nN2mM3qW4eR5tT6yU7iI8oO9pP0aS1dF2gG3hH4jJ5kK6lL7zZ8xX9cC0vB1nN2mQ3wE4rR5tT6yY7uU8iI9oO0pP1aS2dF3gG4hH5jJ6kK7l4hH5jJ6kK7lL8zX9cV0bN1nM2qW3eR4tT5yU6iI7oO8pP9aS0dF1gG2hH3jJ4kK5lL6zZ7xX8cC9vV0bB1nN2mM3qW4eR5tT6yU7iI8oO9pP0aS1dF2gG3hH4jJ5kK6lL7zZ8xX9cC0vB1nN2mQ3wE4rR5tT6yY7uU8iI9oO0pP1aS2dF3gG4hH5jJ6kK7lL8zX9cV0bN1nM2qW3eR4tT5yU6iI7oO8pP9aS0dF1gG2hH3jJ4kK5lL6zZ7xX8cC9vV0bB1nN2mM3qW4eR5tT6yU7iI8oO9pP0aS1dF2gG3hH4jJ5kK6lL7zZ8xX9cC0vB1nN2mQ3wE4rR5tT6yY7uU8iI9oO0pP1aS2dF3gG4hH5jJ6kK7l4hH5jJ6kK7lL8zX9cV0bN1nM2qW3eR4tT5yU6iI7oO8pP9aS0dF1gG2hH3jJ4kK5lL6z7nB9vR2mX8kLp4QjW3tY5zH1aG6sF9dD0fS8gA7hJ6kL5mN4bV3vC2xZ1oP9iU8uY7tT6rR5eE4wW3qQ2aZ1sX2dC3fV4gB5hN6jM7kL8pO9iU0yT1rE2wQ3aS4dF5gG6hH7jJ8kK9lL0zZ1xX2cC3vV4bB5nN6mM7qQ8wW9eE0rR1tT2yY3uU4iI5oO6pP7aA8sS9dD0fF1gG2hH3jJ4kK5lL6zZ7xX8cC9vV0bB1nN2mM3qW4eR5tT6yU7iI8oO9pP0aS1dF2gG3hH4jJ5kK6lL7zZ8xX9cC0vB1nN2mQ3wE4rR5tT6yY7uU8iI9oO0pP1aS2dF3gG4hH5jJ6kK7lL8zX9cV0bN1nM2qW3eR4tT5yU6iI7oO8pP9aS0dF1gG2hH3jJ4kK5lL6zZ7xX8cC9vV0bB1nN2mM3qW4eR5tT6yU7iI8oO9pP0aS1dF2gG3hH4jJ5kK6lL7zZ8xX9cC0vB1nN2mQ3wE4rR5tT6yY7uU8iI9oO0pP1aS2dF3gG4hH5jJ6kK7lL8zX9cV0bN1nM2qW3eR4tT5yU6iI7oO8pP9aS0dF1gG2hH3jJ4kK5lL6zZ7xX8cC9vV0bB1nN2mM3qW4eR5tT6yU7iI8oO9pP0aS1dF2gG3hH4jJ5kK6lL7zZ8xX9cC0vB1nN2mQ3wE4rR5tT6yY7uU8iI9oO0pP1aS2dF3gG4hH5jJ6kK7lL8zX9cV0bN1nM2qW3eR4tT5yU6iI7oO8pP9aS0dF1gG2hH3jJ4kK5lL6zZ7xX8cC9vV0bB1nN2mM3qW4eR5tT6yU7iI8oO9pP0aS1dF2gG3hH4jJ5kK6lL7zZ8xX9cC0vB1nN2mQ3wE4rR5tT6yY7uU8iI9oO0pP1aS2dF3gG4hH5jJ6kK7lL8zX9cV0bN1nM2qW3eR4tT5yU6iI7oO8pP9aS0dF1gG2hH3jJ4kK5lL6zZ7xX8cC9vV0bB1nN2mM3qW4eR5tT6yU7iI8oO9pP0aS1dF2gG3hH4jJ5kK6lL7zZ8xX9cC0vB1nN2mQ3wE4rR5tT6yY7uU8iI9oO0pP1aS2dF3gG4hH5jJ6kK7l4hH5jJ6kK7lL8zX9cV0bN1nM2qW3eR4tT5yU6iI7oO8pP9aS0dF1gG2hH3jJ4kK5lL6zZ7xX8cC9vV0bB1nN2mM3qW4eR5tT6yU7iI8oO9pP0aS1dF2gG3hH4jJ5kK6lL7zZ8xX9cC0vB1nN2mQ3wE4rR5tT6yY7uU8iI9oO0pP1aS2dF3gG4hH5jJ6kK7lL8zX9cV0bN1nM2qW3eR4tT5yU6iI7oO8pP9aS0dF1gG2hH3jJ4kK5lL6zZ7xX8cC9vV0bB1nN2mM3qW4eR5tT6yU7iI8oO9pP0aS1dF2gG3hH4jJ5kK6lL7zZ8xX9cC0vB1nN2mQ3wE4rR5tT6yY7uU8iI9oO0pP1aS2dF3gG4hH5jJ6kK7l4hH5jJ6kK7lL8zX9cV0bN1nM2qW3eR4tT5yU6iI7oO8pP9aS0dF1gG2hH3jJ4kK5lL6zZ7xX8cC9vV0bB1nN2mM3qW4eR5tT6yU7iI8oO9pP0aS1dF2gG3hH4jJ5kK6lL7zZ8xX9cC0vB1nN2mQ3wE4rR5tT6yY7uU8iI9oO0pP1aS2dF3gG4hH5jJ6kK7lL8zX9cV0bN1nM2qW3eR4tT5yU6iI7oO8pP9aS0dF1gG2hH3jJ4kK5lL6zZ7xX8cC9vV0bB1nN2mM3qW4eR5tT6yU7iI8oO9pP0aS1dF2gG3hH4jJ5kK6lL7zZ8xX9cC0vB1nN2mQ3wE4rR5tT6yY7uU8iI9oO0pP1aS2dF3gG4hH5jJ6kK7l4hH5jJ6kK7lL8zX9cV0bN1nM2qW3eR4tT5yU6iI7oO8pP9aS0dF1gG2hH3jJ4kK5lL6zZ7xX8cC9vV0bB1nN2mM3qW4eR5tT6yU7iI8oO9pP0aS1dF2gG3hH4jJ5kK6lL7zZ8xX9cC0vB1nN2mQ3wE4rR5tT6yY7uU8iI9oO0pP1aS2dF3gG4hH5jJ6kK7lL8zX9cV0bN1nM2qW3eR4tT5yU6iI7oO8pP9aS0dF1gG2hH3jJ4kK5lL6zZ7xX8cC9vV0bB1nN2mM3qW4eR5tT6yU7iI8oO9pP0aS1dF2gG3hH4jJ5kK6lL7zZ8xX9cC0vB1nN2mQ3wE4rR5tT6yY7uU8iI9oO0pP1aS2dF3gG4hH5jJ6kK7l4hH5jJ6kK7lL8zX9cV0bN1nM2qW3eR4tT5yU6iI7oO8pP9aS0dF1gG2hH3jJ4kK5lL6zZ7xX8cC9vV0bB1nN2mM3qW4eR5tT6yU7iI8oO9pP0aS1dF2gG3hH4jJ5kK6lL7zZ8xX9cC0vB1nN2mQ3wE4rR5tT6yY7uU8iI9oO0pP1aS2dF3gG4hH5jJ6kK7lL8zX9cV0bN1nM2qW3eR4tT5yU6iI7oO8pP9aS0dF1gG2hH3jJ4kK5lL6zZ7xX8cC9vV0bB1nN2mM3qW4eR5tT6yU7iI8oO9pP0aS1dF2gG3hH4jJ5kK6lL7zZ8xX9cC0vB1nN2mQ3wE4rR5tT6yY7uU8iI9oO0pP1aS2dF3gG4hH5jJ6kK7l4hH5jJ6kK7lL8zX9cV0bN1nM2qW3eR4tT5yU6iI7oO8pP9aS0dF1gG2hH3jJ4kK5lL6zZ7xX8cC9vV0bB1nN2mM3qW4eR5tT6yU7iI8oO9pP0aS1dF2gG3hH4jJ5kK6lL7zZ8xX9cC0vB1nN2mQ3wE4rR5tT6yY7uU8iI9oO0pP1aS2dF3gG4hH5jJ6kK7lL8zX9cV0bN1nM2qW3eR4tT5yU6iI7oO8pP9aS0dF1gG2hH3jJ4kK5lL6zZ7xX8cC9vV0bB1nN2mM3qW4eR5tT6yU7iI8oO9pP0aS1dF2gG3hH4jJ5kK6lL7zZ8xX9cC0vB1nN2mQ3wE4rR5tT6yY7uU8iI9oO0pP1aS2dF3gG4hH5jJ6kK7l4hH5jJ6kK7lL8zX9cV0bN1nM2qW3eR4tT5yU6iI7oO8pP9aS0dF1gG2hH3jJ4kK5lL6zZ7xX8cC9vV0bB1nN2mM3qW4eR5tT6yU7iI8oO9pP0aS1dF2gG3hH4jJ5kK6lL7zZ8xX9cC0vB1nN2mQ3wE4rR5tT6yY7uU8iI9oO0pP1aS2dF3gG4hH5jJ6kK7lL8zX9cV0bN1nM2qW3eR4tT5yU6iI7oO8pP9aS0dF1gG2hH3jJ4kK5lL6zZ7xX8cC9vV0bB1nN2mM3qW4eR5tT6yU7iI8oO9pP0aS1dF2gG3hH4jJ5kK6lL7zZ8xX9cC0vB1nN2mQ3wE4rR5tT6yY7uU8iI9oO0pP1aS2dF3gG4hH5jJ6kK7l4hH5jJ6kK7lL8zX9cV0bN1nM2qW3eR4tT5yU6iI7oO8pP9aS0dF1gG2hH3jJ4kK5lL6zZ7xX8cC9vV0bB1nN2mM3qW4eR5tT6yU7iI8oO9pP0aS1dF2gG3hH4jJ5kK6lL7zZ8xX9cC0vB1nN2mQ3wE4rR5tT6yY7uU8iI9oO0pP1aS2dF3gG4hH5jJ6kK7lL8zX9cV0bN1nM2qW3eR4tT5yU6iI7oO8pP9aS0dF1gG2hH3jJ4kK5lL6zZ7xX8cC9vV0bB1nN2mM3qW4eR5tT6yU7iI8oO9pP0aS1dF2gG3hH4jJ5kK6lL7zZ8xX9cC0vB1nN2mQ3wE4rR5tT6yY7uU8iI9oO0pP1aS2dF3gG4hH5jJ6kK7l4hH5jJ6kK7lL8zX9cV0bN1nM2qW3eR4tT5yU6iI7oO8pP9aS0dF1gG2hH3jJ4kK5lL6z7nB9vR2mX8kLp4QjW3tY5zH1aG6sF9dD0fS8gA7hJ6kL5mN4bV3vC2xZ1oP9iU8uY7tT6rR5eE4wW3qQ2aZ1sX2dC3fV4gB5hN6jM7kL8pO9iU0yT1rE2wQ3aS4dF5gG6hH7jJ8kK9lL0zZ1xX2cC3vV4bB5nN6mM7qQ8wW9eE0rR1tT2yY3uU4iI5oO6pP7aA8sS9dD0fF1gG2hH3jJ4kK5lL6zZ7xX8cC9vV0bB1nN2mM3qW4eR5tT6yU7iI8oO9pP0aS1dF2gG3hH4jJ5kK6lL7zZ8xX9cC0vB1nN2mQ3wE4rR5tT6yY7uU8iI9oO0pP1aS2dF3gG4hH5jJ6kK7lL8zX9cV0bN1nM2qW3eR4tT5yU6iI7oO8pP9aS0dF1gG2hH3jJ4kK5lL6zZ7xX8cC9vV0bB1nN2mM3qW4eR5tT6yU7iI8oO9pP0aS1dF2gG3hH4jJ5kK6lL7zZ8xX9cC0vB1nN2mQ3wE4rR5tT6yY7uU8iI9oO0pP1aS2dF3gG4hH5jJ6kK7lL8zX9cV0bN1nM2qW3eR4tT5yU6iI7oO8pP9aS0dF1gG2hH3jJ4kK5lL6zZ7xX8cC9vV0bB1nN2mM3qW4eR5tT6yU7iI8oO9pP0aS1dF2gG3hH4jJ5kK6lL7zZ8xX9cC0vB1nN2mQ3wE4rR5tT6yY7uU8iI9oO0pP1aS2dF3gG4hH5jJ6kK7lL8zX9cV0bN1nM2qW3eR4tT5yU6iI7oO8pP9aS0dF1gG2hH3jJ4kK5lL6zZ7xX8cC9vV0bB1nN2mM3qW4eR5tT6yU7iI8oO9pP0aS1dF2gG3hH4jJ5kK6lL7zZ8xX9cC0vB1nN2mQ3wE4rR5tT6yY7uU8iI9oO0pP1aS2dF3gG4hH5jJ6kK7lL8zX9cV0bN1nM2qW3eR4tT5yU6iI7oO8pP9aS0dF1gG2hH3jJ4kK5lL6zZ7xX8cC9vV0bB1nN2mM3qW4eR5tT6yU7iI8oO9pP0aS1dF2gG3hH4jJ5kK6lL7zZ8xX9cC0vB1nN2mQ3wE4rR5tT6yY7uU8iI9oO0pP1aS2dF3gG4hH5jJ6kK7l4hH5jJ6kK7lL8zX9cV0bN1nM2qW3eR4tT5yU6iI7oO8pP9aS0dF1gG2hH3jJ4kK5lL6zZ7xX8cC9vV0bB1nN2mM3qW4eR5tT6yU7iI8oO9pP0aS1dF2gG3hH4jJ5kK6lL7zZ8xX9cC0vB1nN2mQ3wE4rR5tT6yY7uU8iI9oO0pP1aS2dF3gG4hH5jJ6kK7lL8zX9cV0bN1nM2qW3eR4tT5yU6iI7oO8pP9aS0dF1gG2hH3jJ4kK5lL6zZ7xX8cC9vV0bB1nN2mM3qW4eR5tT6yU7iI8oO9pP0aS1dF2gG3hH4jJ5kK6lL7zZ8xX9cC0vB1nN2mQ3wE4rR5tT6yY7uU8iI9oO0pP1aS2dF3gG4hH5jJ6kK7l4hH5jJ6kK7lL8zX9cV0bN1nM2qW3eR4tT5yU6iI7oO8pP9aS0dF1gG2hH3jJ4kK5lL6zZ7xX8cC9vV0bB1nN2mM3qW4eR5tT6yU7iI8oO9pP0aS1dF2gG3hH4jJ5kK6lL7zZ8xX9cC0vB1nN2mQ3wE4rR5tT6yY7uU8iI9oO0pP1aS2dF3gG4hH5jJ6kK7lL8zX9cV0bN1nM2qW3eR4tT5yU6iI7oO8pP9aS0dF1gG2hH3jJ4kK5lL6zZ7xX8cC9vV0bB1nN2mM3qW4eR5tT6yU7iI8oO9pP0aS1dF2gG3hH4jJ5kK6lL7zZ8xX9cC0vB1nN2mQ3wE4rR5tT6yY7uU8iI9oO0pP1aS2dF3gG4hH5jJ6kK7l4hH5jJ6kK7lL8zX9cV0bN1nM2qW3eR4tT5yU6iI7oO8pP9aS0dF1gG2hH3jJ4kK5lL6zZ7xX8cC9vV0bB1nN2mM3qW4eR5tT6yU7iI8oO9pP0aS1dF2gG3hH4jJ5kK6lL7zZ8xX9cC0vB1nN2mQ3wE4rR5tT6yY7uU8iI9oO0pP1aS2dF3gG4hH5jJ6kK7lL8zX9cV0bN1nM2qW3eR4tT5yU6iI7oO8pP9aS0dF1gG2hH3jJ4kK5lL6zZ7xX8cC9vV0bB1nN2mM3qW4eR5tT6yU7iI8oO9pP0aS1dF2gG3hH4jJ5kK6lL7zZ8xX9cC0vB1nN2mQ3wE4rR5tT6yY7uU8iI9oO0pP1aS2dF3gG4hH5jJ6kK7l4hH5jJ6kK7lL8zX9cV0bN1nM2qW3eR4tT5yU6iI7oO8pP9aS0dF1gG2hH3jJ4kK5lL6zZ7xX8cC9vV0bB1nN2mM3qW4eR5tT6yU7iI8oO9pP0aS1dF2gG3hH4jJ5kK6lL7zZ8xX9cC0vB1nN2mQ3wE4rR5tT6yY7uU8iI9oO0pP1aS2dF3gG4hH5jJ6kK7lL8zX9cV0bN1nM2qW3eR4tT5yU6iI7oO8pP9aS0dF1gG2hH3jJ4kK5lL6zZ7xX8cC9vV0bB1nN2mM3qW4eR5tT6yU7iI8oO9pP0aS1dF2gG3hH4jJ5kK6lL7zZ8xX9cC0vB1nN2mQ3wE4rR5tT6yY7uU8iI9oO0pP1aS2dF3gG4hH5jJ6kK7l4hH5jJ6kK7lL8zX9cV0bN1nM2qW3eR4tT5yU6iI7oO8pP9aS0dF1gG2hH3jJ4kK5lL6zZ7xX8cC9vV0bB1nN2mM3qW4eR5tT6yU7iI8oO9pP0aS1dF2gG3hH4jJ5kK6lL7zZ8xX9cC0vB1nN2mQ3wE4rR5tT6yY7uU8iI9oO0pP1aS2dF3gG4hH5jJ6kK7lL8zX9cV0bN1nM2qW3eR4tT5yU6iI7oO8pP9aS0dF1gG2hH3jJ4kK5lL6zZ7xX8cC9vV0bB1nN2mM3qW4eR5tT6yU7iI8oO9pP0aS1dF2gG3hH4jJ5kK6lL7zZ8xX9cC0vB1nN2mQ3wE4rR5tT6yY7uU8iI9oO0pP1aS2dF3gG4hH5jJ6kK7l4hH5jJ6kK7lL8zX9cV0bN1nM2qW3eR4tT5yU6iI7oO8pP9aS0dF1gG2hH3jJ4kK5lL6zZ7xX8cC9vV0bB1nN2mM3qW4eR5tT6yU7iI8oO9pP0aS1dF2gG3hH4jJ5kK6lL7zZ8xX9cC0vB1nN2mQ3wE4rR5tT6yY7uU8iI9oO0pP1aS2dF3gG4hH5jJ6kK7lL8zX9cV0bN1nM2qW3eR4tT5yU6iI7oO8pP9aS0dF1gG2hH3jJ4kK5lL6zZ7xX8cC9vV0bB1nN2mM3qW4eR5tT6yU7iI8oO9pP0aS1dF2gG3hH4jJ5kK6lL7zZ8xX9cC0vB1nN2mQ3wE4rR5tT6yY7uU8iI9oO0pP1aS2dF3gG4hH5jJ6kK7l4hH5jJ6kK7lL8zX9cV0bN1nM2qW3eR4tT5yU6iI7oO8pP9aS0dF1gG2hH3jJ4kK5lL6zZ7xX8cC9vV0bB1nN2mM3qW4eR5tT6yU7iI8oO9pP0aS1dF2gG3hH4jJ5kK6lL7zZ8xX9cC0vB1nN2mQ3wE4rR5tT6yY7uU8iI9oO0pP1aS2dF3gG4hH5jJ6kK7lL8zX9cV0bN1nM2qW3eR4tT5yU6iI7oO8pP9aS0dF1gG2hH3jJ4kK5lL6zZ7xX8cC9vV0bB1nN2mM3qW4eR5tT6yU7iI8oO9pP0aS1dF2gG3hH4jJ5kK6lL7zZ8xX9cC0vB1nN2mQ3wE4rR5tT6yY7uU8iI9oO0pP1aS2dF3gG4hH5jJ6kK7l4hH5jJ6kK7lL8zX9cV0bN1nM2qW3eR4tT5yU6iI7oO8pP9aS0dF1gG2hH3jJ4kK5lL6z7nB9vR2mX8kLp4QjW3tY5zH1aG6sF9dD0fS8gA7hJ6kL5mN4bV3vC2xZ1oP9iU8uY7tT6rR5eE4wW3qQ2aZ1sX2dC3fV4gB5hN6jM7kL8pO9iU0yT1rE2wQ3aS4dF5gG6hH7jJ8kK9lL0zZ1xX2cC3vV4bB5nN6mM7qQ8wW9eE0rR1tT2yY3uU4iI5oO6pP7aA8sS9dD0fF1gG2hH3jJ4kK5lL6zZ7xX8cC9vV0bB1nN2mM3qW4eR5tT6yU7iI8oO9pP0aS1dF2gG3hH4jJ5kK6lL7zZ8xX9cC0vB1nN2mQ3wE4rR5tT6yY7uU8iI9oO0pP1aS2dF3gG4hH5jJ6kK7lL8zX9cV0bN1nM2qW3eR4tT5yU6iI7oO8pP9aS0dF1gG2hH3jJ4kK5lL6zZ7xX8cC9vV0bB1nN2mM3qW4eR5tT6yU7iI8oO9pP0aS1dF2gG3hH4jJ5kK6lL7zZ8xX9cC0vB1nN2mQ3wE4rR5tT6yY7uU8iI9oO0pP1aS2dF3gG4hH5jJ6kK7lL8zX9cV0bN1nM2qW3eR4tT5yU6iI7oO8pP9aS0dF1gG2hH3jJ4kK5lL6zZ7xX8cC9vV0bB1nN2mM3qW4eR5tT6yU7iI8oO9pP0aS1dF2gG3hH4jJ5kK6lL7zZ8xX9cC0vB1nN2mQ3wE4rR5tT6yY7uU8iI9oO0pP1aS2dF3gG4hH5jJ6kK7lL8zX9cV0bN1nM2qW3eR4tT5yU6iI7oO8pP9aS0dF1gG2hH3jJ4kK5lL6zZ7xX8cC9vV0bB1nN2mM3qW4eR5tT6yU7iI8oO9pP0aS1dF2gG3hH4jJ5kK6lL7zZ8xX9cC0vB1nN2mQ3wE4rR5tT6yY7uU8iI9oO0pP1aS2dF3gG4hH5jJ6kK7lL8zX9cV0bN1nM2qW3eR4tT5yU6iI7oO8pP9aS0dF1gG2hH3jJ4kK5lL6zZ7xX8cC9vV0bB1nN2mM3qW4eR5tT6yU7iI8oO9pP0aS1dF2gG3hH4jJ5kK6lL7zZ8xX9cC0vB1nN2mQ3wE4rR5tT6yY7uU8iI9oO0pP1aS2dF3gG4hH5jJ6kK7l4hH5jJ6kK7lL8zX9cV0bN1nM2qW3eR4tT5yU6iI7oO8pP9aS0dF1gG2hH3jJ4kK5lL6zZ7xX8cC9vV0bB1nN2mM3qW4eR5tT6yU7iI8oO9pP0aS1dF2gG3hH4jJ5kK6lL7zZ8xX9cC0vB1nN2mQ3wE4rR5tT6yY7uU8iI9oO0pP1aS2dF3gG4hH5jJ6kK7lL8zX9cV0bN1nM2qW3eR4tT5yU6iI7oO8pP9aS0dF1gG2hH3jJ4kK5lL6zZ7xX8cC9vV0bB1nN2mM3qW4eR5tT6yU7iI8oO9pP0aS1dF2gG3hH4jJ5kK6lL7zZ8xX9cC0vB1nN2mQ3wE4rR5tT6yY7uU8iI9oO0pP1aS2dF3gG4hH5jJ6kK7l4hH5jJ6kK7lL8zX9cV0bN1nM2qW3eR4tT5yU6iI7oO8pP9aS0dF1gG2hH3jJ4kK5lL6zZ7xX8cC9vV0bB1nN2mM3qW4eR5tT6yU7iI8oO9pP0aS1dF2gG3hH4jJ5kK6lL7zZ8xX9cC0vB1nN2mQ3wE4rR5tT6yY7uU8iI9oO0pP1aS2dF3gG4hH5jJ6kK7lL8zX9cV0bN1nM2qW3eR4tT5yU6iI7oO8pP9aS0dF1gG2hH3jJ4kK5lL6zZ7xX8cC9vV0bB1nN2mM3qW4eR5tT6yU7iI8oO9pP0aS1dF2gG3hH4jJ5kK6lL7zZ8xX9cC0vB1nN2mQ3wE4rR5tT6yY7uU8iI9oO0pP1aS2dF3gG4hH5jJ6kK7l4hH5jJ6kK7lL8zX9cV0bN1nM2qW3eR4tT5yU6iI7oO8pP9aS0dF1gG2hH3jJ4kK5lL6zZ7xX8cC9vV0bB1nN2mM3qW4eR5tT6yU7iI8oO9pP0aS1dF2gG3hH4jJ5kK6lL7zZ8xX9cC0vB1nN2mQ3wE4rR5tT6yY7uU8iI9oO0pP1aS2dF3gG4hH5jJ6kK7lL8zX9cV0bN1nM2qW3eR4tT5yU6iI7oO8pP9aS0dF1gG2hH3jJ4kK5lL6zZ7xX8cC9vV0bB1nN2mM3qW4eR5tT6yU7iI8oO9pP0aS1dF2gG3hH4jJ5kK6lL7zZ8xX9cC0vB1nN2mQ3wE4rR5tT6yY7uU8iI9oO0pP1aS2dF3gG4hH5jJ6kK7l4hH5jJ6kK7lL8zX9cV0bN1nM2qW3eR4tT5yU6iI7oO8pP9aS0dF1gG2hH3jJ4kK5lL6zZ7xX8cC9vV0bB1nN2mM3qW4eR5tT6yU7iI8oO9pP0aS1dF2gG3hH4jJ5kK6lL7zZ8xX9cC0vB1nN2mQ3wE4rR5tT6yY7uU8iI9oO0pP1aS2dF3gG4hH5jJ6kK7lL8zX9cV0bN1nM2qW3eR4tT5yU6iI7oO8pP9aS0dF1gG2hH3jJ4kK5lL6zZ7xX8cC9vV0bB1nN2mM3qW4eR5tT6yU7iI8oO9pP0aS1dF2gG3hH4jJ5kK6lL7zZ8xX9cC0vB1nN2mQ3wE4rR5tT6yY7uU8iI9oO0pP1aS2dF3gG4hH5jJ6kK7l4hH5jJ6kK7lL8zX9cV0bN1nM2qW3eR4tT5yU6iI7oO8pP9aS0dF1gG2hH3jJ4kK5lL6zZ7xX8cC9vV0bB1nN2mM3qW4eR5tT6yU7iI8oO9pP0aS1dF2gG3hH4jJ5kK6lL7zZ8xX9cC0vB1nN2mQ3wE4rR5tT6yY7uU8iI9oO0pP1aS2dF3gG4hH5jJ6kK7lL8zX9cV0bN1nM2qW3eR4tT5yU6iI7oO8pP9aS0dF1gG2hH3jJ4kK5lL6zZ7xX8cC9vV0bB1nN2mM3qW4eR5tT6yU7iI8oO9pP0aS1dF2gG3hH4jJ5kK6lL7zZ8xX9cC0vB1nN2mQ3wE4rR5tT6yY7uU8iI9oO0pP1aS2dF3gG4hH5jJ6kK7l4hH5jJ6kK7lL8zX9cV0bN1nM2qW3eR4tT5yU6iI7oO8pP9aS0dF1gG2hH3jJ4kK5lL6zZ7xX8cC9vV0bB1nN2mM3qW4eR5tT6yU7iI8oO9pP0aS1dF2gG3hH4jJ5kK6lL7zZ8xX9cC0vB1nN2mQ3wE4rR5tT6yY7uU8iI9oO0pP1aS2dF3gG4hH5jJ6kK7lL8zX9cV0bN1nM2qW3eR4tT5yU6iI7oO8pP9aS0dF1gG2hH3jJ4kK5lL6zZ7xX8cC9vV0bB1nN2mM3qW4eR5tT6yU7iI8oO9pP0aS1dF2gG3hH4jJ5kK6lL7zZ8xX9cC0vB1nN2mQ3wE4rR5tT6yY7uU8iI9oO0pP1aS2dF3gG4hH5jJ6kK7l4hH5jJ6kK7lL8zX9cV0bN1nM2qW3eR4tT5yU6iI7oO8pP9aS0dF1gG2hH3jJ4kK5lL6zZ7xX8cC9vV0bB1nN2mM3qW4eR5tT6yU7iI8oO9pP0aS1dF2gG3hH4jJ5kK6lL7zZ8xX9cC0vB1nN2mQ3wE4rR5tT6yY7uU8iI9oO0pP1aS2dF3gG4hH5jJ6kK7lL8zX9cV0bN1nM2qW3eR4tT5yU6iI7oO8pP9aS0dF1gG2hH3jJ4kK5lL6zZ7xX8cC9vV0bB1nN2mM3qW4eR5tT6yU7iI8oO9pP0aS1dF2gG3hH4jJ5kK6lL7zZ8xX9cC0vB1nN2mQ3wE4rR5tT6yY7uU8iI9oO0pP1aS2dF3gG4hH5jJ6kK7l4hH5jJ6kK7lL8zX9cV0bN1nM2qW3eR4tT5yU6iI7oO8pP9aS0dF1gG2hH3jJ4kK5lL6z7nB9vR2mX8kLp4QjW3tY5zH1aG6sF9dD0fS8gA7hJ6kL5mN4bV3vC2xZ1oP9iU8uY7tT6rR5eE4wW3qQ2aZ1sX2dC3fV4gB5hN6jM7kL8pO9iU0yT1rE2wQ3aS4dF5gG6hH7jJ8kK9lL0zZ1xX2cC3vV4bB5nN6mM7qQ8wW9eE0rR1tT2yY3uU4iI5oO6pP7aA8sS9dD0fF1gG2hH3jJ4kK5lL6zZ7xX8cC9vV0bB1nN2mM3qW4eR5tT6yU7iI8oO9pP0aS1dF2gG3hH4jJ5kK6lL7zZ8xX9cC0vB1nN2mQ3wE4rR5tT6yY7uU8iI9oO0pP1aS2dF3gG4hH5jJ6kK7lL8zX9cV0bN1nM2qW3eR4tT5yU6iI7oO8pP9aS0dF1gG2hH3jJ4kK5lL6zZ7xX8cC9vV0bB1nN2mM3qW4eR5tT6yU7iI8oO9pP0aS1dF2gG3hH4jJ5kK6lL7zZ8xX9cC0vB1nN2mQ3wE4rR5tT6yY7uU8iI9oO0pP1aS2dF3gG4hH5jJ6kK7lL8zX9cV0bN1nM2qW3eR4tT5yU6iI7oO8pP9aS0dF1gG2hH3jJ4kK5lL6zZ7xX8cC9vV0bB1nN2mM3qW4eR5tT6yU7iI8oO9pP0aS1dF2gG3hH4jJ5kK6lL7zZ8xX9cC0vB1nN2mQ3wE4rR5tT6yY7uU8iI9oO0pP1aS2dF3gG4hH5jJ6kK7lL8zX9cV0bN1nM2qW3eR4tT5yU6iI7oO8pP9aS0dF1gG2hH3jJ4kK5lL6zZ7xX8cC9vV0bB1nN2mM3qW4eR5tT6yU7iI8oO9pP0aS1dF2gG3hH4jJ5kK6lL7zZ8xX9cC0vB1nN2mQ3wE4rR5tT6yY7uU8iI9oO0pP1aS2dF3gG4hH5jJ6kK7lL8zX9cV0bN1nM2qW3eR4tT5yU6iI7oO8pP9aS0dF1gG2hH3jJ4kK5lL6zZ7xX8cC9vV0bB1nN2mM3qW4eR5tT6yU7iI8oO9pP0aS1dF2gG3hH4jJ5kK6lL7zZ8xX9cC0vB1nN2mQ3wE4rR5tT6yY7uU8iI9oO0pP1aS2dF3gG4hH5jJ6kK7l4hH5jJ6kK7lL8zX9cV0bN1nM2qW3eR4tT5yU6iI7oO8pP9aS0dF1gG2hH3jJ4kK5lL6zZ7xX8cC9vV0bB1nN2mM3qW4eR5tT6yU7iI8oO9pP0aS1dF2gG3hH4jJ5kK6lL7zZ8xX9cC0vB1nN2mQ3wE4rR5tT6yY7uU8iI9oO0pP1aS2dF3gG4hH5jJ6kK7lL8zX9cV0bN1nM2qW3eR4tT5yU6iI7oO8pP9aS0dF1gG2hH3jJ4kK5lL6zZ7xX8cC9vV0bB1nN2mM3qW4eR5tT6yU7iI8oO9pP0aS1dF2gG3hH4jJ5kK6lL7zZ8xX9cC0vB1nN2mQ3wE4rR5tT6yY7uU8iI9oO0pP1aS2dF3gG4hH5jJ6kK7l4hH5jJ6kK7lL8zX9cV0bN1nM2qW3eR4tT5yU6iI7oO8pP9aS0dF1gG2hH3jJ4kK5lL6zZ7xX8cC9vV0bB1nN2mM3qW4eR5tT6yU7iI8oO9pP0aS1dF2gG3hH4jJ5kK6lL7zZ8xX9cC0vB1nN2mQ3wE4rR5tT6yY7uU8iI9oO0pP1aS2dF3gG4hH5jJ6kK7lL8zX9cV0bN1nM2qW3eR4tT5yU6iI7oO8pP9aS0dF1gG2hH3jJ4kK5lL6zZ7xX8cC9vV0bB1nN2mM3qW4eR5tT6yU7iI8oO9pP0aS1dF2gG3hH4jJ5kK6lL7zZ8xX9cC0vB1nN2mQ3wE4rR5tT6yY7uU8iI9oO0pP1aS2dF3gG4hH5jJ6kK7l4hH5jJ6kK7lL8zX9cV0bN1nM2qW3eR4tT5yU6iI7oO8pP9aS0dF1gG2hH3jJ4kK5lL6zZ7xX8cC9vV0bB1nN2mM3qW4eR5tT6yU7iI8oO9pP0aS1dF2gG3hH4jJ5kK6lL7zZ8xX9cC0vB1nN2mQ3wE4rR5tT6yY7uU8iI9oO0pP1aS2dF3gG4hH5jJ6kK7lL8zX9cV0bN1nM2qW3eR4tT5yU6iI7oO8pP9aS0dF1gG2hH3jJ4kK5lL6zZ7xX8cC9vV0bB1nN2mM3qW4eR5tT6yU7iI8oO9pP0aS1dF2gG3hH4jJ5kK6lL7zZ8xX9cC0vB1nN2mQ3wE4rR5tT6yY7uU8iI9oO0pP1aS2dF3gG4hH5jJ6kK7l4hH5jJ6kK7lL8zX9cV0bN1nM2qW3eR4tT5yU6iI7oO8pP9aS0dF1gG2hH3jJ4kK5lL6zZ7xX8cC9vV0bB1nN2mM3qW4eR5tT6yU7iI8oO9pP0aS1dF2gG3hH4jJ5kK6lL7zZ8xX9cC0vB1nN2mQ3wE4rR5tT6yY7uU8iI9oO0pP1aS2dF3gG4hH5jJ6kK7lL8zX9cV0bN1nM2qW3eR4tT5yU6iI7oO8pP9aS0dF1gG2hH3jJ4kK5lL6zZ7xX8cC9vV0bB1nN2mM3qW4eR5tT6yU7iI8oO9pP0aS1dF2gG3hH4jJ5kK6lL7zZ8xX9cC0vB1nN2mQ3wE4rR5tT6yY7uU8iI9oO0pP1aS2dF3gG4hH5jJ6kK7l4hH5jJ6kK7lL8zX9cV0bN1nM2qW3eR4tT5yU6iI7oO8pP9aS0dF1gG2hH3jJ4kK5lL6zZ7xX8cC9vV0bB1nN2mM3qW4eR5tT6yU7iI8oO9pP0aS1dF2gG3hH4jJ5kK6lL7zZ8xX9cC0vB1nN2mQ3wE4rR5tT6yY7uU8iI9oO0pP1aS2dF3gG4hH5jJ6kK7lL8zX9cV0bN1nM2qW3eR4tT5yU6iI7oO8pP9aS0dF1gG2hH3jJ4kK5lL6zZ7xX8cC9vV0bB1nN2mM3qW4eR5tT6yU7iI8oO9pP0aS1dF2gG3hH4jJ5kK6lL7zZ8xX9cC0vB1nN2mQ3wE4rR5tT6yY7uU8iI9oO0pP1aS2dF3gG4hH5jJ6kK7l4hH5jJ6kK7lL8zX9cV0bN1nM2qW3eR4tT5yU6iI7oO8pP9aS0dF1gG2hH3jJ4kK5lL6zZ7xX8cC9vV0bB1nN2mM3qW4eR5tT6yU7iI8oO9pP0aS1dF2gG3hH4jJ5kK6lL7zZ8xX9cC0vB1nN2mQ3wE4rR5tT6yY7uU8iI9oO0pP1aS2dF3gG4hH5jJ6kK7lL8zX9cV0bN1nM2qW3eR4tT5yU6iI7oO8pP9aS0dF1gG2hH3jJ4kK5lL6zZ7xX8cC9vV0bB1nN2mM3qW4eR5tT6yU7iI8oO9pP0aS1dF2gG3hH4jJ5kK6lL7zZ8xX9cC0vB1nN2mQ3wE4rR5tT6yY7uU8iI9oO0pP1aS2dF3gG4hH5jJ6kK7l4hH5jJ6kK7lL8zX9cV0bN1nM2qW3eR4tT5yU6iI7oO8pP9aS0dF1gG2hH3jJ4kK5lL6zZ7xX8cC9vV0bB1nN2mM3qW4eR5tT6yU7iI8oO9pP0aS1dF2gG3hH4jJ5kK6lL7zZ8xX9cC0vB1nN2mQ3wE4rR5tT6yY7uU8iI9oO0pP1aS2dF3gG4hH5jJ6kK7lL8zX9cV0bN1nM2qW3eR4tT5yU6iI7oO8pP9aS0dF1gG2hH3jJ4kK5lL6zZ7xX8cC9vV0bB1nN2mM3qW4eR5tT6yU7iI8oO9pP0aS1dF2gG3hH4jJ5kK6lL7zZ8xX9cC0vB1nN2mQ3wE4rR5tT6yY7uU8iI9oO0pP1aS2dF3gG4hH5jJ6kK7l4hH5jJ6kK7lL8zX9cV0bN1nM2qW3eR4tT5yU6iI7oO8pP9aS0dF1gG2hH3jJ4kK5lL6z8zX9cV0bN1nM2qW3eR4tT5yU6iI7oO8pP9aS0dF1gG2hH3jJ4kK5lL6zZ7xX8cC9vV0bB1nN2mM3qW4eR5tT6yU7iI8oO9pP0aS1dF2gG3hH4jJ5kK6lL7zZ8xX9cC0vB1nN2mQ3wE4rR5tT6yY7uU8iI9oO0pP1aS2dF3gG4hH5jJ6kK7l4hH5jJ6kK7lL8zX9cV0bN1nM2qW3eR4tT5yU6iI7oO8pP9aS0dF1gG2hH3jJ4kK5lL6zZ7xX8cC9vV0bB1nN2mM3qW4eR5tT6yU7iI8oO9pP0aS1dF2gG3hH4jJ5kK6lL7zZ8xX9cC0vB1nN2mQ3wE4rR5tT6yY7uU8iI9oO0pP1aS2dF3gG4hH5jJ6kK7lL8zX9cV0bN1nM2qW3eR4tT5yU6iI7oO8pP9aS0dF1gG2hH3jJ4kK5lL6zZ7xX8cC9vV0bB1nN2mM3qW4eR5tT6yU7iI8oO9pP0aS1dF2gG3hH4jJ5kK6lL7zZ8xX9cC0vB1nN2mQ3wE4rR5tT6yY7uU8iI9oO0pP1aS2dF3gG4hH5jJ6kK7l4hH5jJ6kK7lL8zX9cV0bN1nM2qW3eR4tT5yU6iI7oO8pP9aS0dF1gG2hH3jJ4kK5lL6zZ7xX8cC9vV0bB1nN2mM3qW4eR5tT6yU7iI8oO9pP0aS1dF2gG3hH4jJ5kK6lL7zZ8xX9cC0vB1nN2mQ3wE4rR5tT6yY7uU8iI9oO0pP1aS2dF3gG4hH5jJ6kK7lL8zX9cV0bN1nM2qW3eR4tT5yU6iI7oO8pP9aS0dF1gG2hH3jJ4kK5lL6zZ7xX8cC9vV0bB1nN2mM3qW4eR5tT6yU7iI8oO9pP0aS1dFzX9cV0bN1nM2qW3eR4tT5yU6iI7oO8pP9aS0dF1gG2hH3jJ4kK5lL6zZ7xX8cC9vV0bB1nN2mM3qW4eR5tT6yU7iI8oO9pP0aS1dF2gG3hH4jJ5kK6lL7zZ8xX9cC0vB1nN2mQ3wE4rR5tT6yY7uU8iI9oO0pP1aS2dF3gG4hH5jJ6kK7lL8zX9cV0bN1nM2qW3eR4tT5yU6iI7oO8pP9aS0dF1gG2hH3jJ4kK5lL6zZ7xX8cC9vV0bB1nN2mM3qW4eR5tT6yU7iI8oO9pP0aS1dF2gG3hH4jJ5kK6lL7zZ8xX9cC0vB1nN2mQ3wE4rR5tT6yY7uU8iI9oO0pP1aS2dF3gG4hH5jJ6kK7l4hH5jJ6kK7lL8zX9cV0bN1nM2qW3eR4tT5yU6iI7oO8pP9aS0dF1gG2hH3jJ4kK5lL6zZ7xX8cC9vV0bB1nN2mM3qW4eR5tT6yU7iI8oO9pP0aS1dF2gG3hH4jJ5kK6lL7zZ8xX9cC0vB1nN2mQ3wE4rR5tT6yY7uU8iI9oO0pP1aS2dF3gG4hH5jJ6kK7lL8zX9cV0bN1nM2qW3eR4tT5yU6iI7oO8pP9aS0dF1gG2hH3jJ4kK5lL6zZ7xX8cC9vV0bB1nN2mM3qW4eR5tT6yU7iI8oO9pP0aS1dF2gG3hH4jJ5kK6lL7zZ8xX9cC0vB1nN2mQ3wE4rR5tT6yY7uU8iI9oO0pP1aS2dF3gG4hH5jJ6kK7l4hH5jJ6kK7lL8zX9cV0bN1nM2qW3eR4tT5yU6iI7oO8pP9aS0dF1gG2hH3jJ4kK5lL6zZ7xX8cC9vV0bB1nN2mM3qW4eR5tT6yU7iI8oO9pP0aS1dF2gG3hH4jJ5kK6lL7zZ8xX9cC0vB1nN2mQ3wE4rR5tT6yY7uU8iI9oO0pP1aS2dF3gG4hH5jJ6kK7lL8zX9cV0bN1nM2qW3eR4tT5yU6iI7oO8pP9aS0dF1gG2hH3jJ4kK5lL6zZ7xX8cC9vV0bB1nN2mM3qW4eR5tT6yU7iI8oO9pP0aS1dF2gG3hH4jJ5kK6lL7zZ8xX9cC0vB1nN2mQ3wE4rR5tT6yY7uU8iI9oO0pP1aS2dF3gG4hH5jJ6kK7l4hH5jJ6kK7lL8zX9cV0bN1nM2qW3eR4tT5yU6iI7oO8pP9aS0dF1gG2hH3jJ4kK5lL6zZ7xX8cC9vV0bB1nN2mM3qW4eR5tT6yU7iI8oO9pP0aS1dF2gG3hH4jJ5kK6lL7zZ8xX9cC0vB1nN2mQ3wE4rR5tT6yY7uU8iI9oO0pP1aS2dF3gG4hH5jJ6kK7lL8zX9cV0bN1nM2qW3eR4tT5yU6iI7oO8pP9aS0dF1gG2hH3jJ4kK5lL6zZ7xX8cC9vV0bB1nN2mM3qW4eR5tT6yU7iI8oO9pP0aS1dF2gG3hH4jJ5kK6lL7zZ8xX9cC0vB1nN2mQ3wE4rR5tT6yY7uU8iI9oO0pP1aS2dF3gG4hH5jJ6kK7l4hH5jJ6kK7lL8zX9cV0bN1nM2qW3eR4tT5yU6iI7oO8pP9aS0dF1gG2hH3jJ4kK5lL6zZ7xX8cC9vV0bB1nN2mM3qW4eR5tT6yU7iI8oO9pP0aS1dF2gG3hH4jJ5kK6lL7zZ8xX9cC0vB1nN2mQ3wE4rR5tT6yY7uU8iI9oO0pP1aS2dF3gG4hH5jJ6kK7lL8zX9cV0bN1nM2qW3eR4tT5yU6iI7oO8pP9aS0dF1gG2hH3jJ4kK5lL6zZ7xX8cC9vV0bB1nN2mM3qW4eR5tT6yU7iI8oO9pP0aS1dF2gG3hH4jJ5kK6lL7zZ8xX9cC0vB1nN2mQ3wE4rR5tT6yY7uU8iI9oO0pP1aS2dF3gG4hH5jJ6kK7l4hH5jJ6kK7lL8zX9cV0bN1nM2qW3eR4tT5yU6iI7oO8pP9aS0dF1gG2hH3jJ4kK5lL6z7nB9vR2mX8kLp4QjW3tY5zH1aG6sF9dD0fS8gA7hJ6kL5mN4bV3vC2xZ1oP9iU8uY7tT6rR5eE4wW3qQ2aZ1sX2dC3fV4gB5hN6jM7kL8pO9iU0yT1rE2wQ3aS4dF5gG6hH7jJ8kK9lL0zZ1xX2cC3vV4bB5nN6mM7qQ8wW9eE0rR1tT2yY3uU4iI5oO6pP7aA8sS9dD0fF1gG2hH3jJ4kK5lL6zZ7xX8cC9vV0bB1nN2mM3qW4eR5tT6yU7iI8oO9pP0aS1dF2gG3hH4jJ5kK6lL7zZ8xX9cC0vB1nN2mQ3wE4rR5tT6yY7uU8iI9oO0pP1aS2dF3gG4hH5jJ6kK7lL8zX9cV0bN1nM2qW3eR4tT5yU6iI7oO8pP9aS0dF1gG2hH3jJ4kK5lL6zZ7xX8cC9vV0bB1nN2mM3qW4eR5tT6yU7iI8oO9pP0aS1dF2gG3hH4jJ5kK6lL7zZ8xX9cC0vB1nN2mQ3wE4rR5tT6yY7uU8iI9oO0pP1aS2dF3gG4hH5jJ6kK7lL8zX9cV0bN1nM2qW3eR4tT5yU6iI7oO8pP9aS0dF1gG2hH3jJ4kK5lL6zZ7xX8cC9vV0bB1nN2mM3qW4eR5tT6yU7iI8oO9pP0aS1dF2gG3hH4jJ5kK6lL7zZ8xX9cC0vB1nN2mQ3wE4rR5tT6yY7uU8iI9oO0pP1aS2dF3gG4hH5jJ6kK7lL8zX9cV0bN1nM2qW3eR4tT5yU6iI7oO8pP9aS0dF1gG2hH3jJ4kK5lL6zZ7xX8cC9vV0bB1nN2mM3qW4eR5tT6yU7iI8oO9pP0aS1dF2gG3hH4jJ5kK6lL7zZ8xX9cC0vB1nN2mQ3wE4rR5tT6yY7uU8iI9oO0pP1aS2dF3gG4hH5jJ6kK7lL8zX9cV0bN1nM2qW3eR4tT5yU6iI7oO8pP9aS0dF1gG2hH3jJ4kK5lL6zZ7xX8cC9vV0bB1nN2mM3qW4eR5tT6yU7iI8oO9pP0aS1dF2gG3hH4jJ5kK6lL7zZ8xX9cC0vB1nN2mQ3wE4rR5tT6yY7uU8iI9oO0pP1aS2dF3gG4hH5jJ6kK7l4hH5jJ6kK7lL8zX9cV0bN1nM2qW3eR4tT5yU6iI7oO8pP9aS0dF1gG2hH3jJ4kK5lL6zZ7xX8cC9vV0bB1nN2mM3qW4eR5tT6yU7iI8oO9pP0aS1dF2gG3hH4jJ5kK6lL7zZ8xX9cC0vB1nN2mQ3wE4rR5tT6yY7uU8iI9oO0pP1aS2dF3gG4hH5jJ6kK7lL8zX9cV0bN1nM2qW3eR4tT5yU6iI7oO8pP9aS0dF1gG2hH3jJ4kK5lL6zZ7xX8cC9vV0bB1nN2mM3qW4eR5tT6yU7iI8oO9pP0aS1dF2gG3hH4jJ5kK6lL7zZ8xX9cC0vB1nN2mQ3wE4rR5tT6yY7uU8iI9oO0pP1aS2dF3gG4hH5jJ6kK7l4hH5jJ6kK7lL8zX9cV0bN1nM2qW3eR4tT5yU6iI7oO8pP9aS0dF1gG2hH3jJ4kK5lL6zZ7xX8cC9vV0bB1nN2mM3qW4eR5tT6yU7iI8oO9pP0aS1dF2gG3hH4jJ5kK6lL7zZ8xX9cC0vB1nN2mQ3wE4rR5tT6yY7uU8iI9oO0pP1aS2dF3gG4hH5jJ6kK7lL8zX9cV0bN1nM2qW3eR4tT5yU6iI7oO8pP9aS0dF1gG2hH3jJ4kK5lL6zZ7xX8cC9vV0bB1nN2mM3qW4eR5tT6yU7iI8oO9pP0aS1dF2gG3hH4jJ5kK6lL7zZ8xX9cC0vB1nN2mQ3wE4rR5tT6yY7uU8iI9oO0pP1aS2dF3gG4hH5jJ6kK7l4hH5jJ6kK7lL8zX9cV0bN1nM2qW3eR4tT5yU6iI7oO8pP9aS0dF1gG2hH3jJ4kK5lL6zZ7xX8cC9vV0bB1nN2mM3qW4eR5tT6yU7iI8oO9pP0aS1dF2gG3hH4jJ5kK6lL7zZ8xX9cC0vB1nN2mQ3wE4rR5tT6yY7uU8iI9oO0pP1aS2dF3gG4hH5jJ6kK7lL8zX9cV0bN1nM2qW3eR4tT5yU6iI7oO8pP9aS0dF1gG2hH3jJ4kK5lL6zZ7xX8cC9vV0bB1nN2mM3qW4eR5tT6yU7iI8oO9pP0aS1dF2gG3hH4jJ5kK6lL7zZ8xX9cC0vB1nN2mQ3wE4rR5tT6yY7uU8iI9oO0pP1aS2dF3gG4hH5jJ6kK7l4hH5jJ6kK7lL8zX9cV0bN1nM2qW3eR4tT5yU6iI7oO8pP9aS0dF1gG2hH3jJ4kK5lL6zZ7xX8cC9vV0bB1nN2mM3qW4eR5tT6yU7iI8oO9pP0aS1dF2gG3hH4jJ5kK6lL7zZ8xX9cC0vB1nN2mQ3wE4rR5tT6yY7uU8iI9oO0pP1aS2dF3gG4hH5jJ6kK7lL8zX9cV0bN1nM2qW3eR4tT5yU6iI7oO8pP9aS0dF1gG2hH3jJ4kK5lL6zZ7xX8cC9vV0bB1nN2mM3qW4eR5tT6yU7iI8oO9pP0aS1dF2gG3hH4jJ5kK6lL7zZ8xX9cC0vB1nN2mQ3wE4rR5tT6yY7uU8iI9oO0pP1aS2dF3gG4hH5jJ6kK7l4hH5jJ6kK7lL8zX9cV0bN1nM2qW3eR4tT5yU6iI7oO8pP9aS0dF1gG2hH3jJ4kK5lL6zZ7xX8cC9vV0bB1nN2mM3qW4eR5tT6yU7iI8oO9pP0aS1dF2gG3hH4jJ5kK6lL7zZ8xX9cC0vB1nN2mQ3wE4rR5tT6yY7uU8iI9oO0pP1aS2dF3gG4hH5jJ6kK7lL8zX9cV0bN1nM2qW3eR4tT5yU6iI7oO8pP9aS0dF1gG2hH3jJ4kK5lL6zZ7xX8cC9vV0bB1nN2mM3qW4eR5tT6yU7iI8oO9pP0aS1dF2gG3hH4jJ5kK6lL7zZ8xX9cC0vB1nN2mQ3wE4rR5tT6yY7uU8iI9oO0pP1aS2dF3gG4hH5jJ6kK7l4hH5jJ6kK7lL8zX9cV0bN1nM2qW3eR4tT5yU6iI7oO8pP9aS0dF1gG2hH3jJ4kK5lL6zZ7xX8cC9vV0bB1nN2mM3qW4eR5tT6yU7iI8oO9pP0aS1dF2gG3hH4jJ5kK6lL7zZ8xX9cC0vB1nN2mQ3wE4rR5tT6yY7uU8iI9oO0pP1aS2dF3gG4hH5jJ6kK7lL8zX9cV0bN1nM2qW3eR4tT5yU6iI7oO8pP9aS0dF1gG2hH3jJ4kK5lL6zZ7xX8cC9vV0bB1nN2mM3qW4eR5tT6yU7iI8oO9pP0aS1dF2gG3hH4jJ5kK6lL7zZ8xX9cC0vB1nN2mQ3wE4rR5tT6yY7uU8iI9oO0pP1aS2dF3gG4hH5jJ6kK7l4hH5jJ6kK7lL8zX9cV0bN1nM2qW3eR4tT5yU6iI7oO8pP9aS0dF1gG2hH3jJ4kK5lL6zZ7xX8cC9vV0bB1nN2mM3qW4eR5tT6yU7iI8oO9pP0aS1dF2gG3hH4jJ5kK6lL7zZ8xX9cC0vB1nN2mQ3wE4rR5tT6yY7uU8iI9oO0pP1aS2dF3gG4hH5jJ6kK7lL8zX9cV0bN1nM2qW3eR4tT5yU6iI7oO8pP9aS0dF1gG2hH3jJ4kK5lL6zZ7xX8cC9vV0bB1nN2mM3qW4eR5tT6yU7iI8oO9pP0aS1dF2gG3hH4jJ5kK6lL7zZ8xX9cC0vB1nN2mQ3wE4rR5tT6yY7uU8iI9oO0pP1aS2dF3gG4hH5jJ6kK7l4hH5jJ6kK7lL8zX9cV0bN1nM2qW3eR4tT5yU6iI7oO8pP9aS0dF1gG2hH3jJ4kK5lL6z7nB9vR2mX8kLp4QjW3tY5zH1aG6sF9dD0fS8gA7hJ6kL5mN4bV3vC2xZ1oP9iU8uY7tT6rR5eE4wW3qQ2aZ1sX2dC3fV4gB5hN6jM7kL8pO9iU0yT1rE2wQ3aS4dF5gG6hH7jJ8kK9lL0zZ1xX2cC3vV4bB5nN6mM7qQ8wW9eE0rR1tT2yY3uU4iI5oO6pP7aA8sS9dD0fF1gG2hH3jJ4kK5lL6zZ7xX8cC9vV0bB1nN2mM3qW4eR5tT6yU7iI8oO9pP0aS1dF2gG3hH4jJ5kK6lL7zZ8xX9cC0vB1nN2mQ3wE4rR5tT6yY7uU8iI9oO0pP1aS2dF3gG4hH5jJ6kK7lL8zX9cV0bN1nM2qW3eR4tT5yU6iI7oO8pP9aS0dF1gG2hH3jJ4kK5lL6zZ7xX8cC9vV0bB1nN2mM3qW4eR5tT6yU7iI8oO9pP0aS1dF2gG3hH4jJ5kK6lL7zZ8xX9cC0vB1nN2mQ3wE4rR5tT6yY7uU8iI9oO0pP1aS2dF3gG4hH5jJ6kK7lL8zX9cV0bN1nM2qW3eR4tT5yU6iI7oO8pP9aS0dF1gG2hH3jJ4kK5lL6zZ7xX8cC9vV0bB1nN2mM3qW4eR5tT6yU7iI8oO9pP0aS1dF2gG3hH4jJ5kK6lL7zZ8xX9cC0vB1nN2mQ3wE4rR5tT6yY7uU8iI9oO0pP1aS2dF3gG4hH5jJ6kK7lL8zX9cV0bN1nM2qW3eR4tT5yU6iI7oO8pP9aS0dF1gG2hH3jJ4kK5lL6zZ7xX8cC9vV0bB1nN2mM3qW4eR5tT6yU7iI8oO9pP0aS1dF2gG3hH4jJ5kK6lL7zZ8xX9cC0vB1nN2mQ3wE4rR5tT6yY7uU8iI9oO0pP1aS2dF3gG4hH5jJ6kK7lL8zX9cV0bN1nM2qW3eR4tT5yU6iI7oO8pP9aS0dF1gG2hH3jJ4kK5lL6zZ7xX8cC9vV0bB1nN2mM3qW4eR5tT6yU7iI8oO9pP0aS1dF2gG3hH4jJ5kK6lL7zZ8xX9cC0vB1nN2mQ3wE4rR5tT6yY7uU8iI9oO0pP1aS2dF3gG4hH5jJ6kK7l4hH5jJ6kK7lL8zX9cV0bN1nM2qW3eR4tT5yU6iI7oO8pP9aS0dF1gG2hH3jJ4kK5lL6zZ7xX8cC9vV0bB1nN2mM3qW4eR5tT6yU7iI8oO9pP0aS1dF2gG3hH4jJ5kK6lL7zZ8xX9cC0vB1nN2mQ3wE4rR5tT6yY7uU8iI9oO0pP1aS2dF3gG4hH5jJ6kK7lL8zX9cV0bN1nM2qW3eR4tT5yU6iI7oO8pP9aS0dF1gG2hH3jJ4kK5lL6zZ7xX8cC9vV0bB1nN2mM3qW4eR5tT6yU7iI8oO9pP0aS1dF2gG3hH4jJ5kK6lL7zZ8xX9cC0vB1nN2mQ3wE4rR5tT6yY7uU8iI9oO0pP1aS2dF3gG4hH5jJ6kK7l4hH5jJ6kK7lL8zX9cV0bN1nM2qW3eR4tT5yU6iI7oO8pP9aS0dF1gG2hH3jJ4kK5lL6zZ7xX8cC9vV0bB1nN2mM3qW4eR5tT6yU7iI8oO9pP0aS1dF2gG3hH4jJ5kK6lL7zZ8xX9cC0vB1nN2mQ3wE4rR5tT6yY7uU8iI9oO0pP1aS2dF3gG4hH5jJ6kK7lL8zX9cV0bN1nM2qW3eR4tT5yU6iI7oO8pP9aS0dF1gG2hH3jJ4kK5lL6zZ7xX8cC9vV0bB1nN2mM3qW4eR5tT6yU7iI8oO9pP0aS1dF2gG3hH4jJ5kK6lL7zZ8xX9cC0vB1nN2mQ3wE4rR5tT6yY7uU8iI9oO0pP1aS2dF3gG4hH5jJ6kK7l4hH5jJ6kK7lL8zX9cV0bN1nM2qW3eR4tT5yU6iI7oO8pP9aS0dF1gG2hH3jJ4kK5lL6zZ7xX8cC9vV0bB1nN2mM3qW4eR5tT6yU7iI8oO9pP0aS1dF2gG3hH4jJ5kK6lL7zZ8xX9cC0vB1nN2mQ3wE4rR5tT6yY7uU8iI9oO0pP1aS2dF3gG4hH5jJ6kK7lL8zX9cV0bN1nM2qW3eR4tT5yU6iI7oO8pP9aS0dF1gG2hH3jJ4kK5lL6zZ7xX8cC9vV0bB1nN2mM3qW4eR5tT6yU7iI8oO9pP0aS1dF2gG3hH4jJ5kK6lL7zZ8xX9cC0vB1nN2mQ3wE4rR5tT6yY7uU8iI9oO0pP1aS2dF3gG4hH5jJ6kK7l4hH5jJ6kK7lL8zX9cV0bN1nM2qW3eR4tT5yU6iI7oO8pP9aS0dF1gG2hH3jJ4kK5lL6zZ7xX8cC9vV0bB1nN2mM3qW4eR5tT6yU7iI8oO9pP0aS1dF2gG3hH4jJ5kK6lL7zZ8xX9cC0vB1nN2mQ3wE4rR5tT6yY7uU8iI9oO0pP1aS2dF3gG4hH5jJ6kK7lL8zX9cV0bN1nM2qW3eR4tT5yU6iI7oO8pP9aS0dF1gG2hH3jJ4kK5lL6zZ7xX8cC9vV0bB1nN2mM3qW4eR5tT6yU7iI8oO9pP0aS1dF2gG3hH4jJ5kK6lL7zZ8xX9cC0vB1nN2mQ3wE4rR5tT6yY7uU8iI9oO0pP1aS2dF3gG4hH5jJ6kK7l4hH5jJ6kK7lL8zX9cV0bN1nM2qW3eR4tT5yU6iI7oO8pP9aS0dF1gG2hH3jJ4kK5lL6zZ7xX8cC9vV0bB1nN2mM3qW4eR5tT6yU7iI8oO9pP0aS1dF2gG3hH4jJ5kK6lL7zZ8xX9cC0vB1nN2mQ3wE4rR5tT6yY7uU8iI9oO0pP1aS2dF3gG4hH5jJ6kK7lL8zX9cV0bN1nM2qW3eR4tT5yU6iI7oO8pP9aS0dF1gG2hH3jJ4kK5lL6zZ7xX8cC9vV0bB1nN2mM3qW4eR5tT6yU7iI8oO9pP0aS1dF2gG3hH4jJ5kK6lL7zZ8xX9cC0vB1nN2mQ3wE4rR5tT6yY7uU8iI9oO0pP1aS2dF3gG4hH5jJ6kK7l4hH5jJ6kK7lL8zX9cV0bN1nM2qW3eR4tT5yU6iI7oO8pP9aS0dF1gG2hH3jJ4kK5lL6zZ7xX8cC9vV0bB1nN2mM3qW4eR5tT6yU7iI8oO9pP0aS1dF2gG3hH4jJ5kK6lL7zZ8xX9cC0vB1nN2mQ3wE4rR5tT6yY7uU8iI9oO0pP1aS2dF3gG4hH5jJ6kK7lL8zX9cV0bN1nM2qW3eR4tT5yU6iI7oO8pP9aS0dF1gG2hH3jJ4kK5lL6zZ7xX8cC9vV0bB1nN2mM3qW4eR5tT6yU7iI8oO9pP0aS1dF2gG3hH4jJ5kK6lL7zZ8xX9cC0vB1nN2mQ3wE4rR5tT6yY7uU8iI9oO0pP1aS2dF3gG4hH5jJ6kK7l4hH5jJ6kK7lL8zX9cV0bN1nM2qW3eR4tT5yU6iI7oO8pP9aS0dF1gG2hH3jJ4kK5lL6zZ7xX8cC9vV0bB1nN2mM3qW4eR5tT6yU7iI8oO9pP0aS1dF2gG3hH4jJ5kK6lL7zZ8xX9cC0vB1nN2mQ3wE4rR5tT6yY7uU8iI9oO0pP1aS2dF3gG4hH5jJ6kK7lL8zX9cV0bN1nM2qW3eR4tT5yU6iI7oO8pP9aS0dF1gG2hH3jJ4kK5lL6zZ7xX8cC9vV0bB1nN2mM3qW4eR5tT6yU7iI8oO9pP0aS1dF2gG3hH4jJ5kK6lL7zZ8xX9cC0vB1nN2mQ3wE4rR5tT6yY7uU8iI9oO0pP1aS2dF3gG4hH5jJ6kK7l4hH5jJ6kK7lL8zX9cV0bN1nM2qW3eR4tT5yU6iI7oO8pP9aS0dF1gG2hH3jJ4kK5lL6z7nB9vR2mX8kLp4QjW3tY5zH1aG6sF9dD0fS8gA7hJ6kL5mN4bV3vC2xZ1oP9iU8uY7tT6rR5eE4wW3qQ2aZ1sX2dC3fV4gB5hN6jM7kL8pO9iU0yT1rE2wQ3aS4dF5gG6hH7jJ8kK9lL0zZ1xX2cC3vV4bB5nN6mM7qQ8wW9eE0rR1tT2yY3uU4iI5oO6pP7aA8sS9dD0fF1gG2hH3jJ4kK5lL6zZ7xX8cC9vV0bB1nN2mM3qW4eR5tT6yU7iI8oO9pP0aS1dF2gG3hH4jJ5kK6lL7zZ8xX9cC0vB1nN2mQ3wE4rR5tT6yY7uU8iI9oO0pP1aS2dF3gG4hH5jJ6kK7lL8zX9cV0bN1nM2qW3eR4tT5yU6iI7oO8pP9aS0dF1gG2hH3jJ4kK5lL6zZ7xX8cC9vV0bB1nN2mM3qW4eR5tT6yU7iI8oO9pP0aS1dF2gG3hH4jJ5kK6lL7zZ8xX9cC0vB1nN2mQ3wE4rR5tT6yY7uU8iI9oO0pP1aS2dF3gG4hH5jJ6kK7lL8zX9cV0bN1nM2qW3eR4tT5yU6iI7oO8pP9aS0dF1gG2hH3jJ4kK5lL6zZ7xX8cC9vV0bB1nN2mM3qW4eR5tT6yU7iI8oO9pP0aS1dF2gG3hH4jJ5kK6lL7zZ8xX9cC0vB1nN2mQ3wE4rR5tT6yY7uU8iI9oO0pP1aS2dF3gG4hH5jJ6kK7lL8zX9cV0bN1nM2qW3eR4tT5yU6iI7oO8pP9aS0dF1gG2hH3jJ4kK5lL6zZ7xX8cC9vV0bB1nN2mM3qW4eR5tT6yU7iI8oO9pP0aS1dF2gG3hH4jJ5kK6lL7zZ8xX9cC0vB1nN2mQ3wE4rR5tT6yY7uU8iI9oO0pP1aS2dF3gG4hH5jJ6kK7lL8zX9cV0bN1nM2qW3eR4tT5yU6iI7oO8pP9aS0dF1gG2hH3jJ4kK5lL6zZ7xX8cC9vV0bB1nN2mM3qW4eR5tT6yU7iI8oO9pP0aS1dF2gG3hH4jJ5kK6lL7zZ8xX9cC0vB1nN2mQ3wE4rR5tT6yY7uU8iI9oO0pP1aS2dF3gG4hH5jJ6kK7l4hH5jJ6kK7lL8zX9cV0bN1nM2qW3eR4tT5yU6iI7oO8pP9aS0dF1gG2hH3jJ4kK5lL6zZ7xX8cC9vV0bB1nN2mM3qW4eR5tT6yU7iI8oO9pP0aS1dF2gG3hH4jJ5kK6lL7zZ8xX9cC0vB1nN2mQ3wE4rR5tT6yY7uU8iI9oO0pP1aS2dF3gG4hH5jJ6kK7lL8zX9cV0bN1nM2qW3eR4tT5yU6iI7oO8pP9aS0dF1gG2hH3jJ4kK5lL6zZ7xX8cC9vV0bB1nN2mM3qW4eR5tT6yU7iI8oO9pP0aS1dF2gG3hH4jJ5kK6lL7zZ8xX9cC0vB1nN2mQ3wE4rR5tT6yY7uU8iI9oO0pP1aS2dF3gG4hH5jJ6kK7l4hH5jJ6kK7lL8zX9cV0bN1nM2qW3eR4tT5yU6iI7oO8pP9aS0dF1gG2hH3jJ4kK5lL6zZ7xX8cC9vV0bB1nN2mM3qW4eR5tT6yU7iI8oO9pP0aS1dF2gG3hH4jJ5kK6lL7zZ8xX9cC0vB1nN2mQ3wE4rR5tT6yY7uU8iI9oO0pP1aS2dF3gG4hH5jJ6kK7lL8zX9cV0bN1nM2qW3eR4tT5yU6iI7oO8pP9aS0dF1gG2hH3jJ4kK5lL6zZ7xX8cC9vV0bB1nN2mM3qW4eR5tT6yU7iI8oO9pP0aS1dF2gG3hH4jJ5kK6lL7zZ8xX9cC0vB1nN2mQ3wE4rR5tT6yY7uU8iI9oO0pP1aS2dF3gG4hH5jJ6kK7l4hH5jJ6kK7lL8zX9cV0bN1nM2qW3eR4tT5yU6iI7oO8pP9aS0dF1gG2hH3jJ4kK5lL6zZ7xX8cC9vV0bB1nN2mM3qW4eR5tT6yU7iI8oO9pP0aS1dF2gG3hH4jJ5kK6lL7zZ8xX9cC0vB1nN2mQ3wE4rR5tT6yY7uU8iI9oO0pP1aS2dF3gG4hH5jJ6kK7lL8zX9cV0bN1nM2qW3eR4tT5yU6iI7oO8pP9aS0dF1gG2hH3jJ4kK5lL6zZ7xX8cC9vV0bB1nN2mM3qW4eR5tT6yU7iI8oO9pP0aS1dF2gG3hH4jJ5kK6lL7zZ8xX9cC0vB1nN2mQ3wE4rR5tT6yY7uU8iI9oO0pP1aS2dF3gG4hH5jJ6kK7l4hH5jJ6kK7lL8zX9cV0bN1nM2qW3eR4tT5yU6iI7oO8pP9aS0dF1gG2hH3jJ4kK5lL6zZ7xX8cC9vV0bB1nN2mM3qW4eR5tT6yU7iI8oO9pP0aS1dF2gG3hH4jJ5kK6lL7zZ8xX9cC0vB1nN2mQ3wE4rR5tT6yY7uU8iI9oO0pP1aS2dF3gG4hH5jJ6kK7lL8zX9cV0bN1nM2qW3eR4tT5yU6iI7oO8pP9aS0dF1gG2hH3jJ4kK5lL6zZ7xX8cC9vV0bB1nN2mM3qW4eR5tT6yU7iI8oO9pP0aS1dF2gG3hH4jJ5kK6lL7zZ8xX9cC0vB1nN2mQ3wE4rR5tT6yY7uU8iI9oO0pP1aS2dF3gG4hH5jJ6kK7l4hH5jJ6kK7lL8zX9cV0bN1nM2qW3eR4tT5yU6iI7oO8pP9aS0dF1gG2hH3jJ4kK5lL6zZ7xX8cC9vV0bB1nN2mM3qW4eR5tT6yU7iI8oO9pP0aS1dF2gG3hH4jJ5kK6lL7zZ8xX9cC0vB1nN2mQ3wE4rR5tT6yY7uU8iI9oO0pP1aS2dF3gG4hH5jJ6kK7lL8zX9cV0bN1nM2qW3eR4tT5yU6iI7oO8pP9aS0dF1gG2hH3jJ4kK5lL6zZ7xX8cC9vV0bB1nN2mM3qW4eR5tT6yU7iI8oO9pP0aS1dF2gG3hH4jJ5kK6lL7zZ8xX9cC0vB1nN2mQ3wE4rR5tT6yY7uU8iI9oO0pP1aS2dF3gG4hH5jJ6kK7l4hH5jJ6kK7lL8zX9cV0bN1nM2qW3eR4tT5yU6iI7oO8pP9aS0dF1gG2hH3jJ4kK5lL6zZ7xX8cC9vV0bB1nN2mM3qW4eR5tT6yU7iI8oO9pP0aS1dF2gG3hH4jJ5kK6lL7zZ8xX9cC0vB1nN2mQ3wE4rR5tT6yY7uU8iI9oO0pP1aS2dF3gG4hH5jJ6kK7lL8zX9cV0bN1nM2qW3eR4tT5yU6iI7oO8pP9aS0dF1gG2hH3jJ4kK5lL6zZ7xX8cC9vV0bB1nN2mM3qW4eR5tT6yU7iI8oO9pP0aS1dF2gG3hH4jJ5kK6lL7zZ8xX9cC0vB1nN2mQ3wE4rR5tT6yY7uU8iI9oO0pP1aS2dF3gG4hH5jJ6kK7l4hH5jJ6kK7lL8zX9cV0bN1nM2qW3eR4tT5yU6iI7oO8pP9aS0dF1gG2hH3jJ4kK5lL6zZ7xX8cC9vV0bB1nN2mM3qW4eR5tT6yU7iI8oO9pP0aS1dF2gG3hH4jJ5kK6lL7zZ8xX9cC0vB1nN2mQ3wE4rR5tT6yY7uU8iI9oO0pP1aS2dF3gG4hH5jJ6kK7lL8zX9cV0bN1nM2qW3eR4tT5yU6iI7oO8pP9aS0dF1gG2hH3jJ4kK5lL6zZ7xX8cC9vV0bB1nN2mM3qW4eR5tT6yU7iI8oO9pP0aS1dF2gG3hH4jJ5kK6lL7zZ8xX9cC0vB1nN2mQ3wE4rR5tT6yY7uU8iI9oO0pP1aS2dF3gG4hH5jJ6kK7l4hH5jJ6kK7lL8zX9cV0bN1nM2qW3eR4tT5yU6iI7oO8pP9aS0dF1gG2hH3jJ4kK5lL6z7nB9vR2mX8kLp4QjW3tY5zH1aG6sF9dD0fS8gA7hJ6kL5mN4bV3vC2xZ1oP9iU8uY7tT6rR5eE4wW3qQ2aZ1sX2dC3fV4gB5hN6jM7kL8pO9iU0yT1rE2wQ3aS4dF5gG6hH7jJ8kK9lL0zZ1xX2cC3vV4bB5nN6mM7qQ8wW9eE0rR1tT2yY3uU4iI5oO6pP7aA8sS9dD0fF1gG2hH3jJ4kK5lL6zZ7xX8cC9vV0bB1nN2mM3qW4eR5tT6yU7iI8oO9pP0aS1dF2gG3hH4jJ5kK6lL7zZ8xX9cC0vB1nN2mQ3wE4rR5tT6yY7uU8iI9oO0pP1aS2dF3gG4hH5jJ6kK7lL8zX9cV0bN1nM2qW3eR4tT5yU6iI7oO8pP9aS0dF1gG2hH3jJ4kK5lL6zZ7xX8cC9vV0bB1nN2mM3qW4eR5tT6yU7iI8oO9pP0aS1dF2gG3hH4jJ5kK6lL7zZ8xX9cC0vB1nN2mQ3wE4rR5tT6yY7uU8iI9oO0pP1aS2dF3gG4hH5jJ6kK7lL8zX9cV0bN1nM2qW3eR4tT5yU6iI7oO8pP9aS0dF1gG2hH3jJ4kK5lL6zZ7xX8cC9vV0bB1nN2mM3qW4eR5tT6yU7iI8oO9pP0aS1dF2gG3hH4jJ5kK6lL7zZ8xX9cC0vB1nN2mQ3wE4rR5tT6yY7uU8iI9oO0pP1aS2dF3gG4hH5jJ6kK7lL8zX9cV0bN1nM2qW3eR4tT5yU6iI7oO8pP9aS0dF1gG2hH3jJ4kK5lL6zZ7xX8cC9vV0bB1nN2mM3qW4eR5tT6yU7iI8oO9pP0aS1dF2gG3hH4jJ5kK6lL7zZ8xX9cC0vB1nN2mQ3wE4rR5tT6yY7uU8iI9oO0pP1aS2dF3gG4hH5jJ6kK7lL8zX9cV0bN1nM2qW3eR4tT5yU6iI7oO8pP9aS0dF1gG2hH3jJ4kK5lL6zZ7xX8cC9vV0bB1nN2mM3qW4eR5tT6yU7iI8oO9pP0aS1dF2gG3hH4jJ5kK6lL7zZ8xX9cC0vB1nN2mQ3wE4rR5tT6yY7uU8iI9oO0pP1aS2dF3gG4hH5jJ6kK7l4hH5jJ6kK7lL8zX9cV0bN1nM2qW3eR4tT5yU6iI7oO8pP9aS0dF1gG2hH3jJ4kK5lL6zZ7xX8cC9vV0bB1nN2mM3qW4eR5tT6yU7iI8oO9pP0aS1dF2gG3hH4jJ5kK6lL7zZ8xX9cC0vB1nN2mQ3wE4rR5tT6yY7uU8iI9oO0pP1aS2dF3gG4hH5jJ6kK7lL8zX9cV0bN1nM2qW3eR4tT5yU6iI7oO8pP9aS0dF1gG2hH3jJ4kK5lL6zZ7xX8cC9vV0bB1nN2mM3qW4eR5tT6yU7iI8oO9pP0aS1dF2gG3hH4jJ5kK6lL7zZ8xX9cC0vB1nN2mQ3wE4rR5tT6yY7uU8iI9oO0pP1aS2dF3gG4hH5jJ6kK7l4hH5jJ6kK7lL8zX9cV0bN1nM2qW3eR4tT5yU6iI7oO8pP9aS0dF1gG2hH3jJ4kK5lL6zZ7xX8cC9vV0bB1nN2mM3qW4eR5tT6yU7iI8oO9pP0aS1dF2gG3hH4jJ5kK6lL7zZ8xX9cC0vB1nN2mQ3wE4rR5tT6yY7uU8iI9oO0pP1aS2dF3gG4hH5jJ6kK7lL8zX9cV0bN1nM2qW3eR4tT5yU6iI7oO8pP9aS0dF1gG2hH3jJ4kK5lL6zZ7xX8cC9vV0bB1nN2mM3qW4eR5tT6yU7iI8oO9pP0aS1dF2gG3hH4jJ5kK6lL7zZ8xX9cC0vB1nN2mQ3wE4rR5tT6yY7uU8iI9oO0pP1aS2dF3gG4hH5jJ6kK7l4hH5jJ6kK7lL8zX9cV0bN1nM2qW3eR4tT5yU6iI7oO8pP9aS0dF1gG2hH3jJ4kK5lL6zZ7xX8cC9vV0bB1nN2mM3qW4eR5tT6yU7iI8oO9pP0aS1dF2gG3hH4jJ5kK6lL7zZ8xX9cC0vB1nN2mQ3wE4rR5tT6yY7uU8iI9oO0pP1aS2dF3gG4hH5jJ6kK7lL8zX9cV0bN1nM2qW3eR4tT5yU6iI7oO8pP9aS0dF1gG2hH3jJ4kK5lL6zZ7xX8cC9vV0bB1nN2mM3qW4eR5tT6yU7iI8oO9pP0aS1dF2gG3hH4jJ5kK6lL7zZ8xX9cC0vB1nN2mQ3wE4rR5tT6yY7uU8iI9oO0pP1aS2dF3gG4hH5jJ6kK7l4hH5jJ6kK7lL8zX9cV0bN1nM2qW3eR4tT5yU6iI7oO8pP9aS0dF1gG2hH3jJ4kK5lL6zZ7xX8cC9vV0bB1nN2mM3qW4eR5tT6yU7iI8oO9pP0aS1dF2gG3hH4jJ5kK6lL7zZ8xX9cC0vB1nN2mQ3wE4rR5tT6yY7uU8iI9oO0pP1aS2dF3gG4hH5jJ6kK7lL8zX9cV0bN1nM2qW3eR4tT5yU6iI7oO8pP9aS0dF1gG2hH3jJ4kK5lL6zZ7xX8cC9vV0bB1nN2mM3qW4eR5tT6yU7iI8oO9pP0aS1dF2gG3hH4jJ5kK6lL7zZ8xX9cC0vB1nN2mQ3wE4rR5tT6yY7uU8iI9oO0pP1aS2dF3gG4hH5jJ6kK7l4hH5jJ6kK7lL8zX9cV0bN1nM2qW3eR4tT5yU6iI7oO8pP9aS0dF1gG2hH3jJ4kK5lL6zZ7xX8cC9vV0bB1nN2mM3qW4eR5tT6yU7iI8oO9pP0aS1dF2gG3hH4jJ5kK6lL7zZ8xX9cC0vB1nN2mQ3wE4rR5tT6yY7uU8iI9oO0pP1aS2dF3gG4hH5jJ6kK7lL8zX9cV0bN1nM2qW3eR4tT5yU6iI7oO8pP9aS0dF1gG2hH3jJ4kK5lL6zZ7xX8cC9vV0bB1nN2mM3qW4eR5tT6yU7iI8oO9pP0aS1dF2gG3hH4jJ5kK6lL7zZ8xX9cC0vB1nN2mQ3wE4rR5tT6yY7uU8iI9oO0pP1aS2dF3gG4hH5jJ6kK7l4hH5jJ6kK7lL8zX9cV0bN1nM2qW3eR4tT5yU6iI7oO8pP9aS0dF1gG2hH3jJ4kK5lL6zZ7xX8cC9vV0bB1nN2mM3qW4eR5tT6yU7iI8oO9pP0aS1dF2gG3hH4jJ5kK6lL7zZ8xX9cC0vB1nN2mQ3wE4rR5tT6yY7uU8iI9oO0pP1aS2dF3gG4hH5jJ6kK7lL8zX9cV0bN1nM2qW3eR4tT5yU6iI7oO8pP9aS0dF1gG2hH3jJ4kK5lL6zZ7xX8cC9vV0bB1nN2mM3qW4eR5tT6yU7iI8oO9pP0aS1dF2gG3hH4jJ5kK6lL7zZ8xX9cC0vB1nN2mQ3wE4rR5tT6yY7uU8iI9oO0pP1aS2dF3gG4hH5jJ6kK7l4hH5jJ6kK7lL8zX9cV0bN1nM2qW3eR4tT5yU6iI7oO8pP9aS0dF1gG2hH3jJ4kK5lL6zZ7xX8cC9vV0bB1nN2mM3qW4eR5tT6yU7iI8oO9pP0aS1dF2gG3hH4jJ5kK6lL7zZ8xX9cC0vB1nN2mQ3wE4rR5tT6yY7uU8iI9oO0pP1aS2dF3gG4hH5jJ6kK7lL8zX9cV0bN1nM2qW3eR4tT5yU6iI7oO8pP9aS0dF1gG2hH3jJ4kK5lL6zZ7xX8cC9vV0bB1nN2mM3qW4eR5tT6yU7iI8oO9pP0aS1dF2gG3hH4jJ5kK6lL7zZ8xX9cC0vB1nN2mQ3wE4rR5tT6yY7uU8iI9oO0pP1aS2dF3gG4hH5jJ6kK7l4hH5jJ6kK7lL8zX9cV0bN1nM2qW3eR4tT5yU6iI7oO8pP9aS0dF1gG2hH3jJ4kK5lL6z7nB9vR2mX8kLp4QjW3tY5zH1aG6sF9dD0fS8gA7hJ6kL5mN4bV3vC2xZ1oP9iU8uY7tT6rR5eE4wW3qQ2aZ1sX2dC3fV4gB5hN6jM7kL8pO9iU0yT1rE2wQ3aS4dF5gG6hH7jJ8kK9lL0zZ1xX2cC3vV4bB5nN6mM7qQ8wW9eE0rR1tT2yY3uU4iI5oO6pP7aA8sS9dD0fF1gG2hH3jJ4kK5lL6zZ7xX8cC9vV0bB1nN2mM3qW4eR5tT6yU7iI8oO9pP0aS1dF2gG3hH4jJ5kK6lL7zZ8xX9cC0vB1nN2mQ3wE4rR5tT6yY7uU8iI9oO0pP1aS2dF3gG4hH5jJ6kK7lL8zX9cV0bN1nM2qW3eR4tT5yU6iI7oO8pP9aS0dF1gG2hH3jJ4kK5lL6zZ7xX8cC9vV0bB1nN2mM3qW4eR5tT6yU7iI8oO9pP0aS1dF2gG3hH4jJ5kK6lL7zZ8xX9cC0vB1nN2mQ3wE4rR5tT6yY7uU8iI9oO0pP1aS2dF3gG4hH5jJ6kK7lL8zX9cV0bN1nM2qW3eR4tT5yU6iI7oO8pP9aS0dF1gG2hH3jJ4kK5lL6zZ7xX8cC9vV0bB1nN2mM3qW4eR5tT6yU7iI8oO9pP0aS1dF2gG3hH4jJ5kK6lL7zZ8xX9cC0vB1nN2mQ3wE4rR5tT6yY7uU8iI9oO0pP1aS2dF3gG4hH5jJ6kK7lL8zX9cV0bN1nM2qW3eR4tT5yU6iI7oO8pP9aS0dF1gG2hH3jJ4kK5lL6zZ7xX8cC9vV0bB1nN2mM3qW4eR5tT6yU7iI8oO9pP0aS1dF2gG3hH4jJ5kK6lL7zZ8xX9cC0vB1nN2mQ3wE4rR5tT6yY7uU8iI9oO0pP1aS2dF3gG4hH5jJ6kK7lL8zX9cV0bN1nM2qW3eR4tT5yU6iI7oO8pP9aS0dF1gG2hH3jJ4kK5lL6zZ7xX8cC9vV0bB1nN2mM3qW4eR5tT6yU7iI8oO9pP0aS1dF2gG3hH4jJ5kK6lL7zZ8xX9cC0vB1nN2mQ3wE4rR5tT6yY7uU8iI9oO0pP1aS2dF3gG4hH5jJ6kK7l4hH5jJ6kK7lL8zX9cV0bN1nM2qW3eR4tT5yU6iI7oO8pP9aS0dF1gG2hH3jJ4kK5lL6zZ7xX8cC9vV0bB1nN2mM3qW4eR5tT6yU7iI8oO9pP0aS1dF2gG3hH4jJ5kK6lL7zZ8xX9cC0vB1nN2mQ3wE4rR5tT6yY7uU8iI9oO0pP1aS2dF3gG4hH5jJ6kK7lL8zX9cV0bN1nM2qW3eR4tT5yU6iI7oO8pP9aS0dF1gG2hH3jJ4kK5lL6zZ7xX8cC9vV0bB1nN2mM3qW4eR5tT6yU7iI8oO9pP0aS1dF2gG3hH4jJ5kK6lL7zZ8xX9cC0vB1nN2mQ3wE4rR5tT6yY7uU8iI9oO0pP1aS2dF3gG4hH5jJ6kK7l4hH5jJ6kK7lL8zX9cV0bN1nM2qW3eR4tT5yU6iI7oO8pP9aS0dF1gG2hH3jJ4kK5lL6zZ7xX8cC9vV0bB1nN2mM3qW4eR5tT6yU7iI8oO9pP0aS1dF2gG3hH4jJ5kK6lL7zZ8xX9cC0vB1nN2mQ3wE4rR5tT6yY7uU8iI9oO0pP1aS2dF3gG4hH5jJ6kK7lL8zX9cV0bN1nM2qW3eR4tT5yU6iI7oO8pP9aS0dF1gG2hH3jJ4kK5lL6zZ7xX8cC9vV0bB1nN2mM3qW4eR5tT6yU7iI8oO9pP0aS1dF2gG3hH4jJ5kK6lL7zZ8xX9cC0vB1nN2mQ3wE4rR5tT6yY7uU8iI9oO0pP1aS2dF3gG4hH5jJ6kK7l4hH5jJ6kK7lL8zX9cV0bN1nM2qW3eR4tT5yU6iI7oO8pP9aS0dF1gG2hH3jJ4kK5lL6zZ7xX8cC9vV0bB1nN2mM3qW4eR5tT6yU7iI8oO9pP0aS1dF2gG3hH4jJ5kK6lL7zZ8xX9cC0vB1nN2mQ3wE4rR5tT6yY7uU8iI9oO0pP1aS2dF3gG4hH5jJ6kK7lL8zX9cV0bN1nM2qW3eR4tT5yU6iI7oO8pP9aS0dF1gG2hH3jJ4kK5lL6zZ7xX8cC9vV0bB1nN2mM3qW4eR5tT6yU7iI8oO9pP0aS1dF2gG3hH4jJ5kK6lL7zZ8xX9cC0vB1nN2mQ3wE4rR5tT6yY7uU8iI9oO0pP1aS2dF3gG4hH5jJ6kK7l4hH5jJ6kK7lL8zX9cV0bN1nM2qW3eR4tT5yU6iI7oO8pP9aS0dF1gG2hH3jJ4kK5lL6zZ7xX8cC9vV0bB1nN2mM3qW4eR5tT6yU7iI8oO9pP0aS1dF2gG3hH4jJ5kK6lL7zZ8xX9cC0vB1nN2mQ3wE4rR5tT6yY7uU8iI9oO0pP1aS2dF3gG4hH5jJ6kK7lL8zX9cV0bN1nM2qW3eR4tT5yU6iI7oO8pP9aS0dF1gG2hH3jJ4kK5lL6zZ7xX8cC9vV0bB1nN2mM3qW4eR5tT6yU7iI8oO9pP0aS1dF2gG3hH4jJ5kK6lL7zZ8xX9cC0vB1nN2mQ3wE4rR5tT6yY7uU8iI9oO0pP1aS2dF3gG4hH5jJ6kK7l4hH5jJ6kK7lL8zX9cV0bN1nM2qW3eR4tT5yU6iI7oO8pP9aS0dF1gG2hH3jJ4kK5lL6zZ7xX8cC9vV0bB1nN2mM3qW4eR5tT6yU7iI8oO9pP0aS1dF2gG3hH4jJ5kK6lL7zZ8xX9cC0vB1nN2mQ3wE4rR5tT6yY7uU8iI9oO0pP1aS2dF3gG4hH5jJ6kK7lL8zX9cV0bN1nM2qW3eR4tT5yU6iI7oO8pP9aS0dF1gG2hH3jJ4kK5lL6zZ7xX8cC9vV0bB1nN2mM3qW4eR5tT6yU7iI8oO9pP0aS1dF2gG3hH4jJ5kK6lL7zZ8xX9cC0vB1nN2mQ3wE4rR5tT6yY7uU8iI9oO0pP1aS2dF3gG4hH5jJ6kK7l4hH5jJ6kK7lL8zX9cV0bN1nM2qW3eR4tT5yU6iI7oO8pP9aS0dF1gG2hH3jJ4kK5lL6zZ7xX8cC9vV0bB1nN2mM3qW4eR5tT6yU7iI8oO9pP0aS1dF2gG3hH4jJ5kK6lL7zZ8xX9cC0vB1nN2mQ3wE4rR5tT6yY7uU8iI9oO0pP1aS2dF3gG4hH5jJ6kK7lL8zX9cV0bN1nM2qW3eR4tT5yU6iI7oO8pP9aS0dF1gG2hH3jJ4kK5lL6zZ7xX8cC9vV0bB1nN2mM3qW4eR5tT6yU7iI8oO9pP0aS1dF2gG3hH4jJ5kK6lL7zZ8xX9cC0vB1nN2mQ3wE4rR5tT6yY7uU8iI9oO0pP1aS2dF3gG4hH5jJ6kK7l4hH5jJ6kK7lL8zX9cV0bN1nM2qW3eR4tT5yU6iI7oO8pP9aS0dF1gG2hH3jJ4kK5lL6zZ7xX8cC9vV0bB1nN2mM3qW4eR5tT6yU7iI8oO9pP0aS1dF2gG3hH4jJ5kK6lL7zZ8xX9cC0vB1nN2mQ3wE4rR5tT6yY7uU8iI9oO0pP1aS2dF3gG4hH5jJ6kK7lL8zX9cV0bN1nM2qW3eR4tT5yU6iI7oO8pP9aS0dF1gG2hH3jJ4kK5lL6zZ7xX8cC9vV0bB1nN2mM3qW4eR5tT6yU7iI8oO9pP0aS1dF2gG3hH4jJ5kK6lL7zZ8xX9cC0vB1nN2mQ3wE4rR5tT6yY7uU8iI9oO0pP1aS2dF3gG4hH5jJ6kK7l4hH5jJ6kK7lL8zX9cV0bN1nM2qW3eR4tT5yU6iI7oO8pP9aS0dF1gG2hH3jJ4kK5lL6z7nB9vR2mX8kLp4QjW3tY5zH1aG6sF9dD0fS8gA7hJ6kL5mN4bV3vC2xZ1oP9iU8uY7tT6rR5eE4wW3qQ2aZ1sX2dC3fV4gB5hN6jM7kL8pO9iU0yT1rE2wQ3aS4dF5gG6hH7jJ8kK9lL0zZ1xX2cC3vV4bB5nN6mM7qQ8wW9eE0rR1tT2yY3uU4iI5oO6pP7aA8sS9dD0fF1gG2hH3jJ4kK5lL6zZ7xX8cC9vV0bB1nN2mM3qW4eR5tT6yU7iI8oO9pP0aS1dF2gG3hH4jJ5kK6lL7zZ8xX9cC0vB1nN2mQ3wE4rR5tT6yY7uU8iI9oO0pP1aS2dF3gG4hH5jJ6kK7lL8zX9cV0bN1nM2qW3eR4tT5yU6iI7oO8pP9aS0dF1gG2hH3jJ4kK5lL6zZ7xX8cC9vV0bB1nN2mM3qW4eR5tT6yU7iI8oO9pP0aS1dF2gG3hH4jJ5kK6lL7zZ8xX9cC0vB1nN2mQ3wE4rR5tT6yY7uU8iI9oO0pP1aS2dF3gG4hH5jJ6kK7lL8zX9cV0bN1nM2qW3eR4tT5yU6iI7oO8pP9aS0dF1gG2hH3jJ4kK5lL6zZ7xX8cC9vV0bB1nN2mM3qW4eR5tT6yU7iI8oO9pP0aS1dF2gG3hH4jJ5kK6lL7zZ8xX9cC0vB1nN2mQ3wE4rR5tT6yY7uU8iI9oO0pP1aS2dF3gG4hH5jJ6kK7lL8zX9cV0bN1nM2qW3eR4tT5yU6iI7oO8pP9aS0dF1gG2hH3jJ4kK5lL6zZ7xX8cC9vV0bB1nN2mM3qW4eR5tT6yU7iI8oO9pP0aS1dF2gG3hH4jJ5kK6lL7zZ8xX9cC0vB1nN2mQ3wE4rR5tT6yY7uU8iI9oO0pP1aS2dF3gG4hH5jJ6kK7lL8zX9cV0bN1nM2qW3eR4tT5yU6iI7oO8pP9aS0dF1gG2hH3jJ4kK5lL6zZ7xX8cC9vV0bB1nN2mM3qW4eR5tT6yU7iI8oO9pP0aS1dF2gG3hH4jJ5kK6lL7zZ8xX9cC0vB1nN2mQ3wE4rR5tT6yY7uU8iI9oO0pP1aS2dF3gG4hH5jJ6kK7l4hH5jJ6kK7lL8zX9cV0bN1nM2qW3eR4tT5yU6iI7oO8pP9aS0dF1gG2hH3jJ4kK5lL6zZ7xX8cC9vV0bB1nN2mM3qW4eR5tT6yU7iI8oO9pP0aS1dF2gG3hH4jJ5kK6lL7zZ8xX9cC0vB1nN2mQ3wE4rR5tT6yY7uU8iI9oO0pP1aS2dF3gG4hH5jJ6kK7lL8zX9cV0bN1nM2qW3eR4tT5yU6iI7oO8pP9aS0dF1gG2hH3jJ4kK5lL6zZ7xX8cC9vV0bB1nN2mM3qW4eR5tT6yU7iI8oO9pP0aS1dF2gG3hH4jJ5kK6lL7zZ8xX9cC0vB1nN2mQ3wE4rR5tT6yY7uU8iI9oO0pP1aS2dF3gG4hH5jJ6kK7l4hH5jJ6kK7lL8zX9cV0bN1nM2qW3eR4tT5yU6iI7oO8pP9aS0dF1gG2hH3jJ4kK5lL6zZ7xX8cC9vV0bB1nN2mM3qW4eR5tT6yU7iI8oO9pP0aS1dF2gG3hH4jJ5kK6lL7zZ8xX9cC0vB1nN2mQ3wE4rR5tT6yY7uU8iI9oO0pP1aS2dF3gG4hH5jJ6kK7lL8zX9cV0bN1nM2qW3eR4tT5yU6iI7oO8pP9aS0dF1gG2hH3jJ4kK5lL6zZ7xX8cC9vV0bB1nN2mM3qW4eR5tT6yU7iI8oO9pP0aS1dF2gG3hH4jJ5kK6lL7zZ8xX9cC0vB1nN2mQ3wE4rR5tT6yY7uU8iI9oO0pP1aS2dF3gG4hH5jJ6kK7l4hH5jJ6kK7lL8zX9cV0bN1nM2qW3eR4tT5yU6iI7oO8pP9aS0dF1gG2hH3jJ4kK5lL6zZ7xX8cC9vV0bB1nN2mM3qW4eR5tT6yU7iI8oO9pP0aS1dF2gG3hH4jJ5kK6lL7zZ8xX9cC0vB1nN2mQ3wE4rR5tT6yY7uU8iI9oO0pP1aS2dF3gG4hH5jJ6kK7lL8zX9cV0bN1nM2qW3eR4tT5yU6iI7oO8pP9aS0dF1gG2hH3jJ4kK5lL6zZ7xX8cC9vV0bB1nN2mM3qW4eR5tT6yU7iI8oO9pP0aS1dF2gG3hH4jJ5kK6lL7zZ8xX9cC0vB1nN2mQ3wE4rR5tT6yY7uU8iI9oO0pP1aS2dF3gG4hH5jJ6kK7l4hH5jJ6kK7lL8zX9cV0bN1nM2qW3eR4tT5yU6iI7oO8pP9aS0dF1gG2hH3jJ4kK5lL6zZ7xX8cC9vV0bB1nN2mM3qW4eR5tT6yU7iI8oO9pP0aS1dF2gG3hH4jJ5kK6lL7zZ8xX9cC0vB1nN2mQ3wE4rR5tT6yY7uU8iI9oO0pP1aS2dF3gG4hH5jJ6kK7lL8zX9cV0bN1nM2qW3eR4tT5yU6iI7oO8pP9aS0dF1gG2hH3jJ4kK5lL6zZ7xX8cC9vV0bB1nN2mM3qW4eR5tT6yU7iI8oO9pP0aS1dF2gG3hH4jJ5kK6lL7zZ8xX9cC0vB1nN2mQ3wE4rR5tT6yY7uU8iI9oO0pP1aS2dF3gG4hH5jJ6kK7l4hH5jJ6kK7lL8zX9cV0bN1nM2qW3eR4tT5yU6iI7oO8pP9aS0dF1gG2hH3jJ4kK5lL6zZ7xX8cC9vV0bB1nN2mM3qW4eR5tT6yU7iI8oO9pP0aS1dF2gG3hH4jJ5kK6lL7zZ8xX9cC0vB1nN2mQ3wE4rR5tT6yY7uU8iI9oO0pP1aS2dF3gG4hH5jJ6kK7lL8zX9cV0bN1nM2qW3eR4tT5yU6iI7oO8pP9aS0dF1gG2hH3jJ4kK5lL6zZ7xX8cC9vV0bB1nN2mM3qW4eR5tT6yU7iI8oO9pP0aS1dF2gG3hH4jJ5kK6lL7zZ8xX9cC0vB1nN2mQ3wE4rR5tT6yY7uU8iI9oO0pP1aS2dF3gG4hH5jJ6kK7l4hH5jJ6kK7lL8zX9cV0bN1nM2qW3eR4tT5yU6iI7oO8pP9aS0dF1gG2hH3jJ4kK5lL6zZ7xX8cC9vV0bB1nN2mM3qW4eR5tT6yU7iI8oO9pP0aS1dF2gG3hH4jJ5kK6lL7zZ8xX9cC0vB1nN2mQ3wE4rR5tT6yY7uU8iI9oO0pP1aS2dF3gG4hH5jJ6kK7lL8zX9cV0bN1nM2qW3eR4tT5yU6iI7oO8pP9aS0dF1gG2hH3jJ4kK5lL6zZ7xX8cC9vV0bB1nN2mM3qW4eR5tT6yU7iI8oO9pP0aS1dF2gG3hH4jJ5kK6lL7zZ8xX9cC0vB1nN2mQ3wE4rR5tT6yY7uU8iI9oO0pP1aS2dF3gG4hH5jJ6kK7l4hH5jJ6kK7lL8zX9cV0bN1nM2qW3eR4tT5yU6iI7oO8pP9aS0dF1gG2hH3jJ4kK5lL6zZ7xX8cC9vV0bB1nN2mM3qW4eR5tT6yU7iI8oO9pP0aS1dF2gG3hH4jJ5kK6lL7zZ8xX9cC0vB1nN2mQ3wE4rR5tT6yY7uU8iI9oO0pP1aS2dF3gG4hH5jJ6kK7lL8zX9cV0bN1nM2qW3eR4tT5yU6iI7oO8pP9aS0dF1gG2hH3jJ4kK5lL6zZ7xX8cC9vV0bB1nN2mM3qW4eR5tT6yU7iI8oO9pP0aS1dF2gG3hH4jJ5kK6lL7zZ8xX9cC0vB1nN2mQ3wE4rR5tT6yY7uU8iI9oO0pP1aS2dF3gG4hH5jJ6kK7l4hH5jJ6kK7lL8zX9cV0bN1nM2qW3eR4tT5yU6iI7oO8pP9aS0dF1gG2hH3jJ4kK5lL6z7nB9vR2mX8kLp4QjW3tY5zH1aG6sF9dD0fS8gA7hJ6kL5mN4bV3vC2xZ1oP9iU8uY7tT6rR5eE4wW3qQ2aZ1sX2dC3fV4gB5hN6jM7kL8pO9iU0yT1rE2wQ3aS4dF5gG6hH7jJ8kK9lL0zZ1xX2cC3vV4bB5nN6mM7qQ8wW9eE0rR1tT2yY3uU4iI5oO6pP7aA8sS9dD0fF1gG2hH3jJ4kK5lL6zZ7xX8cC9vV0bB1nN2mM3qW4eR5tT6yU7iI8oO9pP0aS1dF2gG3hH4jJ5kK6lL7zZ8xX9cC0vB1nN2mQ3wE4rR5tT6yY7uU8iI9oO0pP1aS2dF3gG4hH5jJ6kK7lL8zX9cV0bN1nM2qW3eR4tT5yU6iI7oO8pP9aS0dF1gG2hH3jJ4kK5lL6zZ7xX8cC9vV0bB1nN2mM3qW4eR5tT6yU7iI8oO9pP0aS1dF2gG3hH4jJ5kK6lL7zZ8xX9cC0vB1nN2mQ3wE4rR5tT6yY7uU8iI9oO0pP1aS2dF3gG4hH5jJ6kK7lL8zX9cV0bN1nM2qW3eR4tT5yU6iI7oO8pP9aS0dF1gG2hH3jJ4kK5lL6zZ7xX8cC9vV0bB1nN2mM3qW4eR5tT6yU7iI8oO9pP0aS1dF2gG3hH4jJ5kK6lL7zZ8xX9cC0vB1nN2mQ3wE4rR5tT6yY7uU8iI9oO0pP1aS2dF3gG4hH5jJ6kK7lL8zX9cV0bN1nM2qW3eR4tT5yU6iI7oO8pP9aS0dF1gG2hH3jJ4kK5lL6zZ7xX8cC9vV0bB1nN2mM3qW4eR5tT6yU7iI8oO9pP0aS1dF2gG3hH4jJ5kK6lL7zZ8xX9cC0vB1nN2mQ3wE4rR5tT6yY7uU8iI9oO0pP1aS2dF3gG4hH5jJ6kK7lL8zX9cV0bN1nM2qW3eR4tT5yU6iI7oO8pP9aS0dF1gG2hH3jJ4kK5lL6zZ7xX8cC9vV0bB1nN2mM3qW4eR5tT6yU7iI8oO9pP0aS1dF2gG3hH4jJ5kK6lL7zZ8xX9cC0vB1nN2mQ3wE4rR5tT6yY7uU8iI9oO0pP1aS2dF3gG4hH5jJ6kK7l4hH5jJ6kK7lL8zX9cV0bN1nM2qW3eR4tT5yU6iI7oO8pP9aS0dF1gG2hH3jJ4kK5lL6zZ7xX8cC9vV0bB1nN2mM3qW4eR5tT6yU7iI8oO9pP0aS1dF2gG3hH4jJ5kK6lL7zZ8xX9cC0vB1nN2mQ3wE4rR5tT6yY7uU8iI9oO0pP1aS2dF3gG4hH5jJ6kK7lL8zX9cV0bN1nM2qW3eR4tT5yU6iI7oO8pP9aS0dF1gG2hH3jJ4kK5lL6zZ7xX8cC9vV0bB1nN2mM3qW4eR5tT6yU7iI8oO9pP0aS1dF2gG3hH4jJ5kK6lL7zZ8xX9cC0vB1nN2mQ3wE4rR5tT6yY7uU8iI9oO0pP1aS2dF3gG4hH5jJ6kK7l4hH5jJ6kK7lL8zX9cV0bN1nM2qW3eR4tT5yU6iI7oO8pP9aS0dF1gG2hH3jJ4kK5lL6zZ7xX8cC9vV0bB1nN2mM3qW4eR5tT6yU7iI8oO9pP0aS1dF2gG3hH4jJ5kK6lL7zZ8xX9cC0vB1nN2mQ3wE4rR5tT6yY7uU8iI9oO0pP1aS2dF3gG4hH5jJ6kK7lL8zX9cV0bN1nM2qW3eR4tT5yU6iI7oO8pP9aS0dF1gG2hH3jJ4kK5lL6zZ7xX8cC9vV0bB1nN2mM3qW4eR5tT6yU7iI8oO9pP0aS1dF2gG3hH4jJ5kK6lL7zZ8xX9cC0vB1nN2mQ3wE4rR5tT6yY7uU8iI9oO0pP1aS2dF3gG4hH5jJ6kK7l4hH5jJ6kK7lL8zX9cV0bN1nM2qW3eR4tT5yU6iI7oO8pP9aS0dF1gG2hH3jJ4kK5lL6zZ7xX8cC9vV0bB1nN2mM3qW4eR5tT6yU7iI8oO9pP0aS1dF2gG3hH4jJ5kK6lL7zZ8xX9cC0vB1nN2mQ3wE4rR5tT6yY7uU8iI9oO0pP1aS2dF3gG4hH5jJ6kK7lL8zX9cV0bN1nM2qW3eR4tT5yU6iI7oO8pP9aS0dF1gG2hH3jJ4kK5lL6zZ7xX8cC9vV0bB1nN2mM3qW4eR5tT6yU7iI8oO9pP0aS1dF2gG3hH4jJ5kK6lL7zZ8xX9cC0vB1nN2mQ3wE4rR5tT6yY7uU8iI9oO0pP1aS2dF3gG4hH5jJ6kK7l4hH5jJ6kK7lL8zX9cV0bN1nM2qW3eR4tT5yU6iI7oO8pP9aS0dF1gG2hH3jJ4kK5lL6zZ7xX8cC9vV0bB1nN2mM3qW4eR5tT6yU7iI8oO9pP0aS1dF2gG3hH4jJ5kK6lL7zZ8xX9cC0vB1nN2mQ3wE4rR5tT6yY7uU8iI9oO0pP1aS2dF3gG4hH5jJ6kK7lL8zX9cV0bN1nM2qW3eR4tT5yU6iI7oO8pP9aS0dF1gG2hH3jJ4kK5lL6zZ7xX8cC9vV0bB1nN2mM3qW4eR5tT6yU7iI8oO9pP0aS1dF2gG3hH4jJ5kK6lL7zZ8xX9cC0vB1nN2mQ3wE4rR5tT6yY7uU8iI9oO0pP1aS2dF3gG4hH5jJ6kK7l4hH5jJ6kK7lL8zX9cV0bN1nM2qW3eR4tT5yU6iI7oO8pP9aS0dF1gG2hH3jJ4kK5lL6zZ7xX8cC9vV0bB1nN2mM3qW4eR5tT6yU7iI8oO9pP0aS1dF2gG3hH4jJ5kK6lL7zZ8xX9cC0vB1nN2mQ3wE4rR5tT6yY7uU8iI9oO0pP1aS2dF3gG4hH5jJ6kK7lL8zX9cV0bN1nM2qW3eR4tT5yU6iI7oO8pP9aS0dF1gG2hH3jJ4kK5lL6zZ7xX8cC9vV0bB1nN2mM3qW4eR5tT6yU7iI8oO9pP0aS1dF2gG3hH4jJ5kK6lL7zZ8xX9cC0vB1nN2mQ3wE4rR5tT6yY7uU8iI9oO0pP1aS2dF3gG4hH5jJ6kK7l4hH5jJ6kK7lL8zX9cV0bN1nM2qW3eR4tT5yU6iI7oO8pP9aS0dF1gG2hH3jJ4kK5lL6zZ7xX8cC9vV0bB1nN2mM3qW4eR5tT6yU7iI8oO9pP0aS1dF2gG3hH4jJ5kK6lL7zZ8xX9cC0vB1nN2mQ3wE4rR5tT6yY7uU8iI9oO0pP1aS2dF3gG4hH5jJ6kK7lL8zX9cV0bN1nM2qW3eR4tT5yU6iI7oO8pP9aS0dF1gG2hH3jJ4kK5lL6zZ7xX8cC9vV0bB1nN2mM3qW4eR5tT6yU7iI8oO9pP0aS1dF2gG3hH4jJ5kK6lL7zZ8xX9cC0vB1nN2mQ3wE4rR5tT6yY7uU8iI9oO0pP1aS2dF3gG4hH5jJ6kK7l4hH5jJ6kK7lL8zX9cV0bN1nM2qW3eR4tT5yU6iI7oO8pP9aS0dF1gG2hH3jJ4kK5lL6zZ7xX8cC9vV0bB1nN2mM3qW4eR5tT6yU7iI8oO9pP0aS1dF2gG3hH4jJ5kK6lL7zZ8xX9cC0vB1nN2mQ3wE4rR5tT6yY7uU8iI9oO0pP1aS2dF3gG4hH5jJ6kK7lL8zX9cV0bN1nM2qW3eR4tT5yU6iI7oO8pP9aS0dF1gG2hH3jJ4kK5lL6zZ7xX8cC9vV0bB1nN2mM3qW4eR5tT6yU7iI8oO9pP0aS1dF2gG3hH4jJ5kK6lL7zZ8xX9cC0vB1nN2mQ3wE4rR5tT6yY7uU8iI9oO0pP1aS2dF3gG4hH5jJ6kK7l4hH5jJ6kK7lL8zX9cV0bN1nM2qW3eR4tT5yU6iI7oO8pP9aS0dF1gG2hH3jJ4kK5lL6z7nB9vR2mX8kLp4QjW3tY5zH1aG6sF9dD0fS8gA7hJ6kL5mN4bV3vC2xZ1oP9iU8uY7tT6rR5eE4wW3qQ2aZ1sX2dC3fV4gB5hN6jM7kL8pO9iU0yT1rE2wQ3aS4dF5gG6hH7jJ8kK9lL0zZ1xX2cC3vV4bB5nN6mM7qQ8wW9eE0rR1tT2yY3uU4iI5oO6pP7aA8sS9dD0fF1gG2hH3jJ4kK5lL6zZ7xX8cC9vV0bB1nN2mM3qW4eR5tT6yU7iI8oO9pP0aS1dF2gG3hH4jJ5kK6lL7zZ8xX9cC0vB1nN2mQ3wE4rR5tT6yY7uU8iI9oO0pP1aS2dF3gG4hH5jJ6kK7lL8zX9cV0bN1nM2qW3eR4tT5yU6iI7oO8pP9aS0dF1gG2hH3jJ4kK5lL6zZ7xX8cC9vV0bB1nN2mM3qW4eR5tT6yU7iI8oO9pP0aS1dF2gG3hH4jJ5kK6lL7zZ8xX9cC0vB1nN2mQ3wE4rR5tT6yY7uU8iI9oO0pP1aS2dF3gG4hH5jJ6kK7lL8zX9cV0bN1nM2qW3eR4tT5yU6iI7oO8pP9aS0dF1gG2hH3jJ4kK5lL6zZ7xX8cC9vV0bB1nN2mM3qW4eR5tT6yU7iI8oO9pP0aS1dF2gG3hH4jJ5kK6lL7zZ8xX9cC0vB1nN2mQ3wE4rR5tT6yY7uU8iI9oO0pP1aS2dF3gG4hH5jJ6kK7lL8zX9cV0bN1nM2qW3eR4tT5yU6iI7oO8pP9aS0dF1gG2hH3jJ4kK5lL6zZ7xX8cC9vV0bB1nN2mM3qW4eR5tT6yU7iI8oO9pP0aS1dF2gG3hH4jJ5kK6lL7zZ8xX9cC0vB1nN2mQ3wE4rR5tT6yY7uU8iI9oO0pP1aS2dF3gG4hH5jJ6kK7lL8zX9cV0bN1nM2qW3eR4tT5yU6iI7oO8pP9aS0dF1gG2hH3jJ4kK5lL6zZ7xX8cC9vV0bB1nN2mM3qW4eR5tT6yU7iI8oO9pP0aS1dF2gG3hH4jJ5kK6lL7zZ8xX9cC0vB1nN2mQ3wE4rR5tT6yY7uU8iI9oO0pP1aS2dF3gG4hH5jJ6kK7l4hH5jJ6kK7lL8zX9cV0bN1nM2qW3eR4tT5yU6iI7oO8pP9aS0dF1gG2hH3jJ4kK5lL6zZ7xX8cC9vV0bB1nN2mM3qW4eR5tT6yU7iI8oO9pP0aS1dF2gG3hH4jJ5kK6lL7zZ8xX9cC0vB1nN2mQ3wE4rR5tT6yY7uU8iI9oO0pP1aS2dF3gG4hH5jJ6kK7lL8zX9cV0bN1nM2qW3eR4tT5yU6iI7oO8pP9aS0dF1gG2hH3jJ4kK5lL6zZ7xX8cC9vV0bB1nN2mM3qW4eR5tT6yU7iI8oO9pP0aS1dF2gG3hH4jJ5kK6lL7zZ8xX9cC0vB1nN2mQ3wE4rR5tT6yY7uU8iI9oO0pP1aS2dF3gG4hH5jJ6kK7l4hH5jJ6kK7lL8zX9cV0bN1nM2qW3eR4tT5yU6iI7oO8pP9aS0dF1gG2hH3jJ4kK5lL6zZ7xX8cC9vV0bB1nN2mM3qW4eR5tT6yU7iI8oO9pP0aS1dF2gG3hH4jJ5kK6lL7zZ8xX9cC0vB1nN2mQ3wE4rR5tT6yY7uU8iI9oO0pP1aS2dF3gG4hH5jJ6kK7lL8zX9cV0bN1nM2qW3eR4tT5yU6iI7oO8pP9aS0dF1gG2hH3jJ4kK5lL6zZ7xX8cC9vV0bB1nN2mM3qW4eR5tT6yU7iI8oO9pP0aS1dF2gG3hH4jJ5kK6lL7zZ8xX9cC0vB1nN2mQ3wE4rR5tT6yY7uU8iI9oO0pP1aS2dF3gG4hH5jJ6kK7l4hH5jJ6kK7lL8zX9cV0bN1nM2qW3eR4tT5yU6iI7oO8pP9aS0dF1gG2hH3jJ4kK5lL6zZ7xX8cC9vV0bB1nN2mM3qW4eR5tT6yU7iI8oO9pP0aS1dF2gG3hH4jJ5kK6lL7zZ8xX9cC0vB1nN2mQ3wE4rR5tT6yY7uU8iI9oO0pP1aS2dF3gG4hH5jJ6kK7lL8zX9cV0bN1nM2qW3eR4tT5yU6iI7oO8pP9aS0dF1gG2hH3jJ4kK5lL6zZ7xX8cC9vV0bB1nN2mM3qW4eR5tT6yU7iI8oO9pP0aS1dF2gG3hH4jJ5kK6lL7zZ8xX9cC0vB1nN2mQ3wE4rR5tT6yY7uU8iI9oO0pP1aS2dF3gG4hH5jJ6kK7l4hH5jJ6kK7lL8zX9cV0bN1nM2qW3eR4tT5yU6iI7oO8pP9aS0dF1gG2hH3jJ4kK5lL6zZ7xX8cC9vV0bB1nN2mM3qW4eR5tT6yU7iI8oO9pP0aS1dF2gG3hH4jJ5kK6lL7zZ8xX9cC0vB1nN2mQ3wE4rR5tT6yY7uU8iI9oO0pP1aS2dF3gG4hH5jJ6kK7lL8zX9cV0bN1nM2qW3eR4tT5yU6iI7oO8pP9aS0dF1gG2hH3jJ4kK5lL6zZ7xX8cC9vV0bB1nN2mM3qW4eR5tT6yU7iI8oO9pP0aS1dF2gG3hH4jJ5kK6lL7zZ8xX9cC0vB1nN2mQ3wE4rR5tT6yY7uU8iI9oO0pP1aS2dF3gG4hH5jJ6kK7l4hH5jJ6kK7lL8zX9cV0bN1nM2qW3eR4tT5yU6iI7oO8pP9aS0dF1gG2hH3jJ4kK5lL6zZ7xX8cC9vV0bB1nN2mM3qW4eR5tT6yU7iI8oO9pP0aS1dF2gG3hH4jJ5kK6lL7zZ8xX9cC0vB1nN2mQ3wE4rR5tT6yY7uU8iI9oO0pP1aS2dF3gG4hH5jJ6kK7lL8zX9cV0bN1nM2qW3eR4tT5yU6iI7oO8pP9aS0dF1gG2hH3jJ4kK5lL6zZ7xX8cC9vV0bB1nN2mM3qW4eR5tT6yU7iI8oO9pP0aS1dF2gG3hH4jJ5kK6lL7zZ8xX9cC0vB1nN2mQ3wE4rR5tT6yY7uU8iI9oO0pP1aS2dF3gG4hH5jJ6kK7l4hH5jJ6kK7lL8zX9cV0bN1nM2qW3eR4tT5yU6iI7oO8pP9aS0dF1gG2hH3jJ4kK5lL6zZ7xX8cC9vV0bB1nN2mM3qW4eR5tT6yU7iI8oO9pP0aS1dF2gG3hH4jJ5kK6lL7zZ8xX9cC0vB1nN2mQ3wE4rR5tT6yY7uU8iI9oO0pP1aS2dF3gG4hH5jJ6kK7lL8zX9cV0bN1nM2qW3eR4tT5yU6iI7oO8pP9aS0dF1gG2hH3jJ4kK5lL6zZ7xX8cC9vV0bB1nN2mM3qW4eR5tT6yU7iI8oO9pP0aS1dF2gG3hH4jJ5kK6lL7zZ8xX9cC0vB1nN2mQ3wE4rR5tT6yY7uU8iI9oO0pP1aS2dF3gG4hH5jJ6kK7l4hH5jJ6kK7lL8zX9cV0bN1nM2qW3eR4tT5yU6iI7oO8pP9aS0dF1gG2hH3jJ4kK5lL6zZ7xX8cC9vV0bB1nN2mM3qW4eR5tT6yU7iI8oO9pP0aS1dF2gG3hH4jJ5kK6lL7zZ8xX9cC0vB1nN2mQ3wE4rR5tT6yY7uU8iI9oO0pP1aS2dF3gG4hH5jJ6kK7lL8zX9cV0bN1nM2qW3eR4tT5yU6iI7oO8pP9aS0dF1gG2hH3jJ4kK5lL6zZ7xX8cC9vV0bB1nN2mM3qW4eR5tT6yU7iI8oO9pP0aS1dF2gG3hH4jJ5kK6lL7zZ8xX9cC0vB1nN2mQ3wE4rR5tT6yY7uU8iI9oO0pP1aS2dF3gG4hH5jJ6kK7l4hH5jJ6kK7lL8zX9cV0bN1nM2qW3eR4tT5yU6iI7oO8pP9aS0dF1gG2hH3jJ4kK5lL6z7nB9vR2mX8kLp4QjW3tY5zH1aG6sF9dD0fS8gA7hJ6kL5mN4bV3vC2xZ1oP9iU8uY7tT6rR5eE4wW3qQ2aZ1sX2dC3fV4gB5hN6jM7kL8pO9iU0yT1rE2wQ3aS4dF5gG6hH7jJ8kK9lL0zZ1xX2cC3vV4bB5nN6mM7qQ8wW9eE0rR1tT2yY3uU4iI5oO6pP7aA8sS9dD0fF1gG2hH3jJ4kK5lL6zZ7xX8cC9vV0bB1nN2mM3qW4eR5tT6yU7iI8oO9pP0aS1dF2gG3hH4jJ5kK6lL7zZ8xX9cC0vB1nN2mQ3wE4rR5tT6yY7uU8iI9oO0pP1aS2dF3gG4hH5jJ6kK7lL8zX9cV0bN1nM2qW3eR4tT5yU6iI7oO8pP9aS0dF1gG2hH3jJ4kK5lL6zZ7xX8cC9vV0bB1nN2mM3qW4eR5tT6yU7iI8oO9pP0aS1dF2gG3hH4jJ5kK6lL7zZ8xX9cC0vB1nN2mQ3wE4rR5tT6yY7uU8iI9oO0pP1aS2dF3gG4hH5jJ6kK7lL8zX9cV0bN1nM2qW3eR4tT5yU6iI7oO8pP9aS0dF1gG2hH3jJ4kK5lL6zZ7xX8cC9vV0bB1nN2mM3qW4eR5tT6yU7iI8oO9pP0aS1dF2gG3hH4jJ5kK6lL7zZ8xX9cC0vB1nN2mQ3wE4rR5tT6yY7uU8iI9oO0pP1aS2dF3gG4hH5jJ6kK7lL8zX9cV0bN1nM2qW3eR4tT5yU6iI7oO8pP9aS0dF1gG2hH3jJ4kK5lL6zZ7xX8cC9vV0bB1nN2mM3qW4eR5tT6yU7iI8oO9pP0aS1dF2gG3hH4jJ5kK6lL7zZ8xX9cC0vB1nN2mQ3wE4rR5tT6yY7uU8iI9oO0pP1aS2dF3gG4hH5jJ6kK7lL8zX9cV0bN1nM2qW3eR4tT5yU6iI7oO8pP9aS0dF1gG2hH3jJ4kK5lL6zZ7xX8cC9vV0bB1nN2mM3qW4eR5tT6yU7iI8oO9pP0aS1dF2gG3hH4jJ5kK6lL7zZ8xX9cC0vB1nN2mQ3wE4rR5tT6yY7uU8iI9oO0pP1aS2dF3gG4hH5jJ6kK7l4hH5jJ6kK7lL8zX9cV0bN1nM2qW3eR4tT5yU6iI7oO8pP9aS0dF1gG2hH3jJ4kK5lL6zZ7xX8cC9vV0bB1nN2mM3qW4eR5tT6yU7iI8oO9pP0aS1dF2gG3hH4jJ5kK6lL7zZ8xX9cC0vB1nN2mQ3wE4rR5tT6yY7uU8iI9oO0pP1aS2dF3gG4hH5jJ6kK7lL8zX9cV0bN1nM2qW3eR4tT5yU6iI7oO8pP9aS0dF1gG2hH3jJ4kK5lL6zZ7xX8cC9vV0bB1nN2mM3qW4eR5tT6yU7iI8oO9pP0aS1dF2gG3hH4jJ5kK6lL7zZ8xX9cC0vB1nN2mQ3wE4rR5tT6yY7uU8iI9oO0pP1aS2dF3gG4hH5jJ6kK7l4hH5jJ6kK7lL8zX9cV0bN1nM2qW3eR4tT5yU6iI7oO8pP9aS0dF1gG2hH3jJ4kK5lL6zZ7xX8cC9vV0bB1nN2mM3qW4eR5tT6yU7iI8oO9pP0aS1dF2gG3hH4jJ5kK6lL7zZ8xX9cC0vB1nN2mQ3wE4rR5tT6yY7uU8iI9oO0pP1aS2dF3gG4hH5jJ6kK7lL8zX9cV0bN1nM2qW3eR4tT5yU6iI7oO8pP9aS0dF1gG2hH3jJ4kK5lL6zZ7xX8cC9vV0bB1nN2mM3qW4eR5tT6yU7iI8oO9pP0aS1dF2gG3hH4jJ5kK6lL7zZ8xX9cC0vB1nN2mQ3wE4rR5tT6yY7uU8iI9oO0pP1aS2dF3gG4hH5jJ6kK7l4hH5jJ6kK7lL8zX9cV0bN1nM2qW3eR4tT5yU6iI7oO8pP9aS0dF1gG2hH3jJ4kK5lL6zZ7xX8cC9vV0bB1nN2mM3qW4eR5tT6yU7iI8oO9pP0aS1dF2gG3hH4jJ5kK6lL7zZ8xX9cC0vB1nN2mQ3wE4rR5tT6yY7uU8iI9oO0pP1aS2dF3gG4hH5jJ6kK7lL8zX9cV0bN1nM2qW3eR4tT5yU6iI7oO8pP9aS0dF1gG2hH3jJ4kK5lL6zZ7xX8cC9vV0bB1nN2mM3qW4eR5tT6yU7iI8oO9pP0aS1dF2gG3hH4jJ5kK6lL7zZ8xX9cC0vB1nN2mQ3wE4rR5tT6yY7uU8iI9oO0pP1aS2dF3gG4hH5jJ6kK7l4hH5jJ6kK7lL8zX9cV0bN1nM2qW3eR4tT5yU6iI7oO8pP9aS0dF1gG2hH3jJ4kK5lL6zZ7xX8cC9vV0bB1nN2mM3qW4eR5tT6yU7iI8oO9pP0aS1dF2gG3hH4jJ5kK6lL7zZ8xX9cC0vB1nN2mQ3wE4rR5tT6yY7uU8iI9oO0pP1aS2dF3gG4hH5jJ6kK7lL8zX9cV0bN1nM2qW3eR4tT5yU6iI7oO8pP9aS0dF1gG2hH3jJ4kK5lL6zZ7xX8cC9vV0bB1nN2mM3qW4eR5tT6yU7iI8oO9pP0aS1dF2gG3hH4jJ5kK6lL7zZ8xX9cC0vB1nN2mQ3wE4rR5tT6yY7uU8iI9oO0pP1aS2dF3gG4hH5jJ6kK7l4hH5jJ6kK7lL8zX9cV0bN1nM2qW3eR4tT5yU6iI7oO8pP9aS0dF1gG2hH3jJ4kK5lL6zZ7xX8cC9vV0bB1nN2mM3qW4eR5tT6yU7iI8oO9pP0aS1dF2gG3hH4jJ5kK6lL7zZ8xX9cC0vB1nN2mQ3wE4rR5tT6yY7uU8iI9oO0pP1aS2dF3gG4hH5jJ6kK7lL8zX9cV0bN1nM2qW3eR4tT5yU6iI7oO8pP9aS0dF1gG2hH3jJ4kK5lL6zZ7xX8cC9vV0bB1nN2mM3qW4eR5tT6yU7iI8oO9pP0aS1dF2gG3hH4jJ5kK6lL7zZ8xX9cC0vB1nN2mQ3wE4rR5tT6yY7uU8iI9oO0pP1aS2dF3gG4hH5jJ6kK7l4hH5jJ6kK7lL8zX9cV0bN1nM2qW3eR4tT5yU6iI7oO8pP9aS0dF1gG2hH3jJ4kK5lL6zZ7xX8cC9vV0bB1nN2mM3qW4eR5tT6yU7iI8oO9pP0aS1dF2gG3hH4jJ5kK6lL7zZ8xX9cC0vB1nN2mQ3wE4rR5tT6yY7uU8iI9oO0pP1aS2dF3gG4hH5jJ6kK7lL8zX9cV0bN1nM2qW3eR4tT5yU6iI7oO8pP9aS0dF1gG2hH3jJ4kK5lL6zZ7xX8cC9vV0bB1nN2mM3qW4eR5tT6yU7iI8oO9pP0aS1dF2gG3hH4jJ5kK6lL7zZ8xX9cC0vB1nN2mQ3wE4rR5tT6yY7uU8iI9oO0pP1aS2dF3gG4hH5jJ6kK7l4hH5jJ6kK7lL8zX9cV0bN1nM2qW3eR4tT5yU6iI7oO8pP9aS0dF1gG2hH3jJ4kK5lL6zZ7xX8cC9vV0bB1nN2mM3qW4eR5tT6yU7iI8oO9pP0aS1dF2gG3hH4jJ5kK6lL7zZ8xX9cC0vB1nN2mQ3wE4rR5tT6yY7uU8iI9oO0pP1aS2dF3gG4hH5jJ6kK7lL8zX9cV0bN1nM2qW3eR4tT5yU6iI7oO8pP9aS0dF1gG2hH3jJ4kK5lL6zZ7xX8cC9vV0bB1nN2mM3qW4eR5tT6yU7iI8oO9pP0aS1dF2gG3hH4jJ5kK6lL7zZ8xX9cC0vB1nN2mQ3wE4rR5tT6yY7uU8iI9oO0pP1aS2dF3gG4hH5jJ6kK7l4hH5jJ6kK7lL8zX9cV0bN1nM2qW3eR4tT5yU6iI7oO8pP9aS0dF1gG2hH3jJ4kK5lL6z7nB9vR2mX8kLp4QjW3tY5zH1aG6sF9dD0fS8gA7hJ6kL5mN4bV3vC2xZ1oP9iU8uY7tT6rR5eE4wW3qQ2aZ1sX2dC3fV4gB5hN6jM7kL8pO9iU0yT1rE2wQ3aS4dF5gG6hH7jJ8kK9lL0zZ1xX2cC3vV4bB5nN6mM7qQ8wW9eE0rR1tT2yY3uU4iI5oO6pP7aA8sS9dD0fF1gG2hH3jJ4kK5lL6zZ7xX8cC9vV0bB1nN2mM3qW4eR5tT6yU7iI8oO9pP0aS1dF2gG3hH4jJ5kK6lL7zZ8xX9cC0vB1nN2mQ3wE4rR5tT6yY7uU8iI9oO0pP1aS2dF3gG4hH5jJ6kK7lL8zX9cV0bN1nM2qW3eR4tT5yU6iI7oO8pP9aS0dF1gG2hH3jJ4kK5lL6zZ7xX8cC9vV0bB1nN2mM3qW4eR5tT6yU7iI8oO9pP0aS1dF2gG3hH4jJ5kK6lL7zZ8xX9cC0vB1nN2mQ3wE4rR5tT6yY7uU8iI9oO0pP1aS2dF3gG4hH5jJ6kK7lL8zX9cV0bN1nM2qW3eR4tT5yU6iI7oO8pP9aS0dF1gG2hH3jJ4kK5lL6zZ7xX8cC9vV0bB1nN2mM3qW4eR5tT6yU7iI8oO9pP0aS1dF2gG3hH4jJ5kK6lL7zZ8xX9cC0vB1nN2mQ3wE4rR5tT6yY7uU8iI9oO0pP1aS2dF3gG4hH5jJ6kK7lL8zX9cV0bN1nM2qW3eR4tT5yU6iI7oO8pP9aS0dF1gG2hH3jJ4kK5lL6zZ7xX8cC9vV0bB1nN2mM3qW4eR5tT6yU7iI8oO9pP0aS1dF2gG3hH4jJ5kK6lL7zZ8xX9cC0vB1nN2mQ3wE4rR5tT6yY7uU8iI9oO0pP1aS2dF3gG4hH5jJ6kK7lL8zX9cV0bN1nM2qW3eR4tT5yU6iI7oO8pP9aS0dF1gG2hH3jJ4kK5lL6zZ7xX8cC9vV0bB1nN2mM3qW4eR5tT6yU7iI8oO9pP0aS1dF2gG3hH4jJ5kK6lL7zZ8xX9cC0vB1nN2mQ3wE4rR5tT6yY7uU8iI9oO0pP1aS2dF3gG4hH5jJ6kK7l4hH5jJ6kK7lL8zX9cV0bN1nM2qW3eR4tT5yU6iI7oO8pP9aS0dF1gG2hH3jJ4kK5lL6zZ7xX8cC9vV0bB1nN2mM3qW4eR5tT6yU7iI8oO9pP0aS1dF2gG3hH4jJ5kK6lL7zZ8xX9cC0vB1nN2mQ3wE4rR5tT6yY7uU8iI9oO0pP1aS2dF3gG4hH5jJ6kK7lL8zX9cV0bN1nM2qW3eR4tT5yU6iI7oO8pP9aS0dF1gG2hH3jJ4kK5lL6zZ7xX8cC9vV0bB1nN2mM3qW4eR5tT6yU7iI8oO9pP0aS1dF2gG3hH4jJ5kK6lL7zZ8xX9cC0vB1nN2mQ3wE4rR5tT6yY7uU8iI9oO0pP1aS2dF3gG4hH5jJ6kK7l4hH5jJ6kK7lL8zX9cV0bN1nM2qW3eR4tT5yU6iI7oO8pP9aS0dF1gG2hH3jJ4kK5lL6zZ7xX8cC9vV0bB1nN2mM3qW4eR5tT6yU7iI8oO9pP0aS1dF2gG3hH4jJ5kK6lL7zZ8xX9cC0vB1nN2mQ3wE4rR5tT6yY7uU8iI9oO0pP1aS2dF3gG4hH5jJ6kK7lL8zX9cV0bN1nM2qW3eR4tT5yU6iI7oO8pP9aS0dF1gG2hH3jJ4kK5lL6zZ7xX8cC9vV0bB1nN2mM3qW4eR5tT6yU7iI8oO9pP0aS1dF2gG3hH4jJ5kK6lL7zZ8xX9cC0vB1nN2mQ3wE4rR5tT6yY7uU8iI9oO0pP1aS2dF3gG4hH5jJ6kK7l4hH5jJ6kK7lL8zX9cV0bN1nM2qW3eR4tT5yU6iI7oO8pP9aS0dF1gG2hH3jJ4kK5lL6zZ7xX8cC9vV0bB1nN2mM3qW4eR5tT6yU7iI8oO9pP0aS1dF2gG3hH4jJ5kK6lL7zZ8xX9cC0vB1nN2mQ3wE4rR5tT6yY7uU8iI9oO0pP1aS2dF3gG4hH5jJ6kK7lL8zX9cV0bN1nM2qW3eR4tT5yU6iI7oO8pP9aS0dF1gG2hH3jJ4kK5lL6zZ7xX8cC9vV0bB1nN2mM3qW4eR5tT6yU7iI8oO9pP0aS1dF2gG3hH4jJ5kK6lL7zZ8xX9cC0vB1nN2mQ3wE4rR5tT6yY7uU8iI9oO0pP1aS2dF3gG4hH5jJ6kK7l4hH5jJ6kK7lL8zX9cV0bN1nM2qW3eR4tT5yU6iI7oO8pP9aS0dF1gG2hH3jJ4kK5lL6zZ7xX8cC9vV0bB1nN2mM3qW4eR5tT6yU7iI8oO9pP0aS1dF2gG3hH4jJ5kK6lL7zZ8xX9cC0vB1nN2mQ3wE4rR5tT6yY7uU8iI9oO0pP1aS2dF3gG4hH5jJ6kK7lL8zX9cV0bN1nM2qW3eR4tT5yU6iI7oO8pP9aS0dF1gG2hH3jJ4kK5lL6zZ7xX8cC9vV0bB1nN2mM3qW4eR5tT6yU7iI8oO9pP0aS1dF2gG3hH4jJ5kK6lL7zZ8xX9cC0vB1nN2mQ3wE4rR5tT6yY7uU8iI9oO0pP1aS2dF3gG4hH5jJ6kK7l4hH5jJ6kK7lL8zX9cV0bN1nM2qW3eR4tT5yU6iI7oO8pP9aS0dF1gG2hH3jJ4kK5lL6zZ7xX8cC9vV0bB1nN2mM3qW4eR5tT6yU7iI8oO9pP0aS1dF2gG3hH4jJ5kK6lL7zZ8xX9cC0vB1nN2mQ3wE4rR5tT6yY7uU8iI9oO0pP1aS2dF3gG4hH5jJ6kK7lL8zX9cV0bN1nM2qW3eR4tT5yU6iI7oO8pP9aS0dF1gG2hH3jJ4kK5lL6zZ7xX8cC9vV0bB1nN2mM3qW4eR5tT6yU7iI8oO9pP0aS1dF2gG3hH4jJ5kK6lL7zZ8xX9cC0vB1nN2mQ3wE4rR5tT6yY7uU8iI9oO0pP1aS2dF3gG4hH5jJ6kK7l4hH5jJ6kK7lL8zX9cV0bN1nM2qW3eR4tT5yU6iI7oO8pP9aS0dF1gG2hH3jJ4kK5lL6zZ7xX8cC9vV0bB1nN2mM3qW4eR5tT6yU7iI8oO9pP0aS1dF2gG3hH4jJ5kK6lL7zZ8xX9cC0vB1nN2mQ3wE4rR5tT6yY7uU8iI9oO0pP1aS2dF3gG4hH5jJ6kK7lL8zX9cV0bN1nM2qW3eR4tT5yU6iI7oO8pP9aS0dF1gG2hH3jJ4kK5lL6zZ7xX8cC9vV0bB1nN2mM3qW4eR5tT6yU7iI8oO9pP0aS1dF2gG3hH4jJ5kK6lL7zZ8xX9cC0vB1nN2mQ3wE4rR5tT6yY7uU8iI9oO0pP1aS2dF3gG4hH5jJ6kK7l4hH5jJ6kK7lL8zX9cV0bN1nM2qW3eR4tT5yU6iI7oO8pP9aS0dF1gG2hH3jJ4kK5lL6zZ7xX8cC9vV0bB1nN2mM3qW4eR5tT6yU7iI8oO9pP0aS1dF2gG3hH4jJ5kK6lL7zZ8xX9cC0vB1nN2mQ3wE4rR5tT6yY7uU8iI9oO0pP1aS2dF3gG4hH5jJ6kK7lL8zX9cV0bN1nM2qW3eR4tT5yU6iI7oO8pP9aS0dF1gG2hH3jJ4kK5lL6zZ7xX8cC9vV0bB1nN2mM3qW4eR5tT6yU7iI8oO9pP0aS1dF2gG3hH4jJ5kK6lL7zZ8xX9cC0vB1nN2mQ3wE4rR5tT6yY7uU8iI9oO0pP1aS2dF3gG4hH5jJ6kK7l4hH5jJ6kK7lL8zX9cV0bN1nM2qW3eR4tT5yU6iI7oO8pP9aS0dF1gG2hH3jJ4kK5lL6z7nB9vR2mX8kLp4QjW3tY5zH1aG6sF9dD0fS8gA7hJ6kL5mN4bV3vC2xZ1oP9iU8uY7tT6rR5eE4wW3qQ2aZ1sX2dC3fV4gB5hN6jM7kL8pO9iU0yT1rE2wQ3aS4dF5gG6hH7jJ8kK9lL0zZ1xX2cC3vV4bB5nN6mM7qQ8wW9eE0rR1tT2yY3uU4iI5oO6pP7aA8sS9dD0fF1gG2hH3jJ4kK5lL6zZ7xX8cC9vV0bB1nN2mM3qW4eR5tT6yU7iI8oO9pP0aS1dF2gG3hH4jJ5kK6lL7zZ8xX9cC0vB1nN2mQ3wE4rR5tT6yY7uU8iI9oO0pP1aS2dF3gG4hH5jJ6kK7lL8zX9cV0bN1nM2qW3eR4tT5yU6iI7oO8pP9aS0dF1gG2hH3jJ4kK5lL6zZ7xX8cC9vV0bB1nN2mM3qW4eR5tT6yU7iI8oO9pP0aS1dF2gG3hH4jJ5kK6lL7zZ8xX9cC0vB1nN2mQ3wE4rR5tT6yY7uU8iI9oO0pP1aS2dF3gG4hH5jJ6kK7lL8zX9cV0bN1nM2qW3eR4tT5yU6iI7oO8pP9aS0dF1gG2hH3jJ4kK5lL6zZ7xX8cC9vV0bB1nN2mM3qW4eR5tT6yU7iI8oO9pP0aS1dF2gG3hH4jJ5kK6lL7zZ8xX9cC0vB1nN2mQ3wE4rR5tT6yY7uU8iI9oO0pP1aS2dF3gG4hH5jJ6kK7lL8zX9cV0bN1nM2qW3eR4tT5yU6iI7oO8pP9aS0dF1gG2hH3jJ4kK5lL6zZ7xX8cC9vV0bB1nN2mM3qW4eR5tT6yU7iI8oO9pP0aS1dF2gG3hH4jJ5kK6lL7zZ8xX9cC0vB1nN2mQ3wE4rR5tT6yY7uU8iI9oO0pP1aS2dF3gG4hH5jJ6kK7lL8zX9cV0bN1nM2qW3eR4tT5yU6iI7oO8pP9aS0dF1gG2hH3jJ4kK5lL6zZ7xX8cC9vV0bB1nN2mM3qW4eR5tT6yU7iI8oO9pP0aS1dF2gG3hH4jJ5kK6lL7zZ8xX9cC0vB1nN2mQ3wE4rR5tT6yY7uU8iI9oO0pP1aS2dF3gG4hH5jJ6kK7l4hH5jJ6kK7lL8zX9cV0bN1nM2qW3eR4tT5yU6iI7oO8pP9aS0dF1gG2hH3jJ4kK5lL6zZ7xX8cC9vV0bB1nN2mM3qW4eR5tT6yU7iI8oO9pP0aS1dF2gG3hH4jJ5kK6lL7zZ8xX9cC0vB1nN2mQ3wE4rR5tT6yY7uU8iI9oO0pP1aS2dF3gG4hH5jJ6kK7lL8zX9cV0bN1nM2qW3eR4tT5yU6iI7oO8pP9aS0dF1gG2hH3jJ4kK5lL6zZ7xX8cC9vV0bB1nN2mM3qW4eR5tT6yU7iI8oO9pP0aS1dF2gG3hH4jJ5kK6lL7zZ8xX9cC0vB1nN2mQ3wE4rR5tT6yY7uU8iI9oO0pP1aS2dF3gG4hH5jJ6kK7l4hH5jJ6kK7lL8zX9cV0bN1nM2qW3eR4tT5yU6iI7oO8pP9aS0dF1gG2hH3jJ4kK5lL6zZ7xX8cC9vV0bB1nN2mM3qW4eR5tT6yU7iI8oO9pP0aS1dF2gG3hH4jJ5kK6lL7zZ8xX9cC0vB1nN2mQ3wE4rR5tT6yY7uU8iI9oO0pP1aS2dF3gG4hH5jJ6kK7lL8zX9cV0bN1nM2qW3eR4tT5yU6iI7oO8pP9aS0dF1gG2hH3jJ4kK5lL6zZ7xX8cC9vV0bB1nN2mM3qW4eR5tT6yU7iI8oO9pP0aS1dF2gG3hH4jJ5kK6lL7zZ8xX9cC0vB1nN2mQ3wE4rR5tT6yY7uU8iI9oO0pP1aS2dF3gG4hH5jJ6kK7l4hH5jJ6kK7lL8zX9cV0bN1nM2qW3eR4tT5yU6iI7oO8pP9aS0dF1gG2hH3jJ4kK5lL6zZ7xX8cC9vV0bB1nN2mM3qW4eR5tT6yU7iI8oO9pP0aS1dF2gG3hH4jJ5kK6lL7zZ8xX9cC0vB1nN2mQ3wE4rR5tT6yY7uU8iI9oO0pP1aS2dF3gG4hH5jJ6kK7lL8zX9cV0bN1nM2qW3eR4tT5yU6iI7oO8pP9aS0dF1gG2hH3jJ4kK5lL6zZ7xX8cC9vV0bB1nN2mM3qW4eR5tT6yU7iI8oO9pP0aS1dF2gG3hH4jJ5kK6lL7zZ8xX9cC0vB1nN2mQ3wE4rR5tT6yY7uU8iI9oO0pP1aS2dF3gG4hH5jJ6kK7l4hH5jJ6kK7lL8zX9cV0bN1nM2qW3eR4tT5yU6iI7oO8pP9aS0dF1gG2hH3jJ4kK5lL6zZ7xX8cC9vV0bB1nN2mM3qW4eR5tT6yU7iI8oO9pP0aS1dF2gG3hH4jJ5kK6lL7zZ8xX9cC0vB1nN2mQ3wE4rR5tT6yY7uU8iI9oO0pP1aS2dF3gG4hH5jJ6kK7lL8zX9cV0bN1nM2qW3eR4tT5yU6iI7oO8pP9aS0dF1gG2hH3jJ4kK5lL6zZ7xX8cC9vV0bB1nN2mM3qW4eR5tT6yU7iI8oO9pP0aS1dF2gG3hH4jJ5kK6lL7zZ8xX9cC0vB1nN2mQ3wE4rR5tT6yY7uU8iI9oO0pP1aS2dF3gG4hH5jJ6kK7l4hH5jJ6kK7lL8zX9cV0bN1nM2qW3eR4tT5yU6iI7oO8pP9aS0dF1gG2hH3jJ4kK5lL6zZ7xX8cC9vV0bB1nN2mM3qW4eR5tT6yU7iI8oO9pP0aS1dF2gG3hH4jJ5kK6lL7zZ8xX9cC0vB1nN2mQ3wE4rR5tT6yY7uU8iI9oO0pP1aS2dF3gG4hH5jJ6kK7lL8zX9cV0bN1nM2qW3eR4tT5yU6iI7oO8pP9aS0dF1gG2hH3jJ4kK5lL6zZ7xX8cC9vV0bB1nN2mM3qW4eR5tT6yU7iI8oO9pP0aS1dF2gG3hH4jJ5kK6lL7zZ8xX9cC0vB1nN2mQ3wE4rR5tT6yY7uU8iI9oO0pP1aS2dF3gG4hH5jJ6kK7l4hH5jJ6kK7lL8zX9cV0bN1nM2qW3eR4tT5yU6iI7oO8pP9aS0dF1gG2hH3jJ4kK5lL6zZ7xX8cC9vV0bB1nN2mM3qW4eR5tT6yU7iI8oO9pP0aS1dF2gG3hH4jJ5kK6lL7zZ8xX9cC0vB1nN2mQ3wE4rR5tT6yY7uU8iI9oO0pP1aS2dF3gG4hH5jJ6kK7lL8zX9cV0bN1nM2qW3eR4tT5yU6iI7oO8pP9aS0dF1gG2hH3jJ4kK5lL6zZ7xX8cC9vV0bB1nN2mM3qW4eR5tT6yU7iI8oO9pP0aS1dF2gG3hH4jJ5kK6lL7zZ8xX9cC0vB1nN2mQ3wE4rR5tT6yY7uU8iI9oO0pP1aS2dF3gG4hH5jJ6kK7l4hH5jJ6kK7lL8zX9cV0bN1nM2qW3eR4tT5yU6iI7oO8pP9aS0dF1gG2hH3jJ4kK5lL6zZ7xX8cC9vV0bB1nN2mM3qW4eR5tT6yU7iI8oO9pP0aS1dF2gG3hH4jJ5kK6lL7zZ8xX9cC0vB1nN2mQ3wE4rR5tT6yY7uU8iI9oO0pP1aS2dF3gG4hH5jJ6kK7lL8zX9cV0bN1nM2qW3eR4tT5yU6iI7oO8pP9aS0dF1gG2hH3jJ4kK5lL6zZ7xX8cC9vV0bB1nN2mM3qW4eR5tT6yU7iI8oO9pP0aS1dF2gG3hH4jJ5kK6lL7zZ8xX9cC0vB1nN2mQ3wE4rR5tT6yY7uU8iI9oO0pP1aS2dF3gG4hH5jJ6kK7l4hH5jJ6kK7lL8zX9cV0bN1nM2qW3eR4tT5yU6iI7oO8pP9aS0dF1gG2hH3jJ4kK5lL6z7nB9vR2mX8kLp4QjW3tY5zH1aG6sF9dD0fS8gA7hJ6kL5mN4bV3vC2xZ1oP9iU8uY7tT6rR5eE4wW3qQ2aZ1sX2dC3fV4gB5hN6jM7kL8pO9iU0yT1rE2wQ3aS4dF5gG6hH7jJ8kK9lL0zZ1xX2cC3vV4bB5nN6mM7qQ8wW9eE0rR1tT2yY3uU4iI5oO6pP7aA8sS9dD0fF1gG2hH3jJ4kK5lL6zZ7xX8cC9vV0bB1nN2mM3qW4eR5tT6yU7iI8oO9pP0aS1dF2gG3hH4jJ5kK6lL7zZ8xX9cC0vB1nN2mQ3wE4rR5tT6yY7uU8iI9oO0pP1aS2dF3gG4hH5jJ6kK7lL8zX9cV0bN1nM2qW3eR4tT5yU6iI7oO8pP9aS0dF1gG2hH3jJ4kK5lL6zZ7xX8cC9vV0bB1nN2mM3qW4eR5tT6yU7iI8oO9pP0aS1dF2gG3hH4jJ5kK6lL7zZ8xX9cC0vB1nN2mQ3wE4rR5tT6yY7uU8iI9oO0pP1aS2dF3gG4hH5jJ6kK7lL8zX9cV0bN1nM2qW3eR4tT5yU6iI7oO8pP9aS0dF1gG2hH3jJ4kK5lL6zZ7xX8cC9vV0bB1nN2mM3qW4eR5tT6yU7iI8oO9pP0aS1dF2gG3hH4jJ5kK6lL7zZ8xX9cC0vB1nN2mQ3wE4rR5tT6yY7uU8iI9oO0pP1aS2dF3gG4hH5jJ6kK7lL8zX9cV0bN1nM2qW3eR4tT5yU6iI7oO8pP9aS0dF1gG2hH3jJ4kK5lL6zZ7xX8cC9vV0bB1nN2mM3qW4eR5tT6yU7iI8oO9pP0aS1dF2gG3hH4jJ5kK6lL7zZ8xX9cC0vB1nN2mQ3wE4rR5tT6yY7uU8iI9oO0pP1aS2dF3gG4hH5jJ6kK7lL8zX9cV0bN1nM2qW3eR4tT5yU6iI7oO8pP9aS0dF1gG2hH3jJ4kK5lL6zZ7xX8cC9vV0bB1nN2mM3qW4eR5tT6yU7iI8oO9pP0aS1dF2gG3hH4jJ5kK6lL7zZ8xX9cC0vB1nN2mQ3wE4rR5tT6yY7uU8iI9oO0pP1aS2dF3gG4hH5jJ6kK7l4hH5jJ6kK7lL8zX9cV0bN1nM2qW3eR4tT5yU6iI7oO8pP9aS0dF1gG2hH3jJ4kK5lL6zZ7xX8cC9vV0bB1nN2mM3qW4eR5tT6yU7iI8oO9pP0aS1dF2gG3hH4jJ5kK6lL7zZ8xX9cC0vB1nN2mQ3wE4rR5tT6yY7uU8iI9oO0pP1aS2dF3gG4hH5jJ6kK7lL8zX9cV0bN1nM2qW3eR4tT5yU6iI7oO8pP9aS0dF1gG2hH3jJ4kK5lL6zZ7xX8cC9vV0bB1nN2mM3qW4eR5tT6yU7iI8oO9pP0aS1dF2gG3hH4jJ5kK6lL7zZ8xX9cC0vB1nN2mQ3wE4rR5tT6yY7uU8iI9oO0pP1aS2dF3gG4hH5jJ6kK7l4hH5jJ6kK7lL8zX9cV0bN1nM2qW3eR4tT5yU6iI7oO8pP9aS0dF1gG2hH3jJ4kK5lL6zZ7xX8cC9vV0bB1nN2mM3qW4eR5tT6yU7iI8oO9pP0aS1dF2gG3hH4jJ5kK6lL7zZ8xX9cC0vB1nN2mQ3wE4rR5tT6yY7uU8iI9oO0pP1aS2dF3gG4hH5jJ6kK7lL8zX9cV0bN1nM2qW3eR4tT5yU6iI7oO8pP9aS0dF1gG2hH3jJ4kK5lL6zZ7xX8cC9vV0bB1nN2mM3qW4eR5tT6yU7iI8oO9pP0aS1dF2gG3hH4jJ5kK6lL7zZ8xX9cC0vB1nN2mQ3wE4rR5tT6yY7uU8iI9oO0pP1aS2dF3gG4hH5jJ6kK7l4hH5jJ6kK7lL8zX9cV0bN1nM2qW3eR4tT5yU6iI7oO8pP9aS0dF1gG2hH3jJ4kK5lL6zZ7xX8cC9vV0bB1nN2mM3qW4eR5tT6yU7iI8oO9pP0aS1dF2gG3hH4jJ5kK6lL7zZ8xX9cC0vB1nN2mQ3wE4rR5tT6yY7uU8iI9oO0pP1aS2dF3gG4hH5jJ6kK7lL8zX9cV0bN1nM2qW3eR4tT5yU6iI7oO8pP9aS0dF1gG2hH3jJ4kK5lL6zZ7xX8cC9vV0bB1nN2mM3qW4eR5tT6yU7iI8oO9pP0aS1dF2gG3hH4jJ5kK6lL7zZ8xX9cC0vB1nN2mQ3wE4rR5tT6yY7uU8iI9oO0pP1aS2dF3gG4hH5jJ6kK7l4hH5jJ6kK7lL8zX9cV0bN1nM2qW3eR4tT5yU6iI7oO8pP9aS0dF1gG2hH3jJ4kK5lL6zZ7xX8cC9vV0bB1nN2mM3qW4eR5tT6yU7iI8oO9pP0aS1dF2gG3hH4jJ5kK6lL7zZ8xX9cC0vB1nN2mQ3wE4rR5tT6yY7uU8iI9oO0pP1aS2dF3gG4hH5jJ6kK7lL8zX9cV0bN1nM2qW3eR4tT5yU6iI7oO8pP9aS0dF1gG2hH3jJ4kK5lL6zZ7xX8cC9vV0bB1nN2mM3qW4eR5tT6yU7iI8oO9pP0aS1dF2gG3hH4jJ5kK6lL7zZ8xX9cC0vB1nN2mQ3wE4rR5tT6yY7uU8iI9oO0pP1aS2dF3gG4hH5jJ6kK7l4hH5jJ6kK7lL8zX9cV0bN1nM2qW3eR4tT5yU6iI7oO8pP9aS0dF1gG2hH3jJ4kK5lL6zZ7xX8cC9vV0bB1nN2mM3qW4eR5tT6yU7iI8oO9pP0aS1dF2gG3hH4jJ5kK6lL7zZ8xX9cC0vB1nN2mQ3wE4rR5tT6yY7uU8iI9oO0pP1aS2dF3gG4hH5jJ6kK7lL8zX9cV0bN1nM2qW3eR4tT5yU6iI7oO8pP9aS0dF1gG2hH3jJ4kK5lL6zZ7xX8cC9vV0bB1nN2mM3qW4eR5tT6yU7iI8oO9pP0aS1dF2gG3hH4jJ5kK6lL7zZ8xX9cC0vB1nN2mQ3wE4rR5tT6yY7uU8iI9oO0pP1aS2dF3gG4hH5jJ6kK7l4hH5jJ6kK7lL8zX9cV0bN1nM2qW3eR4tT5yU6iI7oO8pP9aS0dF1gG2hH3jJ4kK5lL6zZ7xX8cC9vV0bB1nN2mM3qW4eR5tT6yU7iI8oO9pP0aS1dF2gG3hH4jJ5kK6lL7zZ8xX9cC0vB1nN2mQ3wE4rR5tT6yY7uU8iI9oO0pP1aS2dF3gG4hH5jJ6kK7lL8zX9cV0bN1nM2qW3eR4tT5yU6iI7oO8pP9aS0dF1gG2hH3jJ4kK5lL6zZ7xX8cC9vV0bB1nN2mM3qW4eR5tT6yU7iI8oO9pP0aS1dF2gG3hH4jJ5kK6lL7zZ8xX9cC0vB1nN2mQ3wE4rR5tT6yY7uU8iI9oO0pP1aS2dF3gG4hH5jJ6kK7l4hH5jJ6kK7lL8zX9cV0bN1nM2qW3eR4tT5yU6iI7oO8pP9aS0dF1gG2hH3jJ4kK5lL6zZ7xX8cC9vV0bB1nN2mM3qW4eR5tT6yU7iI8oO9pP0aS1dF2gG3hH4jJ5kK6lL7zZ8xX9cC0vB1nN2mQ3wE4rR5tT6yY7uU8iI9oO0pP1aS2dF3gG4hH5jJ6kK7lL8zX9cV0bN1nM2qW3eR4tT5yU6iI7oO8pP9aS0dF1gG2hH3jJ4kK5lL6zZ7xX8cC9vV0bB1nN2mM3qW4eR5tT6yU7iI8oO9pP0aS1dF2gG3hH4jJ5kK6lL7zZ8xX9cC0vB1nN2mQ3wE4rR5tT6yY7uU8iI9oO0pP1aS2dF3gG4hH5jJ6kK7l4hH5jJ6kK7lL8zX9cV0bN1nM2qW3eR4tT5yU6iI7oO8pP9aS0dF1gG2hH3jJ4kK5lL6z7nB9vR2mX8kLp4QjW3tY5zH1aG6sF9dD0fS8gA7hJ6kL5mN4bV3vC2xZ1oP9iU8uY7tT6rR5eE4wW3qQ2aZ1sX2dC3fV4gB5hN6jM7kL8pO9iU0yT1rE2wQ3aS4dF5gG6hH7jJ8kK9lL0zZ1xX2cC3vV4bB5nN6mM7qQ8wW9eE0rR1tT2yY3uU4iI5oO6pP7aA8sS9dD0fF1gG2hH3jJ4kK5lL6zZ7xX8cC9vV0bB1nN2mM3qW4eR5tT6yU7iI8oO9pP0aS1dF2gG3hH4jJ5kK6lL7zZ8xX9cC0vB1nN2mQ3wE4rR5tT6yY7uU8iI9oO0pP1aS2dF3gG4hH5jJ6kK7lL8zX9cV0bN1nM2qW3eR4tT5yU6iI7oO8pP9aS0dF1gG2hH3jJ4kK5lL6zZ7xX8cC9vV0bB1nN2mM3qW4eR5tT6yU7iI8oO9pP0aS1dF2gG3hH4jJ5kK6lL7zZ8xX9cC0vB1nN2mQ3wE4rR5tT6yY7uU8iI9oO0pP1aS2dF3gG4hH5jJ6kK7lL8zX9cV0bN1nM2qW3eR4tT5yU6iI7oO8pP9aS0dF1gG2hH3jJ4kK5lL6zZ7xX8cC9vV0bB1nN2mM3qW4eR5tT6yU7iI8oO9pP0aS1dF2gG3hH4jJ5kK6lL7zZ8xX9cC0vB1nN2mQ3wE4rR5tT6yY7uU8iI9oO0pP1aS2dF3gG4hH5jJ6kK7lL8zX9cV0bN1nM2qW3eR4tT5yU6iI7oO8pP9aS0dF1gG2hH3jJ4kK5lL6zZ7xX8cC9vV0bB1nN2mM3qW4eR5tT6yU7iI8oO9pP0aS1dF2gG3hH4jJ5kK6lL7zZ8xX9cC0vB1nN2mQ3wE4rR5tT6yY7uU8iI9oO0pP1aS2dF3gG4hH5jJ6kK7lL8zX9cV0bN1nM2qW3eR4tT5yU6iI7oO8pP9aS0dF1gG2hH3jJ4kK5lL6zZ7xX8cC9vV0bB1nN2mM3qW4eR5tT6yU7iI8oO9pP0aS1dF2gG3hH4jJ5kK6lL7zZ8xX9cC0vB1nN2mQ3wE4rR5tT6yY7uU8iI9oO0pP1aS2dF3gG4hH5jJ6kK7l4hH5jJ6kK7lL8zX9cV0bN1nM2qW3eR4tT5yU6iI7oO8pP9aS0dF1gG2hH3jJ4kK5lL6zZ7xX8cC9vV0bB1nN2mM3qW4eR5tT6yU7iI8oO9pP0aS1dF2gG3hH4jJ5kK6lL7zZ8xX9cC0vB1nN2mQ3wE4rR5tT6yY7uU8iI9oO0pP1aS2dF3gG4hH5jJ6kK7lL8zX9cV0bN1nM2qW3eR4tT5yU6iI7oO8pP9aS0dF1gG2hH3jJ4kK5lL6zZ7xX8cC9vV0bB1nN2mM3qW4eR5tT6yU7iI8oO9pP0aS1dF2gG3hH4jJ5kK6lL7zZ8xX9cC0vB1nN2mQ3wE4rR5tT6yY7uU8iI9oO0pP1aS2dF3gG4hH5jJ6kK7l4hH5jJ6kK7lL8zX9cV0bN1nM2qW3eR4tT5yU6iI7oO8pP9aS0dF1gG2hH3jJ4kK5lL6zZ7xX8cC9vV0bB1nN2mM3qW4eR5tT6yU7iI8oO9pP0aS1dF2gG3hH4jJ5kK6lL7zZ8xX9cC0vB1nN2mQ3wE4rR5tT6yY7uU8iI9oO0pP1aS2dF3gG4hH5jJ6kK7lL8zX9cV0bN1nM2qW3eR4tT5yU6iI7oO8pP9aS0dF1gG2hH3jJ4kK5lL6zZ7xX8cC9vV0bB1nN2mM3qW4eR5tT6yU7iI8oO9pP0aS1dF2gG3hH4jJ5kK6lL7zZ8xX9cC0vB1nN2mQ3wE4rR5tT6yY7uU8iI9oO0pP1aS2dF3gG4hH5jJ6kK7l4hH5jJ6kK7lL8zX9cV0bN1nM2qW3eR4tT5yU6iI7oO8pP9aS0dF1gG2hH3jJ4kK5lL6zZ7xX8cC9vV0bB1nN2mM3qW4eR5tT6yU7iI8oO9pP0aS1dF2gG3hH4jJ5kK6lL7zZ8xX9cC0vB1nN2mQ3wE4rR5tT6yY7uU8iI9oO0pP1aS2dF3gG4hH5jJ6kK7lL8zX9cV0bN1nM2qW3eR4tT5yU6iI7oO8pP9aS0dF1gG2hH3jJ4kK5lL6zZ7xX8cC9vV0bB1nN2mM3qW4eR5tT6yU7iI8oO9pP0aS1dF2gG3hH4jJ5kK6lL7zZ8xX9cC0vB1nN2mQ3wE4rR5tT6yY7uU8iI9oO0pP1aS2dF3gG4hH5jJ6kK7l4hH5jJ6kK7lL8zX9cV0bN1nM2qW3eR4tT5yU6iI7oO8pP9aS0dF1gG2hH3jJ4kK5lL6zZ7xX8cC9vV0bB1nN2mM3qW4eR5tT6yU7iI8oO9pP0aS1dF2gG3hH4jJ5kK6lL7zZ8xX9cC0vB1nN2mQ3wE4rR5tT6yY7uU8iI9oO0pP1aS2dF3gG4hH5jJ6kK7lL8zX9cV0bN1nM2qW3eR4tT5yU6iI7oO8pP9aS0dF1gG2hH3jJ4kK5lL6zZ7xX8cC9vV0bB1nN2mM3qW4eR5tT6yU7iI8oO9pP0aS1dF2gG3hH4jJ5kK6lL7zZ8xX9cC0vB1nN2mQ3wE4rR5tT6yY7uU8iI9oO0pP1aS2dF3gG4hH5jJ6kK7l4hH5jJ6kK7lL8zX9cV0bN1nM2qW3eR4tT5yU6iI7oO8pP9aS0dF1gG2hH3jJ4kK5lL6zZ7xX8cC9vV0bB1nN2mM3qW4eR5tT6yU7iI8oO9pP0aS1dF2gG3hH4jJ5kK6lL7zZ8xX9cC0vB1nN2mQ3wE4rR5tT6yY7uU8iI9oO0pP1aS2dF3gG4hH5jJ6kK7lL8zX9cV0bN1nM2qW3eR4tT5yU6iI7oO8pP9aS0dF1gG2hH3jJ4kK5lL6zZ7xX8cC9vV0bB1nN2mM3qW4eR5tT6yU7iI8oO9pP0aS1dF2gG3hH4jJ5kK6lL7zZ8xX9cC0vB1nN2mQ3wE4rR5tT6yY7uU8iI9oO0pP1aS2dF3gG4hH5jJ6kK7l4hH5jJ6kK7lL8zX9cV0bN1nM2qW3eR4tT5yU6iI7oO8pP9aS0dF1gG2hH3jJ4kK5lL6zZ7xX8cC9vV0bB1nN2mM3qW4eR5tT6yU7iI8oO9pP0aS1dF2gG3hH4jJ5kK6lL7zZ8xX9cC0vB1nN2mQ3wE4rR5tT6yY7uU8iI9oO0pP1aS2dF3gG4hH5jJ6kK7lL8zX9cV0bN1nM2qW3eR4tT5yU6iI7oO8pP9aS0dF1gG2hH3jJ4kK5lL6zZ7xX8cC9vV0bB1nN2mM3qW4eR5tT6yU7iI8oO9pP0aS1dF2gG3hH4jJ5kK6lL7zZ8xX9cC0vB1nN2mQ3wE4rR5tT6yY7uU8iI9oO0pP1aS2dF3gG4hH5jJ6kK7l4hH5jJ6kK7lL8zX9cV0bN1nM2qW3eR4tT5yU6iI7oO8pP9aS0dF1gG2hH3jJ4kK5lL6zZ7xX8cC9vV0bB1nN2mM3qW4eR5tT6yU7iI8oO9pP0aS1dF2gG3hH4jJ5kK6lL7zZ8xX9cC0vB1nN2mQ3wE4rR5tT6yY7uU8iI9oO0pP1aS2dF3gG4hH5jJ6kK7lL8zX9cV0bN1nM2qW3eR4tT5yU6iI7oO8pP9aS0dF1gG2hH3jJ4kK5lL6zZ7xX8cC9vV0bB1nN2mM3qW4eR5tT6yU7iI8oO9pP0aS1dF2gG3hH4jJ5kK6lL7zZ8xX9cC0vB1nN2mQ3wE4rR5tT6yY7uU8iI9oO0pP1aS2dF3gG4hH5jJ6kK7l4hH5jJ6kK7lL8zX9cV0bN1nM2qW3eR4tT5yU6iI7oO8pP9aS0dF1gG2hH3jJ4kK5lL6z7nB9vR2mX8kLp4QjW3tY5zH1aG6sF9dD0fS8gA7hJ6kL5mN4bV3vC2xZ1oP9iU8uY7tT6rR5eE4wW3qQ2aZ1sX2dC3fV4gB5hN6jM7kL8pO9iU0yT1rE2wQ3aS4dF5gG6hH7jJ8kK9lL0zZ1xX2cC3vV4bB5nN6mM7qQ8wW9eE0rR1tT2yY3uU4iI5oO6pP7aA8sS9dD0fF1gG2hH3jJ4kK5lL6zZ7xX8cC9vV0bB1nN2mM3qW4eR5tT6yU7iI8oO9pP0aS1dF2gG3hH4jJ5kK6lL7zZ8xX9cC0vB1nN2mQ3wE4rR5tT6yY7uU8iI9oO0pP1aS2dF3gG4hH5jJ6kK7lL8zX9cV0bN1nM2qW3eR4tT5yU6iI7oO8pP9aS0dF1gG2hH3jJ4kK5lL6zZ7xX8cC9vV0bB1nN2mM3qW4eR5tT6yU7iI8oO9pP0aS1dF2gG3hH4jJ5kK6lL7zZ8xX9cC0vB1nN2mQ3wE4rR5tT6yY7uU8iI9oO0pP1aS2dF3gG4hH5jJ6kK7lL8zX9cV0bN1nM2qW3eR4tT5yU6iI7oO8pP9aS0dF1gG2hH3jJ4kK5lL6zZ7xX8cC9vV0bB1nN2mM3qW4eR5tT6yU7iI8oO9pP0aS1dF2gG3hH4jJ5kK6lL7zZ8xX9cC0vB1nN2mQ3wE4rR5tT6yY7uU8iI9oO0pP1aS2dF3gG4hH5jJ6kK7lL8zX9cV0bN1nM2qW3eR4tT5yU6iI7oO8pP9aS0dF1gG2hH3jJ4kK5lL6zZ7xX8cC9vV0bB1nN2mM3qW4eR5tT6yU7iI8oO9pP0aS1dF2gG3hH4jJ5kK6lL7zZ8xX9cC0vB1nN2mQ3wE4rR5tT6yY7uU8iI9oO0pP1aS2dF3gG4hH5jJ6kK7lL8zX9cV0bN1nM2qW3eR4tT5yU6iI7oO8pP9aS0dF1gG2hH3jJ4kK5lL6zZ7xX8cC9vV0bB1nN2mM3qW4eR5tT6yU7iI8oO9pP0aS1dF2gG3hH4jJ5kK6lL7zZ8xX9cC0vB1nN2mQ3wE4rR5tT6yY7uU8iI9oO0pP1aS2dF3gG4hH5jJ6kK7l4hH5jJ6kK7lL8zX9cV0bN1nM2qW3eR4tT5yU6iI7oO8pP9aS0dF1gG2hH3jJ4kK5lL6zZ7xX8cC9vV0bB1nN2mM3qW4eR5tT6yU7iI8oO9pP0aS1dF2gG3hH4jJ5kK6lL7zZ8xX9cC0vB1nN2mQ3wE4rR5tT6yY7uU8iI9oO0pP1aS2dF3gG4hH5jJ6kK7lL8zX9cV0bN1nM2qW3eR4tT5yU6iI7oO8pP9aS0dF1gG2hH3jJ4kK5lL6zZ7xX8cC9vV0bB1nN2mM3qW4eR5tT6yU7iI8oO9pP0aS1dF2gG3hH4jJ5kK6lL7zZ8xX9cC0vB1nN2mQ3wE4rR5tT6yY7uU8iI9oO0pP1aS2dF3gG4hH5jJ6kK7l4hH5jJ6kK7lL8zX9cV0bN1nM2qW3eR4tT5yU6iI7oO8pP9aS0dF1gG2hH3jJ4kK5lL6zZ7xX8cC9vV0bB1nN2mM3qW4eR5tT6yU7iI8oO9pP0aS1dF2gG3hH4jJ5kK6lL7zZ8xX9cC0vB1nN2mQ3wE4rR5tT6yY7uU8iI9oO0pP1aS2dF3gG4hH5jJ6kK7lL8zX9cV0bN1nM2qW3eR4tT5yU6iI7oO8pP9aS0dF1gG2hH3jJ4kK5lL6zZ7xX8cC9vV0bB1nN2mM3qW4eR5tT6yU7iI8oO9pP0aS1dF2gG3hH4jJ5kK6lL7zZ8xX9cC0vB1nN2mQ3wE4rR5tT6yY7uU8iI9oO0pP1aS2dF3gG4hH5jJ6kK7l4hH5jJ6kK7lL8zX9cV0bN1nM2qW3eR4tT5yU6iI7oO8pP9aS0dF1gG2hH3jJ4kK5lL6zZ7xX8cC9vV0bB1nN2mM3qW4eR5tT6yU7iI8oO9pP0aS1dF2gG3hH4jJ5kK6lL7zZ8xX9cC0vB1nN2mQ3wE4rR5tT6yY7uU8iI9oO0pP1aS2dF3gG4hH5jJ6kK7lL8zX9cV0bN1nM2qW3eR4tT5yU6iI7oO8pP9aS0dF1gG2hH3jJ4kK5lL6zZ7xX8cC9vV0bB1nN2mM3qW4eR5tT6yU7iI8oO9pP0aS1dF2gG3hH4jJ5kK6lL7zZ8xX9cC0vB1nN2mQ3wE4rR5tT6yY7uU8iI9oO0pP1aS2dF3gG4hH5jJ6kK7l4hH5jJ6kK7lL8zX9cV0bN1nM2qW3eR4tT5yU6iI7oO8pP9aS0dF1gG2hH3jJ4kK5lL6zZ7xX8cC9vV0bB1nN2mM3qW4eR5tT6yU7iI8oO9pP0aS1dF2gG3hH4jJ5kK6lL7zZ8xX9cC0vB1nN2mQ3wE4rR5tT6yY7uU8iI9oO0pP1aS2dF3gG4hH5jJ6kK7lL8zX9cV0bN1nM2qW3eR4tT5yU6iI7oO8pP9aS0dF1gG2hH3jJ4kK5lL6zZ7xX8cC9vV0bB1nN2mM3qW4eR5tT6yU7iI8oO9pP0aS1dF2gG3hH4jJ5kK6lL7zZ8xX9cC0vB1nN2mQ3wE4rR5tT6yY7uU8iI9oO0pP1aS2dF3gG4hH5jJ6kK7l4hH5jJ6kK7lL8zX9cV0bN1nM2qW3eR4tT5yU6iI7oO8pP9aS0dF1gG2hH3jJ4kK5lL6zZ7xX8cC9vV0bB1nN2mM3qW4eR5tT6yU7iI8oO9pP0aS1dF2gG3hH4jJ5kK6lL7zZ8xX9cC0vB1nN2mQ3wE4rR5tT6yY7uU8iI9oO0pP1aS2dF3gG4hH5jJ6kK7lL8zX9cV0bN1nM2qW3eR4tT5yU6iI7oO8pP9aS0dF1gG2hH3jJ4kK5lL6zZ7xX8cC9vV0bB1nN2mM3qW4eR5tT6yU7iI8oO9pP0aS1dF2gG3hH4jJ5kK6lL7zZ8xX9cC0vB1nN2mQ3wE4rR5tT6yY7uU8iI9oO0pP1aS2dF3gG4hH5jJ6kK7l4hH5jJ6kK7lL8zX9cV0bN1nM2qW3eR4tT5yU6iI7oO8pP9aS0dF1gG2hH3jJ4kK5lL6zZ7xX8cC9vV0bB1nN2mM3qW4eR5tT6yU7iI8oO9pP0aS1dF2gG3hH4jJ5kK6lL7zZ8xX9cC0vB1nN2mQ3wE4rR5tT6yY7uU8iI9oO0pP1aS2dF3gG4hH5jJ6kK7lL8zX9cV0bN1nM2qW3eR4tT5yU6iI7oO8pP9aS0dF1gG2hH3jJ4kK5lL6zZ7xX8cC9vV0bB1nN2mM3qW4eR5tT6yU7iI8oO9pP0aS1dF2gG3hH4jJ5kK6lL7zZ8xX9cC0vB1nN2mQ3wE4rR5tT6yY7uU8iI9oO0pP1aS2dF3gG4hH5jJ6kK7l4hH5jJ6kK7lL8zX9cV0bN1nM2qW3eR4tT5yU6iI7oO8pP9aS0dF1gG2hH3jJ4kK5lL6zZ7xX8cC9vV0bB1nN2mM3qW4eR5tT6yU7iI8oO9pP0aS1dF2gG3hH4jJ5kK6lL7zZ8xX9cC0vB1nN2mQ3wE4rR5tT6yY7uU8iI9oO0pP1aS2dF3gG4hH5jJ6kK7lL8zX9cV0bN1nM2qW3eR4tT5yU6iI7oO8pP9aS0dF1gG2hH3jJ4kK5lL6zZ7xX8cC9vV0bB1nN2mM3qW4eR5tT6yU7iI8oO9pP0aS1dF2gG3hH4jJ5kK6lL7zZ8xX9cC0vB1nN2mQ3wE4rR5tT6yY7uU8iI9oO0pP1aS2dF3gG4hH5jJ6kK7l4hH5jJ6kK7lL8zX9cV0bN1nM2qW3eR4tT5yU6iI7oO8pP9aS0dF1gG2hH3jJ4kK5lL6z7nB9vR2mX8kLp4QjW3tY5zH1aG6sF9dD0fS8gA7hJ6kL5mN4bV3vC2xZ1oP9iU8uY7tT6rR5eE4wW3qQ2aZ1sX2dC3fV4gB5hN6jM7kL8pO9iU0yT1rE2wQ3aS4dF5gG6hH7jJ8kK9lL0zZ1xX2cC3vV4bB5nN6mM7qQ8wW9eE0rR1tT2yY3uU4iI5oO6pP7aA8sS9dD0fF1gG2hH3jJ4kK5lL6zZ7xX8cC9vV0bB1nN2mM3qW4eR5tT6yU7iI8oO9pP0aS1dF2gG3hH4jJ5kK6lL7zZ8xX9cC0vB1nN2mQ3wE4rR5tT6yY7uU8iI9oO0pP1aS2dF3gG4hH5jJ6kK7lL8zX9cV0bN1nM2qW3eR4tT5yU6iI7oO8pP9aS0dF1gG2hH3jJ4kK5lL6zZ7xX8cC9vV0bB1nN2mM3qW4eR5tT6yU7iI8oO9pP0aS1dF2gG3hH4jJ5kK6lL7zZ8xX9cC0vB1nN2mQ3wE4rR5tT6yY7uU8iI9oO0pP1aS2dF3gG4hH5jJ6kK7lL8zX9cV0bN1nM2qW3eR4tT5yU6iI7oO8pP9aS0dF1gG2hH3jJ4kK5lL6zZ7xX8cC9vV0bB1nN2mM3qW4eR5tT6yU7iI8oO9pP0aS1dF2gG3hH4jJ5kK6lL7zZ8xX9cC0vB1nN2mQ3wE4rR5tT6yY7uU8iI9oO0pP1aS2dF3gG4hH5jJ6kK7lL8zX9cV0bN1nM2qW3eR4tT5yU6iI7oO8pP9aS0dF1gG2hH3jJ4kK5lL6zZ7xX8cC9vV0bB1nN2mM3qW4eR5tT6yU7iI8oO9pP0aS1dF2gG3hH4jJ5kK6lL7zZ8xX9cC0vB1nN2mQ3wE4rR5tT6yY7uU8iI9oO0pP1aS2dF3gG4hH5jJ6kK7lL8zX9cV0bN1nM2qW3eR4tT5yU6iI7oO8pP9aS0dF1gG2hH3jJ4kK5lL6zZ7xX8cC9vV0bB1nN2mM3qW4eR5tT6yU7iI8oO9pP0aS1dF2gG3hH4jJ5kK6lL7zZ8xX9cC0vB1nN2mQ3wE4rR5tT6yY7uU8iI9oO0pP1aS2dF3gG4hH5jJ6kK7l4hH5jJ6kK7lL8zX9cV0bN1nM2qW3eR4tT5yU6iI7oO8pP9aS0dF1gG2hH3jJ4kK5lL6zZ7xX8cC9vV0bB1nN2mM3qW4eR5tT6yU7iI8oO9pP0aS1dF2gG3hH4jJ5kK6lL7zZ8xX9cC0vB1nN2mQ3wE4rR5tT6yY7uU8iI9oO0pP1aS2dF3gG4hH5jJ6kK7lL8zX9cV0bN1nM2qW3eR4tT5yU6iI7oO8pP9aS0dF1gG2hH3jJ4kK5lL6zZ7xX8cC9vV0bB1nN2mM3qW4eR5tT6yU7iI8oO9pP0aS1dF2gG3hH4jJ5kK6lL7zZ8xX9cC0vB1nN2mQ3wE4rR5tT6yY7uU8iI9oO0pP1aS2dF3gG4hH5jJ6kK7l4hH5jJ6kK7lL8zX9cV0bN1nM2qW3eR4tT5yU6iI7oO8pP9aS0dF1gG2hH3jJ4kK5lL6zZ7xX8cC9vV0bB1nN2mM3qW4eR5tT6yU7iI8oO9pP0aS1dF2gG3hH4jJ5kK6lL7zZ8xX9cC0vB1nN2mQ3wE4rR5tT6yY7uU8iI9oO0pP1aS2dF3gG4hH5jJ6kK7lL8zX9cV0bN1nM2qW3eR4tT5yU6iI7oO8pP9aS0dF1gG2hH3jJ4kK5lL6zZ7xX8cC9vV0bB1nN2mM3qW4eR5tT6yU7iI8oO9pP0aS1dF2gG3hH4jJ5kK6lL7zZ8xX9cC0vB1nN2mQ3wE4rR5tT6yY7uU8iI9oO0pP1aS2dF3gG4hH5jJ6kK7l4hH5jJ6kK7lL8zX9cV0bN1nM2qW3eR4tT5yU6iI7oO8pP9aS0dF1gG2hH3jJ4kK5lL6zZ7xX8cC9vV0bB1nN2mM3qW4eR5tT6yU7iI8oO9pP0aS1dF2gG3hH4jJ5kK6lL7zZ8xX9cC0vB1nN2mQ3wE4rR5tT6yY7uU8iI9oO0pP1aS2dF3gG4hH5jJ6kK7lL8zX9cV0bN1nM2qW3eR4tT5yU6iI7oO8pP9aS0dF1gG2hH3jJ4kK5lL6zZ7xX8cC9vV0bB1nN2mM3qW4eR5tT6yU7iI8oO9pP0aS1dF2gG3hH4jJ5kK6lL7zZ8xX9cC0vB1nN2mQ3wE4rR5tT6yY7uU8iI9oO0pP1aS2dF3gG4hH5jJ6kK7l4hH5jJ6kK7lL8zX9cV0bN1nM2qW3eR4tT5yU6iI7oO8pP9aS0dF1gG2hH3jJ4kK5lL6zZ7xX8cC9vV0bB1nN2mM3qW4eR5tT6yU7iI8oO9pP0aS1dF2gG3hH4jJ5kK6lL7zZ8xX9cC0vB1nN2mQ3wE4rR5tT6yY7uU8iI9oO0pP1aS2dF3gG4hH5jJ6kK7lL8zX9cV0bN1nM2qW3eR4tT5yU6iI7oO8pP9aS0dF1gG2hH3jJ4kK5lL6zZ7xX8cC9vV0bB1nN2mM3qW4eR5tT6yU7iI8oO9pP0aS1dF2gG3hH4jJ5kK6lL7zZ8xX9cC0vB1nN2mQ3wE4rR5tT6yY7uU8iI9oO0pP1aS2dF3gG4hH5jJ6kK7l4hH5jJ6kK7lL8zX9cV0bN1nM2qW3eR4tT5yU6iI7oO8pP9aS0dF1gG2hH3jJ4kK5lL6zZ7xX8cC9vV0bB1nN2mM3qW4eR5tT6yU7iI8oO9pP0aS1dF2gG3hH4jJ5kK6lL7zZ8xX9cC0vB1nN2mQ3wE4rR5tT6yY7uU8iI9oO0pP1aS2dF3gG4hH5jJ6kK7lL8zX9cV0bN1nM2qW3eR4tT5yU6iI7oO8pP9aS0dF1gG2hH3jJ4kK5lL6zZ7xX8cC9vV0bB1nN2mM3qW4eR5tT6yU7iI8oO9pP0aS1dF2gG3hH4jJ5kK6lL7zZ8xX9cC0vB1nN2mQ3wE4rR5tT6yY7uU8iI9oO0pP1aS2dF3gG4hH5jJ6kK7l4hH5jJ6kK7lL8zX9cV0bN1nM2qW3eR4tT5yU6iI7oO8pP9aS0dF1gG2hH3jJ4kK5lL6zZ7xX8cC9vV0bB1nN2mM3qW4eR5tT6yU7iI8oO9pP0aS1dF2gG3hH4jJ5kK6lL7zZ8xX9cC0vB1nN2mQ3wE4rR5tT6yY7uU8iI9oO0pP1aS2dF3gG4hH5jJ6kK7lL8zX9cV0bN1nM2qW3eR4tT5yU6iI7oO8pP9aS0dF1gG2hH3jJ4kK5lL6zZ7xX8cC9vV0bB1nN2mM3qW4eR5tT6yU7iI8oO9pP0aS1dF2gG3hH4jJ5kK6lL7zZ8xX9cC0vB1nN2mQ3wE4rR5tT6yY7uU8iI9oO0pP1aS2dF3gG4hH5jJ6kK7l4hH5jJ6kK7lL8zX9cV0bN1nM2qW3eR4tT5yU6iI7oO8pP9aS0dF1gG2hH3jJ4kK5lL6zZ7xX8cC9vV0bB1nN2mM3qW4eR5tT6yU7iI8oO9pP0aS1dF2gG3hH4jJ5kK6lL7zZ8xX9cC0vB1nN2mQ3wE4rR5tT6yY7uU8iI9oO0pP1aS2dF3gG4hH5jJ6kK7lL8zX9cV0bN1nM2qW3eR4tT5yU6iI7oO8pP9aS0dF1gG2hH3jJ4kK5lL6zZ7xX8cC9vV0bB1nN2mM3qW4eR5tT6yU7iI8oO9pP0aS1dF2gG3hH4jJ5kK6lL7zZ8xX9cC0vB1nN2mQ3wE4rR5tT6yY7uU8iI9oO0pP1aS2dF3gG4hH5jJ6kK7l4hH5jJ6kK7lL8zX9cV0bN1nM2qW3eR4tT5yU6iI7oO8pP9aS0dF1gG2hH3jJ4kK5lL6z7nB9vR2mX8kLp4QjW3tY5zH1aG6sF9dD0fS8gA7hJ6kL5mN4bV3vC2xZ1oP9iU8uY7tT6rR5eE4wW3qQ2aZ1sX2dC3fV4gB5hN6jM7kL8pO9iU0yT1rE2wQ3aS4dF5gG6hH7jJ8kK9lL0zZ1xX2cC3vV4bB5nN6mM7qQ8wW9eE0rR1tT2yY3uU4iI5oO6pP7aA8sS9dD0fF1gG2hH3jJ4kK5lL6zZ7xX8cC9vV0bB1nN2mM3qW4eR5tT6yU7iI8oO9pP0aS1dF2gG3hH4jJ5kK6lL7zZ8xX9cC0vB1nN2mQ3wE4rR5tT6yY7uU8iI9oO0pP1aS2dF3gG4hH5jJ6kK7lL8zX9cV0bN1nM2qW3eR4tT5yU6iI7oO8pP9aS0dF1gG2hH3jJ4kK5lL6zZ7xX8cC9vV0bB1nN2mM3qW4eR5tT6yU7iI8oO9pP0aS1dF2gG3hH4jJ5kK6lL7zZ8xX9cC0vB1nN2mQ3wE4rR5tT6yY7uU8iI9oO0pP1aS2dF3gG4hH5jJ6kK7lL8zX9cV0bN1nM2qW3eR4tT5yU6iI7oO8pP9aS0dF1gG2hH3jJ4kK5lL6zZ7xX8cC9vV0bB1nN2mM3qW4eR5tT6yU7iI8oO9pP0aS1dF2gG3hH4jJ5kK6lL7zZ8xX9cC0vB1nN2mQ3wE4rR5tT6yY7uU8iI9oO0pP1aS2dF3gG4hH5jJ6kK7lL8zX9cV0bN1nM2qW3eR4tT5yU6iI7oO8pP9aS0dF1gG2hH3jJ4kK5lL6zZ7xX8cC9vV0bB1nN2mM3qW4eR5tT6yU7iI8oO9pP0aS1dF2gG3hH4jJ5kK6lL7zZ8xX9cC0vB1nN2mQ3wE4rR5tT6yY7uU8iI9oO0pP1aS2dF3gG4hH5jJ6kK7lL8zX9cV0bN1nM2qW3eR4tT5yU6iI7oO8pP9aS0dF1gG2hH3jJ4kK5lL6zZ7xX8cC9vV0bB1nN2mM3qW4eR5tT6yU7iI8oO9pP0aS1dF2gG3hH4jJ5kK6lL7zZ8xX9cC0vB1nN2mQ3wE4rR5tT6yY7uU8iI9oO0pP1aS2dF3gG4hH5jJ6kK7l4hH5jJ6kK7lL8zX9cV0bN1nM2qW3eR4tT5yU6iI7oO8pP9aS0dF1gG2hH3jJ4kK5lL6zZ7xX8cC9vV0bB1nN2mM3qW4eR5tT6yU7iI8oO9pP0aS1dF2gG3hH4jJ5kK6lL7zZ8xX9cC0vB1nN2mQ3wE4rR5tT6yY7uU8iI9oO0pP1aS2dF3gG4hH5jJ6kK7lL8zX9cV0bN1nM2qW3eR4tT5yU6iI7oO8pP9aS0dF1gG2hH3jJ4kK5lL6zZ7xX8cC9vV0bB1nN2mM3qW4eR5tT6yU7iI8oO9pP0aS1dF2gG3hH4jJ5kK6lL7zZ8xX9cC0vB1nN2mQ3wE4rR5tT6yY7uU8iI9oO0pP1aS2dF3gG4hH5jJ6kK7l4hH5jJ6kK7lL8zX9cV0bN1nM2qW3eR4tT5yU6iI7oO8pP9aS0dF1gG2hH3jJ4kK5lL6zZ7xX8cC9vV0bB1nN2mM3qW4eR5tT6yU7iI8oO9pP0aS1dF2gG3hH4jJ5kK6lL7zZ8xX9cC0vB1nN2mQ3wE4rR5tT6yY7uU8iI9oO0pP1aS2dF3gG4hH5jJ6kK7lL8zX9cV0bN1nM2qW3eR4tT5yU6iI7oO8pP9aS0dF1gG2hH3jJ4kK5lL6zZ7xX8cC9vV0bB1nN2mM3qW4eR5tT6yU7iI8oO9pP0aS1dF2gG3hH4jJ5kK6lL7zZ8xX9cC0vB1nN2mQ3wE4rR5tT6yY7uU8iI9oO0pP1aS2dF3gG4hH5jJ6kK7l4hH5jJ6kK7lL8zX9cV0bN1nM2qW3eR4tT5yU6iI7oO8pP9aS0dF1gG2hH3jJ4kK5lL6zZ7xX8cC9vV0bB1nN2mM3qW4eR5tT6yU7iI8oO9pP0aS1dF2gG3hH4jJ5kK6lL7zZ8xX9cC0vB1nN2mQ3wE4rR5tT6yY7uU8iI9oO0pP1aS2dF3gG4hH5jJ6kK7lL8zX9cV0bN1nM2qW3eR4tT5yU6iI7oO8pP9aS0dF1gG2hH3jJ4kK5lL6zZ7xX8cC9vV0bB1nN2mM3qW4eR5tT6yU7iI8oO9pP0aS1dF2gG3hH4jJ5kK6lL7zZ8xX9cC0vB1nN2mQ3wE4rR5tT6yY7uU8iI9oO0pP1aS2dF3gG4hH5jJ6kK7l4hH5jJ6kK7lL8zX9cV0bN1nM2qW3eR4tT5yU6iI7oO8pP9aS0dF1gG2hH3jJ4kK5lL6zZ7xX8cC9vV0bB1nN2mM3qW4eR5tT6yU7iI8oO9pP0aS1dF2gG3hH4jJ5kK6lL7zZ8xX9cC0vB1nN2mQ3wE4rR5tT6yY7uU8iI9oO0pP1aS2dF3gG4hH5jJ6kK7lL8zX9cV0bN1nM2qW3eR4tT5yU6iI7oO8pP9aS0dF1gG2hH3jJ4kK5lL6zZ7xX8cC9vV0bB1nN2mM3qW4eR5tT6yU7iI8oO9pP0aS1dF2gG3hH4jJ5kK6lL7zZ8xX9cC0vB1nN2mQ3wE4rR5tT6yY7uU8iI9oO0pP1aS2dF3gG4hH5jJ6kK7l4hH5jJ6kK7lL8zX9cV0bN1nM2qW3eR4tT5yU6iI7oO8pP9aS0dF1gG2hH3jJ4kK5lL6zZ7xX8cC9vV0bB1nN2mM3qW4eR5tT6yU7iI8oO9pP0aS1dF2gG3hH4jJ5kK6lL7zZ8xX9cC0vB1nN2mQ3wE4rR5tT6yY7uU8iI9oO0pP1aS2dF3gG4hH5jJ6kK7lL8zX9cV0bN1nM2qW3eR4tT5yU6iI7oO8pP9aS0dF1gG2hH3jJ4kK5lL6zZ7xX8cC9vV0bB1nN2mM3qW4eR5tT6yU7iI8oO9pP0aS1dF2gG3hH4jJ5kK6lL7zZ8xX9cC0vB1nN2mQ3wE4rR5tT6yY7uU8iI9oO0pP1aS2dF3gG4hH5jJ6kK7l4hH5jJ6kK7lL8zX9cV0bN1nM2qW3eR4tT5yU6iI7oO8pP9aS0dF1gG2hH3jJ4kK5lL6zZ7xX8cC9vV0bB1nN2mM3qW4eR5tT6yU7iI8oO9pP0aS1dF2gG3hH4jJ5kK6lL7zZ8xX9cC0vB1nN2mQ3wE4rR5tT6yY7uU8iI9oO0pP1aS2dF3gG4hH5jJ6kK7lL8zX9cV0bN1nM2qW3eR4tT5yU6iI7oO8pP9aS0dF1gG2hH3jJ4kK5lL6zZ7xX8cC9vV0bB1nN2mM3qW4eR5tT6yU7iI8oO9pP0aS1dF2gG3hH4jJ5kK6lL7zZ8xX9cC0vB1nN2mQ3wE4rR5tT6yY7uU8iI9oO0pP1aS2dF3gG4hH5jJ6kK7l4hH5jJ6kK7lL8zX9cV0bN1nM2qW3eR4tT5yU6iI7oO8pP9aS0dF1gG2hH3jJ4kK5lL6zZ7xX8cC9vV0bB1nN2mM3qW4eR5tT6yU7iI8oO9pP0aS1dF2gG3hH4jJ5kK6lL7zZ8xX9cC0vB1nN2mQ3wE4rR5tT6yY7uU8iI9oO0pP1aS2dF3gG4hH5jJ6kK7lL8zX9cV0bN1nM2qW3eR4tT5yU6iI7oO8pP9aS0dF1gG2hH3jJ4kK5lL6zZ7xX8cC9vV0bB1nN2mM3qW4eR5tT6yU7iI8oO9pP0aS1dF2gG3hH4jJ5kK6lL7zZ8xX9cC0vB1nN2mQ3wE4rR5tT6yY7uU8iI9oO0pP1aS2dF3gG4hH5jJ6kK7l4hH5jJ6kK7lL8zX9cV0bN1nM2qW3eR4tT5yU6iI7oO8pP9aS0dF1gG2hH3jJ4kK5lL6z7nB9vR2mX8kLp4QjW3tY5zH1aG6sF9dD0fS8gA7hJ6kL5mN4bV3vC2xZ1oP9iU8uY7tT6rR5eE4wW3qQ2aZ1sX2dC3fV4gB5hN6jM7kL8pO9iU0yT1rE2wQ3aS4dF5gG6hH7jJ8kK9lL0zZ1xX2cC3vV4bB5nN6mM7qQ8wW9eE0rR1tT2yY3uU4iI5oO6pP7aA8sS9dD0fF1gG2hH3jJ4kK5lL6zZ7xX8cC9vV0bB1nN2mM3qW4eR5tT6yU7iI8oO9pP0aS1dF2gG3hH4jJ5kK6lL7zZ8xX9cC0vB1nN2mQ3wE4rR5tT6yY7uU8iI9oO0pP1aS2dF3gG4hH5jJ6kK7lL8zX9cV0bN1nM2qW3eR4tT5yU6iI7oO8pP9aS0dF1gG2hH3jJ4kK5lL6zZ7xX8cC9vV0bB1nN2mM3qW4eR5tT6yU7iI8oO9pP0aS1dF2gG3hH4jJ5kK6lL7zZ8xX9cC0vB1nN2mQ3wE4rR5tT6yY7uU8iI9oO0pP1aS2dF3gG4hH5jJ6kK7lL8zX9cV0bN1nM2qW3eR4tT5yU6iI7oO8pP9aS0dF1gG2hH3jJ4kK5lL6zZ7xX8cC9vV0bB1nN2mM3qW4eR5tT6yU7iI8oO9pP0aS1dF2gG3hH4jJ5kK6lL7zZ8xX9cC0vB1nN2mQ3wE4rR5tT6yY7uU8iI9oO0pP1aS2dF3gG4hH5jJ6kK7lL8zX9cV0bN1nM2qW3eR4tT5yU6iI7oO8pP9aS0dF1gG2hH3jJ4kK5lL6zZ7xX8cC9vV0bB1nN2mM3qW4eR5tT6yU7iI8oO9pP0aS1dF2gG3hH4jJ5kK6lL7zZ8xX9cC0vB1nN2mQ3wE4rR5tT6yY7uU8iI9oO0pP1aS2dF3gG4hH5jJ6kK7lL8zX9cV0bN1nM2qW3eR4tT5yU6iI7oO8pP9aS0dF1gG2hH3jJ4kK5lL6zZ7xX8cC9vV0bB1nN2mM3qW4eR5tT6yU7iI8oO9pP0aS1dF2gG3hH4jJ5kK6lL7zZ8xX9cC0vB1nN2mQ3wE4rR5tT6yY7uU8iI9oO0pP1aS2dF3gG4hH5jJ6kK7l4hH5jJ6kK7lL8zX9cV0bN1nM2qW3eR4tT5yU6iI7oO8pP9aS0dF1gG2hH3jJ4kK5lL6zZ7xX8cC9vV0bB1nN2mM3qW4eR5tT6yU7iI8oO9pP0aS1dF2gG3hH4jJ5kK6lL7zZ8xX9cC0vB1nN2mQ3wE4rR5tT6yY7uU8iI9oO0pP1aS2dF3gG4hH5jJ6kK7lL8zX9cV0bN1nM2qW3eR4tT5yU6iI7oO8pP9aS0dF1gG2hH3jJ4kK5lL6zZ7xX8cC9vV0bB1nN2mM3qW4eR5tT6yU7iI8oO9pP0aS1dF2gG3hH4jJ5kK6lL7zZ8xX9cC0vB1nN2mQ3wE4rR5tT6yY7uU8iI9oO0pP1aS2dF3gG4hH5jJ6kK7l4hH5jJ6kK7lL8zX9cV0bN1nM2qW3eR4tT5yU6iI7oO8pP9aS0dF1gG2hH3jJ4kK5lL6zZ7xX8cC9vV0bB1nN2mM3qW4eR5tT6yU7iI8oO9pP0aS1dF2gG3hH4jJ5kK6lL7zZ8xX9cC0vB1nN2mQ3wE4rR5tT6yY7uU8iI9oO0pP1aS2dF3gG4hH5jJ6kK7lL8zX9cV0bN1nM2qW3eR4tT5yU6iI7oO8pP9aS0dF1gG2hH3jJ4kK5lL6zZ7xX8cC9vV0bB1nN2mM3qW4eR5tT6yU7iI8oO9pP0aS1dF2gG3hH4jJ5kK6lL7zZ8xX9cC0vB1nN2mQ3wE4rR5tT6yY7uU8iI9oO0pP1aS2dF3gG4hH5jJ6kK7l4hH5jJ6kK7lL8zX9cV0bN1nM2qW3eR4tT5yU6iI7oO8pP9aS0dF1gG2hH3jJ4kK5lL6zZ7xX8cC9vV0bB1nN2mM3qW4eR5tT6yU7iI8oO9pP0aS1dF2gG3hH4jJ5kK6lL7zZ8xX9cC0vB1nN2mQ3wE4rR5tT6yY7uU8iI9oO0pP1aS2dF3gG4hH5jJ6kK7lL8zX9cV0bN1nM2qW3eR4tT5yU6iI7oO8pP9aS0dF1gG2hH3jJ4kK5lL6zZ7xX8cC9vV0bB1nN2mM3qW4eR5tT6yU7iI8oO9pP0aS1dF2gG3hH4jJ5kK6lL7zZ8xX9cC0vB1nN2mQ3wE4rR5tT6yY7uU8iI9oO0pP1aS2dF3gG4hH5jJ6kK7l4hH5jJ6kK7lL8zX9cV0bN1nM2qW3eR4tT5yU6iI7oO8pP9aS0dF1gG2hH3jJ4kK5lL6zZ7xX8cC9vV0bB1nN2mM3qW4eR5tT6yU7iI8oO9pP0aS1dF2gG3hH4jJ5kK6lL7zZ8xX9cC0vB1nN2mQ3wE4rR5tT6yY7uU8iI9oO0pP1aS2dF3gG4hH5jJ6kK7lL8zX9cV0bN1nM2qW3eR4tT5yU6iI7oO8pP9aS0dF1gG2hH3jJ4kK5lL6zZ7xX8cC9vV0bB1nN2mM3qW4eR5tT6yU7iI8oO9pP0aS1dF2gG3hH4jJ5kK6lL7zZ8xX9cC0vB1nN2mQ3wE4rR5tT6yY7uU8iI9oO0pP1aS2dF3gG4hH5jJ6kK7l4hH5jJ6kK7lL8zX9cV0bN1nM2qW3eR4tT5yU6iI7oO8pP9aS0dF1gG2hH3jJ4kK5lL6zZ7xX8cC9vV0bB1nN2mM3qW4eR5tT6yU7iI8oO9pP0aS1dF2gG3hH4jJ5kK6lL7zZ8xX9cC0vB1nN2mQ3wE4rR5tT6yY7uU8iI9oO0pP1aS2dF3gG4hH5jJ6kK7lL8zX9cV0bN1nM2qW3eR4tT5yU6iI7oO8pP9aS0dF1gG2hH3jJ4kK5lL6zZ7xX8cC9vV0bB1nN2mM3qW4eR5tT6yU7iI8oO9pP0aS1dF2gG3hH4jJ5kK6lL7zZ8xX9cC0vB1nN2mQ3wE4rR5tT6yY7uU8iI9oO0pP1aS2dF3gG4hH5jJ6kK7l4hH5jJ6kK7lL8zX9cV0bN1nM2qW3eR4tT5yU6iI7oO8pP9aS0dF1gG2hH3jJ4kK5lL6zZ7xX8cC9vV0bB1nN2mM3qW4eR5tT6yU7iI8oO9pP0aS1dF2gG3hH4jJ5kK6lL7zZ8xX9cC0vB1nN2mQ3wE4rR5tT6yY7uU8iI9oO0pP1aS2dF3gG4hH5jJ6kK7lL8zX9cV0bN1nM2qW3eR4tT5yU6iI7oO8pP9aS0dF1gG2hH3jJ4kK5lL6zZ7xX8cC9vV0bB1nN2mM3qW4eR5tT6yU7iI8oO9pP0aS1dF2gG3hH4jJ5kK6lL7zZ8xX9cC0vB1nN2mQ3wE4rR5tT6yY7uU8iI9oO0pP1aS2dF3gG4hH5jJ6kK7l4hH5jJ6kK7lL8zX9cV0bN1nM2qW3eR4tT5yU6iI7oO8pP9aS0dF1gG2hH3jJ4kK5lL6zZ7xX8cC9vV0bB1nN2mM3qW4eR5tT6yU7iI8oO9pP0aS1dF2gG3hH4jJ5kK6lL7zZ8xX9cC0vB1nN2mQ3wE4rR5tT6yY7uU8iI9oO0pP1aS2dF3gG4hH5jJ6kK7lL8zX9cV0bN1nM2qW3eR4tT5yU6iI7oO8pP9aS0dF1gG2hH3jJ4kK5lL6zZ7xX8cC9vV0bB1nN2mM3qW4eR5tT6yU7iI8oO9pP0aS1dF2gG3hH4jJ5kK6lL7zZ8xX9cC0vB1nN2mQ3wE4rR5tT6yY7uU8iI9oO0pP1aS2dF3gG4hH5jJ6kK7l4hH5jJ6kK7lL8zX9cV0bN1nM2qW3eR4tT5yU6iI7oO8pP9aS0dF1gG2hH3jJ4kK5lL6z7nB9vR2mX8kLp4QjW3tY5zH1aG6sF9dD0fS8gA7hJ6kL5mN4bV3vC2xZ1oP9iU8uY7tT6rR5eE4wW3qQ2aZ1sX2dC3fV4gB5hN6jM7kL8pO9iU0yT1rE2wQ3aS4dF5gG6hH7jJ8kK9lL0zZ1xX2cC3vV4bB5nN6mM7qQ8wW9eE0rR1tT2yY3uU4iI5oO6pP7aA8sS9dD0fF1gG2hH3jJ4kK5lL6zZ7xX8cC9vV0bB1nN2mM3qW4eR5tT6yU7iI8oO9pP0aS1dF2gG3hH4jJ5kK6lL7zZ8xX9cC0vB1nN2mQ3wE4rR5tT6yY7uU8iI9oO0pP1aS2dF3gG4hH5jJ6kK7lL8zX9cV0bN1nM2qW3eR4tT5yU6iI7oO8pP9aS0dF1gG2hH3jJ4kK5lL6zZ7xX8cC9vV0bB1nN2mM3qW4eR5tT6yU7iI8oO9pP0aS1dF2gG3hH4jJ5kK6lL7zZ8xX9cC0vB1nN2mQ3wE4rR5tT6yY7uU8iI9oO0pP1aS2dF3gG4hH5jJ6kK7lL8zX9cV0bN1nM2qW3eR4tT5yU6iI7oO8pP9aS0dF1gG2hH3jJ4kK5lL6zZ7xX8cC9vV0bB1nN2mM3qW4eR5tT6yU7iI8oO9pP0aS1dF2gG3hH4jJ5kK6lL7zZ8xX9cC0vB1nN2mQ3wE4rR5tT6yY7uU8iI9oO0pP1aS2dF3gG4hH5jJ6kK7lL8zX9cV0bN1nM2qW3eR4tT5yU6iI7oO8pP9aS0dF1gG2hH3jJ4kK5lL6zZ7xX8cC9vV0bB1nN2mM3qW4eR5tT6yU7iI8oO9pP0aS1dF2gG3hH4jJ5kK6lL7zZ8xX9cC0vB1nN2mQ3wE4rR5tT6yY7uU8iI9oO0pP1aS2dF3gG4hH5jJ6kK7lL8zX9cV0bN1nM2qW3eR4tT5yU6iI7oO8pP9aS0dF1gG2hH3jJ4kK5lL6zZ7xX8cC9vV0bB1nN2mM3qW4eR5tT6yU7iI8oO9pP0aS1dF2gG3hH4jJ5kK6lL7zZ8xX9cC0vB1nN2mQ3wE4rR5tT6yY7uU8iI9oO0pP1aS2dF3gG4hH5jJ6kK7l4hH5jJ6kK7lL8zX9cV0bN1nM2qW3eR4tT5yU6iI7oO8pP9aS0dF1gG2hH3jJ4kK5lL6zZ7xX8cC9vV0bB1nN2mM3qW4eR5tT6yU7iI8oO9pP0aS1dF2gG3hH4jJ5kK6lL7zZ8xX9cC0vB1nN2mQ3wE4rR5tT6yY7uU8iI9oO0pP1aS2dF3gG4hH5jJ6kK7lL8zX9cV0bN1nM2qW3eR4tT5yU6iI7oO8pP9aS0dF1gG2hH3jJ4kK5lL6zZ7xX8cC9vV0bB1nN2mM3qW4eR5tT6yU7iI8oO9pP0aS1dF2gG3hH4jJ5kK6lL7zZ8xX9cC0vB1nN2mQ3wE4rR5tT6yY7uU8iI9oO0pP1aS2dF3gG4hH5jJ6kK7l4hH5jJ6kK7lL8zX9cV0bN1nM2qW3eR4tT5yU6iI7oO8pP9aS0dF1gG2hH3jJ4kK5lL6zZ7xX8cC9vV0bB1nN2mM3qW4eR5tT6yU7iI8oO9pP0aS1dF2gG3hH4jJ5kK6lL7zZ8xX9cC0vB1nN2mQ3wE4rR5tT6yY7uU8iI9oO0pP1aS2dF3gG4hH5jJ6kK7lL8zX9cV0bN1nM2qW3eR4tT5yU6iI7oO8pP9aS0dF1gG2hH3jJ4kK5lL6zZ7xX8cC9vV0bB1nN2mM3qW4eR5tT6yU7iI8oO9pP0aS1dF2gG3hH4jJ5kK6lL7zZ8xX9cC0vB1nN2mQ3wE4rR5tT6yY7uU8iI9oO0pP1aS2dF3gG4hH5jJ6kK7l4hH5jJ6kK7lL8zX9cV0bN1nM2qW3eR4tT5yU6iI7oO8pP9aS0dF1gG2hH3jJ4kK5lL6zZ7xX8cC9vV0bB1nN2mM3qW4eR5tT6yU7iI8oO9pP0aS1dF2gG3hH4jJ5kK6lL7zZ8xX9cC0vB1nN2mQ3wE4rR5tT6yY7uU8iI9oO0pP1aS2dF3gG4hH5jJ6kK7lL8zX9cV0bN1nM2qW3eR4tT5yU6iI7oO8pP9aS0dF1gG2hH3jJ4kK5lL6zZ7xX8cC9vV0bB1nN2mM3qW4eR5tT6yU7iI8oO9pP0aS1dF2gG3hH4jJ5kK6lL7zZ8xX9cC0vB1nN2mQ3wE4rR5tT6yY7uU8iI9oO0pP1aS2dF3gG4hH5jJ6kK7l4hH5jJ6kK7lL8zX9cV0bN1nM2qW3eR4tT5yU6iI7oO8pP9aS0dF1gG2hH3jJ4kK5lL6zZ7xX8cC9vV0bB1nN2mM3qW4eR5tT6yU7iI8oO9pP0aS1dF2gG3hH4jJ5kK6lL7zZ8xX9cC0vB1nN2mQ3wE4rR5tT6yY7uU8iI9oO0pP1aS2dF3gG4hH5jJ6kK7lL8zX9cV0bN1nM2qW3eR4tT5yU6iI7oO8pP9aS0dF1gG2hH3jJ4kK5lL6zZ7xX8cC9vV0bB1nN2mM3qW4eR5tT6yU7iI8oO9pP0aS1dF2gG3hH4jJ5kK6lL7zZ8xX9cC0vB1nN2mQ3wE4rR5tT6yY7uU8iI9oO0pP1aS2dF3gG4hH5jJ6kK7l4hH5jJ6kK7lL8zX9cV0bN1nM2qW3eR4tT5yU6iI7oO8pP9aS0dF1gG2hH3jJ4kK5lL6zZ7xX8cC9vV0bB1nN2mM3qW4eR5tT6yU7iI8oO9pP0aS1dF2gG3hH4jJ5kK6lL7zZ8xX9cC0vB1nN2mQ3wE4rR5tT6yY7uU8iI9oO0pP1aS2dF3gG4hH5jJ6kK7lL8zX9cV0bN1nM2qW3eR4tT5yU6iI7oO8pP9aS0dF1gG2hH3jJ4kK5lL6zZ7xX8cC9vV0bB1nN2mM3qW4eR5tT6yU7iI8oO9pP0aS1dF2gG3hH4jJ5kK6lL7zZ8xX9cC0vB1nN2mQ3wE4rR5tT6yY7uU8iI9oO0pP1aS2dF3gG4hH5jJ6kK7l4hH5jJ6kK7lL8zX9cV0bN1nM2qW3eR4tT5yU6iI7oO8pP9aS0dF1gG2hH3jJ4kK5lL6zZ7xX8cC9vV0bB1nN2mM3qW4eR5tT6yU7iI8oO9pP0aS1dF2gG3hH4jJ5kK6lL7zZ8xX9cC0vB1nN2mQ3wE4rR5tT6yY7uU8iI9oO0pP1aS2dF3gG4hH5jJ6kK7lL8zX9cV0bN1nM2qW3eR4tT5yU6iI7oO8pP9aS0dF1gG2hH3jJ4kK5lL6zZ7xX8cC9vV0bB1nN2mM3qW4eR5tT6yU7iI8oO9pP0aS1dF2gG3hH4jJ5kK6lL7zZ8xX9cC0vB1nN2mQ3wE4rR5tT6yY7uU8iI9oO0pP1aS2dF3gG4hH5jJ6kK7l4hH5jJ6kK7lL8zX9cV0bN1nM2qW3eR4tT5yU6iI7oO8pP9aS0dF1gG2hH3jJ4kK5lL6zZ7xX8cC9vV0bB1nN2mM3qW4eR5tT6yU7iI8oO9pP0aS1dF2gG3hH4jJ5kK6lL7zZ8xX9cC0vB1nN2mQ3wE4rR5tT6yY7uU8iI9oO0pP1aS2dF3gG4hH5jJ6kK7lL8zX9cV0bN1nM2qW3eR4tT5yU6iI7oO8pP9aS0dF1gG2hH3jJ4kK5lL6zZ7xX8cC9vV0bB1nN2mM3qW4eR5tT6yU7iI8oO9pP0aS1dF2gG3hH4jJ5kK6lL7zZ8xX9cC0vB1nN2mQ3wE4rR5tT6yY7uU8iI9oO0pP1aS2dF3gG4hH5jJ6kK7l4hH5jJ6kK7lL8zX9cV0bN1nM2qW3eR4tT5yU6iI7oO8pP9aS0dF1gG2hH3jJ4kK5lL6z7nB9vR2mX8kLp4QjW3tY5zH1aG6sF9dD0fS8gA7hJ6kL5mN4bV3vC2xZ1oP9iU8uY7tT6rR5eE4wW3qQ2aZ1sX2dC3fV4gB5hN6jM7kL8pO9iU0yT1rE2wQ3aS4dF5gG6hH7jJ8kK9lL0zZ1xX2cC3vV4bB5nN6mM7qQ8wW9eE0rR1tT2yY3uU4iI5oO6pP7aA8sS9dD0fF1gG2hH3jJ4kK5lL6zZ7xX8cC9vV0bB1nN2mM3qW4eR5tT6yU7iI8oO9pP0aS1dF2gG3hH4jJ5kK6lL7zZ8xX9cC0vB1nN2mQ3wE4rR5tT6yY7uU8iI9oO0pP1aS2dF3gG4hH5jJ6kK7lL8zX9cV0bN1nM2qW3eR4tT5yU6iI7oO8pP9aS0dF1gG2hH3jJ4kK5lL6zZ7xX8cC9vV0bB1nN2mM3qW4eR5tT6yU7iI8oO9pP0aS1dF2gG3hH4jJ5kK6lL7zZ8xX9cC0vB1nN2mQ3wE4rR5tT6yY7uU8iI9oO0pP1aS2dF3gG4hH5jJ6kK7lL8zX9cV0bN1nM2qW3eR4tT5yU6iI7oO8pP9aS0dF1gG2hH3jJ4kK5lL6zZ7xX8cC9vV0bB1nN2mM3qW4eR5tT6yU7iI8oO9pP0aS1dF2gG3hH4jJ5kK6lL7zZ8xX9cC0vB1nN2mQ3wE4rR5tT6yY7uU8iI9oO0pP1aS2dF3gG4hH5jJ6kK7lL8zX9cV0bN1nM2qW3eR4tT5yU6iI7oO8pP9aS0dF1gG2hH3jJ4kK5lL6zZ7xX8cC9vV0bB1nN2mM3qW4eR5tT6yU7iI8oO9pP0aS1dF2gG3hH4jJ5kK6lL7zZ8xX9cC0vB1nN2mQ3wE4rR5tT6yY7uU8iI9oO0pP1aS2dF3gG4hH5jJ6kK7lL8zX9cV0bN1nM2qW3eR4tT5yU6iI7oO8pP9aS0dF1gG2hH3jJ4kK5lL6zZ7xX8cC9vV0bB1nN2mM3qW4eR5tT6yU7iI8oO9pP0aS1dF2gG3hH4jJ5kK6lL7zZ8xX9cC0vB1nN2mQ3wE4rR5tT6yY7uU8iI9oO0pP1aS2dF3gG4hH5jJ6kK7l4hH5jJ6kK7lL8zX9cV0bN1nM2qW3eR4tT5yU6iI7oO8pP9aS0dF1gG2hH3jJ4kK5lL6zZ7xX8cC9vV0bB1nN2mM3qW4eR5tT6yU7iI8oO9pP0aS1dF2gG3hH4jJ5kK6lL7zZ8xX9cC0vB1nN2mQ3wE4rR5tT6yY7uU8iI9oO0pP1aS2dF3gG4hH5jJ6kK7lL8zX9cV0bN1nM2qW3eR4tT5yU6iI7oO8pP9aS0dF1gG2hH3jJ4kK5lL6zZ7xX8cC9vV0bB1nN2mM3qW4eR5tT6yU7iI8oO9pP0aS1dF2gG3hH4jJ5kK6lL7zZ8xX9cC0vB1nN2mQ3wE4rR5tT6yY7uU8iI9oO0pP1aS2dF3gG4hH5jJ6kK7l4hH5jJ6kK7lL8zX9cV0bN1nM2qW3eR4tT5yU6iI7oO8pP9aS0dF1gG2hH3jJ4kK5lL6zZ7xX8cC9vV0bB1nN2mM3qW4eR5tT6yU7iI8oO9pP0aS1dF2gG3hH4jJ5kK6lL7zZ8xX9cC0vB1nN2mQ3wE4rR5tT6yY7uU8iI9oO0pP1aS2dF3gG4hH5jJ6kK7lL8zX9cV0bN1nM2qW3eR4tT5yU6iI7oO8pP9aS0dF1gG2hH3jJ4kK5lL6zZ7xX8cC9vV0bB1nN2mM3qW4eR5tT6yU7iI8oO9pP0aS1dF2gG3hH4jJ5kK6lL7zZ8xX9cC0vB1nN2mQ3wE4rR5tT6yY7uU8iI9oO0pP1aS2dF3gG4hH5jJ6kK7l4hH5jJ6kK7lL8zX9cV0bN1nM2qW3eR4tT5yU6iI7oO8pP9aS0dF1gG2hH3jJ4kK5lL6zZ7xX8cC9vV0bB1nN2mM3qW4eR5tT6yU7iI8oO9pP0aS1dF2gG3hH4jJ5kK6lL7zZ8xX9cC0vB1nN2mQ3wE4rR5tT6yY7uU8iI9oO0pP1aS2dF3gG4hH5jJ6kK7lL8zX9cV0bN1nM2qW3eR4tT5yU6iI7oO8pP9aS0dF1gG2hH3jJ4kK5lL6zZ7xX8cC9vV0bB1nN2mM3qW4eR5tT6yU7iI8oO9pP0aS1dF2gG3hH4jJ5kK6lL7zZ8xX9cC0vB1nN2mQ3wE4rR5tT6yY7uU8iI9oO0pP1aS2dF3gG4hH5jJ6kK7l4hH5jJ6kK7lL8zX9cV0bN1nM2qW3eR4tT5yU6iI7oO8pP9aS0dF1gG2hH3jJ4kK5lL6zZ7xX8cC9vV0bB1nN2mM3qW4eR5tT6yU7iI8oO9pP0aS1dF2gG3hH4jJ5kK6lL7zZ8xX9cC0vB1nN2mQ3wE4rR5tT6yY7uU8iI9oO0pP1aS2dF3gG4hH5jJ6kK7lL8zX9cV0bN1nM2qW3eR4tT5yU6iI7oO8pP9aS0dF1gG2hH3jJ4kK5lL6zZ7xX8cC9vV0bB1nN2mM3qW4eR5tT6yU7iI8oO9pP0aS1dF2gG3hH4jJ5kK6lL7zZ8xX9cC0vB1nN2mQ3wE4rR5tT6yY7uU8iI9oO0pP1aS2dF3gG4hH5jJ6kK7l4hH5jJ6kK7lL8zX9cV0bN1nM2qW3eR4tT5yU6iI7oO8pP9aS0dF1gG2hH3jJ4kK5lL6zZ7xX8cC9vV0bB1nN2mM3qW4eR5tT6yU7iI8oO9pP0aS1dF2gG3hH4jJ5kK6lL7zZ8xX9cC0vB1nN2mQ3wE4rR5tT6yY7uU8iI9oO0pP1aS2dF3gG4hH5jJ6kK7lL8zX9cV0bN1nM2qW3eR4tT5yU6iI7oO8pP9aS0dF1gG2hH3jJ4kK5lL6zZ7xX8cC9vV0bB1nN2mM3qW4eR5tT6yU7iI8oO9pP0aS1dF2gG3hH4jJ5kK6lL7zZ8xX9cC0vB1nN2mQ3wE4rR5tT6yY7uU8iI9oO0pP1aS2dF3gG4hH5jJ6kK7l4hH5jJ6kK7lL8zX9cV0bN1nM2qW3eR4tT5yU6iI7oO8pP9aS0dF1gG2hH3jJ4kK5lL6zZ7xX8cC9vV0bB1nN2mM3qW4eR5tT6yU7iI8oO9pP0aS1dF2gG3hH4jJ5kK6lL7zZ8xX9cC0vB1nN2mQ3wE4rR5tT6yY7uU8iI9oO0pP1aS2dF3gG4hH5jJ6kK7lL8zX9cV0bN1nM2qW3eR4tT5yU6iI7oO8pP9aS0dF1gG2hH3jJ4kK5lL6zZ7xX8cC9vV0bB1nN2mM3qW4eR5tT6yU7iI8oO9pP0aS1dF2gG3hH4jJ5kK6lL7zZ8xX9cC0vB1nN2mQ3wE4rR5tT6yY7uU8iI9oO0pP1aS2dF3gG4hH5jJ6kK7l4hH5jJ6kK7lL8zX9cV0bN1nM2qW3eR4tT5yU6iI7oO8pP9aS0dF1gG2hH3jJ4kK5lL6zZ7xX8cC9vV0bB1nN2mM3qW4eR5tT6yU7iI8oO9pP0aS1dF2gG3hH4jJ5kK6lL7zZ8xX9cC0vB1nN2mQ3wE4rR5tT6yY7uU8iI9oO0pP1aS2dF3gG4hH5jJ6kK7lL8zX9cV0bN1nM2qW3eR4tT5yU6iI7oO8pP9aS0dF1gG2hH3jJ4kK5lL6zZ7xX8cC9vV0bB1nN2mM3qW4eR5tT6yU7iI8oO9pP0aS1dF2gG3hH4jJ5kK6lL7zZ8xX9cC0vB1nN2mQ3wE4rR5tT6yY7uU8iI9oO0pP1aS2dF3gG4hH5jJ6kK7l4hH5jJ6kK7lL8zX9cV0bN1nM2qW3eR4tT5yU6iI7oO8pP9aS0dF1gG2hH3jJ4kK5lL6z7nB9vR2mX8kLp4QjW3tY5zH1aG6sF9dD0fS8gA7hJ6kL5mN4bV3vC2xZ1oP9iU8uY7tT6rR5eE4wW3qQ2aZ1sX2dC3fV4gB5hN6jM7kL8pO9iU0yT1rE2wQ3aS4dF5gG6hH7jJ8kK9lL0zZ1xX2cC3vV4bB5nN6mM7qQ8wW9eE0rR1tT2yY3uU4iI5oO6pP7aA8sS9dD0fF1gG2hH3jJ4kK5lL6zZ7xX8cC9vV0bB1nN2mM3qW4eR5tT6yU7iI8oO9pP0aS1dF2gG3hH4jJ5kK6lL7zZ8xX9cC0vB1nN2mQ3wE4rR5tT6yY7uU8iI9oO0pP1aS2dF3gG4hH5jJ6kK7lL8zX9cV0bN1nM2qW3eR4tT5yU6iI7oO8pP9aS0dF1gG2hH3jJ4kK5lL6zZ7xX8cC9vV0bB1nN2mM3qW4eR5tT6yU7iI8oO9pP0aS1dF2gG3hH4jJ5kK6lL7zZ8xX9cC0vB1nN2mQ3wE4rR5tT6yY7uU8iI9oO0pP1aS2dF3gG4hH5jJ6kK7lL8zX9cV0bN1nM2qW3eR4tT5yU6iI7oO8pP9aS0dF1gG2hH3jJ4kK5lL6zZ7xX8cC9vV0bB1nN2mM3qW4eR5tT6yU7iI8oO9pP0aS1dF2gG3hH4jJ5kK6lL7zZ8xX9cC0vB1nN2mQ3wE4rR5tT6yY7uU8iI9oO0pP1aS2dF3gG4hH5jJ6kK7lL8zX9cV0bN1nM2qW3eR4tT5yU6iI7oO8pP9aS0dF1gG2hH3jJ4kK5lL6zZ7xX8cC9vV0bB1nN2mM3qW4eR5tT6yU7iI8oO9pP0aS1dF2gG3hH4jJ5kK6lL7zZ8xX9cC0vB1nN2mQ3wE4rR5tT6yY7uU8iI9oO0pP1aS2dF3gG4hH5jJ6kK7lL8zX9cV0bN1nM2qW3eR4tT5yU6iI7oO8pP9aS0dF1gG2hH3jJ4kK5lL6zZ7xX8cC9vV0bB1nN2mM3qW4eR5tT6yU7iI8oO9pP0aS1dF2gG3hH4jJ5kK6lL7zZ8xX9cC0vB1nN2mQ3wE4rR5tT6yY7uU8iI9oO0pP1aS2dF3gG4hH5jJ6kK7l4hH5jJ6kK7lL8zX9cV0bN1nM2qW3eR4tT5yU6iI7oO8pP9aS0dF1gG2hH3jJ4kK5lL6zZ7xX8cC9vV0bB1nN2mM3qW4eR5tT6yU7iI8oO9pP0aS1dF2gG3hH4jJ5kK6lL7zZ8xX9cC0vB1nN2mQ3wE4rR5tT6yY7uU8iI9oO0pP1aS2dF3gG4hH5jJ6kK7lL8zX9cV0bN1nM2qW3eR4tT5yU6iI7oO8pP9aS0dF1gG2hH3jJ4kK5lL6zZ7xX8cC9vV0bB1nN2mM3qW4eR5tT6yU7iI8oO9pP0aS1dF2gG3hH4jJ5kK6lL7zZ8xX9cC0vB1nN2mQ3wE4rR5tT6yY7uU8iI9oO0pP1aS2dF3gG4hH5jJ6kK7l4hH5jJ6kK7lL8zX9cV0bN1nM2qW3eR4tT5yU6iI7oO8pP9aS0dF1gG2hH3jJ4kK5lL6zZ7xX8cC9vV0bB1nN2mM3qW4eR5tT6yU7iI8oO9pP0aS1dF2gG3hH4jJ5kK6lL7zZ8xX9cC0vB1nN2mQ3wE4rR5tT6yY7uU8iI9oO0pP1aS2dF3gG4hH5jJ6kK7lL8zX9cV0bN1nM2qW3eR4tT5yU6iI7oO8pP9aS0dF1gG2hH3jJ4kK5lL6zZ7xX8cC9vV0bB1nN2mM3qW4eR5tT6yU7iI8oO9pP0aS1dF2gG3hH4jJ5kK6lL7zZ8xX9cC0vB1nN2mQ3wE4rR5tT6yY7uU8iI9oO0pP1aS2dF3gG4hH5jJ6kK7l4hH5jJ6kK7lL8zX9cV0bN1nM2qW3eR4tT5yU6iI7oO8pP9aS0dF1gG2hH3jJ4kK5lL6zZ7xX8cC9vV0bB1nN2mM3qW4eR5tT6yU7iI8oO9pP0aS1dF2gG3hH4jJ5kK6lL7zZ8xX9cC0vB1nN2mQ3wE4rR5tT6yY7uU8iI9oO0pP1aS2dF3gG4hH5jJ6kK7lL8zX9cV0bN1nM2qW3eR4tT5yU6iI7oO8pP9aS0dF1gG2hH3jJ4kK5lL6zZ7xX8cC9vV0bB1nN2mM3qW4eR5tT6yU7iI8oO9pP0aS1dF2gG3hH4jJ5kK6lL7zZ8xX9cC0vB1nN2mQ3wE4rR5tT6yY7uU8iI9oO0pP1aS2dF3gG4hH5jJ6kK7l4hH5jJ6kK7lL8zX9cV0bN1nM2qW3eR4tT5yU6iI7oO8pP9aS0dF1gG2hH3jJ4kK5lL6zZ7xX8cC9vV0bB1nN2mM3qW4eR5tT6yU7iI8oO9pP0aS1dF2gG3hH4jJ5kK6lL7zZ8xX9cC0vB1nN2mQ3wE4rR5tT6yY7uU8iI9oO0pP1aS2dF3gG4hH5jJ6kK7lL8zX9cV0bN1nM2qW3eR4tT5yU6iI7oO8pP9aS0dF1gG2hH3jJ4kK5lL6zZ7xX8cC9vV0bB1nN2mM3qW4eR5tT6yU7iI8oO9pP0aS1dF2gG3hH4jJ5kK6lL7zZ8xX9cC0vB1nN2mQ3wE4rR5tT6yY7uU8iI9oO0pP1aS2dF3gG4hH5jJ6kK7l4hH5jJ6kK7lL8zX9cV0bN1nM2qW3eR4tT5yU6iI7oO8pP9aS0dF1gG2hH3jJ4kK5lL6zZ7xX8cC9vV0bB1nN2mM3qW4eR5tT6yU7iI8oO9pP0aS1dF2gG3hH4jJ5kK6lL7zZ8xX9cC0vB1nN2mQ3wE4rR5tT6yY7uU8iI9oO0pP1aS2dF3gG4hH5jJ6kK7lL8zX9cV0bN1nM2qW3eR4tT5yU6iI7oO8pP9aS0dF1gG2hH3jJ4kK5lL6zZ7xX8cC9vV0bB1nN2mM3qW4eR5tT6yU7iI8oO9pP0aS1dF2gG3hH4jJ5kK6lL7zZ8xX9cC0vB1nN2mQ3wE4rR5tT6yY7uU8iI9oO0pP1aS2dF3gG4hH5jJ6kK7l4hH5jJ6kK7lL8zX9cV0bN1nM2qW3eR4tT5yU6iI7oO8pP9aS0dF1gG2hH3jJ4kK5lL6zZ7xX8cC9vV0bB1nN2mM3qW4eR5tT6yU7iI8oO9pP0aS1dF2gG3hH4jJ5kK6lL7zZ8xX9cC0vB1nN2mQ3wE4rR5tT6yY7uU8iI9oO0pP1aS2dF3gG4hH5jJ6kK7lL8zX9cV0bN1nM2qW3eR4tT5yU6iI7oO8pP9aS0dF1gG2hH3jJ4kK5lL6zZ7xX8cC9vV0bB1nN2mM3qW4eR5tT6yU7iI8oO9pP0aS1dF2gG3hH4jJ5kK6lL7zZ8xX9cC0vB1nN2mQ3wE4rR5tT6yY7uU8iI9oO0pP1aS2dF3gG4hH5jJ6kK7l4hH5jJ6kK7lL8zX9cV0bN1nM2qW3eR4tT5yU6iI7oO8pP9aS0dF1gG2hH3jJ4kK5lL6zZ7xX8cC9vV0bB1nN2mM3qW4eR5tT6yU7iI8oO9pP0aS1dF2gG3hH4jJ5kK6lL7zZ8xX9cC0vB1nN2mQ3wE4rR5tT6yY7uU8iI9oO0pP1aS2dF3gG4hH5jJ6kK7lL8zX9cV0bN1nM2qW3eR4tT5yU6iI7oO8pP9aS0dF1gG2hH3jJ4kK5lL6zZ7xX8cC9vV0bB1nN2mM3qW4eR5tT6yU7iI8oO9pP0aS1dF2gG3hH4jJ5kK6lL7zZ8xX9cC0vB1nN2mQ3wE4rR5tT6yY7uU8iI9oO0pP1aS2dF3gG4hH5jJ6kK7l4hH5jJ6kK7lL8zX9cV0bN1nM2qW3eR4tT5yU6iI7oO8pP9aS0dF1gG2hH3jJ4kK5lL6z7nB9vR2mX8kLp4QjW3tY5zH1aG6sF9dD0fS8gA7hJ6kL5mN4bV3vC2xZ1oP9iU8uY7tT6rR5eE4wW3qQ2aZ1sX2dC3fV4gB5hN6jM7kL8pO9iU0yT1rE2wQ3aS4dF5gG6hH7jJ8kK9lL0zZ1xX2cC3vV4bB5nN6mM7qQ8wW9eE0rR1tT2yY3uU4iI5oO6pP7aA8sS9dD0fF1gG2hH3jJ4kK5lL6zZ7xX8cC9vV0bB1nN2mM3qW4eR5tT6yU7iI8oO9pP0aS1dF2gG3hH4jJ5kK6lL7zZ8xX9cC0vB1nN2mQ3wE4rR5tT6yY7uU8iI9oO0pP1aS2dF3gG4hH5jJ6kK7lL8zX9cV0bN1nM2qW3eR4tT5yU6iI7oO8pP9aS0dF1gG2hH3jJ4kK5lL6zZ7xX8cC9vV0bB1nN2mM3qW4eR5tT6yU7iI8oO9pP0aS1dF2gG3hH4jJ5kK6lL7zZ8xX9cC0vB1nN2mQ3wE4rR5tT6yY7uU8iI9oO0pP1aS2dF3gG4hH5jJ6kK7lL8zX9cV0bN1nM2qW3eR4tT5yU6iI7oO8pP9aS0dF1gG2hH3jJ4kK5lL6zZ7xX8cC9vV0bB1nN2mM3qW4eR5tT6yU7iI8oO9pP0aS1dF2gG3hH4jJ5kK6lL7zZ8xX9cC0vB1nN2mQ3wE4rR5tT6yY7uU8iI9oO0pP1aS2dF3gG4hH5jJ6kK7lL8zX9cV0bN1nM2qW3eR4tT5yU6iI7oO8pP9aS0dF1gG2hH3jJ4kK5lL6zZ7xX8cC9vV0bB1nN2mM3qW4eR5tT6yU7iI8oO9pP0aS1dF2gG3hH4jJ5kK6lL7zZ8xX9cC0vB1nN2mQ3wE4rR5tT6yY7uU8iI9oO0pP1aS2dF3gG4hH5jJ6kK7lL8zX9cV0bN1nM2qW3eR4tT5yU6iI7oO8pP9aS0dF1gG2hH3jJ4kK5lL6zZ7xX8cC9vV0bB1nN2mM3qW4eR5tT6yU7iI8oO9pP0aS1dF2gG3hH4jJ5kK6lL7zZ8xX9cC0vB1nN2mQ3wE4rR5tT6yY7uU8iI9oO0pP1aS2dF3gG4hH5jJ6kK7l4hH5jJ6kK7lL8zX9cV0bN1nM2qW3eR4tT5yU6iI7oO8pP9aS0dF1gG2hH3jJ4kK5lL6zZ7xX8cC9vV0bB1nN2mM3qW4eR5tT6yU7iI8oO9pP0aS1dF2gG3hH4jJ5kK6lL7zZ8xX9cC0vB1nN2mQ3wE4rR5tT6yY7uU8iI9oO0pP1aS2dF3gG4hH5jJ6kK7lL8zX9cV0bN1nM2qW3eR4tT5yU6iI7oO8pP9aS0dF1gG2hH3jJ4kK5lL6zZ7xX8cC9vV0bB1nN2mM3qW4eR5tT6yU7iI8oO9pP0aS1dF2gG3hH4jJ5kK6lL7zZ8xX9cC0vB1nN2mQ3wE4rR5tT6yY7uU8iI9oO0pP1aS2dF3gG4hH5jJ6kK7l4hH5jJ6kK7lL8zX9cV0bN1nM2qW3eR4tT5yU6iI7oO8pP9aS0dF1gG2hH3jJ4kK5lL6zZ7xX8cC9vV0bB1nN2mM3qW4eR5tT6yU7iI8oO9pP0aS1dF2gG3hH4jJ5kK6lL7zZ8xX9cC0vB1nN2mQ3wE4rR5tT6yY7uU8iI9oO0pP1aS2dF3gG4hH5jJ6kK7lL8zX9cV0bN1nM2qW3eR4tT5yU6iI7oO8pP9aS0dF1gG2hH3jJ4kK5lL6zZ7xX8cC9vV0bB1nN2mM3qW4eR5tT6yU7iI8oO9pP0aS1dF2gG3hH4jJ5kK6lL7zZ8xX9cC0vB1nN2mQ3wE4rR5tT6yY7uU8iI9oO0pP1aS2dF3gG4hH5jJ6kK7l4hH5jJ6kK7lL8zX9cV0bN1nM2qW3eR4tT5yU6iI7oO8pP9aS0dF1gG2hH3jJ4kK5lL6zZ7xX8cC9vV0bB1nN2mM3qW4eR5tT6yU7iI8oO9pP0aS1dF2gG3hH4jJ5kK6lL7zZ8xX9cC0vB1nN2mQ3wE4rR5tT6yY7uU8iI9oO0pP1aS2dF3gG4hH5jJ6kK7lL8zX9cV0bN1nM2qW3eR4tT5yU6iI7oO8pP9aS0dF1gG2hH3jJ4kK5lL6zZ7xX8cC9vV0bB1nN2mM3qW4eR5tT6yU7iI8oO9pP0aS1dF2gG3hH4jJ5kK6lL7zZ8xX9cC0vB1nN2mQ3wE4rR5tT6yY7uU8iI9oO0pP1aS2dF3gG4hH5jJ6kK7l4hH5jJ6kK7lL8zX9cV0bN1nM2qW3eR4tT5yU6iI7oO8pP9aS0dF1gG2hH3jJ4kK5lL6zZ7xX8cC9vV0bB1nN2mM3qW4eR5tT6yU7iI8oO9pP0aS1dF2gG3hH4jJ5kK6lL7zZ8xX9cC0vB1nN2mQ3wE4rR5tT6yY7uU8iI9oO0pP1aS2dF3gG4hH5jJ6kK7lL8zX9cV0bN1nM2qW3eR4tT5yU6iI7oO8pP9aS0dF1gG2hH3jJ4kK5lL6zZ7xX8cC9vV0bB1nN2mM3qW4eR5tT6yU7iI8oO9pP0aS1dF2gG3hH4jJ5kK6lL7zZ8xX9cC0vB1nN2mQ3wE4rR5tT6yY7uU8iI9oO0pP1aS2dF3gG4hH5jJ6kK7l4hH5jJ6kK7lL8zX9cV0bN1nM2qW3eR4tT5yU6iI7oO8pP9aS0dF1gG2hH3jJ4kK5lL6zZ7xX8cC9vV0bB1nN2mM3qW4eR5tT6yU7iI8oO9pP0aS1dF2gG3hH4jJ5kK6lL7zZ8xX9cC0vB1nN2mQ3wE4rR5tT6yY7uU8iI9oO0pP1aS2dF3gG4hH5jJ6kK7lL8zX9cV0bN1nM2qW3eR4tT5yU6iI7oO8pP9aS0dF1gG2hH3jJ4kK5lL6zZ7xX8cC9vV0bB1nN2mM3qW4eR5tT6yU7iI8oO9pP0aS1dF2gG3hH4jJ5kK6lL7zZ8xX9cC0vB1nN2mQ3wE4rR5tT6yY7uU8iI9oO0pP1aS2dF3gG4hH5jJ6kK7l4hH5jJ6kK7lL8zX9cV0bN1nM2qW3eR4tT5yU6iI7oO8pP9aS0dF1gG2hH3jJ4kK5lL6zZ7xX8cC9vV0bB1nN2mM3qW4eR5tT6yU7iI8oO9pP0aS1dF2gG3hH4jJ5kK6lL7zZ8xX9cC0vB1nN2mQ3wE4rR5tT6yY7uU8iI9oO0pP1aS2dF3gG4hH5jJ6kK7lL8zX9cV0bN1nM2qW3eR4tT5yU6iI7oO8pP9aS0dF1gG2hH3jJ4kK5lL6zZ7xX8cC9vV0bB1nN2mM3qW4eR5tT6yU7iI8oO9pP0aS1dF2gG3hH4jJ5kK6lL7zZ8xX9cC0vB1nN2mQ3wE4rR5tT6yY7uU8iI9oO0pP1aS2dF3gG4hH5jJ6kK7l4hH5jJ6kK7lL8zX9cV0bN1nM2qW3eR4tT5yU6iI7oO8pP9aS0dF1gG2hH3jJ4kK5lL6zZ7xX8cC9vV0bB1nN2mM3qW4eR5tT6yU7iI8oO9pP0aS1dF2gG3hH4jJ5kK6lL7zZ8xX9cC0vB1nN2mQ3wE4rR5tT6yY7uU8iI9oO0pP1aS2dF3gG4hH5jJ6kK7lL8zX9cV0bN1nM2qW3eR4tT5yU6iI7oO8pP9aS0dF1gG2hH3jJ4kK5lL6zZ7xX8cC9vV0bB1nN2mM3qW4eR5tT6yU7iI8oO9pP0aS1dF2gG3hH4jJ5kK6lL7zZ8xX9cC0vB1nN2mQ3wE4rR5tT6yY7uU8iI9oO0pP1aS2dF3gG4hH5jJ6kK7l4hH5jJ6kK7lL8zX9cV0bN1nM2qW3eR4tT5yU6iI7oO8pP9aS0dF1gG2hH3jJ4kK5lL6z7nB9vR2mX8kLp4QjW3tY5zH1aG6sF9dD0fS8gA7hJ6kL5mN4bV3vC2xZ1oP9iU8uY7tT6rR5eE4wW3qQ2aZ1sX2dC3fV4gB5hN6jM7kL8pO9iU0yT1rE2wQ3aS4dF5gG6hH7jJ8kK9lL0zZ1xX2cC3vV4bB5nN6mM7qQ8wW9eE0rR1tT2yY3uU4iI5oO6pP7aA8sS9dD0fF1gG2hH3jJ4kK5lL6zZ7xX8cC9vV0bB1nN2mM3qW4eR5tT6yU7iI8oO9pP0aS1dF2gG3hH4jJ5kK6lL7zZ8xX9cC0vB1nN2mQ3wE4rR5tT6yY7uU8iI9oO0pP1aS2dF3gG4hH5jJ6kK7lL8zX9cV0bN1nM2qW3eR4tT5yU6iI7oO8pP9aS0dF1gG2hH3jJ4kK5lL6zZ7xX8cC9vV0bB1nN2mM3qW4eR5tT6yU7iI8oO9pP0aS1dF2gG3hH4jJ5kK6lL7zZ8xX9cC0vB1nN2mQ3wE4rR5tT6yY7uU8iI9oO0pP1aS2dF3gG4hH5jJ6kK7lL8zX9cV0bN1nM2qW3eR4tT5yU6iI7oO8pP9aS0dF1gG2hH3jJ4kK5lL6zZ7xX8cC9vV0bB1nN2mM3qW4eR5tT6yU7iI8oO9pP0aS1dF2gG3hH4jJ5kK6lL7zZ8xX9cC0vB1nN2mQ3wE4rR5tT6yY7uU8iI9oO0pP1aS2dF3gG4hH5jJ6kK7lL8zX9cV0bN1nM2qW3eR4tT5yU6iI7oO8pP9aS0dF1gG2hH3jJ4kK5lL6zZ7xX8cC9vV0bB1nN2mM3qW4eR5tT6yU7iI8oO9pP0aS1dF2gG3hH4jJ5kK6lL7zZ8xX9cC0vB1nN2mQ3wE4rR5tT6yY7uU8iI9oO0pP1aS2dF3gG4hH5jJ6kK7lL8zX9cV0bN1nM2qW3eR4tT5yU6iI7oO8pP9aS0dF1gG2hH3jJ4kK5lL6zZ7xX8cC9vV0bB1nN2mM3qW4eR5tT6yU7iI8oO9pP0aS1dF2gG3hH4jJ5kK6lL7zZ8xX9cC0vB1nN2mQ3wE4rR5tT6yY7uU8iI9oO0pP1aS2dF3gG4hH5jJ6kK7l4hH5jJ6kK7lL8zX9cV0bN1nM2qW3eR4tT5yU6iI7oO8pP9aS0dF1gG2hH3jJ4kK5lL6zZ7xX8cC9vV0bB1nN2mM3qW4eR5tT6yU7iI8oO9pP0aS1dF2gG3hH4jJ5kK6lL7zZ8xX9cC0vB1nN2mQ3wE4rR5tT6yY7uU8iI9oO0pP1aS2dF3gG4hH5jJ6kK7lL8zX9cV0bN1nM2qW3eR4tT5yU6iI7oO8pP9aS0dF1gG2hH3jJ4kK5lL6zZ7xX8cC9vV0bB1nN2mM3qW4eR5tT6yU7iI8oO9pP0aS1dF2gG3hH4jJ5kK6lL7zZ8xX9cC0vB1nN2mQ3wE4rR5tT6yY7uU8iI9oO0pP1aS2dF3gG4hH5jJ6kK7l4hH5jJ6kK7lL8zX9cV0bN1nM2qW3eR4tT5yU6iI7oO8pP9aS0dF1gG2hH3jJ4kK5lL6zZ7xX8cC9vV0bB1nN2mM3qW4eR5tT6yU7iI8oO9pP0aS1dF2gG3hH4jJ5kK6lL7zZ8xX9cC0vB1nN2mQ3wE4rR5tT6yY7uU8iI9oO0pP1aS2dF3gG4hH5jJ6kK7lL8zX9cV0bN1nM2qW3eR4tT5yU6iI7oO8pP9aS0dF1gG2hH3jJ4kK5lL6zZ7xX8cC9vV0bB1nN2mM3qW4eR5tT6yU7iI8oO9pP0aS1dF2gG3hH4jJ5kK6lL7zZ8xX9cC0vB1nN2mQ3wE4rR5tT6yY7uU8iI9oO0pP1aS2dF3gG4hH5jJ6kK7l4hH5jJ6kK7lL8zX9cV0bN1nM2qW3eR4tT5yU6iI7oO8pP9aS0dF1gG2hH3jJ4kK5lL6zZ7xX8cC9vV0bB1nN2mM3qW4eR5tT6yU7iI8oO9pP0aS1dF2gG3hH4jJ5kK6lL7zZ8xX9cC0vB1nN2mQ3wE4rR5tT6yY7uU8iI9oO0pP1aS2dF3gG4hH5jJ6kK7lL8zX9cV0bN1nM2qW3eR4tT5yU6iI7oO8pP9aS0dF1gG2hH3jJ4kK5lL6zZ7xX8cC9vV0bB1nN2mM3qW4eR5tT6yU7iI8oO9pP0aS1dF2gG3hH4jJ5kK6lL7zZ8xX9cC0vB1nN2mQ3wE4rR5tT6yY7uU8iI9oO0pP1aS2dF3gG4hH5jJ6kK7l4hH5jJ6kK7lL8zX9cV0bN1nM2qW3eR4tT5yU6iI7oO8pP9aS0dF1gG2hH3jJ4kK5lL6zZ7xX8cC9vV0bB1nN2mM3qW4eR5tT6yU7iI8oO9pP0aS1dF2gG3hH4jJ5kK6lL7zZ8xX9cC0vB1nN2mQ3wE4rR5tT6yY7uU8iI9oO0pP1aS2dF3gG4hH5jJ6kK7lL8zX9cV0bN1nM2qW3eR4tT5yU6iI7oO8pP9aS0dF1gG2hH3jJ4kK5lL6zZ7xX8cC9vV0bB1nN2mM3qW4eR5tT6yU7iI8oO9pP0aS1dF2gG3hH4jJ5kK6lL7zZ8xX9cC0vB1nN2mQ3wE4rR5tT6yY7uU8iI9oO0pP1aS2dF3gG4hH5jJ6kK7l4hH5jJ6kK7lL8zX9cV0bN1nM2qW3eR4tT5yU6iI7oO8pP9aS0dF1gG2hH3jJ4kK5lL6zZ7xX8cC9vV0bB1nN2mM3qW4eR5tT6yU7iI8oO9pP0aS1dF2gG3hH4jJ5kK6lL7zZ8xX9cC0vB1nN2mQ3wE4rR5tT6yY7uU8iI9oO0pP1aS2dF3gG4hH5jJ6kK7lL8zX9cV0bN1nM2qW3eR4tT5yU6iI7oO8pP9aS0dF1gG2hH3jJ4kK5lL6zZ7xX8cC9vV0bB1nN2mM3qW4eR5tT6yU7iI8oO9pP0aS1dF2gG3hH4jJ5kK6lL7zZ8xX9cC0vB1nN2mQ3wE4rR5tT6yY7uU8iI9oO0pP1aS2dF3gG4hH5jJ6kK7l4hH5jJ6kK7lL8zX9cV0bN1nM2qW3eR4tT5yU6iI7oO8pP9aS0dF1gG2hH3jJ4kK5lL6zZ7xX8cC9vV0bB1nN2mM3qW4eR5tT6yU7iI8oO9pP0aS1dF2gG3hH4jJ5kK6lL7zZ8xX9cC0vB1nN2mQ3wE4rR5tT6yY7uU8iI9oO0pP1aS2dF3gG4hH5jJ6kK7lL8zX9cV0bN1nM2qW3eR4tT5yU6iI7oO8pP9aS0dF1gG2hH3jJ4kK5lL6zZ7xX8cC9vV0bB1nN2mM3qW4eR5tT6yU7iI8oO9pP0aS1dF2gG3hH4jJ5kK6lL7zZ8xX9cC0vB1nN2mQ3wE4rR5tT6yY7uU8iI9oO0pP1aS2dF3gG4hH5jJ6kK7l4hH5jJ6kK7lL8zX9cV0bN1nM2qW3eR4tT5yU6iI7oO8pP9aS0dF1gG2hH3jJ4kK5lL6zZ7xX8cC9vV0bB1nN2mM3qW4eR5tT6yU7iI8oO9pP0aS1dF2gG3hH4jJ5kK6lL7zZ8xX9cC0vB1nN2mQ3wE4rR5tT6yY7uU8iI9oO0pP1aS2dF3gG4hH5jJ6kK7lL8zX9cV0bN1nM2qW3eR4tT5yU6iI7oO8pP9aS0dF1gG2hH3jJ4kK5lL6zZ7xX8cC9vV0bB1nN2mM3qW4eR5tT6yU7iI8oO9pP0aS1dF2gG3hH4jJ5kK6lL7zZ8xX9cC0vB1nN2mQ3wE4rR5tT6yY7uU8iI9oO0pP1aS2dF3gG4hH5jJ6kK7l4hH5jJ6kK7lL8zX9cV0bN1nM2qW3eR4tT5yU6iI7oO8pP9aS0dF1gG2hH3jJ4kK5lL6z7nB9vR2mX8kLp4QjW3tY5zH1aG6sF9dD0fS8gA7hJ6kL5mN4bV3vC2xZ1oP9iU8uY7tT6rR5eE4wW3qQ2aZ1sX2dC3fV4gB5hN6jM7kL8pO9iU0yT1rE2wQ3aS4dF5gG6hH7jJ8kK9lL0zZ1xX2cC3vV4bB5nN6mM7qQ8wW9eE0rR1tT2yY3uU4iI5oO6pP7aA8sS9dD0fF1gG2hH3jJ4kK5lL6zZ7xX8cC9vV0bB1nN2mM3qW4eR5tT6yU7iI8oO9pP0aS1dF2gG3hH4jJ5kK6lL7zZ8xX9cC0vB1nN2mQ3wE4rR5tT6yY7uU8iI9oO0pP1aS2dF3gG4hH5jJ6kK7lL8zX9cV0bN1nM2qW3eR4tT5yU6iI7oO8pP9aS0dF1gG2hH3jJ4kK5lL6zZ7xX8cC9vV0bB1nN2mM3qW4eR5tT6yU7iI8oO9pP0aS1dF2gG3hH4jJ5kK6lL7zZ8xX9cC0vB1nN2mQ3wE4rR5tT6yY7uU8iI9oO0pP1aS2dF3gG4hH5jJ6kK7lL8zX9cV0bN1nM2qW3eR4tT5yU6iI7oO8pP9aS0dF1gG2hH3jJ4kK5lL6zZ7xX8cC9vV0bB1nN2mM3qW4eR5tT6yU7iI8oO9pP0aS1dF2gG3hH4jJ5kK6lL7zZ8xX9cC0vB1nN2mQ3wE4rR5tT6yY7uU8iI9oO0pP1aS2dF3gG4hH5jJ6kK7lL8zX9cV0bN1nM2qW3eR4tT5yU6iI7oO8pP9aS0dF1gG2hH3jJ4kK5lL6zZ7xX8cC9vV0bB1nN2mM3qW4eR5tT6yU7iI8oO9pP0aS1dF2gG3hH4jJ5kK6lL7zZ8xX9cC0vB1nN2mQ3wE4rR5tT6yY7uU8iI9oO0pP1aS2dF3gG4hH5jJ6kK7lL8zX9cV0bN1nM2qW3eR4tT5yU6iI7oO8pP9aS0dF1gG2hH3jJ4kK5lL6zZ7xX8cC9vV0bB1nN2mM3qW4eR5tT6yU7iI8oO9pP0aS1dF2gG3hH4jJ5kK6lL7zZ8xX9cC0vB1nN2mQ3wE4rR5tT6yY7uU8iI9oO0pP1aS2dF3gG4hH5jJ6kK7l4hH5jJ6kK7lL8zX9cV0bN1nM2qW3eR4tT5yU6iI7oO8pP9aS0dF1gG2hH3jJ4kK5lL6zZ7xX8cC9vV0bB1nN2mM3qW4eR5tT6yU7iI8oO9pP0aS1dF2gG3hH4jJ5kK6lL7zZ8xX9cC0vB1nN2mQ3wE4rR5tT6yY7uU8iI9oO0pP1aS2dF3gG4hH5jJ6kK7lL8zX9cV0bN1nM2qW3eR4tT5yU6iI7oO8pP9aS0dF1gG2hH3jJ4kK5lL6zZ7xX8cC9vV0bB1nN2mM3qW4eR5tT6yU7iI8oO9pP0aS1dF2gG3hH4jJ5kK6lL7zZ8xX9cC0vB1nN2mQ3wE4rR5tT6yY7uU8iI9oO0pP1aS2dF3gG4hH5jJ6kK7l4hH5jJ6kK7lL8zX9cV0bN1nM2qW3eR4tT5yU6iI7oO8pP9aS0dF1gG2hH3jJ4kK5lL6zZ7xX8cC9vV0bB1nN2mM3qW4eR5tT6yU7iI8oO9pP0aS1dF2gG3hH4jJ5kK6lL7zZ8xX9cC0vB1nN2mQ3wE4rR5tT6yY7uU8iI9oO0pP1aS2dF3gG4hH5jJ6kK7lL8zX9cV0bN1nM2qW3eR4tT5yU6iI7oO8pP9aS0dF1gG2hH3jJ4kK5lL6zZ7xX8cC9vV0bB1nN2mM3qW4eR5tT6yU7iI8oO9pP0aS1dF2gG3hH4jJ5kK6lL7zZ8xX9cC0vB1nN2mQ3wE4rR5tT6yY7uU8iI9oO0pP1aS2dF3gG4hH5jJ6kK7l4hH5jJ6kK7lL8zX9cV0bN1nM2qW3eR4tT5yU6iI7oO8pP9aS0dF1gG2hH3jJ4kK5lL6zZ7xX8cC9vV0bB1nN2mM3qW4eR5tT6yU7iI8oO9pP0aS1dF2gG3hH4jJ5kK6lL7zZ8xX9cC0vB1nN2mQ3wE4rR5tT6yY7uU8iI9oO0pP1aS2dF3gG4hH5jJ6kK7lL8zX9cV0bN1nM2qW3eR4tT5yU6iI7oO8pP9aS0dF1gG2hH3jJ4kK5lL6zZ7xX8cC9vV0bB1nN2mM3qW4eR5tT6yU7iI8oO9pP0aS1dF2gG3hH4jJ5kK6lL7zZ8xX9cC0vB1nN2mQ3wE4rR5tT6yY7uU8iI9oO0pP1aS2dF3gG4hH5jJ6kK7l4hH5jJ6kK7lL8zX9cV0bN1nM2qW3eR4tT5yU6iI7oO8pP9aS0dF1gG2hH3jJ4kK5lL6zZ7xX8cC9vV0bB1nN2mM3qW4eR5tT6yU7iI8oO9pP0aS1dF2gG3hH4jJ5kK6lL7zZ8xX9cC0vB1nN2mQ3wE4rR5tT6yY7uU8iI9oO0pP1aS2dF3gG4hH5jJ6kK7lL8zX9cV0bN1nM2qW3eR4tT5yU6iI7oO8pP9aS0dF1gG2hH3jJ4kK5lL6zZ7xX8cC9vV0bB1nN2mM3qW4eR5tT6yU7iI8oO9pP0aS1dF2gG3hH4jJ5kK6lL7zZ8xX9cC0vB1nN2mQ3wE4rR5tT6yY7uU8iI9oO0pP1aS2dF3gG4hH5jJ6kK7l4hH5jJ6kK7lL8zX9cV0bN1nM2qW3eR4tT5yU6iI7oO8pP9aS0dF1gG2hH3jJ4kK5lL6zZ7xX8cC9vV0bB1nN2mM3qW4eR5tT6yU7iI8oO9pP0aS1dF2gG3hH4jJ5kK6lL7zZ8xX9cC0vB1nN2mQ3wE4rR5tT6yY7uU8iI9oO0pP1aS2dF3gG4hH5jJ6kK7lL8zX9cV0bN1nM2qW3eR4tT5yU6iI7oO8pP9aS0dF1gG2hH3jJ4kK5lL6zZ7xX8cC9vV0bB1nN2mM3qW4eR5tT6yU7iI8oO9pP0aS1dF2gG3hH4jJ5kK6lL7zZ8xX9cC0vB1nN2mQ3wE4rR5tT6yY7uU8iI9oO0pP1aS2dF3gG4hH5jJ6kK7l4hH5jJ6kK7lL8zX9cV0bN1nM2qW3eR4tT5yU6iI7oO8pP9aS0dF1gG2hH3jJ4kK5lL6zZ7xX8cC9vV0bB1nN2mM3qW4eR5tT6yU7iI8oO9pP0aS1dF2gG3hH4jJ5kK6lL7zZ8xX9cC0vB1nN2mQ3wE4rR5tT6yY7uU8iI9oO0pP1aS2dF3gG4hH5jJ6kK7lL8zX9cV0bN1nM2qW3eR4tT5yU6iI7oO8pP9aS0dF1gG2hH3jJ4kK5lL6zZ7xX8cC9vV0bB1nN2mM3qW4eR5tT6yU7iI8oO9pP0aS1dF2gG3hH4jJ5kK6lL7zZ8xX9cC0vB1nN2mQ3wE4rR5tT6yY7uU8iI9oO0pP1aS2dF3gG4hH5jJ6kK7l4hH5jJ6kK7lL8zX9cV0bN1nM2qW3eR4tT5yU6iI7oO8pP9aS0dF1gG2hH3jJ4kK5lL6zZ7xX8cC9vV0bB1nN2mM3qW4eR5tT6yU7iI8oO9pP0aS1dF2gG3hH4jJ5kK6lL7zZ8xX9cC0vB1nN2mQ3wE4rR5tT6yY7uU8iI9oO0pP1aS2dF3gG4hH5jJ6kK7lL8zX9cV0bN1nM2qW3eR4tT5yU6iI7oO8pP9aS0dF1gG2hH3jJ4kK5lL6zZ7xX8cC9vV0bB1nN2mM3qW4eR5tT6yU7iI8oO9pP0aS1dF2gG3hH4jJ5kK6lL7zZ8xX9cC0vB1nN2mQ3wE4rR5tT6yY7uU8iI9oO0pP1aS2dF3gG4hH5jJ6kK7l4hH5jJ6kK7lL8zX9cV0bN1nM2qW3eR4tT5yU6iI7oO8pP9aS0dF1gG2hH3jJ4kK5lL6z7nB9vR2mX8kLp4QjW3tY5zH1aG6sF9dD0fS8gA7hJ6kL5mN4bV3vC2xZ1oP9iU8uY7tT6rR5eE4wW3qQ2aZ1sX2dC3fV4gB5hN6jM7kL8pO9iU0yT1rE2wQ3aS4dF5gG6hH7jJ8kK9lL0zZ1xX2cC3vV4bB5nN6mM7qQ8wW9eE0rR1tT2yY3uU4iI5oO6pP7aA8sS9dD0fF1gG2hH3jJ4kK5lL6zZ7xX8cC9vV0bB1nN2mM3qW4eR5tT6yU7iI8oO9pP0aS1dF2gG3hH4jJ5kK6lL7zZ8xX9cC0vB1nN2mQ3wE4rR5tT6yY7uU8iI9oO0pP1aS2dF3gG4hH5jJ6kK7lL8zX9cV0bN1nM2qW3eR4tT5yU6iI7oO8pP9aS0dF1gG2hH3jJ4kK5lL6zZ7xX8cC9vV0bB1nN2mM3qW4eR5tT6yU7iI8oO9pP0aS1dF2gG3hH4jJ5kK6lL7zZ8xX9cC0vB1nN2mQ3wE4rR5tT6yY7uU8iI9oO0pP1aS2dF3gG4hH5jJ6kK7lL8zX9cV0bN1nM2qW3eR4tT5yU6iI7oO8pP9aS0dF1gG2hH3jJ4kK5lL6zZ7xX8cC9vV0bB1nN2mM3qW4eR5tT6yU7iI8oO9pP0aS1dF2gG3hH4jJ5kK6lL7zZ8xX9cC0vB1nN2mQ3wE4rR5tT6yY7uU8iI9oO0pP1aS2dF3gG4hH5jJ6kK7lL8zX9cV0bN1nM2qW3eR4tT5yU6iI7oO8pP9aS0dF1gG2hH3jJ4kK5lL6zZ7xX8cC9vV0bB1nN2mM3qW4eR5tT6yU7iI8oO9pP0aS1dF2gG3hH4jJ5kK6lL7zZ8xX9cC0vB1nN2mQ3wE4rR5tT6yY7uU8iI9oO0pP1aS2dF3gG4hH5jJ6kK7lL8zX9cV0bN1nM2qW3eR4tT5yU6iI7oO8pP9aS0dF1gG2hH3jJ4kK5lL6zZ7xX8cC9vV0bB1nN2mM3qW4eR5tT6yU7iI8oO9pP0aS1dF2gG3hH4jJ5kK6lL7zZ8xX9cC0vB1nN2mQ3wE4rR5tT6yY7uU8iI9oO0pP1aS2dF3gG4hH5jJ6kK7l4hH5jJ6kK7lL8zX9cV0bN1nM2qW3eR4tT5yU6iI7oO8pP9aS0dF1gG2hH3jJ4kK5lL6zZ7xX8cC9vV0bB1nN2mM3qW4eR5tT6yU7iI8oO9pP0aS1dF2gG3hH4jJ5kK6lL7zZ8xX9cC0vB1nN2mQ3wE4rR5tT6yY7uU8iI9oO0pP1aS2dF3gG4hH5jJ6kK7lL8zX9cV0bN1nM2qW3eR4tT5yU6iI7oO8pP9aS0dF1gG2hH3jJ4kK5lL6zZ7xX8cC9vV0bB1nN2mM3qW4eR5tT6yU7iI8oO9pP0aS1dF2gG3hH4jJ5kK6lL7zZ8xX9cC0vB1nN2mQ3wE4rR5tT6yY7uU8iI9oO0pP1aS2dF3gG4hH5jJ6kK7l4hH5jJ6kK7lL8zX9cV0bN1nM2qW3eR4tT5yU6iI7oO8pP9aS0dF1gG2hH3jJ4kK5lL6zZ7xX8cC9vV0bB1nN2mM3qW4eR5tT6yU7iI8oO9pP0aS1dF2gG3hH4jJ5kK6lL7zZ8xX9cC0vB1nN2mQ3wE4rR5tT6yY7uU8iI9oO0pP1aS2dF3gG4hH5jJ6kK7lL8zX9cV0bN1nM2qW3eR4tT5yU6iI7oO8pP9aS0dF1gG2hH3jJ4kK5lL6zZ7xX8cC9vV0bB1nN2mM3qW4eR5tT6yU7iI8oO9pP0aS1dF2gG3hH4jJ5kK6lL7zZ8xX9cC0vB1nN2mQ3wE4rR5tT6yY7uU8iI9oO0pP1aS2dF3gG4hH5jJ6kK7l4hH5jJ6kK7lL8zX9cV0bN1nM2qW3eR4tT5yU6iI7oO8pP9aS0dF1gG2hH3jJ4kK5lL6zZ7xX8cC9vV0bB1nN2mM3qW4eR5tT6yU7iI8oO9pP0aS1dF2gG3hH4jJ5kK6lL7zZ8xX9cC0vB1nN2mQ3wE4rR5tT6yY7uU8iI9oO0pP1aS2dF3gG4hH5jJ6kK7lL8zX9cV0bN1nM2qW3eR4tT5yU6iI7oO8pP9aS0dF1gG2hH3jJ4kK5lL6zZ7xX8cC9vV0bB1nN2mM3qW4eR5tT6yU7iI8oO9pP0aS1dF2gG3hH4jJ5kK6lL7zZ8xX9cC0vB1nN2mQ3wE4rR5tT6yY7uU8iI9oO0pP1aS2dF3gG4hH5jJ6kK7l4hH5jJ6kK7lL8zX9cV0bN1nM2qW3eR4tT5yU6iI7oO8pP9aS0dF1gG2hH3jJ4kK5lL6zZ7xX8cC9vV0bB1nN2mM3qW4eR5tT6yU7iI8oO9pP0aS1dF2gG3hH4jJ5kK6lL7zZ8xX9cC0vB1nN2mQ3wE4rR5tT6yY7uU8iI9oO0pP1aS2dF3gG4hH5jJ6kK7lL8zX9cV0bN1nM2qW3eR4tT5yU6iI7oO8pP9aS0dF1gG2hH3jJ4kK5lL6zZ7xX8cC9vV0bB1nN2mM3qW4eR5tT6yU7iI8oO9pP0aS1dF2gG3hH4jJ5kK6lL7zZ8xX9cC0vB1nN2mQ3wE4rR5tT6yY7uU8iI9oO0pP1aS2dF3gG4hH5jJ6kK7l4hH5jJ6kK7lL8zX9cV0bN1nM2qW3eR4tT5yU6iI7oO8pP9aS0dF1gG2hH3jJ4kK5lL6zZ7xX8cC9vV0bB1nN2mM3qW4eR5tT6yU7iI8oO9pP0aS1dF2gG3hH4jJ5kK6lL7zZ8xX9cC0vB1nN2mQ3wE4rR5tT6yY7uU8iI9oO0pP1aS2dF3gG4hH5jJ6kK7lL8zX9cV0bN1nM2qW3eR4tT5yU6iI7oO8pP9aS0dF1gG2hH3jJ4kK5lL6zZ7xX8cC9vV0bB1nN2mM3qW4eR5tT6yU7iI8oO9pP0aS1dF2gG3hH4jJ5kK6lL7zZ8xX9cC0vB1nN2mQ3wE4rR5tT6yY7uU8iI9oO0pP1aS2dF3gG4hH5jJ6kK7l4hH5jJ6kK7lL8zX9cV0bN1nM2qW3eR4tT5yU6iI7oO8pP9aS0dF1gG2hH3jJ4kK5lL6zZ7xX8cC9vV0bB1nN2mM3qW4eR5tT6yU7iI8oO9pP0aS1dF2gG3hH4jJ5kK6lL7zZ8xX9cC0vB1nN2mQ3wE4rR5tT6yY7uU8iI9oO0pP1aS2dF3gG4hH5jJ6kK7lL8zX9cV0bN1nM2qW3eR4tT5yU6iI7oO8pP9aS0dF1gG2hH3jJ4kK5lL6zZ7xX8cC9vV0bB1nN2mM3qW4eR5tT6yU7iI8oO9pP0aS1dF2gG3hH4jJ5kK6lL7zZ8xX9cC0vB1nN2mQ3wE4rR5tT6yY7uU8iI9oO0pP1aS2dF3gG4hH5jJ6kK7l4hH5jJ6kK7lL8zX9cV0bN1nM2qW3eR4tT5yU6iI7oO8pP9aS0dF1gG2hH3jJ4kK5lL6zZ7xX8cC9vV0bB1nN2mM3qW4eR5tT6yU7iI8oO9pP0aS1dF2gG3hH4jJ5kK6lL7zZ8xX9cC0vB1nN2mQ3wE4rR5tT6yY7uU8iI9oO0pP1aS2dF3gG4hH5jJ6kK7lL8zX9cV0bN1nM2qW3eR4tT5yU6iI7oO8pP9aS0dF1gG2hH3jJ4kK5lL6zZ7xX8cC9vV0bB1nN2mM3qW4eR5tT6yU7iI8oO9pP0aS1dF2gG3hH4jJ5kK6lL7zZ8xX9cC0vB1nN2mQ3wE4rR5tT6yY7uU8iI9oO0pP1aS2dF3gG4hH5jJ6kK7l4hH5jJ6kK7lL8zX9cV0bN1nM2qW3eR4tT5yU6iI7oO8pP9aS0dF1gG2hH3jJ4kK5lL6z8zX9cV0bN1nM2qW3eR4tT5yU6iI7oO8pP9aS0dF1gG2hH3jJ4kK5lL6zZ7xX8cC9vV0bB1nN2mM3qW4eR5tT6yU7iI8oO9pP0aS1dF2gG3hH4jJ5kK6lL7zZ8xX9cC0vB1nN2mQ3wE4rR5tT6yY7uU8iI9oO0pP1aS2dF3gG4hH5jJ6kK7l4hH5jJ6kK7lL8zX9cV0bN1nM2qW3eR4tT5yU6iI7oO8pP9aS0dF1gG2hH3jJ4kK5lL6zZ7xX8cC9vV0bB1nN2mM3qW4eR5tT6yU7iI8oO9pP0aS1dF2gG3hH4jJ5kK6lL7zZ8xX9cC0vB1nN2mQ3wE4rR5tT6yY7uU8iI9oO0pP1aS2dF3gG4hH5jJ6kK7lL8zX9cV0bN1nM2qW3eR4tT5yU6iI7oO8pP9aS0dF1gG2hH3jJ4kK5lL6zZ7xX8cC9vV0bB1nN2mM3qW4eR5tT6yU7iI8oO9pP0aS1dF2gG3hH4jJ5kK6lL7zZ8xX9cC0vB1nN2mQ3wE4rR5tT6yY7uU8iI9oO0pP1aS2dF3gG4hH5jJ6kK7l4hH5jJ6kK7lL8zX9cV0bN1nM2qW3eR4tT5yU6iI7oO8pP9aS0dF1gG2hH3jJ4kK5lL6zZ7xX8cC9vV0bB1nN2mM3qW4eR5tT6yU7iI8oO9pP0aS1dF2gG3hH4jJ5kK6lL7zZ8xX9cC0vB1nN2mQ3wE4rR5tT6yY7uU8iI9oO0pP1aS2dF3gG4hH5jJ6kK7lL8zX9cV0bN1nM2qW3eR4tT5yU6iI7oO8pP9aS0dF1gG2hH3jJ4kK5lL6zZ7xX8cC9vV0bB1nN2mM3qW4eR5tT6yU7iI8oO9pP0aS1dFzX9cV0bN1nM2qW3eR4tT5yU6iI7oO8pP9aS0dF1gG2hH3jJ4kK5lL6zZ7xX8cC9vV0bB1nN2mM3qW4eR5tT6yU7iI8oO9pP0aS1dF2gG3hH4jJ5kK6lL7zZ8xX9cC0vB1nN2mQ3wE4rR5tT6yY7uU8iI9oO0pP1aS2dF3gG4hH5jJ6kK7lL8zX9cV0bN1nM2qW3eR4tT5yU6iI7oO8pP9aS0dF1gG2hH3jJ4kK5lL6zZ7xX8cC9vV0bB1nN2mM3qW4eR5tT6yU7iI8oO9pP0aS1dF2gG3hH4jJ5kK6lL7zZ8xX9cC0vB1nN2mQ3wE4rR5tT6yY7uU8iI9oO0pP1aS2dF3gG4hH5jJ6kK7l4hH5jJ6kK7lL8zX9cV0bN1nM2qW3eR4tT5yU6iI7oO8pP9aS0dF1gG2hH3jJ4kK5lL6zZ7xX8cC9vV0bB1nN2mM3qW4eR5tT6yU7iI8oO9pP0aS1dF2gG3hH4jJ5kK6lL7zZ8xX9cC0vB1nN2mQ3wE4rR5tT6yY7uU8iI9oO0pP1aS2dF3gG4hH5jJ6kK7lL8zX9cV0bN1nM2qW3eR4tT5yU6iI7oO8pP9aS0dF1gG2hH3jJ4kK5lL6zZ7xX8cC9vV0bB1nN2mM3qW4eR5tT6yU7iI8oO9pP0aS1dF2gG3hH4jJ5kK6lL7zZ8xX9cC0vB1nN2mQ3wE4rR5tT6yY7uU8iI9oO0pP1aS2dF3gG4hH5jJ6kK7l4hH5jJ6kK7lL8zX9cV0bN1nM2qW3eR4tT5yU6iI7oO8pP9aS0dF1gG2hH3jJ4kK5lL6zZ7xX8cC9vV0bB1nN2mM3qW4eR5tT6yU7iI8oO9pP0aS1dF2gG3hH4jJ5kK6lL7zZ8xX9cC0vB1nN2mQ3wE4rR5tT6yY7uU8iI9oO0pP1aS2dF3gG4hH5jJ6kK7lL8zX9cV0bN1nM2qW3eR4tT5yU6iI7oO8pP9aS0dF1gG2hH3jJ4kK5lL6zZ7xX8cC9vV0bB1nN2mM3qW4eR5tT6yU7iI8oO9pP0aS1dF2gG3hH4jJ5kK6lL7zZ8xX9cC0vB1nN2mQ3wE4rR5tT6yY7uU8iI9oO0pP1aS2dF3gG4hH5jJ6kK7l4hH5jJ6kK7lL8zX9cV0bN1nM2qW3eR4tT5yU6iI7oO8pP9aS0dF1gG2hH3jJ4kK5lL6zZ7xX8cC9vV0bB1nN2mM3qW4eR5tT6yU7iI8oO9pP0aS1dF2gG3hH4jJ5kK6lL7zZ8xX9cC0vB1nN2mQ3wE4rR5tT6yY7uU8iI9oO0pP1aS2dF3gG4hH5jJ6kK7lL8zX9cV0bN1nM2qW3eR4tT5yU6iI7oO8pP9aS0dF1gG2hH3jJ4kK5lL6zZ7xX8cC9vV0bB1nN2mM3qW4eR5tT6yU7iI8oO9pP0aS1dF2gG3hH4jJ5kK6lL7zZ8xX9cC0vB1nN2mQ3wE4rR5tT6yY7uU8iI9oO0pP1aS2dF3gG4hH5jJ6kK7l4hH5jJ6kK7lL8zX9cV0bN1nM2qW3eR4tT5yU6iI7oO8pP9aS0dF1gG2hH3jJ4kK5lL6zZ7xX8cC9vV0bB1nN2mM3qW4eR5tT6yU7iI8oO9pP0aS1dF2gG3hH4jJ5kK6lL7zZ8xX9cC0vB1nN2mQ3wE4rR5tT6yY7uU8iI9oO0pP1aS2dF3gG4hH5jJ6kK7lL8zX9cV0bN1nM2qW3eR4tT5yU6iI7oO8pP9aS0dF1gG2hH3jJ4kK5lL6zZ7xX8cC9vV0bB1nN2mM3qW4eR5tT6yU7iI8oO9pP0aS1dF2gG3hH4jJ5kK6lL7zZ8xX9cC0vB1nN2mQ3wE4rR5tT6yY7uU8iI9oO0pP1aS2dF3gG4hH5jJ6kK7l4hH5jJ6kK7lL8zX9cV0bN1nM2qW3eR4tT5yU6iI7oO8pP9aS0dF1gG2hH3jJ4kK5lL6z7nB9vR2mX8kLp4QjW3tY5zH1aG6sF9dD0fS8gA7hJ6kL5mN4bV3vC2xZ1oP9iU8uY7tT6rR5eE4wW3qQ2aZ1sX2dC3fV4gB5hN6jM7kL8pO9iU0yT1rE2wQ3aS4dF5gG6hH7jJ8kK9lL0zZ1xX2cC3vV4bB5nN6mM7qQ8wW9eE0rR1tT2yY3uU4iI5oO6pP7aA8sS9dD0fF1gG2hH3jJ4kK5lL6zZ7xX8cC9vV0bB1nN2mM3qW4eR5tT6yU7iI8oO9pP0aS1dF2gG3hH4jJ5kK6lL7zZ8xX9cC0vB1nN2mQ3wE4rR5tT6yY7uU8iI9oO0pP1aS2dF3gG4hH5jJ6kK7lL8zX9cV0bN1nM2qW3eR4tT5yU6iI7oO8pP9aS0dF1gG2hH3jJ4kK5lL6zZ7xX8cC9vV0bB1nN2mM3qW4eR5tT6yU7iI8oO9pP0aS1dF2gG3hH4jJ5kK6lL7zZ8xX9cC0vB1nN2mQ3wE4rR5tT6yY7uU8iI9oO0pP1aS2dF3gG4hH5jJ6kK7lL8zX9cV0bN1nM2qW3eR4tT5yU6iI7oO8pP9aS0dF1gG2hH3jJ4kK5lL6zZ7xX8cC9vV0bB1nN2mM3qW4eR5tT6yU7iI8oO9pP0aS1dF2gG3hH4jJ5kK6lL7zZ8xX9cC0vB1nN2mQ3wE4rR5tT6yY7uU8iI9oO0pP1aS2dF3gG4hH5jJ6kK7lL8zX9cV0bN1nM2qW3eR4tT5yU6iI7oO8pP9aS0dF1gG2hH3jJ4kK5lL6zZ7xX8cC9vV0bB1nN2mM3qW4eR5tT6yU7iI8oO9pP0aS1dF2gG3hH4jJ5kK6lL7zZ8xX9cC0vB1nN2mQ3wE4rR5tT6yY7uU8iI9oO0pP1aS2dF3gG4hH5jJ6kK7lL8zX9cV0bN1nM2qW3eR4tT5yU6iI7oO8pP9aS0dF1gG2hH3jJ4kK5lL6zZ7xX8cC9vV0bB1nN2mM3qW4eR5tT6yU7iI8oO9pP0aS1dF2gG3hH4jJ5kK6lL7zZ8xX9cC0vB1nN2mQ3wE4rR5tT6yY7uU8iI9oO0pP1aS2dF3gG4hH5jJ6kK7l4hH5jJ6kK7lL8zX9cV0bN1nM2qW3eR4tT5yU6iI7oO8pP9aS0dF1gG2hH3jJ4kK5lL6zZ7xX8cC9vV0bB1nN2mM3qW4eR5tT6yU7iI8oO9pP0aS1dF2gG3hH4jJ5kK6lL7zZ8xX9cC0vB1nN2mQ3wE4rR5tT6yY7uU8iI9oO0pP1aS2dF3gG4hH5jJ6kK7lL8zX9cV0bN1nM2qW3eR4tT5yU6iI7oO8pP9aS0dF1gG2hH3jJ4kK5lL6zZ7xX8cC9vV0bB1nN2mM3qW4eR5tT6yU7iI8oO9pP0aS1dF2gG3hH4jJ5kK6lL7zZ8xX9cC0vB1nN2mQ3wE4rR5tT6yY7uU8iI9oO0pP1aS2dF3gG4hH5jJ6kK7l4hH5jJ6kK7lL8zX9cV0bN1nM2qW3eR4tT5yU6iI7oO8pP9aS0dF1gG2hH3jJ4kK5lL6zZ7xX8cC9vV0bB1nN2mM3qW4eR5tT6yU7iI8oO9pP0aS1dF2gG3hH4jJ5kK6lL7zZ8xX9cC0vB1nN2mQ3wE4rR5tT6yY7uU8iI9oO0pP1aS2dF3gG4hH5jJ6kK7lL8zX9cV0bN1nM2qW3eR4tT5yU6iI7oO8pP9aS0dF1gG2hH3jJ4kK5lL6zZ7xX8cC9vV0bB1nN2mM3qW4eR5tT6yU7iI8oO9pP0aS1dF2gG3hH4jJ5kK6lL7zZ8xX9cC0vB1nN2mQ3wE4rR5tT6yY7uU8iI9oO0pP1aS2dF3gG4hH5jJ6kK7l4hH5jJ6kK7lL8zX9cV0bN1nM2qW3eR4tT5yU6iI7oO8pP9aS0dF1gG2hH3jJ4kK5lL6zZ7xX8cC9vV0bB1nN2mM3qW4eR5tT6yU7iI8oO9pP0aS1dF2gG3hH4jJ5kK6lL7zZ8xX9cC0vB1nN2mQ3wE4rR5tT6yY7uU8iI9oO0pP1aS2dF3gG4hH5jJ6kK7lL8zX9cV0bN1nM2qW3eR4tT5yU6iI7oO8pP9aS0dF1gG2hH3jJ4kK5lL6zZ7xX8cC9vV0bB1nN2mM3qW4eR5tT6yU7iI8oO9pP0aS1dF2gG3hH4jJ5kK6lL7zZ8xX9cC0vB1nN2mQ3wE4rR5tT6yY7uU8iI9oO0pP1aS2dF3gG4hH5jJ6kK7l4hH5jJ6kK7lL8zX9cV0bN1nM2qW3eR4tT5yU6iI7oO8pP9aS0dF1gG2hH3jJ4kK5lL6zZ7xX8cC9vV0bB1nN2mM3qW4eR5tT6yU7iI8oO9pP0aS1dF2gG3hH4jJ5kK6lL7zZ8xX9cC0vB1nN2mQ3wE4rR5tT6yY7uU8iI9oO0pP1aS2dF3gG4hH5jJ6kK7lL8zX9cV0bN1nM2qW3eR4tT5yU6iI7oO8pP9aS0dF1gG2hH3jJ4kK5lL6zZ7xX8cC9vV0bB1nN2mM3qW4eR5tT6yU7iI8oO9pP0aS1dF2gG3hH4jJ5kK6lL7zZ8xX9cC0vB1nN2mQ3wE4rR5tT6yY7uU8iI9oO0pP1aS2dF3gG4hH5jJ6kK7l4hH5jJ6kK7lL8zX9cV0bN1nM2qW3eR4tT5yU6iI7oO8pP9aS0dF1gG2hH3jJ4kK5lL6zZ7xX8cC9vV0bB1nN2mM3qW4eR5tT6yU7iI8oO9pP0aS1dF2gG3hH4jJ5kK6lL7zZ8xX9cC0vB1nN2mQ3wE4rR5tT6yY7uU8iI9oO0pP1aS2dF3gG4hH5jJ6kK7lL8zX9cV0bN1nM2qW3eR4tT5yU6iI7oO8pP9aS0dF1gG2hH3jJ4kK5lL6zZ7xX8cC9vV0bB1nN2mM3qW4eR5tT6yU7iI8oO9pP0aS1dF2gG3hH4jJ5kK6lL7zZ8xX9cC0vB1nN2mQ3wE4rR5tT6yY7uU8iI9oO0pP1aS2dF3gG4hH5jJ6kK7l4hH5jJ6kK7lL8zX9cV0bN1nM2qW3eR4tT5yU6iI7oO8pP9aS0dF1gG2hH3jJ4kK5lL6zZ7xX8cC9vV0bB1nN2mM3qW4eR5tT6yU7iI8oO9pP0aS1dF2gG3hH4jJ5kK6lL7zZ8xX9cC0vB1nN2mQ3wE4rR5tT6yY7uU8iI9oO0pP1aS2dF3gG4hH5jJ6kK7lL8zX9cV0bN1nM2qW3eR4tT5yU6iI7oO8pP9aS0dF1gG2hH3jJ4kK5lL6zZ7xX8cC9vV0bB1nN2mM3qW4eR5tT6yU7iI8oO9pP0aS1dF2gG3hH4jJ5kK6lL7zZ8xX9cC0vB1nN2mQ3wE4rR5tT6yY7uU8iI9oO0pP1aS2dF3gG4hH5jJ6kK7l4hH5jJ6kK7lL8zX9cV0bN1nM2qW3eR4tT5yU6iI7oO8pP9aS0dF1gG2hH3jJ4kK5lL6zZ7xX8cC9vV0bB1nN2mM3qW4eR5tT6yU7iI8oO9pP0aS1dF2gG3hH4jJ5kK6lL7zZ8xX9cC0vB1nN2mQ3wE4rR5tT6yY7uU8iI9oO0pP1aS2dF3gG4hH5jJ6kK7lL8zX9cV0bN1nM2qW3eR4tT5yU6iI7oO8pP9aS0dF1gG2hH3jJ4kK5lL6zZ7xX8cC9vV0bB1nN2mM3qW4eR5tT6yU7iI8oO9pP0aS1dF2gG3hH4jJ5kK6lL7zZ8xX9cC0vB1nN2mQ3wE4rR5tT6yY7uU8iI9oO0pP1aS2dF3gG4hH5jJ6kK7l4hH5jJ6kK7lL8zX9cV0bN1nM2qW3eR4tT5yU6iI7oO8pP9aS0dF1gG2hH3jJ4kK5lL6z7nB9vR2mX8kLp4QjW3tY5zH1aG6sF9dD0fS8gA7hJ6kL5mN4bV3vC2xZ1oP9iU8uY7tT6rR5eE4wW3qQ2aZ1sX2dC3fV4gB5hN6jM7kL8pO9iU0yT1rE2wQ3aS4dF5gG6hH7jJ8kK9lL0zZ1xX2cC3vV4bB5nN6mM7qQ8wW9eE0rR1tT2yY3uU4iI5oO6pP7aA8sS9dD0fF1gG2hH3jJ4kK5lL6zZ7xX8cC9vV0bB1nN2mM3qW4eR5tT6yU7iI8oO9pP0aS1dF2gG3hH4jJ5kK6lL7zZ8xX9cC0vB1nN2mQ3wE4rR5tT6yY7uU8iI9oO0pP1aS2dF3gG4hH5jJ6kK7lL8zX9cV0bN1nM2qW3eR4tT5yU6iI7oO8pP9aS0dF1gG2hH3jJ4kK5lL6zZ7xX8cC9vV0bB1nN2mM3qW4eR5tT6yU7iI8oO9pP0aS1dF2gG3hH4jJ5kK6lL7zZ8xX9cC0vB1nN2mQ3wE4rR5tT6yY7uU8iI9oO0pP1aS2dF3gG4hH5jJ6kK7lL8zX9cV0bN1nM2qW3eR4tT5yU6iI7oO8pP9aS0dF1gG2hH3jJ4kK5lL6zZ7xX8cC9vV0bB1nN2mM3qW4eR5tT6yU7iI8oO9pP0aS1dF2gG3hH4jJ5kK6lL7zZ8xX9cC0vB1nN2mQ3wE4rR5tT6yY7uU8iI9oO0pP1aS2dF3gG4hH5jJ6kK7lL8zX9cV0bN1nM2qW3eR4tT5yU6iI7oO8pP9aS0dF1gG2hH3jJ4kK5lL6zZ7xX8cC9vV0bB1nN2mM3qW4eR5tT6yU7iI8oO9pP0aS1dF2gG3hH4jJ5kK6lL7zZ8xX9cC0vB1nN2mQ3wE4rR5tT6yY7uU8iI9oO0pP1aS2dF3gG4hH5jJ6kK7lL8zX9cV0bN1nM2qW3eR4tT5yU6iI7oO8pP9aS0dF1gG2hH3jJ4kK5lL6zZ7xX8cC9vV0bB1nN2mM3qW4eR5tT6yU7iI8oO9pP0aS1dF2gG3hH4jJ5kK6lL7zZ8xX9cC0vB1nN2mQ3wE4rR5tT6yY7uU8iI9oO0pP1aS2dF3gG4hH5jJ6kK7l4hH5jJ6kK7lL8zX9cV0bN1nM2qW3eR4tT5yU6iI7oO8pP9aS0dF1gG2hH3jJ4kK5lL6zZ7xX8cC9vV0bB1nN2mM3qW4eR5tT6yU7iI8oO9pP0aS1dF2gG3hH4jJ5kK6lL7zZ8xX9cC0vB1nN2mQ3wE4rR5tT6yY7uU8iI9oO0pP1aS2dF3gG4hH5jJ6kK7lL8zX9cV0bN1nM2qW3eR4tT5yU6iI7oO8pP9aS0dF1gG2hH3jJ4kK5lL6zZ7xX8cC9vV0bB1nN2mM3qW4eR5tT6yU7iI8oO9pP0aS1dF2gG3hH4jJ5kK6lL7zZ8xX9cC0vB1nN2mQ3wE4rR5tT6yY7uU8iI9oO0pP1aS2dF3gG4hH5jJ6kK7l4hH5jJ6kK7lL8zX9cV0bN1nM2qW3eR4tT5yU6iI7oO8pP9aS0dF1gG2hH3jJ4kK5lL6zZ7xX8cC9vV0bB1nN2mM3qW4eR5tT6yU7iI8oO9pP0aS1dF2gG3hH4jJ5kK6lL7zZ8xX9cC0vB1nN2mQ3wE4rR5tT6yY7uU8iI9oO0pP1aS2dF3gG4hH5jJ6kK7lL8zX9cV0bN1nM2qW3eR4tT5yU6iI7oO8pP9aS0dF1gG2hH3jJ4kK5lL6zZ7xX8cC9vV0bB1nN2mM3qW4eR5tT6yU7iI8oO9pP0aS1dF2gG3hH4jJ5kK6lL7zZ8xX9cC0vB1nN2mQ3wE4rR5tT6yY7uU8iI9oO0pP1aS2dF3gG4hH5jJ6kK7l4hH5jJ6kK7lL8zX9cV0bN1nM2qW3eR4tT5yU6iI7oO8pP9aS0dF1gG2hH3jJ4kK5lL6zZ7xX8cC9vV0bB1nN2mM3qW4eR5tT6yU7iI8oO9pP0aS1dF2gG3hH4jJ5kK6lL7zZ8xX9cC0vB1nN2mQ3wE4rR5tT6yY7uU8iI9oO0pP1aS2dF3gG4hH5jJ6kK7lL8zX9cV0bN1nM2qW3eR4tT5yU6iI7oO8pP9aS0dF1gG2hH3jJ4kK5lL6zZ7xX8cC9vV0bB1nN2mM3qW4eR5tT6yU7iI8oO9pP0aS1dF2gG3hH4jJ5kK6lL7zZ8xX9cC0vB1nN2mQ3wE4rR5tT6yY7uU8iI9oO0pP1aS2dF3gG4hH5jJ6kK7l4hH5jJ6kK7lL8zX9cV0bN1nM2qW3eR4tT5yU6iI7oO8pP9aS0dF1gG2hH3jJ4kK5lL6zZ7xX8cC9vV0bB1nN2mM3qW4eR5tT6yU7iI8oO9pP0aS1dF2gG3hH4jJ5kK6lL7zZ8xX9cC0vB1nN2mQ3wE4rR5tT6yY7uU8iI9oO0pP1aS2dF3gG4hH5jJ6kK7lL8zX9cV0bN1nM2qW3eR4tT5yU6iI7oO8pP9aS0dF1gG2hH3jJ4kK5lL6zZ7xX8cC9vV0bB1nN2mM3qW4eR5tT6yU7iI8oO9pP0aS1dF2gG3hH4jJ5kK6lL7zZ8xX9cC0vB1nN2mQ3wE4rR5tT6yY7uU8iI9oO0pP1aS2dF3gG4hH5jJ6kK7l4hH5jJ6kK7lL8zX9cV0bN1nM2qW3eR4tT5yU6iI7oO8pP9aS0dF1gG2hH3jJ4kK5lL6zZ7xX8cC9vV0bB1nN2mM3qW4eR5tT6yU7iI8oO9pP0aS1dF2gG3hH4jJ5kK6lL7zZ8xX9cC0vB1nN2mQ3wE4rR5tT6yY7uU8iI9oO0pP1aS2dF3gG4hH5jJ6kK7lL8zX9cV0bN1nM2qW3eR4tT5yU6iI7oO8pP9aS0dF1gG2hH3jJ4kK5lL6zZ7xX8cC9vV0bB1nN2mM3qW4eR5tT6yU7iI8oO9pP0aS1dF2gG3hH4jJ5kK6lL7zZ8xX9cC0vB1nN2mQ3wE4rR5tT6yY7uU8iI9oO0pP1aS2dF3gG4hH5jJ6kK7l4hH5jJ6kK7lL8zX9cV0bN1nM2qW3eR4tT5yU6iI7oO8pP9aS0dF1gG2hH3jJ4kK5lL6zZ7xX8cC9vV0bB1nN2mM3qW4eR5tT6yU7iI8oO9pP0aS1dF2gG3hH4jJ5kK6lL7zZ8xX9cC0vB1nN2mQ3wE4rR5tT6yY7uU8iI9oO0pP1aS2dF3gG4hH5jJ6kK7lL8zX9cV0bN1nM2qW3eR4tT5yU6iI7oO8pP9aS0dF1gG2hH3jJ4kK5lL6zZ7xX8cC9vV0bB1nN2mM3qW4eR5tT6yU7iI8oO9pP0aS1dF2gG3hH4jJ5kK6lL7zZ8xX9cC0vB1nN2mQ3wE4rR5tT6yY7uU8iI9oO0pP1aS2dF3gG4hH5jJ6kK7l4hH5jJ6kK7lL8zX9cV0bN1nM2qW3eR4tT5yU6iI7oO8pP9aS0dF1gG2hH3jJ4kK5lL6zZ7xX8cC9vV0bB1nN2mM3qW4eR5tT6yU7iI8oO9pP0aS1dF2gG3hH4jJ5kK6lL7zZ8xX9cC0vB1nN2mQ3wE4rR5tT6yY7uU8iI9oO0pP1aS2dF3gG4hH5jJ6kK7lL8zX9cV0bN1nM2qW3eR4tT5yU6iI7oO8pP9aS0dF1gG2hH3jJ4kK5lL6zZ7xX8cC9vV0bB1nN2mM3qW4eR5tT6yU7iI8oO9pP0aS1dF2gG3hH4jJ5kK6lL7zZ8xX9cC0vB1nN2mQ3wE4rR5tT6yY7uU8iI9oO0pP1aS2dF3gG4hH5jJ6kK7l4hH5jJ6kK7lL8zX9cV0bN1nM2qW3eR4tT5yU6iI7oO8pP9aS0dF1gG2hH3jJ4kK5lL6z7nB9vR2mX8kLp4QjW3tY5zH1aG6sF9dD0fS8gA7hJ6kL5mN4bV3vC2xZ1oP9iU8uY7tT6rR5eE4wW3qQ2aZ1sX2dC3fV4gB5hN6jM7kL8pO9iU0yT1rE2wQ3aS4dF5gG6hH7jJ8kK9lL0zZ1xX2cC3vV4bB5nN6mM7qQ8wW9eE0rR1tT2yY3uU4iI5oO6pP7aA8sS9dD0fF1gG2hH3jJ4kK5lL6zZ7xX8cC9vV0bB1nN2mM3qW4eR5tT6yU7iI8oO9pP0aS1dF2gG3hH4jJ5kK6lL7zZ8xX9cC0vB1nN2mQ3wE4rR5tT6yY7uU8iI9oO0pP1aS2dF3gG4hH5jJ6kK7lL8zX9cV0bN1nM2qW3eR4tT5yU6iI7oO8pP9aS0dF1gG2hH3jJ4kK5lL6zZ7xX8cC9vV0bB1nN2mM3qW4eR5tT6yU7iI8oO9pP0aS1dF2gG3hH4jJ5kK6lL7zZ8xX9cC0vB1nN2mQ3wE4rR5tT6yY7uU8iI9oO0pP1aS2dF3gG4hH5jJ6kK7lL8zX9cV0bN1nM2qW3eR4tT5yU6iI7oO8pP9aS0dF1gG2hH3jJ4kK5lL6zZ7xX8cC9vV0bB1nN2mM3qW4eR5tT6yU7iI8oO9pP0aS1dF2gG3hH4jJ5kK6lL7zZ8xX9cC0vB1nN2mQ3wE4rR5tT6yY7uU8iI9oO0pP1aS2dF3gG4hH5jJ6kK7lL8zX9cV0bN1nM2qW3eR4tT5yU6iI7oO8pP9aS0dF1gG2hH3jJ4kK5lL6zZ7xX8cC9vV0bB1nN2mM3qW4eR5tT6yU7iI8oO9pP0aS1dF2gG3hH4jJ5kK6lL7zZ8xX9cC0vB1nN2mQ3wE4rR5tT6yY7uU8iI9oO0pP1aS2dF3gG4hH5jJ6kK7lL8zX9cV0bN1nM2qW3eR4tT5yU6iI7oO8pP9aS0dF1gG2hH3jJ4kK5lL6zZ7xX8cC9vV0bB1nN2mM3qW4eR5tT6yU7iI8oO9pP0aS1dF2gG3hH4jJ5kK6lL7zZ8xX9cC0vB1nN2mQ3wE4rR5tT6yY7uU8iI9oO0pP1aS2dF3gG4hH5jJ6kK7l4hH5jJ6kK7lL8zX9cV0bN1nM2qW3eR4tT5yU6iI7oO8pP9aS0dF1gG2hH3jJ4kK5lL6zZ7xX8cC9vV0bB1nN2mM3qW4eR5tT6yU7iI8oO9pP0aS1dF2gG3hH4jJ5kK6lL7zZ8xX9cC0vB1nN2mQ3wE4rR5tT6yY7uU8iI9oO0pP1aS2dF3gG4hH5jJ6kK7lL8zX9cV0bN1nM2qW3eR4tT5yU6iI7oO8pP9aS0dF1gG2hH3jJ4kK5lL6zZ7xX8cC9vV0bB1nN2mM3qW4eR5tT6yU7iI8oO9pP0aS1dF2gG3hH4jJ5kK6lL7zZ8xX9cC0vB1nN2mQ3wE4rR5tT6yY7uU8iI9oO0pP1aS2dF3gG4hH5jJ6kK7l4hH5jJ6kK7lL8zX9cV0bN1nM2qW3eR4tT5yU6iI7oO8pP9aS0dF1gG2hH3jJ4kK5lL6zZ7xX8cC9vV0bB1nN2mM3qW4eR5tT6yU7iI8oO9pP0aS1dF2gG3hH4jJ5kK6lL7zZ8xX9cC0vB1nN2mQ3wE4rR5tT6yY7uU8iI9oO0pP1aS2dF3gG4hH5jJ6kK7lL8zX9cV0bN1nM2qW3eR4tT5yU6iI7oO8pP9aS0dF1gG2hH3jJ4kK5lL6zZ7xX8cC9vV0bB1nN2mM3qW4eR5tT6yU7iI8oO9pP0aS1dF2gG3hH4jJ5kK6lL7zZ8xX9cC0vB1nN2mQ3wE4rR5tT6yY7uU8iI9oO0pP1aS2dF3gG4hH5jJ6kK7l4hH5jJ6kK7lL8zX9cV0bN1nM2qW3eR4tT5yU6iI7oO8pP9aS0dF1gG2hH3jJ4kK5lL6zZ7xX8cC9vV0bB1nN2mM3qW4eR5tT6yU7iI8oO9pP0aS1dF2gG3hH4jJ5kK6lL7zZ8xX9cC0vB1nN2mQ3wE4rR5tT6yY7uU8iI9oO0pP1aS2dF3gG4hH5jJ6kK7lL8zX9cV0bN1nM2qW3eR4tT5yU6iI7oO8pP9aS0dF1gG2hH3jJ4kK5lL6zZ7xX8cC9vV0bB1nN2mM3qW4eR5tT6yU7iI8oO9pP0aS1dF2gG3hH4jJ5kK6lL7zZ8xX9cC0vB1nN2mQ3wE4rR5tT6yY7uU8iI9oO0pP1aS2dF3gG4hH5jJ6kK7l4hH5jJ6kK7lL8zX9cV0bN1nM2qW3eR4tT5yU6iI7oO8pP9aS0dF1gG2hH3jJ4kK5lL6zZ7xX8cC9vV0bB1nN2mM3qW4eR5tT6yU7iI8oO9pP0aS1dF2gG3hH4jJ5kK6lL7zZ8xX9cC0vB1nN2mQ3wE4rR5tT6yY7uU8iI9oO0pP1aS2dF3gG4hH5jJ6kK7lL8zX9cV0bN1nM2qW3eR4tT5yU6iI7oO8pP9aS0dF1gG2hH3jJ4kK5lL6zZ7xX8cC9vV0bB1nN2mM3qW4eR5tT6yU7iI8oO9pP0aS1dF2gG3hH4jJ5kK6lL7zZ8xX9cC0vB1nN2mQ3wE4rR5tT6yY7uU8iI9oO0pP1aS2dF3gG4hH5jJ6kK7l4hH5jJ6kK7lL8zX9cV0bN1nM2qW3eR4tT5yU6iI7oO8pP9aS0dF1gG2hH3jJ4kK5lL6zZ7xX8cC9vV0bB1nN2mM3qW4eR5tT6yU7iI8oO9pP0aS1dF2gG3hH4jJ5kK6lL7zZ8xX9cC0vB1nN2mQ3wE4rR5tT6yY7uU8iI9oO0pP1aS2dF3gG4hH5jJ6kK7lL8zX9cV0bN1nM2qW3eR4tT5yU6iI7oO8pP9aS0dF1gG2hH3jJ4kK5lL6zZ7xX8cC9vV0bB1nN2mM3qW4eR5tT6yU7iI8oO9pP0aS1dF2gG3hH4jJ5kK6lL7zZ8xX9cC0vB1nN2mQ3wE4rR5tT6yY7uU8iI9oO0pP1aS2dF3gG4hH5jJ6kK7l4hH5jJ6kK7lL8zX9cV0bN1nM2qW3eR4tT5yU6iI7oO8pP9aS0dF1gG2hH3jJ4kK5lL6zZ7xX8cC9vV0bB1nN2mM3qW4eR5tT6yU7iI8oO9pP0aS1dF2gG3hH4jJ5kK6lL7zZ8xX9cC0vB1nN2mQ3wE4rR5tT6yY7uU8iI9oO0pP1aS2dF3gG4hH5jJ6kK7lL8zX9cV0bN1nM2qW3eR4tT5yU6iI7oO8pP9aS0dF1gG2hH3jJ4kK5lL6zZ7xX8cC9vV0bB1nN2mM3qW4eR5tT6yU7iI8oO9pP0aS1dF2gG3hH4jJ5kK6lL7zZ8xX9cC0vB1nN2mQ3wE4rR5tT6yY7uU8iI9oO0pP1aS2dF3gG4hH5jJ6kK7l4hH5jJ6kK7lL8zX9cV0bN1nM2qW3eR4tT5yU6iI7oO8pP9aS0dF1gG2hH3jJ4kK5lL6zZ7xX8cC9vV0bB1nN2mM3qW4eR5tT6yU7iI8oO9pP0aS1dF2gG3hH4jJ5kK6lL7zZ8xX9cC0vB1nN2mQ3wE4rR5tT6yY7uU8iI9oO0pP1aS2dF3gG4hH5jJ6kK7lL8zX9cV0bN1nM2qW3eR4tT5yU6iI7oO8pP9aS0dF1gG2hH3jJ4kK5lL6zZ7xX8cC9vV0bB1nN2mM3qW4eR5tT6yU7iI8oO9pP0aS1dF2gG3hH4jJ5kK6lL7zZ8xX9cC0vB1nN2mQ3wE4rR5tT6yY7uU8iI9oO0pP1aS2dF3gG4hH5jJ6kK7l4hH5jJ6kK7lL8zX9cV0bN1nM2qW3eR4tT5yU6iI7oO8pP9aS0dF1gG2hH3jJ4kK5lL6z7nB9vR2mX8kLp4QjW3tY5zH1aG6sF9dD0fS8gA7hJ6kL5mN4bV3vC2xZ1oP9iU8uY7tT6rR5eE4wW3qQ2aZ1sX2dC3fV4gB5hN6jM7kL8pO9iU0yT1rE2wQ3aS4dF5gG6hH7jJ8kK9lL0zZ1xX2cC3vV4bB5nN6mM7qQ8wW9eE0rR1tT2yY3uU4iI5oO6pP7aA8sS9dD0fF1gG2hH3jJ4kK5lL6zZ7xX8cC9vV0bB1nN2mM3qW4eR5tT6yU7iI8oO9pP0aS1dF2gG3hH4jJ5kK6lL7zZ8xX9cC0vB1nN2mQ3wE4rR5tT6yY7uU8iI9oO0pP1aS2dF3gG4hH5jJ6kK7lL8zX9cV0bN1nM2qW3eR4tT5yU6iI7oO8pP9aS0dF1gG2hH3jJ4kK5lL6zZ7xX8cC9vV0bB1nN2mM3qW4eR5tT6yU7iI8oO9pP0aS1dF2gG3hH4jJ5kK6lL7zZ8xX9cC0vB1nN2mQ3wE4rR5tT6yY7uU8iI9oO0pP1aS2dF3gG4hH5jJ6kK7lL8zX9cV0bN1nM2qW3eR4tT5yU6iI7oO8pP9aS0dF1gG2hH3jJ4kK5lL6zZ7xX8cC9vV0bB1nN2mM3qW4eR5tT6yU7iI8oO9pP0aS1dF2gG3hH4jJ5kK6lL7zZ8xX9cC0vB1nN2mQ3wE4rR5tT6yY7uU8iI9oO0pP1aS2dF3gG4hH5jJ6kK7lL8zX9cV0bN1nM2qW3eR4tT5yU6iI7oO8pP9aS0dF1gG2hH3jJ4kK5lL6zZ7xX8cC9vV0bB1nN2mM3qW4eR5tT6yU7iI8oO9pP0aS1dF2gG3hH4jJ5kK6lL7zZ8xX9cC0vB1nN2mQ3wE4rR5tT6yY7uU8iI9oO0pP1aS2dF3gG4hH5jJ6kK7lL8zX9cV0bN1nM2qW3eR4tT5yU6iI7oO8pP9aS0dF1gG2hH3jJ4kK5lL6zZ7xX8cC9vV0bB1nN2mM3qW4eR5tT6yU7iI8oO9pP0aS1dF2gG3hH4jJ5kK6lL7zZ8xX9cC0vB1nN2mQ3wE4rR5tT6yY7uU8iI9oO0pP1aS2dF3gG4hH5jJ6kK7l4hH5jJ6kK7lL8zX9cV0bN1nM2qW3eR4tT5yU6iI7oO8pP9aS0dF1gG2hH3jJ4kK5lL6zZ7xX8cC9vV0bB1nN2mM3qW4eR5tT6yU7iI8oO9pP0aS1dF2gG3hH4jJ5kK6lL7zZ8xX9cC0vB1nN2mQ3wE4rR5tT6yY7uU8iI9oO0pP1aS2dF3gG4hH5jJ6kK7lL8zX9cV0bN1nM2qW3eR4tT5yU6iI7oO8pP9aS0dF1gG2hH3jJ4kK5lL6zZ7xX8cC9vV0bB1nN2mM3qW4eR5tT6yU7iI8oO9pP0aS1dF2gG3hH4jJ5kK6lL7zZ8xX9cC0vB1nN2mQ3wE4rR5tT6yY7uU8iI9oO0pP1aS2dF3gG4hH5jJ6kK7l4hH5jJ6kK7lL8zX9cV0bN1nM2qW3eR4tT5yU6iI7oO8pP9aS0dF1gG2hH3jJ4kK5lL6zZ7xX8cC9vV0bB1nN2mM3qW4eR5tT6yU7iI8oO9pP0aS1dF2gG3hH4jJ5kK6lL7zZ8xX9cC0vB1nN2mQ3wE4rR5tT6yY7uU8iI9oO0pP1aS2dF3gG4hH5jJ6kK7lL8zX9cV0bN1nM2qW3eR4tT5yU6iI7oO8pP9aS0dF1gG2hH3jJ4kK5lL6zZ7xX8cC9vV0bB1nN2mM3qW4eR5tT6yU7iI8oO9pP0aS1dF2gG3hH4jJ5kK6lL7zZ8xX9cC0vB1nN2mQ3wE4rR5tT6yY7uU8iI9oO0pP1aS2dF3gG4hH5jJ6kK7l4hH5jJ6kK7lL8zX9cV0bN1nM2qW3eR4tT5yU6iI7oO8pP9aS0dF1gG2hH3jJ4kK5lL6zZ7xX8cC9vV0bB1nN2mM3qW4eR5tT6yU7iI8oO9pP0aS1dF2gG3hH4jJ5kK6lL7zZ8xX9cC0vB1nN2mQ3wE4rR5tT6yY7uU8iI9oO0pP1aS2dF3gG4hH5jJ6kK7lL8zX9cV0bN1nM2qW3eR4tT5yU6iI7oO8pP9aS0dF1gG2hH3jJ4kK5lL6zZ7xX8cC9vV0bB1nN2mM3qW4eR5tT6yU7iI8oO9pP0aS1dF2gG3hH4jJ5kK6lL7zZ8xX9cC0vB1nN2mQ3wE4rR5tT6yY7uU8iI9oO0pP1aS2dF3gG4hH5jJ6kK7l4hH5jJ6kK7lL8zX9cV0bN1nM2qW3eR4tT5yU6iI7oO8pP9aS0dF1gG2hH3jJ4kK5lL6zZ7xX8cC9vV0bB1nN2mM3qW4eR5tT6yU7iI8oO9pP0aS1dF2gG3hH4jJ5kK6lL7zZ8xX9cC0vB1nN2mQ3wE4rR5tT6yY7uU8iI9oO0pP1aS2dF3gG4hH5jJ6kK7lL8zX9cV0bN1nM2qW3eR4tT5yU6iI7oO8pP9aS0dF1gG2hH3jJ4kK5lL6zZ7xX8cC9vV0bB1nN2mM3qW4eR5tT6yU7iI8oO9pP0aS1dF2gG3hH4jJ5kK6lL7zZ8xX9cC0vB1nN2mQ3wE4rR5tT6yY7uU8iI9oO0pP1aS2dF3gG4hH5jJ6kK7l4hH5jJ6kK7lL8zX9cV0bN1nM2qW3eR4tT5yU6iI7oO8pP9aS0dF1gG2hH3jJ4kK5lL6zZ7xX8cC9vV0bB1nN2mM3qW4eR5tT6yU7iI8oO9pP0aS1dF2gG3hH4jJ5kK6lL7zZ8xX9cC0vB1nN2mQ3wE4rR5tT6yY7uU8iI9oO0pP1aS2dF3gG4hH5jJ6kK7lL8zX9cV0bN1nM2qW3eR4tT5yU6iI7oO8pP9aS0dF1gG2hH3jJ4kK5lL6zZ7xX8cC9vV0bB1nN2mM3qW4eR5tT6yU7iI8oO9pP0aS1dF2gG3hH4jJ5kK6lL7zZ8xX9cC0vB1nN2mQ3wE4rR5tT6yY7uU8iI9oO0pP1aS2dF3gG4hH5jJ6kK7l4hH5jJ6kK7lL8zX9cV0bN1nM2qW3eR4tT5yU6iI7oO8pP9aS0dF1gG2hH3jJ4kK5lL6zZ7xX8cC9vV0bB1nN2mM3qW4eR5tT6yU7iI8oO9pP0aS1dF2gG3hH4jJ5kK6lL7zZ8xX9cC0vB1nN2mQ3wE4rR5tT6yY7uU8iI9oO0pP1aS2dF3gG4hH5jJ6kK7lL8zX9cV0bN1nM2qW3eR4tT5yU6iI7oO8pP9aS0dF1gG2hH3jJ4kK5lL6zZ7xX8cC9vV0bB1nN2mM3qW4eR5tT6yU7iI8oO9pP0aS1dF2gG3hH4jJ5kK6lL7zZ8xX9cC0vB1nN2mQ3wE4rR5tT6yY7uU8iI9oO0pP1aS2dF3gG4hH5jJ6kK7l4hH5jJ6kK7lL8zX9cV0bN1nM2qW3eR4tT5yU6iI7oO8pP9aS0dF1gG2hH3jJ4kK5lL6zZ7xX8cC9vV0bB1nN2mM3qW4eR5tT6yU7iI8oO9pP0aS1dF2gG3hH4jJ5kK6lL7zZ8xX9cC0vB1nN2mQ3wE4rR5tT6yY7uU8iI9oO0pP1aS2dF3gG4hH5jJ6kK7lL8zX9cV0bN1nM2qW3eR4tT5yU6iI7oO8pP9aS0dF1gG2hH3jJ4kK5lL6zZ7xX8cC9vV0bB1nN2mM3qW4eR5tT6yU7iI8oO9pP0aS1dF2gG3hH4jJ5kK6lL7zZ8xX9cC0vB1nN2mQ3wE4rR5tT6yY7uU8iI9oO0pP1aS2dF3gG4hH5jJ6kK7l4hH5jJ6kK7lL8zX9cV0bN1nM2qW3eR4tT5yU6iI7oO8pP9aS0dF1gG2hH3jJ4kK5lL6z7nB9vR2mX8kLp4QjW3tY5zH1aG6sF9dD0fS8gA7hJ6kL5mN4bV3vC2xZ1oP9iU8uY7tT6rR5eE4wW3qQ2aZ1sX2dC3fV4gB5hN6jM7kL8pO9iU0yT1rE2wQ3aS4dF5gG6hH7jJ8kK9lL0zZ1xX2cC3vV4bB5nN6mM7qQ8wW9eE0rR1tT2yY3uU4iI5oO6pP7aA8sS9dD0fF1gG2hH3jJ4kK5lL6zZ7xX8cC9vV0bB1nN2mM3qW4eR5tT6yU7iI8oO9pP0aS1dF2gG3hH4jJ5kK6lL7zZ8xX9cC0vB1nN2mQ3wE4rR5tT6yY7uU8iI9oO0pP1aS2dF3gG4hH5jJ6kK7lL8zX9cV0bN1nM2qW3eR4tT5yU6iI7oO8pP9aS0dF1gG2hH3jJ4kK5lL6zZ7xX8cC9vV0bB1nN2mM3qW4eR5tT6yU7iI8oO9pP0aS1dF2gG3hH4jJ5kK6lL7zZ8xX9cC0vB1nN2mQ3wE4rR5tT6yY7uU8iI9oO0pP1aS2dF3gG4hH5jJ6kK7lL8zX9cV0bN1nM2qW3eR4tT5yU6iI7oO8pP9aS0dF1gG2hH3jJ4kK5lL6zZ7xX8cC9vV0bB1nN2mM3qW4eR5tT6yU7iI8oO9pP0aS1dF2gG3hH4jJ5kK6lL7zZ8xX9cC0vB1nN2mQ3wE4rR5tT6yY7uU8iI9oO0pP1aS2dF3gG4hH5jJ6kK7lL8zX9cV0bN1nM2qW3eR4tT5yU6iI7oO8pP9aS0dF1gG2hH3jJ4kK5lL6zZ7xX8cC9vV0bB1nN2mM3qW4eR5tT6yU7iI8oO9pP0aS1dF2gG3hH4jJ5kK6lL7zZ8xX9cC0vB1nN2mQ3wE4rR5tT6yY7uU8iI9oO0pP1aS2dF3gG4hH5jJ6kK7lL8zX9cV0bN1nM2qW3eR4tT5yU6iI7oO8pP9aS0dF1gG2hH3jJ4kK5lL6zZ7xX8cC9vV0bB1nN2mM3qW4eR5tT6yU7iI8oO9pP0aS1dF2gG3hH4jJ5kK6lL7zZ8xX9cC0vB1nN2mQ3wE4rR5tT6yY7uU8iI9oO0pP1aS2dF3gG4hH5jJ6kK7l4hH5jJ6kK7lL8zX9cV0bN1nM2qW3eR4tT5yU6iI7oO8pP9aS0dF1gG2hH3jJ4kK5lL6zZ7xX8cC9vV0bB1nN2mM3qW4eR5tT6yU7iI8oO9pP0aS1dF2gG3hH4jJ5kK6lL7zZ8xX9cC0vB1nN2mQ3wE4rR5tT6yY7uU8iI9oO0pP1aS2dF3gG4hH5jJ6kK7lL8zX9cV0bN1nM2qW3eR4tT5yU6iI7oO8pP9aS0dF1gG2hH3jJ4kK5lL6zZ7xX8cC9vV0bB1nN2mM3qW4eR5tT6yU7iI8oO9pP0aS1dF2gG3hH4jJ5kK6lL7zZ8xX9cC0vB1nN2mQ3wE4rR5tT6yY7uU8iI9oO0pP1aS2dF3gG4hH5jJ6kK7l4hH5jJ6kK7lL8zX9cV0bN1nM2qW3eR4tT5yU6iI7oO8pP9aS0dF1gG2hH3jJ4kK5lL6zZ7xX8cC9vV0bB1nN2mM3qW4eR5tT6yU7iI8oO9pP0aS1dF2gG3hH4jJ5kK6lL7zZ8xX9cC0vB1nN2mQ3wE4rR5tT6yY7uU8iI9oO0pP1aS2dF3gG4hH5jJ6kK7lL8zX9cV0bN1nM2qW3eR4tT5yU6iI7oO8pP9aS0dF1gG2hH3jJ4kK5lL6zZ7xX8cC9vV0bB1nN2mM3qW4eR5tT6yU7iI8oO9pP0aS1dF2gG3hH4jJ5kK6lL7zZ8xX9cC0vB1nN2mQ3wE4rR5tT6yY7uU8iI9oO0pP1aS2dF3gG4hH5jJ6kK7l4hH5jJ6kK7lL8zX9cV0bN1nM2qW3eR4tT5yU6iI7oO8pP9aS0dF1gG2hH3jJ4kK5lL6zZ7xX8cC9vV0bB1nN2mM3qW4eR5tT6yU7iI8oO9pP0aS1dF2gG3hH4jJ5kK6lL7zZ8xX9cC0vB1nN2mQ3wE4rR5tT6yY7uU8iI9oO0pP1aS2dF3gG4hH5jJ6kK7lL8zX9cV0bN1nM2qW3eR4tT5yU6iI7oO8pP9aS0dF1gG2hH3jJ4kK5lL6zZ7xX8cC9vV0bB1nN2mM3qW4eR5tT6yU7iI8oO9pP0aS1dF2gG3hH4jJ5kK6lL7zZ8xX9cC0vB1nN2mQ3wE4rR5tT6yY7uU8iI9oO0pP1aS2dF3gG4hH5jJ6kK7l4hH5jJ6kK7lL8zX9cV0bN1nM2qW3eR4tT5yU6iI7oO8pP9aS0dF1gG2hH3jJ4kK5lL6zZ7xX8cC9vV0bB1nN2mM3qW4eR5tT6yU7iI8oO9pP0aS1dF2gG3hH4jJ5kK6lL7zZ8xX9cC0vB1nN2mQ3wE4rR5tT6yY7uU8iI9oO0pP1aS2dF3gG4hH5jJ6kK7lL8zX9cV0bN1nM2qW3eR4tT5yU6iI7oO8pP9aS0dF1gG2hH3jJ4kK5lL6zZ7xX8cC9vV0bB1nN2mM3qW4eR5tT6yU7iI8oO9pP0aS1dF2gG3hH4jJ5kK6lL7zZ8xX9cC0vB1nN2mQ3wE4rR5tT6yY7uU8iI9oO0pP1aS2dF3gG4hH5jJ6kK7l4hH5jJ6kK7lL8zX9cV0bN1nM2qW3eR4tT5yU6iI7oO8pP9aS0dF1gG2hH3jJ4kK5lL6zZ7xX8cC9vV0bB1nN2mM3qW4eR5tT6yU7iI8oO9pP0aS1dF2gG3hH4jJ5kK6lL7zZ8xX9cC0vB1nN2mQ3wE4rR5tT6yY7uU8iI9oO0pP1aS2dF3gG4hH5jJ6kK7lL8zX9cV0bN1nM2qW3eR4tT5yU6iI7oO8pP9aS0dF1gG2hH3jJ4kK5lL6zZ7xX8cC9vV0bB1nN2mM3qW4eR5tT6yU7iI8oO9pP0aS1dF2gG3hH4jJ5kK6lL7zZ8xX9cC0vB1nN2mQ3wE4rR5tT6yY7uU8iI9oO0pP1aS2dF3gG4hH5jJ6kK7l4hH5jJ6kK7lL8zX9cV0bN1nM2qW3eR4tT5yU6iI7oO8pP9aS0dF1gG2hH3jJ4kK5lL6zZ7xX8cC9vV0bB1nN2mM3qW4eR5tT6yU7iI8oO9pP0aS1dF2gG3hH4jJ5kK6lL7zZ8xX9cC0vB1nN2mQ3wE4rR5tT6yY7uU8iI9oO0pP1aS2dF3gG4hH5jJ6kK7lL8zX9cV0bN1nM2qW3eR4tT5yU6iI7oO8pP9aS0dF1gG2hH3jJ4kK5lL6zZ7xX8cC9vV0bB1nN2mM3qW4eR5tT6yU7iI8oO9pP0aS1dF2gG3hH4jJ5kK6lL7zZ8xX9cC0vB1nN2mQ3wE4rR5tT6yY7uU8iI9oO0pP1aS2dF3gG4hH5jJ6kK7l4hH5jJ6kK7lL8zX9cV0bN1nM2qW3eR4tT5yU6iI7oO8pP9aS0dF1gG2hH3jJ4kK5lL6zZ7xX8cC9vV0bB1nN2mM3qW4eR5tT6yU7iI8oO9pP0aS1dF2gG3hH4jJ5kK6lL7zZ8xX9cC0vB1nN2mQ3wE4rR5tT6yY7uU8iI9oO0pP1aS2dF3gG4hH5jJ6kK7lL8zX9cV0bN1nM2qW3eR4tT5yU6iI7oO8pP9aS0dF1gG2hH3jJ4kK5lL6zZ7xX8cC9vV0bB1nN2mM3qW4eR5tT6yU7iI8oO9pP0aS1dF2gG3hH4jJ5kK6lL7zZ8xX9cC0vB1nN2mQ3wE4rR5tT6yY7uU8iI9oO0pP1aS2dF3gG4hH5jJ6kK7l4hH5jJ6kK7lL8zX9cV0bN1nM2qW3eR4tT5yU6iI7oO8pP9aS0dF1gG2hH3jJ4kK5lL6z7nB9vR2mX8kLp4QjW3tY5zH1aG6sF9dD0fS8gA7hJ6kL5mN4bV3vC2xZ1oP9iU8uY7tT6rR5eE4wW3qQ2aZ1sX2dC3fV4gB5hN6jM7kL8pO9iU0yT1rE2wQ3aS4dF5gG6hH7jJ8kK9lL0zZ1xX2cC3vV4bB5nN6mM7qQ8wW9eE0rR1tT2yY3uU4iI5oO6pP7aA8sS9dD0fF1gG2hH3jJ4kK5lL6zZ7xX8cC9vV0bB1nN2mM3qW4eR5tT6yU7iI8oO9pP0aS1dF2gG3hH4jJ5kK6lL7zZ8xX9cC0vB1nN2mQ3wE4rR5tT6yY7uU8iI9oO0pP1aS2dF3gG4hH5jJ6kK7lL8zX9cV0bN1nM2qW3eR4tT5yU6iI7oO8pP9aS0dF1gG2hH3jJ4kK5lL6zZ7xX8cC9vV0bB1nN2mM3qW4eR5tT6yU7iI8oO9pP0aS1dF2gG3hH4jJ5kK6lL7zZ8xX9cC0vB1nN2mQ3wE4rR5tT6yY7uU8iI9oO0pP1aS2dF3gG4hH5jJ6kK7lL8zX9cV0bN1nM2qW3eR4tT5yU6iI7oO8pP9aS0dF1gG2hH3jJ4kK5lL6zZ7xX8cC9vV0bB1nN2mM3qW4eR5tT6yU7iI8oO9pP0aS1dF2gG3hH4jJ5kK6lL7zZ8xX9cC0vB1nN2mQ3wE4rR5tT6yY7uU8iI9oO0pP1aS2dF3gG4hH5jJ6kK7lL8zX9cV0bN1nM2qW3eR4tT5yU6iI7oO8pP9aS0dF1gG2hH3jJ4kK5lL6zZ7xX8cC9vV0bB1nN2mM3qW4eR5tT6yU7iI8oO9pP0aS1dF2gG3hH4jJ5kK6lL7zZ8xX9cC0vB1nN2mQ3wE4rR5tT6yY7uU8iI9oO0pP1aS2dF3gG4hH5jJ6kK7lL8zX9cV0bN1nM2qW3eR4tT5yU6iI7oO8pP9aS0dF1gG2hH3jJ4kK5lL6zZ7xX8cC9vV0bB1nN2mM3qW4eR5tT6yU7iI8oO9pP0aS1dF2gG3hH4jJ5kK6lL7zZ8xX9cC0vB1nN2mQ3wE4rR5tT6yY7uU8iI9oO0pP1aS2dF3gG4hH5jJ6kK7l4hH5jJ6kK7lL8zX9cV0bN1nM2qW3eR4tT5yU6iI7oO8pP9aS0dF1gG2hH3jJ4kK5lL6zZ7xX8cC9vV0bB1nN2mM3qW4eR5tT6yU7iI8oO9pP0aS1dF2gG3hH4jJ5kK6lL7zZ8xX9cC0vB1nN2mQ3wE4rR5tT6yY7uU8iI9oO0pP1aS2dF3gG4hH5jJ6kK7lL8zX9cV0bN1nM2qW3eR4tT5yU6iI7oO8pP9aS0dF1gG2hH3jJ4kK5lL6zZ7xX8cC9vV0bB1nN2mM3qW4eR5tT6yU7iI8oO9pP0aS1dF2gG3hH4jJ5kK6lL7zZ8xX9cC0vB1nN2mQ3wE4rR5tT6yY7uU8iI9oO0pP1aS2dF3gG4hH5jJ6kK7l4hH5jJ6kK7lL8zX9cV0bN1nM2qW3eR4tT5yU6iI7oO8pP9aS0dF1gG2hH3jJ4kK5lL6zZ7xX8cC9vV0bB1nN2mM3qW4eR5tT6yU7iI8oO9pP0aS1dF2gG3hH4jJ5kK6lL7zZ8xX9cC0vB1nN2mQ3wE4rR5tT6yY7uU8iI9oO0pP1aS2dF3gG4hH5jJ6kK7lL8zX9cV0bN1nM2qW3eR4tT5yU6iI7oO8pP9aS0dF1gG2hH3jJ4kK5lL6zZ7xX8cC9vV0bB1nN2mM3qW4eR5tT6yU7iI8oO9pP0aS1dF2gG3hH4jJ5kK6lL7zZ8xX9cC0vB1nN2mQ3wE4rR5tT6yY7uU8iI9oO0pP1aS2dF3gG4hH5jJ6kK7l4hH5jJ6kK7lL8zX9cV0bN1nM2qW3eR4tT5yU6iI7oO8pP9aS0dF1gG2hH3jJ4kK5lL6zZ7xX8cC9vV0bB1nN2mM3qW4eR5tT6yU7iI8oO9pP0aS1dF2gG3hH4jJ5kK6lL7zZ8xX9cC0vB1nN2mQ3wE4rR5tT6yY7uU8iI9oO0pP1aS2dF3gG4hH5jJ6kK7lL8zX9cV0bN1nM2qW3eR4tT5yU6iI7oO8pP9aS0dF1gG2hH3jJ4kK5lL6zZ7xX8cC9vV0bB1nN2mM3qW4eR5tT6yU7iI8oO9pP0aS1dF2gG3hH4jJ5kK6lL7zZ8xX9cC0vB1nN2mQ3wE4rR5tT6yY7uU8iI9oO0pP1aS2dF3gG4hH5jJ6kK7l4hH5jJ6kK7lL8zX9cV0bN1nM2qW3eR4tT5yU6iI7oO8pP9aS0dF1gG2hH3jJ4kK5lL6zZ7xX8cC9vV0bB1nN2mM3qW4eR5tT6yU7iI8oO9pP0aS1dF2gG3hH4jJ5kK6lL7zZ8xX9cC0vB1nN2mQ3wE4rR5tT6yY7uU8iI9oO0pP1aS2dF3gG4hH5jJ6kK7lL8zX9cV0bN1nM2qW3eR4tT5yU6iI7oO8pP9aS0dF1gG2hH3jJ4kK5lL6zZ7xX8cC9vV0bB1nN2mM3qW4eR5tT6yU7iI8oO9pP0aS1dF2gG3hH4jJ5kK6lL7zZ8xX9cC0vB1nN2mQ3wE4rR5tT6yY7uU8iI9oO0pP1aS2dF3gG4hH5jJ6kK7l4hH5jJ6kK7lL8zX9cV0bN1nM2qW3eR4tT5yU6iI7oO8pP9aS0dF1gG2hH3jJ4kK5lL6zZ7xX8cC9vV0bB1nN2mM3qW4eR5tT6yU7iI8oO9pP0aS1dF2gG3hH4jJ5kK6lL7zZ8xX9cC0vB1nN2mQ3wE4rR5tT6yY7uU8iI9oO0pP1aS2dF3gG4hH5jJ6kK7lL8zX9cV0bN1nM2qW3eR4tT5yU6iI7oO8pP9aS0dF1gG2hH3jJ4kK5lL6zZ7xX8cC9vV0bB1nN2mM3qW4eR5tT6yU7iI8oO9pP0aS1dF2gG3hH4jJ5kK6lL7zZ8xX9cC0vB1nN2mQ3wE4rR5tT6yY7uU8iI9oO0pP1aS2dF3gG4hH5jJ6kK7l4hH5jJ6kK7lL8zX9cV0bN1nM2qW3eR4tT5yU6iI7oO8pP9aS0dF1gG2hH3jJ4kK5lL6zZ7xX8cC9vV0bB1nN2mM3qW4eR5tT6yU7iI8oO9pP0aS1dF2gG3hH4jJ5kK6lL7zZ8xX9cC0vB1nN2mQ3wE4rR5tT6yY7uU8iI9oO0pP1aS2dF3gG4hH5jJ6kK7lL8zX9cV0bN1nM2qW3eR4tT5yU6iI7oO8pP9aS0dF1gG2hH3jJ4kK5lL6zZ7xX8cC9vV0bB1nN2mM3qW4eR5tT6yU7iI8oO9pP0aS1dF2gG3hH4jJ5kK6lL7zZ8xX9cC0vB1nN2mQ3wE4rR5tT6yY7uU8iI9oO0pP1aS2dF3gG4hH5jJ6kK7l4hH5jJ6kK7lL8zX9cV0bN1nM2qW3eR4tT5yU6iI7oO8pP9aS0dF1gG2hH3jJ4kK5lL6zZ7xX8cC9vV0bB1nN2mM3qW4eR5tT6yU7iI8oO9pP0aS1dF2gG3hH4jJ5kK6lL7zZ8xX9cC0vB1nN2mQ3wE4rR5tT6yY7uU8iI9oO0pP1aS2dF3gG4hH5jJ6kK7lL8zX9cV0bN1nM2qW3eR4tT5yU6iI7oO8pP9aS0dF1gG2hH3jJ4kK5lL6zZ7xX8cC9vV0bB1nN2mM3qW4eR5tT6yU7iI8oO9pP0aS1dF2gG3hH4jJ5kK6lL7zZ8xX9cC0vB1nN2mQ3wE4rR5tT6yY7uU8iI9oO0pP1aS2dF3gG4hH5jJ6kK7l4hH5jJ6kK7lL8zX9cV0bN1nM2qW3eR4tT5yU6iI7oO8pP9aS0dF1gG2hH3jJ4kK5lL6z7nB9vR2mX8kLp4QjW3tY5zH1aG6sF9dD0fS8gA7hJ6kL5mN4bV3vC2xZ1oP9iU8uY7tT6rR5eE4wW3qQ2aZ1sX2dC3fV4gB5hN6jM7kL8pO9iU0yT1rE2wQ3aS4dF5gG6hH7jJ8kK9lL0zZ1xX2cC3vV4bB5nN6mM7qQ8wW9eE0rR1tT2yY3uU4iI5oO6pP7aA8sS9dD0fF1gG2hH3jJ4kK5lL6zZ7xX8cC9vV0bB1nN2mM3qW4eR5tT6yU7iI8oO9pP0aS1dF2gG3hH4jJ5kK6lL7zZ8xX9cC0vB1nN2mQ3wE4rR5tT6yY7uU8iI9oO0pP1aS2dF3gG4hH5jJ6kK7lL8zX9cV0bN1nM2qW3eR4tT5yU6iI7oO8pP9aS0dF1gG2hH3jJ4kK5lL6zZ7xX8cC9vV0bB1nN2mM3qW4eR5tT6yU7iI8oO9pP0aS1dF2gG3hH4jJ5kK6lL7zZ8xX9cC0vB1nN2mQ3wE4rR5tT6yY7uU8iI9oO0pP1aS2dF3gG4hH5jJ6kK7lL8zX9cV0bN1nM2qW3eR4tT5yU6iI7oO8pP9aS0dF1gG2hH3jJ4kK5lL6zZ7xX8cC9vV0bB1nN2mM3qW4eR5tT6yU7iI8oO9pP0aS1dF2gG3hH4jJ5kK6lL7zZ8xX9cC0vB1nN2mQ3wE4rR5tT6yY7uU8iI9oO0pP1aS2dF3gG4hH5jJ6kK7lL8zX9cV0bN1nM2qW3eR4tT5yU6iI7oO8pP9aS0dF1gG2hH3jJ4kK5lL6zZ7xX8cC9vV0bB1nN2mM3qW4eR5tT6yU7iI8oO9pP0aS1dF2gG3hH4jJ5kK6lL7zZ8xX9cC0vB1nN2mQ3wE4rR5tT6yY7uU8iI9oO0pP1aS2dF3gG4hH5jJ6kK7lL8zX9cV0bN1nM2qW3eR4tT5yU6iI7oO8pP9aS0dF1gG2hH3jJ4kK5lL6zZ7xX8cC9vV0bB1nN2mM3qW4eR5tT6yU7iI8oO9pP0aS1dF2gG3hH4jJ5kK6lL7zZ8xX9cC0vB1nN2mQ3wE4rR5tT6yY7uU8iI9oO0pP1aS2dF3gG4hH5jJ6kK7l4hH5jJ6kK7lL8zX9cV0bN1nM2qW3eR4tT5yU6iI7oO8pP9aS0dF1gG2hH3jJ4kK5lL6zZ7xX8cC9vV0bB1nN2mM3qW4eR5tT6yU7iI8oO9pP0aS1dF2gG3hH4jJ5kK6lL7zZ8xX9cC0vB1nN2mQ3wE4rR5tT6yY7uU8iI9oO0pP1aS2dF3gG4hH5jJ6kK7lL8zX9cV0bN1nM2qW3eR4tT5yU6iI7oO8pP9aS0dF1gG2hH3jJ4kK5lL6zZ7xX8cC9vV0bB1nN2mM3qW4eR5tT6yU7iI8oO9pP0aS1dF2gG3hH4jJ5kK6lL7zZ8xX9cC0vB1nN2mQ3wE4rR5tT6yY7uU8iI9oO0pP1aS2dF3gG4hH5jJ6kK7l4hH5jJ6kK7lL8zX9cV0bN1nM2qW3eR4tT5yU6iI7oO8pP9aS0dF1gG2hH3jJ4kK5lL6zZ7xX8cC9vV0bB1nN2mM3qW4eR5tT6yU7iI8oO9pP0aS1dF2gG3hH4jJ5kK6lL7zZ8xX9cC0vB1nN2mQ3wE4rR5tT6yY7uU8iI9oO0pP1aS2dF3gG4hH5jJ6kK7lL8zX9cV0bN1nM2qW3eR4tT5yU6iI7oO8pP9aS0dF1gG2hH3jJ4kK5lL6zZ7xX8cC9vV0bB1nN2mM3qW4eR5tT6yU7iI8oO9pP0aS1dF2gG3hH4jJ5kK6lL7zZ8xX9cC0vB1nN2mQ3wE4rR5tT6yY7uU8iI9oO0pP1aS2dF3gG4hH5jJ6kK7l4hH5jJ6kK7lL8zX9cV0bN1nM2qW3eR4tT5yU6iI7oO8pP9aS0dF1gG2hH3jJ4kK5lL6zZ7xX8cC9vV0bB1nN2mM3qW4eR5tT6yU7iI8oO9pP0aS1dF2gG3hH4jJ5kK6lL7zZ8xX9cC0vB1nN2mQ3wE4rR5tT6yY7uU8iI9oO0pP1aS2dF3gG4hH5jJ6kK7lL8zX9cV0bN1nM2qW3eR4tT5yU6iI7oO8pP9aS0dF1gG2hH3jJ4kK5lL6zZ7xX8cC9vV0bB1nN2mM3qW4eR5tT6yU7iI8oO9pP0aS1dF2gG3hH4jJ5kK6lL7zZ8xX9cC0vB1nN2mQ3wE4rR5tT6yY7uU8iI9oO0pP1aS2dF3gG4hH5jJ6kK7l4hH5jJ6kK7lL8zX9cV0bN1nM2qW3eR4tT5yU6iI7oO8pP9aS0dF1gG2hH3jJ4kK5lL6zZ7xX8cC9vV0bB1nN2mM3qW4eR5tT6yU7iI8oO9pP0aS1dF2gG3hH4jJ5kK6lL7zZ8xX9cC0vB1nN2mQ3wE4rR5tT6yY7uU8iI9oO0pP1aS2dF3gG4hH5jJ6kK7lL8zX9cV0bN1nM2qW3eR4tT5yU6iI7oO8pP9aS0dF1gG2hH3jJ4kK5lL6zZ7xX8cC9vV0bB1nN2mM3qW4eR5tT6yU7iI8oO9pP0aS1dF2gG3hH4jJ5kK6lL7zZ8xX9cC0vB1nN2mQ3wE4rR5tT6yY7uU8iI9oO0pP1aS2dF3gG4hH5jJ6kK7l4hH5jJ6kK7lL8zX9cV0bN1nM2qW3eR4tT5yU6iI7oO8pP9aS0dF1gG2hH3jJ4kK5lL6zZ7xX8cC9vV0bB1nN2mM3qW4eR5tT6yU7iI8oO9pP0aS1dF2gG3hH4jJ5kK6lL7zZ8xX9cC0vB1nN2mQ3wE4rR5tT6yY7uU8iI9oO0pP1aS2dF3gG4hH5jJ6kK7lL8zX9cV0bN1nM2qW3eR4tT5yU6iI7oO8pP9aS0dF1gG2hH3jJ4kK5lL6zZ7xX8cC9vV0bB1nN2mM3qW4eR5tT6yU7iI8oO9pP0aS1dF2gG3hH4jJ5kK6lL7zZ8xX9cC0vB1nN2mQ3wE4rR5tT6yY7uU8iI9oO0pP1aS2dF3gG4hH5jJ6kK7l4hH5jJ6kK7lL8zX9cV0bN1nM2qW3eR4tT5yU6iI7oO8pP9aS0dF1gG2hH3jJ4kK5lL6zZ7xX8cC9vV0bB1nN2mM3qW4eR5tT6yU7iI8oO9pP0aS1dF2gG3hH4jJ5kK6lL7zZ8xX9cC0vB1nN2mQ3wE4rR5tT6yY7uU8iI9oO0pP1aS2dF3gG4hH5jJ6kK7lL8zX9cV0bN1nM2qW3eR4tT5yU6iI7oO8pP9aS0dF1gG2hH3jJ4kK5lL6zZ7xX8cC9vV0bB1nN2mM3qW4eR5tT6yU7iI8oO9pP0aS1dF2gG3hH4jJ5kK6lL7zZ8xX9cC0vB1nN2mQ3wE4rR5tT6yY7uU8iI9oO0pP1aS2dF3gG4hH5jJ6kK7l4hH5jJ6kK7lL8zX9cV0bN1nM2qW3eR4tT5yU6iI7oO8pP9aS0dF1gG2hH3jJ4kK5lL6zZ7xX8cC9vV0bB1nN2mM3qW4eR5tT6yU7iI8oO9pP0aS1dF2gG3hH4jJ5kK6lL7zZ8xX9cC0vB1nN2mQ3wE4rR5tT6yY7uU8iI9oO0pP1aS2dF3gG4hH5jJ6kK7lL8zX9cV0bN1nM2qW3eR4tT5yU6iI7oO8pP9aS0dF1gG2hH3jJ4kK5lL6zZ7xX8cC9vV0bB1nN2mM3qW4eR5tT6yU7iI8oO9pP0aS1dF2gG3hH4jJ5kK6lL7zZ8xX9cC0vB1nN2mQ3wE4rR5tT6yY7uU8iI9oO0pP1aS2dF3gG4hH5jJ6kK7l4hH5jJ6kK7lL8zX9cV0bN1nM2qW3eR4tT5yU6iI7oO8pP9aS0dF1gG2hH3jJ4kK5lL6z7nB9vR2mX8kLp4QjW3tY5zH1aG6sF9dD0fS8gA7hJ6kL5mN4bV3vC2xZ1oP9iU8uY7tT6rR5eE4wW3qQ2aZ1sX2dC3fV4gB5hN6jM7kL8pO9iU0yT1rE2wQ3aS4dF5gG6hH7jJ8kK9lL0zZ1xX2cC3vV4bB5nN6mM7qQ8wW9eE0rR1tT2yY3uU4iI5oO6pP7aA8sS9dD0fF1gG2hH3jJ4kK5lL6zZ7xX8cC9vV0bB1nN2mM3qW4eR5tT6yU7iI8oO9pP0aS1dF2gG3hH4jJ5kK6lL7zZ8xX9cC0vB1nN2mQ3wE4rR5tT6yY7uU8iI9oO0pP1aS2dF3gG4hH5jJ6kK7lL8zX9cV0bN1nM2qW3eR4tT5yU6iI7oO8pP9aS0dF1gG2hH3jJ4kK5lL6zZ7xX8cC9vV0bB1nN2mM3qW4eR5tT6yU7iI8oO9pP0aS1dF2gG3hH4jJ5kK6lL7zZ8xX9cC0vB1nN2mQ3wE4rR5tT6yY7uU8iI9oO0pP1aS2dF3gG4hH5jJ6kK7lL8zX9cV0bN1nM2qW3eR4tT5yU6iI7oO8pP9aS0dF1gG2hH3jJ4kK5lL6zZ7xX8cC9vV0bB1nN2mM3qW4eR5tT6yU7iI8oO9pP0aS1dF2gG3hH4jJ5kK6lL7zZ8xX9cC0vB1nN2mQ3wE4rR5tT6yY7uU8iI9oO0pP1aS2dF3gG4hH5jJ6kK7lL8zX9cV0bN1nM2qW3eR4tT5yU6iI7oO8pP9aS0dF1gG2hH3jJ4kK5lL6zZ7xX8cC9vV0bB1nN2mM3qW4eR5tT6yU7iI8oO9pP0aS1dF2gG3hH4jJ5kK6lL7zZ8xX9cC0vB1nN2mQ3wE4rR5tT6yY7uU8iI9oO0pP1aS2dF3gG4hH5jJ6kK7lL8zX9cV0bN1nM2qW3eR4tT5yU6iI7oO8pP9aS0dF1gG2hH3jJ4kK5lL6zZ7xX8cC9vV0bB1nN2mM3qW4eR5tT6yU7iI8oO9pP0aS1dF2gG3hH4jJ5kK6lL7zZ8xX9cC0vB1nN2mQ3wE4rR5tT6yY7uU8iI9oO0pP1aS2dF3gG4hH5jJ6kK7l4hH5jJ6kK7lL8zX9cV0bN1nM2qW3eR4tT5yU6iI7oO8pP9aS0dF1gG2hH3jJ4kK5lL6zZ7xX8cC9vV0bB1nN2mM3qW4eR5tT6yU7iI8oO9pP0aS1dF2gG3hH4jJ5kK6lL7zZ8xX9cC0vB1nN2mQ3wE4rR5tT6yY7uU8iI9oO0pP1aS2dF3gG4hH5jJ6kK7lL8zX9cV0bN1nM2qW3eR4tT5yU6iI7oO8pP9aS0dF1gG2hH3jJ4kK5lL6zZ7xX8cC9vV0bB1nN2mM3qW4eR5tT6yU7iI8oO9pP0aS1dF2gG3hH4jJ5kK6lL7zZ8xX9cC0vB1nN2mQ3wE4rR5tT6yY7uU8iI9oO0pP1aS2dF3gG4hH5jJ6kK7l4hH5jJ6kK7lL8zX9cV0bN1nM2qW3eR4tT5yU6iI7oO8pP9aS0dF1gG2hH3jJ4kK5lL6zZ7xX8cC9vV0bB1nN2mM3qW4eR5tT6yU7iI8oO9pP0aS1dF2gG3hH4jJ5kK6lL7zZ8xX9cC0vB1nN2mQ3wE4rR5tT6yY7uU8iI9oO0pP1aS2dF3gG4hH5jJ6kK7lL8zX9cV0bN1nM2qW3eR4tT5yU6iI7oO8pP9aS0dF1gG2hH3jJ4kK5lL6zZ7xX8cC9vV0bB1nN2mM3qW4eR5tT6yU7iI8oO9pP0aS1dF2gG3hH4jJ5kK6lL7zZ8xX9cC0vB1nN2mQ3wE4rR5tT6yY7uU8iI9oO0pP1aS2dF3gG4hH5jJ6kK7l4hH5jJ6kK7lL8zX9cV0bN1nM2qW3eR4tT5yU6iI7oO8pP9aS0dF1gG2hH3jJ4kK5lL6zZ7xX8cC9vV0bB1nN2mM3qW4eR5tT6yU7iI8oO9pP0aS1dF2gG3hH4jJ5kK6lL7zZ8xX9cC0vB1nN2mQ3wE4rR5tT6yY7uU8iI9oO0pP1aS2dF3gG4hH5jJ6kK7lL8zX9cV0bN1nM2qW3eR4tT5yU6iI7oO8pP9aS0dF1gG2hH3jJ4kK5lL6zZ7xX8cC9vV0bB1nN2mM3qW4eR5tT6yU7iI8oO9pP0aS1dF2gG3hH4jJ5kK6lL7zZ8xX9cC0vB1nN2mQ3wE4rR5tT6yY7uU8iI9oO0pP1aS2dF3gG4hH5jJ6kK7l4hH5jJ6kK7lL8zX9cV0bN1nM2qW3eR4tT5yU6iI7oO8pP9aS0dF1gG2hH3jJ4kK5lL6zZ7xX8cC9vV0bB1nN2mM3qW4eR5tT6yU7iI8oO9pP0aS1dF2gG3hH4jJ5kK6lL7zZ8xX9cC0vB1nN2mQ3wE4rR5tT6yY7uU8iI9oO0pP1aS2dF3gG4hH5jJ6kK7lL8zX9cV0bN1nM2qW3eR4tT5yU6iI7oO8pP9aS0dF1gG2hH3jJ4kK5lL6zZ7xX8cC9vV0bB1nN2mM3qW4eR5tT6yU7iI8oO9pP0aS1dF2gG3hH4jJ5kK6lL7zZ8xX9cC0vB1nN2mQ3wE4rR5tT6yY7uU8iI9oO0pP1aS2dF3gG4hH5jJ6kK7l4hH5jJ6kK7lL8zX9cV0bN1nM2qW3eR4tT5yU6iI7oO8pP9aS0dF1gG2hH3jJ4kK5lL6zZ7xX8cC9vV0bB1nN2mM3qW4eR5tT6yU7iI8oO9pP0aS1dF2gG3hH4jJ5kK6lL7zZ8xX9cC0vB1nN2mQ3wE4rR5tT6yY7uU8iI9oO0pP1aS2dF3gG4hH5jJ6kK7lL8zX9cV0bN1nM2qW3eR4tT5yU6iI7oO8pP9aS0dF1gG2hH3jJ4kK5lL6zZ7xX8cC9vV0bB1nN2mM3qW4eR5tT6yU7iI8oO9pP0aS1dF2gG3hH4jJ5kK6lL7zZ8xX9cC0vB1nN2mQ3wE4rR5tT6yY7uU8iI9oO0pP1aS2dF3gG4hH5jJ6kK7l4hH5jJ6kK7lL8zX9cV0bN1nM2qW3eR4tT5yU6iI7oO8pP9aS0dF1gG2hH3jJ4kK5lL6zZ7xX8cC9vV0bB1nN2mM3qW4eR5tT6yU7iI8oO9pP0aS1dF2gG3hH4jJ5kK6lL7zZ8xX9cC0vB1nN2mQ3wE4rR5tT6yY7uU8iI9oO0pP1aS2dF3gG4hH5jJ6kK7lL8zX9cV0bN1nM2qW3eR4tT5yU6iI7oO8pP9aS0dF1gG2hH3jJ4kK5lL6zZ7xX8cC9vV0bB1nN2mM3qW4eR5tT6yU7iI8oO9pP0aS1dF2gG3hH4jJ5kK6lL7zZ8xX9cC0vB1nN2mQ3wE4rR5tT6yY7uU8iI9oO0pP1aS2dF3gG4hH5jJ6kK7l4hH5jJ6kK7lL8zX9cV0bN1nM2qW3eR4tT5yU6iI7oO8pP9aS0dF1gG2hH3jJ4kK5lL6zZ7xX8cC9vV0bB1nN2mM3qW4eR5tT6yU7iI8oO9pP0aS1dF2gG3hH4jJ5kK6lL7zZ8xX9cC0vB1nN2mQ3wE4rR5tT6yY7uU8iI9oO0pP1aS2dF3gG4hH5jJ6kK7lL8zX9cV0bN1nM2qW3eR4tT5yU6iI7oO8pP9aS0dF1gG2hH3jJ4kK5lL6zZ7xX8cC9vV0bB1nN2mM3qW4eR5tT6yU7iI8oO9pP0aS1dF2gG3hH4jJ5kK6lL7zZ8xX9cC0vB1nN2mQ3wE4rR5tT6yY7uU8iI9oO0pP1aS2dF3gG4hH5jJ6kK7l4hH5jJ6kK7lL8zX9cV0bN1nM2qW3eR4tT5yU6iI7oO8pP9aS0dF1gG2hH3jJ4kK5lL6z7nB9vR2mX8kLp4QjW3tY5zH1aG6sF9dD0fS8gA7hJ6kL5mN4bV3vC2xZ1oP9iU8uY7tT6rR5eE4wW3qQ2aZ1sX2dC3fV4gB5hN6jM7kL8pO9iU0yT1rE2wQ3aS4dF5gG6hH7jJ8kK9lL0zZ1xX2cC3vV4bB5nN6mM7qQ8wW9eE0rR1tT2yY3uU4iI5oO6pP7aA8sS9dD0fF1gG2hH3jJ4kK5lL6zZ7xX8cC9vV0bB1nN2mM3qW4eR5tT6yU7iI8oO9pP0aS1dF2gG3hH4jJ5kK6lL7zZ8xX9cC0vB1nN2mQ3wE4rR5tT6yY7uU8iI9oO0pP1aS2dF3gG4hH5jJ6kK7lL8zX9cV0bN1nM2qW3eR4tT5yU6iI7oO8pP9aS0dF1gG2hH3jJ4kK5lL6zZ7xX8cC9vV0bB1nN2mM3qW4eR5tT6yU7iI8oO9pP0aS1dF2gG3hH4jJ5kK6lL7zZ8xX9cC0vB1nN2mQ3wE4rR5tT6yY7uU8iI9oO0pP1aS2dF3gG4hH5jJ6kK7lL8zX9cV0bN1nM2qW3eR4tT5yU6iI7oO8pP9aS0dF1gG2hH3jJ4kK5lL6zZ7xX8cC9vV0bB1nN2mM3qW4eR5tT6yU7iI8oO9pP0aS1dF2gG3hH4jJ5kK6lL7zZ8xX9cC0vB1nN2mQ3wE4rR5tT6yY7uU8iI9oO0pP1aS2dF3gG4hH5jJ6kK7lL8zX9cV0bN1nM2qW3eR4tT5yU6iI7oO8pP9aS0dF1gG2hH3jJ4kK5lL6zZ7xX8cC9vV0bB1nN2mM3qW4eR5tT6yU7iI8oO9pP0aS1dF2gG3hH4jJ5kK6lL7zZ8xX9cC0vB1nN2mQ3wE4rR5tT6yY7uU8iI9oO0pP1aS2dF3gG4hH5jJ6kK7lL8zX9cV0bN1nM2qW3eR4tT5yU6iI7oO8pP9aS0dF1gG2hH3jJ4kK5lL6zZ7xX8cC9vV0bB1nN2mM3qW4eR5tT6yU7iI8oO9pP0aS1dF2gG3hH4jJ5kK6lL7zZ8xX9cC0vB1nN2mQ3wE4rR5tT6yY7uU8iI9oO0pP1aS2dF3gG4hH5jJ6kK7l4hH5jJ6kK7lL8zX9cV0bN1nM2qW3eR4tT5yU6iI7oO8pP9aS0dF1gG2hH3jJ4kK5lL6zZ7xX8cC9vV0bB1nN2mM3qW4eR5tT6yU7iI8oO9pP0aS1dF2gG3hH4jJ5kK6lL7zZ8xX9cC0vB1nN2mQ3wE4rR5tT6yY7uU8iI9oO0pP1aS2dF3gG4hH5jJ6kK7lL8zX9cV0bN1nM2qW3eR4tT5yU6iI7oO8pP9aS0dF1gG2hH3jJ4kK5lL6zZ7xX8cC9vV0bB1nN2mM3qW4eR5tT6yU7iI8oO9pP0aS1dF2gG3hH4jJ5kK6lL7zZ8xX9cC0vB1nN2mQ3wE4rR5tT6yY7uU8iI9oO0pP1aS2dF3gG4hH5jJ6kK7l4hH5jJ6kK7lL8zX9cV0bN1nM2qW3eR4tT5yU6iI7oO8pP9aS0dF1gG2hH3jJ4kK5lL6zZ7xX8cC9vV0bB1nN2mM3qW4eR5tT6yU7iI8oO9pP0aS1dF2gG3hH4jJ5kK6lL7zZ8xX9cC0vB1nN2mQ3wE4rR5tT6yY7uU8iI9oO0pP1aS2dF3gG4hH5jJ6kK7lL8zX9cV0bN1nM2qW3eR4tT5yU6iI7oO8pP9aS0dF1gG2hH3jJ4kK5lL6zZ7xX8cC9vV0bB1nN2mM3qW4eR5tT6yU7iI8oO9pP0aS1dF2gG3hH4jJ5kK6lL7zZ8xX9cC0vB1nN2mQ3wE4rR5tT6yY7uU8iI9oO0pP1aS2dF3gG4hH5jJ6kK7l4hH5jJ6kK7lL8zX9cV0bN1nM2qW3eR4tT5yU6iI7oO8pP9aS0dF1gG2hH3jJ4kK5lL6zZ7xX8cC9vV0bB1nN2mM3qW4eR5tT6yU7iI8oO9pP0aS1dF2gG3hH4jJ5kK6lL7zZ8xX9cC0vB1nN2mQ3wE4rR5tT6yY7uU8iI9oO0pP1aS2dF3gG4hH5jJ6kK7lL8zX9cV0bN1nM2qW3eR4tT5yU6iI7oO8pP9aS0dF1gG2hH3jJ4kK5lL6zZ7xX8cC9vV0bB1nN2mM3qW4eR5tT6yU7iI8oO9pP0aS1dF2gG3hH4jJ5kK6lL7zZ8xX9cC0vB1nN2mQ3wE4rR5tT6yY7uU8iI9oO0pP1aS2dF3gG4hH5jJ6kK7l4hH5jJ6kK7lL8zX9cV0bN1nM2qW3eR4tT5yU6iI7oO8pP9aS0dF1gG2hH3jJ4kK5lL6zZ7xX8cC9vV0bB1nN2mM3qW4eR5tT6yU7iI8oO9pP0aS1dF2gG3hH4jJ5kK6lL7zZ8xX9cC0vB1nN2mQ3wE4rR5tT6yY7uU8iI9oO0pP1aS2dF3gG4hH5jJ6kK7lL8zX9cV0bN1nM2qW3eR4tT5yU6iI7oO8pP9aS0dF1gG2hH3jJ4kK5lL6zZ7xX8cC9vV0bB1nN2mM3qW4eR5tT6yU7iI8oO9pP0aS1dF2gG3hH4jJ5kK6lL7zZ8xX9cC0vB1nN2mQ3wE4rR5tT6yY7uU8iI9oO0pP1aS2dF3gG4hH5jJ6kK7l4hH5jJ6kK7lL8zX9cV0bN1nM2qW3eR4tT5yU6iI7oO8pP9aS0dF1gG2hH3jJ4kK5lL6zZ7xX8cC9vV0bB1nN2mM3qW4eR5tT6yU7iI8oO9pP0aS1dF2gG3hH4jJ5kK6lL7zZ8xX9cC0vB1nN2mQ3wE4rR5tT6yY7uU8iI9oO0pP1aS2dF3gG4hH5jJ6kK7lL8zX9cV0bN1nM2qW3eR4tT5yU6iI7oO8pP9aS0dF1gG2hH3jJ4kK5lL6zZ7xX8cC9vV0bB1nN2mM3qW4eR5tT6yU7iI8oO9pP0aS1dF2gG3hH4jJ5kK6lL7zZ8xX9cC0vB1nN2mQ3wE4rR5tT6yY7uU8iI9oO0pP1aS2dF3gG4hH5jJ6kK7l4hH5jJ6kK7lL8zX9cV0bN1nM2qW3eR4tT5yU6iI7oO8pP9aS0dF1gG2hH3jJ4kK5lL6zZ7xX8cC9vV0bB1nN2mM3qW4eR5tT6yU7iI8oO9pP0aS1dF2gG3hH4jJ5kK6lL7zZ8xX9cC0vB1nN2mQ3wE4rR5tT6yY7uU8iI9oO0pP1aS2dF3gG4hH5jJ6kK7lL8zX9cV0bN1nM2qW3eR4tT5yU6iI7oO8pP9aS0dF1gG2hH3jJ4kK5lL6zZ7xX8cC9vV0bB1nN2mM3qW4eR5tT6yU7iI8oO9pP0aS1dF2gG3hH4jJ5kK6lL7zZ8xX9cC0vB1nN2mQ3wE4rR5tT6yY7uU8iI9oO0pP1aS2dF3gG4hH5jJ6kK7l4hH5jJ6kK7lL8zX9cV0bN1nM2qW3eR4tT5yU6iI7oO8pP9aS0dF1gG2hH3jJ4kK5lL6zZ7xX8cC9vV0bB1nN2mM3qW4eR5tT6yU7iI8oO9pP0aS1dF2gG3hH4jJ5kK6lL7zZ8xX9cC0vB1nN2mQ3wE4rR5tT6yY7uU8iI9oO0pP1aS2dF3gG4hH5jJ6kK7lL8zX9cV0bN1nM2qW3eR4tT5yU6iI7oO8pP9aS0dF1gG2hH3jJ4kK5lL6zZ7xX8cC9vV0bB1nN2mM3qW4eR5tT6yU7iI8oO9pP0aS1dF2gG3hH4jJ5kK6lL7zZ8xX9cC0vB1nN2mQ3wE4rR5tT6yY7uU8iI9oO0pP1aS2dF3gG4hH5jJ6kK7l4hH5jJ6kK7lL8zX9cV0bN1nM2qW3eR4tT5yU6iI7oO8pP9aS0dF1gG2hH3jJ4kK5lL6z7nB9vR2mX8kLp4QjW3tY5zH1aG6sF9dD0fS8gA7hJ6kL5mN4bV3vC2xZ1oP9iU8uY7tT6rR5eE4wW3qQ2aZ1sX2dC3fV4gB5hN6jM7kL8pO9iU0yT1rE2wQ3aS4dF5gG6hH7jJ8kK9lL0zZ1xX2cC3vV4bB5nN6mM7qQ8wW9eE0rR1tT2yY3uU4iI5oO6pP7aA8sS9dD0fF1gG2hH3jJ4kK5lL6zZ7xX8cC9vV0bB1nN2mM3qW4eR5tT6yU7iI8oO9pP0aS1dF2gG3hH4jJ5kK6lL7zZ8xX9cC0vB1nN2mQ3wE4rR5tT6yY7uU8iI9oO0pP1aS2dF3gG4hH5jJ6kK7lL8zX9cV0bN1nM2qW3eR4tT5yU6iI7oO8pP9aS0dF1gG2hH3jJ4kK5lL6zZ7xX8cC9vV0bB1nN2mM3qW4eR5tT6yU7iI8oO9pP0aS1dF2gG3hH4jJ5kK6lL7zZ8xX9cC0vB1nN2mQ3wE4rR5tT6yY7uU8iI9oO0pP1aS2dF3gG4hH5jJ6kK7lL8zX9cV0bN1nM2qW3eR4tT5yU6iI7oO8pP9aS0dF1gG2hH3jJ4kK5lL6zZ7xX8cC9vV0bB1nN2mM3qW4eR5tT6yU7iI8oO9pP0aS1dF2gG3hH4jJ5kK6lL7zZ8xX9cC0vB1nN2mQ3wE4rR5tT6yY7uU8iI9oO0pP1aS2dF3gG4hH5jJ6kK7lL8zX9cV0bN1nM2qW3eR4tT5yU6iI7oO8pP9aS0dF1gG2hH3jJ4kK5lL6zZ7xX8cC9vV0bB1nN2mM3qW4eR5tT6yU7iI8oO9pP0aS1dF2gG3hH4jJ5kK6lL7zZ8xX9cC0vB1nN2mQ3wE4rR5tT6yY7uU8iI9oO0pP1aS2dF3gG4hH5jJ6kK7lL8zX9cV0bN1nM2qW3eR4tT5yU6iI7oO8pP9aS0dF1gG2hH3jJ4kK5lL6zZ7xX8cC9vV0bB1nN2mM3qW4eR5tT6yU7iI8oO9pP0aS1dF2gG3hH4jJ5kK6lL7zZ8xX9cC0vB1nN2mQ3wE4rR5tT6yY7uU8iI9oO0pP1aS2dF3gG4hH5jJ6kK7l4hH5jJ6kK7lL8zX9cV0bN1nM2qW3eR4tT5yU6iI7oO8pP9aS0dF1gG2hH3jJ4kK5lL6zZ7xX8cC9vV0bB1nN2mM3qW4eR5tT6yU7iI8oO9pP0aS1dF2gG3hH4jJ5kK6lL7zZ8xX9cC0vB1nN2mQ3wE4rR5tT6yY7uU8iI9oO0pP1aS2dF3gG4hH5jJ6kK7lL8zX9cV0bN1nM2qW3eR4tT5yU6iI7oO8pP9aS0dF1gG2hH3jJ4kK5lL6zZ7xX8cC9vV0bB1nN2mM3qW4eR5tT6yU7iI8oO9pP0aS1dF2gG3hH4jJ5kK6lL7zZ8xX9cC0vB1nN2mQ3wE4rR5tT6yY7uU8iI9oO0pP1aS2dF3gG4hH5jJ6kK7l4hH5jJ6kK7lL8zX9cV0bN1nM2qW3eR4tT5yU6iI7oO8pP9aS0dF1gG2hH3jJ4kK5lL6zZ7xX8cC9vV0bB1nN2mM3qW4eR5tT6yU7iI8oO9pP0aS1dF2gG3hH4jJ5kK6lL7zZ8xX9cC0vB1nN2mQ3wE4rR5tT6yY7uU8iI9oO0pP1aS2dF3gG4hH5jJ6kK7lL8zX9cV0bN1nM2qW3eR4tT5yU6iI7oO8pP9aS0dF1gG2hH3jJ4kK5lL6zZ7xX8cC9vV0bB1nN2mM3qW4eR5tT6yU7iI8oO9pP0aS1dF2gG3hH4jJ5kK6lL7zZ8xX9cC0vB1nN2mQ3wE4rR5tT6yY7uU8iI9oO0pP1aS2dF3gG4hH5jJ6kK7l4hH5jJ6kK7lL8zX9cV0bN1nM2qW3eR4tT5yU6iI7oO8pP9aS0dF1gG2hH3jJ4kK5lL6zZ7xX8cC9vV0bB1nN2mM3qW4eR5tT6yU7iI8oO9pP0aS1dF2gG3hH4jJ5kK6lL7zZ8xX9cC0vB1nN2mQ3wE4rR5tT6yY7uU8iI9oO0pP1aS2dF3gG4hH5jJ6kK7lL8zX9cV0bN1nM2qW3eR4tT5yU6iI7oO8pP9aS0dF1gG2hH3jJ4kK5lL6zZ7xX8cC9vV0bB1nN2mM3qW4eR5tT6yU7iI8oO9pP0aS1dF2gG3hH4jJ5kK6lL7zZ8xX9cC0vB1nN2mQ3wE4rR5tT6yY7uU8iI9oO0pP1aS2dF3gG4hH5jJ6kK7l4hH5jJ6kK7lL8zX9cV0bN1nM2qW3eR4tT5yU6iI7oO8pP9aS0dF1gG2hH3jJ4kK5lL6zZ7xX8cC9vV0bB1nN2mM3qW4eR5tT6yU7iI8oO9pP0aS1dF2gG3hH4jJ5kK6lL7zZ8xX9cC0vB1nN2mQ3wE4rR5tT6yY7uU8iI9oO0pP1aS2dF3gG4hH5jJ6kK7lL8zX9cV0bN1nM2qW3eR4tT5yU6iI7oO8pP9aS0dF1gG2hH3jJ4kK5lL6zZ7xX8cC9vV0bB1nN2mM3qW4eR5tT6yU7iI8oO9pP0aS1dF2gG3hH4jJ5kK6lL7zZ8xX9cC0vB1nN2mQ3wE4rR5tT6yY7uU8iI9oO0pP1aS2dF3gG4hH5jJ6kK7l4hH5jJ6kK7lL8zX9cV0bN1nM2qW3eR4tT5yU6iI7oO8pP9aS0dF1gG2hH3jJ4kK5lL6zZ7xX8cC9vV0bB1nN2mM3qW4eR5tT6yU7iI8oO9pP0aS1dF2gG3hH4jJ5kK6lL7zZ8xX9cC0vB1nN2mQ3wE4rR5tT6yY7uU8iI9oO0pP1aS2dF3gG4hH5jJ6kK7lL8zX9cV0bN1nM2qW3eR4tT5yU6iI7oO8pP9aS0dF1gG2hH3jJ4kK5lL6zZ7xX8cC9vV0bB1nN2mM3qW4eR5tT6yU7iI8oO9pP0aS1dF2gG3hH4jJ5kK6lL7zZ8xX9cC0vB1nN2mQ3wE4rR5tT6yY7uU8iI9oO0pP1aS2dF3gG4hH5jJ6kK7l4hH5jJ6kK7lL8zX9cV0bN1nM2qW3eR4tT5yU6iI7oO8pP9aS0dF1gG2hH3jJ4kK5lL6zZ7xX8cC9vV0bB1nN2mM3qW4eR5tT6yU7iI8oO9pP0aS1dF2gG3hH4jJ5kK6lL7zZ8xX9cC0vB1nN2mQ3wE4rR5tT6yY7uU8iI9oO0pP1aS2dF3gG4hH5jJ6kK7lL8zX9cV0bN1nM2qW3eR4tT5yU6iI7oO8pP9aS0dF1gG2hH3jJ4kK5lL6zZ7xX8cC9vV0bB1nN2mM3qW4eR5tT6yU7iI8oO9pP0aS1dF2gG3hH4jJ5kK6lL7zZ8xX9cC0vB1nN2mQ3wE4rR5tT6yY7uU8iI9oO0pP1aS2dF3gG4hH5jJ6kK7l4hH5jJ6kK7lL8zX9cV0bN1nM2qW3eR4tT5yU6iI7oO8pP9aS0dF1gG2hH3jJ4kK5lL6zZ7xX8cC9vV0bB1nN2mM3qW4eR5tT6yU7iI8oO9pP0aS1dF2gG3hH4jJ5kK6lL7zZ8xX9cC0vB1nN2mQ3wE4rR5tT6yY7uU8iI9oO0pP1aS2dF3gG4hH5jJ6kK7lL8zX9cV0bN1nM2qW3eR4tT5yU6iI7oO8pP9aS0dF1gG2hH3jJ4kK5lL6zZ7xX8cC9vV0bB1nN2mM3qW4eR5tT6yU7iI8oO9pP0aS1dF2gG3hH4jJ5kK6lL7zZ8xX9cC0vB1nN2mQ3wE4rR5tT6yY7uU8iI9oO0pP1aS2dF3gG4hH5jJ6kK7l4hH5jJ6kK7lL8zX9cV0bN1nM2qW3eR4tT5yU6iI7oO8pP9aS0dF1gG2hH3jJ4kK5lL6z7nB9vR2mX8kLp4QjW3tY5zH1aG6sF9dD0fS8gA7hJ6kL5mN4bV3vC2xZ1oP9iU8uY7tT6rR5eE4wW3qQ2aZ1sX2dC3fV4gB5hN6jM7kL8pO9iU0yT1rE2wQ3aS4dF5gG6hH7jJ8kK9lL0zZ1xX2cC3vV4bB5nN6mM7qQ8wW9eE0rR1tT2yY3uU4iI5oO6pP7aA8sS9dD0fF1gG2hH3jJ4kK5lL6zZ7xX8cC9vV0bB1nN2mM3qW4eR5tT6yU7iI8oO9pP0aS1dF2gG3hH4jJ5kK6lL7zZ8xX9cC0vB1nN2mQ3wE4rR5tT6yY7uU8iI9oO0pP1aS2dF3gG4hH5jJ6kK7lL8zX9cV0bN1nM2qW3eR4tT5yU6iI7oO8pP9aS0dF1gG2hH3jJ4kK5lL6zZ7xX8cC9vV0bB1nN2mM3qW4eR5tT6yU7iI8oO9pP0aS1dF2gG3hH4jJ5kK6lL7zZ8xX9cC0vB1nN2mQ3wE4rR5tT6yY7uU8iI9oO0pP1aS2dF3gG4hH5jJ6kK7lL8zX9cV0bN1nM2qW3eR4tT5yU6iI7oO8pP9aS0dF1gG2hH3jJ4kK5lL6zZ7xX8cC9vV0bB1nN2mM3qW4eR5tT6yU7iI8oO9pP0aS1dF2gG3hH4jJ5kK6lL7zZ8xX9cC0vB1nN2mQ3wE4rR5tT6yY7uU8iI9oO0pP1aS2dF3gG4hH5jJ6kK7lL8zX9cV0bN1nM2qW3eR4tT5yU6iI7oO8pP9aS0dF1gG2hH3jJ4kK5lL6zZ7xX8cC9vV0bB1nN2mM3qW4eR5tT6yU7iI8oO9pP0aS1dF2gG3hH4jJ5kK6lL7zZ8xX9cC0vB1nN2mQ3wE4rR5tT6yY7uU8iI9oO0pP1aS2dF3gG4hH5jJ6kK7lL8zX9cV0bN1nM2qW3eR4tT5yU6iI7oO8pP9aS0dF1gG2hH3jJ4kK5lL6zZ7xX8cC9vV0bB1nN2mM3qW4eR5tT6yU7iI8oO9pP0aS1dF2gG3hH4jJ5kK6lL7zZ8xX9cC0vB1nN2mQ3wE4rR5tT6yY7uU8iI9oO0pP1aS2dF3gG4hH5jJ6kK7l4hH5jJ6kK7lL8zX9cV0bN1nM2qW3eR4tT5yU6iI7oO8pP9aS0dF1gG2hH3jJ4kK5lL6zZ7xX8cC9vV0bB1nN2mM3qW4eR5tT6yU7iI8oO9pP0aS1dF2gG3hH4jJ5kK6lL7zZ8xX9cC0vB1nN2mQ3wE4rR5tT6yY7uU8iI9oO0pP1aS2dF3gG4hH5jJ6kK7lL8zX9cV0bN1nM2qW3eR4tT5yU6iI7oO8pP9aS0dF1gG2hH3jJ4kK5lL6zZ7xX8cC9vV0bB1nN2mM3qW4eR5tT6yU7iI8oO9pP0aS1dF2gG3hH4jJ5kK6lL7zZ8xX9cC0vB1nN2mQ3wE4rR5tT6yY7uU8iI9oO0pP1aS2dF3gG4hH5jJ6kK7l4hH5jJ6kK7lL8zX9cV0bN1nM2qW3eR4tT5yU6iI7oO8pP9aS0dF1gG2hH3jJ4kK5lL6zZ7xX8cC9vV0bB1nN2mM3qW4eR5tT6yU7iI8oO9pP0aS1dF2gG3hH4jJ5kK6lL7zZ8xX9cC0vB1nN2mQ3wE4rR5tT6yY7uU8iI9oO0pP1aS2dF3gG4hH5jJ6kK7lL8zX9cV0bN1nM2qW3eR4tT5yU6iI7oO8pP9aS0dF1gG2hH3jJ4kK5lL6zZ7xX8cC9vV0bB1nN2mM3qW4eR5tT6yU7iI8oO9pP0aS1dF2gG3hH4jJ5kK6lL7zZ8xX9cC0vB1nN2mQ3wE4rR5tT6yY7uU8iI9oO0pP1aS2dF3gG4hH5jJ6kK7l4hH5jJ6kK7lL8zX9cV0bN1nM2qW3eR4tT5yU6iI7oO8pP9aS0dF1gG2hH3jJ4kK5lL6zZ7xX8cC9vV0bB1nN2mM3qW4eR5tT6yU7iI8oO9pP0aS1dF2gG3hH4jJ5kK6lL7zZ8xX9cC0vB1nN2mQ3wE4rR5tT6yY7uU8iI9oO0pP1aS2dF3gG4hH5jJ6kK7lL8zX9cV0bN1nM2qW3eR4tT5yU6iI7oO8pP9aS0dF1gG2hH3jJ4kK5lL6zZ7xX8cC9vV0bB1nN2mM3qW4eR5tT6yU7iI8oO9pP0aS1dF2gG3hH4jJ5kK6lL7zZ8xX9cC0vB1nN2mQ3wE4rR5tT6yY7uU8iI9oO0pP1aS2dF3gG4hH5jJ6kK7l4hH5jJ6kK7lL8zX9cV0bN1nM2qW3eR4tT5yU6iI7oO8pP9aS0dF1gG2hH3jJ4kK5lL6zZ7xX8cC9vV0bB1nN2mM3qW4eR5tT6yU7iI8oO9pP0aS1dF2gG3hH4jJ5kK6lL7zZ8xX9cC0vB1nN2mQ3wE4rR5tT6yY7uU8iI9oO0pP1aS2dF3gG4hH5jJ6kK7lL8zX9cV0bN1nM2qW3eR4tT5yU6iI7oO8pP9aS0dF1gG2hH3jJ4kK5lL6zZ7xX8cC9vV0bB1nN2mM3qW4eR5tT6yU7iI8oO9pP0aS1dF2gG3hH4jJ5kK6lL7zZ8xX9cC0vB1nN2mQ3wE4rR5tT6yY7uU8iI9oO0pP1aS2dF3gG4hH5jJ6kK7l4hH5jJ6kK7lL8zX9cV0bN1nM2qW3eR4tT5yU6iI7oO8pP9aS0dF1gG2hH3jJ4kK5lL6zZ7xX8cC9vV0bB1nN2mM3qW4eR5tT6yU7iI8oO9pP0aS1dF2gG3hH4jJ5kK6lL7zZ8xX9cC0vB1nN2mQ3wE4rR5tT6yY7uU8iI9oO0pP1aS2dF3gG4hH5jJ6kK7lL8zX9cV0bN1nM2qW3eR4tT5yU6iI7oO8pP9aS0dF1gG2hH3jJ4kK5lL6zZ7xX8cC9vV0bB1nN2mM3qW4eR5tT6yU7iI8oO9pP0aS1dF2gG3hH4jJ5kK6lL7zZ8xX9cC0vB1nN2mQ3wE4rR5tT6yY7uU8iI9oO0pP1aS2dF3gG4hH5jJ6kK7l4hH5jJ6kK7lL8zX9cV0bN1nM2qW3eR4tT5yU6iI7oO8pP9aS0dF1gG2hH3jJ4kK5lL6zZ7xX8cC9vV0bB1nN2mM3qW4eR5tT6yU7iI8oO9pP0aS1dF2gG3hH4jJ5kK6lL7zZ8xX9cC0vB1nN2mQ3wE4rR5tT6yY7uU8iI9oO0pP1aS2dF3gG4hH5jJ6kK7lL8zX9cV0bN1nM2qW3eR4tT5yU6iI7oO8pP9aS0dF1gG2hH3jJ4kK5lL6zZ7xX8cC9vV0bB1nN2mM3qW4eR5tT6yU7iI8oO9pP0aS1dF2gG3hH4jJ5kK6lL7zZ8xX9cC0vB1nN2mQ3wE4rR5tT6yY7uU8iI9oO0pP1aS2dF3gG4hH5jJ6kK7l4hH5jJ6kK7lL8zX9cV0bN1nM2qW3eR4tT5yU6iI7oO8pP9aS0dF1gG2hH3jJ4kK5lL6zZ7xX8cC9vV0bB1nN2mM3qW4eR5tT6yU7iI8oO9pP0aS1dF2gG3hH4jJ5kK6lL7zZ8xX9cC0vB1nN2mQ3wE4rR5tT6yY7uU8iI9oO0pP1aS2dF3gG4hH5jJ6kK7lL8zX9cV0bN1nM2qW3eR4tT5yU6iI7oO8pP9aS0dF1gG2hH3jJ4kK5lL6zZ7xX8cC9vV0bB1nN2mM3qW4eR5tT6yU7iI8oO9pP0aS1dF2gG3hH4jJ5kK6lL7zZ8xX9cC0vB1nN2mQ3wE4rR5tT6yY7uU8iI9oO0pP1aS2dF3gG4hH5jJ6kK7l4hH5jJ6kK7lL8zX9cV0bN1nM2qW3eR4tT5yU6iI7oO8pP9aS0dF1gG2hH3jJ4kK5lL6z7nB9vR2mX8kLp4QjW3tY5zH1aG6sF9dD0fS8gA7hJ6kL5mN4bV3vC2xZ1oP9iU8uY7tT6rR5eE4wW3qQ2aZ1sX2dC3fV4gB5hN6jM7kL8pO9iU0yT1rE2wQ3aS4dF5gG6hH7jJ8kK9lL0zZ1xX2cC3vV4bB5nN6mM7qQ8wW9eE0rR1tT2yY3uU4iI5oO6pP7aA8sS9dD0fF1gG2hH3jJ4kK5lL6zZ7xX8cC9vV0bB1nN2mM3qW4eR5tT6yU7iI8oO9pP0aS1dF2gG3hH4jJ5kK6lL7zZ8xX9cC0vB1nN2mQ3wE4rR5tT6yY7uU8iI9oO0pP1aS2dF3gG4hH5jJ6kK7lL8zX9cV0bN1nM2qW3eR4tT5yU6iI7oO8pP9aS0dF1gG2hH3jJ4kK5lL6zZ7xX8cC9vV0bB1nN2mM3qW4eR5tT6yU7iI8oO9pP0aS1dF2gG3hH4jJ5kK6lL7zZ8xX9cC0vB1nN2mQ3wE4rR5tT6yY7uU8iI9oO0pP1aS2dF3gG4hH5jJ6kK7lL8zX9cV0bN1nM2qW3eR4tT5yU6iI7oO8pP9aS0dF1gG2hH3jJ4kK5lL6zZ7xX8cC9vV0bB1nN2mM3qW4eR5tT6yU7iI8oO9pP0aS1dF2gG3hH4jJ5kK6lL7zZ8xX9cC0vB1nN2mQ3wE4rR5tT6yY7uU8iI9oO0pP1aS2dF3gG4hH5jJ6kK7lL8zX9cV0bN1nM2qW3eR4tT5yU6iI7oO8pP9aS0dF1gG2hH3jJ4kK5lL6zZ7xX8cC9vV0bB1nN2mM3qW4eR5tT6yU7iI8oO9pP0aS1dF2gG3hH4jJ5kK6lL7zZ8xX9cC0vB1nN2mQ3wE4rR5tT6yY7uU8iI9oO0pP1aS2dF3gG4hH5jJ6kK7lL8zX9cV0bN1nM2qW3eR4tT5yU6iI7oO8pP9aS0dF1gG2hH3jJ4kK5lL6zZ7xX8cC9vV0bB1nN2mM3qW4eR5tT6yU7iI8oO9pP0aS1dF2gG3hH4jJ5kK6lL7zZ8xX9cC0vB1nN2mQ3wE4rR5tT6yY7uU8iI9oO0pP1aS2dF3gG4hH5jJ6kK7l4hH5jJ6kK7lL8zX9cV0bN1nM2qW3eR4tT5yU6iI7oO8pP9aS0dF1gG2hH3jJ4kK5lL6zZ7xX8cC9vV0bB1nN2mM3qW4eR5tT6yU7iI8oO9pP0aS1dF2gG3hH4jJ5kK6lL7zZ8xX9cC0vB1nN2mQ3wE4rR5tT6yY7uU8iI9oO0pP1aS2dF3gG4hH5jJ6kK7lL8zX9cV0bN1nM2qW3eR4tT5yU6iI7oO8pP9aS0dF1gG2hH3jJ4kK5lL6zZ7xX8cC9vV0bB1nN2mM3qW4eR5tT6yU7iI8oO9pP0aS1dF2gG3hH4jJ5kK6lL7zZ8xX9cC0vB1nN2mQ3wE4rR5tT6yY7uU8iI9oO0pP1aS2dF3gG4hH5jJ6kK7l4hH5jJ6kK7lL8zX9cV0bN1nM2qW3eR4tT5yU6iI7oO8pP9aS0dF1gG2hH3jJ4kK5lL6zZ7xX8cC9vV0bB1nN2mM3qW4eR5tT6yU7iI8oO9pP0aS1dF2gG3hH4jJ5kK6lL7zZ8xX9cC0vB1nN2mQ3wE4rR5tT6yY7uU8iI9oO0pP1aS2dF3gG4hH5jJ6kK7lL8zX9cV0bN1nM2qW3eR4tT5yU6iI7oO8pP9aS0dF1gG2hH3jJ4kK5lL6zZ7xX8cC9vV0bB1nN2mM3qW4eR5tT6yU7iI8oO9pP0aS1dF2gG3hH4jJ5kK6lL7zZ8xX9cC0vB1nN2mQ3wE4rR5tT6yY7uU8iI9oO0pP1aS2dF3gG4hH5jJ6kK7l4hH5jJ6kK7lL8zX9cV0bN1nM2qW3eR4tT5yU6iI7oO8pP9aS0dF1gG2hH3jJ4kK5lL6zZ7xX8cC9vV0bB1nN2mM3qW4eR5tT6yU7iI8oO9pP0aS1dF2gG3hH4jJ5kK6lL7zZ8xX9cC0vB1nN2mQ3wE4rR5tT6yY7uU8iI9oO0pP1aS2dF3gG4hH5jJ6kK7lL8zX9cV0bN1nM2qW3eR4tT5yU6iI7oO8pP9aS0dF1gG2hH3jJ4kK5lL6zZ7xX8cC9vV0bB1nN2mM3qW4eR5tT6yU7iI8oO9pP0aS1dF2gG3hH4jJ5kK6lL7zZ8xX9cC0vB1nN2mQ3wE4rR5tT6yY7uU8iI9oO0pP1aS2dF3gG4hH5jJ6kK7l4hH5jJ6kK7lL8zX9cV0bN1nM2qW3eR4tT5yU6iI7oO8pP9aS0dF1gG2hH3jJ4kK5lL6zZ7xX8cC9vV0bB1nN2mM3qW4eR5tT6yU7iI8oO9pP0aS1dF2gG3hH4jJ5kK6lL7zZ8xX9cC0vB1nN2mQ3wE4rR5tT6yY7uU8iI9oO0pP1aS2dF3gG4hH5jJ6kK7lL8zX9cV0bN1nM2qW3eR4tT5yU6iI7oO8pP9aS0dF1gG2hH3jJ4kK5lL6zZ7xX8cC9vV0bB1nN2mM3qW4eR5tT6yU7iI8oO9pP0aS1dF2gG3hH4jJ5kK6lL7zZ8xX9cC0vB1nN2mQ3wE4rR5tT6yY7uU8iI9oO0pP1aS2dF3gG4hH5jJ6kK7l4hH5jJ6kK7lL8zX9cV0bN1nM2qW3eR4tT5yU6iI7oO8pP9aS0dF1gG2hH3jJ4kK5lL6zZ7xX8cC9vV0bB1nN2mM3qW4eR5tT6yU7iI8oO9pP0aS1dF2gG3hH4jJ5kK6lL7zZ8xX9cC0vB1nN2mQ3wE4rR5tT6yY7uU8iI9oO0pP1aS2dF3gG4hH5jJ6kK7lL8zX9cV0bN1nM2qW3eR4tT5yU6iI7oO8pP9aS0dF1gG2hH3jJ4kK5lL6zZ7xX8cC9vV0bB1nN2mM3qW4eR5tT6yU7iI8oO9pP0aS1dF2gG3hH4jJ5kK6lL7zZ8xX9cC0vB1nN2mQ3wE4rR5tT6yY7uU8iI9oO0pP1aS2dF3gG4hH5jJ6kK7l4hH5jJ6kK7lL8zX9cV0bN1nM2qW3eR4tT5yU6iI7oO8pP9aS0dF1gG2hH3jJ4kK5lL6zZ7xX8cC9vV0bB1nN2mM3qW4eR5tT6yU7iI8oO9pP0aS1dF2gG3hH4jJ5kK6lL7zZ8xX9cC0vB1nN2mQ3wE4rR5tT6yY7uU8iI9oO0pP1aS2dF3gG4hH5jJ6kK7lL8zX9cV0bN1nM2qW3eR4tT5yU6iI7oO8pP9aS0dF1gG2hH3jJ4kK5lL6zZ7xX8cC9vV0bB1nN2mM3qW4eR5tT6yU7iI8oO9pP0aS1dF2gG3hH4jJ5kK6lL7zZ8xX9cC0vB1nN2mQ3wE4rR5tT6yY7uU8iI9oO0pP1aS2dF3gG4hH5jJ6kK7l4hH5jJ6kK7lL8zX9cV0bN1nM2qW3eR4tT5yU6iI7oO8pP9aS0dF1gG2hH3jJ4kK5lL6zZ7xX8cC9vV0bB1nN2mM3qW4eR5tT6yU7iI8oO9pP0aS1dF2gG3hH4jJ5kK6lL7zZ8xX9cC0vB1nN2mQ3wE4rR5tT6yY7uU8iI9oO0pP1aS2dF3gG4hH5jJ6kK7lL8zX9cV0bN1nM2qW3eR4tT5yU6iI7oO8pP9aS0dF1gG2hH3jJ4kK5lL6zZ7xX8cC9vV0bB1nN2mM3qW4eR5tT6yU7iI8oO9pP0aS1dF2gG3hH4jJ5kK6lL7zZ8xX9cC0vB1nN2mQ3wE4rR5tT6yY7uU8iI9oO0pP1aS2dF3gG4hH5jJ6kK7l4hH5jJ6kK7lL8zX9cV0bN1nM2qW3eR4tT5yU6iI7oO8pP9aS0dF1gG2hH3jJ4kK5lL6z7nB9vR2mX8kLp4QjW3tY5zH1aG6sF9dD0fS8gA7hJ6kL5mN4bV3vC2xZ1oP9iU8uY7tT6rR5eE4wW3qQ2aZ1sX2dC3fV4gB5hN6jM7kL8pO9iU0yT1rE2wQ3aS4dF5gG6hH7jJ8kK9lL0zZ1xX2cC3vV4bB5nN6mM7qQ8wW9eE0rR1tT2yY3uU4iI5oO6pP7aA8sS9dD0fF1gG2hH3jJ4kK5lL6zZ7xX8cC9vV0bB1nN2mM3qW4eR5tT6yU7iI8oO9pP0aS1dF2gG3hH4jJ5kK6lL7zZ8xX9cC0vB1nN2mQ3wE4rR5tT6yY7uU8iI9oO0pP1aS2dF3gG4hH5jJ6kK7lL8zX9cV0bN1nM2qW3eR4tT5yU6iI7oO8pP9aS0dF1gG2hH3jJ4kK5lL6zZ7xX8cC9vV0bB1nN2mM3qW4eR5tT6yU7iI8oO9pP0aS1dF2gG3hH4jJ5kK6lL7zZ8xX9cC0vB1nN2mQ3wE4rR5tT6yY7uU8iI9oO0pP1aS2dF3gG4hH5jJ6kK7lL8zX9cV0bN1nM2qW3eR4tT5yU6iI7oO8pP9aS0dF1gG2hH3jJ4kK5lL6zZ7xX8cC9vV0bB1nN2mM3qW4eR5tT6yU7iI8oO9pP0aS1dF2gG3hH4jJ5kK6lL7zZ8xX9cC0vB1nN2mQ3wE4rR5tT6yY7uU8iI9oO0pP1aS2dF3gG4hH5jJ6kK7lL8zX9cV0bN1nM2qW3eR4tT5yU6iI7oO8pP9aS0dF1gG2hH3jJ4kK5lL6zZ7xX8cC9vV0bB1nN2mM3qW4eR5tT6yU7iI8oO9pP0aS1dF2gG3hH4jJ5kK6lL7zZ8xX9cC0vB1nN2mQ3wE4rR5tT6yY7uU8iI9oO0pP1aS2dF3gG4hH5jJ6kK7lL8zX9cV0bN1nM2qW3eR4tT5yU6iI7oO8pP9aS0dF1gG2hH3jJ4kK5lL6zZ7xX8cC9vV0bB1nN2mM3qW4eR5tT6yU7iI8oO9pP0aS1dF2gG3hH4jJ5kK6lL7zZ8xX9cC0vB1nN2mQ3wE4rR5tT6yY7uU8iI9oO0pP1aS2dF3gG4hH5jJ6kK7l4hH5jJ6kK7lL8zX9cV0bN1nM2qW3eR4tT5yU6iI7oO8pP9aS0dF1gG2hH3jJ4kK5lL6zZ7xX8cC9vV0bB1nN2mM3qW4eR5tT6yU7iI8oO9pP0aS1dF2gG3hH4jJ5kK6lL7zZ8xX9cC0vB1nN2mQ3wE4rR5tT6yY7uU8iI9oO0pP1aS2dF3gG4hH5jJ6kK7lL8zX9cV0bN1nM2qW3eR4tT5yU6iI7oO8pP9aS0dF1gG2hH3jJ4kK5lL6zZ7xX8cC9vV0bB1nN2mM3qW4eR5tT6yU7iI8oO9pP0aS1dF2gG3hH4jJ5kK6lL7zZ8xX9cC0vB1nN2mQ3wE4rR5tT6yY7uU8iI9oO0pP1aS2dF3gG4hH5jJ6kK7l4hH5jJ6kK7lL8zX9cV0bN1nM2qW3eR4tT5yU6iI7oO8pP9aS0dF1gG2hH3jJ4kK5lL6zZ7xX8cC9vV0bB1nN2mM3qW4eR5tT6yU7iI8oO9pP0aS1dF2gG3hH4jJ5kK6lL7zZ8xX9cC0vB1nN2mQ3wE4rR5tT6yY7uU8iI9oO0pP1aS2dF3gG4hH5jJ6kK7lL8zX9cV0bN1nM2qW3eR4tT5yU6iI7oO8pP9aS0dF1gG2hH3jJ4kK5lL6zZ7xX8cC9vV0bB1nN2mM3qW4eR5tT6yU7iI8oO9pP0aS1dF2gG3hH4jJ5kK6lL7zZ8xX9cC0vB1nN2mQ3wE4rR5tT6yY7uU8iI9oO0pP1aS2dF3gG4hH5jJ6kK7l4hH5jJ6kK7lL8zX9cV0bN1nM2qW3eR4tT5yU6iI7oO8pP9aS0dF1gG2hH3jJ4kK5lL6zZ7xX8cC9vV0bB1nN2mM3qW4eR5tT6yU7iI8oO9pP0aS1dF2gG3hH4jJ5kK6lL7zZ8xX9cC0vB1nN2mQ3wE4rR5tT6yY7uU8iI9oO0pP1aS2dF3gG4hH5jJ6kK7lL8zX9cV0bN1nM2qW3eR4tT5yU6iI7oO8pP9aS0dF1gG2hH3jJ4kK5lL6zZ7xX8cC9vV0bB1nN2mM3qW4eR5tT6yU7iI8oO9pP0aS1dF2gG3hH4jJ5kK6lL7zZ8xX9cC0vB1nN2mQ3wE4rR5tT6yY7uU8iI9oO0pP1aS2dF3gG4hH5jJ6kK7l4hH5jJ6kK7lL8zX9cV0bN1nM2qW3eR4tT5yU6iI7oO8pP9aS0dF1gG2hH3jJ4kK5lL6zZ7xX8cC9vV0bB1nN2mM3qW4eR5tT6yU7iI8oO9pP0aS1dF2gG3hH4jJ5kK6lL7zZ8xX9cC0vB1nN2mQ3wE4rR5tT6yY7uU8iI9oO0pP1aS2dF3gG4hH5jJ6kK7lL8zX9cV0bN1nM2qW3eR4tT5yU6iI7oO8pP9aS0dF1gG2hH3jJ4kK5lL6zZ7xX8cC9vV0bB1nN2mM3qW4eR5tT6yU7iI8oO9pP0aS1dF2gG3hH4jJ5kK6lL7zZ8xX9cC0vB1nN2mQ3wE4rR5tT6yY7uU8iI9oO0pP1aS2dF3gG4hH5jJ6kK7l4hH5jJ6kK7lL8zX9cV0bN1nM2qW3eR4tT5yU6iI7oO8pP9aS0dF1gG2hH3jJ4kK5lL6zZ7xX8cC9vV0bB1nN2mM3qW4eR5tT6yU7iI8oO9pP0aS1dF2gG3hH4jJ5kK6lL7zZ8xX9cC0vB1nN2mQ3wE4rR5tT6yY7uU8iI9oO0pP1aS2dF3gG4hH5jJ6kK7lL8zX9cV0bN1nM2qW3eR4tT5yU6iI7oO8pP9aS0dF1gG2hH3jJ4kK5lL6zZ7xX8cC9vV0bB1nN2mM3qW4eR5tT6yU7iI8oO9pP0aS1dF2gG3hH4jJ5kK6lL7zZ8xX9cC0vB1nN2mQ3wE4rR5tT6yY7uU8iI9oO0pP1aS2dF3gG4hH5jJ6kK7l4hH5jJ6kK7lL8zX9cV0bN1nM2qW3eR4tT5yU6iI7oO8pP9aS0dF1gG2hH3jJ4kK5lL6zZ7xX8cC9vV0bB1nN2mM3qW4eR5tT6yU7iI8oO9pP0aS1dF2gG3hH4jJ5kK6lL7zZ8xX9cC0vB1nN2mQ3wE4rR5tT6yY7uU8iI9oO0pP1aS2dF3gG4hH5jJ6kK7lL8zX9cV0bN1nM2qW3eR4tT5yU6iI7oO8pP9aS0dF1gG2hH3jJ4kK5lL6zZ7xX8cC9vV0bB1nN2mM3qW4eR5tT6yU7iI8oO9pP0aS1dF2gG3hH4jJ5kK6lL7zZ8xX9cC0vB1nN2mQ3wE4rR5tT6yY7uU8iI9oO0pP1aS2dF3gG4hH5jJ6kK7l4hH5jJ6kK7lL8zX9cV0bN1nM2qW3eR4tT5yU6iI7oO8pP9aS0dF1gG2hH3jJ4kK5lL6zZ7xX8cC9vV0bB1nN2mM3qW4eR5tT6yU7iI8oO9pP0aS1dF2gG3hH4jJ5kK6lL7zZ8xX9cC0vB1nN2mQ3wE4rR5tT6yY7uU8iI9oO0pP1aS2dF3gG4hH5jJ6kK7lL8zX9cV0bN1nM2qW3eR4tT5yU6iI7oO8pP9aS0dF1gG2hH3jJ4kK5lL6zZ7xX8cC9vV0bB1nN2mM3qW4eR5tT6yU7iI8oO9pP0aS1dF2gG3hH4jJ5kK6lL7zZ8xX9cC0vB1nN2mQ3wE4rR5tT6yY7uU8iI9oO0pP1aS2dF3gG4hH5jJ6kK7l4hH5jJ6kK7lL8zX9cV0bN1nM2qW3eR4tT5yU6iI7oO8pP9aS0dF1gG2hH3jJ4kK5lL6z7nB9vR2mX8kLp4QjW3tY5zH1aG6sF9dD0fS8gA7hJ6kL5mN4bV3vC2xZ1oP9iU8uY7tT6rR5eE4wW3qQ2aZ1sX2dC3fV4gB5hN6jM7kL8pO9iU0yT1rE2wQ3aS4dF5gG6hH7jJ8kK9lL0zZ1xX2cC3vV4bB5nN6mM7qQ8wW9eE0rR1tT2yY3uU4iI5oO6pP7aA8sS9dD0fF1gG2hH3jJ4kK5lL6zZ7xX8cC9vV0bB1nN2mM3qW4eR5tT6yU7iI8oO9pP0aS1dF2gG3hH4jJ5kK6lL7zZ8xX9cC0vB1nN2mQ3wE4rR5tT6yY7uU8iI9oO0pP1aS2dF3gG4hH5jJ6kK7lL8zX9cV0bN1nM2qW3eR4tT5yU6iI7oO8pP9aS0dF1gG2hH3jJ4kK5lL6zZ7xX8cC9vV0bB1nN2mM3qW4eR5tT6yU7iI8oO9pP0aS1dF2gG3hH4jJ5kK6lL7zZ8xX9cC0vB1nN2mQ3wE4rR5tT6yY7uU8iI9oO0pP1aS2dF3gG4hH5jJ6kK7lL8zX9cV0bN1nM2qW3eR4tT5yU6iI7oO8pP9aS0dF1gG2hH3jJ4kK5lL6zZ7xX8cC9vV0bB1nN2mM3qW4eR5tT6yU7iI8oO9pP0aS1dF2gG3hH4jJ5kK6lL7zZ8xX9cC0vB1nN2mQ3wE4rR5tT6yY7uU8iI9oO0pP1aS2dF3gG4hH5jJ6kK7lL8zX9cV0bN1nM2qW3eR4tT5yU6iI7oO8pP9aS0dF1gG2hH3jJ4kK5lL6zZ7xX8cC9vV0bB1nN2mM3qW4eR5tT6yU7iI8oO9pP0aS1dF2gG3hH4jJ5kK6lL7zZ8xX9cC0vB1nN2mQ3wE4rR5tT6yY7uU8iI9oO0pP1aS2dF3gG4hH5jJ6kK7lL8zX9cV0bN1nM2qW3eR4tT5yU6iI7oO8pP9aS0dF1gG2hH3jJ4kK5lL6zZ7xX8cC9vV0bB1nN2mM3qW4eR5tT6yU7iI8oO9pP0aS1dF2gG3hH4jJ5kK6lL7zZ8xX9cC0vB1nN2mQ3wE4rR5tT6yY7uU8iI9oO0pP1aS2dF3gG4hH5jJ6kK7l4hH5jJ6kK7lL8zX9cV0bN1nM2qW3eR4tT5yU6iI7oO8pP9aS0dF1gG2hH3jJ4kK5lL6zZ7xX8cC9vV0bB1nN2mM3qW4eR5tT6yU7iI8oO9pP0aS1dF2gG3hH4jJ5kK6lL7zZ8xX9cC0vB1nN2mQ3wE4rR5tT6yY7uU8iI9oO0pP1aS2dF3gG4hH5jJ6kK7lL8zX9cV0bN1nM2qW3eR4tT5yU6iI7oO8pP9aS0dF1gG2hH3jJ4kK5lL6zZ7xX8cC9vV0bB1nN2mM3qW4eR5tT6yU7iI8oO9pP0aS1dF2gG3hH4jJ5kK6lL7zZ8xX9cC0vB1nN2mQ3wE4rR5tT6yY7uU8iI9oO0pP1aS2dF3gG4hH5jJ6kK7l4hH5jJ6kK7lL8zX9cV0bN1nM2qW3eR4tT5yU6iI7oO8pP9aS0dF1gG2hH3jJ4kK5lL6zZ7xX8cC9vV0bB1nN2mM3qW4eR5tT6yU7iI8oO9pP0aS1dF2gG3hH4jJ5kK6lL7zZ8xX9cC0vB1nN2mQ3wE4rR5tT6yY7uU8iI9oO0pP1aS2dF3gG4hH5jJ6kK7lL8zX9cV0bN1nM2qW3eR4tT5yU6iI7oO8pP9aS0dF1gG2hH3jJ4kK5lL6zZ7xX8cC9vV0bB1nN2mM3qW4eR5tT6yU7iI8oO9pP0aS1dF2gG3hH4jJ5kK6lL7zZ8xX9cC0vB1nN2mQ3wE4rR5tT6yY7uU8iI9oO0pP1aS2dF3gG4hH5jJ6kK7l4hH5jJ6kK7lL8zX9cV0bN1nM2qW3eR4tT5yU6iI7oO8pP9aS0dF1gG2hH3jJ4kK5lL6zZ7xX8cC9vV0bB1nN2mM3qW4eR5tT6yU7iI8oO9pP0aS1dF2gG3hH4jJ5kK6lL7zZ8xX9cC0vB1nN2mQ3wE4rR5tT6yY7uU8iI9oO0pP1aS2dF3gG4hH5jJ6kK7lL8zX9cV0bN1nM2qW3eR4tT5yU6iI7oO8pP9aS0dF1gG2hH3jJ4kK5lL6zZ7xX8cC9vV0bB1nN2mM3qW4eR5tT6yU7iI8oO9pP0aS1dF2gG3hH4jJ5kK6lL7zZ8xX9cC0vB1nN2mQ3wE4rR5tT6yY7uU8iI9oO0pP1aS2dF3gG4hH5jJ6kK7l4hH5jJ6kK7lL8zX9cV0bN1nM2qW3eR4tT5yU6iI7oO8pP9aS0dF1gG2hH3jJ4kK5lL6zZ7xX8cC9vV0bB1nN2mM3qW4eR5tT6yU7iI8oO9pP0aS1dF2gG3hH4jJ5kK6lL7zZ8xX9cC0vB1nN2mQ3wE4rR5tT6yY7uU8iI9oO0pP1aS2dF3gG4hH5jJ6kK7lL8zX9cV0bN1nM2qW3eR4tT5yU6iI7oO8pP9aS0dF1gG2hH3jJ4kK5lL6zZ7xX8cC9vV0bB1nN2mM3qW4eR5tT6yU7iI8oO9pP0aS1dF2gG3hH4jJ5kK6lL7zZ8xX9cC0vB1nN2mQ3wE4rR5tT6yY7uU8iI9oO0pP1aS2dF3gG4hH5jJ6kK7l4hH5jJ6kK7lL8zX9cV0bN1nM2qW3eR4tT5yU6iI7oO8pP9aS0dF1gG2hH3jJ4kK5lL6zZ7xX8cC9vV0bB1nN2mM3qW4eR5tT6yU7iI8oO9pP0aS1dF2gG3hH4jJ5kK6lL7zZ8xX9cC0vB1nN2mQ3wE4rR5tT6yY7uU8iI9oO0pP1aS2dF3gG4hH5jJ6kK7lL8zX9cV0bN1nM2qW3eR4tT5yU6iI7oO8pP9aS0dF1gG2hH3jJ4kK5lL6zZ7xX8cC9vV0bB1nN2mM3qW4eR5tT6yU7iI8oO9pP0aS1dF2gG3hH4jJ5kK6lL7zZ8xX9cC0vB1nN2mQ3wE4rR5tT6yY7uU8iI9oO0pP1aS2dF3gG4hH5jJ6kK7l4hH5jJ6kK7lL8zX9cV0bN1nM2qW3eR4tT5yU6iI7oO8pP9aS0dF1gG2hH3jJ4kK5lL6zZ7xX8cC9vV0bB1nN2mM3qW4eR5tT6yU7iI8oO9pP0aS1dF2gG3hH4jJ5kK6lL7zZ8xX9cC0vB1nN2mQ3wE4rR5tT6yY7uU8iI9oO0pP1aS2dF3gG4hH5jJ6kK7lL8zX9cV0bN1nM2qW3eR4tT5yU6iI7oO8pP9aS0dF1gG2hH3jJ4kK5lL6zZ7xX8cC9vV0bB1nN2mM3qW4eR5tT6yU7iI8oO9pP0aS1dF2gG3hH4jJ5kK6lL7zZ8xX9cC0vB1nN2mQ3wE4rR5tT6yY7uU8iI9oO0pP1aS2dF3gG4hH5jJ6kK7l4hH5jJ6kK7lL8zX9cV0bN1nM2qW3eR4tT5yU6iI7oO8pP9aS0dF1gG2hH3jJ4kK5lL6zZ7xX8cC9vV0bB1nN2mM3qW4eR5tT6yU7iI8oO9pP0aS1dF2gG3hH4jJ5kK6lL7zZ8xX9cC0vB1nN2mQ3wE4rR5tT6yY7uU8iI9oO0pP1aS2dF3gG4hH5jJ6kK7lL8zX9cV0bN1nM2qW3eR4tT5yU6iI7oO8pP9aS0dF1gG2hH3jJ4kK5lL6zZ7xX8cC9vV0bB1nN2mM3qW4eR5tT6yU7iI8oO9pP0aS1dF2gG3hH4jJ5kK6lL7zZ8xX9cC0vB1nN2mQ3wE4rR5tT6yY7uU8iI9oO0pP1aS2dF3gG4hH5jJ6kK7l4hH5jJ6kK7lL8zX9cV0bN1nM2qW3eR4tT5yU6iI7oO8pP9aS0dF1gG2hH3jJ4kK5lL6z7nB9vR2mX8kLp4QjW3tY5zH1aG6sF9dD0fS8gA7hJ6kL5mN4bV3vC2xZ1oP9iU8uY7tT6rR5eE4wW3qQ2aZ1sX2dC3fV4gB5hN6jM7kL8pO9iU0yT1rE2wQ3aS4dF5gG6hH7jJ8kK9lL0zZ1xX2cC3vV4bB5nN6mM7qQ8wW9eE0rR1tT2yY3uU4iI5oO6pP7aA8sS9dD0fF1gG2hH3jJ4kK5lL6zZ7xX8cC9vV0bB1nN2mM3qW4eR5tT6yU7iI8oO9pP0aS1dF2gG3hH4jJ5kK6lL7zZ8xX9cC0vB1nN2mQ3wE4rR5tT6yY7uU8iI9oO0pP1aS2dF3gG4hH5jJ6kK7lL8zX9cV0bN1nM2qW3eR4tT5yU6iI7oO8pP9aS0dF1gG2hH3jJ4kK5lL6zZ7xX8cC9vV0bB1nN2mM3qW4eR5tT6yU7iI8oO9pP0aS1dF2gG3hH4jJ5kK6lL7zZ8xX9cC0vB1nN2mQ3wE4rR5tT6yY7uU8iI9oO0pP1aS2dF3gG4hH5jJ6kK7lL8zX9cV0bN1nM2qW3eR4tT5yU6iI7oO8pP9aS0dF1gG2hH3jJ4kK5lL6zZ7xX8cC9vV0bB1nN2mM3qW4eR5tT6yU7iI8oO9pP0aS1dF2gG3hH4jJ5kK6lL7zZ8xX9cC0vB1nN2mQ3wE4rR5tT6yY7uU8iI9oO0pP1aS2dF3gG4hH5jJ6kK7lL8zX9cV0bN1nM2qW3eR4tT5yU6iI7oO8pP9aS0dF1gG2hH3jJ4kK5lL6zZ7xX8cC9vV0bB1nN2mM3qW4eR5tT6yU7iI8oO9pP0aS1dF2gG3hH4jJ5kK6lL7zZ8xX9cC0vB1nN2mQ3wE4rR5tT6yY7uU8iI9oO0pP1aS2dF3gG4hH5jJ6kK7lL8zX9cV0bN1nM2qW3eR4tT5yU6iI7oO8pP9aS0dF1gG2hH3jJ4kK5lL6zZ7xX8cC9vV0bB1nN2mM3qW4eR5tT6yU7iI8oO9pP0aS1dF2gG3hH4jJ5kK6lL7zZ8xX9cC0vB1nN2mQ3wE4rR5tT6yY7uU8iI9oO0pP1aS2dF3gG4hH5jJ6kK7l4hH5jJ6kK7lL8zX9cV0bN1nM2qW3eR4tT5yU6iI7oO8pP9aS0dF1gG2hH3jJ4kK5lL6zZ7xX8cC9vV0bB1nN2mM3qW4eR5tT6yU7iI8oO9pP0aS1dF2gG3hH4jJ5kK6lL7zZ8xX9cC0vB1nN2mQ3wE4rR5tT6yY7uU8iI9oO0pP1aS2dF3gG4hH5jJ6kK7lL8zX9cV0bN1nM2qW3eR4tT5yU6iI7oO8pP9aS0dF1gG2hH3jJ4kK5lL6zZ7xX8cC9vV0bB1nN2mM3qW4eR5tT6yU7iI8oO9pP0aS1dF2gG3hH4jJ5kK6lL7zZ8xX9cC0vB1nN2mQ3wE4rR5tT6yY7uU8iI9oO0pP1aS2dF3gG4hH5jJ6kK7l4hH5jJ6kK7lL8zX9cV0bN1nM2qW3eR4tT5yU6iI7oO8pP9aS0dF1gG2hH3jJ4kK5lL6zZ7xX8cC9vV0bB1nN2mM3qW4eR5tT6yU7iI8oO9pP0aS1dF2gG3hH4jJ5kK6lL7zZ8xX9cC0vB1nN2mQ3wE4rR5tT6yY7uU8iI9oO0pP1aS2dF3gG4hH5jJ6kK7lL8zX9cV0bN1nM2qW3eR4tT5yU6iI7oO8pP9aS0dF1gG2hH3jJ4kK5lL6zZ7xX8cC9vV0bB1nN2mM3qW4eR5tT6yU7iI8oO9pP0aS1dF2gG3hH4jJ5kK6lL7zZ8xX9cC0vB1nN2mQ3wE4rR5tT6yY7uU8iI9oO0pP1aS2dF3gG4hH5jJ6kK7l4hH5jJ6kK7lL8zX9cV0bN1nM2qW3eR4tT5yU6iI7oO8pP9aS0dF1gG2hH3jJ4kK5lL6zZ7xX8cC9vV0bB1nN2mM3qW4eR5tT6yU7iI8oO9pP0aS1dF2gG3hH4jJ5kK6lL7zZ8xX9cC0vB1nN2mQ3wE4rR5tT6yY7uU8iI9oO0pP1aS2dF3gG4hH5jJ6kK7lL8zX9cV0bN1nM2qW3eR4tT5yU6iI7oO8pP9aS0dF1gG2hH3jJ4kK5lL6zZ7xX8cC9vV0bB1nN2mM3qW4eR5tT6yU7iI8oO9pP0aS1dF2gG3hH4jJ5kK6lL7zZ8xX9cC0vB1nN2mQ3wE4rR5tT6yY7uU8iI9oO0pP1aS2dF3gG4hH5jJ6kK7l4hH5jJ6kK7lL8zX9cV0bN1nM2qW3eR4tT5yU6iI7oO8pP9aS0dF1gG2hH3jJ4kK5lL6zZ7xX8cC9vV0bB1nN2mM3qW4eR5tT6yU7iI8oO9pP0aS1dF2gG3hH4jJ5kK6lL7zZ8xX9cC0vB1nN2mQ3wE4rR5tT6yY7uU8iI9oO0pP1aS2dF3gG4hH5jJ6kK7lL8zX9cV0bN1nM2qW3eR4tT5yU6iI7oO8pP9aS0dF1gG2hH3jJ4kK5lL6zZ7xX8cC9vV0bB1nN2mM3qW4eR5tT6yU7iI8oO9pP0aS1dF2gG3hH4jJ5kK6lL7zZ8xX9cC0vB1nN2mQ3wE4rR5tT6yY7uU8iI9oO0pP1aS2dF3gG4hH5jJ6kK7l4hH5jJ6kK7lL8zX9cV0bN1nM2qW3eR4tT5yU6iI7oO8pP9aS0dF1gG2hH3jJ4kK5lL6zZ7xX8cC9vV0bB1nN2mM3qW4eR5tT6yU7iI8oO9pP0aS1dF2gG3hH4jJ5kK6lL7zZ8xX9cC0vB1nN2mQ3wE4rR5tT6yY7uU8iI9oO0pP1aS2dF3gG4hH5jJ6kK7lL8zX9cV0bN1nM2qW3eR4tT5yU6iI7oO8pP9aS0dF1gG2hH3jJ4kK5lL6zZ7xX8cC9vV0bB1nN2mM3qW4eR5tT6yU7iI8oO9pP0aS1dF2gG3hH4jJ5kK6lL7zZ8xX9cC0vB1nN2mQ3wE4rR5tT6yY7uU8iI9oO0pP1aS2dF3gG4hH5jJ6kK7l4hH5jJ6kK7lL8zX9cV0bN1nM2qW3eR4tT5yU6iI7oO8pP9aS0dF1gG2hH3jJ4kK5lL6zZ7xX8cC9vV0bB1nN2mM3qW4eR5tT6yU7iI8oO9pP0aS1dF2gG3hH4jJ5kK6lL7zZ8xX9cC0vB1nN2mQ3wE4rR5tT6yY7uU8iI9oO0pP1aS2dF3gG4hH5jJ6kK7lL8zX9cV0bN1nM2qW3eR4tT5yU6iI7oO8pP9aS0dF1gG2hH3jJ4kK5lL6zZ7xX8cC9vV0bB1nN2mM3qW4eR5tT6yU7iI8oO9pP0aS1dF2gG3hH4jJ5kK6lL7zZ8xX9cC0vB1nN2mQ3wE4rR5tT6yY7uU8iI9oO0pP1aS2dF3gG4hH5jJ6kK7l4hH5jJ6kK7lL8zX9cV0bN1nM2qW3eR4tT5yU6iI7oO8pP9aS0dF1gG2hH3jJ4kK5lL6zZ7xX8cC9vV0bB1nN2mM3qW4eR5tT6yU7iI8oO9pP0aS1dF2gG3hH4jJ5kK6lL7zZ8xX9cC0vB1nN2mQ3wE4rR5tT6yY7uU8iI9oO0pP1aS2dF3gG4hH5jJ6kK7lL8zX9cV0bN1nM2qW3eR4tT5yU6iI7oO8pP9aS0dF1gG2hH3jJ4kK5lL6zZ7xX8cC9vV0bB1nN2mM3qW4eR5tT6yU7iI8oO9pP0aS1dF2gG3hH4jJ5kK6lL7zZ8xX9cC0vB1nN2mQ3wE4rR5tT6yY7uU8iI9oO0pP1aS2dF3gG4hH5jJ6kK7l4hH5jJ6kK7lL8zX9cV0bN1nM2qW3eR4tT5yU6iI7oO8pP9aS0dF1gG2hH3jJ4kK5lL6z7nB9vR2mX8kLp4QjW3tY5zH1aG6sF9dD0fS8gA7hJ6kL5mN4bV3vC2xZ1oP9iU8uY7tT6rR5eE4wW3qQ2aZ1sX2dC3fV4gB5hN6jM7kL8pO9iU0yT1rE2wQ3aS4dF5gG6hH7jJ8kK9lL0zZ1xX2cC3vV4bB5nN6mM7qQ8wW9eE0rR1tT2yY3uU4iI5oO6pP7aA8sS9dD0fF1gG2hH3jJ4kK5lL6zZ7xX8cC9vV0bB1nN2mM3qW4eR5tT6yU7iI8oO9pP0aS1dF2gG3hH4jJ5kK6lL7zZ8xX9cC0vB1nN2mQ3wE4rR5tT6yY7uU8iI9oO0pP1aS2dF3gG4hH5jJ6kK7lL8zX9cV0bN1nM2qW3eR4tT5yU6iI7oO8pP9aS0dF1gG2hH3jJ4kK5lL6zZ7xX8cC9vV0bB1nN2mM3qW4eR5tT6yU7iI8oO9pP0aS1dF2gG3hH4jJ5kK6lL7zZ8xX9cC0vB1nN2mQ3wE4rR5tT6yY7uU8iI9oO0pP1aS2dF3gG4hH5jJ6kK7lL8zX9cV0bN1nM2qW3eR4tT5yU6iI7oO8pP9aS0dF1gG2hH3jJ4kK5lL6zZ7xX8cC9vV0bB1nN2mM3qW4eR5tT6yU7iI8oO9pP0aS1dF2gG3hH4jJ5kK6lL7zZ8xX9cC0vB1nN2mQ3wE4rR5tT6yY7uU8iI9oO0pP1aS2dF3gG4hH5jJ6kK7lL8zX9cV0bN1nM2qW3eR4tT5yU6iI7oO8pP9aS0dF1gG2hH3jJ4kK5lL6zZ7xX8cC9vV0bB1nN2mM3qW4eR5tT6yU7iI8oO9pP0aS1dF2gG3hH4jJ5kK6lL7zZ8xX9cC0vB1nN2mQ3wE4rR5tT6yY7uU8iI9oO0pP1aS2dF3gG4hH5jJ6kK7lL8zX9cV0bN1nM2qW3eR4tT5yU6iI7oO8pP9aS0dF1gG2hH3jJ4kK5lL6zZ7xX8cC9vV0bB1nN2mM3qW4eR5tT6yU7iI8oO9pP0aS1dF2gG3hH4jJ5kK6lL7zZ8xX9cC0vB1nN2mQ3wE4rR5tT6yY7uU8iI9oO0pP1aS2dF3gG4hH5jJ6kK7l4hH5jJ6kK7lL8zX9cV0bN1nM2qW3eR4tT5yU6iI7oO8pP9aS0dF1gG2hH3jJ4kK5lL6zZ7xX8cC9vV0bB1nN2mM3qW4eR5tT6yU7iI8oO9pP0aS1dF2gG3hH4jJ5kK6lL7zZ8xX9cC0vB1nN2mQ3wE4rR5tT6yY7uU8iI9oO0pP1aS2dF3gG4hH5jJ6kK7lL8zX9cV0bN1nM2qW3eR4tT5yU6iI7oO8pP9aS0dF1gG2hH3jJ4kK5lL6zZ7xX8cC9vV0bB1nN2mM3qW4eR5tT6yU7iI8oO9pP0aS1dF2gG3hH4jJ5kK6lL7zZ8xX9cC0vB1nN2mQ3wE4rR5tT6yY7uU8iI9oO0pP1aS2dF3gG4hH5jJ6kK7l4hH5jJ6kK7lL8zX9cV0bN1nM2qW3eR4tT5yU6iI7oO8pP9aS0dF1gG2hH3jJ4kK5lL6zZ7xX8cC9vV0bB1nN2mM3qW4eR5tT6yU7iI8oO9pP0aS1dF2gG3hH4jJ5kK6lL7zZ8xX9cC0vB1nN2mQ3wE4rR5tT6yY7uU8iI9oO0pP1aS2dF3gG4hH5jJ6kK7lL8zX9cV0bN1nM2qW3eR4tT5yU6iI7oO8pP9aS0dF1gG2hH3jJ4kK5lL6zZ7xX8cC9vV0bB1nN2mM3qW4eR5tT6yU7iI8oO9pP0aS1dF2gG3hH4jJ5kK6lL7zZ8xX9cC0vB1nN2mQ3wE4rR5tT6yY7uU8iI9oO0pP1aS2dF3gG4hH5jJ6kK7l4hH5jJ6kK7lL8zX9cV0bN1nM2qW3eR4tT5yU6iI7oO8pP9aS0dF1gG2hH3jJ4kK5lL6zZ7xX8cC9vV0bB1nN2mM3qW4eR5tT6yU7iI8oO9pP0aS1dF2gG3hH4jJ5kK6lL7zZ8xX9cC0vB1nN2mQ3wE4rR5tT6yY7uU8iI9oO0pP1aS2dF3gG4hH5jJ6kK7lL8zX9cV0bN1nM2qW3eR4tT5yU6iI7oO8pP9aS0dF1gG2hH3jJ4kK5lL6zZ7xX8cC9vV0bB1nN2mM3qW4eR5tT6yU7iI8oO9pP0aS1dF2gG3hH4jJ5kK6lL7zZ8xX9cC0vB1nN2mQ3wE4rR5tT6yY7uU8iI9oO0pP1aS2dF3gG4hH5jJ6kK7l4hH5jJ6kK7lL8zX9cV0bN1nM2qW3eR4tT5yU6iI7oO8pP9aS0dF1gG2hH3jJ4kK5lL6zZ7xX8cC9vV0bB1nN2mM3qW4eR5tT6yU7iI8oO9pP0aS1dF2gG3hH4jJ5kK6lL7zZ8xX9cC0vB1nN2mQ3wE4rR5tT6yY7uU8iI9oO0pP1aS2dF3gG4hH5jJ6kK7lL8zX9cV0bN1nM2qW3eR4tT5yU6iI7oO8pP9aS0dF1gG2hH3jJ4kK5lL6zZ7xX8cC9vV0bB1nN2mM3qW4eR5tT6yU7iI8oO9pP0aS1dF2gG3hH4jJ5kK6lL7zZ8xX9cC0vB1nN2mQ3wE4rR5tT6yY7uU8iI9oO0pP1aS2dF3gG4hH5jJ6kK7l4hH5jJ6kK7lL8zX9cV0bN1nM2qW3eR4tT5yU6iI7oO8pP9aS0dF1gG2hH3jJ4kK5lL6zZ7xX8cC9vV0bB1nN2mM3qW4eR5tT6yU7iI8oO9pP0aS1dF2gG3hH4jJ5kK6lL7zZ8xX9cC0vB1nN2mQ3wE4rR5tT6yY7uU8iI9oO0pP1aS2dF3gG4hH5jJ6kK7lL8zX9cV0bN1nM2qW3eR4tT5yU6iI7oO8pP9aS0dF1gG2hH3jJ4kK5lL6zZ7xX8cC9vV0bB1nN2mM3qW4eR5tT6yU7iI8oO9pP0aS1dF2gG3hH4jJ5kK6lL7zZ8xX9cC0vB1nN2mQ3wE4rR5tT6yY7uU8iI9oO0pP1aS2dF3gG4hH5jJ6kK7l4hH5jJ6kK7lL8zX9cV0bN1nM2qW3eR4tT5yU6iI7oO8pP9aS0dF1gG2hH3jJ4kK5lL6zZ7xX8cC9vV0bB1nN2mM3qW4eR5tT6yU7iI8oO9pP0aS1dF2gG3hH4jJ5kK6lL7zZ8xX9cC0vB1nN2mQ3wE4rR5tT6yY7uU8iI9oO0pP1aS2dF3gG4hH5jJ6kK7lL8zX9cV0bN1nM2qW3eR4tT5yU6iI7oO8pP9aS0dF1gG2hH3jJ4kK5lL6zZ7xX8cC9vV0bB1nN2mM3qW4eR5tT6yU7iI8oO9pP0aS1dF2gG3hH4jJ5kK6lL7zZ8xX9cC0vB1nN2mQ3wE4rR5tT6yY7uU8iI9oO0pP1aS2dF3gG4hH5jJ6kK7l4hH5jJ6kK7lL8zX9cV0bN1nM2qW3eR4tT5yU6iI7oO8pP9aS0dF1gG2hH3jJ4kK5lL6zZ7xX8cC9vV0bB1nN2mM3qW4eR5tT6yU7iI8oO9pP0aS1dF2gG3hH4jJ5kK6lL7zZ8xX9cC0vB1nN2mQ3wE4rR5tT6yY7uU8iI9oO0pP1aS2dF3gG4hH5jJ6kK7lL8zX9cV0bN1nM2qW3eR4tT5yU6iI7oO8pP9aS0dF1gG2hH3jJ4kK5lL6zZ7xX8cC9vV0bB1nN2mM3qW4eR5tT6yU7iI8oO9pP0aS1dF2gG3hH4jJ5kK6lL7zZ8xX9cC0vB1nN2mQ3wE4rR5tT6yY7uU8iI9oO0pP1aS2dF3gG4hH5jJ6kK7l4hH5jJ6kK7lL8zX9cV0bN1nM2qW3eR4tT5yU6iI7oO8pP9aS0dF1gG2hH3jJ4kK5lL6z7nB9vR2mX8kLp4QjW3tY5zH1aG6sF9dD0fS8gA7hJ6kL5mN4bV3vC2xZ1oP9iU8uY7tT6rR5eE4wW3qQ2aZ1sX2dC3fV4gB5hN6jM7kL8pO9iU0yT1rE2wQ3aS4dF5gG6hH7jJ8kK9lL0zZ1xX2cC3vV4bB5nN6mM7qQ8wW9eE0rR1tT2yY3uU4iI5oO6pP7aA8sS9dD0fF1gG2hH3jJ4kK5lL6zZ7xX8cC9vV0bB1nN2mM3qW4eR5tT6yU7iI8oO9pP0aS1dF2gG3hH4jJ5kK6lL7zZ8xX9cC0vB1nN2mQ3wE4rR5tT6yY7uU8iI9oO0pP1aS2dF3gG4hH5jJ6kK7lL8zX9cV0bN1nM2qW3eR4tT5yU6iI7oO8pP9aS0dF1gG2hH3jJ4kK5lL6zZ7xX8cC9vV0bB1nN2mM3qW4eR5tT6yU7iI8oO9pP0aS1dF2gG3hH4jJ5kK6lL7zZ8xX9cC0vB1nN2mQ3wE4rR5tT6yY7uU8iI9oO0pP1aS2dF3gG4hH5jJ6kK7lL8zX9cV0bN1nM2qW3eR4tT5yU6iI7oO8pP9aS0dF1gG2hH3jJ4kK5lL6zZ7xX8cC9vV0bB1nN2mM3qW4eR5tT6yU7iI8oO9pP0aS1dF2gG3hH4jJ5kK6lL7zZ8xX9cC0vB1nN2mQ3wE4rR5tT6yY7uU8iI9oO0pP1aS2dF3gG4hH5jJ6kK7lL8zX9cV0bN1nM2qW3eR4tT5yU6iI7oO8pP9aS0dF1gG2hH3jJ4kK5lL6zZ7xX8cC9vV0bB1nN2mM3qW4eR5tT6yU7iI8oO9pP0aS1dF2gG3hH4jJ5kK6lL7zZ8xX9cC0vB1nN2mQ3wE4rR5tT6yY7uU8iI9oO0pP1aS2dF3gG4hH5jJ6kK7lL8zX9cV0bN1nM2qW3eR4tT5yU6iI7oO8pP9aS0dF1gG2hH3jJ4kK5lL6zZ7xX8cC9vV0bB1nN2mM3qW4eR5tT6yU7iI8oO9pP0aS1dF2gG3hH4jJ5kK6lL7zZ8xX9cC0vB1nN2mQ3wE4rR5tT6yY7uU8iI9oO0pP1aS2dF3gG4hH5jJ6kK7l4hH5jJ6kK7lL8zX9cV0bN1nM2qW3eR4tT5yU6iI7oO8pP9aS0dF1gG2hH3jJ4kK5lL6zZ7xX8cC9vV0bB1nN2mM3qW4eR5tT6yU7iI8oO9pP0aS1dF2gG3hH4jJ5kK6lL7zZ8xX9cC0vB1nN2mQ3wE4rR5tT6yY7uU8iI9oO0pP1aS2dF3gG4hH5jJ6kK7lL8zX9cV0bN1nM2qW3eR4tT5yU6iI7oO8pP9aS0dF1gG2hH3jJ4kK5lL6zZ7xX8cC9vV0bB1nN2mM3qW4eR5tT6yU7iI8oO9pP0aS1dF2gG3hH4jJ5kK6lL7zZ8xX9cC0vB1nN2mQ3wE4rR5tT6yY7uU8iI9oO0pP1aS2dF3gG4hH5jJ6kK7l4hH5jJ6kK7lL8zX9cV0bN1nM2qW3eR4tT5yU6iI7oO8pP9aS0dF1gG2hH3jJ4kK5lL6zZ7xX8cC9vV0bB1nN2mM3qW4eR5tT6yU7iI8oO9pP0aS1dF2gG3hH4jJ5kK6lL7zZ8xX9cC0vB1nN2mQ3wE4rR5tT6yY7uU8iI9oO0pP1aS2dF3gG4hH5jJ6kK7lL8zX9cV0bN1nM2qW3eR4tT5yU6iI7oO8pP9aS0dF1gG2hH3jJ4kK5lL6zZ7xX8cC9vV0bB1nN2mM3qW4eR5tT6yU7iI8oO9pP0aS1dF2gG3hH4jJ5kK6lL7zZ8xX9cC0vB1nN2mQ3wE4rR5tT6yY7uU8iI9oO0pP1aS2dF3gG4hH5jJ6kK7l4hH5jJ6kK7lL8zX9cV0bN1nM2qW3eR4tT5yU6iI7oO8pP9aS0dF1gG2hH3jJ4kK5lL6zZ7xX8cC9vV0bB1nN2mM3qW4eR5tT6yU7iI8oO9pP0aS1dF2gG3hH4jJ5kK6lL7zZ8xX9cC0vB1nN2mQ3wE4rR5tT6yY7uU8iI9oO0pP1aS2dF3gG4hH5jJ6kK7lL8zX9cV0bN1nM2qW3eR4tT5yU6iI7oO8pP9aS0dF1gG2hH3jJ4kK5lL6zZ7xX8cC9vV0bB1nN2mM3qW4eR5tT6yU7iI8oO9pP0aS1dF2gG3hH4jJ5kK6lL7zZ8xX9cC0vB1nN2mQ3wE4rR5tT6yY7uU8iI9oO0pP1aS2dF3gG4hH5jJ6kK7l4hH5jJ6kK7lL8zX9cV0bN1nM2qW3eR4tT5yU6iI7oO8pP9aS0dF1gG2hH3jJ4kK5lL6zZ7xX8cC9vV0bB1nN2mM3qW4eR5tT6yU7iI8oO9pP0aS1dF2gG3hH4jJ5kK6lL7zZ8xX9cC0vB1nN2mQ3wE4rR5tT6yY7uU8iI9oO0pP1aS2dF3gG4hH5jJ6kK7lL8zX9cV0bN1nM2qW3eR4tT5yU6iI7oO8pP9aS0dF1gG2hH3jJ4kK5lL6zZ7xX8cC9vV0bB1nN2mM3qW4eR5tT6yU7iI8oO9pP0aS1dF2gG3hH4jJ5kK6lL7zZ8xX9cC0vB1nN2mQ3wE4rR5tT6yY7uU8iI9oO0pP1aS2dF3gG4hH5jJ6kK7l4hH5jJ6kK7lL8zX9cV0bN1nM2qW3eR4tT5yU6iI7oO8pP9aS0dF1gG2hH3jJ4kK5lL6zZ7xX8cC9vV0bB1nN2mM3qW4eR5tT6yU7iI8oO9pP0aS1dF2gG3hH4jJ5kK6lL7zZ8xX9cC0vB1nN2mQ3wE4rR5tT6yY7uU8iI9oO0pP1aS2dF3gG4hH5jJ6kK7lL8zX9cV0bN1nM2qW3eR4tT5yU6iI7oO8pP9aS0dF1gG2hH3jJ4kK5lL6zZ7xX8cC9vV0bB1nN2mM3qW4eR5tT6yU7iI8oO9pP0aS1dF2gG3hH4jJ5kK6lL7zZ8xX9cC0vB1nN2mQ3wE4rR5tT6yY7uU8iI9oO0pP1aS2dF3gG4hH5jJ6kK7l4hH5jJ6kK7lL8zX9cV0bN1nM2qW3eR4tT5yU6iI7oO8pP9aS0dF1gG2hH3jJ4kK5lL6zZ7xX8cC9vV0bB1nN2mM3qW4eR5tT6yU7iI8oO9pP0aS1dF2gG3hH4jJ5kK6lL7zZ8xX9cC0vB1nN2mQ3wE4rR5tT6yY7uU8iI9oO0pP1aS2dF3gG4hH5jJ6kK7lL8zX9cV0bN1nM2qW3eR4tT5yU6iI7oO8pP9aS0dF1gG2hH3jJ4kK5lL6zZ7xX8cC9vV0bB1nN2mM3qW4eR5tT6yU7iI8oO9pP0aS1dF2gG3hH4jJ5kK6lL7zZ8xX9cC0vB1nN2mQ3wE4rR5tT6yY7uU8iI9oO0pP1aS2dF3gG4hH5jJ6kK7l4hH5jJ6kK7lL8zX9cV0bN1nM2qW3eR4tT5yU6iI7oO8pP9aS0dF1gG2hH3jJ4kK5lL6zZ7xX8cC9vV0bB1nN2mM3qW4eR5tT6yU7iI8oO9pP0aS1dF2gG3hH4jJ5kK6lL7zZ8xX9cC0vB1nN2mQ3wE4rR5tT6yY7uU8iI9oO0pP1aS2dF3gG4hH5jJ6kK7lL8zX9cV0bN1nM2qW3eR4tT5yU6iI7oO8pP9aS0dF1gG2hH3jJ4kK5lL6zZ7xX8cC9vV0bB1nN2mM3qW4eR5tT6yU7iI8oO9pP0aS1dF2gG3hH4jJ5kK6lL7zZ8xX9cC0vB1nN2mQ3wE4rR5tT6yY7uU8iI9oO0pP1aS2dF3gG4hH5jJ6kK7l4hH5jJ6kK7lL8zX9cV0bN1nM2qW3eR4tT5yU6iI7oO8pP9aS0dF1gG2hH3jJ4kK5lL6z7nB9vR2mX8kLp4QjW3tY5zH1aG6sF9dD0fS8gA7hJ6kL5mN4bV3vC2xZ1oP9iU8uY7tT6rR5eE4wW3qQ2aZ1sX2dC3fV4gB5hN6jM7kL8pO9iU0yT1rE2wQ3aS4dF5gG6hH7jJ8kK9lL0zZ1xX2cC3vV4bB5nN6mM7qQ8wW9eE0rR1tT2yY3uU4iI5oO6pP7aA8sS9dD0fF1gG2hH3jJ4kK5lL6zZ7xX8cC9vV0bB1nN2mM3qW4eR5tT6yU7iI8oO9pP0aS1dF2gG3hH4jJ5kK6lL7zZ8xX9cC0vB1nN2mQ3wE4rR5tT6yY7uU8iI9oO0pP1aS2dF3gG4hH5jJ6kK7lL8zX9cV0bN1nM2qW3eR4tT5yU6iI7oO8pP9aS0dF1gG2hH3jJ4kK5lL6zZ7xX8cC9vV0bB1nN2mM3qW4eR5tT6yU7iI8oO9pP0aS1dF2gG3hH4jJ5kK6lL7zZ8xX9cC0vB1nN2mQ3wE4rR5tT6yY7uU8iI9oO0pP1aS2dF3gG4hH5jJ6kK7lL8zX9cV0bN1nM2qW3eR4tT5yU6iI7oO8pP9aS0dF1gG2hH3jJ4kK5lL6zZ7xX8cC9vV0bB1nN2mM3qW4eR5tT6yU7iI8oO9pP0aS1dF2gG3hH4jJ5kK6lL7zZ8xX9cC0vB1nN2mQ3wE4rR5tT6yY7uU8iI9oO0pP1aS2dF3gG4hH5jJ6kK7lL8zX9cV0bN1nM2qW3eR4tT5yU6iI7oO8pP9aS0dF1gG2hH3jJ4kK5lL6zZ7xX8cC9vV0bB1nN2mM3qW4eR5tT6yU7iI8oO9pP0aS1dF2gG3hH4jJ5kK6lL7zZ8xX9cC0vB1nN2mQ3wE4rR5tT6yY7uU8iI9oO0pP1aS2dF3gG4hH5jJ6kK7lL8zX9cV0bN1nM2qW3eR4tT5yU6iI7oO8pP9aS0dF1gG2hH3jJ4kK5lL6zZ7xX8cC9vV0bB1nN2mM3qW4eR5tT6yU7iI8oO9pP0aS1dF2gG3hH4jJ5kK6lL7zZ8xX9cC0vB1nN2mQ3wE4rR5tT6yY7uU8iI9oO0pP1aS2dF3gG4hH5jJ6kK7l4hH5jJ6kK7lL8zX9cV0bN1nM2qW3eR4tT5yU6iI7oO8pP9aS0dF1gG2hH3jJ4kK5lL6zZ7xX8cC9vV0bB1nN2mM3qW4eR5tT6yU7iI8oO9pP0aS1dF2gG3hH4jJ5kK6lL7zZ8xX9cC0vB1nN2mQ3wE4rR5tT6yY7uU8iI9oO0pP1aS2dF3gG4hH5jJ6kK7lL8zX9cV0bN1nM2qW3eR4tT5yU6iI7oO8pP9aS0dF1gG2hH3jJ4kK5lL6zZ7xX8cC9vV0bB1nN2mM3qW4eR5tT6yU7iI8oO9pP0aS1dF2gG3hH4jJ5kK6lL7zZ8xX9cC0vB1nN2mQ3wE4rR5tT6yY7uU8iI9oO0pP1aS2dF3gG4hH5jJ6kK7l4hH5jJ6kK7lL8zX9cV0bN1nM2qW3eR4tT5yU6iI7oO8pP9aS0dF1gG2hH3jJ4kK5lL6zZ7xX8cC9vV0bB1nN2mM3qW4eR5tT6yU7iI8oO9pP0aS1dF2gG3hH4jJ5kK6lL7zZ8xX9cC0vB1nN2mQ3wE4rR5tT6yY7uU8iI9oO0pP1aS2dF3gG4hH5jJ6kK7lL8zX9cV0bN1nM2qW3eR4tT5yU6iI7oO8pP9aS0dF1gG2hH3jJ4kK5lL6zZ7xX8cC9vV0bB1nN2mM3qW4eR5tT6yU7iI8oO9pP0aS1dF2gG3hH4jJ5kK6lL7zZ8xX9cC0vB1nN2mQ3wE4rR5tT6yY7uU8iI9oO0pP1aS2dF3gG4hH5jJ6kK7l4hH5jJ6kK7lL8zX9cV0bN1nM2qW3eR4tT5yU6iI7oO8pP9aS0dF1gG2hH3jJ4kK5lL6zZ7xX8cC9vV0bB1nN2mM3qW4eR5tT6yU7iI8oO9pP0aS1dF2gG3hH4jJ5kK6lL7zZ8xX9cC0vB1nN2mQ3wE4rR5tT6yY7uU8iI9oO0pP1aS2dF3gG4hH5jJ6kK7lL8zX9cV0bN1nM2qW3eR4tT5yU6iI7oO8pP9aS0dF1gG2hH3jJ4kK5lL6zZ7xX8cC9vV0bB1nN2mM3qW4eR5tT6yU7iI8oO9pP0aS1dF2gG3hH4jJ5kK6lL7zZ8xX9cC0vB1nN2mQ3wE4rR5tT6yY7uU8iI9oO0pP1aS2dF3gG4hH5jJ6kK7l4hH5jJ6kK7lL8zX9cV0bN1nM2qW3eR4tT5yU6iI7oO8pP9aS0dF1gG2hH3jJ4kK5lL6zZ7xX8cC9vV0bB1nN2mM3qW4eR5tT6yU7iI8oO9pP0aS1dF2gG3hH4jJ5kK6lL7zZ8xX9cC0vB1nN2mQ3wE4rR5tT6yY7uU8iI9oO0pP1aS2dF3gG4hH5jJ6kK7lL8zX9cV0bN1nM2qW3eR4tT5yU6iI7oO8pP9aS0dF1gG2hH3jJ4kK5lL6zZ7xX8cC9vV0bB1nN2mM3qW4eR5tT6yU7iI8oO9pP0aS1dF2gG3hH4jJ5kK6lL7zZ8xX9cC0vB1nN2mQ3wE4rR5tT6yY7uU8iI9oO0pP1aS2dF3gG4hH5jJ6kK7l4hH5jJ6kK7lL8zX9cV0bN1nM2qW3eR4tT5yU6iI7oO8pP9aS0dF1gG2hH3jJ4kK5lL6zZ7xX8cC9vV0bB1nN2mM3qW4eR5tT6yU7iI8oO9pP0aS1dF2gG3hH4jJ5kK6lL7zZ8xX9cC0vB1nN2mQ3wE4rR5tT6yY7uU8iI9oO0pP1aS2dF3gG4hH5jJ6kK7lL8zX9cV0bN1nM2qW3eR4tT5yU6iI7oO8pP9aS0dF1gG2hH3jJ4kK5lL6zZ7xX8cC9vV0bB1nN2mM3qW4eR5tT6yU7iI8oO9pP0aS1dF2gG3hH4jJ5kK6lL7zZ8xX9cC0vB1nN2mQ3wE4rR5tT6yY7uU8iI9oO0pP1aS2dF3gG4hH5jJ6kK7l4hH5jJ6kK7lL8zX9cV0bN1nM2qW3eR4tT5yU6iI7oO8pP9aS0dF1gG2hH3jJ4kK5lL6zZ7xX8cC9vV0bB1nN2mM3qW4eR5tT6yU7iI8oO9pP0aS1dF2gG3hH4jJ5kK6lL7zZ8xX9cC0vB1nN2mQ3wE4rR5tT6yY7uU8iI9oO0pP1aS2dF3gG4hH5jJ6kK7lL8zX9cV0bN1nM2qW3eR4tT5yU6iI7oO8pP9aS0dF1gG2hH3jJ4kK5lL6zZ7xX8cC9vV0bB1nN2mM3qW4eR5tT6yU7iI8oO9pP0aS1dF2gG3hH4jJ5kK6lL7zZ8xX9cC0vB1nN2mQ3wE4rR5tT6yY7uU8iI9oO0pP1aS2dF3gG4hH5jJ6kK7l4hH5jJ6kK7lL8zX9cV0bN1nM2qW3eR4tT5yU6iI7oO8pP9aS0dF1gG2hH3jJ4kK5lL6zZ7xX8cC9vV0bB1nN2mM3qW4eR5tT6yU7iI8oO9pP0aS1dF2gG3hH4jJ5kK6lL7zZ8xX9cC0vB1nN2mQ3wE4rR5tT6yY7uU8iI9oO0pP1aS2dF3gG4hH5jJ6kK7lL8zX9cV0bN1nM2qW3eR4tT5yU6iI7oO8pP9aS0dF1gG2hH3jJ4kK5lL6zZ7xX8cC9vV0bB1nN2mM3qW4eR5tT6yU7iI8oO9pP0aS1dF2gG3hH4jJ5kK6lL7zZ8xX9cC0vB1nN2mQ3wE4rR5tT6yY7uU8iI9oO0pP1aS2dF3gG4hH5jJ6kK7l4hH5jJ6kK7lL8zX9cV0bN1nM2qW3eR4tT5yU6iI7oO8pP9aS0dF1gG2hH3jJ4kK5lL6z7nB9vR2mX8kLp4QjW3tY5zH1aG6sF9dD0fS8gA7hJ6kL5mN4bV3vC2xZ1oP9iU8uY7tT6rR5eE4wW3qQ2aZ1sX2dC3fV4gB5hN6jM7kL8pO9iU0yT1rE2wQ3aS4dF5gG6hH7jJ8kK9lL0zZ1xX2cC3vV4bB5nN6mM7qQ8wW9eE0rR1tT2yY3uU4iI5oO6pP7aA8sS9dD0fF1gG2hH3jJ4kK5lL6zZ7xX8cC9vV0bB1nN2mM3qW4eR5tT6yU7iI8oO9pP0aS1dF2gG3hH4jJ5kK6lL7zZ8xX9cC0vB1nN2mQ3wE4rR5tT6yY7uU8iI9oO0pP1aS2dF3gG4hH5jJ6kK7lL8zX9cV0bN1nM2qW3eR4tT5yU6iI7oO8pP9aS0dF1gG2hH3jJ4kK5lL6zZ7xX8cC9vV0bB1nN2mM3qW4eR5tT6yU7iI8oO9pP0aS1dF2gG3hH4jJ5kK6lL7zZ8xX9cC0vB1nN2mQ3wE4rR5tT6yY7uU8iI9oO0pP1aS2dF3gG4hH5jJ6kK7lL8zX9cV0bN1nM2qW3eR4tT5yU6iI7oO8pP9aS0dF1gG2hH3jJ4kK5lL6zZ7xX8cC9vV0bB1nN2mM3qW4eR5tT6yU7iI8oO9pP0aS1dF2gG3hH4jJ5kK6lL7zZ8xX9cC0vB1nN2mQ3wE4rR5tT6yY7uU8iI9oO0pP1aS2dF3gG4hH5jJ6kK7lL8zX9cV0bN1nM2qW3eR4tT5yU6iI7oO8pP9aS0dF1gG2hH3jJ4kK5lL6zZ7xX8cC9vV0bB1nN2mM3qW4eR5tT6yU7iI8oO9pP0aS1dF2gG3hH4jJ5kK6lL7zZ8xX9cC0vB1nN2mQ3wE4rR5tT6yY7uU8iI9oO0pP1aS2dF3gG4hH5jJ6kK7lL8zX9cV0bN1nM2qW3eR4tT5yU6iI7oO8pP9aS0dF1gG2hH3jJ4kK5lL6zZ7xX8cC9vV0bB1nN2mM3qW4eR5tT6yU7iI8oO9pP0aS1dF2gG3hH4jJ5kK6lL7zZ8xX9cC0vB1nN2mQ3wE4rR5tT6yY7uU8iI9oO0pP1aS2dF3gG4hH5jJ6kK7l4hH5jJ6kK7lL8zX9cV0bN1nM2qW3eR4tT5yU6iI7oO8pP9aS0dF1gG2hH3jJ4kK5lL6zZ7xX8cC9vV0bB1nN2mM3qW4eR5tT6yU7iI8oO9pP0aS1dF2gG3hH4jJ5kK6lL7zZ8xX9cC0vB1nN2mQ3wE4rR5tT6yY7uU8iI9oO0pP1aS2dF3gG4hH5jJ6kK7lL8zX9cV0bN1nM2qW3eR4tT5yU6iI7oO8pP9aS0dF1gG2hH3jJ4kK5lL6zZ7xX8cC9vV0bB1nN2mM3qW4eR5tT6yU7iI8oO9pP0aS1dF2gG3hH4jJ5kK6lL7zZ8xX9cC0vB1nN2mQ3wE4rR5tT6yY7uU8iI9oO0pP1aS2dF3gG4hH5jJ6kK7l4hH5jJ6kK7lL8zX9cV0bN1nM2qW3eR4tT5yU6iI7oO8pP9aS0dF1gG2hH3jJ4kK5lL6zZ7xX8cC9vV0bB1nN2mM3qW4eR5tT6yU7iI8oO9pP0aS1dF2gG3hH4jJ5kK6lL7zZ8xX9cC0vB1nN2mQ3wE4rR5tT6yY7uU8iI9oO0pP1aS2dF3gG4hH5jJ6kK7lL8zX9cV0bN1nM2qW3eR4tT5yU6iI7oO8pP9aS0dF1gG2hH3jJ4kK5lL6zZ7xX8cC9vV0bB1nN2mM3qW4eR5tT6yU7iI8oO9pP0aS1dF2gG3hH4jJ5kK6lL7zZ8xX9cC0vB1nN2mQ3wE4rR5tT6yY7uU8iI9oO0pP1aS2dF3gG4hH5jJ6kK7l4hH5jJ6kK7lL8zX9cV0bN1nM2qW3eR4tT5yU6iI7oO8pP9aS0dF1gG2hH3jJ4kK5lL6zZ7xX8cC9vV0bB1nN2mM3qW4eR5tT6yU7iI8oO9pP0aS1dF2gG3hH4jJ5kK6lL7zZ8xX9cC0vB1nN2mQ3wE4rR5tT6yY7uU8iI9oO0pP1aS2dF3gG4hH5jJ6kK7lL8zX9cV0bN1nM2qW3eR4tT5yU6iI7oO8pP9aS0dF1gG2hH3jJ4kK5lL6zZ7xX8cC9vV0bB1nN2mM3qW4eR5tT6yU7iI8oO9pP0aS1dF2gG3hH4jJ5kK6lL7zZ8xX9cC0vB1nN2mQ3wE4rR5tT6yY7uU8iI9oO0pP1aS2dF3gG4hH5jJ6kK7l4hH5jJ6kK7lL8zX9cV0bN1nM2qW3eR4tT5yU6iI7oO8pP9aS0dF1gG2hH3jJ4kK5lL6zZ7xX8cC9vV0bB1nN2mM3qW4eR5tT6yU7iI8oO9pP0aS1dF2gG3hH4jJ5kK6lL7zZ8xX9cC0vB1nN2mQ3wE4rR5tT6yY7uU8iI9oO0pP1aS2dF3gG4hH5jJ6kK7lL8zX9cV0bN1nM2qW3eR4tT5yU6iI7oO8pP9aS0dF1gG2hH3jJ4kK5lL6zZ7xX8cC9vV0bB1nN2mM3qW4eR5tT6yU7iI8oO9pP0aS1dF2gG3hH4jJ5kK6lL7zZ8xX9cC0vB1nN2mQ3wE4rR5tT6yY7uU8iI9oO0pP1aS2dF3gG4hH5jJ6kK7l4hH5jJ6kK7lL8zX9cV0bN1nM2qW3eR4tT5yU6iI7oO8pP9aS0dF1gG2hH3jJ4kK5lL6zZ7xX8cC9vV0bB1nN2mM3qW4eR5tT6yU7iI8oO9pP0aS1dF2gG3hH4jJ5kK6lL7zZ8xX9cC0vB1nN2mQ3wE4rR5tT6yY7uU8iI9oO0pP1aS2dF3gG4hH5jJ6kK7lL8zX9cV0bN1nM2qW3eR4tT5yU6iI7oO8pP9aS0dF1gG2hH3jJ4kK5lL6zZ7xX8cC9vV0bB1nN2mM3qW4eR5tT6yU7iI8oO9pP0aS1dF2gG3hH4jJ5kK6lL7zZ8xX9cC0vB1nN2mQ3wE4rR5tT6yY7uU8iI9oO0pP1aS2dF3gG4hH5jJ6kK7l4hH5jJ6kK7lL8zX9cV0bN1nM2qW3eR4tT5yU6iI7oO8pP9aS0dF1gG2hH3jJ4kK5lL6zZ7xX8cC9vV0bB1nN2mM3qW4eR5tT6yU7iI8oO9pP0aS1dF2gG3hH4jJ5kK6lL7zZ8xX9cC0vB1nN2mQ3wE4rR5tT6yY7uU8iI9oO0pP1aS2dF3gG4hH5jJ6kK7lL8zX9cV0bN1nM2qW3eR4tT5yU6iI7oO8pP9aS0dF1gG2hH3jJ4kK5lL6zZ7xX8cC9vV0bB1nN2mM3qW4eR5tT6yU7iI8oO9pP0aS1dF2gG3hH4jJ5kK6lL7zZ8xX9cC0vB1nN2mQ3wE4rR5tT6yY7uU8iI9oO0pP1aS2dF3gG4hH5jJ6kK7l4hH5jJ6kK7lL8zX9cV0bN1nM2qW3eR4tT5yU6iI7oO8pP9aS0dF1gG2hH3jJ4kK5lL6zZ7xX8cC9vV0bB1nN2mM3qW4eR5tT6yU7iI8oO9pP0aS1dF2gG3hH4jJ5kK6lL7zZ8xX9cC0vB1nN2mQ3wE4rR5tT6yY7uU8iI9oO0pP1aS2dF3gG4hH5jJ6kK7lL8zX9cV0bN1nM2qW3eR4tT5yU6iI7oO8pP9aS0dF1gG2hH3jJ4kK5lL6zZ7xX8cC9vV0bB1nN2mM3qW4eR5tT6yU7iI8oO9pP0aS1dF2gG3hH4jJ5kK6lL7zZ8xX9cC0vB1nN2mQ3wE4rR5tT6yY7uU8iI9oO0pP1aS2dF3gG4hH5jJ6kK7l4hH5jJ6kK7lL8zX9cV0bN1nM2qW3eR4tT5yU6iI7oO8pP9aS0dF1gG2hH3jJ4kK5lL6z7nB9vR2mX8kLp4QjW3tY5zH1aG6sF9dD0fS8gA7hJ6kL5mN4bV3vC2xZ1oP9iU8uY7tT6rR5eE4wW3qQ2aZ1sX2dC3fV4gB5hN6jM7kL8pO9iU0yT1rE2wQ3aS4dF5gG6hH7jJ8kK9lL0zZ1xX2cC3vV4bB5nN6mM7qQ8wW9eE0rR1tT2yY3uU4iI5oO6pP7aA8sS9dD0fF1gG2hH3jJ4kK5lL6zZ7xX8cC9vV0bB1nN2mM3qW4eR5tT6yU7iI8oO9pP0aS1dF2gG3hH4jJ5kK6lL7zZ8xX9cC0vB1nN2mQ3wE4rR5tT6yY7uU8iI9oO0pP1aS2dF3gG4hH5jJ6kK7lL8zX9cV0bN1nM2qW3eR4tT5yU6iI7oO8pP9aS0dF1gG2hH3jJ4kK5lL6zZ7xX8cC9vV0bB1nN2mM3qW4eR5tT6yU7iI8oO9pP0aS1dF2gG3hH4jJ5kK6lL7zZ8xX9cC0vB1nN2mQ3wE4rR5tT6yY7uU8iI9oO0pP1aS2dF3gG4hH5jJ6kK7lL8zX9cV0bN1nM2qW3eR4tT5yU6iI7oO8pP9aS0dF1gG2hH3jJ4kK5lL6zZ7xX8cC9vV0bB1nN2mM3qW4eR5tT6yU7iI8oO9pP0aS1dF2gG3hH4jJ5kK6lL7zZ8xX9cC0vB1nN2mQ3wE4rR5tT6yY7uU8iI9oO0pP1aS2dF3gG4hH5jJ6kK7lL8zX9cV0bN1nM2qW3eR4tT5yU6iI7oO8pP9aS0dF1gG2hH3jJ4kK5lL6zZ7xX8cC9vV0bB1nN2mM3qW4eR5tT6yU7iI8oO9pP0aS1dF2gG3hH4jJ5kK6lL7zZ8xX9cC0vB1nN2mQ3wE4rR5tT6yY7uU8iI9oO0pP1aS2dF3gG4hH5jJ6kK7lL8zX9cV0bN1nM2qW3eR4tT5yU6iI7oO8pP9aS0dF1gG2hH3jJ4kK5lL6zZ7xX8cC9vV0bB1nN2mM3qW4eR5tT6yU7iI8oO9pP0aS1dF2gG3hH4jJ5kK6lL7zZ8xX9cC0vB1nN2mQ3wE4rR5tT6yY7uU8iI9oO0pP1aS2dF3gG4hH5jJ6kK7l4hH5jJ6kK7lL8zX9cV0bN1nM2qW3eR4tT5yU6iI7oO8pP9aS0dF1gG2hH3jJ4kK5lL6zZ7xX8cC9vV0bB1nN2mM3qW4eR5tT6yU7iI8oO9pP0aS1dF2gG3hH4jJ5kK6lL7zZ8xX9cC0vB1nN2mQ3wE4rR5tT6yY7uU8iI9oO0pP1aS2dF3gG4hH5jJ6kK7lL8zX9cV0bN1nM2qW3eR4tT5yU6iI7oO8pP9aS0dF1gG2hH3jJ4kK5lL6zZ7xX8cC9vV0bB1nN2mM3qW4eR5tT6yU7iI8oO9pP0aS1dF2gG3hH4jJ5kK6lL7zZ8xX9cC0vB1nN2mQ3wE4rR5tT6yY7uU8iI9oO0pP1aS2dF3gG4hH5jJ6kK7l4hH5jJ6kK7lL8zX9cV0bN1nM2qW3eR4tT5yU6iI7oO8pP9aS0dF1gG2hH3jJ4kK5lL6zZ7xX8cC9vV0bB1nN2mM3qW4eR5tT6yU7iI8oO9pP0aS1dF2gG3hH4jJ5kK6lL7zZ8xX9cC0vB1nN2mQ3wE4rR5tT6yY7uU8iI9oO0pP1aS2dF3gG4hH5jJ6kK7lL8zX9cV0bN1nM2qW3eR4tT5yU6iI7oO8pP9aS0dF1gG2hH3jJ4kK5lL6zZ7xX8cC9vV0bB1nN2mM3qW4eR5tT6yU7iI8oO9pP0aS1dF2gG3hH4jJ5kK6lL7zZ8xX9cC0vB1nN2mQ3wE4rR5tT6yY7uU8iI9oO0pP1aS2dF3gG4hH5jJ6kK7l4hH5jJ6kK7lL8zX9cV0bN1nM2qW3eR4tT5yU6iI7oO8pP9aS0dF1gG2hH3jJ4kK5lL6zZ7xX8cC9vV0bB1nN2mM3qW4eR5tT6yU7iI8oO9pP0aS1dF2gG3hH4jJ5kK6lL7zZ8xX9cC0vB1nN2mQ3wE4rR5tT6yY7uU8iI9oO0pP1aS2dF3gG4hH5jJ6kK7lL8zX9cV0bN1nM2qW3eR4tT5yU6iI7oO8pP9aS0dF1gG2hH3jJ4kK5lL6zZ7xX8cC9vV0bB1nN2mM3qW4eR5tT6yU7iI8oO9pP0aS1dF2gG3hH4jJ5kK6lL7zZ8xX9cC0vB1nN2mQ3wE4rR5tT6yY7uU8iI9oO0pP1aS2dF3gG4hH5jJ6kK7l4hH5jJ6kK7lL8zX9cV0bN1nM2qW3eR4tT5yU6iI7oO8pP9aS0dF1gG2hH3jJ4kK5lL6zZ7xX8cC9vV0bB1nN2mM3qW4eR5tT6yU7iI8oO9pP0aS1dF2gG3hH4jJ5kK6lL7zZ8xX9cC0vB1nN2mQ3wE4rR5tT6yY7uU8iI9oO0pP1aS2dF3gG4hH5jJ6kK7lL8zX9cV0bN1nM2qW3eR4tT5yU6iI7oO8pP9aS0dF1gG2hH3jJ4kK5lL6zZ7xX8cC9vV0bB1nN2mM3qW4eR5tT6yU7iI8oO9pP0aS1dF2gG3hH4jJ5kK6lL7zZ8xX9cC0vB1nN2mQ3wE4rR5tT6yY7uU8iI9oO0pP1aS2dF3gG4hH5jJ6kK7l4hH5jJ6kK7lL8zX9cV0bN1nM2qW3eR4tT5yU6iI7oO8pP9aS0dF1gG2hH3jJ4kK5lL6zZ7xX8cC9vV0bB1nN2mM3qW4eR5tT6yU7iI8oO9pP0aS1dF2gG3hH4jJ5kK6lL7zZ8xX9cC0vB1nN2mQ3wE4rR5tT6yY7uU8iI9oO0pP1aS2dF3gG4hH5jJ6kK7lL8zX9cV0bN1nM2qW3eR4tT5yU6iI7oO8pP9aS0dF1gG2hH3jJ4kK5lL6zZ7xX8cC9vV0bB1nN2mM3qW4eR5tT6yU7iI8oO9pP0aS1dF2gG3hH4jJ5kK6lL7zZ8xX9cC0vB1nN2mQ3wE4rR5tT6yY7uU8iI9oO0pP1aS2dF3gG4hH5jJ6kK7l4hH5jJ6kK7lL8zX9cV0bN1nM2qW3eR4tT5yU6iI7oO8pP9aS0dF1gG2hH3jJ4kK5lL6zZ7xX8cC9vV0bB1nN2mM3qW4eR5tT6yU7iI8oO9pP0aS1dF2gG3hH4jJ5kK6lL7zZ8xX9cC0vB1nN2mQ3wE4rR5tT6yY7uU8iI9oO0pP1aS2dF3gG4hH5jJ6kK7lL8zX9cV0bN1nM2qW3eR4tT5yU6iI7oO8pP9aS0dF1gG2hH3jJ4kK5lL6zZ7xX8cC9vV0bB1nN2mM3qW4eR5tT6yU7iI8oO9pP0aS1dF2gG3hH4jJ5kK6lL7zZ8xX9cC0vB1nN2mQ3wE4rR5tT6yY7uU8iI9oO0pP1aS2dF3gG4hH5jJ6kK7l4hH5jJ6kK7lL8zX9cV0bN1nM2qW3eR4tT5yU6iI7oO8pP9aS0dF1gG2hH3jJ4kK5lL6zZ7xX8cC9vV0bB1nN2mM3qW4eR5tT6yU7iI8oO9pP0aS1dF2gG3hH4jJ5kK6lL7zZ8xX9cC0vB1nN2mQ3wE4rR5tT6yY7uU8iI9oO0pP1aS2dF3gG4hH5jJ6kK7lL8zX9cV0bN1nM2qW3eR4tT5yU6iI7oO8pP9aS0dF1gG2hH3jJ4kK5lL6zZ7xX8cC9vV0bB1nN2mM3qW4eR5tT6yU7iI8oO9pP0aS1dF2gG3hH4jJ5kK6lL7zZ8xX9cC0vB1nN2mQ3wE4rR5tT6yY7uU8iI9oO0pP1aS2dF3gG4hH5jJ6kK7l4hH5jJ6kK7lL8zX9cV0bN1nM2qW3eR4tT5yU6iI7oO8pP9aS0dF1gG2hH3jJ4kK5lL6z7nB9vR2mX8kLp4QjW3tY5zH1aG6sF9dD0fS8gA7hJ6kL5mN4bV3vC2xZ1oP9iU8uY7tT6rR5eE4wW3qQ2aZ1sX2dC3fV4gB5hN6jM7kL8pO9iU0yT1rE2wQ3aS4dF5gG6hH7jJ8kK9lL0zZ1xX2cC3vV4bB5nN6mM7qQ8wW9eE0rR1tT2yY3uU4iI5oO6pP7aA8sS9dD0fF1gG2hH3jJ4kK5lL6zZ7xX8cC9vV0bB1nN2mM3qW4eR5tT6yU7iI8oO9pP0aS1dF2gG3hH4jJ5kK6lL7zZ8xX9cC0vB1nN2mQ3wE4rR5tT6yY7uU8iI9oO0pP1aS2dF3gG4hH5jJ6kK7lL8zX9cV0bN1nM2qW3eR4tT5yU6iI7oO8pP9aS0dF1gG2hH3jJ4kK5lL6zZ7xX8cC9vV0bB1nN2mM3qW4eR5tT6yU7iI8oO9pP0aS1dF2gG3hH4jJ5kK6lL7zZ8xX9cC0vB1nN2mQ3wE4rR5tT6yY7uU8iI9oO0pP1aS2dF3gG4hH5jJ6kK7lL8zX9cV0bN1nM2qW3eR4tT5yU6iI7oO8pP9aS0dF1gG2hH3jJ4kK5lL6zZ7xX8cC9vV0bB1nN2mM3qW4eR5tT6yU7iI8oO9pP0aS1dF2gG3hH4jJ5kK6lL7zZ8xX9cC0vB1nN2mQ3wE4rR5tT6yY7uU8iI9oO0pP1aS2dF3gG4hH5jJ6kK7lL8zX9cV0bN1nM2qW3eR4tT5yU6iI7oO8pP9aS0dF1gG2hH3jJ4kK5lL6zZ7xX8cC9vV0bB1nN2mM3qW4eR5tT6yU7iI8oO9pP0aS1dF2gG3hH4jJ5kK6lL7zZ8xX9cC0vB1nN2mQ3wE4rR5tT6yY7uU8iI9oO0pP1aS2dF3gG4hH5jJ6kK7lL8zX9cV0bN1nM2qW3eR4tT5yU6iI7oO8pP9aS0dF1gG2hH3jJ4kK5lL6zZ7xX8cC9vV0bB1nN2mM3qW4eR5tT6yU7iI8oO9pP0aS1dF2gG3hH4jJ5kK6lL7zZ8xX9cC0vB1nN2mQ3wE4rR5tT6yY7uU8iI9oO0pP1aS2dF3gG4hH5jJ6kK7l4hH5jJ6kK7lL8zX9cV0bN1nM2qW3eR4tT5yU6iI7oO8pP9aS0dF1gG2hH3jJ4kK5lL6zZ7xX8cC9vV0bB1nN2mM3qW4eR5tT6yU7iI8oO9pP0aS1dF2gG3hH4jJ5kK6lL7zZ8xX9cC0vB1nN2mQ3wE4rR5tT6yY7uU8iI9oO0pP1aS2dF3gG4hH5jJ6kK7lL8zX9cV0bN1nM2qW3eR4tT5yU6iI7oO8pP9aS0dF1gG2hH3jJ4kK5lL6zZ7xX8cC9vV0bB1nN2mM3qW4eR5tT6yU7iI8oO9pP0aS1dF2gG3hH4jJ5kK6lL7zZ8xX9cC0vB1nN2mQ3wE4rR5tT6yY7uU8iI9oO0pP1aS2dF3gG4hH5jJ6kK7l4hH5jJ6kK7lL8zX9cV0bN1nM2qW3eR4tT5yU6iI7oO8pP9aS0dF1gG2hH3jJ4kK5lL6zZ7xX8cC9vV0bB1nN2mM3qW4eR5tT6yU7iI8oO9pP0aS1dF2gG3hH4jJ5kK6lL7zZ8xX9cC0vB1nN2mQ3wE4rR5tT6yY7uU8iI9oO0pP1aS2dF3gG4hH5jJ6kK7lL8zX9cV0bN1nM2qW3eR4tT5yU6iI7oO8pP9aS0dF1gG2hH3jJ4kK5lL6zZ7xX8cC9vV0bB1nN2mM3qW4eR5tT6yU7iI8oO9pP0aS1dF2gG3hH4jJ5kK6lL7zZ8xX9cC0vB1nN2mQ3wE4rR5tT6yY7uU8iI9oO0pP1aS2dF3gG4hH5jJ6kK7l4hH5jJ6kK7lL8zX9cV0bN1nM2qW3eR4tT5yU6iI7oO8pP9aS0dF1gG2hH3jJ4kK5lL6zZ7xX8cC9vV0bB1nN2mM3qW4eR5tT6yU7iI8oO9pP0aS1dF2gG3hH4jJ5kK6lL7zZ8xX9cC0vB1nN2mQ3wE4rR5tT6yY7uU8iI9oO0pP1aS2dF3gG4hH5jJ6kK7lL8zX9cV0bN1nM2qW3eR4tT5yU6iI7oO8pP9aS0dF1gG2hH3jJ4kK5lL6zZ7xX8cC9vV0bB1nN2mM3qW4eR5tT6yU7iI8oO9pP0aS1dF2gG3hH4jJ5kK6lL7zZ8xX9cC0vB1nN2mQ3wE4rR5tT6yY7uU8iI9oO0pP1aS2dF3gG4hH5jJ6kK7l4hH5jJ6kK7lL8zX9cV0bN1nM2qW3eR4tT5yU6iI7oO8pP9aS0dF1gG2hH3jJ4kK5lL6zZ7xX8cC9vV0bB1nN2mM3qW4eR5tT6yU7iI8oO9pP0aS1dF2gG3hH4jJ5kK6lL7zZ8xX9cC0vB1nN2mQ3wE4rR5tT6yY7uU8iI9oO0pP1aS2dF3gG4hH5jJ6kK7lL8zX9cV0bN1nM2qW3eR4tT5yU6iI7oO8pP9aS0dF1gG2hH3jJ4kK5lL6zZ7xX8cC9vV0bB1nN2mM3qW4eR5tT6yU7iI8oO9pP0aS1dF2gG3hH4jJ5kK6lL7zZ8xX9cC0vB1nN2mQ3wE4rR5tT6yY7uU8iI9oO0pP1aS2dF3gG4hH5jJ6kK7l4hH5jJ6kK7lL8zX9cV0bN1nM2qW3eR4tT5yU6iI7oO8pP9aS0dF1gG2hH3jJ4kK5lL6zZ7xX8cC9vV0bB1nN2mM3qW4eR5tT6yU7iI8oO9pP0aS1dF2gG3hH4jJ5kK6lL7zZ8xX9cC0vB1nN2mQ3wE4rR5tT6yY7uU8iI9oO0pP1aS2dF3gG4hH5jJ6kK7lL8zX9cV0bN1nM2qW3eR4tT5yU6iI7oO8pP9aS0dF1gG2hH3jJ4kK5lL6zZ7xX8cC9vV0bB1nN2mM3qW4eR5tT6yU7iI8oO9pP0aS1dF2gG3hH4jJ5kK6lL7zZ8xX9cC0vB1nN2mQ3wE4rR5tT6yY7uU8iI9oO0pP1aS2dF3gG4hH5jJ6kK7l4hH5jJ6kK7lL8zX9cV0bN1nM2qW3eR4tT5yU6iI7oO8pP9aS0dF1gG2hH3jJ4kK5lL6zZ7xX8cC9vV0bB1nN2mM3qW4eR5tT6yU7iI8oO9pP0aS1dF2gG3hH4jJ5kK6lL7zZ8xX9cC0vB1nN2mQ3wE4rR5tT6yY7uU8iI9oO0pP1aS2dF3gG4hH5jJ6kK7lL8zX9cV0bN1nM2qW3eR4tT5yU6iI7oO8pP9aS0dF1gG2hH3jJ4kK5lL6zZ7xX8cC9vV0bB1nN2mM3qW4eR5tT6yU7iI8oO9pP0aS1dF2gG3hH4jJ5kK6lL7zZ8xX9cC0vB1nN2mQ3wE4rR5tT6yY7uU8iI9oO0pP1aS2dF3gG4hH5jJ6kK7l4hH5jJ6kK7lL8zX9cV0bN1nM2qW3eR4tT5yU6iI7oO8pP9aS0dF1gG2hH3jJ4kK5lL6zZ7xX8cC9vV0bB1nN2mM3qW4eR5tT6yU7iI8oO9pP0aS1dF2gG3hH4jJ5kK6lL7zZ8xX9cC0vB1nN2mQ3wE4rR5tT6yY7uU8iI9oO0pP1aS2dF3gG4hH5jJ6kK7lL8zX9cV0bN1nM2qW3eR4tT5yU6iI7oO8pP9aS0dF1gG2hH3jJ4kK5lL6zZ7xX8cC9vV0bB1nN2mM3qW4eR5tT6yU7iI8oO9pP0aS1dF2gG3hH4jJ5kK6lL7zZ8xX9cC0vB1nN2mQ3wE4rR5tT6yY7uU8iI9oO0pP1aS2dF3gG4hH5jJ6kK7l4hH5jJ6kK7lL8zX9cV0bN1nM2qW3eR4tT5yU6iI7oO8pP9aS0dF1gG2hH3jJ4kK5lL6z7nB9vR2mX8kLp4QjW3tY5zH1aG6sF9dD0fS8gA7hJ6kL5mN4bV3vC2xZ1oP9iU8uY7tT6rR5eE4wW3qQ2aZ1sX2dC3fV4gB5hN6jM7kL8pO9iU0yT1rE2wQ3aS4dF5gG6hH7jJ8kK9lL0zZ1xX2cC3vV4bB5nN6mM7qQ8wW9eE0rR1tT2yY3uU4iI5oO6pP7aA8sS9dD0fF1gG2hH3jJ4kK5lL6zZ7xX8cC9vV0bB1nN2mM3qW4eR5tT6yU7iI8oO9pP0aS1dF2gG3hH4jJ5kK6lL7zZ8xX9cC0vB1nN2mQ3wE4rR5tT6yY7uU8iI9oO0pP1aS2dF3gG4hH5jJ6kK7lL8zX9cV0bN1nM2qW3eR4tT5yU6iI7oO8pP9aS0dF1gG2hH3jJ4kK5lL6zZ7xX8cC9vV0bB1nN2mM3qW4eR5tT6yU7iI8oO9pP0aS1dF2gG3hH4jJ5kK6lL7zZ8xX9cC0vB1nN2mQ3wE4rR5tT6yY7uU8iI9oO0pP1aS2dF3gG4hH5jJ6kK7lL8zX9cV0bN1nM2qW3eR4tT5yU6iI7oO8pP9aS0dF1gG2hH3jJ4kK5lL6zZ7xX8cC9vV0bB1nN2mM3qW4eR5tT6yU7iI8oO9pP0aS1dF2gG3hH4jJ5kK6lL7zZ8xX9cC0vB1nN2mQ3wE4rR5tT6yY7uU8iI9oO0pP1aS2dF3gG4hH5jJ6kK7lL8zX9cV0bN1nM2qW3eR4tT5yU6iI7oO8pP9aS0dF1gG2hH3jJ4kK5lL6zZ7xX8cC9vV0bB1nN2mM3qW4eR5tT6yU7iI8oO9pP0aS1dF2gG3hH4jJ5kK6lL7zZ8xX9cC0vB1nN2mQ3wE4rR5tT6yY7uU8iI9oO0pP1aS2dF3gG4hH5jJ6kK7lL8zX9cV0bN1nM2qW3eR4tT5yU6iI7oO8pP9aS0dF1gG2hH3jJ4kK5lL6zZ7xX8cC9vV0bB1nN2mM3qW4eR5tT6yU7iI8oO9pP0aS1dF2gG3hH4jJ5kK6lL7zZ8xX9cC0vB1nN2mQ3wE4rR5tT6yY7uU8iI9oO0pP1aS2dF3gG4hH5jJ6kK7l4hH5jJ6kK7lL8zX9cV0bN1nM2qW3eR4tT5yU6iI7oO8pP9aS0dF1gG2hH3jJ4kK5lL6zZ7xX8cC9vV0bB1nN2mM3qW4eR5tT6yU7iI8oO9pP0aS1dF2gG3hH4jJ5kK6lL7zZ8xX9cC0vB1nN2mQ3wE4rR5tT6yY7uU8iI9oO0pP1aS2dF3gG4hH5jJ6kK7lL8zX9cV0bN1nM2qW3eR4tT5yU6iI7oO8pP9aS0dF1gG2hH3jJ4kK5lL6zZ7xX8cC9vV0bB1nN2mM3qW4eR5tT6yU7iI8oO9pP0aS1dF2gG3hH4jJ5kK6lL7zZ8xX9cC0vB1nN2mQ3wE4rR5tT6yY7uU8iI9oO0pP1aS2dF3gG4hH5jJ6kK7l4hH5jJ6kK7lL8zX9cV0bN1nM2qW3eR4tT5yU6iI7oO8pP9aS0dF1gG2hH3jJ4kK5lL6zZ7xX8cC9vV0bB1nN2mM3qW4eR5tT6yU7iI8oO9pP0aS1dF2gG3hH4jJ5kK6lL7zZ8xX9cC0vB1nN2mQ3wE4rR5tT6yY7uU8iI9oO0pP1aS2dF3gG4hH5jJ6kK7lL8zX9cV0bN1nM2qW3eR4tT5yU6iI7oO8pP9aS0dF1gG2hH3jJ4kK5lL6zZ7xX8cC9vV0bB1nN2mM3qW4eR5tT6yU7iI8oO9pP0aS1dF2gG3hH4jJ5kK6lL7zZ8xX9cC0vB1nN2mQ3wE4rR5tT6yY7uU8iI9oO0pP1aS2dF3gG4hH5jJ6kK7l4hH5jJ6kK7lL8zX9cV0bN1nM2qW3eR4tT5yU6iI7oO8pP9aS0dF1gG2hH3jJ4kK5lL6zZ7xX8cC9vV0bB1nN2mM3qW4eR5tT6yU7iI8oO9pP0aS1dF2gG3hH4jJ5kK6lL7zZ8xX9cC0vB1nN2mQ3wE4rR5tT6yY7uU8iI9oO0pP1aS2dF3gG4hH5jJ6kK7lL8zX9cV0bN1nM2qW3eR4tT5yU6iI7oO8pP9aS0dF1gG2hH3jJ4kK5lL6zZ7xX8cC9vV0bB1nN2mM3qW4eR5tT6yU7iI8oO9pP0aS1dF2gG3hH4jJ5kK6lL7zZ8xX9cC0vB1nN2mQ3wE4rR5tT6yY7uU8iI9oO0pP1aS2dF3gG4hH5jJ6kK7l4hH5jJ6kK7lL8zX9cV0bN1nM2qW3eR4tT5yU6iI7oO8pP9aS0dF1gG2hH3jJ4kK5lL6zZ7xX8cC9vV0bB1nN2mM3qW4eR5tT6yU7iI8oO9pP0aS1dF2gG3hH4jJ5kK6lL7zZ8xX9cC0vB1nN2mQ3wE4rR5tT6yY7uU8iI9oO0pP1aS2dF3gG4hH5jJ6kK7lL8zX9cV0bN1nM2qW3eR4tT5yU6iI7oO8pP9aS0dF1gG2hH3jJ4kK5lL6zZ7xX8cC9vV0bB1nN2mM3qW4eR5tT6yU7iI8oO9pP0aS1dF2gG3hH4jJ5kK6lL7zZ8xX9cC0vB1nN2mQ3wE4rR5tT6yY7uU8iI9oO0pP1aS2dF3gG4hH5jJ6kK7l4hH5jJ6kK7lL8zX9cV0bN1nM2qW3eR4tT5yU6iI7oO8pP9aS0dF1gG2hH3jJ4kK5lL6zZ7xX8cC9vV0bB1nN2mM3qW4eR5tT6yU7iI8oO9pP0aS1dF2gG3hH4jJ5kK6lL7zZ8xX9cC0vB1nN2mQ3wE4rR5tT6yY7uU8iI9oO0pP1aS2dF3gG4hH5jJ6kK7lL8zX9cV0bN1nM2qW3eR4tT5yU6iI7oO8pP9aS0dF1gG2hH3jJ4kK5lL6zZ7xX8cC9vV0bB1nN2mM3qW4eR5tT6yU7iI8oO9pP0aS1dF2gG3hH4jJ5kK6lL7zZ8xX9cC0vB1nN2mQ3wE4rR5tT6yY7uU8iI9oO0pP1aS2dF3gG4hH5jJ6kK7l4hH5jJ6kK7lL8zX9cV0bN1nM2qW3eR4tT5yU6iI7oO8pP9aS0dF1gG2hH3jJ4kK5lL6zZ7xX8cC9vV0bB1nN2mM3qW4eR5tT6yU7iI8oO9pP0aS1dF2gG3hH4jJ5kK6lL7zZ8xX9cC0vB1nN2mQ3wE4rR5tT6yY7uU8iI9oO0pP1aS2dF3gG4hH5jJ6kK7lL8zX9cV0bN1nM2qW3eR4tT5yU6iI7oO8pP9aS0dF1gG2hH3jJ4kK5lL6zZ7xX8cC9vV0bB1nN2mM3qW4eR5tT6yU7iI8oO9pP0aS1dF2gG3hH4jJ5kK6lL7zZ8xX9cC0vB1nN2mQ3wE4rR5tT6yY7uU8iI9oO0pP1aS2dF3gG4hH5jJ6kK7l4hH5jJ6kK7lL8zX9cV0bN1nM2qW3eR4tT5yU6iI7oO8pP9aS0dF1gG2hH3jJ4kK5lL6zZ7xX8cC9vV0bB1nN2mM3qW4eR5tT6yU7iI8oO9pP0aS1dF2gG3hH4jJ5kK6lL7zZ8xX9cC0vB1nN2mQ3wE4rR5tT6yY7uU8iI9oO0pP1aS2dF3gG4hH5jJ6kK7lL8zX9cV0bN1nM2qW3eR4tT5yU6iI7oO8pP9aS0dF1gG2hH3jJ4kK5lL6zZ7xX8cC9vV0bB1nN2mM3qW4eR5tT6yU7iI8oO9pP0aS1dF2gG3hH4jJ5kK6lL7zZ8xX9cC0vB1nN2mQ3wE4rR5tT6yY7uU8iI9oO0pP1aS2dF3gG4hH5jJ6kK7l4hH5jJ6kK7lL8zX9cV0bN1nM2qW3eR4tT5yU6iI7oO8pP9aS0dF1gG2hH3jJ4kK5lL6z7nB9vR2mX8kLp4QjW3tY5zH1aG6sF9dD0fS8gA7hJ6kL5mN4bV3vC2xZ1oP9iU8uY7tT6rR5eE4wW3qQ2aZ1sX2dC3fV4gB5hN6jM7kL8pO9iU0yT1rE2wQ3aS4dF5gG6hH7jJ8kK9lL0zZ1xX2cC3vV4bB5nN6mM7qQ8wW9eE0rR1tT2yY3uU4iI5oO6pP7aA8sS9dD0fF1gG2hH3jJ4kK5lL6zZ7xX8cC9vV0bB1nN2mM3qW4eR5tT6yU7iI8oO9pP0aS1dF2gG3hH4jJ5kK6lL7zZ8xX9cC0vB1nN2mQ3wE4rR5tT6yY7uU8iI9oO0pP1aS2dF3gG4hH5jJ6kK7lL8zX9cV0bN1nM2qW3eR4tT5yU6iI7oO8pP9aS0dF1gG2hH3jJ4kK5lL6zZ7xX8cC9vV0bB1nN2mM3qW4eR5tT6yU7iI8oO9pP0aS1dF2gG3hH4jJ5kK6lL7zZ8xX9cC0vB1nN2mQ3wE4rR5tT6yY7uU8iI9oO0pP1aS2dF3gG4hH5jJ6kK7lL8zX9cV0bN1nM2qW3eR4tT5yU6iI7oO8pP9aS0dF1gG2hH3jJ4kK5lL6zZ7xX8cC9vV0bB1nN2mM3qW4eR5tT6yU7iI8oO9pP0aS1dF2gG3hH4jJ5kK6lL7zZ8xX9cC0vB1nN2mQ3wE4rR5tT6yY7uU8iI9oO0pP1aS2dF3gG4hH5jJ6kK7lL8zX9cV0bN1nM2qW3eR4tT5yU6iI7oO8pP9aS0dF1gG2hH3jJ4kK5lL6zZ7xX8cC9vV0bB1nN2mM3qW4eR5tT6yU7iI8oO9pP0aS1dF2gG3hH4jJ5kK6lL7zZ8xX9cC0vB1nN2mQ3wE4rR5tT6yY7uU8iI9oO0pP1aS2dF3gG4hH5jJ6kK7lL8zX9cV0bN1nM2qW3eR4tT5yU6iI7oO8pP9aS0dF1gG2hH3jJ4kK5lL6zZ7xX8cC9vV0bB1nN2mM3qW4eR5tT6yU7iI8oO9pP0aS1dF2gG3hH4jJ5kK6lL7zZ8xX9cC0vB1nN2mQ3wE4rR5tT6yY7uU8iI9oO0pP1aS2dF3gG4hH5jJ6kK7l4hH5jJ6kK7lL8zX9cV0bN1nM2qW3eR4tT5yU6iI7oO8pP9aS0dF1gG2hH3jJ4kK5lL6zZ7xX8cC9vV0bB1nN2mM3qW4eR5tT6yU7iI8oO9pP0aS1dF2gG3hH4jJ5kK6lL7zZ8xX9cC0vB1nN2mQ3wE4rR5tT6yY7uU8iI9oO0pP1aS2dF3gG4hH5jJ6kK7lL8zX9cV0bN1nM2qW3eR4tT5yU6iI7oO8pP9aS0dF1gG2hH3jJ4kK5lL6zZ7xX8cC9vV0bB1nN2mM3qW4eR5tT6yU7iI8oO9pP0aS1dF2gG3hH4jJ5kK6lL7zZ8xX9cC0vB1nN2mQ3wE4rR5tT6yY7uU8iI9oO0pP1aS2dF3gG4hH5jJ6kK7l4hH5jJ6kK7lL8zX9cV0bN1nM2qW3eR4tT5yU6iI7oO8pP9aS0dF1gG2hH3jJ4kK5lL6zZ7xX8cC9vV0bB1nN2mM3qW4eR5tT6yU7iI8oO9pP0aS1dF2gG3hH4jJ5kK6lL7zZ8xX9cC0vB1nN2mQ3wE4rR5tT6yY7uU8iI9oO0pP1aS2dF3gG4hH5jJ6kK7lL8zX9cV0bN1nM2qW3eR4tT5yU6iI7oO8pP9aS0dF1gG2hH3jJ4kK5lL6zZ7xX8cC9vV0bB1nN2mM3qW4eR5tT6yU7iI8oO9pP0aS1dF2gG3hH4jJ5kK6lL7zZ8xX9cC0vB1nN2mQ3wE4rR5tT6yY7uU8iI9oO0pP1aS2dF3gG4hH5jJ6kK7l4hH5jJ6kK7lL8zX9cV0bN1nM2qW3eR4tT5yU6iI7oO8pP9aS0dF1gG2hH3jJ4kK5lL6zZ7xX8cC9vV0bB1nN2mM3qW4eR5tT6yU7iI8oO9pP0aS1dF2gG3hH4jJ5kK6lL7zZ8xX9cC0vB1nN2mQ3wE4rR5tT6yY7uU8iI9oO0pP1aS2dF3gG4hH5jJ6kK7lL8zX9cV0bN1nM2qW3eR4tT5yU6iI7oO8pP9aS0dF1gG2hH3jJ4kK5lL6zZ7xX8cC9vV0bB1nN2mM3qW4eR5tT6yU7iI8oO9pP0aS1dF2gG3hH4jJ5kK6lL7zZ8xX9cC0vB1nN2mQ3wE4rR5tT6yY7uU8iI9oO0pP1aS2dF3gG4hH5jJ6kK7l4hH5jJ6kK7lL8zX9cV0bN1nM2qW3eR4tT5yU6iI7oO8pP9aS0dF1gG2hH3jJ4kK5lL6zZ7xX8cC9vV0bB1nN2mM3qW4eR5tT6yU7iI8oO9pP0aS1dF2gG3hH4jJ5kK6lL7zZ8xX9cC0vB1nN2mQ3wE4rR5tT6yY7uU8iI9oO0pP1aS2dF3gG4hH5jJ6kK7lL8zX9cV0bN1nM2qW3eR4tT5yU6iI7oO8pP9aS0dF1gG2hH3jJ4kK5lL6zZ7xX8cC9vV0bB1nN2mM3qW4eR5tT6yU7iI8oO9pP0aS1dF2gG3hH4jJ5kK6lL7zZ8xX9cC0vB1nN2mQ3wE4rR5tT6yY7uU8iI9oO0pP1aS2dF3gG4hH5jJ6kK7l4hH5jJ6kK7lL8zX9cV0bN1nM2qW3eR4tT5yU6iI7oO8pP9aS0dF1gG2hH3jJ4kK5lL6zZ7xX8cC9vV0bB1nN2mM3qW4eR5tT6yU7iI8oO9pP0aS1dF2gG3hH4jJ5kK6lL7zZ8xX9cC0vB1nN2mQ3wE4rR5tT6yY7uU8iI9oO0pP1aS2dF3gG4hH5jJ6kK7lL8zX9cV0bN1nM2qW3eR4tT5yU6iI7oO8pP9aS0dF1gG2hH3jJ4kK5lL6zZ7xX8cC9vV0bB1nN2mM3qW4eR5tT6yU7iI8oO9pP0aS1dF2gG3hH4jJ5kK6lL7zZ8xX9cC0vB1nN2mQ3wE4rR5tT6yY7uU8iI9oO0pP1aS2dF3gG4hH5jJ6kK7l4hH5jJ6kK7lL8zX9cV0bN1nM2qW3eR4tT5yU6iI7oO8pP9aS0dF1gG2hH3jJ4kK5lL6zZ7xX8cC9vV0bB1nN2mM3qW4eR5tT6yU7iI8oO9pP0aS1dF2gG3hH4jJ5kK6lL7zZ8xX9cC0vB1nN2mQ3wE4rR5tT6yY7uU8iI9oO0pP1aS2dF3gG4hH5jJ6kK7lL8zX9cV0bN1nM2qW3eR4tT5yU6iI7oO8pP9aS0dF1gG2hH3jJ4kK5lL6zZ7xX8cC9vV0bB1nN2mM3qW4eR5tT6yU7iI8oO9pP0aS1dF2gG3hH4jJ5kK6lL7zZ8xX9cC0vB1nN2mQ3wE4rR5tT6yY7uU8iI9oO0pP1aS2dF3gG4hH5jJ6kK7l4hH5jJ6kK7lL8zX9cV0bN1nM2qW3eR4tT5yU6iI7oO8pP9aS0dF1gG2hH3jJ4kK5lL6zZ7xX8cC9vV0bB1nN2mM3qW4eR5tT6yU7iI8oO9pP0aS1dF2gG3hH4jJ5kK6lL7zZ8xX9cC0vB1nN2mQ3wE4rR5tT6yY7uU8iI9oO0pP1aS2dF3gG4hH5jJ6kK7lL8zX9cV0bN1nM2qW3eR4tT5yU6iI7oO8pP9aS0dF1gG2hH3jJ4kK5lL6zZ7xX8cC9vV0bB1nN2mM3qW4eR5tT6yU7iI8oO9pP0aS1dF2gG3hH4jJ5kK6lL7zZ8xX9cC0vB1nN2mQ3wE4rR5tT6yY7uU8iI9oO0pP1aS2dF3gG4hH5jJ6kK7l4hH5jJ6kK7lL8zX9cV0bN1nM2qW3eR4tT5yU6iI7oO8pP9aS0dF1gG2hH3jJ4kK5lL6z7nB9vR2mX8kLp4QjW3tY5zH1aG6sF9dD0fS8gA7hJ6kL5mN4bV3vC2xZ1oP9iU8uY7tT6rR5eE4wW3qQ2aZ1sX2dC3fV4gB5hN6jM7kL8pO9iU0yT1rE2wQ3aS4dF5gG6hH7jJ8kK9lL0zZ1xX2cC3vV4bB5nN6mM7qQ8wW9eE0rR1tT2yY3uU4iI5oO6pP7aA8sS9dD0fF1gG2hH3jJ4kK5lL6zZ7xX8cC9vV0bB1nN2mM3qW4eR5tT6yU7iI8oO9pP0aS1dF2gG3hH4jJ5kK6lL7zZ8xX9cC0vB1nN2mQ3wE4rR5tT6yY7uU8iI9oO0pP1aS2dF3gG4hH5jJ6kK7lL8zX9cV0bN1nM2qW3eR4tT5yU6iI7oO8pP9aS0dF1gG2hH3jJ4kK5lL6zZ7xX8cC9vV0bB1nN2mM3qW4eR5tT6yU7iI8oO9pP0aS1dF2gG3hH4jJ5kK6lL7zZ8xX9cC0vB1nN2mQ3wE4rR5tT6yY7uU8iI9oO0pP1aS2dF3gG4hH5jJ6kK7lL8zX9cV0bN1nM2qW3eR4tT5yU6iI7oO8pP9aS0dF1gG2hH3jJ4kK5lL6zZ7xX8cC9vV0bB1nN2mM3qW4eR5tT6yU7iI8oO9pP0aS1dF2gG3hH4jJ5kK6lL7zZ8xX9cC0vB1nN2mQ3wE4rR5tT6yY7uU8iI9oO0pP1aS2dF3gG4hH5jJ6kK7lL8zX9cV0bN1nM2qW3eR4tT5yU6iI7oO8pP9aS0dF1gG2hH3jJ4kK5lL6zZ7xX8cC9vV0bB1nN2mM3qW4eR5tT6yU7iI8oO9pP0aS1dF2gG3hH4jJ5kK6lL7zZ8xX9cC0vB1nN2mQ3wE4rR5tT6yY7uU8iI9oO0pP1aS2dF3gG4hH5jJ6kK7lL8zX9cV0bN1nM2qW3eR4tT5yU6iI7oO8pP9aS0dF1gG2hH3jJ4kK5lL6zZ7xX8cC9vV0bB1nN2mM3qW4eR5tT6yU7iI8oO9pP0aS1dF2gG3hH4jJ5kK6lL7zZ8xX9cC0vB1nN2mQ3wE4rR5tT6yY7uU8iI9oO0pP1aS2dF3gG4hH5jJ6kK7l4hH5jJ6kK7lL8zX9cV0bN1nM2qW3eR4tT5yU6iI7oO8pP9aS0dF1gG2hH3jJ4kK5lL6zZ7xX8cC9vV0bB1nN2mM3qW4eR5tT6yU7iI8oO9pP0aS1dF2gG3hH4jJ5kK6lL7zZ8xX9cC0vB1nN2mQ3wE4rR5tT6yY7uU8iI9oO0pP1aS2dF3gG4hH5jJ6kK7lL8zX9cV0bN1nM2qW3eR4tT5yU6iI7oO8pP9aS0dF1gG2hH3jJ4kK5lL6zZ7xX8cC9vV0bB1nN2mM3qW4eR5tT6yU7iI8oO9pP0aS1dF2gG3hH4jJ5kK6lL7zZ8xX9cC0vB1nN2mQ3wE4rR5tT6yY7uU8iI9oO0pP1aS2dF3gG4hH5jJ6kK7l4hH5jJ6kK7lL8zX9cV0bN1nM2qW3eR4tT5yU6iI7oO8pP9aS0dF1gG2hH3jJ4kK5lL6zZ7xX8cC9vV0bB1nN2mM3qW4eR5tT6yU7iI8oO9pP0aS1dF2gG3hH4jJ5kK6lL7zZ8xX9cC0vB1nN2mQ3wE4rR5tT6yY7uU8iI9oO0pP1aS2dF3gG4hH5jJ6kK7lL8zX9cV0bN1nM2qW3eR4tT5yU6iI7oO8pP9aS0dF1gG2hH3jJ4kK5lL6zZ7xX8cC9vV0bB1nN2mM3qW4eR5tT6yU7iI8oO9pP0aS1dF2gG3hH4jJ5kK6lL7zZ8xX9cC0vB1nN2mQ3wE4rR5tT6yY7uU8iI9oO0pP1aS2dF3gG4hH5jJ6kK7l4hH5jJ6kK7lL8zX9cV0bN1nM2qW3eR4tT5yU6iI7oO8pP9aS0dF1gG2hH3jJ4kK5lL6zZ7xX8cC9vV0bB1nN2mM3qW4eR5tT6yU7iI8oO9pP0aS1dF2gG3hH4jJ5kK6lL7zZ8xX9cC0vB1nN2mQ3wE4rR5tT6yY7uU8iI9oO0pP1aS2dF3gG4hH5jJ6kK7lL8zX9cV0bN1nM2qW3eR4tT5yU6iI7oO8pP9aS0dF1gG2hH3jJ4kK5lL6zZ7xX8cC9vV0bB1nN2mM3qW4eR5tT6yU7iI8oO9pP0aS1dF2gG3hH4jJ5kK6lL7zZ8xX9cC0vB1nN2mQ3wE4rR5tT6yY7uU8iI9oO0pP1aS2dF3gG4hH5jJ6kK7l4hH5jJ6kK7lL8zX9cV0bN1nM2qW3eR4tT5yU6iI7oO8pP9aS0dF1gG2hH3jJ4kK5lL6zZ7xX8cC9vV0bB1nN2mM3qW4eR5tT6yU7iI8oO9pP0aS1dF2gG3hH4jJ5kK6lL7zZ8xX9cC0vB1nN2mQ3wE4rR5tT6yY7uU8iI9oO0pP1aS2dF3gG4hH5jJ6kK7lL8zX9cV0bN1nM2qW3eR4tT5yU6iI7oO8pP9aS0dF1gG2hH3jJ4kK5lL6zZ7xX8cC9vV0bB1nN2mM3qW4eR5tT6yU7iI8oO9pP0aS1dF2gG3hH4jJ5kK6lL7zZ8xX9cC0vB1nN2mQ3wE4rR5tT6yY7uU8iI9oO0pP1aS2dF3gG4hH5jJ6kK7l4hH5jJ6kK7lL8zX9cV0bN1nM2qW3eR4tT5yU6iI7oO8pP9aS0dF1gG2hH3jJ4kK5lL6zZ7xX8cC9vV0bB1nN2mM3qW4eR5tT6yU7iI8oO9pP0aS1dF2gG3hH4jJ5kK6lL7zZ8xX9cC0vB1nN2mQ3wE4rR5tT6yY7uU8iI9oO0pP1aS2dF3gG4hH5jJ6kK7lL8zX9cV0bN1nM2qW3eR4tT5yU6iI7oO8pP9aS0dF1gG2hH3jJ4kK5lL6zZ7xX8cC9vV0bB1nN2mM3qW4eR5tT6yU7iI8oO9pP0aS1dF2gG3hH4jJ5kK6lL7zZ8xX9cC0vB1nN2mQ3wE4rR5tT6yY7uU8iI9oO0pP1aS2dF3gG4hH5jJ6kK7l4hH5jJ6kK7lL8zX9cV0bN1nM2qW3eR4tT5yU6iI7oO8pP9aS0dF1gG2hH3jJ4kK5lL6zZ7xX8cC9vV0bB1nN2mM3qW4eR5tT6yU7iI8oO9pP0aS1dF2gG3hH4jJ5kK6lL7zZ8xX9cC0vB1nN2mQ3wE4rR5tT6yY7uU8iI9oO0pP1aS2dF3gG4hH5jJ6kK7lL8zX9cV0bN1nM2qW3eR4tT5yU6iI7oO8pP9aS0dF1gG2hH3jJ4kK5lL6zZ7xX8cC9vV0bB1nN2mM3qW4eR5tT6yU7iI8oO9pP0aS1dF2gG3hH4jJ5kK6lL7zZ8xX9cC0vB1nN2mQ3wE4rR5tT6yY7uU8iI9oO0pP1aS2dF3gG4hH5jJ6kK7l4hH5jJ6kK7lL8zX9cV0bN1nM2qW3eR4tT5yU6iI7oO8pP9aS0dF1gG2hH3jJ4kK5lL6zZ7xX8cC9vV0bB1nN2mM3qW4eR5tT6yU7iI8oO9pP0aS1dF2gG3hH4jJ5kK6lL7zZ8xX9cC0vB1nN2mQ3wE4rR5tT6yY7uU8iI9oO0pP1aS2dF3gG4hH5jJ6kK7lL8zX9cV0bN1nM2qW3eR4tT5yU6iI7oO8pP9aS0dF1gG2hH3jJ4kK5lL6zZ7xX8cC9vV0bB1nN2mM3qW4eR5tT6yU7iI8oO9pP0aS1dF2gG3hH4jJ5kK6lL7zZ8xX9cC0vB1nN2mQ3wE4rR5tT6yY7uU8iI9oO0pP1aS2dF3gG4hH5jJ6kK7l4hH5jJ6kK7lL8zX9cV0bN1nM2qW3eR4tT5yU6iI7oO8pP9aS0dF1gG2hH3jJ4kK5lL6z8zX9cV0bN1nM2qW3eR4tT5yU6iI7oO8pP9aS0dF1gG2hH3jJ4kK5lL6zZ7xX8cC9vV0bB1nN2mM3qW4eR5tT6yU7iI8oO9pP0aS1dF2gG3hH4jJ5kK6lL7zZ8xX9cC0vB1nN2mQ3wE4rR5tT6yY7uU8iI9oO0pP1aS2dF3gG4hH5jJ6kK7l4hH5jJ6kK7lL8zX9cV0bN1nM2qW3eR4tT5yU6iI7oO8pP9aS0dF1gG2hH3jJ4kK5lL6zZ7xX8cC9vV0bB1nN2mM3qW4eR5tT6yU7iI8oO9pP0aS1dF2gG3hH4jJ5kK6lL7zZ8xX9cC0vB1nN2mQ3wE4rR5tT6yY7uU8iI9oO0pP1aS2dF3gG4hH5jJ6kK7lL8zX9cV0bN1nM2qW3eR4tT5yU6iI7oO8pP9aS0dF1gG2hH3jJ4kK5lL6zZ7xX8cC9vV0bB1nN2mM3qW4eR5tT6yU7iI8oO9pP0aS1dF2gG3hH4jJ5kK6lL7zZ8xX9cC0vB1nN2mQ3wE4rR5tT6yY7uU8iI9oO0pP1aS2dF3gG4hH5jJ6kK7l4hH5jJ6kK7lL8zX9cV0bN1nM2qW3eR4tT5yU6iI7oO8pP9aS0dF1gG2hH3jJ4kK5lL6zZ7xX8cC9vV0bB1nN2mM3qW4eR5tT6yU7iI8oO9pP0aS1dF2gG3hH4jJ5kK6lL7zZ8xX9cC0vB1nN2mQ3wE4rR5tT6yY7uU8iI9oO0pP1aS2dF3gG4hH5jJ6kK7lL8zX9cV0bN1nM2qW3eR4tT5yU6iI7oO8pP9aS0dF1gG2hH3jJ4kK5lL6zZ7xX8cC9vV0bB1nN2mM3qW4eR5tT6yU7iI8oO9pP0aS1dFzX9cV0bN1nM2qW3eR4tT5yU6iI7oO8pP9aS0dF1gG2hH3jJ4kK5lL6zZ7xX8cC9vV0bB1nN2mM3qW4eR5tT6yU7iI8oO9pP0aS1dF2gG3hH4jJ5kK6lL7zZ8xX9cC0vB1nN2mQ3wE4rR5tT6yY7uU8iI9oO0pP1aS2dF3gG4hH5jJ6kK7lL8zX9cV0bN1nM2qW3eR4tT5yU6iI7oO8pP9aS0dF1gG2hH3jJ4kK5lL6zZ7xX8cC9vV0bB1nN2mM3qW4eR5tT6yU7iI8oO9pP0aS1dF2gG3hH4jJ5kK6lL7zZ8xX9cC0vB1nN2mQ3wE4rR5tT6yY7uU8iI9oO0pP1aS2dF3gG4hH5jJ6kK7l4hH5jJ6kK7lL8zX9cV0bN1nM2qW3eR4tT5yU6iI7oO8pP9aS0dF1gG2hH3jJ4kK5lL6zZ7xX8cC9vV0bB1nN2mM3qW4eR5tT6yU7iI8oO9pP0aS1dF2gG3hH4jJ5kK6lL7zZ8xX9cC0vB1nN2mQ3wE4rR5tT6yY7uU8iI9oO0pP1aS2dF3gG4hH5jJ6kK7lL8zX9cV0bN1nM2qW3eR4tT5yU6iI7oO8pP9aS0dF1gG2hH3jJ4kK5lL6zZ7xX8cC9vV0bB1nN2mM3qW4eR5tT6yU7iI8oO9pP0aS1dF2gG3hH4jJ5kK6lL7zZ8xX9cC0vB1nN2mQ3wE4rR5tT6yY7uU8iI9oO0pP1aS2dF3gG4hH5jJ6kK7l4hH5jJ6kK7lL8zX9cV0bN1nM2qW3eR4tT5yU6iI7oO8pP9aS0dF1gG2hH3jJ4kK5lL6zZ7xX8cC9vV0bB1nN2mM3qW4eR5tT6yU7iI8oO9pP0aS1dF2gG3hH4jJ5kK6lL7zZ8xX9cC0vB1nN2mQ3wE4rR5tT6yY7uU8iI9oO0pP1aS2dF3gG4hH5jJ6kK7lL8zX9cV0bN1nM2qW3eR4tT5yU6iI7oO8pP9aS0dF1gG2hH3jJ4kK5lL6zZ7xX8cC9vV0bB1nN2mM3qW4eR5tT6yU7iI8oO9pP0aS1dF2gG3hH4jJ5kK6lL7zZ8xX9cC0vB1nN2mQ3wE4rR5tT6yY7uU8iI9oO0pP1aS2dF3gG4hH5jJ6kK7l4hH5jJ6kK7lL8zX9cV0bN1nM2qW3eR4tT5yU6iI7oO8pP9aS0dF1gG2hH3jJ4kK5lL6zZ7xX8cC9vV0bB1nN2mM3qW4eR5tT6yU7iI8oO9pP0aS1dF2gG3hH4jJ5kK6lL7zZ8xX9cC0vB1nN2mQ3wE4rR5tT6yY7uU8iI9oO0pP1aS2dF3gG4hH5jJ6kK7lL8zX9cV0bN1nM2qW3eR4tT5yU6iI7oO8pP9aS0dF1gG2hH3jJ4kK5lL6zZ7xX8cC9vV0bB1nN2mM3qW4eR5tT6yU7iI8oO9pP0aS1dF2gG3hH4jJ5kK6lL7zZ8xX9cC0vB1nN2mQ3wE4rR5tT6yY7uU8iI9oO0pP1aS2dF3gG4hH5jJ6kK7l4hH5jJ6kK7lL8zX9cV0bN1nM2qW3eR4tT5yU6iI7oO8pP9aS0dF1gG2hH3jJ4kK5lL6zZ7xX8cC9vV0bB1nN2mM3qW4eR5tT6yU7iI8oO9pP0aS1dF2gG3hH4jJ5kK6lL7zZ8xX9cC0vB1nN2mQ3wE4rR5tT6yY7uU8iI9oO0pP1aS2dF3gG4hH5jJ6kK7lL8zX9cV0bN1nM2qW3eR4tT5yU6iI7oO8pP9aS0dF1gG2hH3jJ4kK5lL6zZ7xX8cC9vV0bB1nN2mM3qW4eR5tT6yU7iI8oO9pP0aS1dF2gG3hH4jJ5kK6lL7zZ8xX9cC0vB1nN2mQ3wE4rR5tT6yY7uU8iI9oO0pP1aS2dF3gG4hH5jJ6kK7l4hH5jJ6kK7lL8zX9cV0bN1nM2qW3eR4tT5yU6iI7oO8pP9aS0dF1gG2hH3jJ4kK5lL6z7nB9vR2mX8kLp4QjW3tY5zH1aG6sF9dD0fS8gA7hJ6kL5mN4bV3vC2xZ1oP9iU8uY7tT6rR5eE4wW3qQ2aZ1sX2dC3fV4gB5hN6jM7kL8pO9iU0yT1rE2wQ3aS4dF5gG6hH7jJ8kK9lL0zZ1xX2cC3vV4bB5nN6mM7qQ8wW9eE0rR1tT2yY3uU4iI5oO6pP7aA8sS9dD0fF1gG2hH3jJ4kK5lL6zZ7xX8cC9vV0bB1nN2mM3qW4eR5tT6yU7iI8oO9pP0aS1dF2gG3hH4jJ5kK6lL7zZ8xX9cC0vB1nN2mQ3wE4rR5tT6yY7uU8iI9oO0pP1aS2dF3gG4hH5jJ6kK7lL8zX9cV0bN1nM2qW3eR4tT5yU6iI7oO8pP9aS0dF1gG2hH3jJ4kK5lL6zZ7xX8cC9vV0bB1nN2mM3qW4eR5tT6yU7iI8oO9pP0aS1dF2gG3hH4jJ5kK6lL7zZ8xX9cC0vB1nN2mQ3wE4rR5tT6yY7uU8iI9oO0pP1aS2dF3gG4hH5jJ6kK7lL8zX9cV0bN1nM2qW3eR4tT5yU6iI7oO8pP9aS0dF1gG2hH3jJ4kK5lL6zZ7xX8cC9vV0bB1nN2mM3qW4eR5tT6yU7iI8oO9pP0aS1dF2gG3hH4jJ5kK6lL7zZ8xX9cC0vB1nN2mQ3wE4rR5tT6yY7uU8iI9oO0pP1aS2dF3gG4hH5jJ6kK7lL8zX9cV0bN1nM2qW3eR4tT5yU6iI7oO8pP9aS0dF1gG2hH3jJ4kK5lL6zZ7xX8cC9vV0bB1nN2mM3qW4eR5tT6yU7iI8oO9pP0aS1dF2gG3hH4jJ5kK6lL7zZ8xX9cC0vB1nN2mQ3wE4rR5tT6yY7uU8iI9oO0pP1aS2dF3gG4hH5jJ6kK7lL8zX9cV0bN1nM2qW3eR4tT5yU6iI7oO8pP9aS0dF1gG2hH3jJ4kK5lL6zZ7xX8cC9vV0bB1nN2mM3qW4eR5tT6yU7iI8oO9pP0aS1dF2gG3hH4jJ5kK6lL7zZ8xX9cC0vB1nN2mQ3wE4rR5tT6yY7uU8iI9oO0pP1aS2dF3gG4hH5jJ6kK7l4hH5jJ6kK7lL8zX9cV0bN1nM2qW3eR4tT5yU6iI7oO8pP9aS0dF1gG2hH3jJ4kK5lL6zZ7xX8cC9vV0bB1nN2mM3qW4eR5tT6yU7iI8oO9pP0aS1dF2gG3hH4jJ5kK6lL7zZ8xX9cC0vB1nN2mQ3wE4rR5tT6yY7uU8iI9oO0pP1aS2dF3gG4hH5jJ6kK7lL8zX9cV0bN1nM2qW3eR4tT5yU6iI7oO8pP9aS0dF1gG2hH3jJ4kK5lL6zZ7xX8cC9vV0bB1nN2mM3qW4eR5tT6yU7iI8oO9pP0aS1dF2gG3hH4jJ5kK6lL7zZ8xX9cC0vB1nN2mQ3wE4rR5tT6yY7uU8iI9oO0pP1aS2dF3gG4hH5jJ6kK7l4hH5jJ6kK7lL8zX9cV0bN1nM2qW3eR4tT5yU6iI7oO8pP9aS0dF1gG2hH3jJ4kK5lL6zZ7xX8cC9vV0bB1nN2mM3qW4eR5tT6yU7iI8oO9pP0aS1dF2gG3hH4jJ5kK6lL7zZ8xX9cC0vB1nN2mQ3wE4rR5tT6yY7uU8iI9oO0pP1aS2dF3gG4hH5jJ6kK7lL8zX9cV0bN1nM2qW3eR4tT5yU6iI7oO8pP9aS0dF1gG2hH3jJ4kK5lL6zZ7xX8cC9vV0bB1nN2mM3qW4eR5tT6yU7iI8oO9pP0aS1dF2gG3hH4jJ5kK6lL7zZ8xX9cC0vB1nN2mQ3wE4rR5tT6yY7uU8iI9oO0pP1aS2dF3gG4hH5jJ6kK7l4hH5jJ6kK7lL8zX9cV0bN1nM2qW3eR4tT5yU6iI7oO8pP9aS0dF1gG2hH3jJ4kK5lL6zZ7xX8cC9vV0bB1nN2mM3qW4eR5tT6yU7iI8oO9pP0aS1dF2gG3hH4jJ5kK6lL7zZ8xX9cC0vB1nN2mQ3wE4rR5tT6yY7uU8iI9oO0pP1aS2dF3gG4hH5jJ6kK7lL8zX9cV0bN1nM2qW3eR4tT5yU6iI7oO8pP9aS0dF1gG2hH3jJ4kK5lL6zZ7xX8cC9vV0bB1nN2mM3qW4eR5tT6yU7iI8oO9pP0aS1dF2gG3hH4jJ5kK6lL7zZ8xX9cC0vB1nN2mQ3wE4rR5tT6yY7uU8iI9oO0pP1aS2dF3gG4hH5jJ6kK7l4hH5jJ6kK7lL8zX9cV0bN1nM2qW3eR4tT5yU6iI7oO8pP9aS0dF1gG2hH3jJ4kK5lL6zZ7xX8cC9vV0bB1nN2mM3qW4eR5tT6yU7iI8oO9pP0aS1dF2gG3hH4jJ5kK6lL7zZ8xX9cC0vB1nN2mQ3wE4rR5tT6yY7uU8iI9oO0pP1aS2dF3gG4hH5jJ6kK7lL8zX9cV0bN1nM2qW3eR4tT5yU6iI7oO8pP9aS0dF1gG2hH3jJ4kK5lL6zZ7xX8cC9vV0bB1nN2mM3qW4eR5tT6yU7iI8oO9pP0aS1dF2gG3hH4jJ5kK6lL7zZ8xX9cC0vB1nN2mQ3wE4rR5tT6yY7uU8iI9oO0pP1aS2dF3gG4hH5jJ6kK7l4hH5jJ6kK7lL8zX9cV0bN1nM2qW3eR4tT5yU6iI7oO8pP9aS0dF1gG2hH3jJ4kK5lL6zZ7xX8cC9vV0bB1nN2mM3qW4eR5tT6yU7iI8oO9pP0aS1dF2gG3hH4jJ5kK6lL7zZ8xX9cC0vB1nN2mQ3wE4rR5tT6yY7uU8iI9oO0pP1aS2dF3gG4hH5jJ6kK7lL8zX9cV0bN1nM2qW3eR4tT5yU6iI7oO8pP9aS0dF1gG2hH3jJ4kK5lL6zZ7xX8cC9vV0bB1nN2mM3qW4eR5tT6yU7iI8oO9pP0aS1dF2gG3hH4jJ5kK6lL7zZ8xX9cC0vB1nN2mQ3wE4rR5tT6yY7uU8iI9oO0pP1aS2dF3gG4hH5jJ6kK7l4hH5jJ6kK7lL8zX9cV0bN1nM2qW3eR4tT5yU6iI7oO8pP9aS0dF1gG2hH3jJ4kK5lL6zZ7xX8cC9vV0bB1nN2mM3qW4eR5tT6yU7iI8oO9pP0aS1dF2gG3hH4jJ5kK6lL7zZ8xX9cC0vB1nN2mQ3wE4rR5tT6yY7uU8iI9oO0pP1aS2dF3gG4hH5jJ6kK7lL8zX9cV0bN1nM2qW3eR4tT5yU6iI7oO8pP9aS0dF1gG2hH3jJ4kK5lL6zZ7xX8cC9vV0bB1nN2mM3qW4eR5tT6yU7iI8oO9pP0aS1dF2gG3hH4jJ5kK6lL7zZ8xX9cC0vB1nN2mQ3wE4rR5tT6yY7uU8iI9oO0pP1aS2dF3gG4hH5jJ6kK7l4hH5jJ6kK7lL8zX9cV0bN1nM2qW3eR4tT5yU6iI7oO8pP9aS0dF1gG2hH3jJ4kK5lL6zZ7xX8cC9vV0bB1nN2mM3qW4eR5tT6yU7iI8oO9pP0aS1dF2gG3hH4jJ5kK6lL7zZ8xX9cC0vB1nN2mQ3wE4rR5tT6yY7uU8iI9oO0pP1aS2dF3gG4hH5jJ6kK7lL8zX9cV0bN1nM2qW3eR4tT5yU6iI7oO8pP9aS0dF1gG2hH3jJ4kK5lL6zZ7xX8cC9vV0bB1nN2mM3qW4eR5tT6yU7iI8oO9pP0aS1dF2gG3hH4jJ5kK6lL7zZ8xX9cC0vB1nN2mQ3wE4rR5tT6yY7uU8iI9oO0pP1aS2dF3gG4hH5jJ6kK7l4hH5jJ6kK7lL8zX9cV0bN1nM2qW3eR4tT5yU6iI7oO8pP9aS0dF1gG2hH3jJ4kK5lL6z7nB9vR2mX8kLp4QjW3tY5zH1aG6sF9dD0fS8gA7hJ6kL5mN4bV3vC2xZ1oP9iU8uY7tT6rR5eE4wW3qQ2aZ1sX2dC3fV4gB5hN6jM7kL8pO9iU0yT1rE2wQ3aS4dF5gG6hH7jJ8kK9lL0zZ1xX2cC3vV4bB5nN6mM7qQ8wW9eE0rR1tT2yY3uU4iI5oO6pP7aA8sS9dD0fF1gG2hH3jJ4kK5lL6zZ7xX8cC9vV0bB1nN2mM3qW4eR5tT6yU7iI8oO9pP0aS1dF2gG3hH4jJ5kK6lL7zZ8xX9cC0vB1nN2mQ3wE4rR5tT6yY7uU8iI9oO0pP1aS2dF3gG4hH5jJ6kK7lL8zX9cV0bN1nM2qW3eR4tT5yU6iI7oO8pP9aS0dF1gG2hH3jJ4kK5lL6zZ7xX8cC9vV0bB1nN2mM3qW4eR5tT6yU7iI8oO9pP0aS1dF2gG3hH4jJ5kK6lL7zZ8xX9cC0vB1nN2mQ3wE4rR5tT6yY7uU8iI9oO0pP1aS2dF3gG4hH5jJ6kK7lL8zX9cV0bN1nM2qW3eR4tT5yU6iI7oO8pP9aS0dF1gG2hH3jJ4kK5lL6zZ7xX8cC9vV0bB1nN2mM3qW4eR5tT6yU7iI8oO9pP0aS1dF2gG3hH4jJ5kK6lL7zZ8xX9cC0vB1nN2mQ3wE4rR5tT6yY7uU8iI9oO0pP1aS2dF3gG4hH5jJ6kK7lL8zX9cV0bN1nM2qW3eR4tT5yU6iI7oO8pP9aS0dF1gG2hH3jJ4kK5lL6zZ7xX8cC9vV0bB1nN2mM3qW4eR5tT6yU7iI8oO9pP0aS1dF2gG3hH4jJ5kK6lL7zZ8xX9cC0vB1nN2mQ3wE4rR5tT6yY7uU8iI9oO0pP1aS2dF3gG4hH5jJ6kK7lL8zX9cV0bN1nM2qW3eR4tT5yU6iI7oO8pP9aS0dF1gG2hH3jJ4kK5lL6zZ7xX8cC9vV0bB1nN2mM3qW4eR5tT6yU7iI8oO9pP0aS1dF2gG3hH4jJ5kK6lL7zZ8xX9cC0vB1nN2mQ3wE4rR5tT6yY7uU8iI9oO0pP1aS2dF3gG4hH5jJ6kK7l4hH5jJ6kK7lL8zX9cV0bN1nM2qW3eR4tT5yU6iI7oO8pP9aS0dF1gG2hH3jJ4kK5lL6zZ7xX8cC9vV0bB1nN2mM3qW4eR5tT6yU7iI8oO9pP0aS1dF2gG3hH4jJ5kK6lL7zZ8xX9cC0vB1nN2mQ3wE4rR5tT6yY7uU8iI9oO0pP1aS2dF3gG4hH5jJ6kK7lL8zX9cV0bN1nM2qW3eR4tT5yU6iI7oO8pP9aS0dF1gG2hH3jJ4kK5lL6zZ7xX8cC9vV0bB1nN2mM3qW4eR5tT6yU7iI8oO9pP0aS1dF2gG3hH4jJ5kK6lL7zZ8xX9cC0vB1nN2mQ3wE4rR5tT6yY7uU8iI9oO0pP1aS2dF3gG4hH5jJ6kK7l4hH5jJ6kK7lL8zX9cV0bN1nM2qW3eR4tT5yU6iI7oO8pP9aS0dF1gG2hH3jJ4kK5lL6zZ7xX8cC9vV0bB1nN2mM3qW4eR5tT6yU7iI8oO9pP0aS1dF2gG3hH4jJ5kK6lL7zZ8xX9cC0vB1nN2mQ3wE4rR5tT6yY7uU8iI9oO0pP1aS2dF3gG4hH5jJ6kK7lL8zX9cV0bN1nM2qW3eR4tT5yU6iI7oO8pP9aS0dF1gG2hH3jJ4kK5lL6zZ7xX8cC9vV0bB1nN2mM3qW4eR5tT6yU7iI8oO9pP0aS1dF2gG3hH4jJ5kK6lL7zZ8xX9cC0vB1nN2mQ3wE4rR5tT6yY7uU8iI9oO0pP1aS2dF3gG4hH5jJ6kK7l4hH5jJ6kK7lL8zX9cV0bN1nM2qW3eR4tT5yU6iI7oO8pP9aS0dF1gG2hH3jJ4kK5lL6zZ7xX8cC9vV0bB1nN2mM3qW4eR5tT6yU7iI8oO9pP0aS1dF2gG3hH4jJ5kK6lL7zZ8xX9cC0vB1nN2mQ3wE4rR5tT6yY7uU8iI9oO0pP1aS2dF3gG4hH5jJ6kK7lL8zX9cV0bN1nM2qW3eR4tT5yU6iI7oO8pP9aS0dF1gG2hH3jJ4kK5lL6zZ7xX8cC9vV0bB1nN2mM3qW4eR5tT6yU7iI8oO9pP0aS1dF2gG3hH4jJ5kK6lL7zZ8xX9cC0vB1nN2mQ3wE4rR5tT6yY7uU8iI9oO0pP1aS2dF3gG4hH5jJ6kK7l4hH5jJ6kK7lL8zX9cV0bN1nM2qW3eR4tT5yU6iI7oO8pP9aS0dF1gG2hH3jJ4kK5lL6zZ7xX8cC9vV0bB1nN2mM3qW4eR5tT6yU7iI8oO9pP0aS1dF2gG3hH4jJ5kK6lL7zZ8xX9cC0vB1nN2mQ3wE4rR5tT6yY7uU8iI9oO0pP1aS2dF3gG4hH5jJ6kK7lL8zX9cV0bN1nM2qW3eR4tT5yU6iI7oO8pP9aS0dF1gG2hH3jJ4kK5lL6zZ7xX8cC9vV0bB1nN2mM3qW4eR5tT6yU7iI8oO9pP0aS1dF2gG3hH4jJ5kK6lL7zZ8xX9cC0vB1nN2mQ3wE4rR5tT6yY7uU8iI9oO0pP1aS2dF3gG4hH5jJ6kK7l4hH5jJ6kK7lL8zX9cV0bN1nM2qW3eR4tT5yU6iI7oO8pP9aS0dF1gG2hH3jJ4kK5lL6zZ7xX8cC9vV0bB1nN2mM3qW4eR5tT6yU7iI8oO9pP0aS1dF2gG3hH4jJ5kK6lL7zZ8xX9cC0vB1nN2mQ3wE4rR5tT6yY7uU8iI9oO0pP1aS2dF3gG4hH5jJ6kK7lL8zX9cV0bN1nM2qW3eR4tT5yU6iI7oO8pP9aS0dF1gG2hH3jJ4kK5lL6zZ7xX8cC9vV0bB1nN2mM3qW4eR5tT6yU7iI8oO9pP0aS1dF2gG3hH4jJ5kK6lL7zZ8xX9cC0vB1nN2mQ3wE4rR5tT6yY7uU8iI9oO0pP1aS2dF3gG4hH5jJ6kK7l4hH5jJ6kK7lL8zX9cV0bN1nM2qW3eR4tT5yU6iI7oO8pP9aS0dF1gG2hH3jJ4kK5lL6zZ7xX8cC9vV0bB1nN2mM3qW4eR5tT6yU7iI8oO9pP0aS1dF2gG3hH4jJ5kK6lL7zZ8xX9cC0vB1nN2mQ3wE4rR5tT6yY7uU8iI9oO0pP1aS2dF3gG4hH5jJ6kK7lL8zX9cV0bN1nM2qW3eR4tT5yU6iI7oO8pP9aS0dF1gG2hH3jJ4kK5lL6zZ7xX8cC9vV0bB1nN2mM3qW4eR5tT6yU7iI8oO9pP0aS1dF2gG3hH4jJ5kK6lL7zZ8xX9cC0vB1nN2mQ3wE4rR5tT6yY7uU8iI9oO0pP1aS2dF3gG4hH5jJ6kK7l4hH5jJ6kK7lL8zX9cV0bN1nM2qW3eR4tT5yU6iI7oO8pP9aS0dF1gG2hH3jJ4kK5lL6zZ7xX8cC9vV0bB1nN2mM3qW4eR5tT6yU7iI8oO9pP0aS1dF2gG3hH4jJ5kK6lL7zZ8xX9cC0vB1nN2mQ3wE4rR5tT6yY7uU8iI9oO0pP1aS2dF3gG4hH5jJ6kK7lL8zX9cV0bN1nM2qW3eR4tT5yU6iI7oO8pP9aS0dF1gG2hH3jJ4kK5lL6zZ7xX8cC9vV0bB1nN2mM3qW4eR5tT6yU7iI8oO9pP0aS1dF2gG3hH4jJ5kK6lL7zZ8xX9cC0vB1nN2mQ3wE4rR5tT6yY7uU8iI9oO0pP1aS2dF3gG4hH5jJ6kK7l4hH5jJ6kK7lL8zX9cV0bN1nM2qW3eR4tT5yU6iI7oO8pP9aS0dF1gG2hH3jJ4kK5lL6z7nB9vR2mX8kLp4QjW3tY5zH1aG6sF9dD0fS8gA7hJ6kL5mN4bV3vC2xZ1oP9iU8uY7tT6rR5eE4wW3qQ2aZ1sX2dC3fV4gB5hN6jM7kL8pO9iU0yT1rE2wQ3aS4dF5gG6hH7jJ8kK9lL0zZ1xX2cC3vV4bB5nN6mM7qQ8wW9eE0rR1tT2yY3uU4iI5oO6pP7aA8sS9dD0fF1gG2hH3jJ4kK5lL6zZ7xX8cC9vV0bB1nN2mM3qW4eR5tT6yU7iI8oO9pP0aS1dF2gG3hH4jJ5kK6lL7zZ8xX9cC0vB1nN2mQ3wE4rR5tT6yY7uU8iI9oO0pP1aS2dF3gG4hH5jJ6kK7lL8zX9cV0bN1nM2qW3eR4tT5yU6iI7oO8pP9aS0dF1gG2hH3jJ4kK5lL6zZ7xX8cC9vV0bB1nN2mM3qW4eR5tT6yU7iI8oO9pP0aS1dF2gG3hH4jJ5kK6lL7zZ8xX9cC0vB1nN2mQ3wE4rR5tT6yY7uU8iI9oO0pP1aS2dF3gG4hH5jJ6kK7lL8zX9cV0bN1nM2qW3eR4tT5yU6iI7oO8pP9aS0dF1gG2hH3jJ4kK5lL6zZ7xX8cC9vV0bB1nN2mM3qW4eR5tT6yU7iI8oO9pP0aS1dF2gG3hH4jJ5kK6lL7zZ8xX9cC0vB1nN2mQ3wE4rR5tT6yY7uU8iI9oO0pP1aS2dF3gG4hH5jJ6kK7lL8zX9cV0bN1nM2qW3eR4tT5yU6iI7oO8pP9aS0dF1gG2hH3jJ4kK5lL6zZ7xX8cC9vV0bB1nN2mM3qW4eR5tT6yU7iI8oO9pP0aS1dF2gG3hH4jJ5kK6lL7zZ8xX9cC0vB1nN2mQ3wE4rR5tT6yY7uU8iI9oO0pP1aS2dF3gG4hH5jJ6kK7lL8zX9cV0bN1nM2qW3eR4tT5yU6iI7oO8pP9aS0dF1gG2hH3jJ4kK5lL6zZ7xX8cC9vV0bB1nN2mM3qW4eR5tT6yU7iI8oO9pP0aS1dF2gG3hH4jJ5kK6lL7zZ8xX9cC0vB1nN2mQ3wE4rR5tT6yY7uU8iI9oO0pP1aS2dF3gG4hH5jJ6kK7l4hH5jJ6kK7lL8zX9cV0bN1nM2qW3eR4tT5yU6iI7oO8pP9aS0dF1gG2hH3jJ4kK5lL6zZ7xX8cC9vV0bB1nN2mM3qW4eR5tT6yU7iI8oO9pP0aS1dF2gG3hH4jJ5kK6lL7zZ8xX9cC0vB1nN2mQ3wE4rR5tT6yY7uU8iI9oO0pP1aS2dF3gG4hH5jJ6kK7lL8zX9cV0bN1nM2qW3eR4tT5yU6iI7oO8pP9aS0dF1gG2hH3jJ4kK5lL6zZ7xX8cC9vV0bB1nN2mM3qW4eR5tT6yU7iI8oO9pP0aS1dF2gG3hH4jJ5kK6lL7zZ8xX9cC0vB1nN2mQ3wE4rR5tT6yY7uU8iI9oO0pP1aS2dF3gG4hH5jJ6kK7l4hH5jJ6kK7lL8zX9cV0bN1nM2qW3eR4tT5yU6iI7oO8pP9aS0dF1gG2hH3jJ4kK5lL6zZ7xX8cC9vV0bB1nN2mM3qW4eR5tT6yU7iI8oO9pP0aS1dF2gG3hH4jJ5kK6lL7zZ8xX9cC0vB1nN2mQ3wE4rR5tT6yY7uU8iI9oO0pP1aS2dF3gG4hH5jJ6kK7lL8zX9cV0bN1nM2qW3eR4tT5yU6iI7oO8pP9aS0dF1gG2hH3jJ4kK5lL6zZ7xX8cC9vV0bB1nN2mM3qW4eR5tT6yU7iI8oO9pP0aS1dF2gG3hH4jJ5kK6lL7zZ8xX9cC0vB1nN2mQ3wE4rR5tT6yY7uU8iI9oO0pP1aS2dF3gG4hH5jJ6kK7l4hH5jJ6kK7lL8zX9cV0bN1nM2qW3eR4tT5yU6iI7oO8pP9aS0dF1gG2hH3jJ4kK5lL6zZ7xX8cC9vV0bB1nN2mM3qW4eR5tT6yU7iI8oO9pP0aS1dF2gG3hH4jJ5kK6lL7zZ8xX9cC0vB1nN2mQ3wE4rR5tT6yY7uU8iI9oO0pP1aS2dF3gG4hH5jJ6kK7lL8zX9cV0bN1nM2qW3eR4tT5yU6iI7oO8pP9aS0dF1gG2hH3jJ4kK5lL6zZ7xX8cC9vV0bB1nN2mM3qW4eR5tT6yU7iI8oO9pP0aS1dF2gG3hH4jJ5kK6lL7zZ8xX9cC0vB1nN2mQ3wE4rR5tT6yY7uU8iI9oO0pP1aS2dF3gG4hH5jJ6kK7l4hH5jJ6kK7lL8zX9cV0bN1nM2qW3eR4tT5yU6iI7oO8pP9aS0dF1gG2hH3jJ4kK5lL6zZ7xX8cC9vV0bB1nN2mM3qW4eR5tT6yU7iI8oO9pP0aS1dF2gG3hH4jJ5kK6lL7zZ8xX9cC0vB1nN2mQ3wE4rR5tT6yY7uU8iI9oO0pP1aS2dF3gG4hH5jJ6kK7lL8zX9cV0bN1nM2qW3eR4tT5yU6iI7oO8pP9aS0dF1gG2hH3jJ4kK5lL6zZ7xX8cC9vV0bB1nN2mM3qW4eR5tT6yU7iI8oO9pP0aS1dF2gG3hH4jJ5kK6lL7zZ8xX9cC0vB1nN2mQ3wE4rR5tT6yY7uU8iI9oO0pP1aS2dF3gG4hH5jJ6kK7l4hH5jJ6kK7lL8zX9cV0bN1nM2qW3eR4tT5yU6iI7oO8pP9aS0dF1gG2hH3jJ4kK5lL6zZ7xX8cC9vV0bB1nN2mM3qW4eR5tT6yU7iI8oO9pP0aS1dF2gG3hH4jJ5kK6lL7zZ8xX9cC0vB1nN2mQ3wE4rR5tT6yY7uU8iI9oO0pP1aS2dF3gG4hH5jJ6kK7lL8zX9cV0bN1nM2qW3eR4tT5yU6iI7oO8pP9aS0dF1gG2hH3jJ4kK5lL6zZ7xX8cC9vV0bB1nN2mM3qW4eR5tT6yU7iI8oO9pP0aS1dF2gG3hH4jJ5kK6lL7zZ8xX9cC0vB1nN2mQ3wE4rR5tT6yY7uU8iI9oO0pP1aS2dF3gG4hH5jJ6kK7l4hH5jJ6kK7lL8zX9cV0bN1nM2qW3eR4tT5yU6iI7oO8pP9aS0dF1gG2hH3jJ4kK5lL6zZ7xX8cC9vV0bB1nN2mM3qW4eR5tT6yU7iI8oO9pP0aS1dF2gG3hH4jJ5kK6lL7zZ8xX9cC0vB1nN2mQ3wE4rR5tT6yY7uU8iI9oO0pP1aS2dF3gG4hH5jJ6kK7lL8zX9cV0bN1nM2qW3eR4tT5yU6iI7oO8pP9aS0dF1gG2hH3jJ4kK5lL6zZ7xX8cC9vV0bB1nN2mM3qW4eR5tT6yU7iI8oO9pP0aS1dF2gG3hH4jJ5kK6lL7zZ8xX9cC0vB1nN2mQ3wE4rR5tT6yY7uU8iI9oO0pP1aS2dF3gG4hH5jJ6kK7l4hH5jJ6kK7lL8zX9cV0bN1nM2qW3eR4tT5yU6iI7oO8pP9aS0dF1gG2hH3jJ4kK5lL6zZ7xX8cC9vV0bB1nN2mM3qW4eR5tT6yU7iI8oO9pP0aS1dF2gG3hH4jJ5kK6lL7zZ8xX9cC0vB1nN2mQ3wE4rR5tT6yY7uU8iI9oO0pP1aS2dF3gG4hH5jJ6kK7lL8zX9cV0bN1nM2qW3eR4tT5yU6iI7oO8pP9aS0dF1gG2hH3jJ4kK5lL6zZ7xX8cC9vV0bB1nN2mM3qW4eR5tT6yU7iI8oO9pP0aS1dF2gG3hH4jJ5kK6lL7zZ8xX9cC0vB1nN2mQ3wE4rR5tT6yY7uU8iI9oO0pP1aS2dF3gG4hH5jJ6kK7l4hH5jJ6kK7lL8zX9cV0bN1nM2qW3eR4tT5yU6iI7oO8pP9aS0dF1gG2hH3jJ4kK5lL6z7nB9vR2mX8kLp4QjW3tY5zH1aG6sF9dD0fS8gA7hJ6kL5mN4bV3vC2xZ1oP9iU8uY7tT6rR5eE4wW3qQ2aZ1sX2dC3fV4gB5hN6jM7kL8pO9iU0yT1rE2wQ3aS4dF5gG6hH7jJ8kK9lL0zZ1xX2cC3vV4bB5nN6mM7qQ8wW9eE0rR1tT2yY3uU4iI5oO6pP7aA8sS9dD0fF1gG2hH3jJ4kK5lL6zZ7xX8cC9vV0bB1nN2mM3qW4eR5tT6yU7iI8oO9pP0aS1dF2gG3hH4jJ5kK6lL7zZ8xX9cC0vB1nN2mQ3wE4rR5tT6yY7uU8iI9oO0pP1aS2dF3gG4hH5jJ6kK7lL8zX9cV0bN1nM2qW3eR4tT5yU6iI7oO8pP9aS0dF1gG2hH3jJ4kK5lL6zZ7xX8cC9vV0bB1nN2mM3qW4eR5tT6yU7iI8oO9pP0aS1dF2gG3hH4jJ5kK6lL7zZ8xX9cC0vB1nN2mQ3wE4rR5tT6yY7uU8iI9oO0pP1aS2dF3gG4hH5jJ6kK7lL8zX9cV0bN1nM2qW3eR4tT5yU6iI7oO8pP9aS0dF1gG2hH3jJ4kK5lL6zZ7xX8cC9vV0bB1nN2mM3qW4eR5tT6yU7iI8oO9pP0aS1dF2gG3hH4jJ5kK6lL7zZ8xX9cC0vB1nN2mQ3wE4rR5tT6yY7uU8iI9oO0pP1aS2dF3gG4hH5jJ6kK7lL8zX9cV0bN1nM2qW3eR4tT5yU6iI7oO8pP9aS0dF1gG2hH3jJ4kK5lL6zZ7xX8cC9vV0bB1nN2mM3qW4eR5tT6yU7iI8oO9pP0aS1dF2gG3hH4jJ5kK6lL7zZ8xX9cC0vB1nN2mQ3wE4rR5tT6yY7uU8iI9oO0pP1aS2dF3gG4hH5jJ6kK7lL8zX9cV0bN1nM2qW3eR4tT5yU6iI7oO8pP9aS0dF1gG2hH3jJ4kK5lL6zZ7xX8cC9vV0bB1nN2mM3qW4eR5tT6yU7iI8oO9pP0aS1dF2gG3hH4jJ5kK6lL7zZ8xX9cC0vB1nN2mQ3wE4rR5tT6yY7uU8iI9oO0pP1aS2dF3gG4hH5jJ6kK7l4hH5jJ6kK7lL8zX9cV0bN1nM2qW3eR4tT5yU6iI7oO8pP9aS0dF1gG2hH3jJ4kK5lL6zZ7xX8cC9vV0bB1nN2mM3qW4eR5tT6yU7iI8oO9pP0aS1dF2gG3hH4jJ5kK6lL7zZ8xX9cC0vB1nN2mQ3wE4rR5tT6yY7uU8iI9oO0pP1aS2dF3gG4hH5jJ6kK7lL8zX9cV0bN1nM2qW3eR4tT5yU6iI7oO8pP9aS0dF1gG2hH3jJ4kK5lL6zZ7xX8cC9vV0bB1nN2mM3qW4eR5tT6yU7iI8oO9pP0aS1dF2gG3hH4jJ5kK6lL7zZ8xX9cC0vB1nN2mQ3wE4rR5tT6yY7uU8iI9oO0pP1aS2dF3gG4hH5jJ6kK7l4hH5jJ6kK7lL8zX9cV0bN1nM2qW3eR4tT5yU6iI7oO8pP9aS0dF1gG2hH3jJ4kK5lL6zZ7xX8cC9vV0bB1nN2mM3qW4eR5tT6yU7iI8oO9pP0aS1dF2gG3hH4jJ5kK6lL7zZ8xX9cC0vB1nN2mQ3wE4rR5tT6yY7uU8iI9oO0pP1aS2dF3gG4hH5jJ6kK7lL8zX9cV0bN1nM2qW3eR4tT5yU6iI7oO8pP9aS0dF1gG2hH3jJ4kK5lL6zZ7xX8cC9vV0bB1nN2mM3qW4eR5tT6yU7iI8oO9pP0aS1dF2gG3hH4jJ5kK6lL7zZ8xX9cC0vB1nN2mQ3wE4rR5tT6yY7uU8iI9oO0pP1aS2dF3gG4hH5jJ6kK7l4hH5jJ6kK7lL8zX9cV0bN1nM2qW3eR4tT5yU6iI7oO8pP9aS0dF1gG2hH3jJ4kK5lL6zZ7xX8cC9vV0bB1nN2mM3qW4eR5tT6yU7iI8oO9pP0aS1dF2gG3hH4jJ5kK6lL7zZ8xX9cC0vB1nN2mQ3wE4rR5tT6yY7uU8iI9oO0pP1aS2dF3gG4hH5jJ6kK7lL8zX9cV0bN1nM2qW3eR4tT5yU6iI7oO8pP9aS0dF1gG2hH3jJ4kK5lL6zZ7xX8cC9vV0bB1nN2mM3qW4eR5tT6yU7iI8oO9pP0aS1dF2gG3hH4jJ5kK6lL7zZ8xX9cC0vB1nN2mQ3wE4rR5tT6yY7uU8iI9oO0pP1aS2dF3gG4hH5jJ6kK7l4hH5jJ6kK7lL8zX9cV0bN1nM2qW3eR4tT5yU6iI7oO8pP9aS0dF1gG2hH3jJ4kK5lL6zZ7xX8cC9vV0bB1nN2mM3qW4eR5tT6yU7iI8oO9pP0aS1dF2gG3hH4jJ5kK6lL7zZ8xX9cC0vB1nN2mQ3wE4rR5tT6yY7uU8iI9oO0pP1aS2dF3gG4hH5jJ6kK7lL8zX9cV0bN1nM2qW3eR4tT5yU6iI7oO8pP9aS0dF1gG2hH3jJ4kK5lL6zZ7xX8cC9vV0bB1nN2mM3qW4eR5tT6yU7iI8oO9pP0aS1dF2gG3hH4jJ5kK6lL7zZ8xX9cC0vB1nN2mQ3wE4rR5tT6yY7uU8iI9oO0pP1aS2dF3gG4hH5jJ6kK7l4hH5jJ6kK7lL8zX9cV0bN1nM2qW3eR4tT5yU6iI7oO8pP9aS0dF1gG2hH3jJ4kK5lL6zZ7xX8cC9vV0bB1nN2mM3qW4eR5tT6yU7iI8oO9pP0aS1dF2gG3hH4jJ5kK6lL7zZ8xX9cC0vB1nN2mQ3wE4rR5tT6yY7uU8iI9oO0pP1aS2dF3gG4hH5jJ6kK7lL8zX9cV0bN1nM2qW3eR4tT5yU6iI7oO8pP9aS0dF1gG2hH3jJ4kK5lL6zZ7xX8cC9vV0bB1nN2mM3qW4eR5tT6yU7iI8oO9pP0aS1dF2gG3hH4jJ5kK6lL7zZ8xX9cC0vB1nN2mQ3wE4rR5tT6yY7uU8iI9oO0pP1aS2dF3gG4hH5jJ6kK7l4hH5jJ6kK7lL8zX9cV0bN1nM2qW3eR4tT5yU6iI7oO8pP9aS0dF1gG2hH3jJ4kK5lL6zZ7xX8cC9vV0bB1nN2mM3qW4eR5tT6yU7iI8oO9pP0aS1dF2gG3hH4jJ5kK6lL7zZ8xX9cC0vB1nN2mQ3wE4rR5tT6yY7uU8iI9oO0pP1aS2dF3gG4hH5jJ6kK7lL8zX9cV0bN1nM2qW3eR4tT5yU6iI7oO8pP9aS0dF1gG2hH3jJ4kK5lL6zZ7xX8cC9vV0bB1nN2mM3qW4eR5tT6yU7iI8oO9pP0aS1dF2gG3hH4jJ5kK6lL7zZ8xX9cC0vB1nN2mQ3wE4rR5tT6yY7uU8iI9oO0pP1aS2dF3gG4hH5jJ6kK7l4hH5jJ6kK7lL8zX9cV0bN1nM2qW3eR4tT5yU6iI7oO8pP9aS0dF1gG2hH3jJ4kK5lL6zZ7xX8cC9vV0bB1nN2mM3qW4eR5tT6yU7iI8oO9pP0aS1dF2gG3hH4jJ5kK6lL7zZ8xX9cC0vB1nN2mQ3wE4rR5tT6yY7uU8iI9oO0pP1aS2dF3gG4hH5jJ6kK7lL8zX9cV0bN1nM2qW3eR4tT5yU6iI7oO8pP9aS0dF1gG2hH3jJ4kK5lL6zZ7xX8cC9vV0bB1nN2mM3qW4eR5tT6yU7iI8oO9pP0aS1dF2gG3hH4jJ5kK6lL7zZ8xX9cC0vB1nN2mQ3wE4rR5tT6yY7uU8iI9oO0pP1aS2dF3gG4hH5jJ6kK7l4hH5jJ6kK7lL8zX9cV0bN1nM2qW3eR4tT5yU6iI7oO8pP9aS0dF1gG2hH3jJ4kK5lL6z7nB9vR2mX8kLp4QjW3tY5zH1aG6sF9dD0fS8gA7hJ6kL5mN4bV3vC2xZ1oP9iU8uY7tT6rR5eE4wW3qQ2aZ1sX2dC3fV4gB5hN6jM7kL8pO9iU0yT1rE2wQ3aS4dF5gG6hH7jJ8kK9lL0zZ1xX2cC3vV4bB5nN6mM7qQ8wW9eE0rR1tT2yY3uU4iI5oO6pP7aA8sS9dD0fF1gG2hH3jJ4kK5lL6zZ7xX8cC9vV0bB1nN2mM3qW4eR5tT6yU7iI8oO9pP0aS1dF2gG3hH4jJ5kK6lL7zZ8xX9cC0vB1nN2mQ3wE4rR5tT6yY7uU8iI9oO0pP1aS2dF3gG4hH5jJ6kK7lL8zX9cV0bN1nM2qW3eR4tT5yU6iI7oO8pP9aS0dF1gG2hH3jJ4kK5lL6zZ7xX8cC9vV0bB1nN2mM3qW4eR5tT6yU7iI8oO9pP0aS1dF2gG3hH4jJ5kK6lL7zZ8xX9cC0vB1nN2mQ3wE4rR5tT6yY7uU8iI9oO0pP1aS2dF3gG4hH5jJ6kK7lL8zX9cV0bN1nM2qW3eR4tT5yU6iI7oO8pP9aS0dF1gG2hH3jJ4kK5lL6zZ7xX8cC9vV0bB1nN2mM3qW4eR5tT6yU7iI8oO9pP0aS1dF2gG3hH4jJ5kK6lL7zZ8xX9cC0vB1nN2mQ3wE4rR5tT6yY7uU8iI9oO0pP1aS2dF3gG4hH5jJ6kK7lL8zX9cV0bN1nM2qW3eR4tT5yU6iI7oO8pP9aS0dF1gG2hH3jJ4kK5lL6zZ7xX8cC9vV0bB1nN2mM3qW4eR5tT6yU7iI8oO9pP0aS1dF2gG3hH4jJ5kK6lL7zZ8xX9cC0vB1nN2mQ3wE4rR5tT6yY7uU8iI9oO0pP1aS2dF3gG4hH5jJ6kK7lL8zX9cV0bN1nM2qW3eR4tT5yU6iI7oO8pP9aS0dF1gG2hH3jJ4kK5lL6zZ7xX8cC9vV0bB1nN2mM3qW4eR5tT6yU7iI8oO9pP0aS1dF2gG3hH4jJ5kK6lL7zZ8xX9cC0vB1nN2mQ3wE4rR5tT6yY7uU8iI9oO0pP1aS2dF3gG4hH5jJ6kK7l4hH5jJ6kK7lL8zX9cV0bN1nM2qW3eR4tT5yU6iI7oO8pP9aS0dF1gG2hH3jJ4kK5lL6zZ7xX8cC9vV0bB1nN2mM3qW4eR5tT6yU7iI8oO9pP0aS1dF2gG3hH4jJ5kK6lL7zZ8xX9cC0vB1nN2mQ3wE4rR5tT6yY7uU8iI9oO0pP1aS2dF3gG4hH5jJ6kK7lL8zX9cV0bN1nM2qW3eR4tT5yU6iI7oO8pP9aS0dF1gG2hH3jJ4kK5lL6zZ7xX8cC9vV0bB1nN2mM3qW4eR5tT6yU7iI8oO9pP0aS1dF2gG3hH4jJ5kK6lL7zZ8xX9cC0vB1nN2mQ3wE4rR5tT6yY7uU8iI9oO0pP1aS2dF3gG4hH5jJ6kK7l4hH5jJ6kK7lL8zX9cV0bN1nM2qW3eR4tT5yU6iI7oO8pP9aS0dF1gG2hH3jJ4kK5lL6zZ7xX8cC9vV0bB1nN2mM3qW4eR5tT6yU7iI8oO9pP0aS1dF2gG3hH4jJ5kK6lL7zZ8xX9cC0vB1nN2mQ3wE4rR5tT6yY7uU8iI9oO0pP1aS2dF3gG4hH5jJ6kK7lL8zX9cV0bN1nM2qW3eR4tT5yU6iI7oO8pP9aS0dF1gG2hH3jJ4kK5lL6zZ7xX8cC9vV0bB1nN2mM3qW4eR5tT6yU7iI8oO9pP0aS1dF2gG3hH4jJ5kK6lL7zZ8xX9cC0vB1nN2mQ3wE4rR5tT6yY7uU8iI9oO0pP1aS2dF3gG4hH5jJ6kK7l4hH5jJ6kK7lL8zX9cV0bN1nM2qW3eR4tT5yU6iI7oO8pP9aS0dF1gG2hH3jJ4kK5lL6zZ7xX8cC9vV0bB1nN2mM3qW4eR5tT6yU7iI8oO9pP0aS1dF2gG3hH4jJ5kK6lL7zZ8xX9cC0vB1nN2mQ3wE4rR5tT6yY7uU8iI9oO0pP1aS2dF3gG4hH5jJ6kK7lL8zX9cV0bN1nM2qW3eR4tT5yU6iI7oO8pP9aS0dF1gG2hH3jJ4kK5lL6zZ7xX8cC9vV0bB1nN2mM3qW4eR5tT6yU7iI8oO9pP0aS1dF2gG3hH4jJ5kK6lL7zZ8xX9cC0vB1nN2mQ3wE4rR5tT6yY7uU8iI9oO0pP1aS2dF3gG4hH5jJ6kK7l4hH5jJ6kK7lL8zX9cV0bN1nM2qW3eR4tT5yU6iI7oO8pP9aS0dF1gG2hH3jJ4kK5lL6zZ7xX8cC9vV0bB1nN2mM3qW4eR5tT6yU7iI8oO9pP0aS1dF2gG3hH4jJ5kK6lL7zZ8xX9cC0vB1nN2mQ3wE4rR5tT6yY7uU8iI9oO0pP1aS2dF3gG4hH5jJ6kK7lL8zX9cV0bN1nM2qW3eR4tT5yU6iI7oO8pP9aS0dF1gG2hH3jJ4kK5lL6zZ7xX8cC9vV0bB1nN2mM3qW4eR5tT6yU7iI8oO9pP0aS1dF2gG3hH4jJ5kK6lL7zZ8xX9cC0vB1nN2mQ3wE4rR5tT6yY7uU8iI9oO0pP1aS2dF3gG4hH5jJ6kK7l4hH5jJ6kK7lL8zX9cV0bN1nM2qW3eR4tT5yU6iI7oO8pP9aS0dF1gG2hH3jJ4kK5lL6zZ7xX8cC9vV0bB1nN2mM3qW4eR5tT6yU7iI8oO9pP0aS1dF2gG3hH4jJ5kK6lL7zZ8xX9cC0vB1nN2mQ3wE4rR5tT6yY7uU8iI9oO0pP1aS2dF3gG4hH5jJ6kK7lL8zX9cV0bN1nM2qW3eR4tT5yU6iI7oO8pP9aS0dF1gG2hH3jJ4kK5lL6zZ7xX8cC9vV0bB1nN2mM3qW4eR5tT6yU7iI8oO9pP0aS1dF2gG3hH4jJ5kK6lL7zZ8xX9cC0vB1nN2mQ3wE4rR5tT6yY7uU8iI9oO0pP1aS2dF3gG4hH5jJ6kK7l4hH5jJ6kK7lL8zX9cV0bN1nM2qW3eR4tT5yU6iI7oO8pP9aS0dF1gG2hH3jJ4kK5lL6zZ7xX8cC9vV0bB1nN2mM3qW4eR5tT6yU7iI8oO9pP0aS1dF2gG3hH4jJ5kK6lL7zZ8xX9cC0vB1nN2mQ3wE4rR5tT6yY7uU8iI9oO0pP1aS2dF3gG4hH5jJ6kK7lL8zX9cV0bN1nM2qW3eR4tT5yU6iI7oO8pP9aS0dF1gG2hH3jJ4kK5lL6zZ7xX8cC9vV0bB1nN2mM3qW4eR5tT6yU7iI8oO9pP0aS1dF2gG3hH4jJ5kK6lL7zZ8xX9cC0vB1nN2mQ3wE4rR5tT6yY7uU8iI9oO0pP1aS2dF3gG4hH5jJ6kK7l4hH5jJ6kK7lL8zX9cV0bN1nM2qW3eR4tT5yU6iI7oO8pP9aS0dF1gG2hH3jJ4kK5lL6zZ7xX8cC9vV0bB1nN2mM3qW4eR5tT6yU7iI8oO9pP0aS1dF2gG3hH4jJ5kK6lL7zZ8xX9cC0vB1nN2mQ3wE4rR5tT6yY7uU8iI9oO0pP1aS2dF3gG4hH5jJ6kK7lL8zX9cV0bN1nM2qW3eR4tT5yU6iI7oO8pP9aS0dF1gG2hH3jJ4kK5lL6zZ7xX8cC9vV0bB1nN2mM3qW4eR5tT6yU7iI8oO9pP0aS1dF2gG3hH4jJ5kK6lL7zZ8xX9cC0vB1nN2mQ3wE4rR5tT6yY7uU8iI9oO0pP1aS2dF3gG4hH5jJ6kK7l4hH5jJ6kK7lL8zX9cV0bN1nM2qW3eR4tT5yU6iI7oO8pP9aS0dF1gG2hH3jJ4kK5lL6z7nB9vR2mX8kLp4QjW3tY5zH1aG6sF9dD0fS8gA7hJ6kL5mN4bV3vC2xZ1oP9iU8uY7tT6rR5eE4wW3qQ2aZ1sX2dC3fV4gB5hN6jM7kL8pO9iU0yT1rE2wQ3aS4dF5gG6hH7jJ8kK9lL0zZ1xX2cC3vV4bB5nN6mM7qQ8wW9eE0rR1tT2yY3uU4iI5oO6pP7aA8sS9dD0fF1gG2hH3jJ4kK5lL6zZ7xX8cC9vV0bB1nN2mM3qW4eR5tT6yU7iI8oO9pP0aS1dF2gG3hH4jJ5kK6lL7zZ8xX9cC0vB1nN2mQ3wE4rR5tT6yY7uU8iI9oO0pP1aS2dF3gG4hH5jJ6kK7lL8zX9cV0bN1nM2qW3eR4tT5yU6iI7oO8pP9aS0dF1gG2hH3jJ4kK5lL6zZ7xX8cC9vV0bB1nN2mM3qW4eR5tT6yU7iI8oO9pP0aS1dF2gG3hH4jJ5kK6lL7zZ8xX9cC0vB1nN2mQ3wE4rR5tT6yY7uU8iI9oO0pP1aS2dF3gG4hH5jJ6kK7lL8zX9cV0bN1nM2qW3eR4tT5yU6iI7oO8pP9aS0dF1gG2hH3jJ4kK5lL6zZ7xX8cC9vV0bB1nN2mM3qW4eR5tT6yU7iI8oO9pP0aS1dF2gG3hH4jJ5kK6lL7zZ8xX9cC0vB1nN2mQ3wE4rR5tT6yY7uU8iI9oO0pP1aS2dF3gG4hH5jJ6kK7lL8zX9cV0bN1nM2qW3eR4tT5yU6iI7oO8pP9aS0dF1gG2hH3jJ4kK5lL6zZ7xX8cC9vV0bB1nN2mM3qW4eR5tT6yU7iI8oO9pP0aS1dF2gG3hH4jJ5kK6lL7zZ8xX9cC0vB1nN2mQ3wE4rR5tT6yY7uU8iI9oO0pP1aS2dF3gG4hH5jJ6kK7lL8zX9cV0bN1nM2qW3eR4tT5yU6iI7oO8pP9aS0dF1gG2hH3jJ4kK5lL6zZ7xX8cC9vV0bB1nN2mM3qW4eR5tT6yU7iI8oO9pP0aS1dF2gG3hH4jJ5kK6lL7zZ8xX9cC0vB1nN2mQ3wE4rR5tT6yY7uU8iI9oO0pP1aS2dF3gG4hH5jJ6kK7l4hH5jJ6kK7lL8zX9cV0bN1nM2qW3eR4tT5yU6iI7oO8pP9aS0dF1gG2hH3jJ4kK5lL6zZ7xX8cC9vV0bB1nN2mM3qW4eR5tT6yU7iI8oO9pP0aS1dF2gG3hH4jJ5kK6lL7zZ8xX9cC0vB1nN2mQ3wE4rR5tT6yY7uU8iI9oO0pP1aS2dF3gG4hH5jJ6kK7lL8zX9cV0bN1nM2qW3eR4tT5yU6iI7oO8pP9aS0dF1gG2hH3jJ4kK5lL6zZ7xX8cC9vV0bB1nN2mM3qW4eR5tT6yU7iI8oO9pP0aS1dF2gG3hH4jJ5kK6lL7zZ8xX9cC0vB1nN2mQ3wE4rR5tT6yY7uU8iI9oO0pP1aS2dF3gG4hH5jJ6kK7l4hH5jJ6kK7lL8zX9cV0bN1nM2qW3eR4tT5yU6iI7oO8pP9aS0dF1gG2hH3jJ4kK5lL6zZ7xX8cC9vV0bB1nN2mM3qW4eR5tT6yU7iI8oO9pP0aS1dF2gG3hH4jJ5kK6lL7zZ8xX9cC0vB1nN2mQ3wE4rR5tT6yY7uU8iI9oO0pP1aS2dF3gG4hH5jJ6kK7lL8zX9cV0bN1nM2qW3eR4tT5yU6iI7oO8pP9aS0dF1gG2hH3jJ4kK5lL6zZ7xX8cC9vV0bB1nN2mM3qW4eR5tT6yU7iI8oO9pP0aS1dF2gG3hH4jJ5kK6lL7zZ8xX9cC0vB1nN2mQ3wE4rR5tT6yY7uU8iI9oO0pP1aS2dF3gG4hH5jJ6kK7l4hH5jJ6kK7lL8zX9cV0bN1nM2qW3eR4tT5yU6iI7oO8pP9aS0dF1gG2hH3jJ4kK5lL6zZ7xX8cC9vV0bB1nN2mM3qW4eR5tT6yU7iI8oO9pP0aS1dF2gG3hH4jJ5kK6lL7zZ8xX9cC0vB1nN2mQ3wE4rR5tT6yY7uU8iI9oO0pP1aS2dF3gG4hH5jJ6kK7lL8zX9cV0bN1nM2qW3eR4tT5yU6iI7oO8pP9aS0dF1gG2hH3jJ4kK5lL6zZ7xX8cC9vV0bB1nN2mM3qW4eR5tT6yU7iI8oO9pP0aS1dF2gG3hH4jJ5kK6lL7zZ8xX9cC0vB1nN2mQ3wE4rR5tT6yY7uU8iI9oO0pP1aS2dF3gG4hH5jJ6kK7l4hH5jJ6kK7lL8zX9cV0bN1nM2qW3eR4tT5yU6iI7oO8pP9aS0dF1gG2hH3jJ4kK5lL6zZ7xX8cC9vV0bB1nN2mM3qW4eR5tT6yU7iI8oO9pP0aS1dF2gG3hH4jJ5kK6lL7zZ8xX9cC0vB1nN2mQ3wE4rR5tT6yY7uU8iI9oO0pP1aS2dF3gG4hH5jJ6kK7lL8zX9cV0bN1nM2qW3eR4tT5yU6iI7oO8pP9aS0dF1gG2hH3jJ4kK5lL6zZ7xX8cC9vV0bB1nN2mM3qW4eR5tT6yU7iI8oO9pP0aS1dF2gG3hH4jJ5kK6lL7zZ8xX9cC0vB1nN2mQ3wE4rR5tT6yY7uU8iI9oO0pP1aS2dF3gG4hH5jJ6kK7l4hH5jJ6kK7lL8zX9cV0bN1nM2qW3eR4tT5yU6iI7oO8pP9aS0dF1gG2hH3jJ4kK5lL6zZ7xX8cC9vV0bB1nN2mM3qW4eR5tT6yU7iI8oO9pP0aS1dF2gG3hH4jJ5kK6lL7zZ8xX9cC0vB1nN2mQ3wE4rR5tT6yY7uU8iI9oO0pP1aS2dF3gG4hH5jJ6kK7lL8zX9cV0bN1nM2qW3eR4tT5yU6iI7oO8pP9aS0dF1gG2hH3jJ4kK5lL6zZ7xX8cC9vV0bB1nN2mM3qW4eR5tT6yU7iI8oO9pP0aS1dF2gG3hH4jJ5kK6lL7zZ8xX9cC0vB1nN2mQ3wE4rR5tT6yY7uU8iI9oO0pP1aS2dF3gG4hH5jJ6kK7l4hH5jJ6kK7lL8zX9cV0bN1nM2qW3eR4tT5yU6iI7oO8pP9aS0dF1gG2hH3jJ4kK5lL6zZ7xX8cC9vV0bB1nN2mM3qW4eR5tT6yU7iI8oO9pP0aS1dF2gG3hH4jJ5kK6lL7zZ8xX9cC0vB1nN2mQ3wE4rR5tT6yY7uU8iI9oO0pP1aS2dF3gG4hH5jJ6kK7lL8zX9cV0bN1nM2qW3eR4tT5yU6iI7oO8pP9aS0dF1gG2hH3jJ4kK5lL6zZ7xX8cC9vV0bB1nN2mM3qW4eR5tT6yU7iI8oO9pP0aS1dF2gG3hH4jJ5kK6lL7zZ8xX9cC0vB1nN2mQ3wE4rR5tT6yY7uU8iI9oO0pP1aS2dF3gG4hH5jJ6kK7l4hH5jJ6kK7lL8zX9cV0bN1nM2qW3eR4tT5yU6iI7oO8pP9aS0dF1gG2hH3jJ4kK5lL6zZ7xX8cC9vV0bB1nN2mM3qW4eR5tT6yU7iI8oO9pP0aS1dF2gG3hH4jJ5kK6lL7zZ8xX9cC0vB1nN2mQ3wE4rR5tT6yY7uU8iI9oO0pP1aS2dF3gG4hH5jJ6kK7lL8zX9cV0bN1nM2qW3eR4tT5yU6iI7oO8pP9aS0dF1gG2hH3jJ4kK5lL6zZ7xX8cC9vV0bB1nN2mM3qW4eR5tT6yU7iI8oO9pP0aS1dF2gG3hH4jJ5kK6lL7zZ8xX9cC0vB1nN2mQ3wE4rR5tT6yY7uU8iI9oO0pP1aS2dF3gG4hH5jJ6kK7l4hH5jJ6kK7lL8zX9cV0bN1nM2qW3eR4tT5yU6iI7oO8pP9aS0dF1gG2hH3jJ4kK5lL6z7nB9vR2mX8kLp4QjW3tY5zH1aG6sF9dD0fS8gA7hJ6kL5mN4bV3vC2xZ1oP9iU8uY7tT6rR5eE4wW3qQ2aZ1sX2dC3fV4gB5hN6jM7kL8pO9iU0yT1rE2wQ3aS4dF5gG6hH7jJ8kK9lL0zZ1xX2cC3vV4bB5nN6mM7qQ8wW9eE0rR1tT2yY3uU4iI5oO6pP7aA8sS9dD0fF1gG2hH3jJ4kK5lL6zZ7xX8cC9vV0bB1nN2mM3qW4eR5tT6yU7iI8oO9pP0aS1dF2gG3hH4jJ5kK6lL7zZ8xX9cC0vB1nN2mQ3wE4rR5tT6yY7uU8iI9oO0pP1aS2dF3gG4hH5jJ6kK7lL8zX9cV0bN1nM2qW3eR4tT5yU6iI7oO8pP9aS0dF1gG2hH3jJ4kK5lL6zZ7xX8cC9vV0bB1nN2mM3qW4eR5tT6yU7iI8oO9pP0aS1dF2gG3hH4jJ5kK6lL7zZ8xX9cC0vB1nN2mQ3wE4rR5tT6yY7uU8iI9oO0pP1aS2dF3gG4hH5jJ6kK7lL8zX9cV0bN1nM2qW3eR4tT5yU6iI7oO8pP9aS0dF1gG2hH3jJ4kK5lL6zZ7xX8cC9vV0bB1nN2mM3qW4eR5tT6yU7iI8oO9pP0aS1dF2gG3hH4jJ5kK6lL7zZ8xX9cC0vB1nN2mQ3wE4rR5tT6yY7uU8iI9oO0pP1aS2dF3gG4hH5jJ6kK7lL8zX9cV0bN1nM2qW3eR4tT5yU6iI7oO8pP9aS0dF1gG2hH3jJ4kK5lL6zZ7xX8cC9vV0bB1nN2mM3qW4eR5tT6yU7iI8oO9pP0aS1dF2gG3hH4jJ5kK6lL7zZ8xX9cC0vB1nN2mQ3wE4rR5tT6yY7uU8iI9oO0pP1aS2dF3gG4hH5jJ6kK7lL8zX9cV0bN1nM2qW3eR4tT5yU6iI7oO8pP9aS0dF1gG2hH3jJ4kK5lL6zZ7xX8cC9vV0bB1nN2mM3qW4eR5tT6yU7iI8oO9pP0aS1dF2gG3hH4jJ5kK6lL7zZ8xX9cC0vB1nN2mQ3wE4rR5tT6yY7uU8iI9oO0pP1aS2dF3gG4hH5jJ6kK7l4hH5jJ6kK7lL8zX9cV0bN1nM2qW3eR4tT5yU6iI7oO8pP9aS0dF1gG2hH3jJ4kK5lL6zZ7xX8cC9vV0bB1nN2mM3qW4eR5tT6yU7iI8oO9pP0aS1dF2gG3hH4jJ5kK6lL7zZ8xX9cC0vB1nN2mQ3wE4rR5tT6yY7uU8iI9oO0pP1aS2dF3gG4hH5jJ6kK7lL8zX9cV0bN1nM2qW3eR4tT5yU6iI7oO8pP9aS0dF1gG2hH3jJ4kK5lL6zZ7xX8cC9vV0bB1nN2mM3qW4eR5tT6yU7iI8oO9pP0aS1dF2gG3hH4jJ5kK6lL7zZ8xX9cC0vB1nN2mQ3wE4rR5tT6yY7uU8iI9oO0pP1aS2dF3gG4hH5jJ6kK7l4hH5jJ6kK7lL8zX9cV0bN1nM2qW3eR4tT5yU6iI7oO8pP9aS0dF1gG2hH3jJ4kK5lL6zZ7xX8cC9vV0bB1nN2mM3qW4eR5tT6yU7iI8oO9pP0aS1dF2gG3hH4jJ5kK6lL7zZ8xX9cC0vB1nN2mQ3wE4rR5tT6yY7uU8iI9oO0pP1aS2dF3gG4hH5jJ6kK7lL8zX9cV0bN1nM2qW3eR4tT5yU6iI7oO8pP9aS0dF1gG2hH3jJ4kK5lL6zZ7xX8cC9vV0bB1nN2mM3qW4eR5tT6yU7iI8oO9pP0aS1dF2gG3hH4jJ5kK6lL7zZ8xX9cC0vB1nN2mQ3wE4rR5tT6yY7uU8iI9oO0pP1aS2dF3gG4hH5jJ6kK7l4hH5jJ6kK7lL8zX9cV0bN1nM2qW3eR4tT5yU6iI7oO8pP9aS0dF1gG2hH3jJ4kK5lL6zZ7xX8cC9vV0bB1nN2mM3qW4eR5tT6yU7iI8oO9pP0aS1dF2gG3hH4jJ5kK6lL7zZ8xX9cC0vB1nN2mQ3wE4rR5tT6yY7uU8iI9oO0pP1aS2dF3gG4hH5jJ6kK7lL8zX9cV0bN1nM2qW3eR4tT5yU6iI7oO8pP9aS0dF1gG2hH3jJ4kK5lL6zZ7xX8cC9vV0bB1nN2mM3qW4eR5tT6yU7iI8oO9pP0aS1dF2gG3hH4jJ5kK6lL7zZ8xX9cC0vB1nN2mQ3wE4rR5tT6yY7uU8iI9oO0pP1aS2dF3gG4hH5jJ6kK7l4hH5jJ6kK7lL8zX9cV0bN1nM2qW3eR4tT5yU6iI7oO8pP9aS0dF1gG2hH3jJ4kK5lL6zZ7xX8cC9vV0bB1nN2mM3qW4eR5tT6yU7iI8oO9pP0aS1dF2gG3hH4jJ5kK6lL7zZ8xX9cC0vB1nN2mQ3wE4rR5tT6yY7uU8iI9oO0pP1aS2dF3gG4hH5jJ6kK7lL8zX9cV0bN1nM2qW3eR4tT5yU6iI7oO8pP9aS0dF1gG2hH3jJ4kK5lL6zZ7xX8cC9vV0bB1nN2mM3qW4eR5tT6yU7iI8oO9pP0aS1dF2gG3hH4jJ5kK6lL7zZ8xX9cC0vB1nN2mQ3wE4rR5tT6yY7uU8iI9oO0pP1aS2dF3gG4hH5jJ6kK7l4hH5jJ6kK7lL8zX9cV0bN1nM2qW3eR4tT5yU6iI7oO8pP9aS0dF1gG2hH3jJ4kK5lL6zZ7xX8cC9vV0bB1nN2mM3qW4eR5tT6yU7iI8oO9pP0aS1dF2gG3hH4jJ5kK6lL7zZ8xX9cC0vB1nN2mQ3wE4rR5tT6yY7uU8iI9oO0pP1aS2dF3gG4hH5jJ6kK7lL8zX9cV0bN1nM2qW3eR4tT5yU6iI7oO8pP9aS0dF1gG2hH3jJ4kK5lL6zZ7xX8cC9vV0bB1nN2mM3qW4eR5tT6yU7iI8oO9pP0aS1dF2gG3hH4jJ5kK6lL7zZ8xX9cC0vB1nN2mQ3wE4rR5tT6yY7uU8iI9oO0pP1aS2dF3gG4hH5jJ6kK7l4hH5jJ6kK7lL8zX9cV0bN1nM2qW3eR4tT5yU6iI7oO8pP9aS0dF1gG2hH3jJ4kK5lL6zZ7xX8cC9vV0bB1nN2mM3qW4eR5tT6yU7iI8oO9pP0aS1dF2gG3hH4jJ5kK6lL7zZ8xX9cC0vB1nN2mQ3wE4rR5tT6yY7uU8iI9oO0pP1aS2dF3gG4hH5jJ6kK7lL8zX9cV0bN1nM2qW3eR4tT5yU6iI7oO8pP9aS0dF1gG2hH3jJ4kK5lL6zZ7xX8cC9vV0bB1nN2mM3qW4eR5tT6yU7iI8oO9pP0aS1dF2gG3hH4jJ5kK6lL7zZ8xX9cC0vB1nN2mQ3wE4rR5tT6yY7uU8iI9oO0pP1aS2dF3gG4hH5jJ6kK7l4hH5jJ6kK7lL8zX9cV0bN1nM2qW3eR4tT5yU6iI7oO8pP9aS0dF1gG2hH3jJ4kK5lL6zZ7xX8cC9vV0bB1nN2mM3qW4eR5tT6yU7iI8oO9pP0aS1dF2gG3hH4jJ5kK6lL7zZ8xX9cC0vB1nN2mQ3wE4rR5tT6yY7uU8iI9oO0pP1aS2dF3gG4hH5jJ6kK7lL8zX9cV0bN1nM2qW3eR4tT5yU6iI7oO8pP9aS0dF1gG2hH3jJ4kK5lL6zZ7xX8cC9vV0bB1nN2mM3qW4eR5tT6yU7iI8oO9pP0aS1dF2gG3hH4jJ5kK6lL7zZ8xX9cC0vB1nN2mQ3wE4rR5tT6yY7uU8iI9oO0pP1aS2dF3gG4hH5jJ6kK7l4hH5jJ6kK7lL8zX9cV0bN1nM2qW3eR4tT5yU6iI7oO8pP9aS0dF1gG2hH3jJ4kK5lL6z7nB9vR2mX8kLp4QjW3tY5zH1aG6sF9dD0fS8gA7hJ6kL5mN4bV3vC2xZ1oP9iU8uY7tT6rR5eE4wW3qQ2aZ1sX2dC3fV4gB5hN6jM7kL8pO9iU0yT1rE2wQ3aS4dF5gG6hH7jJ8kK9lL0zZ1xX2cC3vV4bB5nN6mM7qQ8wW9eE0rR1tT2yY3uU4iI5oO6pP7aA8sS9dD0fF1gG2hH3jJ4kK5lL6zZ7xX8cC9vV0bB1nN2mM3qW4eR5tT6yU7iI8oO9pP0aS1dF2gG3hH4jJ5kK6lL7zZ8xX9cC0vB1nN2mQ3wE4rR5tT6yY7uU8iI9oO0pP1aS2dF3gG4hH5jJ6kK7lL8zX9cV0bN1nM2qW3eR4tT5yU6iI7oO8pP9aS0dF1gG2hH3jJ4kK5lL6zZ7xX8cC9vV0bB1nN2mM3qW4eR5tT6yU7iI8oO9pP0aS1dF2gG3hH4jJ5kK6lL7zZ8xX9cC0vB1nN2mQ3wE4rR5tT6yY7uU8iI9oO0pP1aS2dF3gG4hH5jJ6kK7lL8zX9cV0bN1nM2qW3eR4tT5yU6iI7oO8pP9aS0dF1gG2hH3jJ4kK5lL6zZ7xX8cC9vV0bB1nN2mM3qW4eR5tT6yU7iI8oO9pP0aS1dF2gG3hH4jJ5kK6lL7zZ8xX9cC0vB1nN2mQ3wE4rR5tT6yY7uU8iI9oO0pP1aS2dF3gG4hH5jJ6kK7lL8zX9cV0bN1nM2qW3eR4tT5yU6iI7oO8pP9aS0dF1gG2hH3jJ4kK5lL6zZ7xX8cC9vV0bB1nN2mM3qW4eR5tT6yU7iI8oO9pP0aS1dF2gG3hH4jJ5kK6lL7zZ8xX9cC0vB1nN2mQ3wE4rR5tT6yY7uU8iI9oO0pP1aS2dF3gG4hH5jJ6kK7lL8zX9cV0bN1nM2qW3eR4tT5yU6iI7oO8pP9aS0dF1gG2hH3jJ4kK5lL6zZ7xX8cC9vV0bB1nN2mM3qW4eR5tT6yU7iI8oO9pP0aS1dF2gG3hH4jJ5kK6lL7zZ8xX9cC0vB1nN2mQ3wE4rR5tT6yY7uU8iI9oO0pP1aS2dF3gG4hH5jJ6kK7l4hH5jJ6kK7lL8zX9cV0bN1nM2qW3eR4tT5yU6iI7oO8pP9aS0dF1gG2hH3jJ4kK5lL6zZ7xX8cC9vV0bB1nN2mM3qW4eR5tT6yU7iI8oO9pP0aS1dF2gG3hH4jJ5kK6lL7zZ8xX9cC0vB1nN2mQ3wE4rR5tT6yY7uU8iI9oO0pP1aS2dF3gG4hH5jJ6kK7lL8zX9cV0bN1nM2qW3eR4tT5yU6iI7oO8pP9aS0dF1gG2hH3jJ4kK5lL6zZ7xX8cC9vV0bB1nN2mM3qW4eR5tT6yU7iI8oO9pP0aS1dF2gG3hH4jJ5kK6lL7zZ8xX9cC0vB1nN2mQ3wE4rR5tT6yY7uU8iI9oO0pP1aS2dF3gG4hH5jJ6kK7l4hH5jJ6kK7lL8zX9cV0bN1nM2qW3eR4tT5yU6iI7oO8pP9aS0dF1gG2hH3jJ4kK5lL6zZ7xX8cC9vV0bB1nN2mM3qW4eR5tT6yU7iI8oO9pP0aS1dF2gG3hH4jJ5kK6lL7zZ8xX9cC0vB1nN2mQ3wE4rR5tT6yY7uU8iI9oO0pP1aS2dF3gG4hH5jJ6kK7lL8zX9cV0bN1nM2qW3eR4tT5yU6iI7oO8pP9aS0dF1gG2hH3jJ4kK5lL6zZ7xX8cC9vV0bB1nN2mM3qW4eR5tT6yU7iI8oO9pP0aS1dF2gG3hH4jJ5kK6lL7zZ8xX9cC0vB1nN2mQ3wE4rR5tT6yY7uU8iI9oO0pP1aS2dF3gG4hH5jJ6kK7l4hH5jJ6kK7lL8zX9cV0bN1nM2qW3eR4tT5yU6iI7oO8pP9aS0dF1gG2hH3jJ4kK5lL6zZ7xX8cC9vV0bB1nN2mM3qW4eR5tT6yU7iI8oO9pP0aS1dF2gG3hH4jJ5kK6lL7zZ8xX9cC0vB1nN2mQ3wE4rR5tT6yY7uU8iI9oO0pP1aS2dF3gG4hH5jJ6kK7lL8zX9cV0bN1nM2qW3eR4tT5yU6iI7oO8pP9aS0dF1gG2hH3jJ4kK5lL6zZ7xX8cC9vV0bB1nN2mM3qW4eR5tT6yU7iI8oO9pP0aS1dF2gG3hH4jJ5kK6lL7zZ8xX9cC0vB1nN2mQ3wE4rR5tT6yY7uU8iI9oO0pP1aS2dF3gG4hH5jJ6kK7l4hH5jJ6kK7lL8zX9cV0bN1nM2qW3eR4tT5yU6iI7oO8pP9aS0dF1gG2hH3jJ4kK5lL6zZ7xX8cC9vV0bB1nN2mM3qW4eR5tT6yU7iI8oO9pP0aS1dF2gG3hH4jJ5kK6lL7zZ8xX9cC0vB1nN2mQ3wE4rR5tT6yY7uU8iI9oO0pP1aS2dF3gG4hH5jJ6kK7lL8zX9cV0bN1nM2qW3eR4tT5yU6iI7oO8pP9aS0dF1gG2hH3jJ4kK5lL6zZ7xX8cC9vV0bB1nN2mM3qW4eR5tT6yU7iI8oO9pP0aS1dF2gG3hH4jJ5kK6lL7zZ8xX9cC0vB1nN2mQ3wE4rR5tT6yY7uU8iI9oO0pP1aS2dF3gG4hH5jJ6kK7l4hH5jJ6kK7lL8zX9cV0bN1nM2qW3eR4tT5yU6iI7oO8pP9aS0dF1gG2hH3jJ4kK5lL6zZ7xX8cC9vV0bB1nN2mM3qW4eR5tT6yU7iI8oO9pP0aS1dF2gG3hH4jJ5kK6lL7zZ8xX9cC0vB1nN2mQ3wE4rR5tT6yY7uU8iI9oO0pP1aS2dF3gG4hH5jJ6kK7lL8zX9cV0bN1nM2qW3eR4tT5yU6iI7oO8pP9aS0dF1gG2hH3jJ4kK5lL6zZ7xX8cC9vV0bB1nN2mM3qW4eR5tT6yU7iI8oO9pP0aS1dF2gG3hH4jJ5kK6lL7zZ8xX9cC0vB1nN2mQ3wE4rR5tT6yY7uU8iI9oO0pP1aS2dF3gG4hH5jJ6kK7l4hH5jJ6kK7lL8zX9cV0bN1nM2qW3eR4tT5yU6iI7oO8pP9aS0dF1gG2hH3jJ4kK5lL6zZ7xX8cC9vV0bB1nN2mM3qW4eR5tT6yU7iI8oO9pP0aS1dF2gG3hH4jJ5kK6lL7zZ8xX9cC0vB1nN2mQ3wE4rR5tT6yY7uU8iI9oO0pP1aS2dF3gG4hH5jJ6kK7lL8zX9cV0bN1nM2qW3eR4tT5yU6iI7oO8pP9aS0dF1gG2hH3jJ4kK5lL6zZ7xX8cC9vV0bB1nN2mM3qW4eR5tT6yU7iI8oO9pP0aS1dF2gG3hH4jJ5kK6lL7zZ8xX9cC0vB1nN2mQ3wE4rR5tT6yY7uU8iI9oO0pP1aS2dF3gG4hH5jJ6kK7l4hH5jJ6kK7lL8zX9cV0bN1nM2qW3eR4tT5yU6iI7oO8pP9aS0dF1gG2hH3jJ4kK5lL6zZ7xX8cC9vV0bB1nN2mM3qW4eR5tT6yU7iI8oO9pP0aS1dF2gG3hH4jJ5kK6lL7zZ8xX9cC0vB1nN2mQ3wE4rR5tT6yY7uU8iI9oO0pP1aS2dF3gG4hH5jJ6kK7lL8zX9cV0bN1nM2qW3eR4tT5yU6iI7oO8pP9aS0dF1gG2hH3jJ4kK5lL6zZ7xX8cC9vV0bB1nN2mM3qW4eR5tT6yU7iI8oO9pP0aS1dF2gG3hH4jJ5kK6lL7zZ8xX9cC0vB1nN2mQ3wE4rR5tT6yY7uU8iI9oO0pP1aS2dF3gG4hH5jJ6kK7l4hH5jJ6kK7lL8zX9cV0bN1nM2qW3eR4tT5yU6iI7oO8pP9aS0dF1gG2hH3jJ4kK5lL6z7nB9vR2mX8kLp4QjW3tY5zH1aG6sF9dD0fS8gA7hJ6kL5mN4bV3vC2xZ1oP9iU8uY7tT6rR5eE4wW3qQ2aZ1sX2dC3fV4gB5hN6jM7kL8pO9iU0yT1rE2wQ3aS4dF5gG6hH7jJ8kK9lL0zZ1xX2cC3vV4bB5nN6mM7qQ8wW9eE0rR1tT2yY3uU4iI5oO6pP7aA8sS9dD0fF1gG2hH3jJ4kK5lL6zZ7xX8cC9vV0bB1nN2mM3qW4eR5tT6yU7iI8oO9pP0aS1dF2gG3hH4jJ5kK6lL7zZ8xX9cC0vB1nN2mQ3wE4rR5tT6yY7uU8iI9oO0pP1aS2dF3gG4hH5jJ6kK7lL8zX9cV0bN1nM2qW3eR4tT5yU6iI7oO8pP9aS0dF1gG2hH3jJ4kK5lL6zZ7xX8cC9vV0bB1nN2mM3qW4eR5tT6yU7iI8oO9pP0aS1dF2gG3hH4jJ5kK6lL7zZ8xX9cC0vB1nN2mQ3wE4rR5tT6yY7uU8iI9oO0pP1aS2dF3gG4hH5jJ6kK7lL8zX9cV0bN1nM2qW3eR4tT5yU6iI7oO8pP9aS0dF1gG2hH3jJ4kK5lL6zZ7xX8cC9vV0bB1nN2mM3qW4eR5tT6yU7iI8oO9pP0aS1dF2gG3hH4jJ5kK6lL7zZ8xX9cC0vB1nN2mQ3wE4rR5tT6yY7uU8iI9oO0pP1aS2dF3gG4hH5jJ6kK7lL8zX9cV0bN1nM2qW3eR4tT5yU6iI7oO8pP9aS0dF1gG2hH3jJ4kK5lL6zZ7xX8cC9vV0bB1nN2mM3qW4eR5tT6yU7iI8oO9pP0aS1dF2gG3hH4jJ5kK6lL7zZ8xX9cC0vB1nN2mQ3wE4rR5tT6yY7uU8iI9oO0pP1aS2dF3gG4hH5jJ6kK7lL8zX9cV0bN1nM2qW3eR4tT5yU6iI7oO8pP9aS0dF1gG2hH3jJ4kK5lL6zZ7xX8cC9vV0bB1nN2mM3qW4eR5tT6yU7iI8oO9pP0aS1dF2gG3hH4jJ5kK6lL7zZ8xX9cC0vB1nN2mQ3wE4rR5tT6yY7uU8iI9oO0pP1aS2dF3gG4hH5jJ6kK7l4hH5jJ6kK7lL8zX9cV0bN1nM2qW3eR4tT5yU6iI7oO8pP9aS0dF1gG2hH3jJ4kK5lL6zZ7xX8cC9vV0bB1nN2mM3qW4eR5tT6yU7iI8oO9pP0aS1dF2gG3hH4jJ5kK6lL7zZ8xX9cC0vB1nN2mQ3wE4rR5tT6yY7uU8iI9oO0pP1aS2dF3gG4hH5jJ6kK7lL8zX9cV0bN1nM2qW3eR4tT5yU6iI7oO8pP9aS0dF1gG2hH3jJ4kK5lL6zZ7xX8cC9vV0bB1nN2mM3qW4eR5tT6yU7iI8oO9pP0aS1dF2gG3hH4jJ5kK6lL7zZ8xX9cC0vB1nN2mQ3wE4rR5tT6yY7uU8iI9oO0pP1aS2dF3gG4hH5jJ6kK7l4hH5jJ6kK7lL8zX9cV0bN1nM2qW3eR4tT5yU6iI7oO8pP9aS0dF1gG2hH3jJ4kK5lL6zZ7xX8cC9vV0bB1nN2mM3qW4eR5tT6yU7iI8oO9pP0aS1dF2gG3hH4jJ5kK6lL7zZ8xX9cC0vB1nN2mQ3wE4rR5tT6yY7uU8iI9oO0pP1aS2dF3gG4hH5jJ6kK7lL8zX9cV0bN1nM2qW3eR4tT5yU6iI7oO8pP9aS0dF1gG2hH3jJ4kK5lL6zZ7xX8cC9vV0bB1nN2mM3qW4eR5tT6yU7iI8oO9pP0aS1dF2gG3hH4jJ5kK6lL7zZ8xX9cC0vB1nN2mQ3wE4rR5tT6yY7uU8iI9oO0pP1aS2dF3gG4hH5jJ6kK7l4hH5jJ6kK7lL8zX9cV0bN1nM2qW3eR4tT5yU6iI7oO8pP9aS0dF1gG2hH3jJ4kK5lL6zZ7xX8cC9vV0bB1nN2mM3qW4eR5tT6yU7iI8oO9pP0aS1dF2gG3hH4jJ5kK6lL7zZ8xX9cC0vB1nN2mQ3wE4rR5tT6yY7uU8iI9oO0pP1aS2dF3gG4hH5jJ6kK7lL8zX9cV0bN1nM2qW3eR4tT5yU6iI7oO8pP9aS0dF1gG2hH3jJ4kK5lL6zZ7xX8cC9vV0bB1nN2mM3qW4eR5tT6yU7iI8oO9pP0aS1dF2gG3hH4jJ5kK6lL7zZ8xX9cC0vB1nN2mQ3wE4rR5tT6yY7uU8iI9oO0pP1aS2dF3gG4hH5jJ6kK7l4hH5jJ6kK7lL8zX9cV0bN1nM2qW3eR4tT5yU6iI7oO8pP9aS0dF1gG2hH3jJ4kK5lL6zZ7xX8cC9vV0bB1nN2mM3qW4eR5tT6yU7iI8oO9pP0aS1dF2gG3hH4jJ5kK6lL7zZ8xX9cC0vB1nN2mQ3wE4rR5tT6yY7uU8iI9oO0pP1aS2dF3gG4hH5jJ6kK7lL8zX9cV0bN1nM2qW3eR4tT5yU6iI7oO8pP9aS0dF1gG2hH3jJ4kK5lL6zZ7xX8cC9vV0bB1nN2mM3qW4eR5tT6yU7iI8oO9pP0aS1dF2gG3hH4jJ5kK6lL7zZ8xX9cC0vB1nN2mQ3wE4rR5tT6yY7uU8iI9oO0pP1aS2dF3gG4hH5jJ6kK7l4hH5jJ6kK7lL8zX9cV0bN1nM2qW3eR4tT5yU6iI7oO8pP9aS0dF1gG2hH3jJ4kK5lL6zZ7xX8cC9vV0bB1nN2mM3qW4eR5tT6yU7iI8oO9pP0aS1dF2gG3hH4jJ5kK6lL7zZ8xX9cC0vB1nN2mQ3wE4rR5tT6yY7uU8iI9oO0pP1aS2dF3gG4hH5jJ6kK7lL8zX9cV0bN1nM2qW3eR4tT5yU6iI7oO8pP9aS0dF1gG2hH3jJ4kK5lL6zZ7xX8cC9vV0bB1nN2mM3qW4eR5tT6yU7iI8oO9pP0aS1dF2gG3hH4jJ5kK6lL7zZ8xX9cC0vB1nN2mQ3wE4rR5tT6yY7uU8iI9oO0pP1aS2dF3gG4hH5jJ6kK7l4hH5jJ6kK7lL8zX9cV0bN1nM2qW3eR4tT5yU6iI7oO8pP9aS0dF1gG2hH3jJ4kK5lL6zZ7xX8cC9vV0bB1nN2mM3qW4eR5tT6yU7iI8oO9pP0aS1dF2gG3hH4jJ5kK6lL7zZ8xX9cC0vB1nN2mQ3wE4rR5tT6yY7uU8iI9oO0pP1aS2dF3gG4hH5jJ6kK7lL8zX9cV0bN1nM2qW3eR4tT5yU6iI7oO8pP9aS0dF1gG2hH3jJ4kK5lL6zZ7xX8cC9vV0bB1nN2mM3qW4eR5tT6yU7iI8oO9pP0aS1dF2gG3hH4jJ5kK6lL7zZ8xX9cC0vB1nN2mQ3wE4rR5tT6yY7uU8iI9oO0pP1aS2dF3gG4hH5jJ6kK7l4hH5jJ6kK7lL8zX9cV0bN1nM2qW3eR4tT5yU6iI7oO8pP9aS0dF1gG2hH3jJ4kK5lL6zZ7xX8cC9vV0bB1nN2mM3qW4eR5tT6yU7iI8oO9pP0aS1dF2gG3hH4jJ5kK6lL7zZ8xX9cC0vB1nN2mQ3wE4rR5tT6yY7uU8iI9oO0pP1aS2dF3gG4hH5jJ6kK7lL8zX9cV0bN1nM2qW3eR4tT5yU6iI7oO8pP9aS0dF1gG2hH3jJ4kK5lL6zZ7xX8cC9vV0bB1nN2mM3qW4eR5tT6yU7iI8oO9pP0aS1dF2gG3hH4jJ5kK6lL7zZ8xX9cC0vB1nN2mQ3wE4rR5tT6yY7uU8iI9oO0pP1aS2dF3gG4hH5jJ6kK7l4hH5jJ6kK7lL8zX9cV0bN1nM2qW3eR4tT5yU6iI7oO8pP9aS0dF1gG2hH3jJ4kK5lL6z7nB9vR2mX8kLp4QjW3tY5zH1aG6sF9dD0fS8gA7hJ6kL5mN4bV3vC2xZ1oP9iU8uY7tT6rR5eE4wW3qQ2aZ1sX2dC3fV4gB5hN6jM7kL8pO9iU0yT1rE2wQ3aS4dF5gG6hH7jJ8kK9lL0zZ1xX2cC3vV4bB5nN6mM7qQ8wW9eE0rR1tT2yY3uU4iI5oO6pP7aA8sS9dD0fF1gG2hH3jJ4kK5lL6zZ7xX8cC9vV0bB1nN2mM3qW4eR5tT6yU7iI8oO9pP0aS1dF2gG3hH4jJ5kK6lL7zZ8xX9cC0vB1nN2mQ3wE4rR5tT6yY7uU8iI9oO0pP1aS2dF3gG4hH5jJ6kK7lL8zX9cV0bN1nM2qW3eR4tT5yU6iI7oO8pP9aS0dF1gG2hH3jJ4kK5lL6zZ7xX8cC9vV0bB1nN2mM3qW4eR5tT6yU7iI8oO9pP0aS1dF2gG3hH4jJ5kK6lL7zZ8xX9cC0vB1nN2mQ3wE4rR5tT6yY7uU8iI9oO0pP1aS2dF3gG4hH5jJ6kK7lL8zX9cV0bN1nM2qW3eR4tT5yU6iI7oO8pP9aS0dF1gG2hH3jJ4kK5lL6zZ7xX8cC9vV0bB1nN2mM3qW4eR5tT6yU7iI8oO9pP0aS1dF2gG3hH4jJ5kK6lL7zZ8xX9cC0vB1nN2mQ3wE4rR5tT6yY7uU8iI9oO0pP1aS2dF3gG4hH5jJ6kK7lL8zX9cV0bN1nM2qW3eR4tT5yU6iI7oO8pP9aS0dF1gG2hH3jJ4kK5lL6zZ7xX8cC9vV0bB1nN2mM3qW4eR5tT6yU7iI8oO9pP0aS1dF2gG3hH4jJ5kK6lL7zZ8xX9cC0vB1nN2mQ3wE4rR5tT6yY7uU8iI9oO0pP1aS2dF3gG4hH5jJ6kK7lL8zX9cV0bN1nM2qW3eR4tT5yU6iI7oO8pP9aS0dF1gG2hH3jJ4kK5lL6zZ7xX8cC9vV0bB1nN2mM3qW4eR5tT6yU7iI8oO9pP0aS1dF2gG3hH4jJ5kK6lL7zZ8xX9cC0vB1nN2mQ3wE4rR5tT6yY7uU8iI9oO0pP1aS2dF3gG4hH5jJ6kK7l4hH5jJ6kK7lL8zX9cV0bN1nM2qW3eR4tT5yU6iI7oO8pP9aS0dF1gG2hH3jJ4kK5lL6zZ7xX8cC9vV0bB1nN2mM3qW4eR5tT6yU7iI8oO9pP0aS1dF2gG3hH4jJ5kK6lL7zZ8xX9cC0vB1nN2mQ3wE4rR5tT6yY7uU8iI9oO0pP1aS2dF3gG4hH5jJ6kK7lL8zX9cV0bN1nM2qW3eR4tT5yU6iI7oO8pP9aS0dF1gG2hH3jJ4kK5lL6zZ7xX8cC9vV0bB1nN2mM3qW4eR5tT6yU7iI8oO9pP0aS1dF2gG3hH4jJ5kK6lL7zZ8xX9cC0vB1nN2mQ3wE4rR5tT6yY7uU8iI9oO0pP1aS2dF3gG4hH5jJ6kK7l4hH5jJ6kK7lL8zX9cV0bN1nM2qW3eR4tT5yU6iI7oO8pP9aS0dF1gG2hH3jJ4kK5lL6zZ7xX8cC9vV0bB1nN2mM3qW4eR5tT6yU7iI8oO9pP0aS1dF2gG3hH4jJ5kK6lL7zZ8xX9cC0vB1nN2mQ3wE4rR5tT6yY7uU8iI9oO0pP1aS2dF3gG4hH5jJ6kK7lL8zX9cV0bN1nM2qW3eR4tT5yU6iI7oO8pP9aS0dF1gG2hH3jJ4kK5lL6zZ7xX8cC9vV0bB1nN2mM3qW4eR5tT6yU7iI8oO9pP0aS1dF2gG3hH4jJ5kK6lL7zZ8xX9cC0vB1nN2mQ3wE4rR5tT6yY7uU8iI9oO0pP1aS2dF3gG4hH5jJ6kK7l4hH5jJ6kK7lL8zX9cV0bN1nM2qW3eR4tT5yU6iI7oO8pP9aS0dF1gG2hH3jJ4kK5lL6zZ7xX8cC9vV0bB1nN2mM3qW4eR5tT6yU7iI8oO9pP0aS1dF2gG3hH4jJ5kK6lL7zZ8xX9cC0vB1nN2mQ3wE4rR5tT6yY7uU8iI9oO0pP1aS2dF3gG4hH5jJ6kK7lL8zX9cV0bN1nM2qW3eR4tT5yU6iI7oO8pP9aS0dF1gG2hH3jJ4kK5lL6zZ7xX8cC9vV0bB1nN2mM3qW4eR5tT6yU7iI8oO9pP0aS1dF2gG3hH4jJ5kK6lL7zZ8xX9cC0vB1nN2mQ3wE4rR5tT6yY7uU8iI9oO0pP1aS2dF3gG4hH5jJ6kK7l4hH5jJ6kK7lL8zX9cV0bN1nM2qW3eR4tT5yU6iI7oO8pP9aS0dF1gG2hH3jJ4kK5lL6zZ7xX8cC9vV0bB1nN2mM3qW4eR5tT6yU7iI8oO9pP0aS1dF2gG3hH4jJ5kK6lL7zZ8xX9cC0vB1nN2mQ3wE4rR5tT6yY7uU8iI9oO0pP1aS2dF3gG4hH5jJ6kK7lL8zX9cV0bN1nM2qW3eR4tT5yU6iI7oO8pP9aS0dF1gG2hH3jJ4kK5lL6zZ7xX8cC9vV0bB1nN2mM3qW4eR5tT6yU7iI8oO9pP0aS1dF2gG3hH4jJ5kK6lL7zZ8xX9cC0vB1nN2mQ3wE4rR5tT6yY7uU8iI9oO0pP1aS2dF3gG4hH5jJ6kK7l4hH5jJ6kK7lL8zX9cV0bN1nM2qW3eR4tT5yU6iI7oO8pP9aS0dF1gG2hH3jJ4kK5lL6zZ7xX8cC9vV0bB1nN2mM3qW4eR5tT6yU7iI8oO9pP0aS1dF2gG3hH4jJ5kK6lL7zZ8xX9cC0vB1nN2mQ3wE4rR5tT6yY7uU8iI9oO0pP1aS2dF3gG4hH5jJ6kK7lL8zX9cV0bN1nM2qW3eR4tT5yU6iI7oO8pP9aS0dF1gG2hH3jJ4kK5lL6zZ7xX8cC9vV0bB1nN2mM3qW4eR5tT6yU7iI8oO9pP0aS1dF2gG3hH4jJ5kK6lL7zZ8xX9cC0vB1nN2mQ3wE4rR5tT6yY7uU8iI9oO0pP1aS2dF3gG4hH5jJ6kK7l4hH5jJ6kK7lL8zX9cV0bN1nM2qW3eR4tT5yU6iI7oO8pP9aS0dF1gG2hH3jJ4kK5lL6zZ7xX8cC9vV0bB1nN2mM3qW4eR5tT6yU7iI8oO9pP0aS1dF2gG3hH4jJ5kK6lL7zZ8xX9cC0vB1nN2mQ3wE4rR5tT6yY7uU8iI9oO0pP1aS2dF3gG4hH5jJ6kK7lL8zX9cV0bN1nM2qW3eR4tT5yU6iI7oO8pP9aS0dF1gG2hH3jJ4kK5lL6zZ7xX8cC9vV0bB1nN2mM3qW4eR5tT6yU7iI8oO9pP0aS1dF2gG3hH4jJ5kK6lL7zZ8xX9cC0vB1nN2mQ3wE4rR5tT6yY7uU8iI9oO0pP1aS2dF3gG4hH5jJ6kK7l4hH5jJ6kK7lL8zX9cV0bN1nM2qW3eR4tT5yU6iI7oO8pP9aS0dF1gG2hH3jJ4kK5lL6zZ7xX8cC9vV0bB1nN2mM3qW4eR5tT6yU7iI8oO9pP0aS1dF2gG3hH4jJ5kK6lL7zZ8xX9cC0vB1nN2mQ3wE4rR5tT6yY7uU8iI9oO0pP1aS2dF3gG4hH5jJ6kK7lL8zX9cV0bN1nM2qW3eR4tT5yU6iI7oO8pP9aS0dF1gG2hH3jJ4kK5lL6zZ7xX8cC9vV0bB1nN2mM3qW4eR5tT6yU7iI8oO9pP0aS1dF2gG3hH4jJ5kK6lL7zZ8xX9cC0vB1nN2mQ3wE4rR5tT6yY7uU8iI9oO0pP1aS2dF3gG4hH5jJ6kK7l4hH5jJ6kK7lL8zX9cV0bN1nM2qW3eR4tT5yU6iI7oO8pP9aS0dF1gG2hH3jJ4kK5lL6z7nB9vR2mX8kLp4QjW3tY5zH1aG6sF9dD0fS8gA7hJ6kL5mN4bV3vC2xZ1oP9iU8uY7tT6rR5eE4wW3qQ2aZ1sX2dC3fV4gB5hN6jM7kL8pO9iU0yT1rE2wQ3aS4dF5gG6hH7jJ8kK9lL0zZ1xX2cC3vV4bB5nN6mM7qQ8wW9eE0rR1tT2yY3uU4iI5oO6pP7aA8sS9dD0fF1gG2hH3jJ4kK5lL6zZ7xX8cC9vV0bB1nN2mM3qW4eR5tT6yU7iI8oO9pP0aS1dF2gG3hH4jJ5kK6lL7zZ8xX9cC0vB1nN2mQ3wE4rR5tT6yY7uU8iI9oO0pP1aS2dF3gG4hH5jJ6kK7lL8zX9cV0bN1nM2qW3eR4tT5yU6iI7oO8pP9aS0dF1gG2hH3jJ4kK5lL6zZ7xX8cC9vV0bB1nN2mM3qW4eR5tT6yU7iI8oO9pP0aS1dF2gG3hH4jJ5kK6lL7zZ8xX9cC0vB1nN2mQ3wE4rR5tT6yY7uU8iI9oO0pP1aS2dF3gG4hH5jJ6kK7lL8zX9cV0bN1nM2qW3eR4tT5yU6iI7oO8pP9aS0dF1gG2hH3jJ4kK5lL6zZ7xX8cC9vV0bB1nN2mM3qW4eR5tT6yU7iI8oO9pP0aS1dF2gG3hH4jJ5kK6lL7zZ8xX9cC0vB1nN2mQ3wE4rR5tT6yY7uU8iI9oO0pP1aS2dF3gG4hH5jJ6kK7lL8zX9cV0bN1nM2qW3eR4tT5yU6iI7oO8pP9aS0dF1gG2hH3jJ4kK5lL6zZ7xX8cC9vV0bB1nN2mM3qW4eR5tT6yU7iI8oO9pP0aS1dF2gG3hH4jJ5kK6lL7zZ8xX9cC0vB1nN2mQ3wE4rR5tT6yY7uU8iI9oO0pP1aS2dF3gG4hH5jJ6kK7lL8zX9cV0bN1nM2qW3eR4tT5yU6iI7oO8pP9aS0dF1gG2hH3jJ4kK5lL6zZ7xX8cC9vV0bB1nN2mM3qW4eR5tT6yU7iI8oO9pP0aS1dF2gG3hH4jJ5kK6lL7zZ8xX9cC0vB1nN2mQ3wE4rR5tT6yY7uU8iI9oO0pP1aS2dF3gG4hH5jJ6kK7l4hH5jJ6kK7lL8zX9cV0bN1nM2qW3eR4tT5yU6iI7oO8pP9aS0dF1gG2hH3jJ4kK5lL6zZ7xX8cC9vV0bB1nN2mM3qW4eR5tT6yU7iI8oO9pP0aS1dF2gG3hH4jJ5kK6lL7zZ8xX9cC0vB1nN2mQ3wE4rR5tT6yY7uU8iI9oO0pP1aS2dF3gG4hH5jJ6kK7lL8zX9cV0bN1nM2qW3eR4tT5yU6iI7oO8pP9aS0dF1gG2hH3jJ4kK5lL6zZ7xX8cC9vV0bB1nN2mM3qW4eR5tT6yU7iI8oO9pP0aS1dF2gG3hH4jJ5kK6lL7zZ8xX9cC0vB1nN2mQ3wE4rR5tT6yY7uU8iI9oO0pP1aS2dF3gG4hH5jJ6kK7l4hH5jJ6kK7lL8zX9cV0bN1nM2qW3eR4tT5yU6iI7oO8pP9aS0dF1gG2hH3jJ4kK5lL6zZ7xX8cC9vV0bB1nN2mM3qW4eR5tT6yU7iI8oO9pP0aS1dF2gG3hH4jJ5kK6lL7zZ8xX9cC0vB1nN2mQ3wE4rR5tT6yY7uU8iI9oO0pP1aS2dF3gG4hH5jJ6kK7lL8zX9cV0bN1nM2qW3eR4tT5yU6iI7oO8pP9aS0dF1gG2hH3jJ4kK5lL6zZ7xX8cC9vV0bB1nN2mM3qW4eR5tT6yU7iI8oO9pP0aS1dF2gG3hH4jJ5kK6lL7zZ8xX9cC0vB1nN2mQ3wE4rR5tT6yY7uU8iI9oO0pP1aS2dF3gG4hH5jJ6kK7l4hH5jJ6kK7lL8zX9cV0bN1nM2qW3eR4tT5yU6iI7oO8pP9aS0dF1gG2hH3jJ4kK5lL6zZ7xX8cC9vV0bB1nN2mM3qW4eR5tT6yU7iI8oO9pP0aS1dF2gG3hH4jJ5kK6lL7zZ8xX9cC0vB1nN2mQ3wE4rR5tT6yY7uU8iI9oO0pP1aS2dF3gG4hH5jJ6kK7lL8zX9cV0bN1nM2qW3eR4tT5yU6iI7oO8pP9aS0dF1gG2hH3jJ4kK5lL6zZ7xX8cC9vV0bB1nN2mM3qW4eR5tT6yU7iI8oO9pP0aS1dF2gG3hH4jJ5kK6lL7zZ8xX9cC0vB1nN2mQ3wE4rR5tT6yY7uU8iI9oO0pP1aS2dF3gG4hH5jJ6kK7l4hH5jJ6kK7lL8zX9cV0bN1nM2qW3eR4tT5yU6iI7oO8pP9aS0dF1gG2hH3jJ4kK5lL6zZ7xX8cC9vV0bB1nN2mM3qW4eR5tT6yU7iI8oO9pP0aS1dF2gG3hH4jJ5kK6lL7zZ8xX9cC0vB1nN2mQ3wE4rR5tT6yY7uU8iI9oO0pP1aS2dF3gG4hH5jJ6kK7lL8zX9cV0bN1nM2qW3eR4tT5yU6iI7oO8pP9aS0dF1gG2hH3jJ4kK5lL6zZ7xX8cC9vV0bB1nN2mM3qW4eR5tT6yU7iI8oO9pP0aS1dF2gG3hH4jJ5kK6lL7zZ8xX9cC0vB1nN2mQ3wE4rR5tT6yY7uU8iI9oO0pP1aS2dF3gG4hH5jJ6kK7l4hH5jJ6kK7lL8zX9cV0bN1nM2qW3eR4tT5yU6iI7oO8pP9aS0dF1gG2hH3jJ4kK5lL6zZ7xX8cC9vV0bB1nN2mM3qW4eR5tT6yU7iI8oO9pP0aS1dF2gG3hH4jJ5kK6lL7zZ8xX9cC0vB1nN2mQ3wE4rR5tT6yY7uU8iI9oO0pP1aS2dF3gG4hH5jJ6kK7lL8zX9cV0bN1nM2qW3eR4tT5yU6iI7oO8pP9aS0dF1gG2hH3jJ4kK5lL6zZ7xX8cC9vV0bB1nN2mM3qW4eR5tT6yU7iI8oO9pP0aS1dF2gG3hH4jJ5kK6lL7zZ8xX9cC0vB1nN2mQ3wE4rR5tT6yY7uU8iI9oO0pP1aS2dF3gG4hH5jJ6kK7l4hH5jJ6kK7lL8zX9cV0bN1nM2qW3eR4tT5yU6iI7oO8pP9aS0dF1gG2hH3jJ4kK5lL6zZ7xX8cC9vV0bB1nN2mM3qW4eR5tT6yU7iI8oO9pP0aS1dF2gG3hH4jJ5kK6lL7zZ8xX9cC0vB1nN2mQ3wE4rR5tT6yY7uU8iI9oO0pP1aS2dF3gG4hH5jJ6kK7lL8zX9cV0bN1nM2qW3eR4tT5yU6iI7oO8pP9aS0dF1gG2hH3jJ4kK5lL6zZ7xX8cC9vV0bB1nN2mM3qW4eR5tT6yU7iI8oO9pP0aS1dF2gG3hH4jJ5kK6lL7zZ8xX9cC0vB1nN2mQ3wE4rR5tT6yY7uU8iI9oO0pP1aS2dF3gG4hH5jJ6kK7l4hH5jJ6kK7lL8zX9cV0bN1nM2qW3eR4tT5yU6iI7oO8pP9aS0dF1gG2hH3jJ4kK5lL6zZ7xX8cC9vV0bB1nN2mM3qW4eR5tT6yU7iI8oO9pP0aS1dF2gG3hH4jJ5kK6lL7zZ8xX9cC0vB1nN2mQ3wE4rR5tT6yY7uU8iI9oO0pP1aS2dF3gG4hH5jJ6kK7lL8zX9cV0bN1nM2qW3eR4tT5yU6iI7oO8pP9aS0dF1gG2hH3jJ4kK5lL6zZ7xX8cC9vV0bB1nN2mM3qW4eR5tT6yU7iI8oO9pP0aS1dF2gG3hH4jJ5kK6lL7zZ8xX9cC0vB1nN2mQ3wE4rR5tT6yY7uU8iI9oO0pP1aS2dF3gG4hH5jJ6kK7l4hH5jJ6kK7lL8zX9cV0bN1nM2qW3eR4tT5yU6iI7oO8pP9aS0dF1gG2hH3jJ4kK5lL6z7nB9vR2mX8kLp4QjW3tY5zH1aG6sF9dD0fS8gA7hJ6kL5mN4bV3vC2xZ1oP9iU8uY7tT6rR5eE4wW3qQ2aZ1sX2dC3fV4gB5hN6jM7kL8pO9iU0yT1rE2wQ3aS4dF5gG6hH7jJ8kK9lL0zZ1xX2cC3vV4bB5nN6mM7qQ8wW9eE0rR1tT2yY3uU4iI5oO6pP7aA8sS9dD0fF1gG2hH3jJ4kK5lL6zZ7xX8cC9vV0bB1nN2mM3qW4eR5tT6yU7iI8oO9pP0aS1dF2gG3hH4jJ5kK6lL7zZ8xX9cC0vB1nN2mQ3wE4rR5tT6yY7uU8iI9oO0pP1aS2dF3gG4hH5jJ6kK7lL8zX9cV0bN1nM2qW3eR4tT5yU6iI7oO8pP9aS0dF1gG2hH3jJ4kK5lL6zZ7xX8cC9vV0bB1nN2mM3qW4eR5tT6yU7iI8oO9pP0aS1dF2gG3hH4jJ5kK6lL7zZ8xX9cC0vB1nN2mQ3wE4rR5tT6yY7uU8iI9oO0pP1aS2dF3gG4hH5jJ6kK7lL8zX9cV0bN1nM2qW3eR4tT5yU6iI7oO8pP9aS0dF1gG2hH3jJ4kK5lL6zZ7xX8cC9vV0bB1nN2mM3qW4eR5tT6yU7iI8oO9pP0aS1dF2gG3hH4jJ5kK6lL7zZ8xX9cC0vB1nN2mQ3wE4rR5tT6yY7uU8iI9oO0pP1aS2dF3gG4hH5jJ6kK7lL8zX9cV0bN1nM2qW3eR4tT5yU6iI7oO8pP9aS0dF1gG2hH3jJ4kK5lL6zZ7xX8cC9vV0bB1nN2mM3qW4eR5tT6yU7iI8oO9pP0aS1dF2gG3hH4jJ5kK6lL7zZ8xX9cC0vB1nN2mQ3wE4rR5tT6yY7uU8iI9oO0pP1aS2dF3gG4hH5jJ6kK7lL8zX9cV0bN1nM2qW3eR4tT5yU6iI7oO8pP9aS0dF1gG2hH3jJ4kK5lL6zZ7xX8cC9vV0bB1nN2mM3qW4eR5tT6yU7iI8oO9pP0aS1dF2gG3hH4jJ5kK6lL7zZ8xX9cC0vB1nN2mQ3wE4rR5tT6yY7uU8iI9oO0pP1aS2dF3gG4hH5jJ6kK7l4hH5jJ6kK7lL8zX9cV0bN1nM2qW3eR4tT5yU6iI7oO8pP9aS0dF1gG2hH3jJ4kK5lL6zZ7xX8cC9vV0bB1nN2mM3qW4eR5tT6yU7iI8oO9pP0aS1dF2gG3hH4jJ5kK6lL7zZ8xX9cC0vB1nN2mQ3wE4rR5tT6yY7uU8iI9oO0pP1aS2dF3gG4hH5jJ6kK7lL8zX9cV0bN1nM2qW3eR4tT5yU6iI7oO8pP9aS0dF1gG2hH3jJ4kK5lL6zZ7xX8cC9vV0bB1nN2mM3qW4eR5tT6yU7iI8oO9pP0aS1dF2gG3hH4jJ5kK6lL7zZ8xX9cC0vB1nN2mQ3wE4rR5tT6yY7uU8iI9oO0pP1aS2dF3gG4hH5jJ6kK7l4hH5jJ6kK7lL8zX9cV0bN1nM2qW3eR4tT5yU6iI7oO8pP9aS0dF1gG2hH3jJ4kK5lL6zZ7xX8cC9vV0bB1nN2mM3qW4eR5tT6yU7iI8oO9pP0aS1dF2gG3hH4jJ5kK6lL7zZ8xX9cC0vB1nN2mQ3wE4rR5tT6yY7uU8iI9oO0pP1aS2dF3gG4hH5jJ6kK7lL8zX9cV0bN1nM2qW3eR4tT5yU6iI7oO8pP9aS0dF1gG2hH3jJ4kK5lL6zZ7xX8cC9vV0bB1nN2mM3qW4eR5tT6yU7iI8oO9pP0aS1dF2gG3hH4jJ5kK6lL7zZ8xX9cC0vB1nN2mQ3wE4rR5tT6yY7uU8iI9oO0pP1aS2dF3gG4hH5jJ6kK7l4hH5jJ6kK7lL8zX9cV0bN1nM2qW3eR4tT5yU6iI7oO8pP9aS0dF1gG2hH3jJ4kK5lL6zZ7xX8cC9vV0bB1nN2mM3qW4eR5tT6yU7iI8oO9pP0aS1dF2gG3hH4jJ5kK6lL7zZ8xX9cC0vB1nN2mQ3wE4rR5tT6yY7uU8iI9oO0pP1aS2dF3gG4hH5jJ6kK7lL8zX9cV0bN1nM2qW3eR4tT5yU6iI7oO8pP9aS0dF1gG2hH3jJ4kK5lL6zZ7xX8cC9vV0bB1nN2mM3qW4eR5tT6yU7iI8oO9pP0aS1dF2gG3hH4jJ5kK6lL7zZ8xX9cC0vB1nN2mQ3wE4rR5tT6yY7uU8iI9oO0pP1aS2dF3gG4hH5jJ6kK7l4hH5jJ6kK7lL8zX9cV0bN1nM2qW3eR4tT5yU6iI7oO8pP9aS0dF1gG2hH3jJ4kK5lL6zZ7xX8cC9vV0bB1nN2mM3qW4eR5tT6yU7iI8oO9pP0aS1dF2gG3hH4jJ5kK6lL7zZ8xX9cC0vB1nN2mQ3wE4rR5tT6yY7uU8iI9oO0pP1aS2dF3gG4hH5jJ6kK7lL8zX9cV0bN1nM2qW3eR4tT5yU6iI7oO8pP9aS0dF1gG2hH3jJ4kK5lL6zZ7xX8cC9vV0bB1nN2mM3qW4eR5tT6yU7iI8oO9pP0aS1dF2gG3hH4jJ5kK6lL7zZ8xX9cC0vB1nN2mQ3wE4rR5tT6yY7uU8iI9oO0pP1aS2dF3gG4hH5jJ6kK7l4hH5jJ6kK7lL8zX9cV0bN1nM2qW3eR4tT5yU6iI7oO8pP9aS0dF1gG2hH3jJ4kK5lL6zZ7xX8cC9vV0bB1nN2mM3qW4eR5tT6yU7iI8oO9pP0aS1dF2gG3hH4jJ5kK6lL7zZ8xX9cC0vB1nN2mQ3wE4rR5tT6yY7uU8iI9oO0pP1aS2dF3gG4hH5jJ6kK7lL8zX9cV0bN1nM2qW3eR4tT5yU6iI7oO8pP9aS0dF1gG2hH3jJ4kK5lL6zZ7xX8cC9vV0bB1nN2mM3qW4eR5tT6yU7iI8oO9pP0aS1dF2gG3hH4jJ5kK6lL7zZ8xX9cC0vB1nN2mQ3wE4rR5tT6yY7uU8iI9oO0pP1aS2dF3gG4hH5jJ6kK7l4hH5jJ6kK7lL8zX9cV0bN1nM2qW3eR4tT5yU6iI7oO8pP9aS0dF1gG2hH3jJ4kK5lL6zZ7xX8cC9vV0bB1nN2mM3qW4eR5tT6yU7iI8oO9pP0aS1dF2gG3hH4jJ5kK6lL7zZ8xX9cC0vB1nN2mQ3wE4rR5tT6yY7uU8iI9oO0pP1aS2dF3gG4hH5jJ6kK7lL8zX9cV0bN1nM2qW3eR4tT5yU6iI7oO8pP9aS0dF1gG2hH3jJ4kK5lL6zZ7xX8cC9vV0bB1nN2mM3qW4eR5tT6yU7iI8oO9pP0aS1dF2gG3hH4jJ5kK6lL7zZ8xX9cC0vB1nN2mQ3wE4rR5tT6yY7uU8iI9oO0pP1aS2dF3gG4hH5jJ6kK7l4hH5jJ6kK7lL8zX9cV0bN1nM2qW3eR4tT5yU6iI7oO8pP9aS0dF1gG2hH3jJ4kK5lL6zZ7xX8cC9vV0bB1nN2mM3qW4eR5tT6yU7iI8oO9pP0aS1dF2gG3hH4jJ5kK6lL7zZ8xX9cC0vB1nN2mQ3wE4rR5tT6yY7uU8iI9oO0pP1aS2dF3gG4hH5jJ6kK7lL8zX9cV0bN1nM2qW3eR4tT5yU6iI7oO8pP9aS0dF1gG2hH3jJ4kK5lL6zZ7xX8cC9vV0bB1nN2mM3qW4eR5tT6yU7iI8oO9pP0aS1dF2gG3hH4jJ5kK6lL7zZ8xX9cC0vB1nN2mQ3wE4rR5tT6yY7uU8iI9oO0pP1aS2dF3gG4hH5jJ6kK7l4hH5jJ6kK7lL8zX9cV0bN1nM2qW3eR4tT5yU6iI7oO8pP9aS0dF1gG2hH3jJ4kK5lL6z7nB9vR2mX8kLp4QjW3tY5zH1aG6sF9dD0fS8gA7hJ6kL5mN4bV3vC2xZ1oP9iU8uY7tT6rR5eE4wW3qQ2aZ1sX2dC3fV4gB5hN6jM7kL8pO9iU0yT1rE2wQ3aS4dF5gG6hH7jJ8kK9lL0zZ1xX2cC3vV4bB5nN6mM7qQ8wW9eE0rR1tT2yY3uU4iI5oO6pP7aA8sS9dD0fF1gG2hH3jJ4kK5lL6zZ7xX8cC9vV0bB1nN2mM3qW4eR5tT6yU7iI8oO9pP0aS1dF2gG3hH4jJ5kK6lL7zZ8xX9cC0vB1nN2mQ3wE4rR5tT6yY7uU8iI9oO0pP1aS2dF3gG4hH5jJ6kK7lL8zX9cV0bN1nM2qW3eR4tT5yU6iI7oO8pP9aS0dF1gG2hH3jJ4kK5lL6zZ7xX8cC9vV0bB1nN2mM3qW4eR5tT6yU7iI8oO9pP0aS1dF2gG3hH4jJ5kK6lL7zZ8xX9cC0vB1nN2mQ3wE4rR5tT6yY7uU8iI9oO0pP1aS2dF3gG4hH5jJ6kK7lL8zX9cV0bN1nM2qW3eR4tT5yU6iI7oO8pP9aS0dF1gG2hH3jJ4kK5lL6zZ7xX8cC9vV0bB1nN2mM3qW4eR5tT6yU7iI8oO9pP0aS1dF2gG3hH4jJ5kK6lL7zZ8xX9cC0vB1nN2mQ3wE4rR5tT6yY7uU8iI9oO0pP1aS2dF3gG4hH5jJ6kK7lL8zX9cV0bN1nM2qW3eR4tT5yU6iI7oO8pP9aS0dF1gG2hH3jJ4kK5lL6zZ7xX8cC9vV0bB1nN2mM3qW4eR5tT6yU7iI8oO9pP0aS1dF2gG3hH4jJ5kK6lL7zZ8xX9cC0vB1nN2mQ3wE4rR5tT6yY7uU8iI9oO0pP1aS2dF3gG4hH5jJ6kK7lL8zX9cV0bN1nM2qW3eR4tT5yU6iI7oO8pP9aS0dF1gG2hH3jJ4kK5lL6zZ7xX8cC9vV0bB1nN2mM3qW4eR5tT6yU7iI8oO9pP0aS1dF2gG3hH4jJ5kK6lL7zZ8xX9cC0vB1nN2mQ3wE4rR5tT6yY7uU8iI9oO0pP1aS2dF3gG4hH5jJ6kK7l4hH5jJ6kK7lL8zX9cV0bN1nM2qW3eR4tT5yU6iI7oO8pP9aS0dF1gG2hH3jJ4kK5lL6zZ7xX8cC9vV0bB1nN2mM3qW4eR5tT6yU7iI8oO9pP0aS1dF2gG3hH4jJ5kK6lL7zZ8xX9cC0vB1nN2mQ3wE4rR5tT6yY7uU8iI9oO0pP1aS2dF3gG4hH5jJ6kK7lL8zX9cV0bN1nM2qW3eR4tT5yU6iI7oO8pP9aS0dF1gG2hH3jJ4kK5lL6zZ7xX8cC9vV0bB1nN2mM3qW4eR5tT6yU7iI8oO9pP0aS1dF2gG3hH4jJ5kK6lL7zZ8xX9cC0vB1nN2mQ3wE4rR5tT6yY7uU8iI9oO0pP1aS2dF3gG4hH5jJ6kK7l4hH5jJ6kK7lL8zX9cV0bN1nM2qW3eR4tT5yU6iI7oO8pP9aS0dF1gG2hH3jJ4kK5lL6zZ7xX8cC9vV0bB1nN2mM3qW4eR5tT6yU7iI8oO9pP0aS1dF2gG3hH4jJ5kK6lL7zZ8xX9cC0vB1nN2mQ3wE4rR5tT6yY7uU8iI9oO0pP1aS2dF3gG4hH5jJ6kK7lL8zX9cV0bN1nM2qW3eR4tT5yU6iI7oO8pP9aS0dF1gG2hH3jJ4kK5lL6zZ7xX8cC9vV0bB1nN2mM3qW4eR5tT6yU7iI8oO9pP0aS1dF2gG3hH4jJ5kK6lL7zZ8xX9cC0vB1nN2mQ3wE4rR5tT6yY7uU8iI9oO0pP1aS2dF3gG4hH5jJ6kK7l4hH5jJ6kK7lL8zX9cV0bN1nM2qW3eR4tT5yU6iI7oO8pP9aS0dF1gG2hH3jJ4kK5lL6zZ7xX8cC9vV0bB1nN2mM3qW4eR5tT6yU7iI8oO9pP0aS1dF2gG3hH4jJ5kK6lL7zZ8xX9cC0vB1nN2mQ3wE4rR5tT6yY7uU8iI9oO0pP1aS2dF3gG4hH5jJ6kK7lL8zX9cV0bN1nM2qW3eR4tT5yU6iI7oO8pP9aS0dF1gG2hH3jJ4kK5lL6zZ7xX8cC9vV0bB1nN2mM3qW4eR5tT6yU7iI8oO9pP0aS1dF2gG3hH4jJ5kK6lL7zZ8xX9cC0vB1nN2mQ3wE4rR5tT6yY7uU8iI9oO0pP1aS2dF3gG4hH5jJ6kK7l4hH5jJ6kK7lL8zX9cV0bN1nM2qW3eR4tT5yU6iI7oO8pP9aS0dF1gG2hH3jJ4kK5lL6zZ7xX8cC9vV0bB1nN2mM3qW4eR5tT6yU7iI8oO9pP0aS1dF2gG3hH4jJ5kK6lL7zZ8xX9cC0vB1nN2mQ3wE4rR5tT6yY7uU8iI9oO0pP1aS2dF3gG4hH5jJ6kK7lL8zX9cV0bN1nM2qW3eR4tT5yU6iI7oO8pP9aS0dF1gG2hH3jJ4kK5lL6zZ7xX8cC9vV0bB1nN2mM3qW4eR5tT6yU7iI8oO9pP0aS1dF2gG3hH4jJ5kK6lL7zZ8xX9cC0vB1nN2mQ3wE4rR5tT6yY7uU8iI9oO0pP1aS2dF3gG4hH5jJ6kK7l4hH5jJ6kK7lL8zX9cV0bN1nM2qW3eR4tT5yU6iI7oO8pP9aS0dF1gG2hH3jJ4kK5lL6zZ7xX8cC9vV0bB1nN2mM3qW4eR5tT6yU7iI8oO9pP0aS1dF2gG3hH4jJ5kK6lL7zZ8xX9cC0vB1nN2mQ3wE4rR5tT6yY7uU8iI9oO0pP1aS2dF3gG4hH5jJ6kK7lL8zX9cV0bN1nM2qW3eR4tT5yU6iI7oO8pP9aS0dF1gG2hH3jJ4kK5lL6zZ7xX8cC9vV0bB1nN2mM3qW4eR5tT6yU7iI8oO9pP0aS1dF2gG3hH4jJ5kK6lL7zZ8xX9cC0vB1nN2mQ3wE4rR5tT6yY7uU8iI9oO0pP1aS2dF3gG4hH5jJ6kK7l4hH5jJ6kK7lL8zX9cV0bN1nM2qW3eR4tT5yU6iI7oO8pP9aS0dF1gG2hH3jJ4kK5lL6zZ7xX8cC9vV0bB1nN2mM3qW4eR5tT6yU7iI8oO9pP0aS1dF2gG3hH4jJ5kK6lL7zZ8xX9cC0vB1nN2mQ3wE4rR5tT6yY7uU8iI9oO0pP1aS2dF3gG4hH5jJ6kK7lL8zX9cV0bN1nM2qW3eR4tT5yU6iI7oO8pP9aS0dF1gG2hH3jJ4kK5lL6zZ7xX8cC9vV0bB1nN2mM3qW4eR5tT6yU7iI8oO9pP0aS1dF2gG3hH4jJ5kK6lL7zZ8xX9cC0vB1nN2mQ3wE4rR5tT6yY7uU8iI9oO0pP1aS2dF3gG4hH5jJ6kK7l4hH5jJ6kK7lL8zX9cV0bN1nM2qW3eR4tT5yU6iI7oO8pP9aS0dF1gG2hH3jJ4kK5lL6zZ7xX8cC9vV0bB1nN2mM3qW4eR5tT6yU7iI8oO9pP0aS1dF2gG3hH4jJ5kK6lL7zZ8xX9cC0vB1nN2mQ3wE4rR5tT6yY7uU8iI9oO0pP1aS2dF3gG4hH5jJ6kK7lL8zX9cV0bN1nM2qW3eR4tT5yU6iI7oO8pP9aS0dF1gG2hH3jJ4kK5lL6zZ7xX8cC9vV0bB1nN2mM3qW4eR5tT6yU7iI8oO9pP0aS1dF2gG3hH4jJ5kK6lL7zZ8xX9cC0vB1nN2mQ3wE4rR5tT6yY7uU8iI9oO0pP1aS2dF3gG4hH5jJ6kK7l4hH5jJ6kK7lL8zX9cV0bN1nM2qW3eR4tT5yU6iI7oO8pP9aS0dF1gG2hH3jJ4kK5lL6z7nB9vR2mX8kLp4QjW3tY5zH1aG6sF9dD0fS8gA7hJ6kL5mN4bV3vC2xZ1oP9iU8uY7tT6rR5eE4wW3qQ2aZ1sX2dC3fV4gB5hN6jM7kL8pO9iU0yT1rE2wQ3aS4dF5gG6hH7jJ8kK9lL0zZ1xX2cC3vV4bB5nN6mM7qQ8wW9eE0rR1tT2yY3uU4iI5oO6pP7aA8sS9dD0fF1gG2hH3jJ4kK5lL6zZ7xX8cC9vV0bB1nN2mM3qW4eR5tT6yU7iI8oO9pP0aS1dF2gG3hH4jJ5kK6lL7zZ8xX9cC0vB1nN2mQ3wE4rR5tT6yY7uU8iI9oO0pP1aS2dF3gG4hH5jJ6kK7lL8zX9cV0bN1nM2qW3eR4tT5yU6iI7oO8pP9aS0dF1gG2hH3jJ4kK5lL6zZ7xX8cC9vV0bB1nN2mM3qW4eR5tT6yU7iI8oO9pP0aS1dF2gG3hH4jJ5kK6lL7zZ8xX9cC0vB1nN2mQ3wE4rR5tT6yY7uU8iI9oO0pP1aS2dF3gG4hH5jJ6kK7lL8zX9cV0bN1nM2qW3eR4tT5yU6iI7oO8pP9aS0dF1gG2hH3jJ4kK5lL6zZ7xX8cC9vV0bB1nN2mM3qW4eR5tT6yU7iI8oO9pP0aS1dF2gG3hH4jJ5kK6lL7zZ8xX9cC0vB1nN2mQ3wE4rR5tT6yY7uU8iI9oO0pP1aS2dF3gG4hH5jJ6kK7lL8zX9cV0bN1nM2qW3eR4tT5yU6iI7oO8pP9aS0dF1gG2hH3jJ4kK5lL6zZ7xX8cC9vV0bB1nN2mM3qW4eR5tT6yU7iI8oO9pP0aS1dF2gG3hH4jJ5kK6lL7zZ8xX9cC0vB1nN2mQ3wE4rR5tT6yY7uU8iI9oO0pP1aS2dF3gG4hH5jJ6kK7lL8zX9cV0bN1nM2qW3eR4tT5yU6iI7oO8pP9aS0dF1gG2hH3jJ4kK5lL6zZ7xX8cC9vV0bB1nN2mM3qW4eR5tT6yU7iI8oO9pP0aS1dF2gG3hH4jJ5kK6lL7zZ8xX9cC0vB1nN2mQ3wE4rR5tT6yY7uU8iI9oO0pP1aS2dF3gG4hH5jJ6kK7l4hH5jJ6kK7lL8zX9cV0bN1nM2qW3eR4tT5yU6iI7oO8pP9aS0dF1gG2hH3jJ4kK5lL6zZ7xX8cC9vV0bB1nN2mM3qW4eR5tT6yU7iI8oO9pP0aS1dF2gG3hH4jJ5kK6lL7zZ8xX9cC0vB1nN2mQ3wE4rR5tT6yY7uU8iI9oO0pP1aS2dF3gG4hH5jJ6kK7lL8zX9cV0bN1nM2qW3eR4tT5yU6iI7oO8pP9aS0dF1gG2hH3jJ4kK5lL6zZ7xX8cC9vV0bB1nN2mM3qW4eR5tT6yU7iI8oO9pP0aS1dF2gG3hH4jJ5kK6lL7zZ8xX9cC0vB1nN2mQ3wE4rR5tT6yY7uU8iI9oO0pP1aS2dF3gG4hH5jJ6kK7l4hH5jJ6kK7lL8zX9cV0bN1nM2qW3eR4tT5yU6iI7oO8pP9aS0dF1gG2hH3jJ4kK5lL6zZ7xX8cC9vV0bB1nN2mM3qW4eR5tT6yU7iI8oO9pP0aS1dF2gG3hH4jJ5kK6lL7zZ8xX9cC0vB1nN2mQ3wE4rR5tT6yY7uU8iI9oO0pP1aS2dF3gG4hH5jJ6kK7lL8zX9cV0bN1nM2qW3eR4tT5yU6iI7oO8pP9aS0dF1gG2hH3jJ4kK5lL6zZ7xX8cC9vV0bB1nN2mM3qW4eR5tT6yU7iI8oO9pP0aS1dF2gG3hH4jJ5kK6lL7zZ8xX9cC0vB1nN2mQ3wE4rR5tT6yY7uU8iI9oO0pP1aS2dF3gG4hH5jJ6kK7l4hH5jJ6kK7lL8zX9cV0bN1nM2qW3eR4tT5yU6iI7oO8pP9aS0dF1gG2hH3jJ4kK5lL6zZ7xX8cC9vV0bB1nN2mM3qW4eR5tT6yU7iI8oO9pP0aS1dF2gG3hH4jJ5kK6lL7zZ8xX9cC0vB1nN2mQ3wE4rR5tT6yY7uU8iI9oO0pP1aS2dF3gG4hH5jJ6kK7lL8zX9cV0bN1nM2qW3eR4tT5yU6iI7oO8pP9aS0dF1gG2hH3jJ4kK5lL6zZ7xX8cC9vV0bB1nN2mM3qW4eR5tT6yU7iI8oO9pP0aS1dF2gG3hH4jJ5kK6lL7zZ8xX9cC0vB1nN2mQ3wE4rR5tT6yY7uU8iI9oO0pP1aS2dF3gG4hH5jJ6kK7l4hH5jJ6kK7lL8zX9cV0bN1nM2qW3eR4tT5yU6iI7oO8pP9aS0dF1gG2hH3jJ4kK5lL6zZ7xX8cC9vV0bB1nN2mM3qW4eR5tT6yU7iI8oO9pP0aS1dF2gG3hH4jJ5kK6lL7zZ8xX9cC0vB1nN2mQ3wE4rR5tT6yY7uU8iI9oO0pP1aS2dF3gG4hH5jJ6kK7lL8zX9cV0bN1nM2qW3eR4tT5yU6iI7oO8pP9aS0dF1gG2hH3jJ4kK5lL6zZ7xX8cC9vV0bB1nN2mM3qW4eR5tT6yU7iI8oO9pP0aS1dF2gG3hH4jJ5kK6lL7zZ8xX9cC0vB1nN2mQ3wE4rR5tT6yY7uU8iI9oO0pP1aS2dF3gG4hH5jJ6kK7l4hH5jJ6kK7lL8zX9cV0bN1nM2qW3eR4tT5yU6iI7oO8pP9aS0dF1gG2hH3jJ4kK5lL6zZ7xX8cC9vV0bB1nN2mM3qW4eR5tT6yU7iI8oO9pP0aS1dF2gG3hH4jJ5kK6lL7zZ8xX9cC0vB1nN2mQ3wE4rR5tT6yY7uU8iI9oO0pP1aS2dF3gG4hH5jJ6kK7lL8zX9cV0bN1nM2qW3eR4tT5yU6iI7oO8pP9aS0dF1gG2hH3jJ4kK5lL6zZ7xX8cC9vV0bB1nN2mM3qW4eR5tT6yU7iI8oO9pP0aS1dF2gG3hH4jJ5kK6lL7zZ8xX9cC0vB1nN2mQ3wE4rR5tT6yY7uU8iI9oO0pP1aS2dF3gG4hH5jJ6kK7l4hH5jJ6kK7lL8zX9cV0bN1nM2qW3eR4tT5yU6iI7oO8pP9aS0dF1gG2hH3jJ4kK5lL6zZ7xX8cC9vV0bB1nN2mM3qW4eR5tT6yU7iI8oO9pP0aS1dF2gG3hH4jJ5kK6lL7zZ8xX9cC0vB1nN2mQ3wE4rR5tT6yY7uU8iI9oO0pP1aS2dF3gG4hH5jJ6kK7lL8zX9cV0bN1nM2qW3eR4tT5yU6iI7oO8pP9aS0dF1gG2hH3jJ4kK5lL6zZ7xX8cC9vV0bB1nN2mM3qW4eR5tT6yU7iI8oO9pP0aS1dF2gG3hH4jJ5kK6lL7zZ8xX9cC0vB1nN2mQ3wE4rR5tT6yY7uU8iI9oO0pP1aS2dF3gG4hH5jJ6kK7l4hH5jJ6kK7lL8zX9cV0bN1nM2qW3eR4tT5yU6iI7oO8pP9aS0dF1gG2hH3jJ4kK5lL6zZ7xX8cC9vV0bB1nN2mM3qW4eR5tT6yU7iI8oO9pP0aS1dF2gG3hH4jJ5kK6lL7zZ8xX9cC0vB1nN2mQ3wE4rR5tT6yY7uU8iI9oO0pP1aS2dF3gG4hH5jJ6kK7lL8zX9cV0bN1nM2qW3eR4tT5yU6iI7oO8pP9aS0dF1gG2hH3jJ4kK5lL6zZ7xX8cC9vV0bB1nN2mM3qW4eR5tT6yU7iI8oO9pP0aS1dF2gG3hH4jJ5kK6lL7zZ8xX9cC0vB1nN2mQ3wE4rR5tT6yY7uU8iI9oO0pP1aS2dF3gG4hH5jJ6kK7l4hH5jJ6kK7lL8zX9cV0bN1nM2qW3eR4tT5yU6iI7oO8pP9aS0dF1gG2hH3jJ4kK5lL6z7nB9vR2mX8kLp4QjW3tY5zH1aG6sF9dD0fS8gA7hJ6kL5mN4bV3vC2xZ1oP9iU8uY7tT6rR5eE4wW3qQ2aZ1sX2dC3fV4gB5hN6jM7kL8pO9iU0yT1rE2wQ3aS4dF5gG6hH7jJ8kK9lL0zZ1xX2cC3vV4bB5nN6mM7qQ8wW9eE0rR1tT2yY3uU4iI5oO6pP7aA8sS9dD0fF1gG2hH3jJ4kK5lL6zZ7xX8cC9vV0bB1nN2mM3qW4eR5tT6yU7iI8oO9pP0aS1dF2gG3hH4jJ5kK6lL7zZ8xX9cC0vB1nN2mQ3wE4rR5tT6yY7uU8iI9oO0pP1aS2dF3gG4hH5jJ6kK7lL8zX9cV0bN1nM2qW3eR4tT5yU6iI7oO8pP9aS0dF1gG2hH3jJ4kK5lL6zZ7xX8cC9vV0bB1nN2mM3qW4eR5tT6yU7iI8oO9pP0aS1dF2gG3hH4jJ5kK6lL7zZ8xX9cC0vB1nN2mQ3wE4rR5tT6yY7uU8iI9oO0pP1aS2dF3gG4hH5jJ6kK7lL8zX9cV0bN1nM2qW3eR4tT5yU6iI7oO8pP9aS0dF1gG2hH3jJ4kK5lL6zZ7xX8cC9vV0bB1nN2mM3qW4eR5tT6yU7iI8oO9pP0aS1dF2gG3hH4jJ5kK6lL7zZ8xX9cC0vB1nN2mQ3wE4rR5tT6yY7uU8iI9oO0pP1aS2dF3gG4hH5jJ6kK7lL8zX9cV0bN1nM2qW3eR4tT5yU6iI7oO8pP9aS0dF1gG2hH3jJ4kK5lL6zZ7xX8cC9vV0bB1nN2mM3qW4eR5tT6yU7iI8oO9pP0aS1dF2gG3hH4jJ5kK6lL7zZ8xX9cC0vB1nN2mQ3wE4rR5tT6yY7uU8iI9oO0pP1aS2dF3gG4hH5jJ6kK7lL8zX9cV0bN1nM2qW3eR4tT5yU6iI7oO8pP9aS0dF1gG2hH3jJ4kK5lL6zZ7xX8cC9vV0bB1nN2mM3qW4eR5tT6yU7iI8oO9pP0aS1dF2gG3hH4jJ5kK6lL7zZ8xX9cC0vB1nN2mQ3wE4rR5tT6yY7uU8iI9oO0pP1aS2dF3gG4hH5jJ6kK7l4hH5jJ6kK7lL8zX9cV0bN1nM2qW3eR4tT5yU6iI7oO8pP9aS0dF1gG2hH3jJ4kK5lL6zZ7xX8cC9vV0bB1nN2mM3qW4eR5tT6yU7iI8oO9pP0aS1dF2gG3hH4jJ5kK6lL7zZ8xX9cC0vB1nN2mQ3wE4rR5tT6yY7uU8iI9oO0pP1aS2dF3gG4hH5jJ6kK7lL8zX9cV0bN1nM2qW3eR4tT5yU6iI7oO8pP9aS0dF1gG2hH3jJ4kK5lL6zZ7xX8cC9vV0bB1nN2mM3qW4eR5tT6yU7iI8oO9pP0aS1dF2gG3hH4jJ5kK6lL7zZ8xX9cC0vB1nN2mQ3wE4rR5tT6yY7uU8iI9oO0pP1aS2dF3gG4hH5jJ6kK7l4hH5jJ6kK7lL8zX9cV0bN1nM2qW3eR4tT5yU6iI7oO8pP9aS0dF1gG2hH3jJ4kK5lL6zZ7xX8cC9vV0bB1nN2mM3qW4eR5tT6yU7iI8oO9pP0aS1dF2gG3hH4jJ5kK6lL7zZ8xX9cC0vB1nN2mQ3wE4rR5tT6yY7uU8iI9oO0pP1aS2dF3gG4hH5jJ6kK7lL8zX9cV0bN1nM2qW3eR4tT5yU6iI7oO8pP9aS0dF1gG2hH3jJ4kK5lL6zZ7xX8cC9vV0bB1nN2mM3qW4eR5tT6yU7iI8oO9pP0aS1dF2gG3hH4jJ5kK6lL7zZ8xX9cC0vB1nN2mQ3wE4rR5tT6yY7uU8iI9oO0pP1aS2dF3gG4hH5jJ6kK7l4hH5jJ6kK7lL8zX9cV0bN1nM2qW3eR4tT5yU6iI7oO8pP9aS0dF1gG2hH3jJ4kK5lL6zZ7xX8cC9vV0bB1nN2mM3qW4eR5tT6yU7iI8oO9pP0aS1dF2gG3hH4jJ5kK6lL7zZ8xX9cC0vB1nN2mQ3wE4rR5tT6yY7uU8iI9oO0pP1aS2dF3gG4hH5jJ6kK7lL8zX9cV0bN1nM2qW3eR4tT5yU6iI7oO8pP9aS0dF1gG2hH3jJ4kK5lL6zZ7xX8cC9vV0bB1nN2mM3qW4eR5tT6yU7iI8oO9pP0aS1dF2gG3hH4jJ5kK6lL7zZ8xX9cC0vB1nN2mQ3wE4rR5tT6yY7uU8iI9oO0pP1aS2dF3gG4hH5jJ6kK7l4hH5jJ6kK7lL8zX9cV0bN1nM2qW3eR4tT5yU6iI7oO8pP9aS0dF1gG2hH3jJ4kK5lL6zZ7xX8cC9vV0bB1nN2mM3qW4eR5tT6yU7iI8oO9pP0aS1dF2gG3hH4jJ5kK6lL7zZ8xX9cC0vB1nN2mQ3wE4rR5tT6yY7uU8iI9oO0pP1aS2dF3gG4hH5jJ6kK7lL8zX9cV0bN1nM2qW3eR4tT5yU6iI7oO8pP9aS0dF1gG2hH3jJ4kK5lL6zZ7xX8cC9vV0bB1nN2mM3qW4eR5tT6yU7iI8oO9pP0aS1dF2gG3hH4jJ5kK6lL7zZ8xX9cC0vB1nN2mQ3wE4rR5tT6yY7uU8iI9oO0pP1aS2dF3gG4hH5jJ6kK7l4hH5jJ6kK7lL8zX9cV0bN1nM2qW3eR4tT5yU6iI7oO8pP9aS0dF1gG2hH3jJ4kK5lL6zZ7xX8cC9vV0bB1nN2mM3qW4eR5tT6yU7iI8oO9pP0aS1dF2gG3hH4jJ5kK6lL7zZ8xX9cC0vB1nN2mQ3wE4rR5tT6yY7uU8iI9oO0pP1aS2dF3gG4hH5jJ6kK7lL8zX9cV0bN1nM2qW3eR4tT5yU6iI7oO8pP9aS0dF1gG2hH3jJ4kK5lL6zZ7xX8cC9vV0bB1nN2mM3qW4eR5tT6yU7iI8oO9pP0aS1dF2gG3hH4jJ5kK6lL7zZ8xX9cC0vB1nN2mQ3wE4rR5tT6yY7uU8iI9oO0pP1aS2dF3gG4hH5jJ6kK7l4hH5jJ6kK7lL8zX9cV0bN1nM2qW3eR4tT5yU6iI7oO8pP9aS0dF1gG2hH3jJ4kK5lL6zZ7xX8cC9vV0bB1nN2mM3qW4eR5tT6yU7iI8oO9pP0aS1dF2gG3hH4jJ5kK6lL7zZ8xX9cC0vB1nN2mQ3wE4rR5tT6yY7uU8iI9oO0pP1aS2dF3gG4hH5jJ6kK7lL8zX9cV0bN1nM2qW3eR4tT5yU6iI7oO8pP9aS0dF1gG2hH3jJ4kK5lL6zZ7xX8cC9vV0bB1nN2mM3qW4eR5tT6yU7iI8oO9pP0aS1dF2gG3hH4jJ5kK6lL7zZ8xX9cC0vB1nN2mQ3wE4rR5tT6yY7uU8iI9oO0pP1aS2dF3gG4hH5jJ6kK7l4hH5jJ6kK7lL8zX9cV0bN1nM2qW3eR4tT5yU6iI7oO8pP9aS0dF1gG2hH3jJ4kK5lL6zZ7xX8cC9vV0bB1nN2mM3qW4eR5tT6yU7iI8oO9pP0aS1dF2gG3hH4jJ5kK6lL7zZ8xX9cC0vB1nN2mQ3wE4rR5tT6yY7uU8iI9oO0pP1aS2dF3gG4hH5jJ6kK7lL8zX9cV0bN1nM2qW3eR4tT5yU6iI7oO8pP9aS0dF1gG2hH3jJ4kK5lL6zZ7xX8cC9vV0bB1nN2mM3qW4eR5tT6yU7iI8oO9pP0aS1dF2gG3hH4jJ5kK6lL7zZ8xX9cC0vB1nN2mQ3wE4rR5tT6yY7uU8iI9oO0pP1aS2dF3gG4hH5jJ6kK7l4hH5jJ6kK7lL8zX9cV0bN1nM2qW3eR4tT5yU6iI7oO8pP9aS0dF1gG2hH3jJ4kK5lL6z7nB9vR2mX8kLp4QjW3tY5zH1aG6sF9dD0fS8gA7hJ6kL5mN4bV3vC2xZ1oP9iU8uY7tT6rR5eE4wW3qQ2aZ1sX2dC3fV4gB5hN6jM7kL8pO9iU0yT1rE2wQ3aS4dF5gG6hH7jJ8kK9lL0zZ1xX2cC3vV4bB5nN6mM7qQ8wW9eE0rR1tT2yY3uU4iI5oO6pP7aA8sS9dD0fF1gG2hH3jJ4kK5lL6zZ7xX8cC9vV0bB1nN2mM3qW4eR5tT6yU7iI8oO9pP0aS1dF2gG3hH4jJ5kK6lL7zZ8xX9cC0vB1nN2mQ3wE4rR5tT6yY7uU8iI9oO0pP1aS2dF3gG4hH5jJ6kK7lL8zX9cV0bN1nM2qW3eR4tT5yU6iI7oO8pP9aS0dF1gG2hH3jJ4kK5lL6zZ7xX8cC9vV0bB1nN2mM3qW4eR5tT6yU7iI8oO9pP0aS1dF2gG3hH4jJ5kK6lL7zZ8xX9cC0vB1nN2mQ3wE4rR5tT6yY7uU8iI9oO0pP1aS2dF3gG4hH5jJ6kK7lL8zX9cV0bN1nM2qW3eR4tT5yU6iI7oO8pP9aS0dF1gG2hH3jJ4kK5lL6zZ7xX8cC9vV0bB1nN2mM3qW4eR5tT6yU7iI8oO9pP0aS1dF2gG3hH4jJ5kK6lL7zZ8xX9cC0vB1nN2mQ3wE4rR5tT6yY7uU8iI9oO0pP1aS2dF3gG4hH5jJ6kK7lL8zX9cV0bN1nM2qW3eR4tT5yU6iI7oO8pP9aS0dF1gG2hH3jJ4kK5lL6zZ7xX8cC9vV0bB1nN2mM3qW4eR5tT6yU7iI8oO9pP0aS1dF2gG3hH4jJ5kK6lL7zZ8xX9cC0vB1nN2mQ3wE4rR5tT6yY7uU8iI9oO0pP1aS2dF3gG4hH5jJ6kK7lL8zX9cV0bN1nM2qW3eR4tT5yU6iI7oO8pP9aS0dF1gG2hH3jJ4kK5lL6zZ7xX8cC9vV0bB1nN2mM3qW4eR5tT6yU7iI8oO9pP0aS1dF2gG3hH4jJ5kK6lL7zZ8xX9cC0vB1nN2mQ3wE4rR5tT6yY7uU8iI9oO0pP1aS2dF3gG4hH5jJ6kK7l4hH5jJ6kK7lL8zX9cV0bN1nM2qW3eR4tT5yU6iI7oO8pP9aS0dF1gG2hH3jJ4kK5lL6zZ7xX8cC9vV0bB1nN2mM3qW4eR5tT6yU7iI8oO9pP0aS1dF2gG3hH4jJ5kK6lL7zZ8xX9cC0vB1nN2mQ3wE4rR5tT6yY7uU8iI9oO0pP1aS2dF3gG4hH5jJ6kK7lL8zX9cV0bN1nM2qW3eR4tT5yU6iI7oO8pP9aS0dF1gG2hH3jJ4kK5lL6zZ7xX8cC9vV0bB1nN2mM3qW4eR5tT6yU7iI8oO9pP0aS1dF2gG3hH4jJ5kK6lL7zZ8xX9cC0vB1nN2mQ3wE4rR5tT6yY7uU8iI9oO0pP1aS2dF3gG4hH5jJ6kK7l4hH5jJ6kK7lL8zX9cV0bN1nM2qW3eR4tT5yU6iI7oO8pP9aS0dF1gG2hH3jJ4kK5lL6zZ7xX8cC9vV0bB1nN2mM3qW4eR5tT6yU7iI8oO9pP0aS1dF2gG3hH4jJ5kK6lL7zZ8xX9cC0vB1nN2mQ3wE4rR5tT6yY7uU8iI9oO0pP1aS2dF3gG4hH5jJ6kK7lL8zX9cV0bN1nM2qW3eR4tT5yU6iI7oO8pP9aS0dF1gG2hH3jJ4kK5lL6zZ7xX8cC9vV0bB1nN2mM3qW4eR5tT6yU7iI8oO9pP0aS1dF2gG3hH4jJ5kK6lL7zZ8xX9cC0vB1nN2mQ3wE4rR5tT6yY7uU8iI9oO0pP1aS2dF3gG4hH5jJ6kK7l4hH5jJ6kK7lL8zX9cV0bN1nM2qW3eR4tT5yU6iI7oO8pP9aS0dF1gG2hH3jJ4kK5lL6zZ7xX8cC9vV0bB1nN2mM3qW4eR5tT6yU7iI8oO9pP0aS1dF2gG3hH4jJ5kK6lL7zZ8xX9cC0vB1nN2mQ3wE4rR5tT6yY7uU8iI9oO0pP1aS2dF3gG4hH5jJ6kK7lL8zX9cV0bN1nM2qW3eR4tT5yU6iI7oO8pP9aS0dF1gG2hH3jJ4kK5lL6zZ7xX8cC9vV0bB1nN2mM3qW4eR5tT6yU7iI8oO9pP0aS1dF2gG3hH4jJ5kK6lL7zZ8xX9cC0vB1nN2mQ3wE4rR5tT6yY7uU8iI9oO0pP1aS2dF3gG4hH5jJ6kK7l4hH5jJ6kK7lL8zX9cV0bN1nM2qW3eR4tT5yU6iI7oO8pP9aS0dF1gG2hH3jJ4kK5lL6zZ7xX8cC9vV0bB1nN2mM3qW4eR5tT6yU7iI8oO9pP0aS1dF2gG3hH4jJ5kK6lL7zZ8xX9cC0vB1nN2mQ3wE4rR5tT6yY7uU8iI9oO0pP1aS2dF3gG4hH5jJ6kK7lL8zX9cV0bN1nM2qW3eR4tT5yU6iI7oO8pP9aS0dF1gG2hH3jJ4kK5lL6zZ7xX8cC9vV0bB1nN2mM3qW4eR5tT6yU7iI8oO9pP0aS1dF2gG3hH4jJ5kK6lL7zZ8xX9cC0vB1nN2mQ3wE4rR5tT6yY7uU8iI9oO0pP1aS2dF3gG4hH5jJ6kK7l4hH5jJ6kK7lL8zX9cV0bN1nM2qW3eR4tT5yU6iI7oO8pP9aS0dF1gG2hH3jJ4kK5lL6zZ7xX8cC9vV0bB1nN2mM3qW4eR5tT6yU7iI8oO9pP0aS1dF2gG3hH4jJ5kK6lL7zZ8xX9cC0vB1nN2mQ3wE4rR5tT6yY7uU8iI9oO0pP1aS2dF3gG4hH5jJ6kK7lL8zX9cV0bN1nM2qW3eR4tT5yU6iI7oO8pP9aS0dF1gG2hH3jJ4kK5lL6zZ7xX8cC9vV0bB1nN2mM3qW4eR5tT6yU7iI8oO9pP0aS1dF2gG3hH4jJ5kK6lL7zZ8xX9cC0vB1nN2mQ3wE4rR5tT6yY7uU8iI9oO0pP1aS2dF3gG4hH5jJ6kK7l4hH5jJ6kK7lL8zX9cV0bN1nM2qW3eR4tT5yU6iI7oO8pP9aS0dF1gG2hH3jJ4kK5lL6zZ7xX8cC9vV0bB1nN2mM3qW4eR5tT6yU7iI8oO9pP0aS1dF2gG3hH4jJ5kK6lL7zZ8xX9cC0vB1nN2mQ3wE4rR5tT6yY7uU8iI9oO0pP1aS2dF3gG4hH5jJ6kK7lL8zX9cV0bN1nM2qW3eR4tT5yU6iI7oO8pP9aS0dF1gG2hH3jJ4kK5lL6zZ7xX8cC9vV0bB1nN2mM3qW4eR5tT6yU7iI8oO9pP0aS1dF2gG3hH4jJ5kK6lL7zZ8xX9cC0vB1nN2mQ3wE4rR5tT6yY7uU8iI9oO0pP1aS2dF3gG4hH5jJ6kK7l4hH5jJ6kK7lL8zX9cV0bN1nM2qW3eR4tT5yU6iI7oO8pP9aS0dF1gG2hH3jJ4kK5lL6zZ7xX8cC9vV0bB1nN2mM3qW4eR5tT6yU7iI8oO9pP0aS1dF2gG3hH4jJ5kK6lL7zZ8xX9cC0vB1nN2mQ3wE4rR5tT6yY7uU8iI9oO0pP1aS2dF3gG4hH5jJ6kK7lL8zX9cV0bN1nM2qW3eR4tT5yU6iI7oO8pP9aS0dF1gG2hH3jJ4kK5lL6zZ7xX8cC9vV0bB1nN2mM3qW4eR5tT6yU7iI8oO9pP0aS1dF2gG3hH4jJ5kK6lL7zZ8xX9cC0vB1nN2mQ3wE4rR5tT6yY7uU8iI9oO0pP1aS2dF3gG4hH5jJ6kK7l4hH5jJ6kK7lL8zX9cV0bN1nM2qW3eR4tT5yU6iI7oO8pP9aS0dF1gG2hH3jJ4kK5lL6z7nB9vR2mX8kLp4QjW3tY5zH1aG6sF9dD0fS8gA7hJ6kL5mN4bV3vC2xZ1oP9iU8uY7tT6rR5eE4wW3qQ2aZ1sX2dC3fV4gB5hN6jM7kL8pO9iU0yT1rE2wQ3aS4dF5gG6hH7jJ8kK9lL0zZ1xX2cC3vV4bB5nN6mM7qQ8wW9eE0rR1tT2yY3uU4iI5oO6pP7aA8sS9dD0fF1gG2hH3jJ4kK5lL6zZ7xX8cC9vV0bB1nN2mM3qW4eR5tT6yU7iI8oO9pP0aS1dF2gG3hH4jJ5kK6lL7zZ8xX9cC0vB1nN2mQ3wE4rR5tT6yY7uU8iI9oO0pP1aS2dF3gG4hH5jJ6kK7lL8zX9cV0bN1nM2qW3eR4tT5yU6iI7oO8pP9aS0dF1gG2hH3jJ4kK5lL6zZ7xX8cC9vV0bB1nN2mM3qW4eR5tT6yU7iI8oO9pP0aS1dF2gG3hH4jJ5kK6lL7zZ8xX9cC0vB1nN2mQ3wE4rR5tT6yY7uU8iI9oO0pP1aS2dF3gG4hH5jJ6kK7lL8zX9cV0bN1nM2qW3eR4tT5yU6iI7oO8pP9aS0dF1gG2hH3jJ4kK5lL6zZ7xX8cC9vV0bB1nN2mM3qW4eR5tT6yU7iI8oO9pP0aS1dF2gG3hH4jJ5kK6lL7zZ8xX9cC0vB1nN2mQ3wE4rR5tT6yY7uU8iI9oO0pP1aS2dF3gG4hH5jJ6kK7lL8zX9cV0bN1nM2qW3eR4tT5yU6iI7oO8pP9aS0dF1gG2hH3jJ4kK5lL6zZ7xX8cC9vV0bB1nN2mM3qW4eR5tT6yU7iI8oO9pP0aS1dF2gG3hH4jJ5kK6lL7zZ8xX9cC0vB1nN2mQ3wE4rR5tT6yY7uU8iI9oO0pP1aS2dF3gG4hH5jJ6kK7lL8zX9cV0bN1nM2qW3eR4tT5yU6iI7oO8pP9aS0dF1gG2hH3jJ4kK5lL6zZ7xX8cC9vV0bB1nN2mM3qW4eR5tT6yU7iI8oO9pP0aS1dF2gG3hH4jJ5kK6lL7zZ8xX9cC0vB1nN2mQ3wE4rR5tT6yY7uU8iI9oO0pP1aS2dF3gG4hH5jJ6kK7l4hH5jJ6kK7lL8zX9cV0bN1nM2qW3eR4tT5yU6iI7oO8pP9aS0dF1gG2hH3jJ4kK5lL6zZ7xX8cC9vV0bB1nN2mM3qW4eR5tT6yU7iI8oO9pP0aS1dF2gG3hH4jJ5kK6lL7zZ8xX9cC0vB1nN2mQ3wE4rR5tT6yY7uU8iI9oO0pP1aS2dF3gG4hH5jJ6kK7lL8zX9cV0bN1nM2qW3eR4tT5yU6iI7oO8pP9aS0dF1gG2hH3jJ4kK5lL6zZ7xX8cC9vV0bB1nN2mM3qW4eR5tT6yU7iI8oO9pP0aS1dF2gG3hH4jJ5kK6lL7zZ8xX9cC0vB1nN2mQ3wE4rR5tT6yY7uU8iI9oO0pP1aS2dF3gG4hH5jJ6kK7l4hH5jJ6kK7lL8zX9cV0bN1nM2qW3eR4tT5yU6iI7oO8pP9aS0dF1gG2hH3jJ4kK5lL6zZ7xX8cC9vV0bB1nN2mM3qW4eR5tT6yU7iI8oO9pP0aS1dF2gG3hH4jJ5kK6lL7zZ8xX9cC0vB1nN2mQ3wE4rR5tT6yY7uU8iI9oO0pP1aS2dF3gG4hH5jJ6kK7lL8zX9cV0bN1nM2qW3eR4tT5yU6iI7oO8pP9aS0dF1gG2hH3jJ4kK5lL6zZ7xX8cC9vV0bB1nN2mM3qW4eR5tT6yU7iI8oO9pP0aS1dF2gG3hH4jJ5kK6lL7zZ8xX9cC0vB1nN2mQ3wE4rR5tT6yY7uU8iI9oO0pP1aS2dF3gG4hH5jJ6kK7l4hH5jJ6kK7lL8zX9cV0bN1nM2qW3eR4tT5yU6iI7oO8pP9aS0dF1gG2hH3jJ4kK5lL6zZ7xX8cC9vV0bB1nN2mM3qW4eR5tT6yU7iI8oO9pP0aS1dF2gG3hH4jJ5kK6lL7zZ8xX9cC0vB1nN2mQ3wE4rR5tT6yY7uU8iI9oO0pP1aS2dF3gG4hH5jJ6kK7lL8zX9cV0bN1nM2qW3eR4tT5yU6iI7oO8pP9aS0dF1gG2hH3jJ4kK5lL6zZ7xX8cC9vV0bB1nN2mM3qW4eR5tT6yU7iI8oO9pP0aS1dF2gG3hH4jJ5kK6lL7zZ8xX9cC0vB1nN2mQ3wE4rR5tT6yY7uU8iI9oO0pP1aS2dF3gG4hH5jJ6kK7l4hH5jJ6kK7lL8zX9cV0bN1nM2qW3eR4tT5yU6iI7oO8pP9aS0dF1gG2hH3jJ4kK5lL6zZ7xX8cC9vV0bB1nN2mM3qW4eR5tT6yU7iI8oO9pP0aS1dF2gG3hH4jJ5kK6lL7zZ8xX9cC0vB1nN2mQ3wE4rR5tT6yY7uU8iI9oO0pP1aS2dF3gG4hH5jJ6kK7lL8zX9cV0bN1nM2qW3eR4tT5yU6iI7oO8pP9aS0dF1gG2hH3jJ4kK5lL6zZ7xX8cC9vV0bB1nN2mM3qW4eR5tT6yU7iI8oO9pP0aS1dF2gG3hH4jJ5kK6lL7zZ8xX9cC0vB1nN2mQ3wE4rR5tT6yY7uU8iI9oO0pP1aS2dF3gG4hH5jJ6kK7l4hH5jJ6kK7lL8zX9cV0bN1nM2qW3eR4tT5yU6iI7oO8pP9aS0dF1gG2hH3jJ4kK5lL6zZ7xX8cC9vV0bB1nN2mM3qW4eR5tT6yU7iI8oO9pP0aS1dF2gG3hH4jJ5kK6lL7zZ8xX9cC0vB1nN2mQ3wE4rR5tT6yY7uU8iI9oO0pP1aS2dF3gG4hH5jJ6kK7lL8zX9cV0bN1nM2qW3eR4tT5yU6iI7oO8pP9aS0dF1gG2hH3jJ4kK5lL6zZ7xX8cC9vV0bB1nN2mM3qW4eR5tT6yU7iI8oO9pP0aS1dF2gG3hH4jJ5kK6lL7zZ8xX9cC0vB1nN2mQ3wE4rR5tT6yY7uU8iI9oO0pP1aS2dF3gG4hH5jJ6kK7l4hH5jJ6kK7lL8zX9cV0bN1nM2qW3eR4tT5yU6iI7oO8pP9aS0dF1gG2hH3jJ4kK5lL6zZ7xX8cC9vV0bB1nN2mM3qW4eR5tT6yU7iI8oO9pP0aS1dF2gG3hH4jJ5kK6lL7zZ8xX9cC0vB1nN2mQ3wE4rR5tT6yY7uU8iI9oO0pP1aS2dF3gG4hH5jJ6kK7lL8zX9cV0bN1nM2qW3eR4tT5yU6iI7oO8pP9aS0dF1gG2hH3jJ4kK5lL6zZ7xX8cC9vV0bB1nN2mM3qW4eR5tT6yU7iI8oO9pP0aS1dF2gG3hH4jJ5kK6lL7zZ8xX9cC0vB1nN2mQ3wE4rR5tT6yY7uU8iI9oO0pP1aS2dF3gG4hH5jJ6kK7l4hH5jJ6kK7lL8zX9cV0bN1nM2qW3eR4tT5yU6iI7oO8pP9aS0dF1gG2hH3jJ4kK5lL6zZ7xX8cC9vV0bB1nN2mM3qW4eR5tT6yU7iI8oO9pP0aS1dF2gG3hH4jJ5kK6lL7zZ8xX9cC0vB1nN2mQ3wE4rR5tT6yY7uU8iI9oO0pP1aS2dF3gG4hH5jJ6kK7lL8zX9cV0bN1nM2qW3eR4tT5yU6iI7oO8pP9aS0dF1gG2hH3jJ4kK5lL6zZ7xX8cC9vV0bB1nN2mM3qW4eR5tT6yU7iI8oO9pP0aS1dF2gG3hH4jJ5kK6lL7zZ8xX9cC0vB1nN2mQ3wE4rR5tT6yY7uU8iI9oO0pP1aS2dF3gG4hH5jJ6kK7l4hH5jJ6kK7lL8zX9cV0bN1nM2qW3eR4tT5yU6iI7oO8pP9aS0dF1gG2hH3jJ4kK5lL6z7nB9vR2mX8kLp4QjW3tY5zH1aG6sF9dD0fS8gA7hJ6kL5mN4bV3vC2xZ1oP9iU8uY7tT6rR5eE4wW3qQ2aZ1sX2dC3fV4gB5hN6jM7kL8pO9iU0yT1rE2wQ3aS4dF5gG6hH7jJ8kK9lL0zZ1xX2cC3vV4bB5nN6mM7qQ8wW9eE0rR1tT2yY3uU4iI5oO6pP7aA8sS9dD0fF1gG2hH3jJ4kK5lL6zZ7xX8cC9vV0bB1nN2mM3qW4eR5tT6yU7iI8oO9pP0aS1dF2gG3hH4jJ5kK6lL7zZ8xX9cC0vB1nN2mQ3wE4rR5tT6yY7uU8iI9oO0pP1aS2dF3gG4hH5jJ6kK7lL8zX9cV0bN1nM2qW3eR4tT5yU6iI7oO8pP9aS0dF1gG2hH3jJ4kK5lL6zZ7xX8cC9vV0bB1nN2mM3qW4eR5tT6yU7iI8oO9pP0aS1dF2gG3hH4jJ5kK6lL7zZ8xX9cC0vB1nN2mQ3wE4rR5tT6yY7uU8iI9oO0pP1aS2dF3gG4hH5jJ6kK7lL8zX9cV0bN1nM2qW3eR4tT5yU6iI7oO8pP9aS0dF1gG2hH3jJ4kK5lL6zZ7xX8cC9vV0bB1nN2mM3qW4eR5tT6yU7iI8oO9pP0aS1dF2gG3hH4jJ5kK6lL7zZ8xX9cC0vB1nN2mQ3wE4rR5tT6yY7uU8iI9oO0pP1aS2dF3gG4hH5jJ6kK7lL8zX9cV0bN1nM2qW3eR4tT5yU6iI7oO8pP9aS0dF1gG2hH3jJ4kK5lL6zZ7xX8cC9vV0bB1nN2mM3qW4eR5tT6yU7iI8oO9pP0aS1dF2gG3hH4jJ5kK6lL7zZ8xX9cC0vB1nN2mQ3wE4rR5tT6yY7uU8iI9oO0pP1aS2dF3gG4hH5jJ6kK7lL8zX9cV0bN1nM2qW3eR4tT5yU6iI7oO8pP9aS0dF1gG2hH3jJ4kK5lL6zZ7xX8cC9vV0bB1nN2mM3qW4eR5tT6yU7iI8oO9pP0aS1dF2gG3hH4jJ5kK6lL7zZ8xX9cC0vB1nN2mQ3wE4rR5tT6yY7uU8iI9oO0pP1aS2dF3gG4hH5jJ6kK7l4hH5jJ6kK7lL8zX9cV0bN1nM2qW3eR4tT5yU6iI7oO8pP9aS0dF1gG2hH3jJ4kK5lL6zZ7xX8cC9vV0bB1nN2mM3qW4eR5tT6yU7iI8oO9pP0aS1dF2gG3hH4jJ5kK6lL7zZ8xX9cC0vB1nN2mQ3wE4rR5tT6yY7uU8iI9oO0pP1aS2dF3gG4hH5jJ6kK7lL8zX9cV0bN1nM2qW3eR4tT5yU6iI7oO8pP9aS0dF1gG2hH3jJ4kK5lL6zZ7xX8cC9vV0bB1nN2mM3qW4eR5tT6yU7iI8oO9pP0aS1dF2gG3hH4jJ5kK6lL7zZ8xX9cC0vB1nN2mQ3wE4rR5tT6yY7uU8iI9oO0pP1aS2dF3gG4hH5jJ6kK7l4hH5jJ6kK7lL8zX9cV0bN1nM2qW3eR4tT5yU6iI7oO8pP9aS0dF1gG2hH3jJ4kK5lL6zZ7xX8cC9vV0bB1nN2mM3qW4eR5tT6yU7iI8oO9pP0aS1dF2gG3hH4jJ5kK6lL7zZ8xX9cC0vB1nN2mQ3wE4rR5tT6yY7uU8iI9oO0pP1aS2dF3gG4hH5jJ6kK7lL8zX9cV0bN1nM2qW3eR4tT5yU6iI7oO8pP9aS0dF1gG2hH3jJ4kK5lL6zZ7xX8cC9vV0bB1nN2mM3qW4eR5tT6yU7iI8oO9pP0aS1dF2gG3hH4jJ5kK6lL7zZ8xX9cC0vB1nN2mQ3wE4rR5tT6yY7uU8iI9oO0pP1aS2dF3gG4hH5jJ6kK7l4hH5jJ6kK7lL8zX9cV0bN1nM2qW3eR4tT5yU6iI7oO8pP9aS0dF1gG2hH3jJ4kK5lL6zZ7xX8cC9vV0bB1nN2mM3qW4eR5tT6yU7iI8oO9pP0aS1dF2gG3hH4jJ5kK6lL7zZ8xX9cC0vB1nN2mQ3wE4rR5tT6yY7uU8iI9oO0pP1aS2dF3gG4hH5jJ6kK7lL8zX9cV0bN1nM2qW3eR4tT5yU6iI7oO8pP9aS0dF1gG2hH3jJ4kK5lL6zZ7xX8cC9vV0bB1nN2mM3qW4eR5tT6yU7iI8oO9pP0aS1dF2gG3hH4jJ5kK6lL7zZ8xX9cC0vB1nN2mQ3wE4rR5tT6yY7uU8iI9oO0pP1aS2dF3gG4hH5jJ6kK7l4hH5jJ6kK7lL8zX9cV0bN1nM2qW3eR4tT5yU6iI7oO8pP9aS0dF1gG2hH3jJ4kK5lL6zZ7xX8cC9vV0bB1nN2mM3qW4eR5tT6yU7iI8oO9pP0aS1dF2gG3hH4jJ5kK6lL7zZ8xX9cC0vB1nN2mQ3wE4rR5tT6yY7uU8iI9oO0pP1aS2dF3gG4hH5jJ6kK7lL8zX9cV0bN1nM2qW3eR4tT5yU6iI7oO8pP9aS0dF1gG2hH3jJ4kK5lL6zZ7xX8cC9vV0bB1nN2mM3qW4eR5tT6yU7iI8oO9pP0aS1dF2gG3hH4jJ5kK6lL7zZ8xX9cC0vB1nN2mQ3wE4rR5tT6yY7uU8iI9oO0pP1aS2dF3gG4hH5jJ6kK7l4hH5jJ6kK7lL8zX9cV0bN1nM2qW3eR4tT5yU6iI7oO8pP9aS0dF1gG2hH3jJ4kK5lL6zZ7xX8cC9vV0bB1nN2mM3qW4eR5tT6yU7iI8oO9pP0aS1dF2gG3hH4jJ5kK6lL7zZ8xX9cC0vB1nN2mQ3wE4rR5tT6yY7uU8iI9oO0pP1aS2dF3gG4hH5jJ6kK7lL8zX9cV0bN1nM2qW3eR4tT5yU6iI7oO8pP9aS0dF1gG2hH3jJ4kK5lL6zZ7xX8cC9vV0bB1nN2mM3qW4eR5tT6yU7iI8oO9pP0aS1dF2gG3hH4jJ5kK6lL7zZ8xX9cC0vB1nN2mQ3wE4rR5tT6yY7uU8iI9oO0pP1aS2dF3gG4hH5jJ6kK7l4hH5jJ6kK7lL8zX9cV0bN1nM2qW3eR4tT5yU6iI7oO8pP9aS0dF1gG2hH3jJ4kK5lL6zZ7xX8cC9vV0bB1nN2mM3qW4eR5tT6yU7iI8oO9pP0aS1dF2gG3hH4jJ5kK6lL7zZ8xX9cC0vB1nN2mQ3wE4rR5tT6yY7uU8iI9oO0pP1aS2dF3gG4hH5jJ6kK7lL8zX9cV0bN1nM2qW3eR4tT5yU6iI7oO8pP9aS0dF1gG2hH3jJ4kK5lL6zZ7xX8cC9vV0bB1nN2mM3qW4eR5tT6yU7iI8oO9pP0aS1dF2gG3hH4jJ5kK6lL7zZ8xX9cC0vB1nN2mQ3wE4rR5tT6yY7uU8iI9oO0pP1aS2dF3gG4hH5jJ6kK7l4hH5jJ6kK7lL8zX9cV0bN1nM2qW3eR4tT5yU6iI7oO8pP9aS0dF1gG2hH3jJ4kK5lL6zZ7xX8cC9vV0bB1nN2mM3qW4eR5tT6yU7iI8oO9pP0aS1dF2gG3hH4jJ5kK6lL7zZ8xX9cC0vB1nN2mQ3wE4rR5tT6yY7uU8iI9oO0pP1aS2dF3gG4hH5jJ6kK7lL8zX9cV0bN1nM2qW3eR4tT5yU6iI7oO8pP9aS0dF1gG2hH3jJ4kK5lL6zZ7xX8cC9vV0bB1nN2mM3qW4eR5tT6yU7iI8oO9pP0aS1dF2gG3hH4jJ5kK6lL7zZ8xX9cC0vB1nN2mQ3wE4rR5tT6yY7uU8iI9oO0pP1aS2dF3gG4hH5jJ6kK7l4hH5jJ6kK7lL8zX9cV0bN1nM2qW3eR4tT5yU6iI7oO8pP9aS0dF1gG2hH3jJ4kK5lL6z7nB9vR2mX8kLp4QjW3tY5zH1aG6sF9dD0fS8gA7hJ6kL5mN4bV3vC2xZ1oP9iU8uY7tT6rR5eE4wW3qQ2aZ1sX2dC3fV4gB5hN6jM7kL8pO9iU0yT1rE2wQ3aS4dF5gG6hH7jJ8kK9lL0zZ1xX2cC3vV4bB5nN6mM7qQ8wW9eE0rR1tT2yY3uU4iI5oO6pP7aA8sS9dD0fF1gG2hH3jJ4kK5lL6zZ7xX8cC9vV0bB1nN2mM3qW4eR5tT6yU7iI8oO9pP0aS1dF2gG3hH4jJ5kK6lL7zZ8xX9cC0vB1nN2mQ3wE4rR5tT6yY7uU8iI9oO0pP1aS2dF3gG4hH5jJ6kK7lL8zX9cV0bN1nM2qW3eR4tT5yU6iI7oO8pP9aS0dF1gG2hH3jJ4kK5lL6zZ7xX8cC9vV0bB1nN2mM3qW4eR5tT6yU7iI8oO9pP0aS1dF2gG3hH4jJ5kK6lL7zZ8xX9cC0vB1nN2mQ3wE4rR5tT6yY7uU8iI9oO0pP1aS2dF3gG4hH5jJ6kK7lL8zX9cV0bN1nM2qW3eR4tT5yU6iI7oO8pP9aS0dF1gG2hH3jJ4kK5lL6zZ7xX8cC9vV0bB1nN2mM3qW4eR5tT6yU7iI8oO9pP0aS1dF2gG3hH4jJ5kK6lL7zZ8xX9cC0vB1nN2mQ3wE4rR5tT6yY7uU8iI9oO0pP1aS2dF3gG4hH5jJ6kK7lL8zX9cV0bN1nM2qW3eR4tT5yU6iI7oO8pP9aS0dF1gG2hH3jJ4kK5lL6zZ7xX8cC9vV0bB1nN2mM3qW4eR5tT6yU7iI8oO9pP0aS1dF2gG3hH4jJ5kK6lL7zZ8xX9cC0vB1nN2mQ3wE4rR5tT6yY7uU8iI9oO0pP1aS2dF3gG4hH5jJ6kK7lL8zX9cV0bN1nM2qW3eR4tT5yU6iI7oO8pP9aS0dF1gG2hH3jJ4kK5lL6zZ7xX8cC9vV0bB1nN2mM3qW4eR5tT6yU7iI8oO9pP0aS1dF2gG3hH4jJ5kK6lL7zZ8xX9cC0vB1nN2mQ3wE4rR5tT6yY7uU8iI9oO0pP1aS2dF3gG4hH5jJ6kK7l4hH5jJ6kK7lL8zX9cV0bN1nM2qW3eR4tT5yU6iI7oO8pP9aS0dF1gG2hH3jJ4kK5lL6zZ7xX8cC9vV0bB1nN2mM3qW4eR5tT6yU7iI8oO9pP0aS1dF2gG3hH4jJ5kK6lL7zZ8xX9cC0vB1nN2mQ3wE4rR5tT6yY7uU8iI9oO0pP1aS2dF3gG4hH5jJ6kK7lL8zX9cV0bN1nM2qW3eR4tT5yU6iI7oO8pP9aS0dF1gG2hH3jJ4kK5lL6zZ7xX8cC9vV0bB1nN2mM3qW4eR5tT6yU7iI8oO9pP0aS1dF2gG3hH4jJ5kK6lL7zZ8xX9cC0vB1nN2mQ3wE4rR5tT6yY7uU8iI9oO0pP1aS2dF3gG4hH5jJ6kK7l4hH5jJ6kK7lL8zX9cV0bN1nM2qW3eR4tT5yU6iI7oO8pP9aS0dF1gG2hH3jJ4kK5lL6zZ7xX8cC9vV0bB1nN2mM3qW4eR5tT6yU7iI8oO9pP0aS1dF2gG3hH4jJ5kK6lL7zZ8xX9cC0vB1nN2mQ3wE4rR5tT6yY7uU8iI9oO0pP1aS2dF3gG4hH5jJ6kK7lL8zX9cV0bN1nM2qW3eR4tT5yU6iI7oO8pP9aS0dF1gG2hH3jJ4kK5lL6zZ7xX8cC9vV0bB1nN2mM3qW4eR5tT6yU7iI8oO9pP0aS1dF2gG3hH4jJ5kK6lL7zZ8xX9cC0vB1nN2mQ3wE4rR5tT6yY7uU8iI9oO0pP1aS2dF3gG4hH5jJ6kK7l4hH5jJ6kK7lL8zX9cV0bN1nM2qW3eR4tT5yU6iI7oO8pP9aS0dF1gG2hH3jJ4kK5lL6zZ7xX8cC9vV0bB1nN2mM3qW4eR5tT6yU7iI8oO9pP0aS1dF2gG3hH4jJ5kK6lL7zZ8xX9cC0vB1nN2mQ3wE4rR5tT6yY7uU8iI9oO0pP1aS2dF3gG4hH5jJ6kK7lL8zX9cV0bN1nM2qW3eR4tT5yU6iI7oO8pP9aS0dF1gG2hH3jJ4kK5lL6zZ7xX8cC9vV0bB1nN2mM3qW4eR5tT6yU7iI8oO9pP0aS1dF2gG3hH4jJ5kK6lL7zZ8xX9cC0vB1nN2mQ3wE4rR5tT6yY7uU8iI9oO0pP1aS2dF3gG4hH5jJ6kK7l4hH5jJ6kK7lL8zX9cV0bN1nM2qW3eR4tT5yU6iI7oO8pP9aS0dF1gG2hH3jJ4kK5lL6zZ7xX8cC9vV0bB1nN2mM3qW4eR5tT6yU7iI8oO9pP0aS1dF2gG3hH4jJ5kK6lL7zZ8xX9cC0vB1nN2mQ3wE4rR5tT6yY7uU8iI9oO0pP1aS2dF3gG4hH5jJ6kK7lL8zX9cV0bN1nM2qW3eR4tT5yU6iI7oO8pP9aS0dF1gG2hH3jJ4kK5lL6zZ7xX8cC9vV0bB1nN2mM3qW4eR5tT6yU7iI8oO9pP0aS1dF2gG3hH4jJ5kK6lL7zZ8xX9cC0vB1nN2mQ3wE4rR5tT6yY7uU8iI9oO0pP1aS2dF3gG4hH5jJ6kK7l4hH5jJ6kK7lL8zX9cV0bN1nM2qW3eR4tT5yU6iI7oO8pP9aS0dF1gG2hH3jJ4kK5lL6zZ7xX8cC9vV0bB1nN2mM3qW4eR5tT6yU7iI8oO9pP0aS1dF2gG3hH4jJ5kK6lL7zZ8xX9cC0vB1nN2mQ3wE4rR5tT6yY7uU8iI9oO0pP1aS2dF3gG4hH5jJ6kK7lL8zX9cV0bN1nM2qW3eR4tT5yU6iI7oO8pP9aS0dF1gG2hH3jJ4kK5lL6zZ7xX8cC9vV0bB1nN2mM3qW4eR5tT6yU7iI8oO9pP0aS1dF2gG3hH4jJ5kK6lL7zZ8xX9cC0vB1nN2mQ3wE4rR5tT6yY7uU8iI9oO0pP1aS2dF3gG4hH5jJ6kK7l4hH5jJ6kK7lL8zX9cV0bN1nM2qW3eR4tT5yU6iI7oO8pP9aS0dF1gG2hH3jJ4kK5lL6zZ7xX8cC9vV0bB1nN2mM3qW4eR5tT6yU7iI8oO9pP0aS1dF2gG3hH4jJ5kK6lL7zZ8xX9cC0vB1nN2mQ3wE4rR5tT6yY7uU8iI9oO0pP1aS2dF3gG4hH5jJ6kK7lL8zX9cV0bN1nM2qW3eR4tT5yU6iI7oO8pP9aS0dF1gG2hH3jJ4kK5lL6zZ7xX8cC9vV0bB1nN2mM3qW4eR5tT6yU7iI8oO9pP0aS1dF2gG3hH4jJ5kK6lL7zZ8xX9cC0vB1nN2mQ3wE4rR5tT6yY7uU8iI9oO0pP1aS2dF3gG4hH5jJ6kK7l4hH5jJ6kK7lL8zX9cV0bN1nM2qW3eR4tT5yU6iI7oO8pP9aS0dF1gG2hH3jJ4kK5lL6zZ7xX8cC9vV0bB1nN2mM3qW4eR5tT6yU7iI8oO9pP0aS1dF2gG3hH4jJ5kK6lL7zZ8xX9cC0vB1nN2mQ3wE4rR5tT6yY7uU8iI9oO0pP1aS2dF3gG4hH5jJ6kK7lL8zX9cV0bN1nM2qW3eR4tT5yU6iI7oO8pP9aS0dF1gG2hH3jJ4kK5lL6zZ7xX8cC9vV0bB1nN2mM3qW4eR5tT6yU7iI8oO9pP0aS1dF2gG3hH4jJ5kK6lL7zZ8xX9cC0vB1nN2mQ3wE4rR5tT6yY7uU8iI9oO0pP1aS2dF3gG4hH5jJ6kK7l4hH5jJ6kK7lL8zX9cV0bN1nM2qW3eR4tT5yU6iI7oO8pP9aS0dF1gG2hH3jJ4kK5lL6z7nB9vR2mX8kLp4QjW3tY5zH1aG6sF9dD0fS8gA7hJ6kL5mN4bV3vC2xZ1oP9iU8uY7tT6rR5eE4wW3qQ2aZ1sX2dC3fV4gB5hN6jM7kL8pO9iU0yT1rE2wQ3aS4dF5gG6hH7jJ8kK9lL0zZ1xX2cC3vV4bB5nN6mM7qQ8wW9eE0rR1tT2yY3uU4iI5oO6pP7aA8sS9dD0fF1gG2hH3jJ4kK5lL6zZ7xX8cC9vV0bB1nN2mM3qW4eR5tT6yU7iI8oO9pP0aS1dF2gG3hH4jJ5kK6lL7zZ8xX9cC0vB1nN2mQ3wE4rR5tT6yY7uU8iI9oO0pP1aS2dF3gG4hH5jJ6kK7lL8zX9cV0bN1nM2qW3eR4tT5yU6iI7oO8pP9aS0dF1gG2hH3jJ4kK5lL6zZ7xX8cC9vV0bB1nN2mM3qW4eR5tT6yU7iI8oO9pP0aS1dF2gG3hH4jJ5kK6lL7zZ8xX9cC0vB1nN2mQ3wE4rR5tT6yY7uU8iI9oO0pP1aS2dF3gG4hH5jJ6kK7lL8zX9cV0bN1nM2qW3eR4tT5yU6iI7oO8pP9aS0dF1gG2hH3jJ4kK5lL6zZ7xX8cC9vV0bB1nN2mM3qW4eR5tT6yU7iI8oO9pP0aS1dF2gG3hH4jJ5kK6lL7zZ8xX9cC0vB1nN2mQ3wE4rR5tT6yY7uU8iI9oO0pP1aS2dF3gG4hH5jJ6kK7lL8zX9cV0bN1nM2qW3eR4tT5yU6iI7oO8pP9aS0dF1gG2hH3jJ4kK5lL6zZ7xX8cC9vV0bB1nN2mM3qW4eR5tT6yU7iI8oO9pP0aS1dF2gG3hH4jJ5kK6lL7zZ8xX9cC0vB1nN2mQ3wE4rR5tT6yY7uU8iI9oO0pP1aS2dF3gG4hH5jJ6kK7lL8zX9cV0bN1nM2qW3eR4tT5yU6iI7oO8pP9aS0dF1gG2hH3jJ4kK5lL6zZ7xX8cC9vV0bB1nN2mM3qW4eR5tT6yU7iI8oO9pP0aS1dF2gG3hH4jJ5kK6lL7zZ8xX9cC0vB1nN2mQ3wE4rR5tT6yY7uU8iI9oO0pP1aS2dF3gG4hH5jJ6kK7l4hH5jJ6kK7lL8zX9cV0bN1nM2qW3eR4tT5yU6iI7oO8pP9aS0dF1gG2hH3jJ4kK5lL6zZ7xX8cC9vV0bB1nN2mM3qW4eR5tT6yU7iI8oO9pP0aS1dF2gG3hH4jJ5kK6lL7zZ8xX9cC0vB1nN2mQ3wE4rR5tT6yY7uU8iI9oO0pP1aS2dF3gG4hH5jJ6kK7lL8zX9cV0bN1nM2qW3eR4tT5yU6iI7oO8pP9aS0dF1gG2hH3jJ4kK5lL6zZ7xX8cC9vV0bB1nN2mM3qW4eR5tT6yU7iI8oO9pP0aS1dF2gG3hH4jJ5kK6lL7zZ8xX9cC0vB1nN2mQ3wE4rR5tT6yY7uU8iI9oO0pP1aS2dF3gG4hH5jJ6kK7l4hH5jJ6kK7lL8zX9cV0bN1nM2qW3eR4tT5yU6iI7oO8pP9aS0dF1gG2hH3jJ4kK5lL6zZ7xX8cC9vV0bB1nN2mM3qW4eR5tT6yU7iI8oO9pP0aS1dF2gG3hH4jJ5kK6lL7zZ8xX9cC0vB1nN2mQ3wE4rR5tT6yY7uU8iI9oO0pP1aS2dF3gG4hH5jJ6kK7lL8zX9cV0bN1nM2qW3eR4tT5yU6iI7oO8pP9aS0dF1gG2hH3jJ4kK5lL6zZ7xX8cC9vV0bB1nN2mM3qW4eR5tT6yU7iI8oO9pP0aS1dF2gG3hH4jJ5kK6lL7zZ8xX9cC0vB1nN2mQ3wE4rR5tT6yY7uU8iI9oO0pP1aS2dF3gG4hH5jJ6kK7l4hH5jJ6kK7lL8zX9cV0bN1nM2qW3eR4tT5yU6iI7oO8pP9aS0dF1gG2hH3jJ4kK5lL6zZ7xX8cC9vV0bB1nN2mM3qW4eR5tT6yU7iI8oO9pP0aS1dF2gG3hH4jJ5kK6lL7zZ8xX9cC0vB1nN2mQ3wE4rR5tT6yY7uU8iI9oO0pP1aS2dF3gG4hH5jJ6kK7lL8zX9cV0bN1nM2qW3eR4tT5yU6iI7oO8pP9aS0dF1gG2hH3jJ4kK5lL6zZ7xX8cC9vV0bB1nN2mM3qW4eR5tT6yU7iI8oO9pP0aS1dF2gG3hH4jJ5kK6lL7zZ8xX9cC0vB1nN2mQ3wE4rR5tT6yY7uU8iI9oO0pP1aS2dF3gG4hH5jJ6kK7l4hH5jJ6kK7lL8zX9cV0bN1nM2qW3eR4tT5yU6iI7oO8pP9aS0dF1gG2hH3jJ4kK5lL6zZ7xX8cC9vV0bB1nN2mM3qW4eR5tT6yU7iI8oO9pP0aS1dF2gG3hH4jJ5kK6lL7zZ8xX9cC0vB1nN2mQ3wE4rR5tT6yY7uU8iI9oO0pP1aS2dF3gG4hH5jJ6kK7lL8zX9cV0bN1nM2qW3eR4tT5yU6iI7oO8pP9aS0dF1gG2hH3jJ4kK5lL6zZ7xX8cC9vV0bB1nN2mM3qW4eR5tT6yU7iI8oO9pP0aS1dF2gG3hH4jJ5kK6lL7zZ8xX9cC0vB1nN2mQ3wE4rR5tT6yY7uU8iI9oO0pP1aS2dF3gG4hH5jJ6kK7l4hH5jJ6kK7lL8zX9cV0bN1nM2qW3eR4tT5yU6iI7oO8pP9aS0dF1gG2hH3jJ4kK5lL6zZ7xX8cC9vV0bB1nN2mM3qW4eR5tT6yU7iI8oO9pP0aS1dF2gG3hH4jJ5kK6lL7zZ8xX9cC0vB1nN2mQ3wE4rR5tT6yY7uU8iI9oO0pP1aS2dF3gG4hH5jJ6kK7lL8zX9cV0bN1nM2qW3eR4tT5yU6iI7oO8pP9aS0dF1gG2hH3jJ4kK5lL6zZ7xX8cC9vV0bB1nN2mM3qW4eR5tT6yU7iI8oO9pP0aS1dF2gG3hH4jJ5kK6lL7zZ8xX9cC0vB1nN2mQ3wE4rR5tT6yY7uU8iI9oO0pP1aS2dF3gG4hH5jJ6kK7l4hH5jJ6kK7lL8zX9cV0bN1nM2qW3eR4tT5yU6iI7oO8pP9aS0dF1gG2hH3jJ4kK5lL6zZ7xX8cC9vV0bB1nN2mM3qW4eR5tT6yU7iI8oO9pP0aS1dF2gG3hH4jJ5kK6lL7zZ8xX9cC0vB1nN2mQ3wE4rR5tT6yY7uU8iI9oO0pP1aS2dF3gG4hH5jJ6kK7lL8zX9cV0bN1nM2qW3eR4tT5yU6iI7oO8pP9aS0dF1gG2hH3jJ4kK5lL6zZ7xX8cC9vV0bB1nN2mM3qW4eR5tT6yU7iI8oO9pP0aS1dF2gG3hH4jJ5kK6lL7zZ8xX9cC0vB1nN2mQ3wE4rR5tT6yY7uU8iI9oO0pP1aS2dF3gG4hH5jJ6kK7l4hH5jJ6kK7lL8zX9cV0bN1nM2qW3eR4tT5yU6iI7oO8pP9aS0dF1gG2hH3jJ4kK5lL6zZ7xX8cC9vV0bB1nN2mM3qW4eR5tT6yU7iI8oO9pP0aS1dF2gG3hH4jJ5kK6lL7zZ8xX9cC0vB1nN2mQ3wE4rR5tT6yY7uU8iI9oO0pP1aS2dF3gG4hH5jJ6kK7lL8zX9cV0bN1nM2qW3eR4tT5yU6iI7oO8pP9aS0dF1gG2hH3jJ4kK5lL6zZ7xX8cC9vV0bB1nN2mM3qW4eR5tT6yU7iI8oO9pP0aS1dF2gG3hH4jJ5kK6lL7zZ8xX9cC0vB1nN2mQ3wE4rR5tT6yY7uU8iI9oO0pP1aS2dF3gG4hH5jJ6kK7l4hH5jJ6kK7lL8zX9cV0bN1nM2qW3eR4tT5yU6iI7oO8pP9aS0dF1gG2hH3jJ4kK5lL6z7nB9vR2mX8kLp4QjW3tY5zH1aG6sF9dD0fS8gA7hJ6kL5mN4bV3vC2xZ1oP9iU8uY7tT6rR5eE4wW3qQ2aZ1sX2dC3fV4gB5hN6jM7kL8pO9iU0yT1rE2wQ3aS4dF5gG6hH7jJ8kK9lL0zZ1xX2cC3vV4bB5nN6mM7qQ8wW9eE0rR1tT2yY3uU4iI5oO6pP7aA8sS9dD0fF1gG2hH3jJ4kK5lL6zZ7xX8cC9vV0bB1nN2mM3qW4eR5tT6yU7iI8oO9pP0aS1dF2gG3hH4jJ5kK6lL7zZ8xX9cC0vB1nN2mQ3wE4rR5tT6yY7uU8iI9oO0pP1aS2dF3gG4hH5jJ6kK7lL8zX9cV0bN1nM2qW3eR4tT5yU6iI7oO8pP9aS0dF1gG2hH3jJ4kK5lL6zZ7xX8cC9vV0bB1nN2mM3qW4eR5tT6yU7iI8oO9pP0aS1dF2gG3hH4jJ5kK6lL7zZ8xX9cC0vB1nN2mQ3wE4rR5tT6yY7uU8iI9oO0pP1aS2dF3gG4hH5jJ6kK7lL8zX9cV0bN1nM2qW3eR4tT5yU6iI7oO8pP9aS0dF1gG2hH3jJ4kK5lL6zZ7xX8cC9vV0bB1nN2mM3qW4eR5tT6yU7iI8oO9pP0aS1dF2gG3hH4jJ5kK6lL7zZ8xX9cC0vB1nN2mQ3wE4rR5tT6yY7uU8iI9oO0pP1aS2dF3gG4hH5jJ6kK7lL8zX9cV0bN1nM2qW3eR4tT5yU6iI7oO8pP9aS0dF1gG2hH3jJ4kK5lL6zZ7xX8cC9vV0bB1nN2mM3qW4eR5tT6yU7iI8oO9pP0aS1dF2gG3hH4jJ5kK6lL7zZ8xX9cC0vB1nN2mQ3wE4rR5tT6yY7uU8iI9oO0pP1aS2dF3gG4hH5jJ6kK7lL8zX9cV0bN1nM2qW3eR4tT5yU6iI7oO8pP9aS0dF1gG2hH3jJ4kK5lL6zZ7xX8cC9vV0bB1nN2mM3qW4eR5tT6yU7iI8oO9pP0aS1dF2gG3hH4jJ5kK6lL7zZ8xX9cC0vB1nN2mQ3wE4rR5tT6yY7uU8iI9oO0pP1aS2dF3gG4hH5jJ6kK7l4hH5jJ6kK7lL8zX9cV0bN1nM2qW3eR4tT5yU6iI7oO8pP9aS0dF1gG2hH3jJ4kK5lL6zZ7xX8cC9vV0bB1nN2mM3qW4eR5tT6yU7iI8oO9pP0aS1dF2gG3hH4jJ5kK6lL7zZ8xX9cC0vB1nN2mQ3wE4rR5tT6yY7uU8iI9oO0pP1aS2dF3gG4hH5jJ6kK7lL8zX9cV0bN1nM2qW3eR4tT5yU6iI7oO8pP9aS0dF1gG2hH3jJ4kK5lL6zZ7xX8cC9vV0bB1nN2mM3qW4eR5tT6yU7iI8oO9pP0aS1dF2gG3hH4jJ5kK6lL7zZ8xX9cC0vB1nN2mQ3wE4rR5tT6yY7uU8iI9oO0pP1aS2dF3gG4hH5jJ6kK7l4hH5jJ6kK7lL8zX9cV0bN1nM2qW3eR4tT5yU6iI7oO8pP9aS0dF1gG2hH3jJ4kK5lL6zZ7xX8cC9vV0bB1nN2mM3qW4eR5tT6yU7iI8oO9pP0aS1dF2gG3hH4jJ5kK6lL7zZ8xX9cC0vB1nN2mQ3wE4rR5tT6yY7uU8iI9oO0pP1aS2dF3gG4hH5jJ6kK7lL8zX9cV0bN1nM2qW3eR4tT5yU6iI7oO8pP9aS0dF1gG2hH3jJ4kK5lL6zZ7xX8cC9vV0bB1nN2mM3qW4eR5tT6yU7iI8oO9pP0aS1dF2gG3hH4jJ5kK6lL7zZ8xX9cC0vB1nN2mQ3wE4rR5tT6yY7uU8iI9oO0pP1aS2dF3gG4hH5jJ6kK7l4hH5jJ6kK7lL8zX9cV0bN1nM2qW3eR4tT5yU6iI7oO8pP9aS0dF1gG2hH3jJ4kK5lL6zZ7xX8cC9vV0bB1nN2mM3qW4eR5tT6yU7iI8oO9pP0aS1dF2gG3hH4jJ5kK6lL7zZ8xX9cC0vB1nN2mQ3wE4rR5tT6yY7uU8iI9oO0pP1aS2dF3gG4hH5jJ6kK7lL8zX9cV0bN1nM2qW3eR4tT5yU6iI7oO8pP9aS0dF1gG2hH3jJ4kK5lL6zZ7xX8cC9vV0bB1nN2mM3qW4eR5tT6yU7iI8oO9pP0aS1dF2gG3hH4jJ5kK6lL7zZ8xX9cC0vB1nN2mQ3wE4rR5tT6yY7uU8iI9oO0pP1aS2dF3gG4hH5jJ6kK7l4hH5jJ6kK7lL8zX9cV0bN1nM2qW3eR4tT5yU6iI7oO8pP9aS0dF1gG2hH3jJ4kK5lL6zZ7xX8cC9vV0bB1nN2mM3qW4eR5tT6yU7iI8oO9pP0aS1dF2gG3hH4jJ5kK6lL7zZ8xX9cC0vB1nN2mQ3wE4rR5tT6yY7uU8iI9oO0pP1aS2dF3gG4hH5jJ6kK7lL8zX9cV0bN1nM2qW3eR4tT5yU6iI7oO8pP9aS0dF1gG2hH3jJ4kK5lL6zZ7xX8cC9vV0bB1nN2mM3qW4eR5tT6yU7iI8oO9pP0aS1dF2gG3hH4jJ5kK6lL7zZ8xX9cC0vB1nN2mQ3wE4rR5tT6yY7uU8iI9oO0pP1aS2dF3gG4hH5jJ6kK7l4hH5jJ6kK7lL8zX9cV0bN1nM2qW3eR4tT5yU6iI7oO8pP9aS0dF1gG2hH3jJ4kK5lL6zZ7xX8cC9vV0bB1nN2mM3qW4eR5tT6yU7iI8oO9pP0aS1dF2gG3hH4jJ5kK6lL7zZ8xX9cC0vB1nN2mQ3wE4rR5tT6yY7uU8iI9oO0pP1aS2dF3gG4hH5jJ6kK7lL8zX9cV0bN1nM2qW3eR4tT5yU6iI7oO8pP9aS0dF1gG2hH3jJ4kK5lL6zZ7xX8cC9vV0bB1nN2mM3qW4eR5tT6yU7iI8oO9pP0aS1dF2gG3hH4jJ5kK6lL7zZ8xX9cC0vB1nN2mQ3wE4rR5tT6yY7uU8iI9oO0pP1aS2dF3gG4hH5jJ6kK7l4hH5jJ6kK7lL8zX9cV0bN1nM2qW3eR4tT5yU6iI7oO8pP9aS0dF1gG2hH3jJ4kK5lL6zZ7xX8cC9vV0bB1nN2mM3qW4eR5tT6yU7iI8oO9pP0aS1dF2gG3hH4jJ5kK6lL7zZ8xX9cC0vB1nN2mQ3wE4rR5tT6yY7uU8iI9oO0pP1aS2dF3gG4hH5jJ6kK7lL8zX9cV0bN1nM2qW3eR4tT5yU6iI7oO8pP9aS0dF1gG2hH3jJ4kK5lL6zZ7xX8cC9vV0bB1nN2mM3qW4eR5tT6yU7iI8oO9pP0aS1dF2gG3hH4jJ5kK6lL7zZ8xX9cC0vB1nN2mQ3wE4rR5tT6yY7uU8iI9oO0pP1aS2dF3gG4hH5jJ6kK7l4hH5jJ6kK7lL8zX9cV0bN1nM2qW3eR4tT5yU6iI7oO8pP9aS0dF1gG2hH3jJ4kK5lL6zZ7xX8cC9vV0bB1nN2mM3qW4eR5tT6yU7iI8oO9pP0aS1dF2gG3hH4jJ5kK6lL7zZ8xX9cC0vB1nN2mQ3wE4rR5tT6yY7uU8iI9oO0pP1aS2dF3gG4hH5jJ6kK7lL8zX9cV0bN1nM2qW3eR4tT5yU6iI7oO8pP9aS0dF1gG2hH3jJ4kK5lL6zZ7xX8cC9vV0bB1nN2mM3qW4eR5tT6yU7iI8oO9pP0aS1dF2gG3hH4jJ5kK6lL7zZ8xX9cC0vB1nN2mQ3wE4rR5tT6yY7uU8iI9oO0pP1aS2dF3gG4hH5jJ6kK7l4hH5jJ6kK7lL8zX9cV0bN1nM2qW3eR4tT5yU6iI7oO8pP9aS0dF1gG2hH3jJ4kK5lL6z7nB9vR2mX8kLp4QjW3tY5zH1aG6sF9dD0fS8gA7hJ6kL5mN4bV3vC2xZ1oP9iU8uY7tT6rR5eE4wW3qQ2aZ1sX2dC3fV4gB5hN6jM7kL8pO9iU0yT1rE2wQ3aS4dF5gG6hH7jJ8kK9lL0zZ1xX2cC3vV4bB5nN6mM7qQ8wW9eE0rR1tT2yY3uU4iI5oO6pP7aA8sS9dD0fF1gG2hH3jJ4kK5lL6zZ7xX8cC9vV0bB1nN2mM3qW4eR5tT6yU7iI8oO9pP0aS1dF2gG3hH4jJ5kK6lL7zZ8xX9cC0vB1nN2mQ3wE4rR5tT6yY7uU8iI9oO0pP1aS2dF3gG4hH5jJ6kK7lL8zX9cV0bN1nM2qW3eR4tT5yU6iI7oO8pP9aS0dF1gG2hH3jJ4kK5lL6zZ7xX8cC9vV0bB1nN2mM3qW4eR5tT6yU7iI8oO9pP0aS1dF2gG3hH4jJ5kK6lL7zZ8xX9cC0vB1nN2mQ3wE4rR5tT6yY7uU8iI9oO0pP1aS2dF3gG4hH5jJ6kK7lL8zX9cV0bN1nM2qW3eR4tT5yU6iI7oO8pP9aS0dF1gG2hH3jJ4kK5lL6zZ7xX8cC9vV0bB1nN2mM3qW4eR5tT6yU7iI8oO9pP0aS1dF2gG3hH4jJ5kK6lL7zZ8xX9cC0vB1nN2mQ3wE4rR5tT6yY7uU8iI9oO0pP1aS2dF3gG4hH5jJ6kK7lL8zX9cV0bN1nM2qW3eR4tT5yU6iI7oO8pP9aS0dF1gG2hH3jJ4kK5lL6zZ7xX8cC9vV0bB1nN2mM3qW4eR5tT6yU7iI8oO9pP0aS1dF2gG3hH4jJ5kK6lL7zZ8xX9cC0vB1nN2mQ3wE4rR5tT6yY7uU8iI9oO0pP1aS2dF3gG4hH5jJ6kK7lL8zX9cV0bN1nM2qW3eR4tT5yU6iI7oO8pP9aS0dF1gG2hH3jJ4kK5lL6zZ7xX8cC9vV0bB1nN2mM3qW4eR5tT6yU7iI8oO9pP0aS1dF2gG3hH4jJ5kK6lL7zZ8xX9cC0vB1nN2mQ3wE4rR5tT6yY7uU8iI9oO0pP1aS2dF3gG4hH5jJ6kK7l4hH5jJ6kK7lL8zX9cV0bN1nM2qW3eR4tT5yU6iI7oO8pP9aS0dF1gG2hH3jJ4kK5lL6zZ7xX8cC9vV0bB1nN2mM3qW4eR5tT6yU7iI8oO9pP0aS1dF2gG3hH4jJ5kK6lL7zZ8xX9cC0vB1nN2mQ3wE4rR5tT6yY7uU8iI9oO0pP1aS2dF3gG4hH5jJ6kK7lL8zX9cV0bN1nM2qW3eR4tT5yU6iI7oO8pP9aS0dF1gG2hH3jJ4kK5lL6zZ7xX8cC9vV0bB1nN2mM3qW4eR5tT6yU7iI8oO9pP0aS1dF2gG3hH4jJ5kK6lL7zZ8xX9cC0vB1nN2mQ3wE4rR5tT6yY7uU8iI9oO0pP1aS2dF3gG4hH5jJ6kK7l4hH5jJ6kK7lL8zX9cV0bN1nM2qW3eR4tT5yU6iI7oO8pP9aS0dF1gG2hH3jJ4kK5lL6zZ7xX8cC9vV0bB1nN2mM3qW4eR5tT6yU7iI8oO9pP0aS1dF2gG3hH4jJ5kK6lL7zZ8xX9cC0vB1nN2mQ3wE4rR5tT6yY7uU8iI9oO0pP1aS2dF3gG4hH5jJ6kK7lL8zX9cV0bN1nM2qW3eR4tT5yU6iI7oO8pP9aS0dF1gG2hH3jJ4kK5lL6zZ7xX8cC9vV0bB1nN2mM3qW4eR5tT6yU7iI8oO9pP0aS1dF2gG3hH4jJ5kK6lL7zZ8xX9cC0vB1nN2mQ3wE4rR5tT6yY7uU8iI9oO0pP1aS2dF3gG4hH5jJ6kK7l4hH5jJ6kK7lL8zX9cV0bN1nM2qW3eR4tT5yU6iI7oO8pP9aS0dF1gG2hH3jJ4kK5lL6zZ7xX8cC9vV0bB1nN2mM3qW4eR5tT6yU7iI8oO9pP0aS1dF2gG3hH4jJ5kK6lL7zZ8xX9cC0vB1nN2mQ3wE4rR5tT6yY7uU8iI9oO0pP1aS2dF3gG4hH5jJ6kK7lL8zX9cV0bN1nM2qW3eR4tT5yU6iI7oO8pP9aS0dF1gG2hH3jJ4kK5lL6zZ7xX8cC9vV0bB1nN2mM3qW4eR5tT6yU7iI8oO9pP0aS1dF2gG3hH4jJ5kK6lL7zZ8xX9cC0vB1nN2mQ3wE4rR5tT6yY7uU8iI9oO0pP1aS2dF3gG4hH5jJ6kK7l4hH5jJ6kK7lL8zX9cV0bN1nM2qW3eR4tT5yU6iI7oO8pP9aS0dF1gG2hH3jJ4kK5lL6zZ7xX8cC9vV0bB1nN2mM3qW4eR5tT6yU7iI8oO9pP0aS1dF2gG3hH4jJ5kK6lL7zZ8xX9cC0vB1nN2mQ3wE4rR5tT6yY7uU8iI9oO0pP1aS2dF3gG4hH5jJ6kK7lL8zX9cV0bN1nM2qW3eR4tT5yU6iI7oO8pP9aS0dF1gG2hH3jJ4kK5lL6zZ7xX8cC9vV0bB1nN2mM3qW4eR5tT6yU7iI8oO9pP0aS1dF2gG3hH4jJ5kK6lL7zZ8xX9cC0vB1nN2mQ3wE4rR5tT6yY7uU8iI9oO0pP1aS2dF3gG4hH5jJ6kK7l4hH5jJ6kK7lL8zX9cV0bN1nM2qW3eR4tT5yU6iI7oO8pP9aS0dF1gG2hH3jJ4kK5lL6zZ7xX8cC9vV0bB1nN2mM3qW4eR5tT6yU7iI8oO9pP0aS1dF2gG3hH4jJ5kK6lL7zZ8xX9cC0vB1nN2mQ3wE4rR5tT6yY7uU8iI9oO0pP1aS2dF3gG4hH5jJ6kK7lL8zX9cV0bN1nM2qW3eR4tT5yU6iI7oO8pP9aS0dF1gG2hH3jJ4kK5lL6zZ7xX8cC9vV0bB1nN2mM3qW4eR5tT6yU7iI8oO9pP0aS1dF2gG3hH4jJ5kK6lL7zZ8xX9cC0vB1nN2mQ3wE4rR5tT6yY7uU8iI9oO0pP1aS2dF3gG4hH5jJ6kK7l4hH5jJ6kK7lL8zX9cV0bN1nM2qW3eR4tT5yU6iI7oO8pP9aS0dF1gG2hH3jJ4kK5lL6zZ7xX8cC9vV0bB1nN2mM3qW4eR5tT6yU7iI8oO9pP0aS1dF2gG3hH4jJ5kK6lL7zZ8xX9cC0vB1nN2mQ3wE4rR5tT6yY7uU8iI9oO0pP1aS2dF3gG4hH5jJ6kK7lL8zX9cV0bN1nM2qW3eR4tT5yU6iI7oO8pP9aS0dF1gG2hH3jJ4kK5lL6zZ7xX8cC9vV0bB1nN2mM3qW4eR5tT6yU7iI8oO9pP0aS1dF2gG3hH4jJ5kK6lL7zZ8xX9cC0vB1nN2mQ3wE4rR5tT6yY7uU8iI9oO0pP1aS2dF3gG4hH5jJ6kK7l4hH5jJ6kK7lL8zX9cV0bN1nM2qW3eR4tT5yU6iI7oO8pP9aS0dF1gG2hH3jJ4kK5lL6zZ7xX8cC9vV0bB1nN2mM3qW4eR5tT6yU7iI8oO9pP0aS1dF2gG3hH4jJ5kK6lL7zZ8xX9cC0vB1nN2mQ3wE4rR5tT6yY7uU8iI9oO0pP1aS2dF3gG4hH5jJ6kK7lL8zX9cV0bN1nM2qW3eR4tT5yU6iI7oO8pP9aS0dF1gG2hH3jJ4kK5lL6zZ7xX8cC9vV0bB1nN2mM3qW4eR5tT6yU7iI8oO9pP0aS1dF2gG3hH4jJ5kK6lL7zZ8xX9cC0vB1nN2mQ3wE4rR5tT6yY7uU8iI9oO0pP1aS2dF3gG4hH5jJ6kK7l4hH5jJ6kK7lL8zX9cV0bN1nM2qW3eR4tT5yU6iI7oO8pP9aS0dF1gG2hH3jJ4kK5lL6z7nB9vR2mX8kLp4QjW3tY5zH1aG6sF9dD0fS8gA7hJ6kL5mN4bV3vC2xZ1oP9iU8uY7tT6rR5eE4wW3qQ2aZ1sX2dC3fV4gB5hN6jM7kL8pO9iU0yT1rE2wQ3aS4dF5gG6hH7jJ8kK9lL0zZ1xX2cC3vV4bB5nN6mM7qQ8wW9eE0rR1tT2yY3uU4iI5oO6pP7aA8sS9dD0fF1gG2hH3jJ4kK5lL6zZ7xX8cC9vV0bB1nN2mM3qW4eR5tT6yU7iI8oO9pP0aS1dF2gG3hH4jJ5kK6lL7zZ8xX9cC0vB1nN2mQ3wE4rR5tT6yY7uU8iI9oO0pP1aS2dF3gG4hH5jJ6kK7lL8zX9cV0bN1nM2qW3eR4tT5yU6iI7oO8pP9aS0dF1gG2hH3jJ4kK5lL6zZ7xX8cC9vV0bB1nN2mM3qW4eR5tT6yU7iI8oO9pP0aS1dF2gG3hH4jJ5kK6lL7zZ8xX9cC0vB1nN2mQ3wE4rR5tT6yY7uU8iI9oO0pP1aS2dF3gG4hH5jJ6kK7lL8zX9cV0bN1nM2qW3eR4tT5yU6iI7oO8pP9aS0dF1gG2hH3jJ4kK5lL6zZ7xX8cC9vV0bB1nN2mM3qW4eR5tT6yU7iI8oO9pP0aS1dF2gG3hH4jJ5kK6lL7zZ8xX9cC0vB1nN2mQ3wE4rR5tT6yY7uU8iI9oO0pP1aS2dF3gG4hH5jJ6kK7lL8zX9cV0bN1nM2qW3eR4tT5yU6iI7oO8pP9aS0dF1gG2hH3jJ4kK5lL6zZ7xX8cC9vV0bB1nN2mM3qW4eR5tT6yU7iI8oO9pP0aS1dF2gG3hH4jJ5kK6lL7zZ8xX9cC0vB1nN2mQ3wE4rR5tT6yY7uU8iI9oO0pP1aS2dF3gG4hH5jJ6kK7lL8zX9cV0bN1nM2qW3eR4tT5yU6iI7oO8pP9aS0dF1gG2hH3jJ4kK5lL6zZ7xX8cC9vV0bB1nN2mM3qW4eR5tT6yU7iI8oO9pP0aS1dF2gG3hH4jJ5kK6lL7zZ8xX9cC0vB1nN2mQ3wE4rR5tT6yY7uU8iI9oO0pP1aS2dF3gG4hH5jJ6kK7l4hH5jJ6kK7lL8zX9cV0bN1nM2qW3eR4tT5yU6iI7oO8pP9aS0dF1gG2hH3jJ4kK5lL6zZ7xX8cC9vV0bB1nN2mM3qW4eR5tT6yU7iI8oO9pP0aS1dF2gG3hH4jJ5kK6lL7zZ8xX9cC0vB1nN2mQ3wE4rR5tT6yY7uU8iI9oO0pP1aS2dF3gG4hH5jJ6kK7lL8zX9cV0bN1nM2qW3eR4tT5yU6iI7oO8pP9aS0dF1gG2hH3jJ4kK5lL6zZ7xX8cC9vV0bB1nN2mM3qW4eR5tT6yU7iI8oO9pP0aS1dF2gG3hH4jJ5kK6lL7zZ8xX9cC0vB1nN2mQ3wE4rR5tT6yY7uU8iI9oO0pP1aS2dF3gG4hH5jJ6kK7l4hH5jJ6kK7lL8zX9cV0bN1nM2qW3eR4tT5yU6iI7oO8pP9aS0dF1gG2hH3jJ4kK5lL6zZ7xX8cC9vV0bB1nN2mM3qW4eR5tT6yU7iI8oO9pP0aS1dF2gG3hH4jJ5kK6lL7zZ8xX9cC0vB1nN2mQ3wE4rR5tT6yY7uU8iI9oO0pP1aS2dF3gG4hH5jJ6kK7lL8zX9cV0bN1nM2qW3eR4tT5yU6iI7oO8pP9aS0dF1gG2hH3jJ4kK5lL6zZ7xX8cC9vV0bB1nN2mM3qW4eR5tT6yU7iI8oO9pP0aS1dF2gG3hH4jJ5kK6lL7zZ8xX9cC0vB1nN2mQ3wE4rR5tT6yY7uU8iI9oO0pP1aS2dF3gG4hH5jJ6kK7l4hH5jJ6kK7lL8zX9cV0bN1nM2qW3eR4tT5yU6iI7oO8pP9aS0dF1gG2hH3jJ4kK5lL6zZ7xX8cC9vV0bB1nN2mM3qW4eR5tT6yU7iI8oO9pP0aS1dF2gG3hH4jJ5kK6lL7zZ8xX9cC0vB1nN2mQ3wE4rR5tT6yY7uU8iI9oO0pP1aS2dF3gG4hH5jJ6kK7lL8zX9cV0bN1nM2qW3eR4tT5yU6iI7oO8pP9aS0dF1gG2hH3jJ4kK5lL6zZ7xX8cC9vV0bB1nN2mM3qW4eR5tT6yU7iI8oO9pP0aS1dF2gG3hH4jJ5kK6lL7zZ8xX9cC0vB1nN2mQ3wE4rR5tT6yY7uU8iI9oO0pP1aS2dF3gG4hH5jJ6kK7l4hH5jJ6kK7lL8zX9cV0bN1nM2qW3eR4tT5yU6iI7oO8pP9aS0dF1gG2hH3jJ4kK5lL6zZ7xX8cC9vV0bB1nN2mM3qW4eR5tT6yU7iI8oO9pP0aS1dF2gG3hH4jJ5kK6lL7zZ8xX9cC0vB1nN2mQ3wE4rR5tT6yY7uU8iI9oO0pP1aS2dF3gG4hH5jJ6kK7lL8zX9cV0bN1nM2qW3eR4tT5yU6iI7oO8pP9aS0dF1gG2hH3jJ4kK5lL6zZ7xX8cC9vV0bB1nN2mM3qW4eR5tT6yU7iI8oO9pP0aS1dF2gG3hH4jJ5kK6lL7zZ8xX9cC0vB1nN2mQ3wE4rR5tT6yY7uU8iI9oO0pP1aS2dF3gG4hH5jJ6kK7l4hH5jJ6kK7lL8zX9cV0bN1nM2qW3eR4tT5yU6iI7oO8pP9aS0dF1gG2hH3jJ4kK5lL6zZ7xX8cC9vV0bB1nN2mM3qW4eR5tT6yU7iI8oO9pP0aS1dF2gG3hH4jJ5kK6lL7zZ8xX9cC0vB1nN2mQ3wE4rR5tT6yY7uU8iI9oO0pP1aS2dF3gG4hH5jJ6kK7lL8zX9cV0bN1nM2qW3eR4tT5yU6iI7oO8pP9aS0dF1gG2hH3jJ4kK5lL6zZ7xX8cC9vV0bB1nN2mM3qW4eR5tT6yU7iI8oO9pP0aS1dF2gG3hH4jJ5kK6lL7zZ8xX9cC0vB1nN2mQ3wE4rR5tT6yY7uU8iI9oO0pP1aS2dF3gG4hH5jJ6kK7l4hH5jJ6kK7lL8zX9cV0bN1nM2qW3eR4tT5yU6iI7oO8pP9aS0dF1gG2hH3jJ4kK5lL6zZ7xX8cC9vV0bB1nN2mM3qW4eR5tT6yU7iI8oO9pP0aS1dF2gG3hH4jJ5kK6lL7zZ8xX9cC0vB1nN2mQ3wE4rR5tT6yY7uU8iI9oO0pP1aS2dF3gG4hH5jJ6kK7lL8zX9cV0bN1nM2qW3eR4tT5yU6iI7oO8pP9aS0dF1gG2hH3jJ4kK5lL6zZ7xX8cC9vV0bB1nN2mM3qW4eR5tT6yU7iI8oO9pP0aS1dF2gG3hH4jJ5kK6lL7zZ8xX9cC0vB1nN2mQ3wE4rR5tT6yY7uU8iI9oO0pP1aS2dF3gG4hH5jJ6kK7l4hH5jJ6kK7lL8zX9cV0bN1nM2qW3eR4tT5yU6iI7oO8pP9aS0dF1gG2hH3jJ4kK5lL6zZ7xX8cC9vV0bB1nN2mM3qW4eR5tT6yU7iI8oO9pP0aS1dF2gG3hH4jJ5kK6lL7zZ8xX9cC0vB1nN2mQ3wE4rR5tT6yY7uU8iI9oO0pP1aS2dF3gG4hH5jJ6kK7lL8zX9cV0bN1nM2qW3eR4tT5yU6iI7oO8pP9aS0dF1gG2hH3jJ4kK5lL6zZ7xX8cC9vV0bB1nN2mM3qW4eR5tT6yU7iI8oO9pP0aS1dF2gG3hH4jJ5kK6lL7zZ8xX9cC0vB1nN2mQ3wE4rR5tT6yY7uU8iI9oO0pP1aS2dF3gG4hH5jJ6kK7l4hH5jJ6kK7lL8zX9cV0bN1nM2qW3eR4tT5yU6iI7oO8pP9aS0dF1gG2hH3jJ4kK5lL6z7nB9vR2mX8kLp4QjW3tY5zH1aG6sF9dD0fS8gA7hJ6kL5mN4bV3vC2xZ1oP9iU8uY7tT6rR5eE4wW3qQ2aZ1sX2dC3fV4gB5hN6jM7kL8pO9iU0yT1rE2wQ3aS4dF5gG6hH7jJ8kK9lL0zZ1xX2cC3vV4bB5nN6mM7qQ8wW9eE0rR1tT2yY3uU4iI5oO6pP7aA8sS9dD0fF1gG2hH3jJ4kK5lL6zZ7xX8cC9vV0bB1nN2mM3qW4eR5tT6yU7iI8oO9pP0aS1dF2gG3hH4jJ5kK6lL7zZ8xX9cC0vB1nN2mQ3wE4rR5tT6yY7uU8iI9oO0pP1aS2dF3gG4hH5jJ6kK7lL8zX9cV0bN1nM2qW3eR4tT5yU6iI7oO8pP9aS0dF1gG2hH3jJ4kK5lL6zZ7xX8cC9vV0bB1nN2mM3qW4eR5tT6yU7iI8oO9pP0aS1dF2gG3hH4jJ5kK6lL7zZ8xX9cC0vB1nN2mQ3wE4rR5tT6yY7uU8iI9oO0pP1aS2dF3gG4hH5jJ6kK7lL8zX9cV0bN1nM2qW3eR4tT5yU6iI7oO8pP9aS0dF1gG2hH3jJ4kK5lL6zZ7xX8cC9vV0bB1nN2mM3qW4eR5tT6yU7iI8oO9pP0aS1dF2gG3hH4jJ5kK6lL7zZ8xX9cC0vB1nN2mQ3wE4rR5tT6yY7uU8iI9oO0pP1aS2dF3gG4hH5jJ6kK7lL8zX9cV0bN1nM2qW3eR4tT5yU6iI7oO8pP9aS0dF1gG2hH3jJ4kK5lL6zZ7xX8cC9vV0bB1nN2mM3qW4eR5tT6yU7iI8oO9pP0aS1dF2gG3hH4jJ5kK6lL7zZ8xX9cC0vB1nN2mQ3wE4rR5tT6yY7uU8iI9oO0pP1aS2dF3gG4hH5jJ6kK7lL8zX9cV0bN1nM2qW3eR4tT5yU6iI7oO8pP9aS0dF1gG2hH3jJ4kK5lL6zZ7xX8cC9vV0bB1nN2mM3qW4eR5tT6yU7iI8oO9pP0aS1dF2gG3hH4jJ5kK6lL7zZ8xX9cC0vB1nN2mQ3wE4rR5tT6yY7uU8iI9oO0pP1aS2dF3gG4hH5jJ6kK7l4hH5jJ6kK7lL8zX9cV0bN1nM2qW3eR4tT5yU6iI7oO8pP9aS0dF1gG2hH3jJ4kK5lL6zZ7xX8cC9vV0bB1nN2mM3qW4eR5tT6yU7iI8oO9pP0aS1dF2gG3hH4jJ5kK6lL7zZ8xX9cC0vB1nN2mQ3wE4rR5tT6yY7uU8iI9oO0pP1aS2dF3gG4hH5jJ6kK7lL8zX9cV0bN1nM2qW3eR4tT5yU6iI7oO8pP9aS0dF1gG2hH3jJ4kK5lL6zZ7xX8cC9vV0bB1nN2mM3qW4eR5tT6yU7iI8oO9pP0aS1dF2gG3hH4jJ5kK6lL7zZ8xX9cC0vB1nN2mQ3wE4rR5tT6yY7uU8iI9oO0pP1aS2dF3gG4hH5jJ6kK7l4hH5jJ6kK7lL8zX9cV0bN1nM2qW3eR4tT5yU6iI7oO8pP9aS0dF1gG2hH3jJ4kK5lL6zZ7xX8cC9vV0bB1nN2mM3qW4eR5tT6yU7iI8oO9pP0aS1dF2gG3hH4jJ5kK6lL7zZ8xX9cC0vB1nN2mQ3wE4rR5tT6yY7uU8iI9oO0pP1aS2dF3gG4hH5jJ6kK7lL8zX9cV0bN1nM2qW3eR4tT5yU6iI7oO8pP9aS0dF1gG2hH3jJ4kK5lL6zZ7xX8cC9vV0bB1nN2mM3qW4eR5tT6yU7iI8oO9pP0aS1dF2gG3hH4jJ5kK6lL7zZ8xX9cC0vB1nN2mQ3wE4rR5tT6yY7uU8iI9oO0pP1aS2dF3gG4hH5jJ6kK7l4hH5jJ6kK7lL8zX9cV0bN1nM2qW3eR4tT5yU6iI7oO8pP9aS0dF1gG2hH3jJ4kK5lL6zZ7xX8cC9vV0bB1nN2mM3qW4eR5tT6yU7iI8oO9pP0aS1dF2gG3hH4jJ5kK6lL7zZ8xX9cC0vB1nN2mQ3wE4rR5tT6yY7uU8iI9oO0pP1aS2dF3gG4hH5jJ6kK7lL8zX9cV0bN1nM2qW3eR4tT5yU6iI7oO8pP9aS0dF1gG2hH3jJ4kK5lL6zZ7xX8cC9vV0bB1nN2mM3qW4eR5tT6yU7iI8oO9pP0aS1dF2gG3hH4jJ5kK6lL7zZ8xX9cC0vB1nN2mQ3wE4rR5tT6yY7uU8iI9oO0pP1aS2dF3gG4hH5jJ6kK7l4hH5jJ6kK7lL8zX9cV0bN1nM2qW3eR4tT5yU6iI7oO8pP9aS0dF1gG2hH3jJ4kK5lL6zZ7xX8cC9vV0bB1nN2mM3qW4eR5tT6yU7iI8oO9pP0aS1dF2gG3hH4jJ5kK6lL7zZ8xX9cC0vB1nN2mQ3wE4rR5tT6yY7uU8iI9oO0pP1aS2dF3gG4hH5jJ6kK7lL8zX9cV0bN1nM2qW3eR4tT5yU6iI7oO8pP9aS0dF1gG2hH3jJ4kK5lL6zZ7xX8cC9vV0bB1nN2mM3qW4eR5tT6yU7iI8oO9pP0aS1dF2gG3hH4jJ5kK6lL7zZ8xX9cC0vB1nN2mQ3wE4rR5tT6yY7uU8iI9oO0pP1aS2dF3gG4hH5jJ6kK7l4hH5jJ6kK7lL8zX9cV0bN1nM2qW3eR4tT5yU6iI7oO8pP9aS0dF1gG2hH3jJ4kK5lL6zZ7xX8cC9vV0bB1nN2mM3qW4eR5tT6yU7iI8oO9pP0aS1dF2gG3hH4jJ5kK6lL7zZ8xX9cC0vB1nN2mQ3wE4rR5tT6yY7uU8iI9oO0pP1aS2dF3gG4hH5jJ6kK7lL8zX9cV0bN1nM2qW3eR4tT5yU6iI7oO8pP9aS0dF1gG2hH3jJ4kK5lL6zZ7xX8cC9vV0bB1nN2mM3qW4eR5tT6yU7iI8oO9pP0aS1dF2gG3hH4jJ5kK6lL7zZ8xX9cC0vB1nN2mQ3wE4rR5tT6yY7uU8iI9oO0pP1aS2dF3gG4hH5jJ6kK7l4hH5jJ6kK7lL8zX9cV0bN1nM2qW3eR4tT5yU6iI7oO8pP9aS0dF1gG2hH3jJ4kK5lL6zZ7xX8cC9vV0bB1nN2mM3qW4eR5tT6yU7iI8oO9pP0aS1dF2gG3hH4jJ5kK6lL7zZ8xX9cC0vB1nN2mQ3wE4rR5tT6yY7uU8iI9oO0pP1aS2dF3gG4hH5jJ6kK7lL8zX9cV0bN1nM2qW3eR4tT5yU6iI7oO8pP9aS0dF1gG2hH3jJ4kK5lL6zZ7xX8cC9vV0bB1nN2mM3qW4eR5tT6yU7iI8oO9pP0aS1dF2gG3hH4jJ5kK6lL7zZ8xX9cC0vB1nN2mQ3wE4rR5tT6yY7uU8iI9oO0pP1aS2dF3gG4hH5jJ6kK7l4hH5jJ6kK7lL8zX9cV0bN1nM2qW3eR4tT5yU6iI7oO8pP9aS0dF1gG2hH3jJ4kK5lL6zZ7xX8cC9vV0bB1nN2mM3qW4eR5tT6yU7iI8oO9pP0aS1dF2gG3hH4jJ5kK6lL7zZ8xX9cC0vB1nN2mQ3wE4rR5tT6yY7uU8iI9oO0pP1aS2dF3gG4hH5jJ6kK7lL8zX9cV0bN1nM2qW3eR4tT5yU6iI7oO8pP9aS0dF1gG2hH3jJ4kK5lL6zZ7xX8cC9vV0bB1nN2mM3qW4eR5tT6yU7iI8oO9pP0aS1dF2gG3hH4jJ5kK6lL7zZ8xX9cC0vB1nN2mQ3wE4rR5tT6yY7uU8iI9oO0pP1aS2dF3gG4hH5jJ6kK7l4hH5jJ6kK7lL8zX9cV0bN1nM2qW3eR4tT5yU6iI7oO8pP9aS0dF1gG2hH3jJ4kK5lL6z8zX9cV0bN1nM2qW3eR4tT5yU6iI7oO8pP9aS0dF1gG2hH3jJ4kK5lL6zZ7xX8cC9vV0bB1nN2mM3qW4eR5tT6yU7iI8oO9pP0aS1dF2gG3hH4jJ5kK6lL7zZ8xX9cC0vB1nN2mQ3wE4rR5tT6yY7uU8iI9oO0pP1aS2dF3gG4hH5jJ6kK7l4hH5jJ6kK7lL8zX9cV0bN1nM2qW3eR4tT5yU6iI7oO8pP9aS0dF1gG2hH3jJ4kK5lL6zZ7xX8cC9vV0bB1nN2mM3qW4eR5tT6yU7iI8oO9pP0aS1dF2gG3hH4jJ5kK6lL7zZ8xX9cC0vB1nN2mQ3wE4rR5tT6yY7uU8iI9oO0pP1aS2dF3gG4hH5jJ6kK7lL8zX9cV0bN1nM2qW3eR4tT5yU6iI7oO8pP9aS0dF1gG2hH3jJ4kK5lL6zZ7xX8cC9vV0bB1nN2mM3qW4eR5tT6yU7iI8oO9pP0aS1dF2gG3hH4jJ5kK6lL7zZ8xX9cC0vB1nN2mQ3wE4rR5tT6yY7uU8iI9oO0pP1aS2dF3gG4hH5jJ6kK7l4hH5jJ6kK7lL8zX9cV0bN1nM2qW3eR4tT5yU6iI7oO8pP9aS0dF1gG2hH3jJ4kK5lL6zZ7xX8cC9vV0bB1nN2mM3qW4eR5tT6yU7iI8oO9pP0aS1dF2gG3hH4jJ5kK6lL7zZ8xX9cC0vB1nN2mQ3wE4rR5tT6yY7uU8iI9oO0pP1aS2dF3gG4hH5jJ6kK7lL8zX9cV0bN1nM2qW3eR4tT5yU6iI7oO8pP9aS0dF1gG2hH3jJ4kK5lL6zZ7xX8cC9vV0bB1nN2mM3qW4eR5tT6yU7iI8oO9pP0aS1dFzX9cV0bN1nM2qW3eR4tT5yU6iI7oO8pP9aS0dF1gG2hH3jJ4kK5lL6zZ7xX8cC9vV0bB1nN2mM3qW4eR5tT6yU7iI8oO9pP0aS1dF2gG3hH4jJ5kK6lL7zZ8xX9cC0vB1nN2mQ3wE4rR5tT6yY7uU8iI9oO0pP1aS2dF3gG4hH5jJ6kK7lL8zX9cV0bN1nM2qW3eR4tT5yU6iI7oO8pP9aS0dF1gG2hH3jJ4kK5lL6zZ7xX8cC9vV0bB1nN2mM3qW4eR5tT6yU7iI8oO9pP0aS1dF2gG3hH4jJ5kK6lL7zZ8xX9cC0vB1nN2mQ3wE4rR5tT6yY7uU8iI9oO0pP1aS2dF3gG4hH5jJ6kK7l4hH5jJ6kK7lL8zX9cV0bN1nM2qW3eR4tT5yU6iI7oO8pP9aS0dF1gG2hH3jJ4kK5lL6zZ7xX8cC9vV0bB1nN2mM3qW4eR5tT6yU7iI8oO9pP0aS1dF2gG3hH4jJ5kK6lL7zZ8xX9cC0vB1nN2mQ3wE4rR5tT6yY7uU8iI9oO0pP1aS2dF3gG4hH5jJ6kK7lL8zX9cV0bN1nM2qW3eR4tT5yU6iI7oO8pP9aS0dF1gG2hH3jJ4kK5lL6zZ7xX8cC9vV0bB1nN2mM3qW4eR5tT6yU7iI8oO9pP0aS1dF2gG3hH4jJ5kK6lL7zZ8xX9cC0vB1nN2mQ3wE4rR5tT6yY7uU8iI9oO0pP1aS2dF3gG4hH5jJ6kK7l4hH5jJ6kK7lL8zX9cV0bN1nM2qW3eR4tT5yU6iI7oO8pP9aS0dF1gG2hH3jJ4kK5lL6zZ7xX8cC9vV0bB1nN2mM3qW4eR5tT6yU7iI8oO9pP0aS1dF2gG3hH4jJ5kK6lL7zZ8xX9cC0vB1nN2mQ3wE4rR5tT6yY7uU8iI9oO0pP1aS2dF3gG4hH5jJ6kK7lL8zX9cV0bN1nM2qW3eR4tT5yU6iI7oO8pP9aS0dF1gG2hH3jJ4kK5lL6zZ7xX8cC9vV0bB1nN2mM3qW4eR5tT6yU7iI8oO9pP0aS1dF2gG3hH4jJ5kK6lL7zZ8xX9cC0vB1nN2mQ3wE4rR5tT6yY7uU8iI9oO0pP1aS2dF3gG4hH5jJ6kK7l4hH5jJ6kK7lL8zX9cV0bN1nM2qW3eR4tT5yU6iI7oO8pP9aS0dF1gG2hH3jJ4kK5lL6zZ7xX8cC9vV0bB1nN2mM3qW4eR5tT6yU7iI8oO9pP0aS1dF2gG3hH4jJ5kK6lL7zZ8xX9cC0vB1nN2mQ3wE4rR5tT6yY7uU8iI9oO0pP1aS2dF3gG4hH5jJ6kK7lL8zX9cV0bN1nM2qW3eR4tT5yU6iI7oO8pP9aS0dF1gG2hH3jJ4kK5lL6zZ7xX8cC9vV0bB1nN2mM3qW4eR5tT6yU7iI8oO9pP0aS1dF2gG3hH4jJ5kK6lL7zZ8xX9cC0vB1nN2mQ3wE4rR5tT6yY7uU8iI9oO0pP1aS2dF3gG4hH5jJ6kK7l4hH5jJ6kK7lL8zX9cV0bN1nM2qW3eR4tT5yU6iI7oO8pP9aS0dF1gG2hH3jJ4kK5lL6zZ7xX8cC9vV0bB1nN2mM3qW4eR5tT6yU7iI8oO9pP0aS1dF2gG3hH4jJ5kK6lL7zZ8xX9cC0vB1nN2mQ3wE4rR5tT6yY7uU8iI9oO0pP1aS2dF3gG4hH5jJ6kK7lL8zX9cV0bN1nM2qW3eR4tT5yU6iI7oO8pP9aS0dF1gG2hH3jJ4kK5lL6zZ7xX8cC9vV0bB1nN2mM3qW4eR5tT6yU7iI8oO9pP0aS1dF2gG3hH4jJ5kK6lL7zZ8xX9cC0vB1nN2mQ3wE4rR5tT6yY7uU8iI9oO0pP1aS2dF3gG4hH5jJ6kK7l4hH5jJ6kK7lL8zX9cV0bN1nM2qW3eR4tT5yU6iI7oO8pP9aS0dF1gG2hH3jJ4kK5lL6z7nB9vR2mX8kLp4QjW3tY5zH1aG6sF9dD0fS8gA7hJ6kL5mN4bV3vC2xZ1oP9iU8uY7tT6rR5eE4wW3qQ2aZ1sX2dC3fV4gB5hN6jM7kL8pO9iU0yT1rE2wQ3aS4dF5gG6hH7jJ8kK9lL0zZ1xX2cC3vV4bB5nN6mM7qQ8wW9eE0rR1tT2yY3uU4iI5oO6pP7aA8sS9dD0fF1gG2hH3jJ4kK5lL6zZ7xX8cC9vV0bB1nN2mM3qW4eR5tT6yU7iI8oO9pP0aS1dF2gG3hH4jJ5kK6lL7zZ8xX9cC0vB1nN2mQ3wE4rR5tT6yY7uU8iI9oO0pP1aS2dF3gG4hH5jJ6kK7lL8zX9cV0bN1nM2qW3eR4tT5yU6iI7oO8pP9aS0dF1gG2hH3jJ4kK5lL6zZ7xX8cC9vV0bB1nN2mM3qW4eR5tT6yU7iI8oO9pP0aS1dF2gG3hH4jJ5kK6lL7zZ8xX9cC0vB1nN2mQ3wE4rR5tT6yY7uU8iI9oO0pP1aS2dF3gG4hH5jJ6kK7lL8zX9cV0bN1nM2qW3eR4tT5yU6iI7oO8pP9aS0dF1gG2hH3jJ4kK5lL6zZ7xX8cC9vV0bB1nN2mM3qW4eR5tT6yU7iI8oO9pP0aS1dF2gG3hH4jJ5kK6lL7zZ8xX9cC0vB1nN2mQ3wE4rR5tT6yY7uU8iI9oO0pP1aS2dF3gG4hH5jJ6kK7lL8zX9cV0bN1nM2qW3eR4tT5yU6iI7oO8pP9aS0dF1gG2hH3jJ4kK5lL6zZ7xX8cC9vV0bB1nN2mM3qW4eR5tT6yU7iI8oO9pP0aS1dF2gG3hH4jJ5kK6lL7zZ8xX9cC0vB1nN2mQ3wE4rR5tT6yY7uU8iI9oO0pP1aS2dF3gG4hH5jJ6kK7lL8zX9cV0bN1nM2qW3eR4tT5yU6iI7oO8pP9aS0dF1gG2hH3jJ4kK5lL6zZ7xX8cC9vV0bB1nN2mM3qW4eR5tT6yU7iI8oO9pP0aS1dF2gG3hH4jJ5kK6lL7zZ8xX9cC0vB1nN2mQ3wE4rR5tT6yY7uU8iI9oO0pP1aS2dF3gG4hH5jJ6kK7l4hH5jJ6kK7lL8zX9cV0bN1nM2qW3eR4tT5yU6iI7oO8pP9aS0dF1gG2hH3jJ4kK5lL6zZ7xX8cC9vV0bB1nN2mM3qW4eR5tT6yU7iI8oO9pP0aS1dF2gG3hH4jJ5kK6lL7zZ8xX9cC0vB1nN2mQ3wE4rR5tT6yY7uU8iI9oO0pP1aS2dF3gG4hH5jJ6kK7lL8zX9cV0bN1nM2qW3eR4tT5yU6iI7oO8pP9aS0dF1gG2hH3jJ4kK5lL6zZ7xX8cC9vV0bB1nN2mM3qW4eR5tT6yU7iI8oO9pP0aS1dF2gG3hH4jJ5kK6lL7zZ8xX9cC0vB1nN2mQ3wE4rR5tT6yY7uU8iI9oO0pP1aS2dF3gG4hH5jJ6kK7l4hH5jJ6kK7lL8zX9cV0bN1nM2qW3eR4tT5yU6iI7oO8pP9aS0dF1gG2hH3jJ4kK5lL6zZ7xX8cC9vV0bB1nN2mM3qW4eR5tT6yU7iI8oO9pP0aS1dF2gG3hH4jJ5kK6lL7zZ8xX9cC0vB1nN2mQ3wE4rR5tT6yY7uU8iI9oO0pP1aS2dF3gG4hH5jJ6kK7lL8zX9cV0bN1nM2qW3eR4tT5yU6iI7oO8pP9aS0dF1gG2hH3jJ4kK5lL6zZ7xX8cC9vV0bB1nN2mM3qW4eR5tT6yU7iI8oO9pP0aS1dF2gG3hH4jJ5kK6lL7zZ8xX9cC0vB1nN2mQ3wE4rR5tT6yY7uU8iI9oO0pP1aS2dF3gG4hH5jJ6kK7l4hH5jJ6kK7lL8zX9cV0bN1nM2qW3eR4tT5yU6iI7oO8pP9aS0dF1gG2hH3jJ4kK5lL6zZ7xX8cC9vV0bB1nN2mM3qW4eR5tT6yU7iI8oO9pP0aS1dF2gG3hH4jJ5kK6lL7zZ8xX9cC0vB1nN2mQ3wE4rR5tT6yY7uU8iI9oO0pP1aS2dF3gG4hH5jJ6kK7lL8zX9cV0bN1nM2qW3eR4tT5yU6iI7oO8pP9aS0dF1gG2hH3jJ4kK5lL6zZ7xX8cC9vV0bB1nN2mM3qW4eR5tT6yU7iI8oO9pP0aS1dF2gG3hH4jJ5kK6lL7zZ8xX9cC0vB1nN2mQ3wE4rR5tT6yY7uU8iI9oO0pP1aS2dF3gG4hH5jJ6kK7l4hH5jJ6kK7lL8zX9cV0bN1nM2qW3eR4tT5yU6iI7oO8pP9aS0dF1gG2hH3jJ4kK5lL6zZ7xX8cC9vV0bB1nN2mM3qW4eR5tT6yU7iI8oO9pP0aS1dF2gG3hH4jJ5kK6lL7zZ8xX9cC0vB1nN2mQ3wE4rR5tT6yY7uU8iI9oO0pP1aS2dF3gG4hH5jJ6kK7lL8zX9cV0bN1nM2qW3eR4tT5yU6iI7oO8pP9aS0dF1gG2hH3jJ4kK5lL6zZ7xX8cC9vV0bB1nN2mM3qW4eR5tT6yU7iI8oO9pP0aS1dF2gG3hH4jJ5kK6lL7zZ8xX9cC0vB1nN2mQ3wE4rR5tT6yY7uU8iI9oO0pP1aS2dF3gG4hH5jJ6kK7l4hH5jJ6kK7lL8zX9cV0bN1nM2qW3eR4tT5yU6iI7oO8pP9aS0dF1gG2hH3jJ4kK5lL6zZ7xX8cC9vV0bB1nN2mM3qW4eR5tT6yU7iI8oO9pP0aS1dF2gG3hH4jJ5kK6lL7zZ8xX9cC0vB1nN2mQ3wE4rR5tT6yY7uU8iI9oO0pP1aS2dF3gG4hH5jJ6kK7lL8zX9cV0bN1nM2qW3eR4tT5yU6iI7oO8pP9aS0dF1gG2hH3jJ4kK5lL6zZ7xX8cC9vV0bB1nN2mM3qW4eR5tT6yU7iI8oO9pP0aS1dF2gG3hH4jJ5kK6lL7zZ8xX9cC0vB1nN2mQ3wE4rR5tT6yY7uU8iI9oO0pP1aS2dF3gG4hH5jJ6kK7l4hH5jJ6kK7lL8zX9cV0bN1nM2qW3eR4tT5yU6iI7oO8pP9aS0dF1gG2hH3jJ4kK5lL6zZ7xX8cC9vV0bB1nN2mM3qW4eR5tT6yU7iI8oO9pP0aS1dF2gG3hH4jJ5kK6lL7zZ8xX9cC0vB1nN2mQ3wE4rR5tT6yY7uU8iI9oO0pP1aS2dF3gG4hH5jJ6kK7lL8zX9cV0bN1nM2qW3eR4tT5yU6iI7oO8pP9aS0dF1gG2hH3jJ4kK5lL6zZ7xX8cC9vV0bB1nN2mM3qW4eR5tT6yU7iI8oO9pP0aS1dF2gG3hH4jJ5kK6lL7zZ8xX9cC0vB1nN2mQ3wE4rR5tT6yY7uU8iI9oO0pP1aS2dF3gG4hH5jJ6kK7l4hH5jJ6kK7lL8zX9cV0bN1nM2qW3eR4tT5yU6iI7oO8pP9aS0dF1gG2hH3jJ4kK5lL6zZ7xX8cC9vV0bB1nN2mM3qW4eR5tT6yU7iI8oO9pP0aS1dF2gG3hH4jJ5kK6lL7zZ8xX9cC0vB1nN2mQ3wE4rR5tT6yY7uU8iI9oO0pP1aS2dF3gG4hH5jJ6kK7lL8zX9cV0bN1nM2qW3eR4tT5yU6iI7oO8pP9aS0dF1gG2hH3jJ4kK5lL6zZ7xX8cC9vV0bB1nN2mM3qW4eR5tT6yU7iI8oO9pP0aS1dF2gG3hH4jJ5kK6lL7zZ8xX9cC0vB1nN2mQ3wE4rR5tT6yY7uU8iI9oO0pP1aS2dF3gG4hH5jJ6kK7l4hH5jJ6kK7lL8zX9cV0bN1nM2qW3eR4tT5yU6iI7oO8pP9aS0dF1gG2hH3jJ4kK5lL6z7nB9vR2mX8kLp4QjW3tY5zH1aG6sF9dD0fS8gA7hJ6kL5mN4bV3vC2xZ1oP9iU8uY7tT6rR5eE4wW3qQ2aZ1sX2dC3fV4gB5hN6jM7kL8pO9iU0yT1rE2wQ3aS4dF5gG6hH7jJ8kK9lL0zZ1xX2cC3vV4bB5nN6mM7qQ8wW9eE0rR1tT2yY3uU4iI5oO6pP7aA8sS9dD0fF1gG2hH3jJ4kK5lL6zZ7xX8cC9vV0bB1nN2mM3qW4eR5tT6yU7iI8oO9pP0aS1dF2gG3hH4jJ5kK6lL7zZ8xX9cC0vB1nN2mQ3wE4rR5tT6yY7uU8iI9oO0pP1aS2dF3gG4hH5jJ6kK7lL8zX9cV0bN1nM2qW3eR4tT5yU6iI7oO8pP9aS0dF1gG2hH3jJ4kK5lL6zZ7xX8cC9vV0bB1nN2mM3qW4eR5tT6yU7iI8oO9pP0aS1dF2gG3hH4jJ5kK6lL7zZ8xX9cC0vB1nN2mQ3wE4rR5tT6yY7uU8iI9oO0pP1aS2dF3gG4hH5jJ6kK7lL8zX9cV0bN1nM2qW3eR4tT5yU6iI7oO8pP9aS0dF1gG2hH3jJ4kK5lL6zZ7xX8cC9vV0bB1nN2mM3qW4eR5tT6yU7iI8oO9pP0aS1dF2gG3hH4jJ5kK6lL7zZ8xX9cC0vB1nN2mQ3wE4rR5tT6yY7uU8iI9oO0pP1aS2dF3gG4hH5jJ6kK7lL8zX9cV0bN1nM2qW3eR4tT5yU6iI7oO8pP9aS0dF1gG2hH3jJ4kK5lL6zZ7xX8cC9vV0bB1nN2mM3qW4eR5tT6yU7iI8oO9pP0aS1dF2gG3hH4jJ5kK6lL7zZ8xX9cC0vB1nN2mQ3wE4rR5tT6yY7uU8iI9oO0pP1aS2dF3gG4hH5jJ6kK7lL8zX9cV0bN1nM2qW3eR4tT5yU6iI7oO8pP9aS0dF1gG2hH3jJ4kK5lL6zZ7xX8cC9vV0bB1nN2mM3qW4eR5tT6yU7iI8oO9pP0aS1dF2gG3hH4jJ5kK6lL7zZ8xX9cC0vB1nN2mQ3wE4rR5tT6yY7uU8iI9oO0pP1aS2dF3gG4hH5jJ6kK7l4hH5jJ6kK7lL8zX9cV0bN1nM2qW3eR4tT5yU6iI7oO8pP9aS0dF1gG2hH3jJ4kK5lL6zZ7xX8cC9vV0bB1nN2mM3qW4eR5tT6yU7iI8oO9pP0aS1dF2gG3hH4jJ5kK6lL7zZ8xX9cC0vB1nN2mQ3wE4rR5tT6yY7uU8iI9oO0pP1aS2dF3gG4hH5jJ6kK7lL8zX9cV0bN1nM2qW3eR4tT5yU6iI7oO8pP9aS0dF1gG2hH3jJ4kK5lL6zZ7xX8cC9vV0bB1nN2mM3qW4eR5tT6yU7iI8oO9pP0aS1dF2gG3hH4jJ5kK6lL7zZ8xX9cC0vB1nN2mQ3wE4rR5tT6yY7uU8iI9oO0pP1aS2dF3gG4hH5jJ6kK7l4hH5jJ6kK7lL8zX9cV0bN1nM2qW3eR4tT5yU6iI7oO8pP9aS0dF1gG2hH3jJ4kK5lL6zZ7xX8cC9vV0bB1nN2mM3qW4eR5tT6yU7iI8oO9pP0aS1dF2gG3hH4jJ5kK6lL7zZ8xX9cC0vB1nN2mQ3wE4rR5tT6yY7uU8iI9oO0pP1aS2dF3gG4hH5jJ6kK7lL8zX9cV0bN1nM2qW3eR4tT5yU6iI7oO8pP9aS0dF1gG2hH3jJ4kK5lL6zZ7xX8cC9vV0bB1nN2mM3qW4eR5tT6yU7iI8oO9pP0aS1dF2gG3hH4jJ5kK6lL7zZ8xX9cC0vB1nN2mQ3wE4rR5tT6yY7uU8iI9oO0pP1aS2dF3gG4hH5jJ6kK7l4hH5jJ6kK7lL8zX9cV0bN1nM2qW3eR4tT5yU6iI7oO8pP9aS0dF1gG2hH3jJ4kK5lL6zZ7xX8cC9vV0bB1nN2mM3qW4eR5tT6yU7iI8oO9pP0aS1dF2gG3hH4jJ5kK6lL7zZ8xX9cC0vB1nN2mQ3wE4rR5tT6yY7uU8iI9oO0pP1aS2dF3gG4hH5jJ6kK7lL8zX9cV0bN1nM2qW3eR4tT5yU6iI7oO8pP9aS0dF1gG2hH3jJ4kK5lL6zZ7xX8cC9vV0bB1nN2mM3qW4eR5tT6yU7iI8oO9pP0aS1dF2gG3hH4jJ5kK6lL7zZ8xX9cC0vB1nN2mQ3wE4rR5tT6yY7uU8iI9oO0pP1aS2dF3gG4hH5jJ6kK7l4hH5jJ6kK7lL8zX9cV0bN1nM2qW3eR4tT5yU6iI7oO8pP9aS0dF1gG2hH3jJ4kK5lL6zZ7xX8cC9vV0bB1nN2mM3qW4eR5tT6yU7iI8oO9pP0aS1dF2gG3hH4jJ5kK6lL7zZ8xX9cC0vB1nN2mQ3wE4rR5tT6yY7uU8iI9oO0pP1aS2dF3gG4hH5jJ6kK7lL8zX9cV0bN1nM2qW3eR4tT5yU6iI7oO8pP9aS0dF1gG2hH3jJ4kK5lL6zZ7xX8cC9vV0bB1nN2mM3qW4eR5tT6yU7iI8oO9pP0aS1dF2gG3hH4jJ5kK6lL7zZ8xX9cC0vB1nN2mQ3wE4rR5tT6yY7uU8iI9oO0pP1aS2dF3gG4hH5jJ6kK7l4hH5jJ6kK7lL8zX9cV0bN1nM2qW3eR4tT5yU6iI7oO8pP9aS0dF1gG2hH3jJ4kK5lL6zZ7xX8cC9vV0bB1nN2mM3qW4eR5tT6yU7iI8oO9pP0aS1dF2gG3hH4jJ5kK6lL7zZ8xX9cC0vB1nN2mQ3wE4rR5tT6yY7uU8iI9oO0pP1aS2dF3gG4hH5jJ6kK7lL8zX9cV0bN1nM2qW3eR4tT5yU6iI7oO8pP9aS0dF1gG2hH3jJ4kK5lL6zZ7xX8cC9vV0bB1nN2mM3qW4eR5tT6yU7iI8oO9pP0aS1dF2gG3hH4jJ5kK6lL7zZ8xX9cC0vB1nN2mQ3wE4rR5tT6yY7uU8iI9oO0pP1aS2dF3gG4hH5jJ6kK7l4hH5jJ6kK7lL8zX9cV0bN1nM2qW3eR4tT5yU6iI7oO8pP9aS0dF1gG2hH3jJ4kK5lL6zZ7xX8cC9vV0bB1nN2mM3qW4eR5tT6yU7iI8oO9pP0aS1dF2gG3hH4jJ5kK6lL7zZ8xX9cC0vB1nN2mQ3wE4rR5tT6yY7uU8iI9oO0pP1aS2dF3gG4hH5jJ6kK7lL8zX9cV0bN1nM2qW3eR4tT5yU6iI7oO8pP9aS0dF1gG2hH3jJ4kK5lL6zZ7xX8cC9vV0bB1nN2mM3qW4eR5tT6yU7iI8oO9pP0aS1dF2gG3hH4jJ5kK6lL7zZ8xX9cC0vB1nN2mQ3wE4rR5tT6yY7uU8iI9oO0pP1aS2dF3gG4hH5jJ6kK7l4hH5jJ6kK7lL8zX9cV0bN1nM2qW3eR4tT5yU6iI7oO8pP9aS0dF1gG2hH3jJ4kK5lL6zZ7xX8cC9vV0bB1nN2mM3qW4eR5tT6yU7iI8oO9pP0aS1dF2gG3hH4jJ5kK6lL7zZ8xX9cC0vB1nN2mQ3wE4rR5tT6yY7uU8iI9oO0pP1aS2dF3gG4hH5jJ6kK7lL8zX9cV0bN1nM2qW3eR4tT5yU6iI7oO8pP9aS0dF1gG2hH3jJ4kK5lL6zZ7xX8cC9vV0bB1nN2mM3qW4eR5tT6yU7iI8oO9pP0aS1dF2gG3hH4jJ5kK6lL7zZ8xX9cC0vB1nN2mQ3wE4rR5tT6yY7uU8iI9oO0pP1aS2dF3gG4hH5jJ6kK7l4hH5jJ6kK7lL8zX9cV0bN1nM2qW3eR4tT5yU6iI7oO8pP9aS0dF1gG2hH3jJ4kK5lL6z7nB9vR2mX8kLp4QjW3tY5zH1aG6sF9dD0fS8gA7hJ6kL5mN4bV3vC2xZ1oP9iU8uY7tT6rR5eE4wW3qQ2aZ1sX2dC3fV4gB5hN6jM7kL8pO9iU0yT1rE2wQ3aS4dF5gG6hH7jJ8kK9lL0zZ1xX2cC3vV4bB5nN6mM7qQ8wW9eE0rR1tT2yY3uU4iI5oO6pP7aA8sS9dD0fF1gG2hH3jJ4kK5lL6zZ7xX8cC9vV0bB1nN2mM3qW4eR5tT6yU7iI8oO9pP0aS1dF2gG3hH4jJ5kK6lL7zZ8xX9cC0vB1nN2mQ3wE4rR5tT6yY7uU8iI9oO0pP1aS2dF3gG4hH5jJ6kK7lL8zX9cV0bN1nM2qW3eR4tT5yU6iI7oO8pP9aS0dF1gG2hH3jJ4kK5lL6zZ7xX8cC9vV0bB1nN2mM3qW4eR5tT6yU7iI8oO9pP0aS1dF2gG3hH4jJ5kK6lL7zZ8xX9cC0vB1nN2mQ3wE4rR5tT6yY7uU8iI9oO0pP1aS2dF3gG4hH5jJ6kK7lL8zX9cV0bN1nM2qW3eR4tT5yU6iI7oO8pP9aS0dF1gG2hH3jJ4kK5lL6zZ7xX8cC9vV0bB1nN2mM3qW4eR5tT6yU7iI8oO9pP0aS1dF2gG3hH4jJ5kK6lL7zZ8xX9cC0vB1nN2mQ3wE4rR5tT6yY7uU8iI9oO0pP1aS2dF3gG4hH5jJ6kK7lL8zX9cV0bN1nM2qW3eR4tT5yU6iI7oO8pP9aS0dF1gG2hH3jJ4kK5lL6zZ7xX8cC9vV0bB1nN2mM3qW4eR5tT6yU7iI8oO9pP0aS1dF2gG3hH4jJ5kK6lL7zZ8xX9cC0vB1nN2mQ3wE4rR5tT6yY7uU8iI9oO0pP1aS2dF3gG4hH5jJ6kK7lL8zX9cV0bN1nM2qW3eR4tT5yU6iI7oO8pP9aS0dF1gG2hH3jJ4kK5lL6zZ7xX8cC9vV0bB1nN2mM3qW4eR5tT6yU7iI8oO9pP0aS1dF2gG3hH4jJ5kK6lL7zZ8xX9cC0vB1nN2mQ3wE4rR5tT6yY7uU8iI9oO0pP1aS2dF3gG4hH5jJ6kK7l4hH5jJ6kK7lL8zX9cV0bN1nM2qW3eR4tT5yU6iI7oO8pP9aS0dF1gG2hH3jJ4kK5lL6zZ7xX8cC9vV0bB1nN2mM3qW4eR5tT6yU7iI8oO9pP0aS1dF2gG3hH4jJ5kK6lL7zZ8xX9cC0vB1nN2mQ3wE4rR5tT6yY7uU8iI9oO0pP1aS2dF3gG4hH5jJ6kK7lL8zX9cV0bN1nM2qW3eR4tT5yU6iI7oO8pP9aS0dF1gG2hH3jJ4kK5lL6zZ7xX8cC9vV0bB1nN2mM3qW4eR5tT6yU7iI8oO9pP0aS1dF2gG3hH4jJ5kK6lL7zZ8xX9cC0vB1nN2mQ3wE4rR5tT6yY7uU8iI9oO0pP1aS2dF3gG4hH5jJ6kK7l4hH5jJ6kK7lL8zX9cV0bN1nM2qW3eR4tT5yU6iI7oO8pP9aS0dF1gG2hH3jJ4kK5lL6zZ7xX8cC9vV0bB1nN2mM3qW4eR5tT6yU7iI8oO9pP0aS1dF2gG3hH4jJ5kK6lL7zZ8xX9cC0vB1nN2mQ3wE4rR5tT6yY7uU8iI9oO0pP1aS2dF3gG4hH5jJ6kK7lL8zX9cV0bN1nM2qW3eR4tT5yU6iI7oO8pP9aS0dF1gG2hH3jJ4kK5lL6zZ7xX8cC9vV0bB1nN2mM3qW4eR5tT6yU7iI8oO9pP0aS1dF2gG3hH4jJ5kK6lL7zZ8xX9cC0vB1nN2mQ3wE4rR5tT6yY7uU8iI9oO0pP1aS2dF3gG4hH5jJ6kK7l4hH5jJ6kK7lL8zX9cV0bN1nM2qW3eR4tT5yU6iI7oO8pP9aS0dF1gG2hH3jJ4kK5lL6zZ7xX8cC9vV0bB1nN2mM3qW4eR5tT6yU7iI8oO9pP0aS1dF2gG3hH4jJ5kK6lL7zZ8xX9cC0vB1nN2mQ3wE4rR5tT6yY7uU8iI9oO0pP1aS2dF3gG4hH5jJ6kK7lL8zX9cV0bN1nM2qW3eR4tT5yU6iI7oO8pP9aS0dF1gG2hH3jJ4kK5lL6zZ7xX8cC9vV0bB1nN2mM3qW4eR5tT6yU7iI8oO9pP0aS1dF2gG3hH4jJ5kK6lL7zZ8xX9cC0vB1nN2mQ3wE4rR5tT6yY7uU8iI9oO0pP1aS2dF3gG4hH5jJ6kK7l4hH5jJ6kK7lL8zX9cV0bN1nM2qW3eR4tT5yU6iI7oO8pP9aS0dF1gG2hH3jJ4kK5lL6zZ7xX8cC9vV0bB1nN2mM3qW4eR5tT6yU7iI8oO9pP0aS1dF2gG3hH4jJ5kK6lL7zZ8xX9cC0vB1nN2mQ3wE4rR5tT6yY7uU8iI9oO0pP1aS2dF3gG4hH5jJ6kK7lL8zX9cV0bN1nM2qW3eR4tT5yU6iI7oO8pP9aS0dF1gG2hH3jJ4kK5lL6zZ7xX8cC9vV0bB1nN2mM3qW4eR5tT6yU7iI8oO9pP0aS1dF2gG3hH4jJ5kK6lL7zZ8xX9cC0vB1nN2mQ3wE4rR5tT6yY7uU8iI9oO0pP1aS2dF3gG4hH5jJ6kK7l4hH5jJ6kK7lL8zX9cV0bN1nM2qW3eR4tT5yU6iI7oO8pP9aS0dF1gG2hH3jJ4kK5lL6zZ7xX8cC9vV0bB1nN2mM3qW4eR5tT6yU7iI8oO9pP0aS1dF2gG3hH4jJ5kK6lL7zZ8xX9cC0vB1nN2mQ3wE4rR5tT6yY7uU8iI9oO0pP1aS2dF3gG4hH5jJ6kK7lL8zX9cV0bN1nM2qW3eR4tT5yU6iI7oO8pP9aS0dF1gG2hH3jJ4kK5lL6zZ7xX8cC9vV0bB1nN2mM3qW4eR5tT6yU7iI8oO9pP0aS1dF2gG3hH4jJ5kK6lL7zZ8xX9cC0vB1nN2mQ3wE4rR5tT6yY7uU8iI9oO0pP1aS2dF3gG4hH5jJ6kK7l4hH5jJ6kK7lL8zX9cV0bN1nM2qW3eR4tT5yU6iI7oO8pP9aS0dF1gG2hH3jJ4kK5lL6zZ7xX8cC9vV0bB1nN2mM3qW4eR5tT6yU7iI8oO9pP0aS1dF2gG3hH4jJ5kK6lL7zZ8xX9cC0vB1nN2mQ3wE4rR5tT6yY7uU8iI9oO0pP1aS2dF3gG4hH5jJ6kK7lL8zX9cV0bN1nM2qW3eR4tT5yU6iI7oO8pP9aS0dF1gG2hH3jJ4kK5lL6zZ7xX8cC9vV0bB1nN2mM3qW4eR5tT6yU7iI8oO9pP0aS1dF2gG3hH4jJ5kK6lL7zZ8xX9cC0vB1nN2mQ3wE4rR5tT6yY7uU8iI9oO0pP1aS2dF3gG4hH5jJ6kK7l4hH5jJ6kK7lL8zX9cV0bN1nM2qW3eR4tT5yU6iI7oO8pP9aS0dF1gG2hH3jJ4kK5lL6zZ7xX8cC9vV0bB1nN2mM3qW4eR5tT6yU7iI8oO9pP0aS1dF2gG3hH4jJ5kK6lL7zZ8xX9cC0vB1nN2mQ3wE4rR5tT6yY7uU8iI9oO0pP1aS2dF3gG4hH5jJ6kK7lL8zX9cV0bN1nM2qW3eR4tT5yU6iI7oO8pP9aS0dF1gG2hH3jJ4kK5lL6zZ7xX8cC9vV0bB1nN2mM3qW4eR5tT6yU7iI8oO9pP0aS1dF2gG3hH4jJ5kK6lL7zZ8xX9cC0vB1nN2mQ3wE4rR5tT6yY7uU8iI9oO0pP1aS2dF3gG4hH5jJ6kK7l4hH5jJ6kK7lL8zX9cV0bN1nM2qW3eR4tT5yU6iI7oO8pP9aS0dF1gG2hH3jJ4kK5lL6z7nB9vR2mX8kLp4QjW3tY5zH1aG6sF9dD0fS8gA7hJ6kL5mN4bV3vC2xZ1oP9iU8uY7tT6rR5eE4wW3qQ2aZ1sX2dC3fV4gB5hN6jM7kL8pO9iU0yT1rE2wQ3aS4dF5gG6hH7jJ8kK9lL0zZ1xX2cC3vV4bB5nN6mM7qQ8wW9eE0rR1tT2yY3uU4iI5oO6pP7aA8sS9dD0fF1gG2hH3jJ4kK5lL6zZ7xX8cC9vV0bB1nN2mM3qW4eR5tT6yU7iI8oO9pP0aS1dF2gG3hH4jJ5kK6lL7zZ8xX9cC0vB1nN2mQ3wE4rR5tT6yY7uU8iI9oO0pP1aS2dF3gG4hH5jJ6kK7lL8zX9cV0bN1nM2qW3eR4tT5yU6iI7oO8pP9aS0dF1gG2hH3jJ4kK5lL6zZ7xX8cC9vV0bB1nN2mM3qW4eR5tT6yU7iI8oO9pP0aS1dF2gG3hH4jJ5kK6lL7zZ8xX9cC0vB1nN2mQ3wE4rR5tT6yY7uU8iI9oO0pP1aS2dF3gG4hH5jJ6kK7lL8zX9cV0bN1nM2qW3eR4tT5yU6iI7oO8pP9aS0dF1gG2hH3jJ4kK5lL6zZ7xX8cC9vV0bB1nN2mM3qW4eR5tT6yU7iI8oO9pP0aS1dF2gG3hH4jJ5kK6lL7zZ8xX9cC0vB1nN2mQ3wE4rR5tT6yY7uU8iI9oO0pP1aS2dF3gG4hH5jJ6kK7lL8zX9cV0bN1nM2qW3eR4tT5yU6iI7oO8pP9aS0dF1gG2hH3jJ4kK5lL6zZ7xX8cC9vV0bB1nN2mM3qW4eR5tT6yU7iI8oO9pP0aS1dF2gG3hH4jJ5kK6lL7zZ8xX9cC0vB1nN2mQ3wE4rR5tT6yY7uU8iI9oO0pP1aS2dF3gG4hH5jJ6kK7lL8zX9cV0bN1nM2qW3eR4tT5yU6iI7oO8pP9aS0dF1gG2hH3jJ4kK5lL6zZ7xX8cC9vV0bB1nN2mM3qW4eR5tT6yU7iI8oO9pP0aS1dF2gG3hH4jJ5kK6lL7zZ8xX9cC0vB1nN2mQ3wE4rR5tT6yY7uU8iI9oO0pP1aS2dF3gG4hH5jJ6kK7l4hH5jJ6kK7lL8zX9cV0bN1nM2qW3eR4tT5yU6iI7oO8pP9aS0dF1gG2hH3jJ4kK5lL6zZ7xX8cC9vV0bB1nN2mM3qW4eR5tT6yU7iI8oO9pP0aS1dF2gG3hH4jJ5kK6lL7zZ8xX9cC0vB1nN2mQ3wE4rR5tT6yY7uU8iI9oO0pP1aS2dF3gG4hH5jJ6kK7lL8zX9cV0bN1nM2qW3eR4tT5yU6iI7oO8pP9aS0dF1gG2hH3jJ4kK5lL6zZ7xX8cC9vV0bB1nN2mM3qW4eR5tT6yU7iI8oO9pP0aS1dF2gG3hH4jJ5kK6lL7zZ8xX9cC0vB1nN2mQ3wE4rR5tT6yY7uU8iI9oO0pP1aS2dF3gG4hH5jJ6kK7l4hH5jJ6kK7lL8zX9cV0bN1nM2qW3eR4tT5yU6iI7oO8pP9aS0dF1gG2hH3jJ4kK5lL6zZ7xX8cC9vV0bB1nN2mM3qW4eR5tT6yU7iI8oO9pP0aS1dF2gG3hH4jJ5kK6lL7zZ8xX9cC0vB1nN2mQ3wE4rR5tT6yY7uU8iI9oO0pP1aS2dF3gG4hH5jJ6kK7lL8zX9cV0bN1nM2qW3eR4tT5yU6iI7oO8pP9aS0dF1gG2hH3jJ4kK5lL6zZ7xX8cC9vV0bB1nN2mM3qW4eR5tT6yU7iI8oO9pP0aS1dF2gG3hH4jJ5kK6lL7zZ8xX9cC0vB1nN2mQ3wE4rR5tT6yY7uU8iI9oO0pP1aS2dF3gG4hH5jJ6kK7l4hH5jJ6kK7lL8zX9cV0bN1nM2qW3eR4tT5yU6iI7oO8pP9aS0dF1gG2hH3jJ4kK5lL6zZ7xX8cC9vV0bB1nN2mM3qW4eR5tT6yU7iI8oO9pP0aS1dF2gG3hH4jJ5kK6lL7zZ8xX9cC0vB1nN2mQ3wE4rR5tT6yY7uU8iI9oO0pP1aS2dF3gG4hH5jJ6kK7lL8zX9cV0bN1nM2qW3eR4tT5yU6iI7oO8pP9aS0dF1gG2hH3jJ4kK5lL6zZ7xX8cC9vV0bB1nN2mM3qW4eR5tT6yU7iI8oO9pP0aS1dF2gG3hH4jJ5kK6lL7zZ8xX9cC0vB1nN2mQ3wE4rR5tT6yY7uU8iI9oO0pP1aS2dF3gG4hH5jJ6kK7l4hH5jJ6kK7lL8zX9cV0bN1nM2qW3eR4tT5yU6iI7oO8pP9aS0dF1gG2hH3jJ4kK5lL6zZ7xX8cC9vV0bB1nN2mM3qW4eR5tT6yU7iI8oO9pP0aS1dF2gG3hH4jJ5kK6lL7zZ8xX9cC0vB1nN2mQ3wE4rR5tT6yY7uU8iI9oO0pP1aS2dF3gG4hH5jJ6kK7lL8zX9cV0bN1nM2qW3eR4tT5yU6iI7oO8pP9aS0dF1gG2hH3jJ4kK5lL6zZ7xX8cC9vV0bB1nN2mM3qW4eR5tT6yU7iI8oO9pP0aS1dF2gG3hH4jJ5kK6lL7zZ8xX9cC0vB1nN2mQ3wE4rR5tT6yY7uU8iI9oO0pP1aS2dF3gG4hH5jJ6kK7l4hH5jJ6kK7lL8zX9cV0bN1nM2qW3eR4tT5yU6iI7oO8pP9aS0dF1gG2hH3jJ4kK5lL6zZ7xX8cC9vV0bB1nN2mM3qW4eR5tT6yU7iI8oO9pP0aS1dF2gG3hH4jJ5kK6lL7zZ8xX9cC0vB1nN2mQ3wE4rR5tT6yY7uU8iI9oO0pP1aS2dF3gG4hH5jJ6kK7lL8zX9cV0bN1nM2qW3eR4tT5yU6iI7oO8pP9aS0dF1gG2hH3jJ4kK5lL6zZ7xX8cC9vV0bB1nN2mM3qW4eR5tT6yU7iI8oO9pP0aS1dF2gG3hH4jJ5kK6lL7zZ8xX9cC0vB1nN2mQ3wE4rR5tT6yY7uU8iI9oO0pP1aS2dF3gG4hH5jJ6kK7l4hH5jJ6kK7lL8zX9cV0bN1nM2qW3eR4tT5yU6iI7oO8pP9aS0dF1gG2hH3jJ4kK5lL6zZ7xX8cC9vV0bB1nN2mM3qW4eR5tT6yU7iI8oO9pP0aS1dF2gG3hH4jJ5kK6lL7zZ8xX9cC0vB1nN2mQ3wE4rR5tT6yY7uU8iI9oO0pP1aS2dF3gG4hH5jJ6kK7lL8zX9cV0bN1nM2qW3eR4tT5yU6iI7oO8pP9aS0dF1gG2hH3jJ4kK5lL6zZ7xX8cC9vV0bB1nN2mM3qW4eR5tT6yU7iI8oO9pP0aS1dF2gG3hH4jJ5kK6lL7zZ8xX9cC0vB1nN2mQ3wE4rR5tT6yY7uU8iI9oO0pP1aS2dF3gG4hH5jJ6kK7l4hH5jJ6kK7lL8zX9cV0bN1nM2qW3eR4tT5yU6iI7oO8pP9aS0dF1gG2hH3jJ4kK5lL6zZ7xX8cC9vV0bB1nN2mM3qW4eR5tT6yU7iI8oO9pP0aS1dF2gG3hH4jJ5kK6lL7zZ8xX9cC0vB1nN2mQ3wE4rR5tT6yY7uU8iI9oO0pP1aS2dF3gG4hH5jJ6kK7lL8zX9cV0bN1nM2qW3eR4tT5yU6iI7oO8pP9aS0dF1gG2hH3jJ4kK5lL6zZ7xX8cC9vV0bB1nN2mM3qW4eR5tT6yU7iI8oO9pP0aS1dF2gG3hH4jJ5kK6lL7zZ8xX9cC0vB1nN2mQ3wE4rR5tT6yY7uU8iI9oO0pP1aS2dF3gG4hH5jJ6kK7l4hH5jJ6kK7lL8zX9cV0bN1nM2qW3eR4tT5yU6iI7oO8pP9aS0dF1gG2hH3jJ4kK5lL6z7nB9vR2mX8kLp4QjW3tY5zH1aG6sF9dD0fS8gA7hJ6kL5mN4bV3vC2xZ1oP9iU8uY7tT6rR5eE4wW3qQ2aZ1sX2dC3fV4gB5hN6jM7kL8pO9iU0yT1rE2wQ3aS4dF5gG6hH7jJ8kK9lL0zZ1xX2cC3vV4bB5nN6mM7qQ8wW9eE0rR1tT2yY3uU4iI5oO6pP7aA8sS9dD0fF1gG2hH3jJ4kK5lL6zZ7xX8cC9vV0bB1nN2mM3qW4eR5tT6yU7iI8oO9pP0aS1dF2gG3hH4jJ5kK6lL7zZ8xX9cC0vB1nN2mQ3wE4rR5tT6yY7uU8iI9oO0pP1aS2dF3gG4hH5jJ6kK7lL8zX9cV0bN1nM2qW3eR4tT5yU6iI7oO8pP9aS0dF1gG2hH3jJ4kK5lL6zZ7xX8cC9vV0bB1nN2mM3qW4eR5tT6yU7iI8oO9pP0aS1dF2gG3hH4jJ5kK6lL7zZ8xX9cC0vB1nN2mQ3wE4rR5tT6yY7uU8iI9oO0pP1aS2dF3gG4hH5jJ6kK7lL8zX9cV0bN1nM2qW3eR4tT5yU6iI7oO8pP9aS0dF1gG2hH3jJ4kK5lL6zZ7xX8cC9vV0bB1nN2mM3qW4eR5tT6yU7iI8oO9pP0aS1dF2gG3hH4jJ5kK6lL7zZ8xX9cC0vB1nN2mQ3wE4rR5tT6yY7uU8iI9oO0pP1aS2dF3gG4hH5jJ6kK7lL8zX9cV0bN1nM2qW3eR4tT5yU6iI7oO8pP9aS0dF1gG2hH3jJ4kK5lL6zZ7xX8cC9vV0bB1nN2mM3qW4eR5tT6yU7iI8oO9pP0aS1dF2gG3hH4jJ5kK6lL7zZ8xX9cC0vB1nN2mQ3wE4rR5tT6yY7uU8iI9oO0pP1aS2dF3gG4hH5jJ6kK7lL8zX9cV0bN1nM2qW3eR4tT5yU6iI7oO8pP9aS0dF1gG2hH3jJ4kK5lL6zZ7xX8cC9vV0bB1nN2mM3qW4eR5tT6yU7iI8oO9pP0aS1dF2gG3hH4jJ5kK6lL7zZ8xX9cC0vB1nN2mQ3wE4rR5tT6yY7uU8iI9oO0pP1aS2dF3gG4hH5jJ6kK7l4hH5jJ6kK7lL8zX9cV0bN1nM2qW3eR4tT5yU6iI7oO8pP9aS0dF1gG2hH3jJ4kK5lL6zZ7xX8cC9vV0bB1nN2mM3qW4eR5tT6yU7iI8oO9pP0aS1dF2gG3hH4jJ5kK6lL7zZ8xX9cC0vB1nN2mQ3wE4rR5tT6yY7uU8iI9oO0pP1aS2dF3gG4hH5jJ6kK7lL8zX9cV0bN1nM2qW3eR4tT5yU6iI7oO8pP9aS0dF1gG2hH3jJ4kK5lL6zZ7xX8cC9vV0bB1nN2mM3qW4eR5tT6yU7iI8oO9pP0aS1dF2gG3hH4jJ5kK6lL7zZ8xX9cC0vB1nN2mQ3wE4rR5tT6yY7uU8iI9oO0pP1aS2dF3gG4hH5jJ6kK7l4hH5jJ6kK7lL8zX9cV0bN1nM2qW3eR4tT5yU6iI7oO8pP9aS0dF1gG2hH3jJ4kK5lL6zZ7xX8cC9vV0bB1nN2mM3qW4eR5tT6yU7iI8oO9pP0aS1dF2gG3hH4jJ5kK6lL7zZ8xX9cC0vB1nN2mQ3wE4rR5tT6yY7uU8iI9oO0pP1aS2dF3gG4hH5jJ6kK7lL8zX9cV0bN1nM2qW3eR4tT5yU6iI7oO8pP9aS0dF1gG2hH3jJ4kK5lL6zZ7xX8cC9vV0bB1nN2mM3qW4eR5tT6yU7iI8oO9pP0aS1dF2gG3hH4jJ5kK6lL7zZ8xX9cC0vB1nN2mQ3wE4rR5tT6yY7uU8iI9oO0pP1aS2dF3gG4hH5jJ6kK7l4hH5jJ6kK7lL8zX9cV0bN1nM2qW3eR4tT5yU6iI7oO8pP9aS0dF1gG2hH3jJ4kK5lL6zZ7xX8cC9vV0bB1nN2mM3qW4eR5tT6yU7iI8oO9pP0aS1dF2gG3hH4jJ5kK6lL7zZ8xX9cC0vB1nN2mQ3wE4rR5tT6yY7uU8iI9oO0pP1aS2dF3gG4hH5jJ6kK7lL8zX9cV0bN1nM2qW3eR4tT5yU6iI7oO8pP9aS0dF1gG2hH3jJ4kK5lL6zZ7xX8cC9vV0bB1nN2mM3qW4eR5tT6yU7iI8oO9pP0aS1dF2gG3hH4jJ5kK6lL7zZ8xX9cC0vB1nN2mQ3wE4rR5tT6yY7uU8iI9oO0pP1aS2dF3gG4hH5jJ6kK7l4hH5jJ6kK7lL8zX9cV0bN1nM2qW3eR4tT5yU6iI7oO8pP9aS0dF1gG2hH3jJ4kK5lL6zZ7xX8cC9vV0bB1nN2mM3qW4eR5tT6yU7iI8oO9pP0aS1dF2gG3hH4jJ5kK6lL7zZ8xX9cC0vB1nN2mQ3wE4rR5tT6yY7uU8iI9oO0pP1aS2dF3gG4hH5jJ6kK7lL8zX9cV0bN1nM2qW3eR4tT5yU6iI7oO8pP9aS0dF1gG2hH3jJ4kK5lL6zZ7xX8cC9vV0bB1nN2mM3qW4eR5tT6yU7iI8oO9pP0aS1dF2gG3hH4jJ5kK6lL7zZ8xX9cC0vB1nN2mQ3wE4rR5tT6yY7uU8iI9oO0pP1aS2dF3gG4hH5jJ6kK7l4hH5jJ6kK7lL8zX9cV0bN1nM2qW3eR4tT5yU6iI7oO8pP9aS0dF1gG2hH3jJ4kK5lL6zZ7xX8cC9vV0bB1nN2mM3qW4eR5tT6yU7iI8oO9pP0aS1dF2gG3hH4jJ5kK6lL7zZ8xX9cC0vB1nN2mQ3wE4rR5tT6yY7uU8iI9oO0pP1aS2dF3gG4hH5jJ6kK7lL8zX9cV0bN1nM2qW3eR4tT5yU6iI7oO8pP9aS0dF1gG2hH3jJ4kK5lL6zZ7xX8cC9vV0bB1nN2mM3qW4eR5tT6yU7iI8oO9pP0aS1dF2gG3hH4jJ5kK6lL7zZ8xX9cC0vB1nN2mQ3wE4rR5tT6yY7uU8iI9oO0pP1aS2dF3gG4hH5jJ6kK7l4hH5jJ6kK7lL8zX9cV0bN1nM2qW3eR4tT5yU6iI7oO8pP9aS0dF1gG2hH3jJ4kK5lL6zZ7xX8cC9vV0bB1nN2mM3qW4eR5tT6yU7iI8oO9pP0aS1dF2gG3hH4jJ5kK6lL7zZ8xX9cC0vB1nN2mQ3wE4rR5tT6yY7uU8iI9oO0pP1aS2dF3gG4hH5jJ6kK7lL8zX9cV0bN1nM2qW3eR4tT5yU6iI7oO8pP9aS0dF1gG2hH3jJ4kK5lL6zZ7xX8cC9vV0bB1nN2mM3qW4eR5tT6yU7iI8oO9pP0aS1dF2gG3hH4jJ5kK6lL7zZ8xX9cC0vB1nN2mQ3wE4rR5tT6yY7uU8iI9oO0pP1aS2dF3gG4hH5jJ6kK7l4hH5jJ6kK7lL8zX9cV0bN1nM2qW3eR4tT5yU6iI7oO8pP9aS0dF1gG2hH3jJ4kK5lL6zZ7xX8cC9vV0bB1nN2mM3qW4eR5tT6yU7iI8oO9pP0aS1dF2gG3hH4jJ5kK6lL7zZ8xX9cC0vB1nN2mQ3wE4rR5tT6yY7uU8iI9oO0pP1aS2dF3gG4hH5jJ6kK7lL8zX9cV0bN1nM2qW3eR4tT5yU6iI7oO8pP9aS0dF1gG2hH3jJ4kK5lL6zZ7xX8cC9vV0bB1nN2mM3qW4eR5tT6yU7iI8oO9pP0aS1dF2gG3hH4jJ5kK6lL7zZ8xX9cC0vB1nN2mQ3wE4rR5tT6yY7uU8iI9oO0pP1aS2dF3gG4hH5jJ6kK7l4hH5jJ6kK7lL8zX9cV0bN1nM2qW3eR4tT5yU6iI7oO8pP9aS0dF1gG2hH3jJ4kK5lL6z7nB9vR2mX8kLp4QjW3tY5zH1aG6sF9dD0fS8gA7hJ6kL5mN4bV3vC2xZ1oP9iU8uY7tT6rR5eE4wW3qQ2aZ1sX2dC3fV4gB5hN6jM7kL8pO9iU0yT1rE2wQ3aS4dF5gG6hH7jJ8kK9lL0zZ1xX2cC3vV4bB5nN6mM7qQ8wW9eE0rR1tT2yY3uU4iI5oO6pP7aA8sS9dD0fF1gG2hH3jJ4kK5lL6zZ7xX8cC9vV0bB1nN2mM3qW4eR5tT6yU7iI8oO9pP0aS1dF2gG3hH4jJ5kK6lL7zZ8xX9cC0vB1nN2mQ3wE4rR5tT6yY7uU8iI9oO0pP1aS2dF3gG4hH5jJ6kK7lL8zX9cV0bN1nM2qW3eR4tT5yU6iI7oO8pP9aS0dF1gG2hH3jJ4kK5lL6zZ7xX8cC9vV0bB1nN2mM3qW4eR5tT6yU7iI8oO9pP0aS1dF2gG3hH4jJ5kK6lL7zZ8xX9cC0vB1nN2mQ3wE4rR5tT6yY7uU8iI9oO0pP1aS2dF3gG4hH5jJ6kK7lL8zX9cV0bN1nM2qW3eR4tT5yU6iI7oO8pP9aS0dF1gG2hH3jJ4kK5lL6zZ7xX8cC9vV0bB1nN2mM3qW4eR5tT6yU7iI8oO9pP0aS1dF2gG3hH4jJ5kK6lL7zZ8xX9cC0vB1nN2mQ3wE4rR5tT6yY7uU8iI9oO0pP1aS2dF3gG4hH5jJ6kK7lL8zX9cV0bN1nM2qW3eR4tT5yU6iI7oO8pP9aS0dF1gG2hH3jJ4kK5lL6zZ7xX8cC9vV0bB1nN2mM3qW4eR5tT6yU7iI8oO9pP0aS1dF2gG3hH4jJ5kK6lL7zZ8xX9cC0vB1nN2mQ3wE4rR5tT6yY7uU8iI9oO0pP1aS2dF3gG4hH5jJ6kK7lL8zX9cV0bN1nM2qW3eR4tT5yU6iI7oO8pP9aS0dF1gG2hH3jJ4kK5lL6zZ7xX8cC9vV0bB1nN2mM3qW4eR5tT6yU7iI8oO9pP0aS1dF2gG3hH4jJ5kK6lL7zZ8xX9cC0vB1nN2mQ3wE4rR5tT6yY7uU8iI9oO0pP1aS2dF3gG4hH5jJ6kK7l4hH5jJ6kK7lL8zX9cV0bN1nM2qW3eR4tT5yU6iI7oO8pP9aS0dF1gG2hH3jJ4kK5lL6zZ7xX8cC9vV0bB1nN2mM3qW4eR5tT6yU7iI8oO9pP0aS1dF2gG3hH4jJ5kK6lL7zZ8xX9cC0vB1nN2mQ3wE4rR5tT6yY7uU8iI9oO0pP1aS2dF3gG4hH5jJ6kK7lL8zX9cV0bN1nM2qW3eR4tT5yU6iI7oO8pP9aS0dF1gG2hH3jJ4kK5lL6zZ7xX8cC9vV0bB1nN2mM3qW4eR5tT6yU7iI8oO9pP0aS1dF2gG3hH4jJ5kK6lL7zZ8xX9cC0vB1nN2mQ3wE4rR5tT6yY7uU8iI9oO0pP1aS2dF3gG4hH5jJ6kK7l4hH5jJ6kK7lL8zX9cV0bN1nM2qW3eR4tT5yU6iI7oO8pP9aS0dF1gG2hH3jJ4kK5lL6zZ7xX8cC9vV0bB1nN2mM3qW4eR5tT6yU7iI8oO9pP0aS1dF2gG3hH4jJ5kK6lL7zZ8xX9cC0vB1nN2mQ3wE4rR5tT6yY7uU8iI9oO0pP1aS2dF3gG4hH5jJ6kK7lL8zX9cV0bN1nM2qW3eR4tT5yU6iI7oO8pP9aS0dF1gG2hH3jJ4kK5lL6zZ7xX8cC9vV0bB1nN2mM3qW4eR5tT6yU7iI8oO9pP0aS1dF2gG3hH4jJ5kK6lL7zZ8xX9cC0vB1nN2mQ3wE4rR5tT6yY7uU8iI9oO0pP1aS2dF3gG4hH5jJ6kK7l4hH5jJ6kK7lL8zX9cV0bN1nM2qW3eR4tT5yU6iI7oO8pP9aS0dF1gG2hH3jJ4kK5lL6zZ7xX8cC9vV0bB1nN2mM3qW4eR5tT6yU7iI8oO9pP0aS1dF2gG3hH4jJ5kK6lL7zZ8xX9cC0vB1nN2mQ3wE4rR5tT6yY7uU8iI9oO0pP1aS2dF3gG4hH5jJ6kK7lL8zX9cV0bN1nM2qW3eR4tT5yU6iI7oO8pP9aS0dF1gG2hH3jJ4kK5lL6zZ7xX8cC9vV0bB1nN2mM3qW4eR5tT6yU7iI8oO9pP0aS1dF2gG3hH4jJ5kK6lL7zZ8xX9cC0vB1nN2mQ3wE4rR5tT6yY7uU8iI9oO0pP1aS2dF3gG4hH5jJ6kK7l4hH5jJ6kK7lL8zX9cV0bN1nM2qW3eR4tT5yU6iI7oO8pP9aS0dF1gG2hH3jJ4kK5lL6zZ7xX8cC9vV0bB1nN2mM3qW4eR5tT6yU7iI8oO9pP0aS1dF2gG3hH4jJ5kK6lL7zZ8xX9cC0vB1nN2mQ3wE4rR5tT6yY7uU8iI9oO0pP1aS2dF3gG4hH5jJ6kK7lL8zX9cV0bN1nM2qW3eR4tT5yU6iI7oO8pP9aS0dF1gG2hH3jJ4kK5lL6zZ7xX8cC9vV0bB1nN2mM3qW4eR5tT6yU7iI8oO9pP0aS1dF2gG3hH4jJ5kK6lL7zZ8xX9cC0vB1nN2mQ3wE4rR5tT6yY7uU8iI9oO0pP1aS2dF3gG4hH5jJ6kK7l4hH5jJ6kK7lL8zX9cV0bN1nM2qW3eR4tT5yU6iI7oO8pP9aS0dF1gG2hH3jJ4kK5lL6zZ7xX8cC9vV0bB1nN2mM3qW4eR5tT6yU7iI8oO9pP0aS1dF2gG3hH4jJ5kK6lL7zZ8xX9cC0vB1nN2mQ3wE4rR5tT6yY7uU8iI9oO0pP1aS2dF3gG4hH5jJ6kK7lL8zX9cV0bN1nM2qW3eR4tT5yU6iI7oO8pP9aS0dF1gG2hH3jJ4kK5lL6zZ7xX8cC9vV0bB1nN2mM3qW4eR5tT6yU7iI8oO9pP0aS1dF2gG3hH4jJ5kK6lL7zZ8xX9cC0vB1nN2mQ3wE4rR5tT6yY7uU8iI9oO0pP1aS2dF3gG4hH5jJ6kK7l4hH5jJ6kK7lL8zX9cV0bN1nM2qW3eR4tT5yU6iI7oO8pP9aS0dF1gG2hH3jJ4kK5lL6zZ7xX8cC9vV0bB1nN2mM3qW4eR5tT6yU7iI8oO9pP0aS1dF2gG3hH4jJ5kK6lL7zZ8xX9cC0vB1nN2mQ3wE4rR5tT6yY7uU8iI9oO0pP1aS2dF3gG4hH5jJ6kK7lL8zX9cV0bN1nM2qW3eR4tT5yU6iI7oO8pP9aS0dF1gG2hH3jJ4kK5lL6zZ7xX8cC9vV0bB1nN2mM3qW4eR5tT6yU7iI8oO9pP0aS1dF2gG3hH4jJ5kK6lL7zZ8xX9cC0vB1nN2mQ3wE4rR5tT6yY7uU8iI9oO0pP1aS2dF3gG4hH5jJ6kK7l4hH5jJ6kK7lL8zX9cV0bN1nM2qW3eR4tT5yU6iI7oO8pP9aS0dF1gG2hH3jJ4kK5lL6zZ7xX8cC9vV0bB1nN2mM3qW4eR5tT6yU7iI8oO9pP0aS1dF2gG3hH4jJ5kK6lL7zZ8xX9cC0vB1nN2mQ3wE4rR5tT6yY7uU8iI9oO0pP1aS2dF3gG4hH5jJ6kK7lL8zX9cV0bN1nM2qW3eR4tT5yU6iI7oO8pP9aS0dF1gG2hH3jJ4kK5lL6zZ7xX8cC9vV0bB1nN2mM3qW4eR5tT6yU7iI8oO9pP0aS1dF2gG3hH4jJ5kK6lL7zZ8xX9cC0vB1nN2mQ3wE4rR5tT6yY7uU8iI9oO0pP1aS2dF3gG4hH5jJ6kK7l4hH5jJ6kK7lL8zX9cV0bN1nM2qW3eR4tT5yU6iI7oO8pP9aS0dF1gG2hH3jJ4kK5lL6z7nB9vR2mX8kLp4QjW3tY5zH1aG6sF9dD0fS8gA7hJ6kL5mN4bV3vC2xZ1oP9iU8uY7tT6rR5eE4wW3qQ2aZ1sX2dC3fV4gB5hN6jM7kL8pO9iU0yT1rE2wQ3aS4dF5gG6hH7jJ8kK9lL0zZ1xX2cC3vV4bB5nN6mM7qQ8wW9eE0rR1tT2yY3uU4iI5oO6pP7aA8sS9dD0fF1gG2hH3jJ4kK5lL6zZ7xX8cC9vV0bB1nN2mM3qW4eR5tT6yU7iI8oO9pP0aS1dF2gG3hH4jJ5kK6lL7zZ8xX9cC0vB1nN2mQ3wE4rR5tT6yY7uU8iI9oO0pP1aS2dF3gG4hH5jJ6kK7lL8zX9cV0bN1nM2qW3eR4tT5yU6iI7oO8pP9aS0dF1gG2hH3jJ4kK5lL6zZ7xX8cC9vV0bB1nN2mM3qW4eR5tT6yU7iI8oO9pP0aS1dF2gG3hH4jJ5kK6lL7zZ8xX9cC0vB1nN2mQ3wE4rR5tT6yY7uU8iI9oO0pP1aS2dF3gG4hH5jJ6kK7lL8zX9cV0bN1nM2qW3eR4tT5yU6iI7oO8pP9aS0dF1gG2hH3jJ4kK5lL6zZ7xX8cC9vV0bB1nN2mM3qW4eR5tT6yU7iI8oO9pP0aS1dF2gG3hH4jJ5kK6lL7zZ8xX9cC0vB1nN2mQ3wE4rR5tT6yY7uU8iI9oO0pP1aS2dF3gG4hH5jJ6kK7lL8zX9cV0bN1nM2qW3eR4tT5yU6iI7oO8pP9aS0dF1gG2hH3jJ4kK5lL6zZ7xX8cC9vV0bB1nN2mM3qW4eR5tT6yU7iI8oO9pP0aS1dF2gG3hH4jJ5kK6lL7zZ8xX9cC0vB1nN2mQ3wE4rR5tT6yY7uU8iI9oO0pP1aS2dF3gG4hH5jJ6kK7lL8zX9cV0bN1nM2qW3eR4tT5yU6iI7oO8pP9aS0dF1gG2hH3jJ4kK5lL6zZ7xX8cC9vV0bB1nN2mM3qW4eR5tT6yU7iI8oO9pP0aS1dF2gG3hH4jJ5kK6lL7zZ8xX9cC0vB1nN2mQ3wE4rR5tT6yY7uU8iI9oO0pP1aS2dF3gG4hH5jJ6kK7l4hH5jJ6kK7lL8zX9cV0bN1nM2qW3eR4tT5yU6iI7oO8pP9aS0dF1gG2hH3jJ4kK5lL6zZ7xX8cC9vV0bB1nN2mM3qW4eR5tT6yU7iI8oO9pP0aS1dF2gG3hH4jJ5kK6lL7zZ8xX9cC0vB1nN2mQ3wE4rR5tT6yY7uU8iI9oO0pP1aS2dF3gG4hH5jJ6kK7lL8zX9cV0bN1nM2qW3eR4tT5yU6iI7oO8pP9aS0dF1gG2hH3jJ4kK5lL6zZ7xX8cC9vV0bB1nN2mM3qW4eR5tT6yU7iI8oO9pP0aS1dF2gG3hH4jJ5kK6lL7zZ8xX9cC0vB1nN2mQ3wE4rR5tT6yY7uU8iI9oO0pP1aS2dF3gG4hH5jJ6kK7l4hH5jJ6kK7lL8zX9cV0bN1nM2qW3eR4tT5yU6iI7oO8pP9aS0dF1gG2hH3jJ4kK5lL6zZ7xX8cC9vV0bB1nN2mM3qW4eR5tT6yU7iI8oO9pP0aS1dF2gG3hH4jJ5kK6lL7zZ8xX9cC0vB1nN2mQ3wE4rR5tT6yY7uU8iI9oO0pP1aS2dF3gG4hH5jJ6kK7lL8zX9cV0bN1nM2qW3eR4tT5yU6iI7oO8pP9aS0dF1gG2hH3jJ4kK5lL6zZ7xX8cC9vV0bB1nN2mM3qW4eR5tT6yU7iI8oO9pP0aS1dF2gG3hH4jJ5kK6lL7zZ8xX9cC0vB1nN2mQ3wE4rR5tT6yY7uU8iI9oO0pP1aS2dF3gG4hH5jJ6kK7l4hH5jJ6kK7lL8zX9cV0bN1nM2qW3eR4tT5yU6iI7oO8pP9aS0dF1gG2hH3jJ4kK5lL6zZ7xX8cC9vV0bB1nN2mM3qW4eR5tT6yU7iI8oO9pP0aS1dF2gG3hH4jJ5kK6lL7zZ8xX9cC0vB1nN2mQ3wE4rR5tT6yY7uU8iI9oO0pP1aS2dF3gG4hH5jJ6kK7lL8zX9cV0bN1nM2qW3eR4tT5yU6iI7oO8pP9aS0dF1gG2hH3jJ4kK5lL6zZ7xX8cC9vV0bB1nN2mM3qW4eR5tT6yU7iI8oO9pP0aS1dF2gG3hH4jJ5kK6lL7zZ8xX9cC0vB1nN2mQ3wE4rR5tT6yY7uU8iI9oO0pP1aS2dF3gG4hH5jJ6kK7l4hH5jJ6kK7lL8zX9cV0bN1nM2qW3eR4tT5yU6iI7oO8pP9aS0dF1gG2hH3jJ4kK5lL6zZ7xX8cC9vV0bB1nN2mM3qW4eR5tT6yU7iI8oO9pP0aS1dF2gG3hH4jJ5kK6lL7zZ8xX9cC0vB1nN2mQ3wE4rR5tT6yY7uU8iI9oO0pP1aS2dF3gG4hH5jJ6kK7lL8zX9cV0bN1nM2qW3eR4tT5yU6iI7oO8pP9aS0dF1gG2hH3jJ4kK5lL6zZ7xX8cC9vV0bB1nN2mM3qW4eR5tT6yU7iI8oO9pP0aS1dF2gG3hH4jJ5kK6lL7zZ8xX9cC0vB1nN2mQ3wE4rR5tT6yY7uU8iI9oO0pP1aS2dF3gG4hH5jJ6kK7l4hH5jJ6kK7lL8zX9cV0bN1nM2qW3eR4tT5yU6iI7oO8pP9aS0dF1gG2hH3jJ4kK5lL6zZ7xX8cC9vV0bB1nN2mM3qW4eR5tT6yU7iI8oO9pP0aS1dF2gG3hH4jJ5kK6lL7zZ8xX9cC0vB1nN2mQ3wE4rR5tT6yY7uU8iI9oO0pP1aS2dF3gG4hH5jJ6kK7lL8zX9cV0bN1nM2qW3eR4tT5yU6iI7oO8pP9aS0dF1gG2hH3jJ4kK5lL6zZ7xX8cC9vV0bB1nN2mM3qW4eR5tT6yU7iI8oO9pP0aS1dF2gG3hH4jJ5kK6lL7zZ8xX9cC0vB1nN2mQ3wE4rR5tT6yY7uU8iI9oO0pP1aS2dF3gG4hH5jJ6kK7l4hH5jJ6kK7lL8zX9cV0bN1nM2qW3eR4tT5yU6iI7oO8pP9aS0dF1gG2hH3jJ4kK5lL6zZ7xX8cC9vV0bB1nN2mM3qW4eR5tT6yU7iI8oO9pP0aS1dF2gG3hH4jJ5kK6lL7zZ8xX9cC0vB1nN2mQ3wE4rR5tT6yY7uU8iI9oO0pP1aS2dF3gG4hH5jJ6kK7lL8zX9cV0bN1nM2qW3eR4tT5yU6iI7oO8pP9aS0dF1gG2hH3jJ4kK5lL6zZ7xX8cC9vV0bB1nN2mM3qW4eR5tT6yU7iI8oO9pP0aS1dF2gG3hH4jJ5kK6lL7zZ8xX9cC0vB1nN2mQ3wE4rR5tT6yY7uU8iI9oO0pP1aS2dF3gG4hH5jJ6kK7l4hH5jJ6kK7lL8zX9cV0bN1nM2qW3eR4tT5yU6iI7oO8pP9aS0dF1gG2hH3jJ4kK5lL6zZ7xX8cC9vV0bB1nN2mM3qW4eR5tT6yU7iI8oO9pP0aS1dF2gG3hH4jJ5kK6lL7zZ8xX9cC0vB1nN2mQ3wE4rR5tT6yY7uU8iI9oO0pP1aS2dF3gG4hH5jJ6kK7lL8zX9cV0bN1nM2qW3eR4tT5yU6iI7oO8pP9aS0dF1gG2hH3jJ4kK5lL6zZ7xX8cC9vV0bB1nN2mM3qW4eR5tT6yU7iI8oO9pP0aS1dF2gG3hH4jJ5kK6lL7zZ8xX9cC0vB1nN2mQ3wE4rR5tT6yY7uU8iI9oO0pP1aS2dF3gG4hH5jJ6kK7l4hH5jJ6kK7lL8zX9cV0bN1nM2qW3eR4tT5yU6iI7oO8pP9aS0dF1gG2hH3jJ4kK5lL6z7nB9vR2mX8kLp4QjW3tY5zH1aG6sF9dD0fS8gA7hJ6kL5mN4bV3vC2xZ1oP9iU8uY7tT6rR5eE4wW3qQ2aZ1sX2dC3fV4gB5hN6jM7kL8pO9iU0yT1rE2wQ3aS4dF5gG6hH7jJ8kK9lL0zZ1xX2cC3vV4bB5nN6mM7qQ8wW9eE0rR1tT2yY3uU4iI5oO6pP7aA8sS9dD0fF1gG2hH3jJ4kK5lL6zZ7xX8cC9vV0bB1nN2mM3qW4eR5tT6yU7iI8oO9pP0aS1dF2gG3hH4jJ5kK6lL7zZ8xX9cC0vB1nN2mQ3wE4rR5tT6yY7uU8iI9oO0pP1aS2dF3gG4hH5jJ6kK7lL8zX9cV0bN1nM2qW3eR4tT5yU6iI7oO8pP9aS0dF1gG2hH3jJ4kK5lL6zZ7xX8cC9vV0bB1nN2mM3qW4eR5tT6yU7iI8oO9pP0aS1dF2gG3hH4jJ5kK6lL7zZ8xX9cC0vB1nN2mQ3wE4rR5tT6yY7uU8iI9oO0pP1aS2dF3gG4hH5jJ6kK7lL8zX9cV0bN1nM2qW3eR4tT5yU6iI7oO8pP9aS0dF1gG2hH3jJ4kK5lL6zZ7xX8cC9vV0bB1nN2mM3qW4eR5tT6yU7iI8oO9pP0aS1dF2gG3hH4jJ5kK6lL7zZ8xX9cC0vB1nN2mQ3wE4rR5tT6yY7uU8iI9oO0pP1aS2dF3gG4hH5jJ6kK7lL8zX9cV0bN1nM2qW3eR4tT5yU6iI7oO8pP9aS0dF1gG2hH3jJ4kK5lL6zZ7xX8cC9vV0bB1nN2mM3qW4eR5tT6yU7iI8oO9pP0aS1dF2gG3hH4jJ5kK6lL7zZ8xX9cC0vB1nN2mQ3wE4rR5tT6yY7uU8iI9oO0pP1aS2dF3gG4hH5jJ6kK7lL8zX9cV0bN1nM2qW3eR4tT5yU6iI7oO8pP9aS0dF1gG2hH3jJ4kK5lL6zZ7xX8cC9vV0bB1nN2mM3qW4eR5tT6yU7iI8oO9pP0aS1dF2gG3hH4jJ5kK6lL7zZ8xX9cC0vB1nN2mQ3wE4rR5tT6yY7uU8iI9oO0pP1aS2dF3gG4hH5jJ6kK7l4hH5jJ6kK7lL8zX9cV0bN1nM2qW3eR4tT5yU6iI7oO8pP9aS0dF1gG2hH3jJ4kK5lL6zZ7xX8cC9vV0bB1nN2mM3qW4eR5tT6yU7iI8oO9pP0aS1dF2gG3hH4jJ5kK6lL7zZ8xX9cC0vB1nN2mQ3wE4rR5tT6yY7uU8iI9oO0pP1aS2dF3gG4hH5jJ6kK7lL8zX9cV0bN1nM2qW3eR4tT5yU6iI7oO8pP9aS0dF1gG2hH3jJ4kK5lL6zZ7xX8cC9vV0bB1nN2mM3qW4eR5tT6yU7iI8oO9pP0aS1dF2gG3hH4jJ5kK6lL7zZ8xX9cC0vB1nN2mQ3wE4rR5tT6yY7uU8iI9oO0pP1aS2dF3gG4hH5jJ6kK7l4hH5jJ6kK7lL8zX9cV0bN1nM2qW3eR4tT5yU6iI7oO8pP9aS0dF1gG2hH3jJ4kK5lL6zZ7xX8cC9vV0bB1nN2mM3qW4eR5tT6yU7iI8oO9pP0aS1dF2gG3hH4jJ5kK6lL7zZ8xX9cC0vB1nN2mQ3wE4rR5tT6yY7uU8iI9oO0pP1aS2dF3gG4hH5jJ6kK7lL8zX9cV0bN1nM2qW3eR4tT5yU6iI7oO8pP9aS0dF1gG2hH3jJ4kK5lL6zZ7xX8cC9vV0bB1nN2mM3qW4eR5tT6yU7iI8oO9pP0aS1dF2gG3hH4jJ5kK6lL7zZ8xX9cC0vB1nN2mQ3wE4rR5tT6yY7uU8iI9oO0pP1aS2dF3gG4hH5jJ6kK7l4hH5jJ6kK7lL8zX9cV0bN1nM2qW3eR4tT5yU6iI7oO8pP9aS0dF1gG2hH3jJ4kK5lL6zZ7xX8cC9vV0bB1nN2mM3qW4eR5tT6yU7iI8oO9pP0aS1dF2gG3hH4jJ5kK6lL7zZ8xX9cC0vB1nN2mQ3wE4rR5tT6yY7uU8iI9oO0pP1aS2dF3gG4hH5jJ6kK7lL8zX9cV0bN1nM2qW3eR4tT5yU6iI7oO8pP9aS0dF1gG2hH3jJ4kK5lL6zZ7xX8cC9vV0bB1nN2mM3qW4eR5tT6yU7iI8oO9pP0aS1dF2gG3hH4jJ5kK6lL7zZ8xX9cC0vB1nN2mQ3wE4rR5tT6yY7uU8iI9oO0pP1aS2dF3gG4hH5jJ6kK7l4hH5jJ6kK7lL8zX9cV0bN1nM2qW3eR4tT5yU6iI7oO8pP9aS0dF1gG2hH3jJ4kK5lL6zZ7xX8cC9vV0bB1nN2mM3qW4eR5tT6yU7iI8oO9pP0aS1dF2gG3hH4jJ5kK6lL7zZ8xX9cC0vB1nN2mQ3wE4rR5tT6yY7uU8iI9oO0pP1aS2dF3gG4hH5jJ6kK7lL8zX9cV0bN1nM2qW3eR4tT5yU6iI7oO8pP9aS0dF1gG2hH3jJ4kK5lL6zZ7xX8cC9vV0bB1nN2mM3qW4eR5tT6yU7iI8oO9pP0aS1dF2gG3hH4jJ5kK6lL7zZ8xX9cC0vB1nN2mQ3wE4rR5tT6yY7uU8iI9oO0pP1aS2dF3gG4hH5jJ6kK7l4hH5jJ6kK7lL8zX9cV0bN1nM2qW3eR4tT5yU6iI7oO8pP9aS0dF1gG2hH3jJ4kK5lL6zZ7xX8cC9vV0bB1nN2mM3qW4eR5tT6yU7iI8oO9pP0aS1dF2gG3hH4jJ5kK6lL7zZ8xX9cC0vB1nN2mQ3wE4rR5tT6yY7uU8iI9oO0pP1aS2dF3gG4hH5jJ6kK7lL8zX9cV0bN1nM2qW3eR4tT5yU6iI7oO8pP9aS0dF1gG2hH3jJ4kK5lL6zZ7xX8cC9vV0bB1nN2mM3qW4eR5tT6yU7iI8oO9pP0aS1dF2gG3hH4jJ5kK6lL7zZ8xX9cC0vB1nN2mQ3wE4rR5tT6yY7uU8iI9oO0pP1aS2dF3gG4hH5jJ6kK7l4hH5jJ6kK7lL8zX9cV0bN1nM2qW3eR4tT5yU6iI7oO8pP9aS0dF1gG2hH3jJ4kK5lL6zZ7xX8cC9vV0bB1nN2mM3qW4eR5tT6yU7iI8oO9pP0aS1dF2gG3hH4jJ5kK6lL7zZ8xX9cC0vB1nN2mQ3wE4rR5tT6yY7uU8iI9oO0pP1aS2dF3gG4hH5jJ6kK7lL8zX9cV0bN1nM2qW3eR4tT5yU6iI7oO8pP9aS0dF1gG2hH3jJ4kK5lL6zZ7xX8cC9vV0bB1nN2mM3qW4eR5tT6yU7iI8oO9pP0aS1dF2gG3hH4jJ5kK6lL7zZ8xX9cC0vB1nN2mQ3wE4rR5tT6yY7uU8iI9oO0pP1aS2dF3gG4hH5jJ6kK7l4hH5jJ6kK7lL8zX9cV0bN1nM2qW3eR4tT5yU6iI7oO8pP9aS0dF1gG2hH3jJ4kK5lL6zZ7xX8cC9vV0bB1nN2mM3qW4eR5tT6yU7iI8oO9pP0aS1dF2gG3hH4jJ5kK6lL7zZ8xX9cC0vB1nN2mQ3wE4rR5tT6yY7uU8iI9oO0pP1aS2dF3gG4hH5jJ6kK7lL8zX9cV0bN1nM2qW3eR4tT5yU6iI7oO8pP9aS0dF1gG2hH3jJ4kK5lL6zZ7xX8cC9vV0bB1nN2mM3qW4eR5tT6yU7iI8oO9pP0aS1dF2gG3hH4jJ5kK6lL7zZ8xX9cC0vB1nN2mQ3wE4rR5tT6yY7uU8iI9oO0pP1aS2dF3gG4hH5jJ6kK7l4hH5jJ6kK7lL8zX9cV0bN1nM2qW3eR4tT5yU6iI7oO8pP9aS0dF1gG2hH3jJ4kK5lL6z7nB9vR2mX8kLp4QjW3tY5zH1aG6sF9dD0fS8gA7hJ6kL5mN4bV3vC2xZ1oP9iU8uY7tT6rR5eE4wW3qQ2aZ1sX2dC3fV4gB5hN6jM7kL8pO9iU0yT1rE2wQ3aS4dF5gG6hH7jJ8kK9lL0zZ1xX2cC3vV4bB5nN6mM7qQ8wW9eE0rR1tT2yY3uU4iI5oO6pP7aA8sS9dD0fF1gG2hH3jJ4kK5lL6zZ7xX8cC9vV0bB1nN2mM3qW4eR5tT6yU7iI8oO9pP0aS1dF2gG3hH4jJ5kK6lL7zZ8xX9cC0vB1nN2mQ3wE4rR5tT6yY7uU8iI9oO0pP1aS2dF3gG4hH5jJ6kK7lL8zX9cV0bN1nM2qW3eR4tT5yU6iI7oO8pP9aS0dF1gG2hH3jJ4kK5lL6zZ7xX8cC9vV0bB1nN2mM3qW4eR5tT6yU7iI8oO9pP0aS1dF2gG3hH4jJ5kK6lL7zZ8xX9cC0vB1nN2mQ3wE4rR5tT6yY7uU8iI9oO0pP1aS2dF3gG4hH5jJ6kK7lL8zX9cV0bN1nM2qW3eR4tT5yU6iI7oO8pP9aS0dF1gG2hH3jJ4kK5lL6zZ7xX8cC9vV0bB1nN2mM3qW4eR5tT6yU7iI8oO9pP0aS1dF2gG3hH4jJ5kK6lL7zZ8xX9cC0vB1nN2mQ3wE4rR5tT6yY7uU8iI9oO0pP1aS2dF3gG4hH5jJ6kK7lL8zX9cV0bN1nM2qW3eR4tT5yU6iI7oO8pP9aS0dF1gG2hH3jJ4kK5lL6zZ7xX8cC9vV0bB1nN2mM3qW4eR5tT6yU7iI8oO9pP0aS1dF2gG3hH4jJ5kK6lL7zZ8xX9cC0vB1nN2mQ3wE4rR5tT6yY7uU8iI9oO0pP1aS2dF3gG4hH5jJ6kK7lL8zX9cV0bN1nM2qW3eR4tT5yU6iI7oO8pP9aS0dF1gG2hH3jJ4kK5lL6zZ7xX8cC9vV0bB1nN2mM3qW4eR5tT6yU7iI8oO9pP0aS1dF2gG3hH4jJ5kK6lL7zZ8xX9cC0vB1nN2mQ3wE4rR5tT6yY7uU8iI9oO0pP1aS2dF3gG4hH5jJ6kK7l4hH5jJ6kK7lL8zX9cV0bN1nM2qW3eR4tT5yU6iI7oO8pP9aS0dF1gG2hH3jJ4kK5lL6zZ7xX8cC9vV0bB1nN2mM3qW4eR5tT6yU7iI8oO9pP0aS1dF2gG3hH4jJ5kK6lL7zZ8xX9cC0vB1nN2mQ3wE4rR5tT6yY7uU8iI9oO0pP1aS2dF3gG4hH5jJ6kK7lL8zX9cV0bN1nM2qW3eR4tT5yU6iI7oO8pP9aS0dF1gG2hH3jJ4kK5lL6zZ7xX8cC9vV0bB1nN2mM3qW4eR5tT6yU7iI8oO9pP0aS1dF2gG3hH4jJ5kK6lL7zZ8xX9cC0vB1nN2mQ3wE4rR5tT6yY7uU8iI9oO0pP1aS2dF3gG4hH5jJ6kK7l4hH5jJ6kK7lL8zX9cV0bN1nM2qW3eR4tT5yU6iI7oO8pP9aS0dF1gG2hH3jJ4kK5lL6zZ7xX8cC9vV0bB1nN2mM3qW4eR5tT6yU7iI8oO9pP0aS1dF2gG3hH4jJ5kK6lL7zZ8xX9cC0vB1nN2mQ3wE4rR5tT6yY7uU8iI9oO0pP1aS2dF3gG4hH5jJ6kK7lL8zX9cV0bN1nM2qW3eR4tT5yU6iI7oO8pP9aS0dF1gG2hH3jJ4kK5lL6zZ7xX8cC9vV0bB1nN2mM3qW4eR5tT6yU7iI8oO9pP0aS1dF2gG3hH4jJ5kK6lL7zZ8xX9cC0vB1nN2mQ3wE4rR5tT6yY7uU8iI9oO0pP1aS2dF3gG4hH5jJ6kK7l4hH5jJ6kK7lL8zX9cV0bN1nM2qW3eR4tT5yU6iI7oO8pP9aS0dF1gG2hH3jJ4kK5lL6zZ7xX8cC9vV0bB1nN2mM3qW4eR5tT6yU7iI8oO9pP0aS1dF2gG3hH4jJ5kK6lL7zZ8xX9cC0vB1nN2mQ3wE4rR5tT6yY7uU8iI9oO0pP1aS2dF3gG4hH5jJ6kK7lL8zX9cV0bN1nM2qW3eR4tT5yU6iI7oO8pP9aS0dF1gG2hH3jJ4kK5lL6zZ7xX8cC9vV0bB1nN2mM3qW4eR5tT6yU7iI8oO9pP0aS1dF2gG3hH4jJ5kK6lL7zZ8xX9cC0vB1nN2mQ3wE4rR5tT6yY7uU8iI9oO0pP1aS2dF3gG4hH5jJ6kK7l4hH5jJ6kK7lL8zX9cV0bN1nM2qW3eR4tT5yU6iI7oO8pP9aS0dF1gG2hH3jJ4kK5lL6zZ7xX8cC9vV0bB1nN2mM3qW4eR5tT6yU7iI8oO9pP0aS1dF2gG3hH4jJ5kK6lL7zZ8xX9cC0vB1nN2mQ3wE4rR5tT6yY7uU8iI9oO0pP1aS2dF3gG4hH5jJ6kK7lL8zX9cV0bN1nM2qW3eR4tT5yU6iI7oO8pP9aS0dF1gG2hH3jJ4kK5lL6zZ7xX8cC9vV0bB1nN2mM3qW4eR5tT6yU7iI8oO9pP0aS1dF2gG3hH4jJ5kK6lL7zZ8xX9cC0vB1nN2mQ3wE4rR5tT6yY7uU8iI9oO0pP1aS2dF3gG4hH5jJ6kK7l4hH5jJ6kK7lL8zX9cV0bN1nM2qW3eR4tT5yU6iI7oO8pP9aS0dF1gG2hH3jJ4kK5lL6zZ7xX8cC9vV0bB1nN2mM3qW4eR5tT6yU7iI8oO9pP0aS1dF2gG3hH4jJ5kK6lL7zZ8xX9cC0vB1nN2mQ3wE4rR5tT6yY7uU8iI9oO0pP1aS2dF3gG4hH5jJ6kK7lL8zX9cV0bN1nM2qW3eR4tT5yU6iI7oO8pP9aS0dF1gG2hH3jJ4kK5lL6zZ7xX8cC9vV0bB1nN2mM3qW4eR5tT6yU7iI8oO9pP0aS1dF2gG3hH4jJ5kK6lL7zZ8xX9cC0vB1nN2mQ3wE4rR5tT6yY7uU8iI9oO0pP1aS2dF3gG4hH5jJ6kK7l4hH5jJ6kK7lL8zX9cV0bN1nM2qW3eR4tT5yU6iI7oO8pP9aS0dF1gG2hH3jJ4kK5lL6zZ7xX8cC9vV0bB1nN2mM3qW4eR5tT6yU7iI8oO9pP0aS1dF2gG3hH4jJ5kK6lL7zZ8xX9cC0vB1nN2mQ3wE4rR5tT6yY7uU8iI9oO0pP1aS2dF3gG4hH5jJ6kK7lL8zX9cV0bN1nM2qW3eR4tT5yU6iI7oO8pP9aS0dF1gG2hH3jJ4kK5lL6zZ7xX8cC9vV0bB1nN2mM3qW4eR5tT6yU7iI8oO9pP0aS1dF2gG3hH4jJ5kK6lL7zZ8xX9cC0vB1nN2mQ3wE4rR5tT6yY7uU8iI9oO0pP1aS2dF3gG4hH5jJ6kK7l4hH5jJ6kK7lL8zX9cV0bN1nM2qW3eR4tT5yU6iI7oO8pP9aS0dF1gG2hH3jJ4kK5lL6zZ7xX8cC9vV0bB1nN2mM3qW4eR5tT6yU7iI8oO9pP0aS1dF2gG3hH4jJ5kK6lL7zZ8xX9cC0vB1nN2mQ3wE4rR5tT6yY7uU8iI9oO0pP1aS2dF3gG4hH5jJ6kK7lL8zX9cV0bN1nM2qW3eR4tT5yU6iI7oO8pP9aS0dF1gG2hH3jJ4kK5lL6zZ7xX8cC9vV0bB1nN2mM3qW4eR5tT6yU7iI8oO9pP0aS1dF2gG3hH4jJ5kK6lL7zZ8xX9cC0vB1nN2mQ3wE4rR5tT6yY7uU8iI9oO0pP1aS2dF3gG4hH5jJ6kK7l4hH5jJ6kK7lL8zX9cV0bN1nM2qW3eR4tT5yU6iI7oO8pP9aS0dF1gG2hH3jJ4kK5lL6z7nB9vR2mX8kLp4QjW3tY5zH1aG6sF9dD0fS8gA7hJ6kL5mN4bV3vC2xZ1oP9iU8uY7tT6rR5eE4wW3qQ2aZ1sX2dC3fV4gB5hN6jM7kL8pO9iU0yT1rE2wQ3aS4dF5gG6hH7jJ8kK9lL0zZ1xX2cC3vV4bB5nN6mM7qQ8wW9eE0rR1tT2yY3uU4iI5oO6pP7aA8sS9dD0fF1gG2hH3jJ4kK5lL6zZ7xX8cC9vV0bB1nN2mM3qW4eR5tT6yU7iI8oO9pP0aS1dF2gG3hH4jJ5kK6lL7zZ8xX9cC0vB1nN2mQ3wE4rR5tT6yY7uU8iI9oO0pP1aS2dF3gG4hH5jJ6kK7lL8zX9cV0bN1nM2qW3eR4tT5yU6iI7oO8pP9aS0dF1gG2hH3jJ4kK5lL6zZ7xX8cC9vV0bB1nN2mM3qW4eR5tT6yU7iI8oO9pP0aS1dF2gG3hH4jJ5kK6lL7zZ8xX9cC0vB1nN2mQ3wE4rR5tT6yY7uU8iI9oO0pP1aS2dF3gG4hH5jJ6kK7lL8zX9cV0bN1nM2qW3eR4tT5yU6iI7oO8pP9aS0dF1gG2hH3jJ4kK5lL6zZ7xX8cC9vV0bB1nN2mM3qW4eR5tT6yU7iI8oO9pP0aS1dF2gG3hH4jJ5kK6lL7zZ8xX9cC0vB1nN2mQ3wE4rR5tT6yY7uU8iI9oO0pP1aS2dF3gG4hH5jJ6kK7lL8zX9cV0bN1nM2qW3eR4tT5yU6iI7oO8pP9aS0dF1gG2hH3jJ4kK5lL6zZ7xX8cC9vV0bB1nN2mM3qW4eR5tT6yU7iI8oO9pP0aS1dF2gG3hH4jJ5kK6lL7zZ8xX9cC0vB1nN2mQ3wE4rR5tT6yY7uU8iI9oO0pP1aS2dF3gG4hH5jJ6kK7lL8zX9cV0bN1nM2qW3eR4tT5yU6iI7oO8pP9aS0dF1gG2hH3jJ4kK5lL6zZ7xX8cC9vV0bB1nN2mM3qW4eR5tT6yU7iI8oO9pP0aS1dF2gG3hH4jJ5kK6lL7zZ8xX9cC0vB1nN2mQ3wE4rR5tT6yY7uU8iI9oO0pP1aS2dF3gG4hH5jJ6kK7l4hH5jJ6kK7lL8zX9cV0bN1nM2qW3eR4tT5yU6iI7oO8pP9aS0dF1gG2hH3jJ4kK5lL6zZ7xX8cC9vV0bB1nN2mM3qW4eR5tT6yU7iI8oO9pP0aS1dF2gG3hH4jJ5kK6lL7zZ8xX9cC0vB1nN2mQ3wE4rR5tT6yY7uU8iI9oO0pP1aS2dF3gG4hH5jJ6kK7lL8zX9cV0bN1nM2qW3eR4tT5yU6iI7oO8pP9aS0dF1gG2hH3jJ4kK5lL6zZ7xX8cC9vV0bB1nN2mM3qW4eR5tT6yU7iI8oO9pP0aS1dF2gG3hH4jJ5kK6lL7zZ8xX9cC0vB1nN2mQ3wE4rR5tT6yY7uU8iI9oO0pP1aS2dF3gG4hH5jJ6kK7l4hH5jJ6kK7lL8zX9cV0bN1nM2qW3eR4tT5yU6iI7oO8pP9aS0dF1gG2hH3jJ4kK5lL6zZ7xX8cC9vV0bB1nN2mM3qW4eR5tT6yU7iI8oO9pP0aS1dF2gG3hH4jJ5kK6lL7zZ8xX9cC0vB1nN2mQ3wE4rR5tT6yY7uU8iI9oO0pP1aS2dF3gG4hH5jJ6kK7lL8zX9cV0bN1nM2qW3eR4tT5yU6iI7oO8pP9aS0dF1gG2hH3jJ4kK5lL6zZ7xX8cC9vV0bB1nN2mM3qW4eR5tT6yU7iI8oO9pP0aS1dF2gG3hH4jJ5kK6lL7zZ8xX9cC0vB1nN2mQ3wE4rR5tT6yY7uU8iI9oO0pP1aS2dF3gG4hH5jJ6kK7l4hH5jJ6kK7lL8zX9cV0bN1nM2qW3eR4tT5yU6iI7oO8pP9aS0dF1gG2hH3jJ4kK5lL6zZ7xX8cC9vV0bB1nN2mM3qW4eR5tT6yU7iI8oO9pP0aS1dF2gG3hH4jJ5kK6lL7zZ8xX9cC0vB1nN2mQ3wE4rR5tT6yY7uU8iI9oO0pP1aS2dF3gG4hH5jJ6kK7lL8zX9cV0bN1nM2qW3eR4tT5yU6iI7oO8pP9aS0dF1gG2hH3jJ4kK5lL6zZ7xX8cC9vV0bB1nN2mM3qW4eR5tT6yU7iI8oO9pP0aS1dF2gG3hH4jJ5kK6lL7zZ8xX9cC0vB1nN2mQ3wE4rR5tT6yY7uU8iI9oO0pP1aS2dF3gG4hH5jJ6kK7l4hH5jJ6kK7lL8zX9cV0bN1nM2qW3eR4tT5yU6iI7oO8pP9aS0dF1gG2hH3jJ4kK5lL6zZ7xX8cC9vV0bB1nN2mM3qW4eR5tT6yU7iI8oO9pP0aS1dF2gG3hH4jJ5kK6lL7zZ8xX9cC0vB1nN2mQ3wE4rR5tT6yY7uU8iI9oO0pP1aS2dF3gG4hH5jJ6kK7lL8zX9cV0bN1nM2qW3eR4tT5yU6iI7oO8pP9aS0dF1gG2hH3jJ4kK5lL6zZ7xX8cC9vV0bB1nN2mM3qW4eR5tT6yU7iI8oO9pP0aS1dF2gG3hH4jJ5kK6lL7zZ8xX9cC0vB1nN2mQ3wE4rR5tT6yY7uU8iI9oO0pP1aS2dF3gG4hH5jJ6kK7l4hH5jJ6kK7lL8zX9cV0bN1nM2qW3eR4tT5yU6iI7oO8pP9aS0dF1gG2hH3jJ4kK5lL6zZ7xX8cC9vV0bB1nN2mM3qW4eR5tT6yU7iI8oO9pP0aS1dF2gG3hH4jJ5kK6lL7zZ8xX9cC0vB1nN2mQ3wE4rR5tT6yY7uU8iI9oO0pP1aS2dF3gG4hH5jJ6kK7lL8zX9cV0bN1nM2qW3eR4tT5yU6iI7oO8pP9aS0dF1gG2hH3jJ4kK5lL6zZ7xX8cC9vV0bB1nN2mM3qW4eR5tT6yU7iI8oO9pP0aS1dF2gG3hH4jJ5kK6lL7zZ8xX9cC0vB1nN2mQ3wE4rR5tT6yY7uU8iI9oO0pP1aS2dF3gG4hH5jJ6kK7l4hH5jJ6kK7lL8zX9cV0bN1nM2qW3eR4tT5yU6iI7oO8pP9aS0dF1gG2hH3jJ4kK5lL6zZ7xX8cC9vV0bB1nN2mM3qW4eR5tT6yU7iI8oO9pP0aS1dF2gG3hH4jJ5kK6lL7zZ8xX9cC0vB1nN2mQ3wE4rR5tT6yY7uU8iI9oO0pP1aS2dF3gG4hH5jJ6kK7lL8zX9cV0bN1nM2qW3eR4tT5yU6iI7oO8pP9aS0dF1gG2hH3jJ4kK5lL6zZ7xX8cC9vV0bB1nN2mM3qW4eR5tT6yU7iI8oO9pP0aS1dF2gG3hH4jJ5kK6lL7zZ8xX9cC0vB1nN2mQ3wE4rR5tT6yY7uU8iI9oO0pP1aS2dF3gG4hH5jJ6kK7l4hH5jJ6kK7lL8zX9cV0bN1nM2qW3eR4tT5yU6iI7oO8pP9aS0dF1gG2hH3jJ4kK5lL6zZ7xX8cC9vV0bB1nN2mM3qW4eR5tT6yU7iI8oO9pP0aS1dF2gG3hH4jJ5kK6lL7zZ8xX9cC0vB1nN2mQ3wE4rR5tT6yY7uU8iI9oO0pP1aS2dF3gG4hH5jJ6kK7lL8zX9cV0bN1nM2qW3eR4tT5yU6iI7oO8pP9aS0dF1gG2hH3jJ4kK5lL6zZ7xX8cC9vV0bB1nN2mM3qW4eR5tT6yU7iI8oO9pP0aS1dF2gG3hH4jJ5kK6lL7zZ8xX9cC0vB1nN2mQ3wE4rR5tT6yY7uU8iI9oO0pP1aS2dF3gG4hH5jJ6kK7l4hH5jJ6kK7lL8zX9cV0bN1nM2qW3eR4tT5yU6iI7oO8pP9aS0dF1gG2hH3jJ4kK5lL6z7nB9vR2mX8kLp4QjW3tY5zH1aG6sF9dD0fS8gA7hJ6kL5mN4bV3vC2xZ1oP9iU8uY7tT6rR5eE4wW3qQ2aZ1sX2dC3fV4gB5hN6jM7kL8pO9iU0yT1rE2wQ3aS4dF5gG6hH7jJ8kK9lL0zZ1xX2cC3vV4bB5nN6mM7qQ8wW9eE0rR1tT2yY3uU4iI5oO6pP7aA8sS9dD0fF1gG2hH3jJ4kK5lL6zZ7xX8cC9vV0bB1nN2mM3qW4eR5tT6yU7iI8oO9pP0aS1dF2gG3hH4jJ5kK6lL7zZ8xX9cC0vB1nN2mQ3wE4rR5tT6yY7uU8iI9oO0pP1aS2dF3gG4hH5jJ6kK7lL8zX9cV0bN1nM2qW3eR4tT5yU6iI7oO8pP9aS0dF1gG2hH3jJ4kK5lL6zZ7xX8cC9vV0bB1nN2mM3qW4eR5tT6yU7iI8oO9pP0aS1dF2gG3hH4jJ5kK6lL7zZ8xX9cC0vB1nN2mQ3wE4rR5tT6yY7uU8iI9oO0pP1aS2dF3gG4hH5jJ6kK7lL8zX9cV0bN1nM2qW3eR4tT5yU6iI7oO8pP9aS0dF1gG2hH3jJ4kK5lL6zZ7xX8cC9vV0bB1nN2mM3qW4eR5tT6yU7iI8oO9pP0aS1dF2gG3hH4jJ5kK6lL7zZ8xX9cC0vB1nN2mQ3wE4rR5tT6yY7uU8iI9oO0pP1aS2dF3gG4hH5jJ6kK7lL8zX9cV0bN1nM2qW3eR4tT5yU6iI7oO8pP9aS0dF1gG2hH3jJ4kK5lL6zZ7xX8cC9vV0bB1nN2mM3qW4eR5tT6yU7iI8oO9pP0aS1dF2gG3hH4jJ5kK6lL7zZ8xX9cC0vB1nN2mQ3wE4rR5tT6yY7uU8iI9oO0pP1aS2dF3gG4hH5jJ6kK7lL8zX9cV0bN1nM2qW3eR4tT5yU6iI7oO8pP9aS0dF1gG2hH3jJ4kK5lL6zZ7xX8cC9vV0bB1nN2mM3qW4eR5tT6yU7iI8oO9pP0aS1dF2gG3hH4jJ5kK6lL7zZ8xX9cC0vB1nN2mQ3wE4rR5tT6yY7uU8iI9oO0pP1aS2dF3gG4hH5jJ6kK7l4hH5jJ6kK7lL8zX9cV0bN1nM2qW3eR4tT5yU6iI7oO8pP9aS0dF1gG2hH3jJ4kK5lL6zZ7xX8cC9vV0bB1nN2mM3qW4eR5tT6yU7iI8oO9pP0aS1dF2gG3hH4jJ5kK6lL7zZ8xX9cC0vB1nN2mQ3wE4rR5tT6yY7uU8iI9oO0pP1aS2dF3gG4hH5jJ6kK7lL8zX9cV0bN1nM2qW3eR4tT5yU6iI7oO8pP9aS0dF1gG2hH3jJ4kK5lL6zZ7xX8cC9vV0bB1nN2mM3qW4eR5tT6yU7iI8oO9pP0aS1dF2gG3hH4jJ5kK6lL7zZ8xX9cC0vB1nN2mQ3wE4rR5tT6yY7uU8iI9oO0pP1aS2dF3gG4hH5jJ6kK7l4hH5jJ6kK7lL8zX9cV0bN1nM2qW3eR4tT5yU6iI7oO8pP9aS0dF1gG2hH3jJ4kK5lL6zZ7xX8cC9vV0bB1nN2mM3qW4eR5tT6yU7iI8oO9pP0aS1dF2gG3hH4jJ5kK6lL7zZ8xX9cC0vB1nN2mQ3wE4rR5tT6yY7uU8iI9oO0pP1aS2dF3gG4hH5jJ6kK7lL8zX9cV0bN1nM2qW3eR4tT5yU6iI7oO8pP9aS0dF1gG2hH3jJ4kK5lL6zZ7xX8cC9vV0bB1nN2mM3qW4eR5tT6yU7iI8oO9pP0aS1dF2gG3hH4jJ5kK6lL7zZ8xX9cC0vB1nN2mQ3wE4rR5tT6yY7uU8iI9oO0pP1aS2dF3gG4hH5jJ6kK7l4hH5jJ6kK7lL8zX9cV0bN1nM2qW3eR4tT5yU6iI7oO8pP9aS0dF1gG2hH3jJ4kK5lL6zZ7xX8cC9vV0bB1nN2mM3qW4eR5tT6yU7iI8oO9pP0aS1dF2gG3hH4jJ5kK6lL7zZ8xX9cC0vB1nN2mQ3wE4rR5tT6yY7uU8iI9oO0pP1aS2dF3gG4hH5jJ6kK7lL8zX9cV0bN1nM2qW3eR4tT5yU6iI7oO8pP9aS0dF1gG2hH3jJ4kK5lL6zZ7xX8cC9vV0bB1nN2mM3qW4eR5tT6yU7iI8oO9pP0aS1dF2gG3hH4jJ5kK6lL7zZ8xX9cC0vB1nN2mQ3wE4rR5tT6yY7uU8iI9oO0pP1aS2dF3gG4hH5jJ6kK7l4hH5jJ6kK7lL8zX9cV0bN1nM2qW3eR4tT5yU6iI7oO8pP9aS0dF1gG2hH3jJ4kK5lL6zZ7xX8cC9vV0bB1nN2mM3qW4eR5tT6yU7iI8oO9pP0aS1dF2gG3hH4jJ5kK6lL7zZ8xX9cC0vB1nN2mQ3wE4rR5tT6yY7uU8iI9oO0pP1aS2dF3gG4hH5jJ6kK7lL8zX9cV0bN1nM2qW3eR4tT5yU6iI7oO8pP9aS0dF1gG2hH3jJ4kK5lL6zZ7xX8cC9vV0bB1nN2mM3qW4eR5tT6yU7iI8oO9pP0aS1dF2gG3hH4jJ5kK6lL7zZ8xX9cC0vB1nN2mQ3wE4rR5tT6yY7uU8iI9oO0pP1aS2dF3gG4hH5jJ6kK7l4hH5jJ6kK7lL8zX9cV0bN1nM2qW3eR4tT5yU6iI7oO8pP9aS0dF1gG2hH3jJ4kK5lL6zZ7xX8cC9vV0bB1nN2mM3qW4eR5tT6yU7iI8oO9pP0aS1dF2gG3hH4jJ5kK6lL7zZ8xX9cC0vB1nN2mQ3wE4rR5tT6yY7uU8iI9oO0pP1aS2dF3gG4hH5jJ6kK7lL8zX9cV0bN1nM2qW3eR4tT5yU6iI7oO8pP9aS0dF1gG2hH3jJ4kK5lL6zZ7xX8cC9vV0bB1nN2mM3qW4eR5tT6yU7iI8oO9pP0aS1dF2gG3hH4jJ5kK6lL7zZ8xX9cC0vB1nN2mQ3wE4rR5tT6yY7uU8iI9oO0pP1aS2dF3gG4hH5jJ6kK7l4hH5jJ6kK7lL8zX9cV0bN1nM2qW3eR4tT5yU6iI7oO8pP9aS0dF1gG2hH3jJ4kK5lL6zZ7xX8cC9vV0bB1nN2mM3qW4eR5tT6yU7iI8oO9pP0aS1dF2gG3hH4jJ5kK6lL7zZ8xX9cC0vB1nN2mQ3wE4rR5tT6yY7uU8iI9oO0pP1aS2dF3gG4hH5jJ6kK7lL8zX9cV0bN1nM2qW3eR4tT5yU6iI7oO8pP9aS0dF1gG2hH3jJ4kK5lL6zZ7xX8cC9vV0bB1nN2mM3qW4eR5tT6yU7iI8oO9pP0aS1dF2gG3hH4jJ5kK6lL7zZ8xX9cC0vB1nN2mQ3wE4rR5tT6yY7uU8iI9oO0pP1aS2dF3gG4hH5jJ6kK7l4hH5jJ6kK7lL8zX9cV0bN1nM2qW3eR4tT5yU6iI7oO8pP9aS0dF1gG2hH3jJ4kK5lL6zZ7xX8cC9vV0bB1nN2mM3qW4eR5tT6yU7iI8oO9pP0aS1dF2gG3hH4jJ5kK6lL7zZ8xX9cC0vB1nN2mQ3wE4rR5tT6yY7uU8iI9oO0pP1aS2dF3gG4hH5jJ6kK7lL8zX9cV0bN1nM2qW3eR4tT5yU6iI7oO8pP9aS0dF1gG2hH3jJ4kK5lL6zZ7xX8cC9vV0bB1nN2mM3qW4eR5tT6yU7iI8oO9pP0aS1dF2gG3hH4jJ5kK6lL7zZ8xX9cC0vB1nN2mQ3wE4rR5tT6yY7uU8iI9oO0pP1aS2dF3gG4hH5jJ6kK7l4hH5jJ6kK7lL8zX9cV0bN1nM2qW3eR4tT5yU6iI7oO8pP9aS0dF1gG2hH3jJ4kK5lL6z7nB9vR2mX8kLp4QjW3tY5zH1aG6sF9dD0fS8gA7hJ6kL5mN4bV3vC2xZ1oP9iU8uY7tT6rR5eE4wW3qQ2aZ1sX2dC3fV4gB5hN6jM7kL8pO9iU0yT1rE2wQ3aS4dF5gG6hH7jJ8kK9lL0zZ1xX2cC3vV4bB5nN6mM7qQ8wW9eE0rR1tT2yY3uU4iI5oO6pP7aA8sS9dD0fF1gG2hH3jJ4kK5lL6zZ7xX8cC9vV0bB1nN2mM3qW4eR5tT6yU7iI8oO9pP0aS1dF2gG3hH4jJ5kK6lL7zZ8xX9cC0vB1nN2mQ3wE4rR5tT6yY7uU8iI9oO0pP1aS2dF3gG4hH5jJ6kK7lL8zX9cV0bN1nM2qW3eR4tT5yU6iI7oO8pP9aS0dF1gG2hH3jJ4kK5lL6zZ7xX8cC9vV0bB1nN2mM3qW4eR5tT6yU7iI8oO9pP0aS1dF2gG3hH4jJ5kK6lL7zZ8xX9cC0vB1nN2mQ3wE4rR5tT6yY7uU8iI9oO0pP1aS2dF3gG4hH5jJ6kK7lL8zX9cV0bN1nM2qW3eR4tT5yU6iI7oO8pP9aS0dF1gG2hH3jJ4kK5lL6zZ7xX8cC9vV0bB1nN2mM3qW4eR5tT6yU7iI8oO9pP0aS1dF2gG3hH4jJ5kK6lL7zZ8xX9cC0vB1nN2mQ3wE4rR5tT6yY7uU8iI9oO0pP1aS2dF3gG4hH5jJ6kK7lL8zX9cV0bN1nM2qW3eR4tT5yU6iI7oO8pP9aS0dF1gG2hH3jJ4kK5lL6zZ7xX8cC9vV0bB1nN2mM3qW4eR5tT6yU7iI8oO9pP0aS1dF2gG3hH4jJ5kK6lL7zZ8xX9cC0vB1nN2mQ3wE4rR5tT6yY7uU8iI9oO0pP1aS2dF3gG4hH5jJ6kK7lL8zX9cV0bN1nM2qW3eR4tT5yU6iI7oO8pP9aS0dF1gG2hH3jJ4kK5lL6zZ7xX8cC9vV0bB1nN2mM3qW4eR5tT6yU7iI8oO9pP0aS1dF2gG3hH4jJ5kK6lL7zZ8xX9cC0vB1nN2mQ3wE4rR5tT6yY7uU8iI9oO0pP1aS2dF3gG4hH5jJ6kK7l4hH5jJ6kK7lL8zX9cV0bN1nM2qW3eR4tT5yU6iI7oO8pP9aS0dF1gG2hH3jJ4kK5lL6zZ7xX8cC9vV0bB1nN2mM3qW4eR5tT6yU7iI8oO9pP0aS1dF2gG3hH4jJ5kK6lL7zZ8xX9cC0vB1nN2mQ3wE4rR5tT6yY7uU8iI9oO0pP1aS2dF3gG4hH5jJ6kK7lL8zX9cV0bN1nM2qW3eR4tT5yU6iI7oO8pP9aS0dF1gG2hH3jJ4kK5lL6zZ7xX8cC9vV0bB1nN2mM3qW4eR5tT6yU7iI8oO9pP0aS1dF2gG3hH4jJ5kK6lL7zZ8xX9cC0vB1nN2mQ3wE4rR5tT6yY7uU8iI9oO0pP1aS2dF3gG4hH5jJ6kK7l4hH5jJ6kK7lL8zX9cV0bN1nM2qW3eR4tT5yU6iI7oO8pP9aS0dF1gG2hH3jJ4kK5lL6zZ7xX8cC9vV0bB1nN2mM3qW4eR5tT6yU7iI8oO9pP0aS1dF2gG3hH4jJ5kK6lL7zZ8xX9cC0vB1nN2mQ3wE4rR5tT6yY7uU8iI9oO0pP1aS2dF3gG4hH5jJ6kK7lL8zX9cV0bN1nM2qW3eR4tT5yU6iI7oO8pP9aS0dF1gG2hH3jJ4kK5lL6zZ7xX8cC9vV0bB1nN2mM3qW4eR5tT6yU7iI8oO9pP0aS1dF2gG3hH4jJ5kK6lL7zZ8xX9cC0vB1nN2mQ3wE4rR5tT6yY7uU8iI9oO0pP1aS2dF3gG4hH5jJ6kK7l4hH5jJ6kK7lL8zX9cV0bN1nM2qW3eR4tT5yU6iI7oO8pP9aS0dF1gG2hH3jJ4kK5lL6zZ7xX8cC9vV0bB1nN2mM3qW4eR5tT6yU7iI8oO9pP0aS1dF2gG3hH4jJ5kK6lL7zZ8xX9cC0vB1nN2mQ3wE4rR5tT6yY7uU8iI9oO0pP1aS2dF3gG4hH5jJ6kK7lL8zX9cV0bN1nM2qW3eR4tT5yU6iI7oO8pP9aS0dF1gG2hH3jJ4kK5lL6zZ7xX8cC9vV0bB1nN2mM3qW4eR5tT6yU7iI8oO9pP0aS1dF2gG3hH4jJ5kK6lL7zZ8xX9cC0vB1nN2mQ3wE4rR5tT6yY7uU8iI9oO0pP1aS2dF3gG4hH5jJ6kK7l4hH5jJ6kK7lL8zX9cV0bN1nM2qW3eR4tT5yU6iI7oO8pP9aS0dF1gG2hH3jJ4kK5lL6zZ7xX8cC9vV0bB1nN2mM3qW4eR5tT6yU7iI8oO9pP0aS1dF2gG3hH4jJ5kK6lL7zZ8xX9cC0vB1nN2mQ3wE4rR5tT6yY7uU8iI9oO0pP1aS2dF3gG4hH5jJ6kK7lL8zX9cV0bN1nM2qW3eR4tT5yU6iI7oO8pP9aS0dF1gG2hH3jJ4kK5lL6zZ7xX8cC9vV0bB1nN2mM3qW4eR5tT6yU7iI8oO9pP0aS1dF2gG3hH4jJ5kK6lL7zZ8xX9cC0vB1nN2mQ3wE4rR5tT6yY7uU8iI9oO0pP1aS2dF3gG4hH5jJ6kK7l4hH5jJ6kK7lL8zX9cV0bN1nM2qW3eR4tT5yU6iI7oO8pP9aS0dF1gG2hH3jJ4kK5lL6zZ7xX8cC9vV0bB1nN2mM3qW4eR5tT6yU7iI8oO9pP0aS1dF2gG3hH4jJ5kK6lL7zZ8xX9cC0vB1nN2mQ3wE4rR5tT6yY7uU8iI9oO0pP1aS2dF3gG4hH5jJ6kK7lL8zX9cV0bN1nM2qW3eR4tT5yU6iI7oO8pP9aS0dF1gG2hH3jJ4kK5lL6zZ7xX8cC9vV0bB1nN2mM3qW4eR5tT6yU7iI8oO9pP0aS1dF2gG3hH4jJ5kK6lL7zZ8xX9cC0vB1nN2mQ3wE4rR5tT6yY7uU8iI9oO0pP1aS2dF3gG4hH5jJ6kK7l4hH5jJ6kK7lL8zX9cV0bN1nM2qW3eR4tT5yU6iI7oO8pP9aS0dF1gG2hH3jJ4kK5lL6zZ7xX8cC9vV0bB1nN2mM3qW4eR5tT6yU7iI8oO9pP0aS1dF2gG3hH4jJ5kK6lL7zZ8xX9cC0vB1nN2mQ3wE4rR5tT6yY7uU8iI9oO0pP1aS2dF3gG4hH5jJ6kK7lL8zX9cV0bN1nM2qW3eR4tT5yU6iI7oO8pP9aS0dF1gG2hH3jJ4kK5lL6zZ7xX8cC9vV0bB1nN2mM3qW4eR5tT6yU7iI8oO9pP0aS1dF2gG3hH4jJ5kK6lL7zZ8xX9cC0vB1nN2mQ3wE4rR5tT6yY7uU8iI9oO0pP1aS2dF3gG4hH5jJ6kK7l4hH5jJ6kK7lL8zX9cV0bN1nM2qW3eR4tT5yU6iI7oO8pP9aS0dF1gG2hH3jJ4kK5lL6zZ7xX8cC9vV0bB1nN2mM3qW4eR5tT6yU7iI8oO9pP0aS1dF2gG3hH4jJ5kK6lL7zZ8xX9cC0vB1nN2mQ3wE4rR5tT6yY7uU8iI9oO0pP1aS2dF3gG4hH5jJ6kK7lL8zX9cV0bN1nM2qW3eR4tT5yU6iI7oO8pP9aS0dF1gG2hH3jJ4kK5lL6zZ7xX8cC9vV0bB1nN2mM3qW4eR5tT6yU7iI8oO9pP0aS1dF2gG3hH4jJ5kK6lL7zZ8xX9cC0vB1nN2mQ3wE4rR5tT6yY7uU8iI9oO0pP1aS2dF3gG4hH5jJ6kK7l4hH5jJ6kK7lL8zX9cV0bN1nM2qW3eR4tT5yU6iI7oO8pP9aS0dF1gG2hH3jJ4kK5lL6z7nB9vR2mX8kLp4QjW3tY5zH1aG6sF9dD0fS8gA7hJ6kL5mN4bV3vC2xZ1oP9iU8uY7tT6rR5eE4wW3qQ2aZ1sX2dC3fV4gB5hN6jM7kL8pO9iU0yT1rE2wQ3aS4dF5gG6hH7jJ8kK9lL0zZ1xX2cC3vV4bB5nN6mM7qQ8wW9eE0rR1tT2yY3uU4iI5oO6pP7aA8sS9dD0fF1gG2hH3jJ4kK5lL6zZ7xX8cC9vV0bB1nN2mM3qW4eR5tT6yU7iI8oO9pP0aS1dF2gG3hH4jJ5kK6lL7zZ8xX9cC0vB1nN2mQ3wE4rR5tT6yY7uU8iI9oO0pP1aS2dF3gG4hH5jJ6kK7lL8zX9cV0bN1nM2qW3eR4tT5yU6iI7oO8pP9aS0dF1gG2hH3jJ4kK5lL6zZ7xX8cC9vV0bB1nN2mM3qW4eR5tT6yU7iI8oO9pP0aS1dF2gG3hH4jJ5kK6lL7zZ8xX9cC0vB1nN2mQ3wE4rR5tT6yY7uU8iI9oO0pP1aS2dF3gG4hH5jJ6kK7lL8zX9cV0bN1nM2qW3eR4tT5yU6iI7oO8pP9aS0dF1gG2hH3jJ4kK5lL6zZ7xX8cC9vV0bB1nN2mM3qW4eR5tT6yU7iI8oO9pP0aS1dF2gG3hH4jJ5kK6lL7zZ8xX9cC0vB1nN2mQ3wE4rR5tT6yY7uU8iI9oO0pP1aS2dF3gG4hH5jJ6kK7lL8zX9cV0bN1nM2qW3eR4tT5yU6iI7oO8pP9aS0dF1gG2hH3jJ4kK5lL6zZ7xX8cC9vV0bB1nN2mM3qW4eR5tT6yU7iI8oO9pP0aS1dF2gG3hH4jJ5kK6lL7zZ8xX9cC0vB1nN2mQ3wE4rR5tT6yY7uU8iI9oO0pP1aS2dF3gG4hH5jJ6kK7lL8zX9cV0bN1nM2qW3eR4tT5yU6iI7oO8pP9aS0dF1gG2hH3jJ4kK5lL6zZ7xX8cC9vV0bB1nN2mM3qW4eR5tT6yU7iI8oO9pP0aS1dF2gG3hH4jJ5kK6lL7zZ8xX9cC0vB1nN2mQ3wE4rR5tT6yY7uU8iI9oO0pP1aS2dF3gG4hH5jJ6kK7l4hH5jJ6kK7lL8zX9cV0bN1nM2qW3eR4tT5yU6iI7oO8pP9aS0dF1gG2hH3jJ4kK5lL6zZ7xX8cC9vV0bB1nN2mM3qW4eR5tT6yU7iI8oO9pP0aS1dF2gG3hH4jJ5kK6lL7zZ8xX9cC0vB1nN2mQ3wE4rR5tT6yY7uU8iI9oO0pP1aS2dF3gG4hH5jJ6kK7lL8zX9cV0bN1nM2qW3eR4tT5yU6iI7oO8pP9aS0dF1gG2hH3jJ4kK5lL6zZ7xX8cC9vV0bB1nN2mM3qW4eR5tT6yU7iI8oO9pP0aS1dF2gG3hH4jJ5kK6lL7zZ8xX9cC0vB1nN2mQ3wE4rR5tT6yY7uU8iI9oO0pP1aS2dF3gG4hH5jJ6kK7l4hH5jJ6kK7lL8zX9cV0bN1nM2qW3eR4tT5yU6iI7oO8pP9aS0dF1gG2hH3jJ4kK5lL6zZ7xX8cC9vV0bB1nN2mM3qW4eR5tT6yU7iI8oO9pP0aS1dF2gG3hH4jJ5kK6lL7zZ8xX9cC0vB1nN2mQ3wE4rR5tT6yY7uU8iI9oO0pP1aS2dF3gG4hH5jJ6kK7lL8zX9cV0bN1nM2qW3eR4tT5yU6iI7oO8pP9aS0dF1gG2hH3jJ4kK5lL6zZ7xX8cC9vV0bB1nN2mM3qW4eR5tT6yU7iI8oO9pP0aS1dF2gG3hH4jJ5kK6lL7zZ8xX9cC0vB1nN2mQ3wE4rR5tT6yY7uU8iI9oO0pP1aS2dF3gG4hH5jJ6kK7l4hH5jJ6kK7lL8zX9cV0bN1nM2qW3eR4tT5yU6iI7oO8pP9aS0dF1gG2hH3jJ4kK5lL6zZ7xX8cC9vV0bB1nN2mM3qW4eR5tT6yU7iI8oO9pP0aS1dF2gG3hH4jJ5kK6lL7zZ8xX9cC0vB1nN2mQ3wE4rR5tT6yY7uU8iI9oO0pP1aS2dF3gG4hH5jJ6kK7lL8zX9cV0bN1nM2qW3eR4tT5yU6iI7oO8pP9aS0dF1gG2hH3jJ4kK5lL6zZ7xX8cC9vV0bB1nN2mM3qW4eR5tT6yU7iI8oO9pP0aS1dF2gG3hH4jJ5kK6lL7zZ8xX9cC0vB1nN2mQ3wE4rR5tT6yY7uU8iI9oO0pP1aS2dF3gG4hH5jJ6kK7l4hH5jJ6kK7lL8zX9cV0bN1nM2qW3eR4tT5yU6iI7oO8pP9aS0dF1gG2hH3jJ4kK5lL6zZ7xX8cC9vV0bB1nN2mM3qW4eR5tT6yU7iI8oO9pP0aS1dF2gG3hH4jJ5kK6lL7zZ8xX9cC0vB1nN2mQ3wE4rR5tT6yY7uU8iI9oO0pP1aS2dF3gG4hH5jJ6kK7lL8zX9cV0bN1nM2qW3eR4tT5yU6iI7oO8pP9aS0dF1gG2hH3jJ4kK5lL6zZ7xX8cC9vV0bB1nN2mM3qW4eR5tT6yU7iI8oO9pP0aS1dF2gG3hH4jJ5kK6lL7zZ8xX9cC0vB1nN2mQ3wE4rR5tT6yY7uU8iI9oO0pP1aS2dF3gG4hH5jJ6kK7l4hH5jJ6kK7lL8zX9cV0bN1nM2qW3eR4tT5yU6iI7oO8pP9aS0dF1gG2hH3jJ4kK5lL6zZ7xX8cC9vV0bB1nN2mM3qW4eR5tT6yU7iI8oO9pP0aS1dF2gG3hH4jJ5kK6lL7zZ8xX9cC0vB1nN2mQ3wE4rR5tT6yY7uU8iI9oO0pP1aS2dF3gG4hH5jJ6kK7lL8zX9cV0bN1nM2qW3eR4tT5yU6iI7oO8pP9aS0dF1gG2hH3jJ4kK5lL6zZ7xX8cC9vV0bB1nN2mM3qW4eR5tT6yU7iI8oO9pP0aS1dF2gG3hH4jJ5kK6lL7zZ8xX9cC0vB1nN2mQ3wE4rR5tT6yY7uU8iI9oO0pP1aS2dF3gG4hH5jJ6kK7l4hH5jJ6kK7lL8zX9cV0bN1nM2qW3eR4tT5yU6iI7oO8pP9aS0dF1gG2hH3jJ4kK5lL6zZ7xX8cC9vV0bB1nN2mM3qW4eR5tT6yU7iI8oO9pP0aS1dF2gG3hH4jJ5kK6lL7zZ8xX9cC0vB1nN2mQ3wE4rR5tT6yY7uU8iI9oO0pP1aS2dF3gG4hH5jJ6kK7lL8zX9cV0bN1nM2qW3eR4tT5yU6iI7oO8pP9aS0dF1gG2hH3jJ4kK5lL6zZ7xX8cC9vV0bB1nN2mM3qW4eR5tT6yU7iI8oO9pP0aS1dF2gG3hH4jJ5kK6lL7zZ8xX9cC0vB1nN2mQ3wE4rR5tT6yY7uU8iI9oO0pP1aS2dF3gG4hH5jJ6kK7l4hH5jJ6kK7lL8zX9cV0bN1nM2qW3eR4tT5yU6iI7oO8pP9aS0dF1gG2hH3jJ4kK5lL6zZ7xX8cC9vV0bB1nN2mM3qW4eR5tT6yU7iI8oO9pP0aS1dF2gG3hH4jJ5kK6lL7zZ8xX9cC0vB1nN2mQ3wE4rR5tT6yY7uU8iI9oO0pP1aS2dF3gG4hH5jJ6kK7lL8zX9cV0bN1nM2qW3eR4tT5yU6iI7oO8pP9aS0dF1gG2hH3jJ4kK5lL6zZ7xX8cC9vV0bB1nN2mM3qW4eR5tT6yU7iI8oO9pP0aS1dF2gG3hH4jJ5kK6lL7zZ8xX9cC0vB1nN2mQ3wE4rR5tT6yY7uU8iI9oO0pP1aS2dF3gG4hH5jJ6kK7l4hH5jJ6kK7lL8zX9cV0bN1nM2qW3eR4tT5yU6iI7oO8pP9aS0dF1gG2hH3jJ4kK5lL6z7nB9vR2mX8kLp4QjW3tY5zH1aG6sF9dD0fS8gA7hJ6kL5mN4bV3vC2xZ1oP9iU8uY7tT6rR5eE4wW3qQ2aZ1sX2dC3fV4gB5hN6jM7kL8pO9iU0yT1rE2wQ3aS4dF5gG6hH7jJ8kK9lL0zZ1xX2cC3vV4bB5nN6mM7qQ8wW9eE0rR1tT2yY3uU4iI5oO6pP7aA8sS9dD0fF1gG2hH3jJ4kK5lL6zZ7xX8cC9vV0bB1nN2mM3qW4eR5tT6yU7iI8oO9pP0aS1dF2gG3hH4jJ5kK6lL7zZ8xX9cC0vB1nN2mQ3wE4rR5tT6yY7uU8iI9oO0pP1aS2dF3gG4hH5jJ6kK7lL8zX9cV0bN1nM2qW3eR4tT5yU6iI7oO8pP9aS0dF1gG2hH3jJ4kK5lL6zZ7xX8cC9vV0bB1nN2mM3qW4eR5tT6yU7iI8oO9pP0aS1dF2gG3hH4jJ5kK6lL7zZ8xX9cC0vB1nN2mQ3wE4rR5tT6yY7uU8iI9oO0pP1aS2dF3gG4hH5jJ6kK7lL8zX9cV0bN1nM2qW3eR4tT5yU6iI7oO8pP9aS0dF1gG2hH3jJ4kK5lL6zZ7xX8cC9vV0bB1nN2mM3qW4eR5tT6yU7iI8oO9pP0aS1dF2gG3hH4jJ5kK6lL7zZ8xX9cC0vB1nN2mQ3wE4rR5tT6yY7uU8iI9oO0pP1aS2dF3gG4hH5jJ6kK7lL8zX9cV0bN1nM2qW3eR4tT5yU6iI7oO8pP9aS0dF1gG2hH3jJ4kK5lL6zZ7xX8cC9vV0bB1nN2mM3qW4eR5tT6yU7iI8oO9pP0aS1dF2gG3hH4jJ5kK6lL7zZ8xX9cC0vB1nN2mQ3wE4rR5tT6yY7uU8iI9oO0pP1aS2dF3gG4hH5jJ6kK7lL8zX9cV0bN1nM2qW3eR4tT5yU6iI7oO8pP9aS0dF1gG2hH3jJ4kK5lL6zZ7xX8cC9vV0bB1nN2mM3qW4eR5tT6yU7iI8oO9pP0aS1dF2gG3hH4jJ5kK6lL7zZ8xX9cC0vB1nN2mQ3wE4rR5tT6yY7uU8iI9oO0pP1aS2dF3gG4hH5jJ6kK7l4hH5jJ6kK7lL8zX9cV0bN1nM2qW3eR4tT5yU6iI7oO8pP9aS0dF1gG2hH3jJ4kK5lL6zZ7xX8cC9vV0bB1nN2mM3qW4eR5tT6yU7iI8oO9pP0aS1dF2gG3hH4jJ5kK6lL7zZ8xX9cC0vB1nN2mQ3wE4rR5tT6yY7uU8iI9oO0pP1aS2dF3gG4hH5jJ6kK7lL8zX9cV0bN1nM2qW3eR4tT5yU6iI7oO8pP9aS0dF1gG2hH3jJ4kK5lL6zZ7xX8cC9vV0bB1nN2mM3qW4eR5tT6yU7iI8oO9pP0aS1dF2gG3hH4jJ5kK6lL7zZ8xX9cC0vB1nN2mQ3wE4rR5tT6yY7uU8iI9oO0pP1aS2dF3gG4hH5jJ6kK7l4hH5jJ6kK7lL8zX9cV0bN1nM2qW3eR4tT5yU6iI7oO8pP9aS0dF1gG2hH3jJ4kK5lL6zZ7xX8cC9vV0bB1nN2mM3qW4eR5tT6yU7iI8oO9pP0aS1dF2gG3hH4jJ5kK6lL7zZ8xX9cC0vB1nN2mQ3wE4rR5tT6yY7uU8iI9oO0pP1aS2dF3gG4hH5jJ6kK7lL8zX9cV0bN1nM2qW3eR4tT5yU6iI7oO8pP9aS0dF1gG2hH3jJ4kK5lL6zZ7xX8cC9vV0bB1nN2mM3qW4eR5tT6yU7iI8oO9pP0aS1dF2gG3hH4jJ5kK6lL7zZ8xX9cC0vB1nN2mQ3wE4rR5tT6yY7uU8iI9oO0pP1aS2dF3gG4hH5jJ6kK7l4hH5jJ6kK7lL8zX9cV0bN1nM2qW3eR4tT5yU6iI7oO8pP9aS0dF1gG2hH3jJ4kK5lL6zZ7xX8cC9vV0bB1nN2mM3qW4eR5tT6yU7iI8oO9pP0aS1dF2gG3hH4jJ5kK6lL7zZ8xX9cC0vB1nN2mQ3wE4rR5tT6yY7uU8iI9oO0pP1aS2dF3gG4hH5jJ6kK7lL8zX9cV0bN1nM2qW3eR4tT5yU6iI7oO8pP9aS0dF1gG2hH3jJ4kK5lL6zZ7xX8cC9vV0bB1nN2mM3qW4eR5tT6yU7iI8oO9pP0aS1dF2gG3hH4jJ5kK6lL7zZ8xX9cC0vB1nN2mQ3wE4rR5tT6yY7uU8iI9oO0pP1aS2dF3gG4hH5jJ6kK7l4hH5jJ6kK7lL8zX9cV0bN1nM2qW3eR4tT5yU6iI7oO8pP9aS0dF1gG2hH3jJ4kK5lL6zZ7xX8cC9vV0bB1nN2mM3qW4eR5tT6yU7iI8oO9pP0aS1dF2gG3hH4jJ5kK6lL7zZ8xX9cC0vB1nN2mQ3wE4rR5tT6yY7uU8iI9oO0pP1aS2dF3gG4hH5jJ6kK7lL8zX9cV0bN1nM2qW3eR4tT5yU6iI7oO8pP9aS0dF1gG2hH3jJ4kK5lL6zZ7xX8cC9vV0bB1nN2mM3qW4eR5tT6yU7iI8oO9pP0aS1dF2gG3hH4jJ5kK6lL7zZ8xX9cC0vB1nN2mQ3wE4rR5tT6yY7uU8iI9oO0pP1aS2dF3gG4hH5jJ6kK7l4hH5jJ6kK7lL8zX9cV0bN1nM2qW3eR4tT5yU6iI7oO8pP9aS0dF1gG2hH3jJ4kK5lL6zZ7xX8cC9vV0bB1nN2mM3qW4eR5tT6yU7iI8oO9pP0aS1dF2gG3hH4jJ5kK6lL7zZ8xX9cC0vB1nN2mQ3wE4rR5tT6yY7uU8iI9oO0pP1aS2dF3gG4hH5jJ6kK7lL8zX9cV0bN1nM2qW3eR4tT5yU6iI7oO8pP9aS0dF1gG2hH3jJ4kK5lL6zZ7xX8cC9vV0bB1nN2mM3qW4eR5tT6yU7iI8oO9pP0aS1dF2gG3hH4jJ5kK6lL7zZ8xX9cC0vB1nN2mQ3wE4rR5tT6yY7uU8iI9oO0pP1aS2dF3gG4hH5jJ6kK7l4hH5jJ6kK7lL8zX9cV0bN1nM2qW3eR4tT5yU6iI7oO8pP9aS0dF1gG2hH3jJ4kK5lL6zZ7xX8cC9vV0bB1nN2mM3qW4eR5tT6yU7iI8oO9pP0aS1dF2gG3hH4jJ5kK6lL7zZ8xX9cC0vB1nN2mQ3wE4rR5tT6yY7uU8iI9oO0pP1aS2dF3gG4hH5jJ6kK7lL8zX9cV0bN1nM2qW3eR4tT5yU6iI7oO8pP9aS0dF1gG2hH3jJ4kK5lL6zZ7xX8cC9vV0bB1nN2mM3qW4eR5tT6yU7iI8oO9pP0aS1dF2gG3hH4jJ5kK6lL7zZ8xX9cC0vB1nN2mQ3wE4rR5tT6yY7uU8iI9oO0pP1aS2dF3gG4hH5jJ6kK7l4hH5jJ6kK7lL8zX9cV0bN1nM2qW3eR4tT5yU6iI7oO8pP9aS0dF1gG2hH3jJ4kK5lL6zZ7xX8cC9vV0bB1nN2mM3qW4eR5tT6yU7iI8oO9pP0aS1dF2gG3hH4jJ5kK6lL7zZ8xX9cC0vB1nN2mQ3wE4rR5tT6yY7uU8iI9oO0pP1aS2dF3gG4hH5jJ6kK7lL8zX9cV0bN1nM2qW3eR4tT5yU6iI7oO8pP9aS0dF1gG2hH3jJ4kK5lL6zZ7xX8cC9vV0bB1nN2mM3qW4eR5tT6yU7iI8oO9pP0aS1dF2gG3hH4jJ5kK6lL7zZ8xX9cC0vB1nN2mQ3wE4rR5tT6yY7uU8iI9oO0pP1aS2dF3gG4hH5jJ6kK7l4hH5jJ6kK7lL8zX9cV0bN1nM2qW3eR4tT5yU6iI7oO8pP9aS0dF1gG2hH3jJ4kK5lL6z7nB9vR2mX8kLp4QjW3tY5zH1aG6sF9dD0fS8gA7hJ6kL5mN4bV3vC2xZ1oP9iU8uY7tT6rR5eE4wW3qQ2aZ1sX2dC3fV4gB5hN6jM7kL8pO9iU0yT1rE2wQ3aS4dF5gG6hH7jJ8kK9lL0zZ1xX2cC3vV4bB5nN6mM7qQ8wW9eE0rR1tT2yY3uU4iI5oO6pP7aA8sS9dD0fF1gG2hH3jJ4kK5lL6zZ7xX8cC9vV0bB1nN2mM3qW4eR5tT6yU7iI8oO9pP0aS1dF2gG3hH4jJ5kK6lL7zZ8xX9cC0vB1nN2mQ3wE4rR5tT6yY7uU8iI9oO0pP1aS2dF3gG4hH5jJ6kK7lL8zX9cV0bN1nM2qW3eR4tT5yU6iI7oO8pP9aS0dF1gG2hH3jJ4kK5lL6zZ7xX8cC9vV0bB1nN2mM3qW4eR5tT6yU7iI8oO9pP0aS1dF2gG3hH4jJ5kK6lL7zZ8xX9cC0vB1nN2mQ3wE4rR5tT6yY7uU8iI9oO0pP1aS2dF3gG4hH5jJ6kK7lL8zX9cV0bN1nM2qW3eR4tT5yU6iI7oO8pP9aS0dF1gG2hH3jJ4kK5lL6zZ7xX8cC9vV0bB1nN2mM3qW4eR5tT6yU7iI8oO9pP0aS1dF2gG3hH4jJ5kK6lL7zZ8xX9cC0vB1nN2mQ3wE4rR5tT6yY7uU8iI9oO0pP1aS2dF3gG4hH5jJ6kK7lL8zX9cV0bN1nM2qW3eR4tT5yU6iI7oO8pP9aS0dF1gG2hH3jJ4kK5lL6zZ7xX8cC9vV0bB1nN2mM3qW4eR5tT6yU7iI8oO9pP0aS1dF2gG3hH4jJ5kK6lL7zZ8xX9cC0vB1nN2mQ3wE4rR5tT6yY7uU8iI9oO0pP1aS2dF3gG4hH5jJ6kK7lL8zX9cV0bN1nM2qW3eR4tT5yU6iI7oO8pP9aS0dF1gG2hH3jJ4kK5lL6zZ7xX8cC9vV0bB1nN2mM3qW4eR5tT6yU7iI8oO9pP0aS1dF2gG3hH4jJ5kK6lL7zZ8xX9cC0vB1nN2mQ3wE4rR5tT6yY7uU8iI9oO0pP1aS2dF3gG4hH5jJ6kK7l4hH5jJ6kK7lL8zX9cV0bN1nM2qW3eR4tT5yU6iI7oO8pP9aS0dF1gG2hH3jJ4kK5lL6zZ7xX8cC9vV0bB1nN2mM3qW4eR5tT6yU7iI8oO9pP0aS1dF2gG3hH4jJ5kK6lL7zZ8xX9cC0vB1nN2mQ3wE4rR5tT6yY7uU8iI9oO0pP1aS2dF3gG4hH5jJ6kK7lL8zX9cV0bN1nM2qW3eR4tT5yU6iI7oO8pP9aS0dF1gG2hH3jJ4kK5lL6zZ7xX8cC9vV0bB1nN2mM3qW4eR5tT6yU7iI8oO9pP0aS1dF2gG3hH4jJ5kK6lL7zZ8xX9cC0vB1nN2mQ3wE4rR5tT6yY7uU8iI9oO0pP1aS2dF3gG4hH5jJ6kK7l4hH5jJ6kK7lL8zX9cV0bN1nM2qW3eR4tT5yU6iI7oO8pP9aS0dF1gG2hH3jJ4kK5lL6zZ7xX8cC9vV0bB1nN2mM3qW4eR5tT6yU7iI8oO9pP0aS1dF2gG3hH4jJ5kK6lL7zZ8xX9cC0vB1nN2mQ3wE4rR5tT6yY7uU8iI9oO0pP1aS2dF3gG4hH5jJ6kK7lL8zX9cV0bN1nM2qW3eR4tT5yU6iI7oO8pP9aS0dF1gG2hH3jJ4kK5lL6zZ7xX8cC9vV0bB1nN2mM3qW4eR5tT6yU7iI8oO9pP0aS1dF2gG3hH4jJ5kK6lL7zZ8xX9cC0vB1nN2mQ3wE4rR5tT6yY7uU8iI9oO0pP1aS2dF3gG4hH5jJ6kK7l4hH5jJ6kK7lL8zX9cV0bN1nM2qW3eR4tT5yU6iI7oO8pP9aS0dF1gG2hH3jJ4kK5lL6zZ7xX8cC9vV0bB1nN2mM3qW4eR5tT6yU7iI8oO9pP0aS1dF2gG3hH4jJ5kK6lL7zZ8xX9cC0vB1nN2mQ3wE4rR5tT6yY7uU8iI9oO0pP1aS2dF3gG4hH5jJ6kK7lL8zX9cV0bN1nM2qW3eR4tT5yU6iI7oO8pP9aS0dF1gG2hH3jJ4kK5lL6zZ7xX8cC9vV0bB1nN2mM3qW4eR5tT6yU7iI8oO9pP0aS1dF2gG3hH4jJ5kK6lL7zZ8xX9cC0vB1nN2mQ3wE4rR5tT6yY7uU8iI9oO0pP1aS2dF3gG4hH5jJ6kK7l4hH5jJ6kK7lL8zX9cV0bN1nM2qW3eR4tT5yU6iI7oO8pP9aS0dF1gG2hH3jJ4kK5lL6zZ7xX8cC9vV0bB1nN2mM3qW4eR5tT6yU7iI8oO9pP0aS1dF2gG3hH4jJ5kK6lL7zZ8xX9cC0vB1nN2mQ3wE4rR5tT6yY7uU8iI9oO0pP1aS2dF3gG4hH5jJ6kK7lL8zX9cV0bN1nM2qW3eR4tT5yU6iI7oO8pP9aS0dF1gG2hH3jJ4kK5lL6zZ7xX8cC9vV0bB1nN2mM3qW4eR5tT6yU7iI8oO9pP0aS1dF2gG3hH4jJ5kK6lL7zZ8xX9cC0vB1nN2mQ3wE4rR5tT6yY7uU8iI9oO0pP1aS2dF3gG4hH5jJ6kK7l4hH5jJ6kK7lL8zX9cV0bN1nM2qW3eR4tT5yU6iI7oO8pP9aS0dF1gG2hH3jJ4kK5lL6zZ7xX8cC9vV0bB1nN2mM3qW4eR5tT6yU7iI8oO9pP0aS1dF2gG3hH4jJ5kK6lL7zZ8xX9cC0vB1nN2mQ3wE4rR5tT6yY7uU8iI9oO0pP1aS2dF3gG4hH5jJ6kK7lL8zX9cV0bN1nM2qW3eR4tT5yU6iI7oO8pP9aS0dF1gG2hH3jJ4kK5lL6zZ7xX8cC9vV0bB1nN2mM3qW4eR5tT6yU7iI8oO9pP0aS1dF2gG3hH4jJ5kK6lL7zZ8xX9cC0vB1nN2mQ3wE4rR5tT6yY7uU8iI9oO0pP1aS2dF3gG4hH5jJ6kK7l4hH5jJ6kK7lL8zX9cV0bN1nM2qW3eR4tT5yU6iI7oO8pP9aS0dF1gG2hH3jJ4kK5lL6zZ7xX8cC9vV0bB1nN2mM3qW4eR5tT6yU7iI8oO9pP0aS1dF2gG3hH4jJ5kK6lL7zZ8xX9cC0vB1nN2mQ3wE4rR5tT6yY7uU8iI9oO0pP1aS2dF3gG4hH5jJ6kK7lL8zX9cV0bN1nM2qW3eR4tT5yU6iI7oO8pP9aS0dF1gG2hH3jJ4kK5lL6zZ7xX8cC9vV0bB1nN2mM3qW4eR5tT6yU7iI8oO9pP0aS1dF2gG3hH4jJ5kK6lL7zZ8xX9cC0vB1nN2mQ3wE4rR5tT6yY7uU8iI9oO0pP1aS2dF3gG4hH5jJ6kK7l4hH5jJ6kK7lL8zX9cV0bN1nM2qW3eR4tT5yU6iI7oO8pP9aS0dF1gG2hH3jJ4kK5lL6zZ7xX8cC9vV0bB1nN2mM3qW4eR5tT6yU7iI8oO9pP0aS1dF2gG3hH4jJ5kK6lL7zZ8xX9cC0vB1nN2mQ3wE4rR5tT6yY7uU8iI9oO0pP1aS2dF3gG4hH5jJ6kK7lL8zX9cV0bN1nM2qW3eR4tT5yU6iI7oO8pP9aS0dF1gG2hH3jJ4kK5lL6zZ7xX8cC9vV0bB1nN2mM3qW4eR5tT6yU7iI8oO9pP0aS1dF2gG3hH4jJ5kK6lL7zZ8xX9cC0vB1nN2mQ3wE4rR5tT6yY7uU8iI9oO0pP1aS2dF3gG4hH5jJ6kK7l4hH5jJ6kK7lL8zX9cV0bN1nM2qW3eR4tT5yU6iI7oO8pP9aS0dF1gG2hH3jJ4kK5lL6z7nB9vR2mX8kLp4QjW3tY5zH1aG6sF9dD0fS8gA7hJ6kL5mN4bV3vC2xZ1oP9iU8uY7tT6rR5eE4wW3qQ2aZ1sX2dC3fV4gB5hN6jM7kL8pO9iU0yT1rE2wQ3aS4dF5gG6hH7jJ8kK9lL0zZ1xX2cC3vV4bB5nN6mM7qQ8wW9eE0rR1tT2yY3uU4iI5oO6pP7aA8sS9dD0fF1gG2hH3jJ4kK5lL6zZ7xX8cC9vV0bB1nN2mM3qW4eR5tT6yU7iI8oO9pP0aS1dF2gG3hH4jJ5kK6lL7zZ8xX9cC0vB1nN2mQ3wE4rR5tT6yY7uU8iI9oO0pP1aS2dF3gG4hH5jJ6kK7lL8zX9cV0bN1nM2qW3eR4tT5yU6iI7oO8pP9aS0dF1gG2hH3jJ4kK5lL6zZ7xX8cC9vV0bB1nN2mM3qW4eR5tT6yU7iI8oO9pP0aS1dF2gG3hH4jJ5kK6lL7zZ8xX9cC0vB1nN2mQ3wE4rR5tT6yY7uU8iI9oO0pP1aS2dF3gG4hH5jJ6kK7lL8zX9cV0bN1nM2qW3eR4tT5yU6iI7oO8pP9aS0dF1gG2hH3jJ4kK5lL6zZ7xX8cC9vV0bB1nN2mM3qW4eR5tT6yU7iI8oO9pP0aS1dF2gG3hH4jJ5kK6lL7zZ8xX9cC0vB1nN2mQ3wE4rR5tT6yY7uU8iI9oO0pP1aS2dF3gG4hH5jJ6kK7lL8zX9cV0bN1nM2qW3eR4tT5yU6iI7oO8pP9aS0dF1gG2hH3jJ4kK5lL6zZ7xX8cC9vV0bB1nN2mM3qW4eR5tT6yU7iI8oO9pP0aS1dF2gG3hH4jJ5kK6lL7zZ8xX9cC0vB1nN2mQ3wE4rR5tT6yY7uU8iI9oO0pP1aS2dF3gG4hH5jJ6kK7lL8zX9cV0bN1nM2qW3eR4tT5yU6iI7oO8pP9aS0dF1gG2hH3jJ4kK5lL6zZ7xX8cC9vV0bB1nN2mM3qW4eR5tT6yU7iI8oO9pP0aS1dF2gG3hH4jJ5kK6lL7zZ8xX9cC0vB1nN2mQ3wE4rR5tT6yY7uU8iI9oO0pP1aS2dF3gG4hH5jJ6kK7l4hH5jJ6kK7lL8zX9cV0bN1nM2qW3eR4tT5yU6iI7oO8pP9aS0dF1gG2hH3jJ4kK5lL6zZ7xX8cC9vV0bB1nN2mM3qW4eR5tT6yU7iI8oO9pP0aS1dF2gG3hH4jJ5kK6lL7zZ8xX9cC0vB1nN2mQ3wE4rR5tT6yY7uU8iI9oO0pP1aS2dF3gG4hH5jJ6kK7lL8zX9cV0bN1nM2qW3eR4tT5yU6iI7oO8pP9aS0dF1gG2hH3jJ4kK5lL6zZ7xX8cC9vV0bB1nN2mM3qW4eR5tT6yU7iI8oO9pP0aS1dF2gG3hH4jJ5kK6lL7zZ8xX9cC0vB1nN2mQ3wE4rR5tT6yY7uU8iI9oO0pP1aS2dF3gG4hH5jJ6kK7l4hH5jJ6kK7lL8zX9cV0bN1nM2qW3eR4tT5yU6iI7oO8pP9aS0dF1gG2hH3jJ4kK5lL6zZ7xX8cC9vV0bB1nN2mM3qW4eR5tT6yU7iI8oO9pP0aS1dF2gG3hH4jJ5kK6lL7zZ8xX9cC0vB1nN2mQ3wE4rR5tT6yY7uU8iI9oO0pP1aS2dF3gG4hH5jJ6kK7lL8zX9cV0bN1nM2qW3eR4tT5yU6iI7oO8pP9aS0dF1gG2hH3jJ4kK5lL6zZ7xX8cC9vV0bB1nN2mM3qW4eR5tT6yU7iI8oO9pP0aS1dF2gG3hH4jJ5kK6lL7zZ8xX9cC0vB1nN2mQ3wE4rR5tT6yY7uU8iI9oO0pP1aS2dF3gG4hH5jJ6kK7l4hH5jJ6kK7lL8zX9cV0bN1nM2qW3eR4tT5yU6iI7oO8pP9aS0dF1gG2hH3jJ4kK5lL6zZ7xX8cC9vV0bB1nN2mM3qW4eR5tT6yU7iI8oO9pP0aS1dF2gG3hH4jJ5kK6lL7zZ8xX9cC0vB1nN2mQ3wE4rR5tT6yY7uU8iI9oO0pP1aS2dF3gG4hH5jJ6kK7lL8zX9cV0bN1nM2qW3eR4tT5yU6iI7oO8pP9aS0dF1gG2hH3jJ4kK5lL6zZ7xX8cC9vV0bB1nN2mM3qW4eR5tT6yU7iI8oO9pP0aS1dF2gG3hH4jJ5kK6lL7zZ8xX9cC0vB1nN2mQ3wE4rR5tT6yY7uU8iI9oO0pP1aS2dF3gG4hH5jJ6kK7l4hH5jJ6kK7lL8zX9cV0bN1nM2qW3eR4tT5yU6iI7oO8pP9aS0dF1gG2hH3jJ4kK5lL6zZ7xX8cC9vV0bB1nN2mM3qW4eR5tT6yU7iI8oO9pP0aS1dF2gG3hH4jJ5kK6lL7zZ8xX9cC0vB1nN2mQ3wE4rR5tT6yY7uU8iI9oO0pP1aS2dF3gG4hH5jJ6kK7lL8zX9cV0bN1nM2qW3eR4tT5yU6iI7oO8pP9aS0dF1gG2hH3jJ4kK5lL6zZ7xX8cC9vV0bB1nN2mM3qW4eR5tT6yU7iI8oO9pP0aS1dF2gG3hH4jJ5kK6lL7zZ8xX9cC0vB1nN2mQ3wE4rR5tT6yY7uU8iI9oO0pP1aS2dF3gG4hH5jJ6kK7l4hH5jJ6kK7lL8zX9cV0bN1nM2qW3eR4tT5yU6iI7oO8pP9aS0dF1gG2hH3jJ4kK5lL6zZ7xX8cC9vV0bB1nN2mM3qW4eR5tT6yU7iI8oO9pP0aS1dF2gG3hH4jJ5kK6lL7zZ8xX9cC0vB1nN2mQ3wE4rR5tT6yY7uU8iI9oO0pP1aS2dF3gG4hH5jJ6kK7lL8zX9cV0bN1nM2qW3eR4tT5yU6iI7oO8pP9aS0dF1gG2hH3jJ4kK5lL6zZ7xX8cC9vV0bB1nN2mM3qW4eR5tT6yU7iI8oO9pP0aS1dF2gG3hH4jJ5kK6lL7zZ8xX9cC0vB1nN2mQ3wE4rR5tT6yY7uU8iI9oO0pP1aS2dF3gG4hH5jJ6kK7l4hH5jJ6kK7lL8zX9cV0bN1nM2qW3eR4tT5yU6iI7oO8pP9aS0dF1gG2hH3jJ4kK5lL6zZ7xX8cC9vV0bB1nN2mM3qW4eR5tT6yU7iI8oO9pP0aS1dF2gG3hH4jJ5kK6lL7zZ8xX9cC0vB1nN2mQ3wE4rR5tT6yY7uU8iI9oO0pP1aS2dF3gG4hH5jJ6kK7lL8zX9cV0bN1nM2qW3eR4tT5yU6iI7oO8pP9aS0dF1gG2hH3jJ4kK5lL6zZ7xX8cC9vV0bB1nN2mM3qW4eR5tT6yU7iI8oO9pP0aS1dF2gG3hH4jJ5kK6lL7zZ8xX9cC0vB1nN2mQ3wE4rR5tT6yY7uU8iI9oO0pP1aS2dF3gG4hH5jJ6kK7l4hH5jJ6kK7lL8zX9cV0bN1nM2qW3eR4tT5yU6iI7oO8pP9aS0dF1gG2hH3jJ4kK5lL6zZ7xX8cC9vV0bB1nN2mM3qW4eR5tT6yU7iI8oO9pP0aS1dF2gG3hH4jJ5kK6lL7zZ8xX9cC0vB1nN2mQ3wE4rR5tT6yY7uU8iI9oO0pP1aS2dF3gG4hH5jJ6kK7lL8zX9cV0bN1nM2qW3eR4tT5yU6iI7oO8pP9aS0dF1gG2hH3jJ4kK5lL6zZ7xX8cC9vV0bB1nN2mM3qW4eR5tT6yU7iI8oO9pP0aS1dF2gG3hH4jJ5kK6lL7zZ8xX9cC0vB1nN2mQ3wE4rR5tT6yY7uU8iI9oO0pP1aS2dF3gG4hH5jJ6kK7l4hH5jJ6kK7lL8zX9cV0bN1nM2qW3eR4tT5yU6iI7oO8pP9aS0dF1gG2hH3jJ4kK5lL6z7nB9vR2mX8kLp4QjW3tY5zH1aG6sF9dD0fS8gA7hJ6kL5mN4bV3vC2xZ1oP9iU8uY7tT6rR5eE4wW3qQ2aZ1sX2dC3fV4gB5hN6jM7kL8pO9iU0yT1rE2wQ3aS4dF5gG6hH7jJ8kK9lL0zZ1xX2cC3vV4bB5nN6mM7qQ8wW9eE0rR1tT2yY3uU4iI5oO6pP7aA8sS9dD0fF1gG2hH3jJ4kK5lL6zZ7xX8cC9vV0bB1nN2mM3qW4eR5tT6yU7iI8oO9pP0aS1dF2gG3hH4jJ5kK6lL7zZ8xX9cC0vB1nN2mQ3wE4rR5tT6yY7uU8iI9oO0pP1aS2dF3gG4hH5jJ6kK7lL8zX9cV0bN1nM2qW3eR4tT5yU6iI7oO8pP9aS0dF1gG2hH3jJ4kK5lL6zZ7xX8cC9vV0bB1nN2mM3qW4eR5tT6yU7iI8oO9pP0aS1dF2gG3hH4jJ5kK6lL7zZ8xX9cC0vB1nN2mQ3wE4rR5tT6yY7uU8iI9oO0pP1aS2dF3gG4hH5jJ6kK7lL8zX9cV0bN1nM2qW3eR4tT5yU6iI7oO8pP9aS0dF1gG2hH3jJ4kK5lL6zZ7xX8cC9vV0bB1nN2mM3qW4eR5tT6yU7iI8oO9pP0aS1dF2gG3hH4jJ5kK6lL7zZ8xX9cC0vB1nN2mQ3wE4rR5tT6yY7uU8iI9oO0pP1aS2dF3gG4hH5jJ6kK7lL8zX9cV0bN1nM2qW3eR4tT5yU6iI7oO8pP9aS0dF1gG2hH3jJ4kK5lL6zZ7xX8cC9vV0bB1nN2mM3qW4eR5tT6yU7iI8oO9pP0aS1dF2gG3hH4jJ5kK6lL7zZ8xX9cC0vB1nN2mQ3wE4rR5tT6yY7uU8iI9oO0pP1aS2dF3gG4hH5jJ6kK7lL8zX9cV0bN1nM2qW3eR4tT5yU6iI7oO8pP9aS0dF1gG2hH3jJ4kK5lL6zZ7xX8cC9vV0bB1nN2mM3qW4eR5tT6yU7iI8oO9pP0aS1dF2gG3hH4jJ5kK6lL7zZ8xX9cC0vB1nN2mQ3wE4rR5tT6yY7uU8iI9oO0pP1aS2dF3gG4hH5jJ6kK7l4hH5jJ6kK7lL8zX9cV0bN1nM2qW3eR4tT5yU6iI7oO8pP9aS0dF1gG2hH3jJ4kK5lL6zZ7xX8cC9vV0bB1nN2mM3qW4eR5tT6yU7iI8oO9pP0aS1dF2gG3hH4jJ5kK6lL7zZ8xX9cC0vB1nN2mQ3wE4rR5tT6yY7uU8iI9oO0pP1aS2dF3gG4hH5jJ6kK7lL8zX9cV0bN1nM2qW3eR4tT5yU6iI7oO8pP9aS0dF1gG2hH3jJ4kK5lL6zZ7xX8cC9vV0bB1nN2mM3qW4eR5tT6yU7iI8oO9pP0aS1dF2gG3hH4jJ5kK6lL7zZ8xX9cC0vB1nN2mQ3wE4rR5tT6yY7uU8iI9oO0pP1aS2dF3gG4hH5jJ6kK7l4hH5jJ6kK7lL8zX9cV0bN1nM2qW3eR4tT5yU6iI7oO8pP9aS0dF1gG2hH3jJ4kK5lL6zZ7xX8cC9vV0bB1nN2mM3qW4eR5tT6yU7iI8oO9pP0aS1dF2gG3hH4jJ5kK6lL7zZ8xX9cC0vB1nN2mQ3wE4rR5tT6yY7uU8iI9oO0pP1aS2dF3gG4hH5jJ6kK7lL8zX9cV0bN1nM2qW3eR4tT5yU6iI7oO8pP9aS0dF1gG2hH3jJ4kK5lL6zZ7xX8cC9vV0bB1nN2mM3qW4eR5tT6yU7iI8oO9pP0aS1dF2gG3hH4jJ5kK6lL7zZ8xX9cC0vB1nN2mQ3wE4rR5tT6yY7uU8iI9oO0pP1aS2dF3gG4hH5jJ6kK7l4hH5jJ6kK7lL8zX9cV0bN1nM2qW3eR4tT5yU6iI7oO8pP9aS0dF1gG2hH3jJ4kK5lL6zZ7xX8cC9vV0bB1nN2mM3qW4eR5tT6yU7iI8oO9pP0aS1dF2gG3hH4jJ5kK6lL7zZ8xX9cC0vB1nN2mQ3wE4rR5tT6yY7uU8iI9oO0pP1aS2dF3gG4hH5jJ6kK7lL8zX9cV0bN1nM2qW3eR4tT5yU6iI7oO8pP9aS0dF1gG2hH3jJ4kK5lL6zZ7xX8cC9vV0bB1nN2mM3qW4eR5tT6yU7iI8oO9pP0aS1dF2gG3hH4jJ5kK6lL7zZ8xX9cC0vB1nN2mQ3wE4rR5tT6yY7uU8iI9oO0pP1aS2dF3gG4hH5jJ6kK7l4hH5jJ6kK7lL8zX9cV0bN1nM2qW3eR4tT5yU6iI7oO8pP9aS0dF1gG2hH3jJ4kK5lL6zZ7xX8cC9vV0bB1nN2mM3qW4eR5tT6yU7iI8oO9pP0aS1dF2gG3hH4jJ5kK6lL7zZ8xX9cC0vB1nN2mQ3wE4rR5tT6yY7uU8iI9oO0pP1aS2dF3gG4hH5jJ6kK7lL8zX9cV0bN1nM2qW3eR4tT5yU6iI7oO8pP9aS0dF1gG2hH3jJ4kK5lL6zZ7xX8cC9vV0bB1nN2mM3qW4eR5tT6yU7iI8oO9pP0aS1dF2gG3hH4jJ5kK6lL7zZ8xX9cC0vB1nN2mQ3wE4rR5tT6yY7uU8iI9oO0pP1aS2dF3gG4hH5jJ6kK7l4hH5jJ6kK7lL8zX9cV0bN1nM2qW3eR4tT5yU6iI7oO8pP9aS0dF1gG2hH3jJ4kK5lL6zZ7xX8cC9vV0bB1nN2mM3qW4eR5tT6yU7iI8oO9pP0aS1dF2gG3hH4jJ5kK6lL7zZ8xX9cC0vB1nN2mQ3wE4rR5tT6yY7uU8iI9oO0pP1aS2dF3gG4hH5jJ6kK7lL8zX9cV0bN1nM2qW3eR4tT5yU6iI7oO8pP9aS0dF1gG2hH3jJ4kK5lL6zZ7xX8cC9vV0bB1nN2mM3qW4eR5tT6yU7iI8oO9pP0aS1dF2gG3hH4jJ5kK6lL7zZ8xX9cC0vB1nN2mQ3wE4rR5tT6yY7uU8iI9oO0pP1aS2dF3gG4hH5jJ6kK7l4hH5jJ6kK7lL8zX9cV0bN1nM2qW3eR4tT5yU6iI7oO8pP9aS0dF1gG2hH3jJ4kK5lL6zZ7xX8cC9vV0bB1nN2mM3qW4eR5tT6yU7iI8oO9pP0aS1dF2gG3hH4jJ5kK6lL7zZ8xX9cC0vB1nN2mQ3wE4rR5tT6yY7uU8iI9oO0pP1aS2dF3gG4hH5jJ6kK7lL8zX9cV0bN1nM2qW3eR4tT5yU6iI7oO8pP9aS0dF1gG2hH3jJ4kK5lL6zZ7xX8cC9vV0bB1nN2mM3qW4eR5tT6yU7iI8oO9pP0aS1dF2gG3hH4jJ5kK6lL7zZ8xX9cC0vB1nN2mQ3wE4rR5tT6yY7uU8iI9oO0pP1aS2dF3gG4hH5jJ6kK7l4hH5jJ6kK7lL8zX9cV0bN1nM2qW3eR4tT5yU6iI7oO8pP9aS0dF1gG2hH3jJ4kK5lL6zZ7xX8cC9vV0bB1nN2mM3qW4eR5tT6yU7iI8oO9pP0aS1dF2gG3hH4jJ5kK6lL7zZ8xX9cC0vB1nN2mQ3wE4rR5tT6yY7uU8iI9oO0pP1aS2dF3gG4hH5jJ6kK7lL8zX9cV0bN1nM2qW3eR4tT5yU6iI7oO8pP9aS0dF1gG2hH3jJ4kK5lL6zZ7xX8cC9vV0bB1nN2mM3qW4eR5tT6yU7iI8oO9pP0aS1dF2gG3hH4jJ5kK6lL7zZ8xX9cC0vB1nN2mQ3wE4rR5tT6yY7uU8iI9oO0pP1aS2dF3gG4hH5jJ6kK7l4hH5jJ6kK7lL8zX9cV0bN1nM2qW3eR4tT5yU6iI7oO8pP9aS0dF1gG2hH3jJ4kK5lL6z7nB9vR2mX8kLp4QjW3tY5zH1aG6sF9dD0fS8gA7hJ6kL5mN4bV3vC2xZ1oP9iU8uY7tT6rR5eE4wW3qQ2aZ1sX2dC3fV4gB5hN6jM7kL8pO9iU0yT1rE2wQ3aS4dF5gG6hH7jJ8kK9lL0zZ1xX2cC3vV4bB5nN6mM7qQ8wW9eE0rR1tT2yY3uU4iI5oO6pP7aA8sS9dD0fF1gG2hH3jJ4kK5lL6zZ7xX8cC9vV0bB1nN2mM3qW4eR5tT6yU7iI8oO9pP0aS1dF2gG3hH4jJ5kK6lL7zZ8xX9cC0vB1nN2mQ3wE4rR5tT6yY7uU8iI9oO0pP1aS2dF3gG4hH5jJ6kK7lL8zX9cV0bN1nM2qW3eR4tT5yU6iI7oO8pP9aS0dF1gG2hH3jJ4kK5lL6zZ7xX8cC9vV0bB1nN2mM3qW4eR5tT6yU7iI8oO9pP0aS1dF2gG3hH4jJ5kK6lL7zZ8xX9cC0vB1nN2mQ3wE4rR5tT6yY7uU8iI9oO0pP1aS2dF3gG4hH5jJ6kK7lL8zX9cV0bN1nM2qW3eR4tT5yU6iI7oO8pP9aS0dF1gG2hH3jJ4kK5lL6zZ7xX8cC9vV0bB1nN2mM3qW4eR5tT6yU7iI8oO9pP0aS1dF2gG3hH4jJ5kK6lL7zZ8xX9cC0vB1nN2mQ3wE4rR5tT6yY7uU8iI9oO0pP1aS2dF3gG4hH5jJ6kK7lL8zX9cV0bN1nM2qW3eR4tT5yU6iI7oO8pP9aS0dF1gG2hH3jJ4kK5lL6zZ7xX8cC9vV0bB1nN2mM3qW4eR5tT6yU7iI8oO9pP0aS1dF2gG3hH4jJ5kK6lL7zZ8xX9cC0vB1nN2mQ3wE4rR5tT6yY7uU8iI9oO0pP1aS2dF3gG4hH5jJ6kK7lL8zX9cV0bN1nM2qW3eR4tT5yU6iI7oO8pP9aS0dF1gG2hH3jJ4kK5lL6zZ7xX8cC9vV0bB1nN2mM3qW4eR5tT6yU7iI8oO9pP0aS1dF2gG3hH4jJ5kK6lL7zZ8xX9cC0vB1nN2mQ3wE4rR5tT6yY7uU8iI9oO0pP1aS2dF3gG4hH5jJ6kK7l4hH5jJ6kK7lL8zX9cV0bN1nM2qW3eR4tT5yU6iI7oO8pP9aS0dF1gG2hH3jJ4kK5lL6zZ7xX8cC9vV0bB1nN2mM3qW4eR5tT6yU7iI8oO9pP0aS1dF2gG3hH4jJ5kK6lL7zZ8xX9cC0vB1nN2mQ3wE4rR5tT6yY7uU8iI9oO0pP1aS2dF3gG4hH5jJ6kK7lL8zX9cV0bN1nM2qW3eR4tT5yU6iI7oO8pP9aS0dF1gG2hH3jJ4kK5lL6zZ7xX8cC9vV0bB1nN2mM3qW4eR5tT6yU7iI8oO9pP0aS1dF2gG3hH4jJ5kK6lL7zZ8xX9cC0vB1nN2mQ3wE4rR5tT6yY7uU8iI9oO0pP1aS2dF3gG4hH5jJ6kK7l4hH5jJ6kK7lL8zX9cV0bN1nM2qW3eR4tT5yU6iI7oO8pP9aS0dF1gG2hH3jJ4kK5lL6zZ7xX8cC9vV0bB1nN2mM3qW4eR5tT6yU7iI8oO9pP0aS1dF2gG3hH4jJ5kK6lL7zZ8xX9cC0vB1nN2mQ3wE4rR5tT6yY7uU8iI9oO0pP1aS2dF3gG4hH5jJ6kK7lL8zX9cV0bN1nM2qW3eR4tT5yU6iI7oO8pP9aS0dF1gG2hH3jJ4kK5lL6zZ7xX8cC9vV0bB1nN2mM3qW4eR5tT6yU7iI8oO9pP0aS1dF2gG3hH4jJ5kK6lL7zZ8xX9cC0vB1nN2mQ3wE4rR5tT6yY7uU8iI9oO0pP1aS2dF3gG4hH5jJ6kK7l4hH5jJ6kK7lL8zX9cV0bN1nM2qW3eR4tT5yU6iI7oO8pP9aS0dF1gG2hH3jJ4kK5lL6zZ7xX8cC9vV0bB1nN2mM3qW4eR5tT6yU7iI8oO9pP0aS1dF2gG3hH4jJ5kK6lL7zZ8xX9cC0vB1nN2mQ3wE4rR5tT6yY7uU8iI9oO0pP1aS2dF3gG4hH5jJ6kK7lL8zX9cV0bN1nM2qW3eR4tT5yU6iI7oO8pP9aS0dF1gG2hH3jJ4kK5lL6zZ7xX8cC9vV0bB1nN2mM3qW4eR5tT6yU7iI8oO9pP0aS1dF2gG3hH4jJ5kK6lL7zZ8xX9cC0vB1nN2mQ3wE4rR5tT6yY7uU8iI9oO0pP1aS2dF3gG4hH5jJ6kK7l4hH5jJ6kK7lL8zX9cV0bN1nM2qW3eR4tT5yU6iI7oO8pP9aS0dF1gG2hH3jJ4kK5lL6zZ7xX8cC9vV0bB1nN2mM3qW4eR5tT6yU7iI8oO9pP0aS1dF2gG3hH4jJ5kK6lL7zZ8xX9cC0vB1nN2mQ3wE4rR5tT6yY7uU8iI9oO0pP1aS2dF3gG4hH5jJ6kK7lL8zX9cV0bN1nM2qW3eR4tT5yU6iI7oO8pP9aS0dF1gG2hH3jJ4kK5lL6zZ7xX8cC9vV0bB1nN2mM3qW4eR5tT6yU7iI8oO9pP0aS1dF2gG3hH4jJ5kK6lL7zZ8xX9cC0vB1nN2mQ3wE4rR5tT6yY7uU8iI9oO0pP1aS2dF3gG4hH5jJ6kK7l4hH5jJ6kK7lL8zX9cV0bN1nM2qW3eR4tT5yU6iI7oO8pP9aS0dF1gG2hH3jJ4kK5lL6zZ7xX8cC9vV0bB1nN2mM3qW4eR5tT6yU7iI8oO9pP0aS1dF2gG3hH4jJ5kK6lL7zZ8xX9cC0vB1nN2mQ3wE4rR5tT6yY7uU8iI9oO0pP1aS2dF3gG4hH5jJ6kK7lL8zX9cV0bN1nM2qW3eR4tT5yU6iI7oO8pP9aS0dF1gG2hH3jJ4kK5lL6zZ7xX8cC9vV0bB1nN2mM3qW4eR5tT6yU7iI8oO9pP0aS1dF2gG3hH4jJ5kK6lL7zZ8xX9cC0vB1nN2mQ3wE4rR5tT6yY7uU8iI9oO0pP1aS2dF3gG4hH5jJ6kK7l4hH5jJ6kK7lL8zX9cV0bN1nM2qW3eR4tT5yU6iI7oO8pP9aS0dF1gG2hH3jJ4kK5lL6zZ7xX8cC9vV0bB1nN2mM3qW4eR5tT6yU7iI8oO9pP0aS1dF2gG3hH4jJ5kK6lL7zZ8xX9cC0vB1nN2mQ3wE4rR5tT6yY7uU8iI9oO0pP1aS2dF3gG4hH5jJ6kK7lL8zX9cV0bN1nM2qW3eR4tT5yU6iI7oO8pP9aS0dF1gG2hH3jJ4kK5lL6zZ7xX8cC9vV0bB1nN2mM3qW4eR5tT6yU7iI8oO9pP0aS1dF2gG3hH4jJ5kK6lL7zZ8xX9cC0vB1nN2mQ3wE4rR5tT6yY7uU8iI9oO0pP1aS2dF3gG4hH5jJ6kK7l4hH5jJ6kK7lL8zX9cV0bN1nM2qW3eR4tT5yU6iI7oO8pP9aS0dF1gG2hH3jJ4kK5lL6zZ7xX8cC9vV0bB1nN2mM3qW4eR5tT6yU7iI8oO9pP0aS1dF2gG3hH4jJ5kK6lL7zZ8xX9cC0vB1nN2mQ3wE4rR5tT6yY7uU8iI9oO0pP1aS2dF3gG4hH5jJ6kK7lL8zX9cV0bN1nM2qW3eR4tT5yU6iI7oO8pP9aS0dF1gG2hH3jJ4kK5lL6zZ7xX8cC9vV0bB1nN2mM3qW4eR5tT6yU7iI8oO9pP0aS1dF2gG3hH4jJ5kK6lL7zZ8xX9cC0vB1nN2mQ3wE4rR5tT6yY7uU8iI9oO0pP1aS2dF3gG4hH5jJ6kK7l4hH5jJ6kK7lL8zX9cV0bN1nM2qW3eR4tT5yU6iI7oO8pP9aS0dF1gG2hH3jJ4kK5lL6z7nB9vR2mX8kLp4QjW3tY5zH1aG6sF9dD0fS8gA7hJ6kL5mN4bV3vC2xZ1oP9iU8uY7tT6rR5eE4wW3qQ2aZ1sX2dC3fV4gB5hN6jM7kL8pO9iU0yT1rE2wQ3aS4dF5gG6hH7jJ8kK9lL0zZ1xX2cC3vV4bB5nN6mM7qQ8wW9eE0rR1tT2yY3uU4iI5oO6pP7aA8sS9dD0fF1gG2hH3jJ4kK5lL6zZ7xX8cC9vV0bB1nN2mM3qW4eR5tT6yU7iI8oO9pP0aS1dF2gG3hH4jJ5kK6lL7zZ8xX9cC0vB1nN2mQ3wE4rR5tT6yY7uU8iI9oO0pP1aS2dF3gG4hH5jJ6kK7lL8zX9cV0bN1nM2qW3eR4tT5yU6iI7oO8pP9aS0dF1gG2hH3jJ4kK5lL6zZ7xX8cC9vV0bB1nN2mM3qW4eR5tT6yU7iI8oO9pP0aS1dF2gG3hH4jJ5kK6lL7zZ8xX9cC0vB1nN2mQ3wE4rR5tT6yY7uU8iI9oO0pP1aS2dF3gG4hH5jJ6kK7lL8zX9cV0bN1nM2qW3eR4tT5yU6iI7oO8pP9aS0dF1gG2hH3jJ4kK5lL6zZ7xX8cC9vV0bB1nN2mM3qW4eR5tT6yU7iI8oO9pP0aS1dF2gG3hH4jJ5kK6lL7zZ8xX9cC0vB1nN2mQ3wE4rR5tT6yY7uU8iI9oO0pP1aS2dF3gG4hH5jJ6kK7lL8zX9cV0bN1nM2qW3eR4tT5yU6iI7oO8pP9aS0dF1gG2hH3jJ4kK5lL6zZ7xX8cC9vV0bB1nN2mM3qW4eR5tT6yU7iI8oO9pP0aS1dF2gG3hH4jJ5kK6lL7zZ8xX9cC0vB1nN2mQ3wE4rR5tT6yY7uU8iI9oO0pP1aS2dF3gG4hH5jJ6kK7lL8zX9cV0bN1nM2qW3eR4tT5yU6iI7oO8pP9aS0dF1gG2hH3jJ4kK5lL6zZ7xX8cC9vV0bB1nN2mM3qW4eR5tT6yU7iI8oO9pP0aS1dF2gG3hH4jJ5kK6lL7zZ8xX9cC0vB1nN2mQ3wE4rR5tT6yY7uU8iI9oO0pP1aS2dF3gG4hH5jJ6kK7l4hH5jJ6kK7lL8zX9cV0bN1nM2qW3eR4tT5yU6iI7oO8pP9aS0dF1gG2hH3jJ4kK5lL6zZ7xX8cC9vV0bB1nN2mM3qW4eR5tT6yU7iI8oO9pP0aS1dF2gG3hH4jJ5kK6lL7zZ8xX9cC0vB1nN2mQ3wE4rR5tT6yY7uU8iI9oO0pP1aS2dF3gG4hH5jJ6kK7lL8zX9cV0bN1nM2qW3eR4tT5yU6iI7oO8pP9aS0dF1gG2hH3jJ4kK5lL6zZ7xX8cC9vV0bB1nN2mM3qW4eR5tT6yU7iI8oO9pP0aS1dF2gG3hH4jJ5kK6lL7zZ8xX9cC0vB1nN2mQ3wE4rR5tT6yY7uU8iI9oO0pP1aS2dF3gG4hH5jJ6kK7l4hH5jJ6kK7lL8zX9cV0bN1nM2qW3eR4tT5yU6iI7oO8pP9aS0dF1gG2hH3jJ4kK5lL6zZ7xX8cC9vV0bB1nN2mM3qW4eR5tT6yU7iI8oO9pP0aS1dF2gG3hH4jJ5kK6lL7zZ8xX9cC0vB1nN2mQ3wE4rR5tT6yY7uU8iI9oO0pP1aS2dF3gG4hH5jJ6kK7lL8zX9cV0bN1nM2qW3eR4tT5yU6iI7oO8pP9aS0dF1gG2hH3jJ4kK5lL6zZ7xX8cC9vV0bB1nN2mM3qW4eR5tT6yU7iI8oO9pP0aS1dF2gG3hH4jJ5kK6lL7zZ8xX9cC0vB1nN2mQ3wE4rR5tT6yY7uU8iI9oO0pP1aS2dF3gG4hH5jJ6kK7l4hH5jJ6kK7lL8zX9cV0bN1nM2qW3eR4tT5yU6iI7oO8pP9aS0dF1gG2hH3jJ4kK5lL6zZ7xX8cC9vV0bB1nN2mM3qW4eR5tT6yU7iI8oO9pP0aS1dF2gG3hH4jJ5kK6lL7zZ8xX9cC0vB1nN2mQ3wE4rR5tT6yY7uU8iI9oO0pP1aS2dF3gG4hH5jJ6kK7lL8zX9cV0bN1nM2qW3eR4tT5yU6iI7oO8pP9aS0dF1gG2hH3jJ4kK5lL6zZ7xX8cC9vV0bB1nN2mM3qW4eR5tT6yU7iI8oO9pP0aS1dF2gG3hH4jJ5kK6lL7zZ8xX9cC0vB1nN2mQ3wE4rR5tT6yY7uU8iI9oO0pP1aS2dF3gG4hH5jJ6kK7l4hH5jJ6kK7lL8zX9cV0bN1nM2qW3eR4tT5yU6iI7oO8pP9aS0dF1gG2hH3jJ4kK5lL6zZ7xX8cC9vV0bB1nN2mM3qW4eR5tT6yU7iI8oO9pP0aS1dF2gG3hH4jJ5kK6lL7zZ8xX9cC0vB1nN2mQ3wE4rR5tT6yY7uU8iI9oO0pP1aS2dF3gG4hH5jJ6kK7lL8zX9cV0bN1nM2qW3eR4tT5yU6iI7oO8pP9aS0dF1gG2hH3jJ4kK5lL6zZ7xX8cC9vV0bB1nN2mM3qW4eR5tT6yU7iI8oO9pP0aS1dF2gG3hH4jJ5kK6lL7zZ8xX9cC0vB1nN2mQ3wE4rR5tT6yY7uU8iI9oO0pP1aS2dF3gG4hH5jJ6kK7l4hH5jJ6kK7lL8zX9cV0bN1nM2qW3eR4tT5yU6iI7oO8pP9aS0dF1gG2hH3jJ4kK5lL6zZ7xX8cC9vV0bB1nN2mM3qW4eR5tT6yU7iI8oO9pP0aS1dF2gG3hH4jJ5kK6lL7zZ8xX9cC0vB1nN2mQ3wE4rR5tT6yY7uU8iI9oO0pP1aS2dF3gG4hH5jJ6kK7lL8zX9cV0bN1nM2qW3eR4tT5yU6iI7oO8pP9aS0dF1gG2hH3jJ4kK5lL6zZ7xX8cC9vV0bB1nN2mM3qW4eR5tT6yU7iI8oO9pP0aS1dF2gG3hH4jJ5kK6lL7zZ8xX9cC0vB1nN2mQ3wE4rR5tT6yY7uU8iI9oO0pP1aS2dF3gG4hH5jJ6kK7l4hH5jJ6kK7lL8zX9cV0bN1nM2qW3eR4tT5yU6iI7oO8pP9aS0dF1gG2hH3jJ4kK5lL6zZ7xX8cC9vV0bB1nN2mM3qW4eR5tT6yU7iI8oO9pP0aS1dF2gG3hH4jJ5kK6lL7zZ8xX9cC0vB1nN2mQ3wE4rR5tT6yY7uU8iI9oO0pP1aS2dF3gG4hH5jJ6kK7lL8zX9cV0bN1nM2qW3eR4tT5yU6iI7oO8pP9aS0dF1gG2hH3jJ4kK5lL6zZ7xX8cC9vV0bB1nN2mM3qW4eR5tT6yU7iI8oO9pP0aS1dF2gG3hH4jJ5kK6lL7zZ8xX9cC0vB1nN2mQ3wE4rR5tT6yY7uU8iI9oO0pP1aS2dF3gG4hH5jJ6kK7l4hH5jJ6kK7lL8zX9cV0bN1nM2qW3eR4tT5yU6iI7oO8pP9aS0dF1gG2hH3jJ4kK5lL6zZ7xX8cC9vV0bB1nN2mM3qW4eR5tT6yU7iI8oO9pP0aS1dF2gG3hH4jJ5kK6lL7zZ8xX9cC0vB1nN2mQ3wE4rR5tT6yY7uU8iI9oO0pP1aS2dF3gG4hH5jJ6kK7lL8zX9cV0bN1nM2qW3eR4tT5yU6iI7oO8pP9aS0dF1gG2hH3jJ4kK5lL6zZ7xX8cC9vV0bB1nN2mM3qW4eR5tT6yU7iI8oO9pP0aS1dF2gG3hH4jJ5kK6lL7zZ8xX9cC0vB1nN2mQ3wE4rR5tT6yY7uU8iI9oO0pP1aS2dF3gG4hH5jJ6kK7l4hH5jJ6kK7lL8zX9cV0bN1nM2qW3eR4tT5yU6iI7oO8pP9aS0dF1gG2hH3jJ4kK5lL6z7nB9vR2mX8kLp4QjW3tY5zH1aG6sF9dD0fS8gA7hJ6kL5mN4bV3vC2xZ1oP9iU8uY7tT6rR5eE4wW3qQ2aZ1sX2dC3fV4gB5hN6jM7kL8pO9iU0yT1rE2wQ3aS4dF5gG6hH7jJ8kK9lL0zZ1xX2cC3vV4bB5nN6mM7qQ8wW9eE0rR1tT2yY3uU4iI5oO6pP7aA8sS9dD0fF1gG2hH3jJ4kK5lL6zZ7xX8cC9vV0bB1nN2mM3qW4eR5tT6yU7iI8oO9pP0aS1dF2gG3hH4jJ5kK6lL7zZ8xX9cC0vB1nN2mQ3wE4rR5tT6yY7uU8iI9oO0pP1aS2dF3gG4hH5jJ6kK7lL8zX9cV0bN1nM2qW3eR4tT5yU6iI7oO8pP9aS0dF1gG2hH3jJ4kK5lL6zZ7xX8cC9vV0bB1nN2mM3qW4eR5tT6yU7iI8oO9pP0aS1dF2gG3hH4jJ5kK6lL7zZ8xX9cC0vB1nN2mQ3wE4rR5tT6yY7uU8iI9oO0pP1aS2dF3gG4hH5jJ6kK7lL8zX9cV0bN1nM2qW3eR4tT5yU6iI7oO8pP9aS0dF1gG2hH3jJ4kK5lL6zZ7xX8cC9vV0bB1nN2mM3qW4eR5tT6yU7iI8oO9pP0aS1dF2gG3hH4jJ5kK6lL7zZ8xX9cC0vB1nN2mQ3wE4rR5tT6yY7uU8iI9oO0pP1aS2dF3gG4hH5jJ6kK7lL8zX9cV0bN1nM2qW3eR4tT5yU6iI7oO8pP9aS0dF1gG2hH3jJ4kK5lL6zZ7xX8cC9vV0bB1nN2mM3qW4eR5tT6yU7iI8oO9pP0aS1dF2gG3hH4jJ5kK6lL7zZ8xX9cC0vB1nN2mQ3wE4rR5tT6yY7uU8iI9oO0pP1aS2dF3gG4hH5jJ6kK7lL8zX9cV0bN1nM2qW3eR4tT5yU6iI7oO8pP9aS0dF1gG2hH3jJ4kK5lL6zZ7xX8cC9vV0bB1nN2mM3qW4eR5tT6yU7iI8oO9pP0aS1dF2gG3hH4jJ5kK6lL7zZ8xX9cC0vB1nN2mQ3wE4rR5tT6yY7uU8iI9oO0pP1aS2dF3gG4hH5jJ6kK7l4hH5jJ6kK7lL8zX9cV0bN1nM2qW3eR4tT5yU6iI7oO8pP9aS0dF1gG2hH3jJ4kK5lL6zZ7xX8cC9vV0bB1nN2mM3qW4eR5tT6yU7iI8oO9pP0aS1dF2gG3hH4jJ5kK6lL7zZ8xX9cC0vB1nN2mQ3wE4rR5tT6yY7uU8iI9oO0pP1aS2dF3gG4hH5jJ6kK7lL8zX9cV0bN1nM2qW3eR4tT5yU6iI7oO8pP9aS0dF1gG2hH3jJ4kK5lL6zZ7xX8cC9vV0bB1nN2mM3qW4eR5tT6yU7iI8oO9pP0aS1dF2gG3hH4jJ5kK6lL7zZ8xX9cC0vB1nN2mQ3wE4rR5tT6yY7uU8iI9oO0pP1aS2dF3gG4hH5jJ6kK7l4hH5jJ6kK7lL8zX9cV0bN1nM2qW3eR4tT5yU6iI7oO8pP9aS0dF1gG2hH3jJ4kK5lL6zZ7xX8cC9vV0bB1nN2mM3qW4eR5tT6yU7iI8oO9pP0aS1dF2gG3hH4jJ5kK6lL7zZ8xX9cC0vB1nN2mQ3wE4rR5tT6yY7uU8iI9oO0pP1aS2dF3gG4hH5jJ6kK7lL8zX9cV0bN1nM2qW3eR4tT5yU6iI7oO8pP9aS0dF1gG2hH3jJ4kK5lL6zZ7xX8cC9vV0bB1nN2mM3qW4eR5tT6yU7iI8oO9pP0aS1dF2gG3hH4jJ5kK6lL7zZ8xX9cC0vB1nN2mQ3wE4rR5tT6yY7uU8iI9oO0pP1aS2dF3gG4hH5jJ6kK7l4hH5jJ6kK7lL8zX9cV0bN1nM2qW3eR4tT5yU6iI7oO8pP9aS0dF1gG2hH3jJ4kK5lL6zZ7xX8cC9vV0bB1nN2mM3qW4eR5tT6yU7iI8oO9pP0aS1dF2gG3hH4jJ5kK6lL7zZ8xX9cC0vB1nN2mQ3wE4rR5tT6yY7uU8iI9oO0pP1aS2dF3gG4hH5jJ6kK7lL8zX9cV0bN1nM2qW3eR4tT5yU6iI7oO8pP9aS0dF1gG2hH3jJ4kK5lL6zZ7xX8cC9vV0bB1nN2mM3qW4eR5tT6yU7iI8oO9pP0aS1dF2gG3hH4jJ5kK6lL7zZ8xX9cC0vB1nN2mQ3wE4rR5tT6yY7uU8iI9oO0pP1aS2dF3gG4hH5jJ6kK7l4hH5jJ6kK7lL8zX9cV0bN1nM2qW3eR4tT5yU6iI7oO8pP9aS0dF1gG2hH3jJ4kK5lL6zZ7xX8cC9vV0bB1nN2mM3qW4eR5tT6yU7iI8oO9pP0aS1dF2gG3hH4jJ5kK6lL7zZ8xX9cC0vB1nN2mQ3wE4rR5tT6yY7uU8iI9oO0pP1aS2dF3gG4hH5jJ6kK7lL8zX9cV0bN1nM2qW3eR4tT5yU6iI7oO8pP9aS0dF1gG2hH3jJ4kK5lL6zZ7xX8cC9vV0bB1nN2mM3qW4eR5tT6yU7iI8oO9pP0aS1dF2gG3hH4jJ5kK6lL7zZ8xX9cC0vB1nN2mQ3wE4rR5tT6yY7uU8iI9oO0pP1aS2dF3gG4hH5jJ6kK7l4hH5jJ6kK7lL8zX9cV0bN1nM2qW3eR4tT5yU6iI7oO8pP9aS0dF1gG2hH3jJ4kK5lL6zZ7xX8cC9vV0bB1nN2mM3qW4eR5tT6yU7iI8oO9pP0aS1dF2gG3hH4jJ5kK6lL7zZ8xX9cC0vB1nN2mQ3wE4rR5tT6yY7uU8iI9oO0pP1aS2dF3gG4hH5jJ6kK7lL8zX9cV0bN1nM2qW3eR4tT5yU6iI7oO8pP9aS0dF1gG2hH3jJ4kK5lL6zZ7xX8cC9vV0bB1nN2mM3qW4eR5tT6yU7iI8oO9pP0aS1dF2gG3hH4jJ5kK6lL7zZ8xX9cC0vB1nN2mQ3wE4rR5tT6yY7uU8iI9oO0pP1aS2dF3gG4hH5jJ6kK7l4hH5jJ6kK7lL8zX9cV0bN1nM2qW3eR4tT5yU6iI7oO8pP9aS0dF1gG2hH3jJ4kK5lL6zZ7xX8cC9vV0bB1nN2mM3qW4eR5tT6yU7iI8oO9pP0aS1dF2gG3hH4jJ5kK6lL7zZ8xX9cC0vB1nN2mQ3wE4rR5tT6yY7uU8iI9oO0pP1aS2dF3gG4hH5jJ6kK7lL8zX9cV0bN1nM2qW3eR4tT5yU6iI7oO8pP9aS0dF1gG2hH3jJ4kK5lL6zZ7xX8cC9vV0bB1nN2mM3qW4eR5tT6yU7iI8oO9pP0aS1dF2gG3hH4jJ5kK6lL7zZ8xX9cC0vB1nN2mQ3wE4rR5tT6yY7uU8iI9oO0pP1aS2dF3gG4hH5jJ6kK7l4hH5jJ6kK7lL8zX9cV0bN1nM2qW3eR4tT5yU6iI7oO8pP9aS0dF1gG2hH3jJ4kK5lL6zZ7xX8cC9vV0bB1nN2mM3qW4eR5tT6yU7iI8oO9pP0aS1dF2gG3hH4jJ5kK6lL7zZ8xX9cC0vB1nN2mQ3wE4rR5tT6yY7uU8iI9oO0pP1aS2dF3gG4hH5jJ6kK7lL8zX9cV0bN1nM2qW3eR4tT5yU6iI7oO8pP9aS0dF1gG2hH3jJ4kK5lL6zZ7xX8cC9vV0bB1nN2mM3qW4eR5tT6yU7iI8oO9pP0aS1dF2gG3hH4jJ5kK6lL7zZ8xX9cC0vB1nN2mQ3wE4rR5tT6yY7uU8iI9oO0pP1aS2dF3gG4hH5jJ6kK7l4hH5jJ6kK7lL8zX9cV0bN1nM2qW3eR4tT5yU6iI7oO8pP9aS0dF1gG2hH3jJ4kK5lL6z7nB9vR2mX8kLp4QjW3tY5zH1aG6sF9dD0fS8gA7hJ6kL5mN4bV3vC2xZ1oP9iU8uY7tT6rR5eE4wW3qQ2aZ1sX2dC3fV4gB5hN6jM7kL8pO9iU0yT1rE2wQ3aS4dF5gG6hH7jJ8kK9lL0zZ1xX2cC3vV4bB5nN6mM7qQ8wW9eE0rR1tT2yY3uU4iI5oO6pP7aA8sS9dD0fF1gG2hH3jJ4kK5lL6zZ7xX8cC9vV0bB1nN2mM3qW4eR5tT6yU7iI8oO9pP0aS1dF2gG3hH4jJ5kK6lL7zZ8xX9cC0vB1nN2mQ3wE4rR5tT6yY7uU8iI9oO0pP1aS2dF3gG4hH5jJ6kK7lL8zX9cV0bN1nM2qW3eR4tT5yU6iI7oO8pP9aS0dF1gG2hH3jJ4kK5lL6zZ7xX8cC9vV0bB1nN2mM3qW4eR5tT6yU7iI8oO9pP0aS1dF2gG3hH4jJ5kK6lL7zZ8xX9cC0vB1nN2mQ3wE4rR5tT6yY7uU8iI9oO0pP1aS2dF3gG4hH5jJ6kK7lL8zX9cV0bN1nM2qW3eR4tT5yU6iI7oO8pP9aS0dF1gG2hH3jJ4kK5lL6zZ7xX8cC9vV0bB1nN2mM3qW4eR5tT6yU7iI8oO9pP0aS1dF2gG3hH4jJ5kK6lL7zZ8xX9cC0vB1nN2mQ3wE4rR5tT6yY7uU8iI9oO0pP1aS2dF3gG4hH5jJ6kK7lL8zX9cV0bN1nM2qW3eR4tT5yU6iI7oO8pP9aS0dF1gG2hH3jJ4kK5lL6zZ7xX8cC9vV0bB1nN2mM3qW4eR5tT6yU7iI8oO9pP0aS1dF2gG3hH4jJ5kK6lL7zZ8xX9cC0vB1nN2mQ3wE4rR5tT6yY7uU8iI9oO0pP1aS2dF3gG4hH5jJ6kK7lL8zX9cV0bN1nM2qW3eR4tT5yU6iI7oO8pP9aS0dF1gG2hH3jJ4kK5lL6zZ7xX8cC9vV0bB1nN2mM3qW4eR5tT6yU7iI8oO9pP0aS1dF2gG3hH4jJ5kK6lL7zZ8xX9cC0vB1nN2mQ3wE4rR5tT6yY7uU8iI9oO0pP1aS2dF3gG4hH5jJ6kK7l4hH5jJ6kK7lL8zX9cV0bN1nM2qW3eR4tT5yU6iI7oO8pP9aS0dF1gG2hH3jJ4kK5lL6zZ7xX8cC9vV0bB1nN2mM3qW4eR5tT6yU7iI8oO9pP0aS1dF2gG3hH4jJ5kK6lL7zZ8xX9cC0vB1nN2mQ3wE4rR5tT6yY7uU8iI9oO0pP1aS2dF3gG4hH5jJ6kK7lL8zX9cV0bN1nM2qW3eR4tT5yU6iI7oO8pP9aS0dF1gG2hH3jJ4kK5lL6zZ7xX8cC9vV0bB1nN2mM3qW4eR5tT6yU7iI8oO9pP0aS1dF2gG3hH4jJ5kK6lL7zZ8xX9cC0vB1nN2mQ3wE4rR5tT6yY7uU8iI9oO0pP1aS2dF3gG4hH5jJ6kK7l4hH5jJ6kK7lL8zX9cV0bN1nM2qW3eR4tT5yU6iI7oO8pP9aS0dF1gG2hH3jJ4kK5lL6zZ7xX8cC9vV0bB1nN2mM3qW4eR5tT6yU7iI8oO9pP0aS1dF2gG3hH4jJ5kK6lL7zZ8xX9cC0vB1nN2mQ3wE4rR5tT6yY7uU8iI9oO0pP1aS2dF3gG4hH5jJ6kK7lL8zX9cV0bN1nM2qW3eR4tT5yU6iI7oO8pP9aS0dF1gG2hH3jJ4kK5lL6zZ7xX8cC9vV0bB1nN2mM3qW4eR5tT6yU7iI8oO9pP0aS1dF2gG3hH4jJ5kK6lL7zZ8xX9cC0vB1nN2mQ3wE4rR5tT6yY7uU8iI9oO0pP1aS2dF3gG4hH5jJ6kK7l4hH5jJ6kK7lL8zX9cV0bN1nM2qW3eR4tT5yU6iI7oO8pP9aS0dF1gG2hH3jJ4kK5lL6zZ7xX8cC9vV0bB1nN2mM3qW4eR5tT6yU7iI8oO9pP0aS1dF2gG3hH4jJ5kK6lL7zZ8xX9cC0vB1nN2mQ3wE4rR5tT6yY7uU8iI9oO0pP1aS2dF3gG4hH5jJ6kK7lL8zX9cV0bN1nM2qW3eR4tT5yU6iI7oO8pP9aS0dF1gG2hH3jJ4kK5lL6zZ7xX8cC9vV0bB1nN2mM3qW4eR5tT6yU7iI8oO9pP0aS1dF2gG3hH4jJ5kK6lL7zZ8xX9cC0vB1nN2mQ3wE4rR5tT6yY7uU8iI9oO0pP1aS2dF3gG4hH5jJ6kK7l4hH5jJ6kK7lL8zX9cV0bN1nM2qW3eR4tT5yU6iI7oO8pP9aS0dF1gG2hH3jJ4kK5lL6zZ7xX8cC9vV0bB1nN2mM3qW4eR5tT6yU7iI8oO9pP0aS1dF2gG3hH4jJ5kK6lL7zZ8xX9cC0vB1nN2mQ3wE4rR5tT6yY7uU8iI9oO0pP1aS2dF3gG4hH5jJ6kK7lL8zX9cV0bN1nM2qW3eR4tT5yU6iI7oO8pP9aS0dF1gG2hH3jJ4kK5lL6zZ7xX8cC9vV0bB1nN2mM3qW4eR5tT6yU7iI8oO9pP0aS1dF2gG3hH4jJ5kK6lL7zZ8xX9cC0vB1nN2mQ3wE4rR5tT6yY7uU8iI9oO0pP1aS2dF3gG4hH5jJ6kK7l4hH5jJ6kK7lL8zX9cV0bN1nM2qW3eR4tT5yU6iI7oO8pP9aS0dF1gG2hH3jJ4kK5lL6zZ7xX8cC9vV0bB1nN2mM3qW4eR5tT6yU7iI8oO9pP0aS1dF2gG3hH4jJ5kK6lL7zZ8xX9cC0vB1nN2mQ3wE4rR5tT6yY7uU8iI9oO0pP1aS2dF3gG4hH5jJ6kK7lL8zX9cV0bN1nM2qW3eR4tT5yU6iI7oO8pP9aS0dF1gG2hH3jJ4kK5lL6zZ7xX8cC9vV0bB1nN2mM3qW4eR5tT6yU7iI8oO9pP0aS1dF2gG3hH4jJ5kK6lL7zZ8xX9cC0vB1nN2mQ3wE4rR5tT6yY7uU8iI9oO0pP1aS2dF3gG4hH5jJ6kK7l4hH5jJ6kK7lL8zX9cV0bN1nM2qW3eR4tT5yU6iI7oO8pP9aS0dF1gG2hH3jJ4kK5lL6zZ7xX8cC9vV0bB1nN2mM3qW4eR5tT6yU7iI8oO9pP0aS1dF2gG3hH4jJ5kK6lL7zZ8xX9cC0vB1nN2mQ3wE4rR5tT6yY7uU8iI9oO0pP1aS2dF3gG4hH5jJ6kK7lL8zX9cV0bN1nM2qW3eR4tT5yU6iI7oO8pP9aS0dF1gG2hH3jJ4kK5lL6zZ7xX8cC9vV0bB1nN2mM3qW4eR5tT6yU7iI8oO9pP0aS1dF2gG3hH4jJ5kK6lL7zZ8xX9cC0vB1nN2mQ3wE4rR5tT6yY7uU8iI9oO0pP1aS2dF3gG4hH5jJ6kK7l4hH5jJ6kK7lL8zX9cV0bN1nM2qW3eR4tT5yU6iI7oO8pP9aS0dF1gG2hH3jJ4kK5lL6zZ7xX8cC9vV0bB1nN2mM3qW4eR5tT6yU7iI8oO9pP0aS1dF2gG3hH4jJ5kK6lL7zZ8xX9cC0vB1nN2mQ3wE4rR5tT6yY7uU8iI9oO0pP1aS2dF3gG4hH5jJ6kK7lL8zX9cV0bN1nM2qW3eR4tT5yU6iI7oO8pP9aS0dF1gG2hH3jJ4kK5lL6zZ7xX8cC9vV0bB1nN2mM3qW4eR5tT6yU7iI8oO9pP0aS1dF2gG3hH4jJ5kK6lL7zZ8xX9cC0vB1nN2mQ3wE4rR5tT6yY7uU8iI9oO0pP1aS2dF3gG4hH5jJ6kK7l4hH5jJ6kK7lL8zX9cV0bN1nM2qW3eR4tT5yU6iI7oO8pP9aS0dF1gG2hH3jJ4kK5lL6z7nB9vR2mX8kLp4QjW3tY5zH1aG6sF9dD0fS8gA7hJ6kL5mN4bV3vC2xZ1oP9iU8uY7tT6rR5eE4wW3qQ2aZ1sX2dC3fV4gB5hN6jM7kL8pO9iU0yT1rE2wQ3aS4dF5gG6hH7jJ8kK9lL0zZ1xX2cC3vV4bB5nN6mM7qQ8wW9eE0rR1tT2yY3uU4iI5oO6pP7aA8sS9dD0fF1gG2hH3jJ4kK5lL6zZ7xX8cC9vV0bB1nN2mM3qW4eR5tT6yU7iI8oO9pP0aS1dF2gG3hH4jJ5kK6lL7zZ8xX9cC0vB1nN2mQ3wE4rR5tT6yY7uU8iI9oO0pP1aS2dF3gG4hH5jJ6kK7lL8zX9cV0bN1nM2qW3eR4tT5yU6iI7oO8pP9aS0dF1gG2hH3jJ4kK5lL6zZ7xX8cC9vV0bB1nN2mM3qW4eR5tT6yU7iI8oO9pP0aS1dF2gG3hH4jJ5kK6lL7zZ8xX9cC0vB1nN2mQ3wE4rR5tT6yY7uU8iI9oO0pP1aS2dF3gG4hH5jJ6kK7lL8zX9cV0bN1nM2qW3eR4tT5yU6iI7oO8pP9aS0dF1gG2hH3jJ4kK5lL6zZ7xX8cC9vV0bB1nN2mM3qW4eR5tT6yU7iI8oO9pP0aS1dF2gG3hH4jJ5kK6lL7zZ8xX9cC0vB1nN2mQ3wE4rR5tT6yY7uU8iI9oO0pP1aS2dF3gG4hH5jJ6kK7lL8zX9cV0bN1nM2qW3eR4tT5yU6iI7oO8pP9aS0dF1gG2hH3jJ4kK5lL6zZ7xX8cC9vV0bB1nN2mM3qW4eR5tT6yU7iI8oO9pP0aS1dF2gG3hH4jJ5kK6lL7zZ8xX9cC0vB1nN2mQ3wE4rR5tT6yY7uU8iI9oO0pP1aS2dF3gG4hH5jJ6kK7lL8zX9cV0bN1nM2qW3eR4tT5yU6iI7oO8pP9aS0dF1gG2hH3jJ4kK5lL6zZ7xX8cC9vV0bB1nN2mM3qW4eR5tT6yU7iI8oO9pP0aS1dF2gG3hH4jJ5kK6lL7zZ8xX9cC0vB1nN2mQ3wE4rR5tT6yY7uU8iI9oO0pP1aS2dF3gG4hH5jJ6kK7l4hH5jJ6kK7lL8zX9cV0bN1nM2qW3eR4tT5yU6iI7oO8pP9aS0dF1gG2hH3jJ4kK5lL6zZ7xX8cC9vV0bB1nN2mM3qW4eR5tT6yU7iI8oO9pP0aS1dF2gG3hH4jJ5kK6lL7zZ8xX9cC0vB1nN2mQ3wE4rR5tT6yY7uU8iI9oO0pP1aS2dF3gG4hH5jJ6kK7lL8zX9cV0bN1nM2qW3eR4tT5yU6iI7oO8pP9aS0dF1gG2hH3jJ4kK5lL6zZ7xX8cC9vV0bB1nN2mM3qW4eR5tT6yU7iI8oO9pP0aS1dF2gG3hH4jJ5kK6lL7zZ8xX9cC0vB1nN2mQ3wE4rR5tT6yY7uU8iI9oO0pP1aS2dF3gG4hH5jJ6kK7l4hH5jJ6kK7lL8zX9cV0bN1nM2qW3eR4tT5yU6iI7oO8pP9aS0dF1gG2hH3jJ4kK5lL6zZ7xX8cC9vV0bB1nN2mM3qW4eR5tT6yU7iI8oO9pP0aS1dF2gG3hH4jJ5kK6lL7zZ8xX9cC0vB1nN2mQ3wE4rR5tT6yY7uU8iI9oO0pP1aS2dF3gG4hH5jJ6kK7lL8zX9cV0bN1nM2qW3eR4tT5yU6iI7oO8pP9aS0dF1gG2hH3jJ4kK5lL6zZ7xX8cC9vV0bB1nN2mM3qW4eR5tT6yU7iI8oO9pP0aS1dF2gG3hH4jJ5kK6lL7zZ8xX9cC0vB1nN2mQ3wE4rR5tT6yY7uU8iI9oO0pP1aS2dF3gG4hH5jJ6kK7l4hH5jJ6kK7lL8zX9cV0bN1nM2qW3eR4tT5yU6iI7oO8pP9aS0dF1gG2hH3jJ4kK5lL6zZ7xX8cC9vV0bB1nN2mM3qW4eR5tT6yU7iI8oO9pP0aS1dF2gG3hH4jJ5kK6lL7zZ8xX9cC0vB1nN2mQ3wE4rR5tT6yY7uU8iI9oO0pP1aS2dF3gG4hH5jJ6kK7lL8zX9cV0bN1nM2qW3eR4tT5yU6iI7oO8pP9aS0dF1gG2hH3jJ4kK5lL6zZ7xX8cC9vV0bB1nN2mM3qW4eR5tT6yU7iI8oO9pP0aS1dF2gG3hH4jJ5kK6lL7zZ8xX9cC0vB1nN2mQ3wE4rR5tT6yY7uU8iI9oO0pP1aS2dF3gG4hH5jJ6kK7l4hH5jJ6kK7lL8zX9cV0bN1nM2qW3eR4tT5yU6iI7oO8pP9aS0dF1gG2hH3jJ4kK5lL6zZ7xX8cC9vV0bB1nN2mM3qW4eR5tT6yU7iI8oO9pP0aS1dF2gG3hH4jJ5kK6lL7zZ8xX9cC0vB1nN2mQ3wE4rR5tT6yY7uU8iI9oO0pP1aS2dF3gG4hH5jJ6kK7lL8zX9cV0bN1nM2qW3eR4tT5yU6iI7oO8pP9aS0dF1gG2hH3jJ4kK5lL6zZ7xX8cC9vV0bB1nN2mM3qW4eR5tT6yU7iI8oO9pP0aS1dF2gG3hH4jJ5kK6lL7zZ8xX9cC0vB1nN2mQ3wE4rR5tT6yY7uU8iI9oO0pP1aS2dF3gG4hH5jJ6kK7l4hH5jJ6kK7lL8zX9cV0bN1nM2qW3eR4tT5yU6iI7oO8pP9aS0dF1gG2hH3jJ4kK5lL6zZ7xX8cC9vV0bB1nN2mM3qW4eR5tT6yU7iI8oO9pP0aS1dF2gG3hH4jJ5kK6lL7zZ8xX9cC0vB1nN2mQ3wE4rR5tT6yY7uU8iI9oO0pP1aS2dF3gG4hH5jJ6kK7lL8zX9cV0bN1nM2qW3eR4tT5yU6iI7oO8pP9aS0dF1gG2hH3jJ4kK5lL6zZ7xX8cC9vV0bB1nN2mM3qW4eR5tT6yU7iI8oO9pP0aS1dF2gG3hH4jJ5kK6lL7zZ8xX9cC0vB1nN2mQ3wE4rR5tT6yY7uU8iI9oO0pP1aS2dF3gG4hH5jJ6kK7l4hH5jJ6kK7lL8zX9cV0bN1nM2qW3eR4tT5yU6iI7oO8pP9aS0dF1gG2hH3jJ4kK5lL6zZ7xX8cC9vV0bB1nN2mM3qW4eR5tT6yU7iI8oO9pP0aS1dF2gG3hH4jJ5kK6lL7zZ8xX9cC0vB1nN2mQ3wE4rR5tT6yY7uU8iI9oO0pP1aS2dF3gG4hH5jJ6kK7lL8zX9cV0bN1nM2qW3eR4tT5yU6iI7oO8pP9aS0dF1gG2hH3jJ4kK5lL6zZ7xX8cC9vV0bB1nN2mM3qW4eR5tT6yU7iI8oO9pP0aS1dF2gG3hH4jJ5kK6lL7zZ8xX9cC0vB1nN2mQ3wE4rR5tT6yY7uU8iI9oO0pP1aS2dF3gG4hH5jJ6kK7l4hH5jJ6kK7lL8zX9cV0bN1nM2qW3eR4tT5yU6iI7oO8pP9aS0dF1gG2hH3jJ4kK5lL6zZ7xX8cC9vV0bB1nN2mM3qW4eR5tT6yU7iI8oO9pP0aS1dF2gG3hH4jJ5kK6lL7zZ8xX9cC0vB1nN2mQ3wE4rR5tT6yY7uU8iI9oO0pP1aS2dF3gG4hH5jJ6kK7lL8zX9cV0bN1nM2qW3eR4tT5yU6iI7oO8pP9aS0dF1gG2hH3jJ4kK5lL6zZ7xX8cC9vV0bB1nN2mM3qW4eR5tT6yU7iI8oO9pP0aS1dF2gG3hH4jJ5kK6lL7zZ8xX9cC0vB1nN2mQ3wE4rR5tT6yY7uU8iI9oO0pP1aS2dF3gG4hH5jJ6kK7l4hH5jJ6kK7lL8zX9cV0bN1nM2qW3eR4tT5yU6iI7oO8pP9aS0dF1gG2hH3jJ4kK5lL6z7nB9vR2mX8kLp4QjW3tY5zH1aG6sF9dD0fS8gA7hJ6kL5mN4bV3vC2xZ1oP9iU8uY7tT6rR5eE4wW3qQ2aZ1sX2dC3fV4gB5hN6jM7kL8pO9iU0yT1rE2wQ3aS4dF5gG6hH7jJ8kK9lL0zZ1xX2cC3vV4bB5nN6mM7qQ8wW9eE0rR1tT2yY3uU4iI5oO6pP7aA8sS9dD0fF1gG2hH3jJ4kK5lL6zZ7xX8cC9vV0bB1nN2mM3qW4eR5tT6yU7iI8oO9pP0aS1dF2gG3hH4jJ5kK6lL7zZ8xX9cC0vB1nN2mQ3wE4rR5tT6yY7uU8iI9oO0pP1aS2dF3gG4hH5jJ6kK7lL8zX9cV0bN1nM2qW3eR4tT5yU6iI7oO8pP9aS0dF1gG2hH3jJ4kK5lL6zZ7xX8cC9vV0bB1nN2mM3qW4eR5tT6yU7iI8oO9pP0aS1dF2gG3hH4jJ5kK6lL7zZ8xX9cC0vB1nN2mQ3wE4rR5tT6yY7uU8iI9oO0pP1aS2dF3gG4hH5jJ6kK7lL8zX9cV0bN1nM2qW3eR4tT5yU6iI7oO8pP9aS0dF1gG2hH3jJ4kK5lL6zZ7xX8cC9vV0bB1nN2mM3qW4eR5tT6yU7iI8oO9pP0aS1dF2gG3hH4jJ5kK6lL7zZ8xX9cC0vB1nN2mQ3wE4rR5tT6yY7uU8iI9oO0pP1aS2dF3gG4hH5jJ6kK7lL8zX9cV0bN1nM2qW3eR4tT5yU6iI7oO8pP9aS0dF1gG2hH3jJ4kK5lL6zZ7xX8cC9vV0bB1nN2mM3qW4eR5tT6yU7iI8oO9pP0aS1dF2gG3hH4jJ5kK6lL7zZ8xX9cC0vB1nN2mQ3wE4rR5tT6yY7uU8iI9oO0pP1aS2dF3gG4hH5jJ6kK7lL8zX9cV0bN1nM2qW3eR4tT5yU6iI7oO8pP9aS0dF1gG2hH3jJ4kK5lL6zZ7xX8cC9vV0bB1nN2mM3qW4eR5tT6yU7iI8oO9pP0aS1dF2gG3hH4jJ5kK6lL7zZ8xX9cC0vB1nN2mQ3wE4rR5tT6yY7uU8iI9oO0pP1aS2dF3gG4hH5jJ6kK7l4hH5jJ6kK7lL8zX9cV0bN1nM2qW3eR4tT5yU6iI7oO8pP9aS0dF1gG2hH3jJ4kK5lL6zZ7xX8cC9vV0bB1nN2mM3qW4eR5tT6yU7iI8oO9pP0aS1dF2gG3hH4jJ5kK6lL7zZ8xX9cC0vB1nN2mQ3wE4rR5tT6yY7uU8iI9oO0pP1aS2dF3gG4hH5jJ6kK7lL8zX9cV0bN1nM2qW3eR4tT5yU6iI7oO8pP9aS0dF1gG2hH3jJ4kK5lL6zZ7xX8cC9vV0bB1nN2mM3qW4eR5tT6yU7iI8oO9pP0aS1dF2gG3hH4jJ5kK6lL7zZ8xX9cC0vB1nN2mQ3wE4rR5tT6yY7uU8iI9oO0pP1aS2dF3gG4hH5jJ6kK7l4hH5jJ6kK7lL8zX9cV0bN1nM2qW3eR4tT5yU6iI7oO8pP9aS0dF1gG2hH3jJ4kK5lL6zZ7xX8cC9vV0bB1nN2mM3qW4eR5tT6yU7iI8oO9pP0aS1dF2gG3hH4jJ5kK6lL7zZ8xX9cC0vB1nN2mQ3wE4rR5tT6yY7uU8iI9oO0pP1aS2dF3gG4hH5jJ6kK7lL8zX9cV0bN1nM2qW3eR4tT5yU6iI7oO8pP9aS0dF1gG2hH3jJ4kK5lL6zZ7xX8cC9vV0bB1nN2mM3qW4eR5tT6yU7iI8oO9pP0aS1dF2gG3hH4jJ5kK6lL7zZ8xX9cC0vB1nN2mQ3wE4rR5tT6yY7uU8iI9oO0pP1aS2dF3gG4hH5jJ6kK7l4hH5jJ6kK7lL8zX9cV0bN1nM2qW3eR4tT5yU6iI7oO8pP9aS0dF1gG2hH3jJ4kK5lL6zZ7xX8cC9vV0bB1nN2mM3qW4eR5tT6yU7iI8oO9pP0aS1dF2gG3hH4jJ5kK6lL7zZ8xX9cC0vB1nN2mQ3wE4rR5tT6yY7uU8iI9oO0pP1aS2dF3gG4hH5jJ6kK7lL8zX9cV0bN1nM2qW3eR4tT5yU6iI7oO8pP9aS0dF1gG2hH3jJ4kK5lL6zZ7xX8cC9vV0bB1nN2mM3qW4eR5tT6yU7iI8oO9pP0aS1dF2gG3hH4jJ5kK6lL7zZ8xX9cC0vB1nN2mQ3wE4rR5tT6yY7uU8iI9oO0pP1aS2dF3gG4hH5jJ6kK7l4hH5jJ6kK7lL8zX9cV0bN1nM2qW3eR4tT5yU6iI7oO8pP9aS0dF1gG2hH3jJ4kK5lL6zZ7xX8cC9vV0bB1nN2mM3qW4eR5tT6yU7iI8oO9pP0aS1dF2gG3hH4jJ5kK6lL7zZ8xX9cC0vB1nN2mQ3wE4rR5tT6yY7uU8iI9oO0pP1aS2dF3gG4hH5jJ6kK7lL8zX9cV0bN1nM2qW3eR4tT5yU6iI7oO8pP9aS0dF1gG2hH3jJ4kK5lL6zZ7xX8cC9vV0bB1nN2mM3qW4eR5tT6yU7iI8oO9pP0aS1dF2gG3hH4jJ5kK6lL7zZ8xX9cC0vB1nN2mQ3wE4rR5tT6yY7uU8iI9oO0pP1aS2dF3gG4hH5jJ6kK7l4hH5jJ6kK7lL8zX9cV0bN1nM2qW3eR4tT5yU6iI7oO8pP9aS0dF1gG2hH3jJ4kK5lL6zZ7xX8cC9vV0bB1nN2mM3qW4eR5tT6yU7iI8oO9pP0aS1dF2gG3hH4jJ5kK6lL7zZ8xX9cC0vB1nN2mQ3wE4rR5tT6yY7uU8iI9oO0pP1aS2dF3gG4hH5jJ6kK7lL8zX9cV0bN1nM2qW3eR4tT5yU6iI7oO8pP9aS0dF1gG2hH3jJ4kK5lL6zZ7xX8cC9vV0bB1nN2mM3qW4eR5tT6yU7iI8oO9pP0aS1dF2gG3hH4jJ5kK6lL7zZ8xX9cC0vB1nN2mQ3wE4rR5tT6yY7uU8iI9oO0pP1aS2dF3gG4hH5jJ6kK7l4hH5jJ6kK7lL8zX9cV0bN1nM2qW3eR4tT5yU6iI7oO8pP9aS0dF1gG2hH3jJ4kK5lL6zZ7xX8cC9vV0bB1nN2mM3qW4eR5tT6yU7iI8oO9pP0aS1dF2gG3hH4jJ5kK6lL7zZ8xX9cC0vB1nN2mQ3wE4rR5tT6yY7uU8iI9oO0pP1aS2dF3gG4hH5jJ6kK7lL8zX9cV0bN1nM2qW3eR4tT5yU6iI7oO8pP9aS0dF1gG2hH3jJ4kK5lL6zZ7xX8cC9vV0bB1nN2mM3qW4eR5tT6yU7iI8oO9pP0aS1dF2gG3hH4jJ5kK6lL7zZ8xX9cC0vB1nN2mQ3wE4rR5tT6yY7uU8iI9oO0pP1aS2dF3gG4hH5jJ6kK7l4hH5jJ6kK7lL8zX9cV0bN1nM2qW3eR4tT5yU6iI7oO8pP9aS0dF1gG2hH3jJ4kK5lL6zZ7xX8cC9vV0bB1nN2mM3qW4eR5tT6yU7iI8oO9pP0aS1dF2gG3hH4jJ5kK6lL7zZ8xX9cC0vB1nN2mQ3wE4rR5tT6yY7uU8iI9oO0pP1aS2dF3gG4hH5jJ6kK7lL8zX9cV0bN1nM2qW3eR4tT5yU6iI7oO8pP9aS0dF1gG2hH3jJ4kK5lL6zZ7xX8cC9vV0bB1nN2mM3qW4eR5tT6yU7iI8oO9pP0aS1dF2gG3hH4jJ5kK6lL7zZ8xX9cC0vB1nN2mQ3wE4rR5tT6yY7uU8iI9oO0pP1aS2dF3gG4hH5jJ6kK7l4hH5jJ6kK7lL8zX9cV0bN1nM2qW3eR4tT5yU6iI7oO8pP9aS0dF1gG2hH3jJ4kK5lL6z7nB9vR2mX8kLp4QjW3tY5zH1aG6sF9dD0fS8gA7hJ6kL5mN4bV3vC2xZ1oP9iU8uY7tT6rR5eE4wW3qQ2aZ1sX2dC3fV4gB5hN6jM7kL8pO9iU0yT1rE2wQ3aS4dF5gG6hH7jJ8kK9lL0zZ1xX2cC3vV4bB5nN6mM7qQ8wW9eE0rR1tT2yY3uU4iI5oO6pP7aA8sS9dD0fF1gG2hH3jJ4kK5lL6zZ7xX8cC9vV0bB1nN2mM3qW4eR5tT6yU7iI8oO9pP0aS1dF2gG3hH4jJ5kK6lL7zZ8xX9cC0vB1nN2mQ3wE4rR5tT6yY7uU8iI9oO0pP1aS2dF3gG4hH5jJ6kK7lL8zX9cV0bN1nM2qW3eR4tT5yU6iI7oO8pP9aS0dF1gG2hH3jJ4kK5lL6zZ7xX8cC9vV0bB1nN2mM3qW4eR5tT6yU7iI8oO9pP0aS1dF2gG3hH4jJ5kK6lL7zZ8xX9cC0vB1nN2mQ3wE4rR5tT6yY7uU8iI9oO0pP1aS2dF3gG4hH5jJ6kK7lL8zX9cV0bN1nM2qW3eR4tT5yU6iI7oO8pP9aS0dF1gG2hH3jJ4kK5lL6zZ7xX8cC9vV0bB1nN2mM3qW4eR5tT6yU7iI8oO9pP0aS1dF2gG3hH4jJ5kK6lL7zZ8xX9cC0vB1nN2mQ3wE4rR5tT6yY7uU8iI9oO0pP1aS2dF3gG4hH5jJ6kK7lL8zX9cV0bN1nM2qW3eR4tT5yU6iI7oO8pP9aS0dF1gG2hH3jJ4kK5lL6zZ7xX8cC9vV0bB1nN2mM3qW4eR5tT6yU7iI8oO9pP0aS1dF2gG3hH4jJ5kK6lL7zZ8xX9cC0vB1nN2mQ3wE4rR5tT6yY7uU8iI9oO0pP1aS2dF3gG4hH5jJ6kK7lL8zX9cV0bN1nM2qW3eR4tT5yU6iI7oO8pP9aS0dF1gG2hH3jJ4kK5lL6zZ7xX8cC9vV0bB1nN2mM3qW4eR5tT6yU7iI8oO9pP0aS1dF2gG3hH4jJ5kK6lL7zZ8xX9cC0vB1nN2mQ3wE4rR5tT6yY7uU8iI9oO0pP1aS2dF3gG4hH5jJ6kK7l4hH5jJ6kK7lL8zX9cV0bN1nM2qW3eR4tT5yU6iI7oO8pP9aS0dF1gG2hH3jJ4kK5lL6zZ7xX8cC9vV0bB1nN2mM3qW4eR5tT6yU7iI8oO9pP0aS1dF2gG3hH4jJ5kK6lL7zZ8xX9cC0vB1nN2mQ3wE4rR5tT6yY7uU8iI9oO0pP1aS2dF3gG4hH5jJ6kK7lL8zX9cV0bN1nM2qW3eR4tT5yU6iI7oO8pP9aS0dF1gG2hH3jJ4kK5lL6zZ7xX8cC9vV0bB1nN2mM3qW4eR5tT6yU7iI8oO9pP0aS1dF2gG3hH4jJ5kK6lL7zZ8xX9cC0vB1nN2mQ3wE4rR5tT6yY7uU8iI9oO0pP1aS2dF3gG4hH5jJ6kK7l4hH5jJ6kK7lL8zX9cV0bN1nM2qW3eR4tT5yU6iI7oO8pP9aS0dF1gG2hH3jJ4kK5lL6zZ7xX8cC9vV0bB1nN2mM3qW4eR5tT6yU7iI8oO9pP0aS1dF2gG3hH4jJ5kK6lL7zZ8xX9cC0vB1nN2mQ3wE4rR5tT6yY7uU8iI9oO0pP1aS2dF3gG4hH5jJ6kK7lL8zX9cV0bN1nM2qW3eR4tT5yU6iI7oO8pP9aS0dF1gG2hH3jJ4kK5lL6zZ7xX8cC9vV0bB1nN2mM3qW4eR5tT6yU7iI8oO9pP0aS1dF2gG3hH4jJ5kK6lL7zZ8xX9cC0vB1nN2mQ3wE4rR5tT6yY7uU8iI9oO0pP1aS2dF3gG4hH5jJ6kK7l4hH5jJ6kK7lL8zX9cV0bN1nM2qW3eR4tT5yU6iI7oO8pP9aS0dF1gG2hH3jJ4kK5lL6zZ7xX8cC9vV0bB1nN2mM3qW4eR5tT6yU7iI8oO9pP0aS1dF2gG3hH4jJ5kK6lL7zZ8xX9cC0vB1nN2mQ3wE4rR5tT6yY7uU8iI9oO0pP1aS2dF3gG4hH5jJ6kK7lL8zX9cV0bN1nM2qW3eR4tT5yU6iI7oO8pP9aS0dF1gG2hH3jJ4kK5lL6zZ7xX8cC9vV0bB1nN2mM3qW4eR5tT6yU7iI8oO9pP0aS1dF2gG3hH4jJ5kK6lL7zZ8xX9cC0vB1nN2mQ3wE4rR5tT6yY7uU8iI9oO0pP1aS2dF3gG4hH5jJ6kK7l4hH5jJ6kK7lL8zX9cV0bN1nM2qW3eR4tT5yU6iI7oO8pP9aS0dF1gG2hH3jJ4kK5lL6zZ7xX8cC9vV0bB1nN2mM3qW4eR5tT6yU7iI8oO9pP0aS1dF2gG3hH4jJ5kK6lL7zZ8xX9cC0vB1nN2mQ3wE4rR5tT6yY7uU8iI9oO0pP1aS2dF3gG4hH5jJ6kK7lL8zX9cV0bN1nM2qW3eR4tT5yU6iI7oO8pP9aS0dF1gG2hH3jJ4kK5lL6zZ7xX8cC9vV0bB1nN2mM3qW4eR5tT6yU7iI8oO9pP0aS1dF2gG3hH4jJ5kK6lL7zZ8xX9cC0vB1nN2mQ3wE4rR5tT6yY7uU8iI9oO0pP1aS2dF3gG4hH5jJ6kK7l4hH5jJ6kK7lL8zX9cV0bN1nM2qW3eR4tT5yU6iI7oO8pP9aS0dF1gG2hH3jJ4kK5lL6zZ7xX8cC9vV0bB1nN2mM3qW4eR5tT6yU7iI8oO9pP0aS1dF2gG3hH4jJ5kK6lL7zZ8xX9cC0vB1nN2mQ3wE4rR5tT6yY7uU8iI9oO0pP1aS2dF3gG4hH5jJ6kK7lL8zX9cV0bN1nM2qW3eR4tT5yU6iI7oO8pP9aS0dF1gG2hH3jJ4kK5lL6zZ7xX8cC9vV0bB1nN2mM3qW4eR5tT6yU7iI8oO9pP0aS1dF2gG3hH4jJ5kK6lL7zZ8xX9cC0vB1nN2mQ3wE4rR5tT6yY7uU8iI9oO0pP1aS2dF3gG4hH5jJ6kK7l4hH5jJ6kK7lL8zX9cV0bN1nM2qW3eR4tT5yU6iI7oO8pP9aS0dF1gG2hH3jJ4kK5lL6zZ7xX8cC9vV0bB1nN2mM3qW4eR5tT6yU7iI8oO9pP0aS1dF2gG3hH4jJ5kK6lL7zZ8xX9cC0vB1nN2mQ3wE4rR5tT6yY7uU8iI9oO0pP1aS2dF3gG4hH5jJ6kK7lL8zX9cV0bN1nM2qW3eR4tT5yU6iI7oO8pP9aS0dF1gG2hH3jJ4kK5lL6zZ7xX8cC9vV0bB1nN2mM3qW4eR5tT6yU7iI8oO9pP0aS1dF2gG3hH4jJ5kK6lL7zZ8xX9cC0vB1nN2mQ3wE4rR5tT6yY7uU8iI9oO0pP1aS2dF3gG4hH5jJ6kK7l4hH5jJ6kK7lL8zX9cV0bN1nM2qW3eR4tT5yU6iI7oO8pP9aS0dF1gG2hH3jJ4kK5lL6zZ7xX8cC9vV0bB1nN2mM3qW4eR5tT6yU7iI8oO9pP0aS1dF2gG3hH4jJ5kK6lL7zZ8xX9cC0vB1nN2mQ3wE4rR5tT6yY7uU8iI9oO0pP1aS2dF3gG4hH5jJ6kK7lL8zX9cV0bN1nM2qW3eR4tT5yU6iI7oO8pP9aS0dF1gG2hH3jJ4kK5lL6zZ7xX8cC9vV0bB1nN2mM3qW4eR5tT6yU7iI8oO9pP0aS1dF2gG3hH4jJ5kK6lL7zZ8xX9cC0vB1nN2mQ3wE4rR5tT6yY7uU8iI9oO0pP1aS2dF3gG4hH5jJ6kK7l4hH5jJ6kK7lL8zX9cV0bN1nM2qW3eR4tT5yU6iI7oO8pP9aS0dF1gG2hH3jJ4kK5lL6z8zX9cV0bN1nM2qW3eR4tT5yU6iI7oO8pP9aS0dF1gG2hH3jJ4kK5lL6zZ7xX8cC9vV0bB1nN2mM3qW4eR5tT6yU7iI8oO9pP0aS1dF2gG3hH4jJ5kK6lL7zZ8xX9cC0vB1nN2mQ3wE4rR5tT6yY7uU8iI9oO0pP1aS2dF3gG4hH5jJ6kK7l4hH5jJ6kK7lL8zX9cV0bN1nM2qW3eR4tT5yU6iI7oO8pP9aS0dF1gG2hH3jJ4kK5lL6zZ7xX8cC9vV0bB1nN2mM3qW4eR5tT6yU7iI8oO9pP0aS1dF2gG3hH4jJ5kK6lL7zZ8xX9cC0vB1nN2mQ3wE4rR5tT6yY7uU8iI9oO0pP1aS2dF3gG4hH5jJ6kK7lL8zX9cV0bN1nM2qW3eR4tT5yU6iI7oO8pP9aS0dF1gG2hH3jJ4kK5lL6zZ7xX8cC9vV0bB1nN2mM3qW4eR5tT6yU7iI8oO9pP0aS1dF2gG3hH4jJ5kK6lL7zZ8xX9cC0vB1nN2mQ3wE4rR5tT6yY7uU8iI9oO0pP1aS2dF3gG4hH5jJ6kK7l4hH5jJ6kK7lL8zX9cV0bN1nM2qW3eR4tT5yU6iI7oO8pP9aS0dF1gG2hH3jJ4kK5lL6zZ7xX8cC9vV0bB1nN2mM3qW4eR5tT6yU7iI8oO9pP0aS1dF2gG3hH4jJ5kK6lL7zZ8xX9cC0vB1nN2mQ3wE4rR5tT6yY7uU8iI9oO0pP1aS2dF3gG4hH5jJ6kK7lL8zX9cV0bN1nM2qW3eR4tT5yU6iI7oO8pP9aS0dF1gG2hH3jJ4kK5lL6zZ7xX8cC9vV0bB1nN2mM3qW4eR5tT6yU7iI8oO9pP0aS1dFzX9cV0bN1nM2qW3eR4tT5yU6iI7oO8pP9aS0dF1gG2hH3jJ4kK5lL6zZ7xX8cC9vV0bB1nN2mM3qW4eR5tT6yU7iI8oO9pP0aS1dF2gG3hH4jJ5kK6lL7zZ8xX9cC0vB1nN2mQ3wE4rR5tT6yY7uU8iI9oO0pP1aS2dF3gG4hH5jJ6kK7lL8zX9cV0bN1nM2qW3eR4tT5yU6iI7oO8pP9aS0dF1gG2hH3jJ4kK5lL6zZ7xX8cC9vV0bB1nN2mM3qW4eR5tT6yU7iI8oO9pP0aS1dF2gG3hH4jJ5kK6lL7zZ8xX9cC0vB1nN2mQ3wE4rR5tT6yY7uU8iI9oO0pP1aS2dF3gG4hH5jJ6kK7l4hH5jJ6kK7lL8zX9cV0bN1nM2qW3eR4tT5yU6iI7oO8pP9aS0dF1gG2hH3jJ4kK5lL6zZ7xX8cC9vV0bB1nN2mM3qW4eR5tT6yU7iI8oO9pP0aS1dF2gG3hH4jJ5kK6lL7zZ8xX9cC0vB1nN2mQ3wE4rR5tT6yY7uU8iI9oO0pP1aS2dF3gG4hH5jJ6kK7lL8zX9cV0bN1nM2qW3eR4tT5yU6iI7oO8pP9aS0dF1gG2hH3jJ4kK5lL6zZ7xX8cC9vV0bB1nN2mM3qW4eR5tT6yU7iI8oO9pP0aS1dF2gG3hH4jJ5kK6lL7zZ8xX9cC0vB1nN2mQ3wE4rR5tT6yY7uU8iI9oO0pP1aS2dF3gG4hH5jJ6kK7l4hH5jJ6kK7lL8zX9cV0bN1nM2qW3eR4tT5yU6iI7oO8pP9aS0dF1gG2hH3jJ4kK5lL6zZ7xX8cC9vV0bB1nN2mM3qW4eR5tT6yU7iI8oO9pP0aS1dF2gG3hH4jJ5kK6lL7zZ8xX9cC0vB1nN2mQ3wE4rR5tT6yY7uU8iI9oO0pP1aS2dF3gG4hH5jJ6kK7lL8zX9cV0bN1nM2qW3eR4tT5yU6iI7oO8pP9aS0dF1gG2hH3jJ4kK5lL6zZ7xX8cC9vV0bB1nN2mM3qW4eR5tT6yU7iI8oO9pP0aS1dF2gG3hH4jJ5kK6lL7zZ8xX9cC0vB1nN2mQ3wE4rR5tT6yY7uU8iI9oO0pP1aS2dF3gG4hH5jJ6kK7l4hH5jJ6kK7lL8zX9cV0bN1nM2qW3eR4tT5yU6iI7oO8pP9aS0dF1gG2hH3jJ4kK5lL6zZ7xX8cC9vV0bB1nN2mM3qW4eR5tT6yU7iI8oO9pP0aS1dF2gG3hH4jJ5kK6lL7zZ8xX9cC0vB1nN2mQ3wE4rR5tT6yY7uU8iI9oO0pP1aS2dF3gG4hH5jJ6kK7lL8zX9cV0bN1nM2qW3eR4tT5yU6iI7oO8pP9aS0dF1gG2hH3jJ4kK5lL6zZ7xX8cC9vV0bB1nN2mM3qW4eR5tT6yU7iI8oO9pP0aS1dF2gG3hH4jJ5kK6lL7zZ8xX9cC0vB1nN2mQ3wE4rR5tT6yY7uU8iI9oO0pP1aS2dF3gG4hH5jJ6kK7l4hH5jJ6kK7lL8zX9cV0bN1nM2qW3eR4tT5yU6iI7oO8pP9aS0dF1gG2hH3jJ4kK5lL6zZ7xX8cC9vV0bB1nN2mM3qW4eR5tT6yU7iI8oO9pP0aS1dF2gG3hH4jJ5kK6lL7zZ8xX9cC0vB1nN2mQ3wE4rR5tT6yY7uU8iI9oO0pP1aS2dF3gG4hH5jJ6kK7lL8zX9cV0bN1nM2qW3eR4tT5yU6iI7oO8pP9aS0dF1gG2hH3jJ4kK5lL6zZ7xX8cC9vV0bB1nN2mM3qW4eR5tT6yU7iI8oO9pP0aS1dF2gG3hH4jJ5kK6lL7zZ8xX9cC0vB1nN2mQ3wE4rR5tT6yY7uU8iI9oO0pP1aS2dF3gG4hH5jJ6kK7l4hH5jJ6kK7lL8zX9cV0bN1nM2qW3eR4tT5yU6iI7oO8pP9aS0dF1gG2hH3jJ4kK5lL6z7nB9vR2mX8kLp4QjW3tY5zH1aG6sF9dD0fS8gA7hJ6kL5mN4bV3vC2xZ1oP9iU8uY7tT6rR5eE4wW3qQ2aZ1sX2dC3fV4gB5hN6jM7kL8pO9iU0yT1rE2wQ3aS4dF5gG6hH7jJ8kK9lL0zZ1xX2cC3vV4bB5nN6mM7qQ8wW9eE0rR1tT2yY3uU4iI5oO6pP7aA8sS9dD0fF1gG2hH3jJ4kK5lL6zZ7xX8cC9vV0bB1nN2mM3qW4eR5tT6yU7iI8oO9pP0aS1dF2gG3hH4jJ5kK6lL7zZ8xX9cC0vB1nN2mQ3wE4rR5tT6yY7uU8iI9oO0pP1aS2dF3gG4hH5jJ6kK7lL8zX9cV0bN1nM2qW3eR4tT5yU6iI7oO8pP9aS0dF1gG2hH3jJ4kK5lL6zZ7xX8cC9vV0bB1nN2mM3qW4eR5tT6yU7iI8oO9pP0aS1dF2gG3hH4jJ5kK6lL7zZ8xX9cC0vB1nN2mQ3wE4rR5tT6yY7uU8iI9oO0pP1aS2dF3gG4hH5jJ6kK7lL8zX9cV0bN1nM2qW3eR4tT5yU6iI7oO8pP9aS0dF1gG2hH3jJ4kK5lL6zZ7xX8cC9vV0bB1nN2mM3qW4eR5tT6yU7iI8oO9pP0aS1dF2gG3hH4jJ5kK6lL7zZ8xX9cC0vB1nN2mQ3wE4rR5tT6yY7uU8iI9oO0pP1aS2dF3gG4hH5jJ6kK7lL8zX9cV0bN1nM2qW3eR4tT5yU6iI7oO8pP9aS0dF1gG2hH3jJ4kK5lL6zZ7xX8cC9vV0bB1nN2mM3qW4eR5tT6yU7iI8oO9pP0aS1dF2gG3hH4jJ5kK6lL7zZ8xX9cC0vB1nN2mQ3wE4rR5tT6yY7uU8iI9oO0pP1aS2dF3gG4hH5jJ6kK7lL8zX9cV0bN1nM2qW3eR4tT5yU6iI7oO8pP9aS0dF1gG2hH3jJ4kK5lL6zZ7xX8cC9vV0bB1nN2mM3qW4eR5tT6yU7iI8oO9pP0aS1dF2gG3hH4jJ5kK6lL7zZ8xX9cC0vB1nN2mQ3wE4rR5tT6yY7uU8iI9oO0pP1aS2dF3gG4hH5jJ6kK7l4hH5jJ6kK7lL8zX9cV0bN1nM2qW3eR4tT5yU6iI7oO8pP9aS0dF1gG2hH3jJ4kK5lL6zZ7xX8cC9vV0bB1nN2mM3qW4eR5tT6yU7iI8oO9pP0aS1dF2gG3hH4jJ5kK6lL7zZ8xX9cC0vB1nN2mQ3wE4rR5tT6yY7uU8iI9oO0pP1aS2dF3gG4hH5jJ6kK7lL8zX9cV0bN1nM2qW3eR4tT5yU6iI7oO8pP9aS0dF1gG2hH3jJ4kK5lL6zZ7xX8cC9vV0bB1nN2mM3qW4eR5tT6yU7iI8oO9pP0aS1dF2gG3hH4jJ5kK6lL7zZ8xX9cC0vB1nN2mQ3wE4rR5tT6yY7uU8iI9oO0pP1aS2dF3gG4hH5jJ6kK7l4hH5jJ6kK7lL8zX9cV0bN1nM2qW3eR4tT5yU6iI7oO8pP9aS0dF1gG2hH3jJ4kK5lL6zZ7xX8cC9vV0bB1nN2mM3qW4eR5tT6yU7iI8oO9pP0aS1dF2gG3hH4jJ5kK6lL7zZ8xX9cC0vB1nN2mQ3wE4rR5tT6yY7uU8iI9oO0pP1aS2dF3gG4hH5jJ6kK7lL8zX9cV0bN1nM2qW3eR4tT5yU6iI7oO8pP9aS0dF1gG2hH3jJ4kK5lL6zZ7xX8cC9vV0bB1nN2mM3qW4eR5tT6yU7iI8oO9pP0aS1dF2gG3hH4jJ5kK6lL7zZ8xX9cC0vB1nN2mQ3wE4rR5tT6yY7uU8iI9oO0pP1aS2dF3gG4hH5jJ6kK7l4hH5jJ6kK7lL8zX9cV0bN1nM2qW3eR4tT5yU6iI7oO8pP9aS0dF1gG2hH3jJ4kK5lL6zZ7xX8cC9vV0bB1nN2mM3qW4eR5tT6yU7iI8oO9pP0aS1dF2gG3hH4jJ5kK6lL7zZ8xX9cC0vB1nN2mQ3wE4rR5tT6yY7uU8iI9oO0pP1aS2dF3gG4hH5jJ6kK7lL8zX9cV0bN1nM2qW3eR4tT5yU6iI7oO8pP9aS0dF1gG2hH3jJ4kK5lL6zZ7xX8cC9vV0bB1nN2mM3qW4eR5tT6yU7iI8oO9pP0aS1dF2gG3hH4jJ5kK6lL7zZ8xX9cC0vB1nN2mQ3wE4rR5tT6yY7uU8iI9oO0pP1aS2dF3gG4hH5jJ6kK7l4hH5jJ6kK7lL8zX9cV0bN1nM2qW3eR4tT5yU6iI7oO8pP9aS0dF1gG2hH3jJ4kK5lL6zZ7xX8cC9vV0bB1nN2mM3qW4eR5tT6yU7iI8oO9pP0aS1dF2gG3hH4jJ5kK6lL7zZ8xX9cC0vB1nN2mQ3wE4rR5tT6yY7uU8iI9oO0pP1aS2dF3gG4hH5jJ6kK7lL8zX9cV0bN1nM2qW3eR4tT5yU6iI7oO8pP9aS0dF1gG2hH3jJ4kK5lL6zZ7xX8cC9vV0bB1nN2mM3qW4eR5tT6yU7iI8oO9pP0aS1dF2gG3hH4jJ5kK6lL7zZ8xX9cC0vB1nN2mQ3wE4rR5tT6yY7uU8iI9oO0pP1aS2dF3gG4hH5jJ6kK7l4hH5jJ6kK7lL8zX9cV0bN1nM2qW3eR4tT5yU6iI7oO8pP9aS0dF1gG2hH3jJ4kK5lL6zZ7xX8cC9vV0bB1nN2mM3qW4eR5tT6yU7iI8oO9pP0aS1dF2gG3hH4jJ5kK6lL7zZ8xX9cC0vB1nN2mQ3wE4rR5tT6yY7uU8iI9oO0pP1aS2dF3gG4hH5jJ6kK7lL8zX9cV0bN1nM2qW3eR4tT5yU6iI7oO8pP9aS0dF1gG2hH3jJ4kK5lL6zZ7xX8cC9vV0bB1nN2mM3qW4eR5tT6yU7iI8oO9pP0aS1dF2gG3hH4jJ5kK6lL7zZ8xX9cC0vB1nN2mQ3wE4rR5tT6yY7uU8iI9oO0pP1aS2dF3gG4hH5jJ6kK7l4hH5jJ6kK7lL8zX9cV0bN1nM2qW3eR4tT5yU6iI7oO8pP9aS0dF1gG2hH3jJ4kK5lL6zZ7xX8cC9vV0bB1nN2mM3qW4eR5tT6yU7iI8oO9pP0aS1dF2gG3hH4jJ5kK6lL7zZ8xX9cC0vB1nN2mQ3wE4rR5tT6yY7uU8iI9oO0pP1aS2dF3gG4hH5jJ6kK7lL8zX9cV0bN1nM2qW3eR4tT5yU6iI7oO8pP9aS0dF1gG2hH3jJ4kK5lL6zZ7xX8cC9vV0bB1nN2mM3qW4eR5tT6yU7iI8oO9pP0aS1dF2gG3hH4jJ5kK6lL7zZ8xX9cC0vB1nN2mQ3wE4rR5tT6yY7uU8iI9oO0pP1aS2dF3gG4hH5jJ6kK7l4hH5jJ6kK7lL8zX9cV0bN1nM2qW3eR4tT5yU6iI7oO8pP9aS0dF1gG2hH3jJ4kK5lL6zZ7xX8cC9vV0bB1nN2mM3qW4eR5tT6yU7iI8oO9pP0aS1dF2gG3hH4jJ5kK6lL7zZ8xX9cC0vB1nN2mQ3wE4rR5tT6yY7uU8iI9oO0pP1aS2dF3gG4hH5jJ6kK7lL8zX9cV0bN1nM2qW3eR4tT5yU6iI7oO8pP9aS0dF1gG2hH3jJ4kK5lL6zZ7xX8cC9vV0bB1nN2mM3qW4eR5tT6yU7iI8oO9pP0aS1dF2gG3hH4jJ5kK6lL7zZ8xX9cC0vB1nN2mQ3wE4rR5tT6yY7uU8iI9oO0pP1aS2dF3gG4hH5jJ6kK7l4hH5jJ6kK7lL8zX9cV0bN1nM2qW3eR4tT5yU6iI7oO8pP9aS0dF1gG2hH3jJ4kK5lL6z7nB9vR2mX8kLp4QjW3tY5zH1aG6sF9dD0fS8gA7hJ6kL5mN4bV3vC2xZ1oP9iU8uY7tT6rR5eE4wW3qQ2aZ1sX2dC3fV4gB5hN6jM7kL8pO9iU0yT1rE2wQ3aS4dF5gG6hH7jJ8kK9lL0zZ1xX2cC3vV4bB5nN6mM7qQ8wW9eE0rR1tT2yY3uU4iI5oO6pP7aA8sS9dD0fF1gG2hH3jJ4kK5lL6zZ7xX8cC9vV0bB1nN2mM3qW4eR5tT6yU7iI8oO9pP0aS1dF2gG3hH4jJ5kK6lL7zZ8xX9cC0vB1nN2mQ3wE4rR5tT6yY7uU8iI9oO0pP1aS2dF3gG4hH5jJ6kK7lL8zX9cV0bN1nM2qW3eR4tT5yU6iI7oO8pP9aS0dF1gG2hH3jJ4kK5lL6zZ7xX8cC9vV0bB1nN2mM3qW4eR5tT6yU7iI8oO9pP0aS1dF2gG3hH4jJ5kK6lL7zZ8xX9cC0vB1nN2mQ3wE4rR5tT6yY7uU8iI9oO0pP1aS2dF3gG4hH5jJ6kK7lL8zX9cV0bN1nM2qW3eR4tT5yU6iI7oO8pP9aS0dF1gG2hH3jJ4kK5lL6zZ7xX8cC9vV0bB1nN2mM3qW4eR5tT6yU7iI8oO9pP0aS1dF2gG3hH4jJ5kK6lL7zZ8xX9cC0vB1nN2mQ3wE4rR5tT6yY7uU8iI9oO0pP1aS2dF3gG4hH5jJ6kK7lL8zX9cV0bN1nM2qW3eR4tT5yU6iI7oO8pP9aS0dF1gG2hH3jJ4kK5lL6zZ7xX8cC9vV0bB1nN2mM3qW4eR5tT6yU7iI8oO9pP0aS1dF2gG3hH4jJ5kK6lL7zZ8xX9cC0vB1nN2mQ3wE4rR5tT6yY7uU8iI9oO0pP1aS2dF3gG4hH5jJ6kK7lL8zX9cV0bN1nM2qW3eR4tT5yU6iI7oO8pP9aS0dF1gG2hH3jJ4kK5lL6zZ7xX8cC9vV0bB1nN2mM3qW4eR5tT6yU7iI8oO9pP0aS1dF2gG3hH4jJ5kK6lL7zZ8xX9cC0vB1nN2mQ3wE4rR5tT6yY7uU8iI9oO0pP1aS2dF3gG4hH5jJ6kK7l4hH5jJ6kK7lL8zX9cV0bN1nM2qW3eR4tT5yU6iI7oO8pP9aS0dF1gG2hH3jJ4kK5lL6zZ7xX8cC9vV0bB1nN2mM3qW4eR5tT6yU7iI8oO9pP0aS1dF2gG3hH4jJ5kK6lL7zZ8xX9cC0vB1nN2mQ3wE4rR5tT6yY7uU8iI9oO0pP1aS2dF3gG4hH5jJ6kK7lL8zX9cV0bN1nM2qW3eR4tT5yU6iI7oO8pP9aS0dF1gG2hH3jJ4kK5lL6zZ7xX8cC9vV0bB1nN2mM3qW4eR5tT6yU7iI8oO9pP0aS1dF2gG3hH4jJ5kK6lL7zZ8xX9cC0vB1nN2mQ3wE4rR5tT6yY7uU8iI9oO0pP1aS2dF3gG4hH5jJ6kK7l4hH5jJ6kK7lL8zX9cV0bN1nM2qW3eR4tT5yU6iI7oO8pP9aS0dF1gG2hH3jJ4kK5lL6zZ7xX8cC9vV0bB1nN2mM3qW4eR5tT6yU7iI8oO9pP0aS1dF2gG3hH4jJ5kK6lL7zZ8xX9cC0vB1nN2mQ3wE4rR5tT6yY7uU8iI9oO0pP1aS2dF3gG4hH5jJ6kK7lL8zX9cV0bN1nM2qW3eR4tT5yU6iI7oO8pP9aS0dF1gG2hH3jJ4kK5lL6zZ7xX8cC9vV0bB1nN2mM3qW4eR5tT6yU7iI8oO9pP0aS1dF2gG3hH4jJ5kK6lL7zZ8xX9cC0vB1nN2mQ3wE4rR5tT6yY7uU8iI9oO0pP1aS2dF3gG4hH5jJ6kK7l4hH5jJ6kK7lL8zX9cV0bN1nM2qW3eR4tT5yU6iI7oO8pP9aS0dF1gG2hH3jJ4kK5lL6zZ7xX8cC9vV0bB1nN2mM3qW4eR5tT6yU7iI8oO9pP0aS1dF2gG3hH4jJ5kK6lL7zZ8xX9cC0vB1nN2mQ3wE4rR5tT6yY7uU8iI9oO0pP1aS2dF3gG4hH5jJ6kK7lL8zX9cV0bN1nM2qW3eR4tT5yU6iI7oO8pP9aS0dF1gG2hH3jJ4kK5lL6zZ7xX8cC9vV0bB1nN2mM3qW4eR5tT6yU7iI8oO9pP0aS1dF2gG3hH4jJ5kK6lL7zZ8xX9cC0vB1nN2mQ3wE4rR5tT6yY7uU8iI9oO0pP1aS2dF3gG4hH5jJ6kK7l4hH5jJ6kK7lL8zX9cV0bN1nM2qW3eR4tT5yU6iI7oO8pP9aS0dF1gG2hH3jJ4kK5lL6zZ7xX8cC9vV0bB1nN2mM3qW4eR5tT6yU7iI8oO9pP0aS1dF2gG3hH4jJ5kK6lL7zZ8xX9cC0vB1nN2mQ3wE4rR5tT6yY7uU8iI9oO0pP1aS2dF3gG4hH5jJ6kK7lL8zX9cV0bN1nM2qW3eR4tT5yU6iI7oO8pP9aS0dF1gG2hH3jJ4kK5lL6zZ7xX8cC9vV0bB1nN2mM3qW4eR5tT6yU7iI8oO9pP0aS1dF2gG3hH4jJ5kK6lL7zZ8xX9cC0vB1nN2mQ3wE4rR5tT6yY7uU8iI9oO0pP1aS2dF3gG4hH5jJ6kK7l4hH5jJ6kK7lL8zX9cV0bN1nM2qW3eR4tT5yU6iI7oO8pP9aS0dF1gG2hH3jJ4kK5lL6zZ7xX8cC9vV0bB1nN2mM3qW4eR5tT6yU7iI8oO9pP0aS1dF2gG3hH4jJ5kK6lL7zZ8xX9cC0vB1nN2mQ3wE4rR5tT6yY7uU8iI9oO0pP1aS2dF3gG4hH5jJ6kK7lL8zX9cV0bN1nM2qW3eR4tT5yU6iI7oO8pP9aS0dF1gG2hH3jJ4kK5lL6zZ7xX8cC9vV0bB1nN2mM3qW4eR5tT6yU7iI8oO9pP0aS1dF2gG3hH4jJ5kK6lL7zZ8xX9cC0vB1nN2mQ3wE4rR5tT6yY7uU8iI9oO0pP1aS2dF3gG4hH5jJ6kK7l4hH5jJ6kK7lL8zX9cV0bN1nM2qW3eR4tT5yU6iI7oO8pP9aS0dF1gG2hH3jJ4kK5lL6zZ7xX8cC9vV0bB1nN2mM3qW4eR5tT6yU7iI8oO9pP0aS1dF2gG3hH4jJ5kK6lL7zZ8xX9cC0vB1nN2mQ3wE4rR5tT6yY7uU8iI9oO0pP1aS2dF3gG4hH5jJ6kK7lL8zX9cV0bN1nM2qW3eR4tT5yU6iI7oO8pP9aS0dF1gG2hH3jJ4kK5lL6zZ7xX8cC9vV0bB1nN2mM3qW4eR5tT6yU7iI8oO9pP0aS1dF2gG3hH4jJ5kK6lL7zZ8xX9cC0vB1nN2mQ3wE4rR5tT6yY7uU8iI9oO0pP1aS2dF3gG4hH5jJ6kK7l4hH5jJ6kK7lL8zX9cV0bN1nM2qW3eR4tT5yU6iI7oO8pP9aS0dF1gG2hH3jJ4kK5lL6zZ7xX8cC9vV0bB1nN2mM3qW4eR5tT6yU7iI8oO9pP0aS1dF2gG3hH4jJ5kK6lL7zZ8xX9cC0vB1nN2mQ3wE4rR5tT6yY7uU8iI9oO0pP1aS2dF3gG4hH5jJ6kK7lL8zX9cV0bN1nM2qW3eR4tT5yU6iI7oO8pP9aS0dF1gG2hH3jJ4kK5lL6zZ7xX8cC9vV0bB1nN2mM3qW4eR5tT6yU7iI8oO9pP0aS1dF2gG3hH4jJ5kK6lL7zZ8xX9cC0vB1nN2mQ3wE4rR5tT6yY7uU8iI9oO0pP1aS2dF3gG4hH5jJ6kK7l4hH5jJ6kK7lL8zX9cV0bN1nM2qW3eR4tT5yU6iI7oO8pP9aS0dF1gG2hH3jJ4kK5lL6z7nB9vR2mX8kLp4QjW3tY5zH1aG6sF9dD0fS8gA7hJ6kL5mN4bV3vC2xZ1oP9iU8uY7tT6rR5eE4wW3qQ2aZ1sX2dC3fV4gB5hN6jM7kL8pO9iU0yT1rE2wQ3aS4dF5gG6hH7jJ8kK9lL0zZ1xX2cC3vV4bB5nN6mM7qQ8wW9eE0rR1tT2yY3uU4iI5oO6pP7aA8sS9dD0fF1gG2hH3jJ4kK5lL6zZ7xX8cC9vV0bB1nN2mM3qW4eR5tT6yU7iI8oO9pP0aS1dF2gG3hH4jJ5kK6lL7zZ8xX9cC0vB1nN2mQ3wE4rR5tT6yY7uU8iI9oO0pP1aS2dF3gG4hH5jJ6kK7lL8zX9cV0bN1nM2qW3eR4tT5yU6iI7oO8pP9aS0dF1gG2hH3jJ4kK5lL6zZ7xX8cC9vV0bB1nN2mM3qW4eR5tT6yU7iI8oO9pP0aS1dF2gG3hH4jJ5kK6lL7zZ8xX9cC0vB1nN2mQ3wE4rR5tT6yY7uU8iI9oO0pP1aS2dF3gG4hH5jJ6kK7lL8zX9cV0bN1nM2qW3eR4tT5yU6iI7oO8pP9aS0dF1gG2hH3jJ4kK5lL6zZ7xX8cC9vV0bB1nN2mM3qW4eR5tT6yU7iI8oO9pP0aS1dF2gG3hH4jJ5kK6lL7zZ8xX9cC0vB1nN2mQ3wE4rR5tT6yY7uU8iI9oO0pP1aS2dF3gG4hH5jJ6kK7lL8zX9cV0bN1nM2qW3eR4tT5yU6iI7oO8pP9aS0dF1gG2hH3jJ4kK5lL6zZ7xX8cC9vV0bB1nN2mM3qW4eR5tT6yU7iI8oO9pP0aS1dF2gG3hH4jJ5kK6lL7zZ8xX9cC0vB1nN2mQ3wE4rR5tT6yY7uU8iI9oO0pP1aS2dF3gG4hH5jJ6kK7lL8zX9cV0bN1nM2qW3eR4tT5yU6iI7oO8pP9aS0dF1gG2hH3jJ4kK5lL6zZ7xX8cC9vV0bB1nN2mM3qW4eR5tT6yU7iI8oO9pP0aS1dF2gG3hH4jJ5kK6lL7zZ8xX9cC0vB1nN2mQ3wE4rR5tT6yY7uU8iI9oO0pP1aS2dF3gG4hH5jJ6kK7l4hH5jJ6kK7lL8zX9cV0bN1nM2qW3eR4tT5yU6iI7oO8pP9aS0dF1gG2hH3jJ4kK5lL6zZ7xX8cC9vV0bB1nN2mM3qW4eR5tT6yU7iI8oO9pP0aS1dF2gG3hH4jJ5kK6lL7zZ8xX9cC0vB1nN2mQ3wE4rR5tT6yY7uU8iI9oO0pP1aS2dF3gG4hH5jJ6kK7lL8zX9cV0bN1nM2qW3eR4tT5yU6iI7oO8pP9aS0dF1gG2hH3jJ4kK5lL6zZ7xX8cC9vV0bB1nN2mM3qW4eR5tT6yU7iI8oO9pP0aS1dF2gG3hH4jJ5kK6lL7zZ8xX9cC0vB1nN2mQ3wE4rR5tT6yY7uU8iI9oO0pP1aS2dF3gG4hH5jJ6kK7l4hH5jJ6kK7lL8zX9cV0bN1nM2qW3eR4tT5yU6iI7oO8pP9aS0dF1gG2hH3jJ4kK5lL6zZ7xX8cC9vV0bB1nN2mM3qW4eR5tT6yU7iI8oO9pP0aS1dF2gG3hH4jJ5kK6lL7zZ8xX9cC0vB1nN2mQ3wE4rR5tT6yY7uU8iI9oO0pP1aS2dF3gG4hH5jJ6kK7lL8zX9cV0bN1nM2qW3eR4tT5yU6iI7oO8pP9aS0dF1gG2hH3jJ4kK5lL6zZ7xX8cC9vV0bB1nN2mM3qW4eR5tT6yU7iI8oO9pP0aS1dF2gG3hH4jJ5kK6lL7zZ8xX9cC0vB1nN2mQ3wE4rR5tT6yY7uU8iI9oO0pP1aS2dF3gG4hH5jJ6kK7l4hH5jJ6kK7lL8zX9cV0bN1nM2qW3eR4tT5yU6iI7oO8pP9aS0dF1gG2hH3jJ4kK5lL6zZ7xX8cC9vV0bB1nN2mM3qW4eR5tT6yU7iI8oO9pP0aS1dF2gG3hH4jJ5kK6lL7zZ8xX9cC0vB1nN2mQ3wE4rR5tT6yY7uU8iI9oO0pP1aS2dF3gG4hH5jJ6kK7lL8zX9cV0bN1nM2qW3eR4tT5yU6iI7oO8pP9aS0dF1gG2hH3jJ4kK5lL6zZ7xX8cC9vV0bB1nN2mM3qW4eR5tT6yU7iI8oO9pP0aS1dF2gG3hH4jJ5kK6lL7zZ8xX9cC0vB1nN2mQ3wE4rR5tT6yY7uU8iI9oO0pP1aS2dF3gG4hH5jJ6kK7l4hH5jJ6kK7lL8zX9cV0bN1nM2qW3eR4tT5yU6iI7oO8pP9aS0dF1gG2hH3jJ4kK5lL6zZ7xX8cC9vV0bB1nN2mM3qW4eR5tT6yU7iI8oO9pP0aS1dF2gG3hH4jJ5kK6lL7zZ8xX9cC0vB1nN2mQ3wE4rR5tT6yY7uU8iI9oO0pP1aS2dF3gG4hH5jJ6kK7lL8zX9cV0bN1nM2qW3eR4tT5yU6iI7oO8pP9aS0dF1gG2hH3jJ4kK5lL6zZ7xX8cC9vV0bB1nN2mM3qW4eR5tT6yU7iI8oO9pP0aS1dF2gG3hH4jJ5kK6lL7zZ8xX9cC0vB1nN2mQ3wE4rR5tT6yY7uU8iI9oO0pP1aS2dF3gG4hH5jJ6kK7l4hH5jJ6kK7lL8zX9cV0bN1nM2qW3eR4tT5yU6iI7oO8pP9aS0dF1gG2hH3jJ4kK5lL6zZ7xX8cC9vV0bB1nN2mM3qW4eR5tT6yU7iI8oO9pP0aS1dF2gG3hH4jJ5kK6lL7zZ8xX9cC0vB1nN2mQ3wE4rR5tT6yY7uU8iI9oO0pP1aS2dF3gG4hH5jJ6kK7lL8zX9cV0bN1nM2qW3eR4tT5yU6iI7oO8pP9aS0dF1gG2hH3jJ4kK5lL6zZ7xX8cC9vV0bB1nN2mM3qW4eR5tT6yU7iI8oO9pP0aS1dF2gG3hH4jJ5kK6lL7zZ8xX9cC0vB1nN2mQ3wE4rR5tT6yY7uU8iI9oO0pP1aS2dF3gG4hH5jJ6kK7l4hH5jJ6kK7lL8zX9cV0bN1nM2qW3eR4tT5yU6iI7oO8pP9aS0dF1gG2hH3jJ4kK5lL6zZ7xX8cC9vV0bB1nN2mM3qW4eR5tT6yU7iI8oO9pP0aS1dF2gG3hH4jJ5kK6lL7zZ8xX9cC0vB1nN2mQ3wE4rR5tT6yY7uU8iI9oO0pP1aS2dF3gG4hH5jJ6kK7lL8zX9cV0bN1nM2qW3eR4tT5yU6iI7oO8pP9aS0dF1gG2hH3jJ4kK5lL6zZ7xX8cC9vV0bB1nN2mM3qW4eR5tT6yU7iI8oO9pP0aS1dF2gG3hH4jJ5kK6lL7zZ8xX9cC0vB1nN2mQ3wE4rR5tT6yY7uU8iI9oO0pP1aS2dF3gG4hH5jJ6kK7l4hH5jJ6kK7lL8zX9cV0bN1nM2qW3eR4tT5yU6iI7oO8pP9aS0dF1gG2hH3jJ4kK5lL6zZ7xX8cC9vV0bB1nN2mM3qW4eR5tT6yU7iI8oO9pP0aS1dF2gG3hH4jJ5kK6lL7zZ8xX9cC0vB1nN2mQ3wE4rR5tT6yY7uU8iI9oO0pP1aS2dF3gG4hH5jJ6kK7lL8zX9cV0bN1nM2qW3eR4tT5yU6iI7oO8pP9aS0dF1gG2hH3jJ4kK5lL6zZ7xX8cC9vV0bB1nN2mM3qW4eR5tT6yU7iI8oO9pP0aS1dF2gG3hH4jJ5kK6lL7zZ8xX9cC0vB1nN2mQ3wE4rR5tT6yY7uU8iI9oO0pP1aS2dF3gG4hH5jJ6kK7l4hH5jJ6kK7lL8zX9cV0bN1nM2qW3eR4tT5yU6iI7oO8pP9aS0dF1gG2hH3jJ4kK5lL6z7nB9vR2mX8kLp4QjW3tY5zH1aG6sF9dD0fS8gA7hJ6kL5mN4bV3vC2xZ1oP9iU8uY7tT6rR5eE4wW3qQ2aZ1sX2dC3fV4gB5hN6jM7kL8pO9iU0yT1rE2wQ3aS4dF5gG6hH7jJ8kK9lL0zZ1xX2cC3vV4bB5nN6mM7qQ8wW9eE0rR1tT2yY3uU4iI5oO6pP7aA8sS9dD0fF1gG2hH3jJ4kK5lL6zZ7xX8cC9vV0bB1nN2mM3qW4eR5tT6yU7iI8oO9pP0aS1dF2gG3hH4jJ5kK6lL7zZ8xX9cC0vB1nN2mQ3wE4rR5tT6yY7uU8iI9oO0pP1aS2dF3gG4hH5jJ6kK7lL8zX9cV0bN1nM2qW3eR4tT5yU6iI7oO8pP9aS0dF1gG2hH3jJ4kK5lL6zZ7xX8cC9vV0bB1nN2mM3qW4eR5tT6yU7iI8oO9pP0aS1dF2gG3hH4jJ5kK6lL7zZ8xX9cC0vB1nN2mQ3wE4rR5tT6yY7uU8iI9oO0pP1aS2dF3gG4hH5jJ6kK7lL8zX9cV0bN1nM2qW3eR4tT5yU6iI7oO8pP9aS0dF1gG2hH3jJ4kK5lL6zZ7xX8cC9vV0bB1nN2mM3qW4eR5tT6yU7iI8oO9pP0aS1dF2gG3hH4jJ5kK6lL7zZ8xX9cC0vB1nN2mQ3wE4rR5tT6yY7uU8iI9oO0pP1aS2dF3gG4hH5jJ6kK7lL8zX9cV0bN1nM2qW3eR4tT5yU6iI7oO8pP9aS0dF1gG2hH3jJ4kK5lL6zZ7xX8cC9vV0bB1nN2mM3qW4eR5tT6yU7iI8oO9pP0aS1dF2gG3hH4jJ5kK6lL7zZ8xX9cC0vB1nN2mQ3wE4rR5tT6yY7uU8iI9oO0pP1aS2dF3gG4hH5jJ6kK7lL8zX9cV0bN1nM2qW3eR4tT5yU6iI7oO8pP9aS0dF1gG2hH3jJ4kK5lL6zZ7xX8cC9vV0bB1nN2mM3qW4eR5tT6yU7iI8oO9pP0aS1dF2gG3hH4jJ5kK6lL7zZ8xX9cC0vB1nN2mQ3wE4rR5tT6yY7uU8iI9oO0pP1aS2dF3gG4hH5jJ6kK7l4hH5jJ6kK7lL8zX9cV0bN1nM2qW3eR4tT5yU6iI7oO8pP9aS0dF1gG2hH3jJ4kK5lL6zZ7xX8cC9vV0bB1nN2mM3qW4eR5tT6yU7iI8oO9pP0aS1dF2gG3hH4jJ5kK6lL7zZ8xX9cC0vB1nN2mQ3wE4rR5tT6yY7uU8iI9oO0pP1aS2dF3gG4hH5jJ6kK7lL8zX9cV0bN1nM2qW3eR4tT5yU6iI7oO8pP9aS0dF1gG2hH3jJ4kK5lL6zZ7xX8cC9vV0bB1nN2mM3qW4eR5tT6yU7iI8oO9pP0aS1dF2gG3hH4jJ5kK6lL7zZ8xX9cC0vB1nN2mQ3wE4rR5tT6yY7uU8iI9oO0pP1aS2dF3gG4hH5jJ6kK7l4hH5jJ6kK7lL8zX9cV0bN1nM2qW3eR4tT5yU6iI7oO8pP9aS0dF1gG2hH3jJ4kK5lL6zZ7xX8cC9vV0bB1nN2mM3qW4eR5tT6yU7iI8oO9pP0aS1dF2gG3hH4jJ5kK6lL7zZ8xX9cC0vB1nN2mQ3wE4rR5tT6yY7uU8iI9oO0pP1aS2dF3gG4hH5jJ6kK7lL8zX9cV0bN1nM2qW3eR4tT5yU6iI7oO8pP9aS0dF1gG2hH3jJ4kK5lL6zZ7xX8cC9vV0bB1nN2mM3qW4eR5tT6yU7iI8oO9pP0aS1dF2gG3hH4jJ5kK6lL7zZ8xX9cC0vB1nN2mQ3wE4rR5tT6yY7uU8iI9oO0pP1aS2dF3gG4hH5jJ6kK7l4hH5jJ6kK7lL8zX9cV0bN1nM2qW3eR4tT5yU6iI7oO8pP9aS0dF1gG2hH3jJ4kK5lL6zZ7xX8cC9vV0bB1nN2mM3qW4eR5tT6yU7iI8oO9pP0aS1dF2gG3hH4jJ5kK6lL7zZ8xX9cC0vB1nN2mQ3wE4rR5tT6yY7uU8iI9oO0pP1aS2dF3gG4hH5jJ6kK7lL8zX9cV0bN1nM2qW3eR4tT5yU6iI7oO8pP9aS0dF1gG2hH3jJ4kK5lL6zZ7xX8cC9vV0bB1nN2mM3qW4eR5tT6yU7iI8oO9pP0aS1dF2gG3hH4jJ5kK6lL7zZ8xX9cC0vB1nN2mQ3wE4rR5tT6yY7uU8iI9oO0pP1aS2dF3gG4hH5jJ6kK7l4hH5jJ6kK7lL8zX9cV0bN1nM2qW3eR4tT5yU6iI7oO8pP9aS0dF1gG2hH3jJ4kK5lL6zZ7xX8cC9vV0bB1nN2mM3qW4eR5tT6yU7iI8oO9pP0aS1dF2gG3hH4jJ5kK6lL7zZ8xX9cC0vB1nN2mQ3wE4rR5tT6yY7uU8iI9oO0pP1aS2dF3gG4hH5jJ6kK7lL8zX9cV0bN1nM2qW3eR4tT5yU6iI7oO8pP9aS0dF1gG2hH3jJ4kK5lL6zZ7xX8cC9vV0bB1nN2mM3qW4eR5tT6yU7iI8oO9pP0aS1dF2gG3hH4jJ5kK6lL7zZ8xX9cC0vB1nN2mQ3wE4rR5tT6yY7uU8iI9oO0pP1aS2dF3gG4hH5jJ6kK7l4hH5jJ6kK7lL8zX9cV0bN1nM2qW3eR4tT5yU6iI7oO8pP9aS0dF1gG2hH3jJ4kK5lL6zZ7xX8cC9vV0bB1nN2mM3qW4eR5tT6yU7iI8oO9pP0aS1dF2gG3hH4jJ5kK6lL7zZ8xX9cC0vB1nN2mQ3wE4rR5tT6yY7uU8iI9oO0pP1aS2dF3gG4hH5jJ6kK7lL8zX9cV0bN1nM2qW3eR4tT5yU6iI7oO8pP9aS0dF1gG2hH3jJ4kK5lL6zZ7xX8cC9vV0bB1nN2mM3qW4eR5tT6yU7iI8oO9pP0aS1dF2gG3hH4jJ5kK6lL7zZ8xX9cC0vB1nN2mQ3wE4rR5tT6yY7uU8iI9oO0pP1aS2dF3gG4hH5jJ6kK7l4hH5jJ6kK7lL8zX9cV0bN1nM2qW3eR4tT5yU6iI7oO8pP9aS0dF1gG2hH3jJ4kK5lL6zZ7xX8cC9vV0bB1nN2mM3qW4eR5tT6yU7iI8oO9pP0aS1dF2gG3hH4jJ5kK6lL7zZ8xX9cC0vB1nN2mQ3wE4rR5tT6yY7uU8iI9oO0pP1aS2dF3gG4hH5jJ6kK7lL8zX9cV0bN1nM2qW3eR4tT5yU6iI7oO8pP9aS0dF1gG2hH3jJ4kK5lL6zZ7xX8cC9vV0bB1nN2mM3qW4eR5tT6yU7iI8oO9pP0aS1dF2gG3hH4jJ5kK6lL7zZ8xX9cC0vB1nN2mQ3wE4rR5tT6yY7uU8iI9oO0pP1aS2dF3gG4hH5jJ6kK7l4hH5jJ6kK7lL8zX9cV0bN1nM2qW3eR4tT5yU6iI7oO8pP9aS0dF1gG2hH3jJ4kK5lL6zZ7xX8cC9vV0bB1nN2mM3qW4eR5tT6yU7iI8oO9pP0aS1dF2gG3hH4jJ5kK6lL7zZ8xX9cC0vB1nN2mQ3wE4rR5tT6yY7uU8iI9oO0pP1aS2dF3gG4hH5jJ6kK7lL8zX9cV0bN1nM2qW3eR4tT5yU6iI7oO8pP9aS0dF1gG2hH3jJ4kK5lL6zZ7xX8cC9vV0bB1nN2mM3qW4eR5tT6yU7iI8oO9pP0aS1dF2gG3hH4jJ5kK6lL7zZ8xX9cC0vB1nN2mQ3wE4rR5tT6yY7uU8iI9oO0pP1aS2dF3gG4hH5jJ6kK7l4hH5jJ6kK7lL8zX9cV0bN1nM2qW3eR4tT5yU6iI7oO8pP9aS0dF1gG2hH3jJ4kK5lL6z7nB9vR2mX8kLp4QjW3tY5zH1aG6sF9dD0fS8gA7hJ6kL5mN4bV3vC2xZ1oP9iU8uY7tT6rR5eE4wW3qQ2aZ1sX2dC3fV4gB5hN6jM7kL8pO9iU0yT1rE2wQ3aS4dF5gG6hH7jJ8kK9lL0zZ1xX2cC3vV4bB5nN6mM7qQ8wW9eE0rR1tT2yY3uU4iI5oO6pP7aA8sS9dD0fF1gG2hH3jJ4kK5lL6zZ7xX8cC9vV0bB1nN2mM3qW4eR5tT6yU7iI8oO9pP0aS1dF2gG3hH4jJ5kK6lL7zZ8xX9cC0vB1nN2mQ3wE4rR5tT6yY7uU8iI9oO0pP1aS2dF3gG4hH5jJ6kK7lL8zX9cV0bN1nM2qW3eR4tT5yU6iI7oO8pP9aS0dF1gG2hH3jJ4kK5lL6zZ7xX8cC9vV0bB1nN2mM3qW4eR5tT6yU7iI8oO9pP0aS1dF2gG3hH4jJ5kK6lL7zZ8xX9cC0vB1nN2mQ3wE4rR5tT6yY7uU8iI9oO0pP1aS2dF3gG4hH5jJ6kK7lL8zX9cV0bN1nM2qW3eR4tT5yU6iI7oO8pP9aS0dF1gG2hH3jJ4kK5lL6zZ7xX8cC9vV0bB1nN2mM3qW4eR5tT6yU7iI8oO9pP0aS1dF2gG3hH4jJ5kK6lL7zZ8xX9cC0vB1nN2mQ3wE4rR5tT6yY7uU8iI9oO0pP1aS2dF3gG4hH5jJ6kK7lL8zX9cV0bN1nM2qW3eR4tT5yU6iI7oO8pP9aS0dF1gG2hH3jJ4kK5lL6zZ7xX8cC9vV0bB1nN2mM3qW4eR5tT6yU7iI8oO9pP0aS1dF2gG3hH4jJ5kK6lL7zZ8xX9cC0vB1nN2mQ3wE4rR5tT6yY7uU8iI9oO0pP1aS2dF3gG4hH5jJ6kK7lL8zX9cV0bN1nM2qW3eR4tT5yU6iI7oO8pP9aS0dF1gG2hH3jJ4kK5lL6zZ7xX8cC9vV0bB1nN2mM3qW4eR5tT6yU7iI8oO9pP0aS1dF2gG3hH4jJ5kK6lL7zZ8xX9cC0vB1nN2mQ3wE4rR5tT6yY7uU8iI9oO0pP1aS2dF3gG4hH5jJ6kK7l4hH5jJ6kK7lL8zX9cV0bN1nM2qW3eR4tT5yU6iI7oO8pP9aS0dF1gG2hH3jJ4kK5lL6zZ7xX8cC9vV0bB1nN2mM3qW4eR5tT6yU7iI8oO9pP0aS1dF2gG3hH4jJ5kK6lL7zZ8xX9cC0vB1nN2mQ3wE4rR5tT6yY7uU8iI9oO0pP1aS2dF3gG4hH5jJ6kK7lL8zX9cV0bN1nM2qW3eR4tT5yU6iI7oO8pP9aS0dF1gG2hH3jJ4kK5lL6zZ7xX8cC9vV0bB1nN2mM3qW4eR5tT6yU7iI8oO9pP0aS1dF2gG3hH4jJ5kK6lL7zZ8xX9cC0vB1nN2mQ3wE4rR5tT6yY7uU8iI9oO0pP1aS2dF3gG4hH5jJ6kK7l4hH5jJ6kK7lL8zX9cV0bN1nM2qW3eR4tT5yU6iI7oO8pP9aS0dF1gG2hH3jJ4kK5lL6zZ7xX8cC9vV0bB1nN2mM3qW4eR5tT6yU7iI8oO9pP0aS1dF2gG3hH4jJ5kK6lL7zZ8xX9cC0vB1nN2mQ3wE4rR5tT6yY7uU8iI9oO0pP1aS2dF3gG4hH5jJ6kK7lL8zX9cV0bN1nM2qW3eR4tT5yU6iI7oO8pP9aS0dF1gG2hH3jJ4kK5lL6zZ7xX8cC9vV0bB1nN2mM3qW4eR5tT6yU7iI8oO9pP0aS1dF2gG3hH4jJ5kK6lL7zZ8xX9cC0vB1nN2mQ3wE4rR5tT6yY7uU8iI9oO0pP1aS2dF3gG4hH5jJ6kK7l4hH5jJ6kK7lL8zX9cV0bN1nM2qW3eR4tT5yU6iI7oO8pP9aS0dF1gG2hH3jJ4kK5lL6zZ7xX8cC9vV0bB1nN2mM3qW4eR5tT6yU7iI8oO9pP0aS1dF2gG3hH4jJ5kK6lL7zZ8xX9cC0vB1nN2mQ3wE4rR5tT6yY7uU8iI9oO0pP1aS2dF3gG4hH5jJ6kK7lL8zX9cV0bN1nM2qW3eR4tT5yU6iI7oO8pP9aS0dF1gG2hH3jJ4kK5lL6zZ7xX8cC9vV0bB1nN2mM3qW4eR5tT6yU7iI8oO9pP0aS1dF2gG3hH4jJ5kK6lL7zZ8xX9cC0vB1nN2mQ3wE4rR5tT6yY7uU8iI9oO0pP1aS2dF3gG4hH5jJ6kK7l4hH5jJ6kK7lL8zX9cV0bN1nM2qW3eR4tT5yU6iI7oO8pP9aS0dF1gG2hH3jJ4kK5lL6zZ7xX8cC9vV0bB1nN2mM3qW4eR5tT6yU7iI8oO9pP0aS1dF2gG3hH4jJ5kK6lL7zZ8xX9cC0vB1nN2mQ3wE4rR5tT6yY7uU8iI9oO0pP1aS2dF3gG4hH5jJ6kK7lL8zX9cV0bN1nM2qW3eR4tT5yU6iI7oO8pP9aS0dF1gG2hH3jJ4kK5lL6zZ7xX8cC9vV0bB1nN2mM3qW4eR5tT6yU7iI8oO9pP0aS1dF2gG3hH4jJ5kK6lL7zZ8xX9cC0vB1nN2mQ3wE4rR5tT6yY7uU8iI9oO0pP1aS2dF3gG4hH5jJ6kK7l4hH5jJ6kK7lL8zX9cV0bN1nM2qW3eR4tT5yU6iI7oO8pP9aS0dF1gG2hH3jJ4kK5lL6zZ7xX8cC9vV0bB1nN2mM3qW4eR5tT6yU7iI8oO9pP0aS1dF2gG3hH4jJ5kK6lL7zZ8xX9cC0vB1nN2mQ3wE4rR5tT6yY7uU8iI9oO0pP1aS2dF3gG4hH5jJ6kK7lL8zX9cV0bN1nM2qW3eR4tT5yU6iI7oO8pP9aS0dF1gG2hH3jJ4kK5lL6zZ7xX8cC9vV0bB1nN2mM3qW4eR5tT6yU7iI8oO9pP0aS1dF2gG3hH4jJ5kK6lL7zZ8xX9cC0vB1nN2mQ3wE4rR5tT6yY7uU8iI9oO0pP1aS2dF3gG4hH5jJ6kK7l4hH5jJ6kK7lL8zX9cV0bN1nM2qW3eR4tT5yU6iI7oO8pP9aS0dF1gG2hH3jJ4kK5lL6zZ7xX8cC9vV0bB1nN2mM3qW4eR5tT6yU7iI8oO9pP0aS1dF2gG3hH4jJ5kK6lL7zZ8xX9cC0vB1nN2mQ3wE4rR5tT6yY7uU8iI9oO0pP1aS2dF3gG4hH5jJ6kK7lL8zX9cV0bN1nM2qW3eR4tT5yU6iI7oO8pP9aS0dF1gG2hH3jJ4kK5lL6zZ7xX8cC9vV0bB1nN2mM3qW4eR5tT6yU7iI8oO9pP0aS1dF2gG3hH4jJ5kK6lL7zZ8xX9cC0vB1nN2mQ3wE4rR5tT6yY7uU8iI9oO0pP1aS2dF3gG4hH5jJ6kK7l4hH5jJ6kK7lL8zX9cV0bN1nM2qW3eR4tT5yU6iI7oO8pP9aS0dF1gG2hH3jJ4kK5lL6zZ7xX8cC9vV0bB1nN2mM3qW4eR5tT6yU7iI8oO9pP0aS1dF2gG3hH4jJ5kK6lL7zZ8xX9cC0vB1nN2mQ3wE4rR5tT6yY7uU8iI9oO0pP1aS2dF3gG4hH5jJ6kK7lL8zX9cV0bN1nM2qW3eR4tT5yU6iI7oO8pP9aS0dF1gG2hH3jJ4kK5lL6zZ7xX8cC9vV0bB1nN2mM3qW4eR5tT6yU7iI8oO9pP0aS1dF2gG3hH4jJ5kK6lL7zZ8xX9cC0vB1nN2mQ3wE4rR5tT6yY7uU8iI9oO0pP1aS2dF3gG4hH5jJ6kK7l4hH5jJ6kK7lL8zX9cV0bN1nM2qW3eR4tT5yU6iI7oO8pP9aS0dF1gG2hH3jJ4kK5lL6z7nB9vR2mX8kLp4QjW3tY5zH1aG6sF9dD0fS8gA7hJ6kL5mN4bV3vC2xZ1oP9iU8uY7tT6rR5eE4wW3qQ2aZ1sX2dC3fV4gB5hN6jM7kL8pO9iU0yT1rE2wQ3aS4dF5gG6hH7jJ8kK9lL0zZ1xX2cC3vV4bB5nN6mM7qQ8wW9eE0rR1tT2yY3uU4iI5oO6pP7aA8sS9dD0fF1gG2hH3jJ4kK5lL6zZ7xX8cC9vV0bB1nN2mM3qW4eR5tT6yU7iI8oO9pP0aS1dF2gG3hH4jJ5kK6lL7zZ8xX9cC0vB1nN2mQ3wE4rR5tT6yY7uU8iI9oO0pP1aS2dF3gG4hH5jJ6kK7lL8zX9cV0bN1nM2qW3eR4tT5yU6iI7oO8pP9aS0dF1gG2hH3jJ4kK5lL6zZ7xX8cC9vV0bB1nN2mM3qW4eR5tT6yU7iI8oO9pP0aS1dF2gG3hH4jJ5kK6lL7zZ8xX9cC0vB1nN2mQ3wE4rR5tT6yY7uU8iI9oO0pP1aS2dF3gG4hH5jJ6kK7lL8zX9cV0bN1nM2qW3eR4tT5yU6iI7oO8pP9aS0dF1gG2hH3jJ4kK5lL6zZ7xX8cC9vV0bB1nN2mM3qW4eR5tT6yU7iI8oO9pP0aS1dF2gG3hH4jJ5kK6lL7zZ8xX9cC0vB1nN2mQ3wE4rR5tT6yY7uU8iI9oO0pP1aS2dF3gG4hH5jJ6kK7lL8zX9cV0bN1nM2qW3eR4tT5yU6iI7oO8pP9aS0dF1gG2hH3jJ4kK5lL6zZ7xX8cC9vV0bB1nN2mM3qW4eR5tT6yU7iI8oO9pP0aS1dF2gG3hH4jJ5kK6lL7zZ8xX9cC0vB1nN2mQ3wE4rR5tT6yY7uU8iI9oO0pP1aS2dF3gG4hH5jJ6kK7lL8zX9cV0bN1nM2qW3eR4tT5yU6iI7oO8pP9aS0dF1gG2hH3jJ4kK5lL6zZ7xX8cC9vV0bB1nN2mM3qW4eR5tT6yU7iI8oO9pP0aS1dF2gG3hH4jJ5kK6lL7zZ8xX9cC0vB1nN2mQ3wE4rR5tT6yY7uU8iI9oO0pP1aS2dF3gG4hH5jJ6kK7l4hH5jJ6kK7lL8zX9cV0bN1nM2qW3eR4tT5yU6iI7oO8pP9aS0dF1gG2hH3jJ4kK5lL6zZ7xX8cC9vV0bB1nN2mM3qW4eR5tT6yU7iI8oO9pP0aS1dF2gG3hH4jJ5kK6lL7zZ8xX9cC0vB1nN2mQ3wE4rR5tT6yY7uU8iI9oO0pP1aS2dF3gG4hH5jJ6kK7lL8zX9cV0bN1nM2qW3eR4tT5yU6iI7oO8pP9aS0dF1gG2hH3jJ4kK5lL6zZ7xX8cC9vV0bB1nN2mM3qW4eR5tT6yU7iI8oO9pP0aS1dF2gG3hH4jJ5kK6lL7zZ8xX9cC0vB1nN2mQ3wE4rR5tT6yY7uU8iI9oO0pP1aS2dF3gG4hH5jJ6kK7l4hH5jJ6kK7lL8zX9cV0bN1nM2qW3eR4tT5yU6iI7oO8pP9aS0dF1gG2hH3jJ4kK5lL6zZ7xX8cC9vV0bB1nN2mM3qW4eR5tT6yU7iI8oO9pP0aS1dF2gG3hH4jJ5kK6lL7zZ8xX9cC0vB1nN2mQ3wE4rR5tT6yY7uU8iI9oO0pP1aS2dF3gG4hH5jJ6kK7lL8zX9cV0bN1nM2qW3eR4tT5yU6iI7oO8pP9aS0dF1gG2hH3jJ4kK5lL6zZ7xX8cC9vV0bB1nN2mM3qW4eR5tT6yU7iI8oO9pP0aS1dF2gG3hH4jJ5kK6lL7zZ8xX9cC0vB1nN2mQ3wE4rR5tT6yY7uU8iI9oO0pP1aS2dF3gG4hH5jJ6kK7l4hH5jJ6kK7lL8zX9cV0bN1nM2qW3eR4tT5yU6iI7oO8pP9aS0dF1gG2hH3jJ4kK5lL6zZ7xX8cC9vV0bB1nN2mM3qW4eR5tT6yU7iI8oO9pP0aS1dF2gG3hH4jJ5kK6lL7zZ8xX9cC0vB1nN2mQ3wE4rR5tT6yY7uU8iI9oO0pP1aS2dF3gG4hH5jJ6kK7lL8zX9cV0bN1nM2qW3eR4tT5yU6iI7oO8pP9aS0dF1gG2hH3jJ4kK5lL6zZ7xX8cC9vV0bB1nN2mM3qW4eR5tT6yU7iI8oO9pP0aS1dF2gG3hH4jJ5kK6lL7zZ8xX9cC0vB1nN2mQ3wE4rR5tT6yY7uU8iI9oO0pP1aS2dF3gG4hH5jJ6kK7l4hH5jJ6kK7lL8zX9cV0bN1nM2qW3eR4tT5yU6iI7oO8pP9aS0dF1gG2hH3jJ4kK5lL6zZ7xX8cC9vV0bB1nN2mM3qW4eR5tT6yU7iI8oO9pP0aS1dF2gG3hH4jJ5kK6lL7zZ8xX9cC0vB1nN2mQ3wE4rR5tT6yY7uU8iI9oO0pP1aS2dF3gG4hH5jJ6kK7lL8zX9cV0bN1nM2qW3eR4tT5yU6iI7oO8pP9aS0dF1gG2hH3jJ4kK5lL6zZ7xX8cC9vV0bB1nN2mM3qW4eR5tT6yU7iI8oO9pP0aS1dF2gG3hH4jJ5kK6lL7zZ8xX9cC0vB1nN2mQ3wE4rR5tT6yY7uU8iI9oO0pP1aS2dF3gG4hH5jJ6kK7l4hH5jJ6kK7lL8zX9cV0bN1nM2qW3eR4tT5yU6iI7oO8pP9aS0dF1gG2hH3jJ4kK5lL6zZ7xX8cC9vV0bB1nN2mM3qW4eR5tT6yU7iI8oO9pP0aS1dF2gG3hH4jJ5kK6lL7zZ8xX9cC0vB1nN2mQ3wE4rR5tT6yY7uU8iI9oO0pP1aS2dF3gG4hH5jJ6kK7lL8zX9cV0bN1nM2qW3eR4tT5yU6iI7oO8pP9aS0dF1gG2hH3jJ4kK5lL6zZ7xX8cC9vV0bB1nN2mM3qW4eR5tT6yU7iI8oO9pP0aS1dF2gG3hH4jJ5kK6lL7zZ8xX9cC0vB1nN2mQ3wE4rR5tT6yY7uU8iI9oO0pP1aS2dF3gG4hH5jJ6kK7l4hH5jJ6kK7lL8zX9cV0bN1nM2qW3eR4tT5yU6iI7oO8pP9aS0dF1gG2hH3jJ4kK5lL6zZ7xX8cC9vV0bB1nN2mM3qW4eR5tT6yU7iI8oO9pP0aS1dF2gG3hH4jJ5kK6lL7zZ8xX9cC0vB1nN2mQ3wE4rR5tT6yY7uU8iI9oO0pP1aS2dF3gG4hH5jJ6kK7lL8zX9cV0bN1nM2qW3eR4tT5yU6iI7oO8pP9aS0dF1gG2hH3jJ4kK5lL6zZ7xX8cC9vV0bB1nN2mM3qW4eR5tT6yU7iI8oO9pP0aS1dF2gG3hH4jJ5kK6lL7zZ8xX9cC0vB1nN2mQ3wE4rR5tT6yY7uU8iI9oO0pP1aS2dF3gG4hH5jJ6kK7l4hH5jJ6kK7lL8zX9cV0bN1nM2qW3eR4tT5yU6iI7oO8pP9aS0dF1gG2hH3jJ4kK5lL6zZ7xX8cC9vV0bB1nN2mM3qW4eR5tT6yU7iI8oO9pP0aS1dF2gG3hH4jJ5kK6lL7zZ8xX9cC0vB1nN2mQ3wE4rR5tT6yY7uU8iI9oO0pP1aS2dF3gG4hH5jJ6kK7lL8zX9cV0bN1nM2qW3eR4tT5yU6iI7oO8pP9aS0dF1gG2hH3jJ4kK5lL6zZ7xX8cC9vV0bB1nN2mM3qW4eR5tT6yU7iI8oO9pP0aS1dF2gG3hH4jJ5kK6lL7zZ8xX9cC0vB1nN2mQ3wE4rR5tT6yY7uU8iI9oO0pP1aS2dF3gG4hH5jJ6kK7l4hH5jJ6kK7lL8zX9cV0bN1nM2qW3eR4tT5yU6iI7oO8pP9aS0dF1gG2hH3jJ4kK5lL6z7nB9vR2mX8kLp4QjW3tY5zH1aG6sF9dD0fS8gA7hJ6kL5mN4bV3vC2xZ1oP9iU8uY7tT6rR5eE4wW3qQ2aZ1sX2dC3fV4gB5hN6jM7kL8pO9iU0yT1rE2wQ3aS4dF5gG6hH7jJ8kK9lL0zZ1xX2cC3vV4bB5nN6mM7qQ8wW9eE0rR1tT2yY3uU4iI5oO6pP7aA8sS9dD0fF1gG2hH3jJ4kK5lL6zZ7xX8cC9vV0bB1nN2mM3qW4eR5tT6yU7iI8oO9pP0aS1dF2gG3hH4jJ5kK6lL7zZ8xX9cC0vB1nN2mQ3wE4rR5tT6yY7uU8iI9oO0pP1aS2dF3gG4hH5jJ6kK7lL8zX9cV0bN1nM2qW3eR4tT5yU6iI7oO8pP9aS0dF1gG2hH3jJ4kK5lL6zZ7xX8cC9vV0bB1nN2mM3qW4eR5tT6yU7iI8oO9pP0aS1dF2gG3hH4jJ5kK6lL7zZ8xX9cC0vB1nN2mQ3wE4rR5tT6yY7uU8iI9oO0pP1aS2dF3gG4hH5jJ6kK7lL8zX9cV0bN1nM2qW3eR4tT5yU6iI7oO8pP9aS0dF1gG2hH3jJ4kK5lL6zZ7xX8cC9vV0bB1nN2mM3qW4eR5tT6yU7iI8oO9pP0aS1dF2gG3hH4jJ5kK6lL7zZ8xX9cC0vB1nN2mQ3wE4rR5tT6yY7uU8iI9oO0pP1aS2dF3gG4hH5jJ6kK7lL8zX9cV0bN1nM2qW3eR4tT5yU6iI7oO8pP9aS0dF1gG2hH3jJ4kK5lL6zZ7xX8cC9vV0bB1nN2mM3qW4eR5tT6yU7iI8oO9pP0aS1dF2gG3hH4jJ5kK6lL7zZ8xX9cC0vB1nN2mQ3wE4rR5tT6yY7uU8iI9oO0pP1aS2dF3gG4hH5jJ6kK7lL8zX9cV0bN1nM2qW3eR4tT5yU6iI7oO8pP9aS0dF1gG2hH3jJ4kK5lL6zZ7xX8cC9vV0bB1nN2mM3qW4eR5tT6yU7iI8oO9pP0aS1dF2gG3hH4jJ5kK6lL7zZ8xX9cC0vB1nN2mQ3wE4rR5tT6yY7uU8iI9oO0pP1aS2dF3gG4hH5jJ6kK7l4hH5jJ6kK7lL8zX9cV0bN1nM2qW3eR4tT5yU6iI7oO8pP9aS0dF1gG2hH3jJ4kK5lL6zZ7xX8cC9vV0bB1nN2mM3qW4eR5tT6yU7iI8oO9pP0aS1dF2gG3hH4jJ5kK6lL7zZ8xX9cC0vB1nN2mQ3wE4rR5tT6yY7uU8iI9oO0pP1aS2dF3gG4hH5jJ6kK7lL8zX9cV0bN1nM2qW3eR4tT5yU6iI7oO8pP9aS0dF1gG2hH3jJ4kK5lL6zZ7xX8cC9vV0bB1nN2mM3qW4eR5tT6yU7iI8oO9pP0aS1dF2gG3hH4jJ5kK6lL7zZ8xX9cC0vB1nN2mQ3wE4rR5tT6yY7uU8iI9oO0pP1aS2dF3gG4hH5jJ6kK7l4hH5jJ6kK7lL8zX9cV0bN1nM2qW3eR4tT5yU6iI7oO8pP9aS0dF1gG2hH3jJ4kK5lL6zZ7xX8cC9vV0bB1nN2mM3qW4eR5tT6yU7iI8oO9pP0aS1dF2gG3hH4jJ5kK6lL7zZ8xX9cC0vB1nN2mQ3wE4rR5tT6yY7uU8iI9oO0pP1aS2dF3gG4hH5jJ6kK7lL8zX9cV0bN1nM2qW3eR4tT5yU6iI7oO8pP9aS0dF1gG2hH3jJ4kK5lL6zZ7xX8cC9vV0bB1nN2mM3qW4eR5tT6yU7iI8oO9pP0aS1dF2gG3hH4jJ5kK6lL7zZ8xX9cC0vB1nN2mQ3wE4rR5tT6yY7uU8iI9oO0pP1aS2dF3gG4hH5jJ6kK7l4hH5jJ6kK7lL8zX9cV0bN1nM2qW3eR4tT5yU6iI7oO8pP9aS0dF1gG2hH3jJ4kK5lL6zZ7xX8cC9vV0bB1nN2mM3qW4eR5tT6yU7iI8oO9pP0aS1dF2gG3hH4jJ5kK6lL7zZ8xX9cC0vB1nN2mQ3wE4rR5tT6yY7uU8iI9oO0pP1aS2dF3gG4hH5jJ6kK7lL8zX9cV0bN1nM2qW3eR4tT5yU6iI7oO8pP9aS0dF1gG2hH3jJ4kK5lL6zZ7xX8cC9vV0bB1nN2mM3qW4eR5tT6yU7iI8oO9pP0aS1dF2gG3hH4jJ5kK6lL7zZ8xX9cC0vB1nN2mQ3wE4rR5tT6yY7uU8iI9oO0pP1aS2dF3gG4hH5jJ6kK7l4hH5jJ6kK7lL8zX9cV0bN1nM2qW3eR4tT5yU6iI7oO8pP9aS0dF1gG2hH3jJ4kK5lL6zZ7xX8cC9vV0bB1nN2mM3qW4eR5tT6yU7iI8oO9pP0aS1dF2gG3hH4jJ5kK6lL7zZ8xX9cC0vB1nN2mQ3wE4rR5tT6yY7uU8iI9oO0pP1aS2dF3gG4hH5jJ6kK7lL8zX9cV0bN1nM2qW3eR4tT5yU6iI7oO8pP9aS0dF1gG2hH3jJ4kK5lL6zZ7xX8cC9vV0bB1nN2mM3qW4eR5tT6yU7iI8oO9pP0aS1dF2gG3hH4jJ5kK6lL7zZ8xX9cC0vB1nN2mQ3wE4rR5tT6yY7uU8iI9oO0pP1aS2dF3gG4hH5jJ6kK7l4hH5jJ6kK7lL8zX9cV0bN1nM2qW3eR4tT5yU6iI7oO8pP9aS0dF1gG2hH3jJ4kK5lL6zZ7xX8cC9vV0bB1nN2mM3qW4eR5tT6yU7iI8oO9pP0aS1dF2gG3hH4jJ5kK6lL7zZ8xX9cC0vB1nN2mQ3wE4rR5tT6yY7uU8iI9oO0pP1aS2dF3gG4hH5jJ6kK7lL8zX9cV0bN1nM2qW3eR4tT5yU6iI7oO8pP9aS0dF1gG2hH3jJ4kK5lL6zZ7xX8cC9vV0bB1nN2mM3qW4eR5tT6yU7iI8oO9pP0aS1dF2gG3hH4jJ5kK6lL7zZ8xX9cC0vB1nN2mQ3wE4rR5tT6yY7uU8iI9oO0pP1aS2dF3gG4hH5jJ6kK7l4hH5jJ6kK7lL8zX9cV0bN1nM2qW3eR4tT5yU6iI7oO8pP9aS0dF1gG2hH3jJ4kK5lL6zZ7xX8cC9vV0bB1nN2mM3qW4eR5tT6yU7iI8oO9pP0aS1dF2gG3hH4jJ5kK6lL7zZ8xX9cC0vB1nN2mQ3wE4rR5tT6yY7uU8iI9oO0pP1aS2dF3gG4hH5jJ6kK7lL8zX9cV0bN1nM2qW3eR4tT5yU6iI7oO8pP9aS0dF1gG2hH3jJ4kK5lL6zZ7xX8cC9vV0bB1nN2mM3qW4eR5tT6yU7iI8oO9pP0aS1dF2gG3hH4jJ5kK6lL7zZ8xX9cC0vB1nN2mQ3wE4rR5tT6yY7uU8iI9oO0pP1aS2dF3gG4hH5jJ6kK7l4hH5jJ6kK7lL8zX9cV0bN1nM2qW3eR4tT5yU6iI7oO8pP9aS0dF1gG2hH3jJ4kK5lL6zZ7xX8cC9vV0bB1nN2mM3qW4eR5tT6yU7iI8oO9pP0aS1dF2gG3hH4jJ5kK6lL7zZ8xX9cC0vB1nN2mQ3wE4rR5tT6yY7uU8iI9oO0pP1aS2dF3gG4hH5jJ6kK7lL8zX9cV0bN1nM2qW3eR4tT5yU6iI7oO8pP9aS0dF1gG2hH3jJ4kK5lL6zZ7xX8cC9vV0bB1nN2mM3qW4eR5tT6yU7iI8oO9pP0aS1dF2gG3hH4jJ5kK6lL7zZ8xX9cC0vB1nN2mQ3wE4rR5tT6yY7uU8iI9oO0pP1aS2dF3gG4hH5jJ6kK7l4hH5jJ6kK7lL8zX9cV0bN1nM2qW3eR4tT5yU6iI7oO8pP9aS0dF1gG2hH3jJ4kK5lL6z7nB9vR2mX8kLp4QjW3tY5zH1aG6sF9dD0fS8gA7hJ6kL5mN4bV3vC2xZ1oP9iU8uY7tT6rR5eE4wW3qQ2aZ1sX2dC3fV4gB5hN6jM7kL8pO9iU0yT1rE2wQ3aS4dF5gG6hH7jJ8kK9lL0zZ1xX2cC3vV4bB5nN6mM7qQ8wW9eE0rR1tT2yY3uU4iI5oO6pP7aA8sS9dD0fF1gG2hH3jJ4kK5lL6zZ7xX8cC9vV0bB1nN2mM3qW4eR5tT6yU7iI8oO9pP0aS1dF2gG3hH4jJ5kK6lL7zZ8xX9cC0vB1nN2mQ3wE4rR5tT6yY7uU8iI9oO0pP1aS2dF3gG4hH5jJ6kK7lL8zX9cV0bN1nM2qW3eR4tT5yU6iI7oO8pP9aS0dF1gG2hH3jJ4kK5lL6zZ7xX8cC9vV0bB1nN2mM3qW4eR5tT6yU7iI8oO9pP0aS1dF2gG3hH4jJ5kK6lL7zZ8xX9cC0vB1nN2mQ3wE4rR5tT6yY7uU8iI9oO0pP1aS2dF3gG4hH5jJ6kK7lL8zX9cV0bN1nM2qW3eR4tT5yU6iI7oO8pP9aS0dF1gG2hH3jJ4kK5lL6zZ7xX8cC9vV0bB1nN2mM3qW4eR5tT6yU7iI8oO9pP0aS1dF2gG3hH4jJ5kK6lL7zZ8xX9cC0vB1nN2mQ3wE4rR5tT6yY7uU8iI9oO0pP1aS2dF3gG4hH5jJ6kK7lL8zX9cV0bN1nM2qW3eR4tT5yU6iI7oO8pP9aS0dF1gG2hH3jJ4kK5lL6zZ7xX8cC9vV0bB1nN2mM3qW4eR5tT6yU7iI8oO9pP0aS1dF2gG3hH4jJ5kK6lL7zZ8xX9cC0vB1nN2mQ3wE4rR5tT6yY7uU8iI9oO0pP1aS2dF3gG4hH5jJ6kK7lL8zX9cV0bN1nM2qW3eR4tT5yU6iI7oO8pP9aS0dF1gG2hH3jJ4kK5lL6zZ7xX8cC9vV0bB1nN2mM3qW4eR5tT6yU7iI8oO9pP0aS1dF2gG3hH4jJ5kK6lL7zZ8xX9cC0vB1nN2mQ3wE4rR5tT6yY7uU8iI9oO0pP1aS2dF3gG4hH5jJ6kK7l4hH5jJ6kK7lL8zX9cV0bN1nM2qW3eR4tT5yU6iI7oO8pP9aS0dF1gG2hH3jJ4kK5lL6zZ7xX8cC9vV0bB1nN2mM3qW4eR5tT6yU7iI8oO9pP0aS1dF2gG3hH4jJ5kK6lL7zZ8xX9cC0vB1nN2mQ3wE4rR5tT6yY7uU8iI9oO0pP1aS2dF3gG4hH5jJ6kK7lL8zX9cV0bN1nM2qW3eR4tT5yU6iI7oO8pP9aS0dF1gG2hH3jJ4kK5lL6zZ7xX8cC9vV0bB1nN2mM3qW4eR5tT6yU7iI8oO9pP0aS1dF2gG3hH4jJ5kK6lL7zZ8xX9cC0vB1nN2mQ3wE4rR5tT6yY7uU8iI9oO0pP1aS2dF3gG4hH5jJ6kK7l4hH5jJ6kK7lL8zX9cV0bN1nM2qW3eR4tT5yU6iI7oO8pP9aS0dF1gG2hH3jJ4kK5lL6zZ7xX8cC9vV0bB1nN2mM3qW4eR5tT6yU7iI8oO9pP0aS1dF2gG3hH4jJ5kK6lL7zZ8xX9cC0vB1nN2mQ3wE4rR5tT6yY7uU8iI9oO0pP1aS2dF3gG4hH5jJ6kK7lL8zX9cV0bN1nM2qW3eR4tT5yU6iI7oO8pP9aS0dF1gG2hH3jJ4kK5lL6zZ7xX8cC9vV0bB1nN2mM3qW4eR5tT6yU7iI8oO9pP0aS1dF2gG3hH4jJ5kK6lL7zZ8xX9cC0vB1nN2mQ3wE4rR5tT6yY7uU8iI9oO0pP1aS2dF3gG4hH5jJ6kK7l4hH5jJ6kK7lL8zX9cV0bN1nM2qW3eR4tT5yU6iI7oO8pP9aS0dF1gG2hH3jJ4kK5lL6zZ7xX8cC9vV0bB1nN2mM3qW4eR5tT6yU7iI8oO9pP0aS1dF2gG3hH4jJ5kK6lL7zZ8xX9cC0vB1nN2mQ3wE4rR5tT6yY7uU8iI9oO0pP1aS2dF3gG4hH5jJ6kK7lL8zX9cV0bN1nM2qW3eR4tT5yU6iI7oO8pP9aS0dF1gG2hH3jJ4kK5lL6zZ7xX8cC9vV0bB1nN2mM3qW4eR5tT6yU7iI8oO9pP0aS1dF2gG3hH4jJ5kK6lL7zZ8xX9cC0vB1nN2mQ3wE4rR5tT6yY7uU8iI9oO0pP1aS2dF3gG4hH5jJ6kK7l4hH5jJ6kK7lL8zX9cV0bN1nM2qW3eR4tT5yU6iI7oO8pP9aS0dF1gG2hH3jJ4kK5lL6zZ7xX8cC9vV0bB1nN2mM3qW4eR5tT6yU7iI8oO9pP0aS1dF2gG3hH4jJ5kK6lL7zZ8xX9cC0vB1nN2mQ3wE4rR5tT6yY7uU8iI9oO0pP1aS2dF3gG4hH5jJ6kK7lL8zX9cV0bN1nM2qW3eR4tT5yU6iI7oO8pP9aS0dF1gG2hH3jJ4kK5lL6zZ7xX8cC9vV0bB1nN2mM3qW4eR5tT6yU7iI8oO9pP0aS1dF2gG3hH4jJ5kK6lL7zZ8xX9cC0vB1nN2mQ3wE4rR5tT6yY7uU8iI9oO0pP1aS2dF3gG4hH5jJ6kK7l4hH5jJ6kK7lL8zX9cV0bN1nM2qW3eR4tT5yU6iI7oO8pP9aS0dF1gG2hH3jJ4kK5lL6zZ7xX8cC9vV0bB1nN2mM3qW4eR5tT6yU7iI8oO9pP0aS1dF2gG3hH4jJ5kK6lL7zZ8xX9cC0vB1nN2mQ3wE4rR5tT6yY7uU8iI9oO0pP1aS2dF3gG4hH5jJ6kK7lL8zX9cV0bN1nM2qW3eR4tT5yU6iI7oO8pP9aS0dF1gG2hH3jJ4kK5lL6zZ7xX8cC9vV0bB1nN2mM3qW4eR5tT6yU7iI8oO9pP0aS1dF2gG3hH4jJ5kK6lL7zZ8xX9cC0vB1nN2mQ3wE4rR5tT6yY7uU8iI9oO0pP1aS2dF3gG4hH5jJ6kK7l4hH5jJ6kK7lL8zX9cV0bN1nM2qW3eR4tT5yU6iI7oO8pP9aS0dF1gG2hH3jJ4kK5lL6zZ7xX8cC9vV0bB1nN2mM3qW4eR5tT6yU7iI8oO9pP0aS1dF2gG3hH4jJ5kK6lL7zZ8xX9cC0vB1nN2mQ3wE4rR5tT6yY7uU8iI9oO0pP1aS2dF3gG4hH5jJ6kK7lL8zX9cV0bN1nM2qW3eR4tT5yU6iI7oO8pP9aS0dF1gG2hH3jJ4kK5lL6zZ7xX8cC9vV0bB1nN2mM3qW4eR5tT6yU7iI8oO9pP0aS1dF2gG3hH4jJ5kK6lL7zZ8xX9cC0vB1nN2mQ3wE4rR5tT6yY7uU8iI9oO0pP1aS2dF3gG4hH5jJ6kK7l4hH5jJ6kK7lL8zX9cV0bN1nM2qW3eR4tT5yU6iI7oO8pP9aS0dF1gG2hH3jJ4kK5lL6zZ7xX8cC9vV0bB1nN2mM3qW4eR5tT6yU7iI8oO9pP0aS1dF2gG3hH4jJ5kK6lL7zZ8xX9cC0vB1nN2mQ3wE4rR5tT6yY7uU8iI9oO0pP1aS2dF3gG4hH5jJ6kK7lL8zX9cV0bN1nM2qW3eR4tT5yU6iI7oO8pP9aS0dF1gG2hH3jJ4kK5lL6zZ7xX8cC9vV0bB1nN2mM3qW4eR5tT6yU7iI8oO9pP0aS1dF2gG3hH4jJ5kK6lL7zZ8xX9cC0vB1nN2mQ3wE4rR5tT6yY7uU8iI9oO0pP1aS2dF3gG4hH5jJ6kK7l4hH5jJ6kK7lL8zX9cV0bN1nM2qW3eR4tT5yU6iI7oO8pP9aS0dF1gG2hH3jJ4kK5lL6z7nB9vR2mX8kLp4QjW3tY5zH1aG6sF9dD0fS8gA7hJ6kL5mN4bV3vC2xZ1oP9iU8uY7tT6rR5eE4wW3qQ2aZ1sX2dC3fV4gB5hN6jM7kL8pO9iU0yT1rE2wQ3aS4dF5gG6hH7jJ8kK9lL0zZ1xX2cC3vV4bB5nN6mM7qQ8wW9eE0rR1tT2yY3uU4iI5oO6pP7aA8sS9dD0fF1gG2hH3jJ4kK5lL6zZ7xX8cC9vV0bB1nN2mM3qW4eR5tT6yU7iI8oO9pP0aS1dF2gG3hH4jJ5kK6lL7zZ8xX9cC0vB1nN2mQ3wE4rR5tT6yY7uU8iI9oO0pP1aS2dF3gG4hH5jJ6kK7lL8zX9cV0bN1nM2qW3eR4tT5yU6iI7oO8pP9aS0dF1gG2hH3jJ4kK5lL6zZ7xX8cC9vV0bB1nN2mM3qW4eR5tT6yU7iI8oO9pP0aS1dF2gG3hH4jJ5kK6lL7zZ8xX9cC0vB1nN2mQ3wE4rR5tT6yY7uU8iI9oO0pP1aS2dF3gG4hH5jJ6kK7lL8zX9cV0bN1nM2qW3eR4tT5yU6iI7oO8pP9aS0dF1gG2hH3jJ4kK5lL6zZ7xX8cC9vV0bB1nN2mM3qW4eR5tT6yU7iI8oO9pP0aS1dF2gG3hH4jJ5kK6lL7zZ8xX9cC0vB1nN2mQ3wE4rR5tT6yY7uU8iI9oO0pP1aS2dF3gG4hH5jJ6kK7lL8zX9cV0bN1nM2qW3eR4tT5yU6iI7oO8pP9aS0dF1gG2hH3jJ4kK5lL6zZ7xX8cC9vV0bB1nN2mM3qW4eR5tT6yU7iI8oO9pP0aS1dF2gG3hH4jJ5kK6lL7zZ8xX9cC0vB1nN2mQ3wE4rR5tT6yY7uU8iI9oO0pP1aS2dF3gG4hH5jJ6kK7lL8zX9cV0bN1nM2qW3eR4tT5yU6iI7oO8pP9aS0dF1gG2hH3jJ4kK5lL6zZ7xX8cC9vV0bB1nN2mM3qW4eR5tT6yU7iI8oO9pP0aS1dF2gG3hH4jJ5kK6lL7zZ8xX9cC0vB1nN2mQ3wE4rR5tT6yY7uU8iI9oO0pP1aS2dF3gG4hH5jJ6kK7l4hH5jJ6kK7lL8zX9cV0bN1nM2qW3eR4tT5yU6iI7oO8pP9aS0dF1gG2hH3jJ4kK5lL6zZ7xX8cC9vV0bB1nN2mM3qW4eR5tT6yU7iI8oO9pP0aS1dF2gG3hH4jJ5kK6lL7zZ8xX9cC0vB1nN2mQ3wE4rR5tT6yY7uU8iI9oO0pP1aS2dF3gG4hH5jJ6kK7lL8zX9cV0bN1nM2qW3eR4tT5yU6iI7oO8pP9aS0dF1gG2hH3jJ4kK5lL6zZ7xX8cC9vV0bB1nN2mM3qW4eR5tT6yU7iI8oO9pP0aS1dF2gG3hH4jJ5kK6lL7zZ8xX9cC0vB1nN2mQ3wE4rR5tT6yY7uU8iI9oO0pP1aS2dF3gG4hH5jJ6kK7l4hH5jJ6kK7lL8zX9cV0bN1nM2qW3eR4tT5yU6iI7oO8pP9aS0dF1gG2hH3jJ4kK5lL6zZ7xX8cC9vV0bB1nN2mM3qW4eR5tT6yU7iI8oO9pP0aS1dF2gG3hH4jJ5kK6lL7zZ8xX9cC0vB1nN2mQ3wE4rR5tT6yY7uU8iI9oO0pP1aS2dF3gG4hH5jJ6kK7lL8zX9cV0bN1nM2qW3eR4tT5yU6iI7oO8pP9aS0dF1gG2hH3jJ4kK5lL6zZ7xX8cC9vV0bB1nN2mM3qW4eR5tT6yU7iI8oO9pP0aS1dF2gG3hH4jJ5kK6lL7zZ8xX9cC0vB1nN2mQ3wE4rR5tT6yY7uU8iI9oO0pP1aS2dF3gG4hH5jJ6kK7l4hH5jJ6kK7lL8zX9cV0bN1nM2qW3eR4tT5yU6iI7oO8pP9aS0dF1gG2hH3jJ4kK5lL6zZ7xX8cC9vV0bB1nN2mM3qW4eR5tT6yU7iI8oO9pP0aS1dF2gG3hH4jJ5kK6lL7zZ8xX9cC0vB1nN2mQ3wE4rR5tT6yY7uU8iI9oO0pP1aS2dF3gG4hH5jJ6kK7lL8zX9cV0bN1nM2qW3eR4tT5yU6iI7oO8pP9aS0dF1gG2hH3jJ4kK5lL6zZ7xX8cC9vV0bB1nN2mM3qW4eR5tT6yU7iI8oO9pP0aS1dF2gG3hH4jJ5kK6lL7zZ8xX9cC0vB1nN2mQ3wE4rR5tT6yY7uU8iI9oO0pP1aS2dF3gG4hH5jJ6kK7l4hH5jJ6kK7lL8zX9cV0bN1nM2qW3eR4tT5yU6iI7oO8pP9aS0dF1gG2hH3jJ4kK5lL6zZ7xX8cC9vV0bB1nN2mM3qW4eR5tT6yU7iI8oO9pP0aS1dF2gG3hH4jJ5kK6lL7zZ8xX9cC0vB1nN2mQ3wE4rR5tT6yY7uU8iI9oO0pP1aS2dF3gG4hH5jJ6kK7lL8zX9cV0bN1nM2qW3eR4tT5yU6iI7oO8pP9aS0dF1gG2hH3jJ4kK5lL6zZ7xX8cC9vV0bB1nN2mM3qW4eR5tT6yU7iI8oO9pP0aS1dF2gG3hH4jJ5kK6lL7zZ8xX9cC0vB1nN2mQ3wE4rR5tT6yY7uU8iI9oO0pP1aS2dF3gG4hH5jJ6kK7l4hH5jJ6kK7lL8zX9cV0bN1nM2qW3eR4tT5yU6iI7oO8pP9aS0dF1gG2hH3jJ4kK5lL6zZ7xX8cC9vV0bB1nN2mM3qW4eR5tT6yU7iI8oO9pP0aS1dF2gG3hH4jJ5kK6lL7zZ8xX9cC0vB1nN2mQ3wE4rR5tT6yY7uU8iI9oO0pP1aS2dF3gG4hH5jJ6kK7lL8zX9cV0bN1nM2qW3eR4tT5yU6iI7oO8pP9aS0dF1gG2hH3jJ4kK5lL6zZ7xX8cC9vV0bB1nN2mM3qW4eR5tT6yU7iI8oO9pP0aS1dF2gG3hH4jJ5kK6lL7zZ8xX9cC0vB1nN2mQ3wE4rR5tT6yY7uU8iI9oO0pP1aS2dF3gG4hH5jJ6kK7l4hH5jJ6kK7lL8zX9cV0bN1nM2qW3eR4tT5yU6iI7oO8pP9aS0dF1gG2hH3jJ4kK5lL6zZ7xX8cC9vV0bB1nN2mM3qW4eR5tT6yU7iI8oO9pP0aS1dF2gG3hH4jJ5kK6lL7zZ8xX9cC0vB1nN2mQ3wE4rR5tT6yY7uU8iI9oO0pP1aS2dF3gG4hH5jJ6kK7lL8zX9cV0bN1nM2qW3eR4tT5yU6iI7oO8pP9aS0dF1gG2hH3jJ4kK5lL6zZ7xX8cC9vV0bB1nN2mM3qW4eR5tT6yU7iI8oO9pP0aS1dF2gG3hH4jJ5kK6lL7zZ8xX9cC0vB1nN2mQ3wE4rR5tT6yY7uU8iI9oO0pP1aS2dF3gG4hH5jJ6kK7l4hH5jJ6kK7lL8zX9cV0bN1nM2qW3eR4tT5yU6iI7oO8pP9aS0dF1gG2hH3jJ4kK5lL6zZ7xX8cC9vV0bB1nN2mM3qW4eR5tT6yU7iI8oO9pP0aS1dF2gG3hH4jJ5kK6lL7zZ8xX9cC0vB1nN2mQ3wE4rR5tT6yY7uU8iI9oO0pP1aS2dF3gG4hH5jJ6kK7lL8zX9cV0bN1nM2qW3eR4tT5yU6iI7oO8pP9aS0dF1gG2hH3jJ4kK5lL6zZ7xX8cC9vV0bB1nN2mM3qW4eR5tT6yU7iI8oO9pP0aS1dF2gG3hH4jJ5kK6lL7zZ8xX9cC0vB1nN2mQ3wE4rR5tT6yY7uU8iI9oO0pP1aS2dF3gG4hH5jJ6kK7l4hH5jJ6kK7lL8zX9cV0bN1nM2qW3eR4tT5yU6iI7oO8pP9aS0dF1gG2hH3jJ4kK5lL6z7nB9vR2mX8kLp4QjW3tY5zH1aG6sF9dD0fS8gA7hJ6kL5mN4bV3vC2xZ1oP9iU8uY7tT6rR5eE4wW3qQ2aZ1sX2dC3fV4gB5hN6jM7kL8pO9iU0yT1rE2wQ3aS4dF5gG6hH7jJ8kK9lL0zZ1xX2cC3vV4bB5nN6mM7qQ8wW9eE0rR1tT2yY3uU4iI5oO6pP7aA8sS9dD0fF1gG2hH3jJ4kK5lL6zZ7xX8cC9vV0bB1nN2mM3qW4eR5tT6yU7iI8oO9pP0aS1dF2gG3hH4jJ5kK6lL7zZ8xX9cC0vB1nN2mQ3wE4rR5tT6yY7uU8iI9oO0pP1aS2dF3gG4hH5jJ6kK7lL8zX9cV0bN1nM2qW3eR4tT5yU6iI7oO8pP9aS0dF1gG2hH3jJ4kK5lL6zZ7xX8cC9vV0bB1nN2mM3qW4eR5tT6yU7iI8oO9pP0aS1dF2gG3hH4jJ5kK6lL7zZ8xX9cC0vB1nN2mQ3wE4rR5tT6yY7uU8iI9oO0pP1aS2dF3gG4hH5jJ6kK7lL8zX9cV0bN1nM2qW3eR4tT5yU6iI7oO8pP9aS0dF1gG2hH3jJ4kK5lL6zZ7xX8cC9vV0bB1nN2mM3qW4eR5tT6yU7iI8oO9pP0aS1dF2gG3hH4jJ5kK6lL7zZ8xX9cC0vB1nN2mQ3wE4rR5tT6yY7uU8iI9oO0pP1aS2dF3gG4hH5jJ6kK7lL8zX9cV0bN1nM2qW3eR4tT5yU6iI7oO8pP9aS0dF1gG2hH3jJ4kK5lL6zZ7xX8cC9vV0bB1nN2mM3qW4eR5tT6yU7iI8oO9pP0aS1dF2gG3hH4jJ5kK6lL7zZ8xX9cC0vB1nN2mQ3wE4rR5tT6yY7uU8iI9oO0pP1aS2dF3gG4hH5jJ6kK7lL8zX9cV0bN1nM2qW3eR4tT5yU6iI7oO8pP9aS0dF1gG2hH3jJ4kK5lL6zZ7xX8cC9vV0bB1nN2mM3qW4eR5tT6yU7iI8oO9pP0aS1dF2gG3hH4jJ5kK6lL7zZ8xX9cC0vB1nN2mQ3wE4rR5tT6yY7uU8iI9oO0pP1aS2dF3gG4hH5jJ6kK7l4hH5jJ6kK7lL8zX9cV0bN1nM2qW3eR4tT5yU6iI7oO8pP9aS0dF1gG2hH3jJ4kK5lL6zZ7xX8cC9vV0bB1nN2mM3qW4eR5tT6yU7iI8oO9pP0aS1dF2gG3hH4jJ5kK6lL7zZ8xX9cC0vB1nN2mQ3wE4rR5tT6yY7uU8iI9oO0pP1aS2dF3gG4hH5jJ6kK7lL8zX9cV0bN1nM2qW3eR4tT5yU6iI7oO8pP9aS0dF1gG2hH3jJ4kK5lL6zZ7xX8cC9vV0bB1nN2mM3qW4eR5tT6yU7iI8oO9pP0aS1dF2gG3hH4jJ5kK6lL7zZ8xX9cC0vB1nN2mQ3wE4rR5tT6yY7uU8iI9oO0pP1aS2dF3gG4hH5jJ6kK7l4hH5jJ6kK7lL8zX9cV0bN1nM2qW3eR4tT5yU6iI7oO8pP9aS0dF1gG2hH3jJ4kK5lL6zZ7xX8cC9vV0bB1nN2mM3qW4eR5tT6yU7iI8oO9pP0aS1dF2gG3hH4jJ5kK6lL7zZ8xX9cC0vB1nN2mQ3wE4rR5tT6yY7uU8iI9oO0pP1aS2dF3gG4hH5jJ6kK7lL8zX9cV0bN1nM2qW3eR4tT5yU6iI7oO8pP9aS0dF1gG2hH3jJ4kK5lL6zZ7xX8cC9vV0bB1nN2mM3qW4eR5tT6yU7iI8oO9pP0aS1dF2gG3hH4jJ5kK6lL7zZ8xX9cC0vB1nN2mQ3wE4rR5tT6yY7uU8iI9oO0pP1aS2dF3gG4hH5jJ6kK7l4hH5jJ6kK7lL8zX9cV0bN1nM2qW3eR4tT5yU6iI7oO8pP9aS0dF1gG2hH3jJ4kK5lL6zZ7xX8cC9vV0bB1nN2mM3qW4eR5tT6yU7iI8oO9pP0aS1dF2gG3hH4jJ5kK6lL7zZ8xX9cC0vB1nN2mQ3wE4rR5tT6yY7uU8iI9oO0pP1aS2dF3gG4hH5jJ6kK7lL8zX9cV0bN1nM2qW3eR4tT5yU6iI7oO8pP9aS0dF1gG2hH3jJ4kK5lL6zZ7xX8cC9vV0bB1nN2mM3qW4eR5tT6yU7iI8oO9pP0aS1dF2gG3hH4jJ5kK6lL7zZ8xX9cC0vB1nN2mQ3wE4rR5tT6yY7uU8iI9oO0pP1aS2dF3gG4hH5jJ6kK7l4hH5jJ6kK7lL8zX9cV0bN1nM2qW3eR4tT5yU6iI7oO8pP9aS0dF1gG2hH3jJ4kK5lL6zZ7xX8cC9vV0bB1nN2mM3qW4eR5tT6yU7iI8oO9pP0aS1dF2gG3hH4jJ5kK6lL7zZ8xX9cC0vB1nN2mQ3wE4rR5tT6yY7uU8iI9oO0pP1aS2dF3gG4hH5jJ6kK7lL8zX9cV0bN1nM2qW3eR4tT5yU6iI7oO8pP9aS0dF1gG2hH3jJ4kK5lL6zZ7xX8cC9vV0bB1nN2mM3qW4eR5tT6yU7iI8oO9pP0aS1dF2gG3hH4jJ5kK6lL7zZ8xX9cC0vB1nN2mQ3wE4rR5tT6yY7uU8iI9oO0pP1aS2dF3gG4hH5jJ6kK7l4hH5jJ6kK7lL8zX9cV0bN1nM2qW3eR4tT5yU6iI7oO8pP9aS0dF1gG2hH3jJ4kK5lL6zZ7xX8cC9vV0bB1nN2mM3qW4eR5tT6yU7iI8oO9pP0aS1dF2gG3hH4jJ5kK6lL7zZ8xX9cC0vB1nN2mQ3wE4rR5tT6yY7uU8iI9oO0pP1aS2dF3gG4hH5jJ6kK7lL8zX9cV0bN1nM2qW3eR4tT5yU6iI7oO8pP9aS0dF1gG2hH3jJ4kK5lL6zZ7xX8cC9vV0bB1nN2mM3qW4eR5tT6yU7iI8oO9pP0aS1dF2gG3hH4jJ5kK6lL7zZ8xX9cC0vB1nN2mQ3wE4rR5tT6yY7uU8iI9oO0pP1aS2dF3gG4hH5jJ6kK7l4hH5jJ6kK7lL8zX9cV0bN1nM2qW3eR4tT5yU6iI7oO8pP9aS0dF1gG2hH3jJ4kK5lL6zZ7xX8cC9vV0bB1nN2mM3qW4eR5tT6yU7iI8oO9pP0aS1dF2gG3hH4jJ5kK6lL7zZ8xX9cC0vB1nN2mQ3wE4rR5tT6yY7uU8iI9oO0pP1aS2dF3gG4hH5jJ6kK7lL8zX9cV0bN1nM2qW3eR4tT5yU6iI7oO8pP9aS0dF1gG2hH3jJ4kK5lL6zZ7xX8cC9vV0bB1nN2mM3qW4eR5tT6yU7iI8oO9pP0aS1dF2gG3hH4jJ5kK6lL7zZ8xX9cC0vB1nN2mQ3wE4rR5tT6yY7uU8iI9oO0pP1aS2dF3gG4hH5jJ6kK7l4hH5jJ6kK7lL8zX9cV0bN1nM2qW3eR4tT5yU6iI7oO8pP9aS0dF1gG2hH3jJ4kK5lL6zZ7xX8cC9vV0bB1nN2mM3qW4eR5tT6yU7iI8oO9pP0aS1dF2gG3hH4jJ5kK6lL7zZ8xX9cC0vB1nN2mQ3wE4rR5tT6yY7uU8iI9oO0pP1aS2dF3gG4hH5jJ6kK7lL8zX9cV0bN1nM2qW3eR4tT5yU6iI7oO8pP9aS0dF1gG2hH3jJ4kK5lL6zZ7xX8cC9vV0bB1nN2mM3qW4eR5tT6yU7iI8oO9pP0aS1dF2gG3hH4jJ5kK6lL7zZ8xX9cC0vB1nN2mQ3wE4rR5tT6yY7uU8iI9oO0pP1aS2dF3gG4hH5jJ6kK7l4hH5jJ6kK7lL8zX9cV0bN1nM2qW3eR4tT5yU6iI7oO8pP9aS0dF1gG2hH3jJ4kK5lL6z7nB9vR2mX8kLp4QjW3tY5zH1aG6sF9dD0fS8gA7hJ6kL5mN4bV3vC2xZ1oP9iU8uY7tT6rR5eE4wW3qQ2aZ1sX2dC3fV4gB5hN6jM7kL8pO9iU0yT1rE2wQ3aS4dF5gG6hH7jJ8kK9lL0zZ1xX2cC3vV4bB5nN6mM7qQ8wW9eE0rR1tT2yY3uU4iI5oO6pP7aA8sS9dD0fF1gG2hH3jJ4kK5lL6zZ7xX8cC9vV0bB1nN2mM3qW4eR5tT6yU7iI8oO9pP0aS1dF2gG3hH4jJ5kK6lL7zZ8xX9cC0vB1nN2mQ3wE4rR5tT6yY7uU8iI9oO0pP1aS2dF3gG4hH5jJ6kK7lL8zX9cV0bN1nM2qW3eR4tT5yU6iI7oO8pP9aS0dF1gG2hH3jJ4kK5lL6zZ7xX8cC9vV0bB1nN2mM3qW4eR5tT6yU7iI8oO9pP0aS1dF2gG3hH4jJ5kK6lL7zZ8xX9cC0vB1nN2mQ3wE4rR5tT6yY7uU8iI9oO0pP1aS2dF3gG4hH5jJ6kK7lL8zX9cV0bN1nM2qW3eR4tT5yU6iI7oO8pP9aS0dF1gG2hH3jJ4kK5lL6zZ7xX8cC9vV0bB1nN2mM3qW4eR5tT6yU7iI8oO9pP0aS1dF2gG3hH4jJ5kK6lL7zZ8xX9cC0vB1nN2mQ3wE4rR5tT6yY7uU8iI9oO0pP1aS2dF3gG4hH5jJ6kK7lL8zX9cV0bN1nM2qW3eR4tT5yU6iI7oO8pP9aS0dF1gG2hH3jJ4kK5lL6zZ7xX8cC9vV0bB1nN2mM3qW4eR5tT6yU7iI8oO9pP0aS1dF2gG3hH4jJ5kK6lL7zZ8xX9cC0vB1nN2mQ3wE4rR5tT6yY7uU8iI9oO0pP1aS2dF3gG4hH5jJ6kK7lL8zX9cV0bN1nM2qW3eR4tT5yU6iI7oO8pP9aS0dF1gG2hH3jJ4kK5lL6zZ7xX8cC9vV0bB1nN2mM3qW4eR5tT6yU7iI8oO9pP0aS1dF2gG3hH4jJ5kK6lL7zZ8xX9cC0vB1nN2mQ3wE4rR5tT6yY7uU8iI9oO0pP1aS2dF3gG4hH5jJ6kK7l4hH5jJ6kK7lL8zX9cV0bN1nM2qW3eR4tT5yU6iI7oO8pP9aS0dF1gG2hH3jJ4kK5lL6zZ7xX8cC9vV0bB1nN2mM3qW4eR5tT6yU7iI8oO9pP0aS1dF2gG3hH4jJ5kK6lL7zZ8xX9cC0vB1nN2mQ3wE4rR5tT6yY7uU8iI9oO0pP1aS2dF3gG4hH5jJ6kK7lL8zX9cV0bN1nM2qW3eR4tT5yU6iI7oO8pP9aS0dF1gG2hH3jJ4kK5lL6zZ7xX8cC9vV0bB1nN2mM3qW4eR5tT6yU7iI8oO9pP0aS1dF2gG3hH4jJ5kK6lL7zZ8xX9cC0vB1nN2mQ3wE4rR5tT6yY7uU8iI9oO0pP1aS2dF3gG4hH5jJ6kK7l4hH5jJ6kK7lL8zX9cV0bN1nM2qW3eR4tT5yU6iI7oO8pP9aS0dF1gG2hH3jJ4kK5lL6zZ7xX8cC9vV0bB1nN2mM3qW4eR5tT6yU7iI8oO9pP0aS1dF2gG3hH4jJ5kK6lL7zZ8xX9cC0vB1nN2mQ3wE4rR5tT6yY7uU8iI9oO0pP1aS2dF3gG4hH5jJ6kK7lL8zX9cV0bN1nM2qW3eR4tT5yU6iI7oO8pP9aS0dF1gG2hH3jJ4kK5lL6zZ7xX8cC9vV0bB1nN2mM3qW4eR5tT6yU7iI8oO9pP0aS1dF2gG3hH4jJ5kK6lL7zZ8xX9cC0vB1nN2mQ3wE4rR5tT6yY7uU8iI9oO0pP1aS2dF3gG4hH5jJ6kK7l4hH5jJ6kK7lL8zX9cV0bN1nM2qW3eR4tT5yU6iI7oO8pP9aS0dF1gG2hH3jJ4kK5lL6zZ7xX8cC9vV0bB1nN2mM3qW4eR5tT6yU7iI8oO9pP0aS1dF2gG3hH4jJ5kK6lL7zZ8xX9cC0vB1nN2mQ3wE4rR5tT6yY7uU8iI9oO0pP1aS2dF3gG4hH5jJ6kK7lL8zX9cV0bN1nM2qW3eR4tT5yU6iI7oO8pP9aS0dF1gG2hH3jJ4kK5lL6zZ7xX8cC9vV0bB1nN2mM3qW4eR5tT6yU7iI8oO9pP0aS1dF2gG3hH4jJ5kK6lL7zZ8xX9cC0vB1nN2mQ3wE4rR5tT6yY7uU8iI9oO0pP1aS2dF3gG4hH5jJ6kK7l4hH5jJ6kK7lL8zX9cV0bN1nM2qW3eR4tT5yU6iI7oO8pP9aS0dF1gG2hH3jJ4kK5lL6zZ7xX8cC9vV0bB1nN2mM3qW4eR5tT6yU7iI8oO9pP0aS1dF2gG3hH4jJ5kK6lL7zZ8xX9cC0vB1nN2mQ3wE4rR5tT6yY7uU8iI9oO0pP1aS2dF3gG4hH5jJ6kK7lL8zX9cV0bN1nM2qW3eR4tT5yU6iI7oO8pP9aS0dF1gG2hH3jJ4kK5lL6zZ7xX8cC9vV0bB1nN2mM3qW4eR5tT6yU7iI8oO9pP0aS1dF2gG3hH4jJ5kK6lL7zZ8xX9cC0vB1nN2mQ3wE4rR5tT6yY7uU8iI9oO0pP1aS2dF3gG4hH5jJ6kK7l4hH5jJ6kK7lL8zX9cV0bN1nM2qW3eR4tT5yU6iI7oO8pP9aS0dF1gG2hH3jJ4kK5lL6zZ7xX8cC9vV0bB1nN2mM3qW4eR5tT6yU7iI8oO9pP0aS1dF2gG3hH4jJ5kK6lL7zZ8xX9cC0vB1nN2mQ3wE4rR5tT6yY7uU8iI9oO0pP1aS2dF3gG4hH5jJ6kK7lL8zX9cV0bN1nM2qW3eR4tT5yU6iI7oO8pP9aS0dF1gG2hH3jJ4kK5lL6zZ7xX8cC9vV0bB1nN2mM3qW4eR5tT6yU7iI8oO9pP0aS1dF2gG3hH4jJ5kK6lL7zZ8xX9cC0vB1nN2mQ3wE4rR5tT6yY7uU8iI9oO0pP1aS2dF3gG4hH5jJ6kK7l4hH5jJ6kK7lL8zX9cV0bN1nM2qW3eR4tT5yU6iI7oO8pP9aS0dF1gG2hH3jJ4kK5lL6zZ7xX8cC9vV0bB1nN2mM3qW4eR5tT6yU7iI8oO9pP0aS1dF2gG3hH4jJ5kK6lL7zZ8xX9cC0vB1nN2mQ3wE4rR5tT6yY7uU8iI9oO0pP1aS2dF3gG4hH5jJ6kK7lL8zX9cV0bN1nM2qW3eR4tT5yU6iI7oO8pP9aS0dF1gG2hH3jJ4kK5lL6zZ7xX8cC9vV0bB1nN2mM3qW4eR5tT6yU7iI8oO9pP0aS1dF2gG3hH4jJ5kK6lL7zZ8xX9cC0vB1nN2mQ3wE4rR5tT6yY7uU8iI9oO0pP1aS2dF3gG4hH5jJ6kK7l4hH5jJ6kK7lL8zX9cV0bN1nM2qW3eR4tT5yU6iI7oO8pP9aS0dF1gG2hH3jJ4kK5lL6zZ7xX8cC9vV0bB1nN2mM3qW4eR5tT6yU7iI8oO9pP0aS1dF2gG3hH4jJ5kK6lL7zZ8xX9cC0vB1nN2mQ3wE4rR5tT6yY7uU8iI9oO0pP1aS2dF3gG4hH5jJ6kK7lL8zX9cV0bN1nM2qW3eR4tT5yU6iI7oO8pP9aS0dF1gG2hH3jJ4kK5lL6zZ7xX8cC9vV0bB1nN2mM3qW4eR5tT6yU7iI8oO9pP0aS1dF2gG3hH4jJ5kK6lL7zZ8xX9cC0vB1nN2mQ3wE4rR5tT6yY7uU8iI9oO0pP1aS2dF3gG4hH5jJ6kK7l4hH5jJ6kK7lL8zX9cV0bN1nM2qW3eR4tT5yU6iI7oO8pP9aS0dF1gG2hH3jJ4kK5lL6z7nB9vR2mX8kLp4QjW3tY5zH1aG6sF9dD0fS8gA7hJ6kL5mN4bV3vC2xZ1oP9iU8uY7tT6rR5eE4wW3qQ2aZ1sX2dC3fV4gB5hN6jM7kL8pO9iU0yT1rE2wQ3aS4dF5gG6hH7jJ8kK9lL0zZ1xX2cC3vV4bB5nN6mM7qQ8wW9eE0rR1tT2yY3uU4iI5oO6pP7aA8sS9dD0fF1gG2hH3jJ4kK5lL6zZ7xX8cC9vV0bB1nN2mM3qW4eR5tT6yU7iI8oO9pP0aS1dF2gG3hH4jJ5kK6lL7zZ8xX9cC0vB1nN2mQ3wE4rR5tT6yY7uU8iI9oO0pP1aS2dF3gG4hH5jJ6kK7lL8zX9cV0bN1nM2qW3eR4tT5yU6iI7oO8pP9aS0dF1gG2hH3jJ4kK5lL6zZ7xX8cC9vV0bB1nN2mM3qW4eR5tT6yU7iI8oO9pP0aS1dF2gG3hH4jJ5kK6lL7zZ8xX9cC0vB1nN2mQ3wE4rR5tT6yY7uU8iI9oO0pP1aS2dF3gG4hH5jJ6kK7lL8zX9cV0bN1nM2qW3eR4tT5yU6iI7oO8pP9aS0dF1gG2hH3jJ4kK5lL6zZ7xX8cC9vV0bB1nN2mM3qW4eR5tT6yU7iI8oO9pP0aS1dF2gG3hH4jJ5kK6lL7zZ8xX9cC0vB1nN2mQ3wE4rR5tT6yY7uU8iI9oO0pP1aS2dF3gG4hH5jJ6kK7lL8zX9cV0bN1nM2qW3eR4tT5yU6iI7oO8pP9aS0dF1gG2hH3jJ4kK5lL6zZ7xX8cC9vV0bB1nN2mM3qW4eR5tT6yU7iI8oO9pP0aS1dF2gG3hH4jJ5kK6lL7zZ8xX9cC0vB1nN2mQ3wE4rR5tT6yY7uU8iI9oO0pP1aS2dF3gG4hH5jJ6kK7lL8zX9cV0bN1nM2qW3eR4tT5yU6iI7oO8pP9aS0dF1gG2hH3jJ4kK5lL6zZ7xX8cC9vV0bB1nN2mM3qW4eR5tT6yU7iI8oO9pP0aS1dF2gG3hH4jJ5kK6lL7zZ8xX9cC0vB1nN2mQ3wE4rR5tT6yY7uU8iI9oO0pP1aS2dF3gG4hH5jJ6kK7l4hH5jJ6kK7lL8zX9cV0bN1nM2qW3eR4tT5yU6iI7oO8pP9aS0dF1gG2hH3jJ4kK5lL6zZ7xX8cC9vV0bB1nN2mM3qW4eR5tT6yU7iI8oO9pP0aS1dF2gG3hH4jJ5kK6lL7zZ8xX9cC0vB1nN2mQ3wE4rR5tT6yY7uU8iI9oO0pP1aS2dF3gG4hH5jJ6kK7lL8zX9cV0bN1nM2qW3eR4tT5yU6iI7oO8pP9aS0dF1gG2hH3jJ4kK5lL6zZ7xX8cC9vV0bB1nN2mM3qW4eR5tT6yU7iI8oO9pP0aS1dF2gG3hH4jJ5kK6lL7zZ8xX9cC0vB1nN2mQ3wE4rR5tT6yY7uU8iI9oO0pP1aS2dF3gG4hH5jJ6kK7l4hH5jJ6kK7lL8zX9cV0bN1nM2qW3eR4tT5yU6iI7oO8pP9aS0dF1gG2hH3jJ4kK5lL6zZ7xX8cC9vV0bB1nN2mM3qW4eR5tT6yU7iI8oO9pP0aS1dF2gG3hH4jJ5kK6lL7zZ8xX9cC0vB1nN2mQ3wE4rR5tT6yY7uU8iI9oO0pP1aS2dF3gG4hH5jJ6kK7lL8zX9cV0bN1nM2qW3eR4tT5yU6iI7oO8pP9aS0dF1gG2hH3jJ4kK5lL6zZ7xX8cC9vV0bB1nN2mM3qW4eR5tT6yU7iI8oO9pP0aS1dF2gG3hH4jJ5kK6lL7zZ8xX9cC0vB1nN2mQ3wE4rR5tT6yY7uU8iI9oO0pP1aS2dF3gG4hH5jJ6kK7l4hH5jJ6kK7lL8zX9cV0bN1nM2qW3eR4tT5yU6iI7oO8pP9aS0dF1gG2hH3jJ4kK5lL6zZ7xX8cC9vV0bB1nN2mM3qW4eR5tT6yU7iI8oO9pP0aS1dF2gG3hH4jJ5kK6lL7zZ8xX9cC0vB1nN2mQ3wE4rR5tT6yY7uU8iI9oO0pP1aS2dF3gG4hH5jJ6kK7lL8zX9cV0bN1nM2qW3eR4tT5yU6iI7oO8pP9aS0dF1gG2hH3jJ4kK5lL6zZ7xX8cC9vV0bB1nN2mM3qW4eR5tT6yU7iI8oO9pP0aS1dF2gG3hH4jJ5kK6lL7zZ8xX9cC0vB1nN2mQ3wE4rR5tT6yY7uU8iI9oO0pP1aS2dF3gG4hH5jJ6kK7l4hH5jJ6kK7lL8zX9cV0bN1nM2qW3eR4tT5yU6iI7oO8pP9aS0dF1gG2hH3jJ4kK5lL6zZ7xX8cC9vV0bB1nN2mM3qW4eR5tT6yU7iI8oO9pP0aS1dF2gG3hH4jJ5kK6lL7zZ8xX9cC0vB1nN2mQ3wE4rR5tT6yY7uU8iI9oO0pP1aS2dF3gG4hH5jJ6kK7lL8zX9cV0bN1nM2qW3eR4tT5yU6iI7oO8pP9aS0dF1gG2hH3jJ4kK5lL6zZ7xX8cC9vV0bB1nN2mM3qW4eR5tT6yU7iI8oO9pP0aS1dF2gG3hH4jJ5kK6lL7zZ8xX9cC0vB1nN2mQ3wE4rR5tT6yY7uU8iI9oO0pP1aS2dF3gG4hH5jJ6kK7l4hH5jJ6kK7lL8zX9cV0bN1nM2qW3eR4tT5yU6iI7oO8pP9aS0dF1gG2hH3jJ4kK5lL6zZ7xX8cC9vV0bB1nN2mM3qW4eR5tT6yU7iI8oO9pP0aS1dF2gG3hH4jJ5kK6lL7zZ8xX9cC0vB1nN2mQ3wE4rR5tT6yY7uU8iI9oO0pP1aS2dF3gG4hH5jJ6kK7lL8zX9cV0bN1nM2qW3eR4tT5yU6iI7oO8pP9aS0dF1gG2hH3jJ4kK5lL6zZ7xX8cC9vV0bB1nN2mM3qW4eR5tT6yU7iI8oO9pP0aS1dF2gG3hH4jJ5kK6lL7zZ8xX9cC0vB1nN2mQ3wE4rR5tT6yY7uU8iI9oO0pP1aS2dF3gG4hH5jJ6kK7l4hH5jJ6kK7lL8zX9cV0bN1nM2qW3eR4tT5yU6iI7oO8pP9aS0dF1gG2hH3jJ4kK5lL6zZ7xX8cC9vV0bB1nN2mM3qW4eR5tT6yU7iI8oO9pP0aS1dF2gG3hH4jJ5kK6lL7zZ8xX9cC0vB1nN2mQ3wE4rR5tT6yY7uU8iI9oO0pP1aS2dF3gG4hH5jJ6kK7lL8zX9cV0bN1nM2qW3eR4tT5yU6iI7oO8pP9aS0dF1gG2hH3jJ4kK5lL6zZ7xX8cC9vV0bB1nN2mM3qW4eR5tT6yU7iI8oO9pP0aS1dF2gG3hH4jJ5kK6lL7zZ8xX9cC0vB1nN2mQ3wE4rR5tT6yY7uU8iI9oO0pP1aS2dF3gG4hH5jJ6kK7l4hH5jJ6kK7lL8zX9cV0bN1nM2qW3eR4tT5yU6iI7oO8pP9aS0dF1gG2hH3jJ4kK5lL6zZ7xX8cC9vV0bB1nN2mM3qW4eR5tT6yU7iI8oO9pP0aS1dF2gG3hH4jJ5kK6lL7zZ8xX9cC0vB1nN2mQ3wE4rR5tT6yY7uU8iI9oO0pP1aS2dF3gG4hH5jJ6kK7lL8zX9cV0bN1nM2qW3eR4tT5yU6iI7oO8pP9aS0dF1gG2hH3jJ4kK5lL6zZ7xX8cC9vV0bB1nN2mM3qW4eR5tT6yU7iI8oO9pP0aS1dF2gG3hH4jJ5kK6lL7zZ8xX9cC0vB1nN2mQ3wE4rR5tT6yY7uU8iI9oO0pP1aS2dF3gG4hH5jJ6kK7l4hH5jJ6kK7lL8zX9cV0bN1nM2qW3eR4tT5yU6iI7oO8pP9aS0dF1gG2hH3jJ4kK5lL6z7nB9vR2mX8kLp4QjW3tY5zH1aG6sF9dD0fS8gA7hJ6kL5mN4bV3vC2xZ1oP9iU8uY7tT6rR5eE4wW3qQ2aZ1sX2dC3fV4gB5hN6jM7kL8pO9iU0yT1rE2wQ3aS4dF5gG6hH7jJ8kK9lL0zZ1xX2cC3vV4bB5nN6mM7qQ8wW9eE0rR1tT2yY3uU4iI5oO6pP7aA8sS9dD0fF1gG2hH3jJ4kK5lL6zZ7xX8cC9vV0bB1nN2mM3qW4eR5tT6yU7iI8oO9pP0aS1dF2gG3hH4jJ5kK6lL7zZ8xX9cC0vB1nN2mQ3wE4rR5tT6yY7uU8iI9oO0pP1aS2dF3gG4hH5jJ6kK7lL8zX9cV0bN1nM2qW3eR4tT5yU6iI7oO8pP9aS0dF1gG2hH3jJ4kK5lL6zZ7xX8cC9vV0bB1nN2mM3qW4eR5tT6yU7iI8oO9pP0aS1dF2gG3hH4jJ5kK6lL7zZ8xX9cC0vB1nN2mQ3wE4rR5tT6yY7uU8iI9oO0pP1aS2dF3gG4hH5jJ6kK7lL8zX9cV0bN1nM2qW3eR4tT5yU6iI7oO8pP9aS0dF1gG2hH3jJ4kK5lL6zZ7xX8cC9vV0bB1nN2mM3qW4eR5tT6yU7iI8oO9pP0aS1dF2gG3hH4jJ5kK6lL7zZ8xX9cC0vB1nN2mQ3wE4rR5tT6yY7uU8iI9oO0pP1aS2dF3gG4hH5jJ6kK7lL8zX9cV0bN1nM2qW3eR4tT5yU6iI7oO8pP9aS0dF1gG2hH3jJ4kK5lL6zZ7xX8cC9vV0bB1nN2mM3qW4eR5tT6yU7iI8oO9pP0aS1dF2gG3hH4jJ5kK6lL7zZ8xX9cC0vB1nN2mQ3wE4rR5tT6yY7uU8iI9oO0pP1aS2dF3gG4hH5jJ6kK7lL8zX9cV0bN1nM2qW3eR4tT5yU6iI7oO8pP9aS0dF1gG2hH3jJ4kK5lL6zZ7xX8cC9vV0bB1nN2mM3qW4eR5tT6yU7iI8oO9pP0aS1dF2gG3hH4jJ5kK6lL7zZ8xX9cC0vB1nN2mQ3wE4rR5tT6yY7uU8iI9oO0pP1aS2dF3gG4hH5jJ6kK7l4hH5jJ6kK7lL8zX9cV0bN1nM2qW3eR4tT5yU6iI7oO8pP9aS0dF1gG2hH3jJ4kK5lL6zZ7xX8cC9vV0bB1nN2mM3qW4eR5tT6yU7iI8oO9pP0aS1dF2gG3hH4jJ5kK6lL7zZ8xX9cC0vB1nN2mQ3wE4rR5tT6yY7uU8iI9oO0pP1aS2dF3gG4hH5jJ6kK7lL8zX9cV0bN1nM2qW3eR4tT5yU6iI7oO8pP9aS0dF1gG2hH3jJ4kK5lL6zZ7xX8cC9vV0bB1nN2mM3qW4eR5tT6yU7iI8oO9pP0aS1dF2gG3hH4jJ5kK6lL7zZ8xX9cC0vB1nN2mQ3wE4rR5tT6yY7uU8iI9oO0pP1aS2dF3gG4hH5jJ6kK7l4hH5jJ6kK7lL8zX9cV0bN1nM2qW3eR4tT5yU6iI7oO8pP9aS0dF1gG2hH3jJ4kK5lL6zZ7xX8cC9vV0bB1nN2mM3qW4eR5tT6yU7iI8oO9pP0aS1dF2gG3hH4jJ5kK6lL7zZ8xX9cC0vB1nN2mQ3wE4rR5tT6yY7uU8iI9oO0pP1aS2dF3gG4hH5jJ6kK7lL8zX9cV0bN1nM2qW3eR4tT5yU6iI7oO8pP9aS0dF1gG2hH3jJ4kK5lL6zZ7xX8cC9vV0bB1nN2mM3qW4eR5tT6yU7iI8oO9pP0aS1dF2gG3hH4jJ5kK6lL7zZ8xX9cC0vB1nN2mQ3wE4rR5tT6yY7uU8iI9oO0pP1aS2dF3gG4hH5jJ6kK7l4hH5jJ6kK7lL8zX9cV0bN1nM2qW3eR4tT5yU6iI7oO8pP9aS0dF1gG2hH3jJ4kK5lL6zZ7xX8cC9vV0bB1nN2mM3qW4eR5tT6yU7iI8oO9pP0aS1dF2gG3hH4jJ5kK6lL7zZ8xX9cC0vB1nN2mQ3wE4rR5tT6yY7uU8iI9oO0pP1aS2dF3gG4hH5jJ6kK7lL8zX9cV0bN1nM2qW3eR4tT5yU6iI7oO8pP9aS0dF1gG2hH3jJ4kK5lL6zZ7xX8cC9vV0bB1nN2mM3qW4eR5tT6yU7iI8oO9pP0aS1dF2gG3hH4jJ5kK6lL7zZ8xX9cC0vB1nN2mQ3wE4rR5tT6yY7uU8iI9oO0pP1aS2dF3gG4hH5jJ6kK7l4hH5jJ6kK7lL8zX9cV0bN1nM2qW3eR4tT5yU6iI7oO8pP9aS0dF1gG2hH3jJ4kK5lL6zZ7xX8cC9vV0bB1nN2mM3qW4eR5tT6yU7iI8oO9pP0aS1dF2gG3hH4jJ5kK6lL7zZ8xX9cC0vB1nN2mQ3wE4rR5tT6yY7uU8iI9oO0pP1aS2dF3gG4hH5jJ6kK7lL8zX9cV0bN1nM2qW3eR4tT5yU6iI7oO8pP9aS0dF1gG2hH3jJ4kK5lL6zZ7xX8cC9vV0bB1nN2mM3qW4eR5tT6yU7iI8oO9pP0aS1dF2gG3hH4jJ5kK6lL7zZ8xX9cC0vB1nN2mQ3wE4rR5tT6yY7uU8iI9oO0pP1aS2dF3gG4hH5jJ6kK7l4hH5jJ6kK7lL8zX9cV0bN1nM2qW3eR4tT5yU6iI7oO8pP9aS0dF1gG2hH3jJ4kK5lL6zZ7xX8cC9vV0bB1nN2mM3qW4eR5tT6yU7iI8oO9pP0aS1dF2gG3hH4jJ5kK6lL7zZ8xX9cC0vB1nN2mQ3wE4rR5tT6yY7uU8iI9oO0pP1aS2dF3gG4hH5jJ6kK7lL8zX9cV0bN1nM2qW3eR4tT5yU6iI7oO8pP9aS0dF1gG2hH3jJ4kK5lL6zZ7xX8cC9vV0bB1nN2mM3qW4eR5tT6yU7iI8oO9pP0aS1dF2gG3hH4jJ5kK6lL7zZ8xX9cC0vB1nN2mQ3wE4rR5tT6yY7uU8iI9oO0pP1aS2dF3gG4hH5jJ6kK7l4hH5jJ6kK7lL8zX9cV0bN1nM2qW3eR4tT5yU6iI7oO8pP9aS0dF1gG2hH3jJ4kK5lL6zZ7xX8cC9vV0bB1nN2mM3qW4eR5tT6yU7iI8oO9pP0aS1dF2gG3hH4jJ5kK6lL7zZ8xX9cC0vB1nN2mQ3wE4rR5tT6yY7uU8iI9oO0pP1aS2dF3gG4hH5jJ6kK7lL8zX9cV0bN1nM2qW3eR4tT5yU6iI7oO8pP9aS0dF1gG2hH3jJ4kK5lL6zZ7xX8cC9vV0bB1nN2mM3qW4eR5tT6yU7iI8oO9pP0aS1dF2gG3hH4jJ5kK6lL7zZ8xX9cC0vB1nN2mQ3wE4rR5tT6yY7uU8iI9oO0pP1aS2dF3gG4hH5jJ6kK7l4hH5jJ6kK7lL8zX9cV0bN1nM2qW3eR4tT5yU6iI7oO8pP9aS0dF1gG2hH3jJ4kK5lL6zZ7xX8cC9vV0bB1nN2mM3qW4eR5tT6yU7iI8oO9pP0aS1dF2gG3hH4jJ5kK6lL7zZ8xX9cC0vB1nN2mQ3wE4rR5tT6yY7uU8iI9oO0pP1aS2dF3gG4hH5jJ6kK7lL8zX9cV0bN1nM2qW3eR4tT5yU6iI7oO8pP9aS0dF1gG2hH3jJ4kK5lL6zZ7xX8cC9vV0bB1nN2mM3qW4eR5tT6yU7iI8oO9pP0aS1dF2gG3hH4jJ5kK6lL7zZ8xX9cC0vB1nN2mQ3wE4rR5tT6yY7uU8iI9oO0pP1aS2dF3gG4hH5jJ6kK7l4hH5jJ6kK7lL8zX9cV0bN1nM2qW3eR4tT5yU6iI7oO8pP9aS0dF1gG2hH3jJ4kK5lL6z7nB9vR2mX8kLp4QjW3tY5zH1aG6sF9dD0fS8gA7hJ6kL5mN4bV3vC2xZ1oP9iU8uY7tT6rR5eE4wW3qQ2aZ1sX2dC3fV4gB5hN6jM7kL8pO9iU0yT1rE2wQ3aS4dF5gG6hH7jJ8kK9lL0zZ1xX2cC3vV4bB5nN6mM7qQ8wW9eE0rR1tT2yY3uU4iI5oO6pP7aA8sS9dD0fF1gG2hH3jJ4kK5lL6zZ7xX8cC9vV0bB1nN2mM3qW4eR5tT6yU7iI8oO9pP0aS1dF2gG3hH4jJ5kK6lL7zZ8xX9cC0vB1nN2mQ3wE4rR5tT6yY7uU8iI9oO0pP1aS2dF3gG4hH5jJ6kK7lL8zX9cV0bN1nM2qW3eR4tT5yU6iI7oO8pP9aS0dF1gG2hH3jJ4kK5lL6zZ7xX8cC9vV0bB1nN2mM3qW4eR5tT6yU7iI8oO9pP0aS1dF2gG3hH4jJ5kK6lL7zZ8xX9cC0vB1nN2mQ3wE4rR5tT6yY7uU8iI9oO0pP1aS2dF3gG4hH5jJ6kK7lL8zX9cV0bN1nM2qW3eR4tT5yU6iI7oO8pP9aS0dF1gG2hH3jJ4kK5lL6zZ7xX8cC9vV0bB1nN2mM3qW4eR5tT6yU7iI8oO9pP0aS1dF2gG3hH4jJ5kK6lL7zZ8xX9cC0vB1nN2mQ3wE4rR5tT6yY7uU8iI9oO0pP1aS2dF3gG4hH5jJ6kK7lL8zX9cV0bN1nM2qW3eR4tT5yU6iI7oO8pP9aS0dF1gG2hH3jJ4kK5lL6zZ7xX8cC9vV0bB1nN2mM3qW4eR5tT6yU7iI8oO9pP0aS1dF2gG3hH4jJ5kK6lL7zZ8xX9cC0vB1nN2mQ3wE4rR5tT6yY7uU8iI9oO0pP1aS2dF3gG4hH5jJ6kK7lL8zX9cV0bN1nM2qW3eR4tT5yU6iI7oO8pP9aS0dF1gG2hH3jJ4kK5lL6zZ7xX8cC9vV0bB1nN2mM3qW4eR5tT6yU7iI8oO9pP0aS1dF2gG3hH4jJ5kK6lL7zZ8xX9cC0vB1nN2mQ3wE4rR5tT6yY7uU8iI9oO0pP1aS2dF3gG4hH5jJ6kK7l4hH5jJ6kK7lL8zX9cV0bN1nM2qW3eR4tT5yU6iI7oO8pP9aS0dF1gG2hH3jJ4kK5lL6zZ7xX8cC9vV0bB1nN2mM3qW4eR5tT6yU7iI8oO9pP0aS1dF2gG3hH4jJ5kK6lL7zZ8xX9cC0vB1nN2mQ3wE4rR5tT6yY7uU8iI9oO0pP1aS2dF3gG4hH5jJ6kK7lL8zX9cV0bN1nM2qW3eR4tT5yU6iI7oO8pP9aS0dF1gG2hH3jJ4kK5lL6zZ7xX8cC9vV0bB1nN2mM3qW4eR5tT6yU7iI8oO9pP0aS1dF2gG3hH4jJ5kK6lL7zZ8xX9cC0vB1nN2mQ3wE4rR5tT6yY7uU8iI9oO0pP1aS2dF3gG4hH5jJ6kK7l4hH5jJ6kK7lL8zX9cV0bN1nM2qW3eR4tT5yU6iI7oO8pP9aS0dF1gG2hH3jJ4kK5lL6zZ7xX8cC9vV0bB1nN2mM3qW4eR5tT6yU7iI8oO9pP0aS1dF2gG3hH4jJ5kK6lL7zZ8xX9cC0vB1nN2mQ3wE4rR5tT6yY7uU8iI9oO0pP1aS2dF3gG4hH5jJ6kK7lL8zX9cV0bN1nM2qW3eR4tT5yU6iI7oO8pP9aS0dF1gG2hH3jJ4kK5lL6zZ7xX8cC9vV0bB1nN2mM3qW4eR5tT6yU7iI8oO9pP0aS1dF2gG3hH4jJ5kK6lL7zZ8xX9cC0vB1nN2mQ3wE4rR5tT6yY7uU8iI9oO0pP1aS2dF3gG4hH5jJ6kK7l4hH5jJ6kK7lL8zX9cV0bN1nM2qW3eR4tT5yU6iI7oO8pP9aS0dF1gG2hH3jJ4kK5lL6zZ7xX8cC9vV0bB1nN2mM3qW4eR5tT6yU7iI8oO9pP0aS1dF2gG3hH4jJ5kK6lL7zZ8xX9cC0vB1nN2mQ3wE4rR5tT6yY7uU8iI9oO0pP1aS2dF3gG4hH5jJ6kK7lL8zX9cV0bN1nM2qW3eR4tT5yU6iI7oO8pP9aS0dF1gG2hH3jJ4kK5lL6zZ7xX8cC9vV0bB1nN2mM3qW4eR5tT6yU7iI8oO9pP0aS1dF2gG3hH4jJ5kK6lL7zZ8xX9cC0vB1nN2mQ3wE4rR5tT6yY7uU8iI9oO0pP1aS2dF3gG4hH5jJ6kK7l4hH5jJ6kK7lL8zX9cV0bN1nM2qW3eR4tT5yU6iI7oO8pP9aS0dF1gG2hH3jJ4kK5lL6zZ7xX8cC9vV0bB1nN2mM3qW4eR5tT6yU7iI8oO9pP0aS1dF2gG3hH4jJ5kK6lL7zZ8xX9cC0vB1nN2mQ3wE4rR5tT6yY7uU8iI9oO0pP1aS2dF3gG4hH5jJ6kK7lL8zX9cV0bN1nM2qW3eR4tT5yU6iI7oO8pP9aS0dF1gG2hH3jJ4kK5lL6zZ7xX8cC9vV0bB1nN2mM3qW4eR5tT6yU7iI8oO9pP0aS1dF2gG3hH4jJ5kK6lL7zZ8xX9cC0vB1nN2mQ3wE4rR5tT6yY7uU8iI9oO0pP1aS2dF3gG4hH5jJ6kK7l4hH5jJ6kK7lL8zX9cV0bN1nM2qW3eR4tT5yU6iI7oO8pP9aS0dF1gG2hH3jJ4kK5lL6zZ7xX8cC9vV0bB1nN2mM3qW4eR5tT6yU7iI8oO9pP0aS1dF2gG3hH4jJ5kK6lL7zZ8xX9cC0vB1nN2mQ3wE4rR5tT6yY7uU8iI9oO0pP1aS2dF3gG4hH5jJ6kK7lL8zX9cV0bN1nM2qW3eR4tT5yU6iI7oO8pP9aS0dF1gG2hH3jJ4kK5lL6zZ7xX8cC9vV0bB1nN2mM3qW4eR5tT6yU7iI8oO9pP0aS1dF2gG3hH4jJ5kK6lL7zZ8xX9cC0vB1nN2mQ3wE4rR5tT6yY7uU8iI9oO0pP1aS2dF3gG4hH5jJ6kK7l4hH5jJ6kK7lL8zX9cV0bN1nM2qW3eR4tT5yU6iI7oO8pP9aS0dF1gG2hH3jJ4kK5lL6zZ7xX8cC9vV0bB1nN2mM3qW4eR5tT6yU7iI8oO9pP0aS1dF2gG3hH4jJ5kK6lL7zZ8xX9cC0vB1nN2mQ3wE4rR5tT6yY7uU8iI9oO0pP1aS2dF3gG4hH5jJ6kK7lL8zX9cV0bN1nM2qW3eR4tT5yU6iI7oO8pP9aS0dF1gG2hH3jJ4kK5lL6zZ7xX8cC9vV0bB1nN2mM3qW4eR5tT6yU7iI8oO9pP0aS1dF2gG3hH4jJ5kK6lL7zZ8xX9cC0vB1nN2mQ3wE4rR5tT6yY7uU8iI9oO0pP1aS2dF3gG4hH5jJ6kK7l4hH5jJ6kK7lL8zX9cV0bN1nM2qW3eR4tT5yU6iI7oO8pP9aS0dF1gG2hH3jJ4kK5lL6zZ7xX8cC9vV0bB1nN2mM3qW4eR5tT6yU7iI8oO9pP0aS1dF2gG3hH4jJ5kK6lL7zZ8xX9cC0vB1nN2mQ3wE4rR5tT6yY7uU8iI9oO0pP1aS2dF3gG4hH5jJ6kK7lL8zX9cV0bN1nM2qW3eR4tT5yU6iI7oO8pP9aS0dF1gG2hH3jJ4kK5lL6zZ7xX8cC9vV0bB1nN2mM3qW4eR5tT6yU7iI8oO9pP0aS1dF2gG3hH4jJ5kK6lL7zZ8xX9cC0vB1nN2mQ3wE4rR5tT6yY7uU8iI9oO0pP1aS2dF3gG4hH5jJ6kK7l4hH5jJ6kK7lL8zX9cV0bN1nM2qW3eR4tT5yU6iI7oO8pP9aS0dF1gG2hH3jJ4kK5lL6z7nB9vR2mX8kLp4QjW3tY5zH1aG6sF9dD0fS8gA7hJ6kL5mN4bV3vC2xZ1oP9iU8uY7tT6rR5eE4wW3qQ2aZ1sX2dC3fV4gB5hN6jM7kL8pO9iU0yT1rE2wQ3aS4dF5gG6hH7jJ8kK9lL0zZ1xX2cC3vV4bB5nN6mM7qQ8wW9eE0rR1tT2yY3uU4iI5oO6pP7aA8sS9dD0fF1gG2hH3jJ4kK5lL6zZ7xX8cC9vV0bB1nN2mM3qW4eR5tT6yU7iI8oO9pP0aS1dF2gG3hH4jJ5kK6lL7zZ8xX9cC0vB1nN2mQ3wE4rR5tT6yY7uU8iI9oO0pP1aS2dF3gG4hH5jJ6kK7lL8zX9cV0bN1nM2qW3eR4tT5yU6iI7oO8pP9aS0dF1gG2hH3jJ4kK5lL6zZ7xX8cC9vV0bB1nN2mM3qW4eR5tT6yU7iI8oO9pP0aS1dF2gG3hH4jJ5kK6lL7zZ8xX9cC0vB1nN2mQ3wE4rR5tT6yY7uU8iI9oO0pP1aS2dF3gG4hH5jJ6kK7lL8zX9cV0bN1nM2qW3eR4tT5yU6iI7oO8pP9aS0dF1gG2hH3jJ4kK5lL6zZ7xX8cC9vV0bB1nN2mM3qW4eR5tT6yU7iI8oO9pP0aS1dF2gG3hH4jJ5kK6lL7zZ8xX9cC0vB1nN2mQ3wE4rR5tT6yY7uU8iI9oO0pP1aS2dF3gG4hH5jJ6kK7lL8zX9cV0bN1nM2qW3eR4tT5yU6iI7oO8pP9aS0dF1gG2hH3jJ4kK5lL6zZ7xX8cC9vV0bB1nN2mM3qW4eR5tT6yU7iI8oO9pP0aS1dF2gG3hH4jJ5kK6lL7zZ8xX9cC0vB1nN2mQ3wE4rR5tT6yY7uU8iI9oO0pP1aS2dF3gG4hH5jJ6kK7lL8zX9cV0bN1nM2qW3eR4tT5yU6iI7oO8pP9aS0dF1gG2hH3jJ4kK5lL6zZ7xX8cC9vV0bB1nN2mM3qW4eR5tT6yU7iI8oO9pP0aS1dF2gG3hH4jJ5kK6lL7zZ8xX9cC0vB1nN2mQ3wE4rR5tT6yY7uU8iI9oO0pP1aS2dF3gG4hH5jJ6kK7l4hH5jJ6kK7lL8zX9cV0bN1nM2qW3eR4tT5yU6iI7oO8pP9aS0dF1gG2hH3jJ4kK5lL6zZ7xX8cC9vV0bB1nN2mM3qW4eR5tT6yU7iI8oO9pP0aS1dF2gG3hH4jJ5kK6lL7zZ8xX9cC0vB1nN2mQ3wE4rR5tT6yY7uU8iI9oO0pP1aS2dF3gG4hH5jJ6kK7lL8zX9cV0bN1nM2qW3eR4tT5yU6iI7oO8pP9aS0dF1gG2hH3jJ4kK5lL6zZ7xX8cC9vV0bB1nN2mM3qW4eR5tT6yU7iI8oO9pP0aS1dF2gG3hH4jJ5kK6lL7zZ8xX9cC0vB1nN2mQ3wE4rR5tT6yY7uU8iI9oO0pP1aS2dF3gG4hH5jJ6kK7l4hH5jJ6kK7lL8zX9cV0bN1nM2qW3eR4tT5yU6iI7oO8pP9aS0dF1gG2hH3jJ4kK5lL6zZ7xX8cC9vV0bB1nN2mM3qW4eR5tT6yU7iI8oO9pP0aS1dF2gG3hH4jJ5kK6lL7zZ8xX9cC0vB1nN2mQ3wE4rR5tT6yY7uU8iI9oO0pP1aS2dF3gG4hH5jJ6kK7lL8zX9cV0bN1nM2qW3eR4tT5yU6iI7oO8pP9aS0dF1gG2hH3jJ4kK5lL6zZ7xX8cC9vV0bB1nN2mM3qW4eR5tT6yU7iI8oO9pP0aS1dF2gG3hH4jJ5kK6lL7zZ8xX9cC0vB1nN2mQ3wE4rR5tT6yY7uU8iI9oO0pP1aS2dF3gG4hH5jJ6kK7l4hH5jJ6kK7lL8zX9cV0bN1nM2qW3eR4tT5yU6iI7oO8pP9aS0dF1gG2hH3jJ4kK5lL6zZ7xX8cC9vV0bB1nN2mM3qW4eR5tT6yU7iI8oO9pP0aS1dF2gG3hH4jJ5kK6lL7zZ8xX9cC0vB1nN2mQ3wE4rR5tT6yY7uU8iI9oO0pP1aS2dF3gG4hH5jJ6kK7lL8zX9cV0bN1nM2qW3eR4tT5yU6iI7oO8pP9aS0dF1gG2hH3jJ4kK5lL6zZ7xX8cC9vV0bB1nN2mM3qW4eR5tT6yU7iI8oO9pP0aS1dF2gG3hH4jJ5kK6lL7zZ8xX9cC0vB1nN2mQ3wE4rR5tT6yY7uU8iI9oO0pP1aS2dF3gG4hH5jJ6kK7l4hH5jJ6kK7lL8zX9cV0bN1nM2qW3eR4tT5yU6iI7oO8pP9aS0dF1gG2hH3jJ4kK5lL6zZ7xX8cC9vV0bB1nN2mM3qW4eR5tT6yU7iI8oO9pP0aS1dF2gG3hH4jJ5kK6lL7zZ8xX9cC0vB1nN2mQ3wE4rR5tT6yY7uU8iI9oO0pP1aS2dF3gG4hH5jJ6kK7lL8zX9cV0bN1nM2qW3eR4tT5yU6iI7oO8pP9aS0dF1gG2hH3jJ4kK5lL6zZ7xX8cC9vV0bB1nN2mM3qW4eR5tT6yU7iI8oO9pP0aS1dF2gG3hH4jJ5kK6lL7zZ8xX9cC0vB1nN2mQ3wE4rR5tT6yY7uU8iI9oO0pP1aS2dF3gG4hH5jJ6kK7l4hH5jJ6kK7lL8zX9cV0bN1nM2qW3eR4tT5yU6iI7oO8pP9aS0dF1gG2hH3jJ4kK5lL6zZ7xX8cC9vV0bB1nN2mM3qW4eR5tT6yU7iI8oO9pP0aS1dF2gG3hH4jJ5kK6lL7zZ8xX9cC0vB1nN2mQ3wE4rR5tT6yY7uU8iI9oO0pP1aS2dF3gG4hH5jJ6kK7lL8zX9cV0bN1nM2qW3eR4tT5yU6iI7oO8pP9aS0dF1gG2hH3jJ4kK5lL6zZ7xX8cC9vV0bB1nN2mM3qW4eR5tT6yU7iI8oO9pP0aS1dF2gG3hH4jJ5kK6lL7zZ8xX9cC0vB1nN2mQ3wE4rR5tT6yY7uU8iI9oO0pP1aS2dF3gG4hH5jJ6kK7l4hH5jJ6kK7lL8zX9cV0bN1nM2qW3eR4tT5yU6iI7oO8pP9aS0dF1gG2hH3jJ4kK5lL6zZ7xX8cC9vV0bB1nN2mM3qW4eR5tT6yU7iI8oO9pP0aS1dF2gG3hH4jJ5kK6lL7zZ8xX9cC0vB1nN2mQ3wE4rR5tT6yY7uU8iI9oO0pP1aS2dF3gG4hH5jJ6kK7lL8zX9cV0bN1nM2qW3eR4tT5yU6iI7oO8pP9aS0dF1gG2hH3jJ4kK5lL6zZ7xX8cC9vV0bB1nN2mM3qW4eR5tT6yU7iI8oO9pP0aS1dF2gG3hH4jJ5kK6lL7zZ8xX9cC0vB1nN2mQ3wE4rR5tT6yY7uU8iI9oO0pP1aS2dF3gG4hH5jJ6kK7l4hH5jJ6kK7lL8zX9cV0bN1nM2qW3eR4tT5yU6iI7oO8pP9aS0dF1gG2hH3jJ4kK5lL6zZ7xX8cC9vV0bB1nN2mM3qW4eR5tT6yU7iI8oO9pP0aS1dF2gG3hH4jJ5kK6lL7zZ8xX9cC0vB1nN2mQ3wE4rR5tT6yY7uU8iI9oO0pP1aS2dF3gG4hH5jJ6kK7lL8zX9cV0bN1nM2qW3eR4tT5yU6iI7oO8pP9aS0dF1gG2hH3jJ4kK5lL6zZ7xX8cC9vV0bB1nN2mM3qW4eR5tT6yU7iI8oO9pP0aS1dF2gG3hH4jJ5kK6lL7zZ8xX9cC0vB1nN2mQ3wE4rR5tT6yY7uU8iI9oO0pP1aS2dF3gG4hH5jJ6kK7l4hH5jJ6kK7lL8zX9cV0bN1nM2qW3eR4tT5yU6iI7oO8pP9aS0dF1gG2hH3jJ4kK5lL6z7nB9vR2mX8kLp4QjW3tY5zH1aG6sF9dD0fS8gA7hJ6kL5mN4bV3vC2xZ1oP9iU8uY7tT6rR5eE4wW3qQ2aZ1sX2dC3fV4gB5hN6jM7kL8pO9iU0yT1rE2wQ3aS4dF5gG6hH7jJ8kK9lL0zZ1xX2cC3vV4bB5nN6mM7qQ8wW9eE0rR1tT2yY3uU4iI5oO6pP7aA8sS9dD0fF1gG2hH3jJ4kK5lL6zZ7xX8cC9vV0bB1nN2mM3qW4eR5tT6yU7iI8oO9pP0aS1dF2gG3hH4jJ5kK6lL7zZ8xX9cC0vB1nN2mQ3wE4rR5tT6yY7uU8iI9oO0pP1aS2dF3gG4hH5jJ6kK7lL8zX9cV0bN1nM2qW3eR4tT5yU6iI7oO8pP9aS0dF1gG2hH3jJ4kK5lL6zZ7xX8cC9vV0bB1nN2mM3qW4eR5tT6yU7iI8oO9pP0aS1dF2gG3hH4jJ5kK6lL7zZ8xX9cC0vB1nN2mQ3wE4rR5tT6yY7uU8iI9oO0pP1aS2dF3gG4hH5jJ6kK7lL8zX9cV0bN1nM2qW3eR4tT5yU6iI7oO8pP9aS0dF1gG2hH3jJ4kK5lL6zZ7xX8cC9vV0bB1nN2mM3qW4eR5tT6yU7iI8oO9pP0aS1dF2gG3hH4jJ5kK6lL7zZ8xX9cC0vB1nN2mQ3wE4rR5tT6yY7uU8iI9oO0pP1aS2dF3gG4hH5jJ6kK7lL8zX9cV0bN1nM2qW3eR4tT5yU6iI7oO8pP9aS0dF1gG2hH3jJ4kK5lL6zZ7xX8cC9vV0bB1nN2mM3qW4eR5tT6yU7iI8oO9pP0aS1dF2gG3hH4jJ5kK6lL7zZ8xX9cC0vB1nN2mQ3wE4rR5tT6yY7uU8iI9oO0pP1aS2dF3gG4hH5jJ6kK7lL8zX9cV0bN1nM2qW3eR4tT5yU6iI7oO8pP9aS0dF1gG2hH3jJ4kK5lL6zZ7xX8cC9vV0bB1nN2mM3qW4eR5tT6yU7iI8oO9pP0aS1dF2gG3hH4jJ5kK6lL7zZ8xX9cC0vB1nN2mQ3wE4rR5tT6yY7uU8iI9oO0pP1aS2dF3gG4hH5jJ6kK7l4hH5jJ6kK7lL8zX9cV0bN1nM2qW3eR4tT5yU6iI7oO8pP9aS0dF1gG2hH3jJ4kK5lL6zZ7xX8cC9vV0bB1nN2mM3qW4eR5tT6yU7iI8oO9pP0aS1dF2gG3hH4jJ5kK6lL7zZ8xX9cC0vB1nN2mQ3wE4rR5tT6yY7uU8iI9oO0pP1aS2dF3gG4hH5jJ6kK7lL8zX9cV0bN1nM2qW3eR4tT5yU6iI7oO8pP9aS0dF1gG2hH3jJ4kK5lL6zZ7xX8cC9vV0bB1nN2mM3qW4eR5tT6yU7iI8oO9pP0aS1dF2gG3hH4jJ5kK6lL7zZ8xX9cC0vB1nN2mQ3wE4rR5tT6yY7uU8iI9oO0pP1aS2dF3gG4hH5jJ6kK7l4hH5jJ6kK7lL8zX9cV0bN1nM2qW3eR4tT5yU6iI7oO8pP9aS0dF1gG2hH3jJ4kK5lL6zZ7xX8cC9vV0bB1nN2mM3qW4eR5tT6yU7iI8oO9pP0aS1dF2gG3hH4jJ5kK6lL7zZ8xX9cC0vB1nN2mQ3wE4rR5tT6yY7uU8iI9oO0pP1aS2dF3gG4hH5jJ6kK7lL8zX9cV0bN1nM2qW3eR4tT5yU6iI7oO8pP9aS0dF1gG2hH3jJ4kK5lL6zZ7xX8cC9vV0bB1nN2mM3qW4eR5tT6yU7iI8oO9pP0aS1dF2gG3hH4jJ5kK6lL7zZ8xX9cC0vB1nN2mQ3wE4rR5tT6yY7uU8iI9oO0pP1aS2dF3gG4hH5jJ6kK7l4hH5jJ6kK7lL8zX9cV0bN1nM2qW3eR4tT5yU6iI7oO8pP9aS0dF1gG2hH3jJ4kK5lL6zZ7xX8cC9vV0bB1nN2mM3qW4eR5tT6yU7iI8oO9pP0aS1dF2gG3hH4jJ5kK6lL7zZ8xX9cC0vB1nN2mQ3wE4rR5tT6yY7uU8iI9oO0pP1aS2dF3gG4hH5jJ6kK7lL8zX9cV0bN1nM2qW3eR4tT5yU6iI7oO8pP9aS0dF1gG2hH3jJ4kK5lL6zZ7xX8cC9vV0bB1nN2mM3qW4eR5tT6yU7iI8oO9pP0aS1dF2gG3hH4jJ5kK6lL7zZ8xX9cC0vB1nN2mQ3wE4rR5tT6yY7uU8iI9oO0pP1aS2dF3gG4hH5jJ6kK7l4hH5jJ6kK7lL8zX9cV0bN1nM2qW3eR4tT5yU6iI7oO8pP9aS0dF1gG2hH3jJ4kK5lL6zZ7xX8cC9vV0bB1nN2mM3qW4eR5tT6yU7iI8oO9pP0aS1dF2gG3hH4jJ5kK6lL7zZ8xX9cC0vB1nN2mQ3wE4rR5tT6yY7uU8iI9oO0pP1aS2dF3gG4hH5jJ6kK7lL8zX9cV0bN1nM2qW3eR4tT5yU6iI7oO8pP9aS0dF1gG2hH3jJ4kK5lL6zZ7xX8cC9vV0bB1nN2mM3qW4eR5tT6yU7iI8oO9pP0aS1dF2gG3hH4jJ5kK6lL7zZ8xX9cC0vB1nN2mQ3wE4rR5tT6yY7uU8iI9oO0pP1aS2dF3gG4hH5jJ6kK7l4hH5jJ6kK7lL8zX9cV0bN1nM2qW3eR4tT5yU6iI7oO8pP9aS0dF1gG2hH3jJ4kK5lL6zZ7xX8cC9vV0bB1nN2mM3qW4eR5tT6yU7iI8oO9pP0aS1dF2gG3hH4jJ5kK6lL7zZ8xX9cC0vB1nN2mQ3wE4rR5tT6yY7uU8iI9oO0pP1aS2dF3gG4hH5jJ6kK7lL8zX9cV0bN1nM2qW3eR4tT5yU6iI7oO8pP9aS0dF1gG2hH3jJ4kK5lL6zZ7xX8cC9vV0bB1nN2mM3qW4eR5tT6yU7iI8oO9pP0aS1dF2gG3hH4jJ5kK6lL7zZ8xX9cC0vB1nN2mQ3wE4rR5tT6yY7uU8iI9oO0pP1aS2dF3gG4hH5jJ6kK7l4hH5jJ6kK7lL8zX9cV0bN1nM2qW3eR4tT5yU6iI7oO8pP9aS0dF1gG2hH3jJ4kK5lL6zZ7xX8cC9vV0bB1nN2mM3qW4eR5tT6yU7iI8oO9pP0aS1dF2gG3hH4jJ5kK6lL7zZ8xX9cC0vB1nN2mQ3wE4rR5tT6yY7uU8iI9oO0pP1aS2dF3gG4hH5jJ6kK7lL8zX9cV0bN1nM2qW3eR4tT5yU6iI7oO8pP9aS0dF1gG2hH3jJ4kK5lL6zZ7xX8cC9vV0bB1nN2mM3qW4eR5tT6yU7iI8oO9pP0aS1dF2gG3hH4jJ5kK6lL7zZ8xX9cC0vB1nN2mQ3wE4rR5tT6yY7uU8iI9oO0pP1aS2dF3gG4hH5jJ6kK7l4hH5jJ6kK7lL8zX9cV0bN1nM2qW3eR4tT5yU6iI7oO8pP9aS0dF1gG2hH3jJ4kK5lL6zZ7xX8cC9vV0bB1nN2mM3qW4eR5tT6yU7iI8oO9pP0aS1dF2gG3hH4jJ5kK6lL7zZ8xX9cC0vB1nN2mQ3wE4rR5tT6yY7uU8iI9oO0pP1aS2dF3gG4hH5jJ6kK7lL8zX9cV0bN1nM2qW3eR4tT5yU6iI7oO8pP9aS0dF1gG2hH3jJ4kK5lL6zZ7xX8cC9vV0bB1nN2mM3qW4eR5tT6yU7iI8oO9pP0aS1dF2gG3hH4jJ5kK6lL7zZ8xX9cC0vB1nN2mQ3wE4rR5tT6yY7uU8iI9oO0pP1aS2dF3gG4hH5jJ6kK7l4hH5jJ6kK7lL8zX9cV0bN1nM2qW3eR4tT5yU6iI7oO8pP9aS0dF1gG2hH3jJ4kK5lL6z7nB9vR2mX8kLp4QjW3tY5zH1aG6sF9dD0fS8gA7hJ6kL5mN4bV3vC2xZ1oP9iU8uY7tT6rR5eE4wW3qQ2aZ1sX2dC3fV4gB5hN6jM7kL8pO9iU0yT1rE2wQ3aS4dF5gG6hH7jJ8kK9lL0zZ1xX2cC3vV4bB5nN6mM7qQ8wW9eE0rR1tT2yY3uU4iI5oO6pP7aA8sS9dD0fF1gG2hH3jJ4kK5lL6zZ7xX8cC9vV0bB1nN2mM3qW4eR5tT6yU7iI8oO9pP0aS1dF2gG3hH4jJ5kK6lL7zZ8xX9cC0vB1nN2mQ3wE4rR5tT6yY7uU8iI9oO0pP1aS2dF3gG4hH5jJ6kK7lL8zX9cV0bN1nM2qW3eR4tT5yU6iI7oO8pP9aS0dF1gG2hH3jJ4kK5lL6zZ7xX8cC9vV0bB1nN2mM3qW4eR5tT6yU7iI8oO9pP0aS1dF2gG3hH4jJ5kK6lL7zZ8xX9cC0vB1nN2mQ3wE4rR5tT6yY7uU8iI9oO0pP1aS2dF3gG4hH5jJ6kK7lL8zX9cV0bN1nM2qW3eR4tT5yU6iI7oO8pP9aS0dF1gG2hH3jJ4kK5lL6zZ7xX8cC9vV0bB1nN2mM3qW4eR5tT6yU7iI8oO9pP0aS1dF2gG3hH4jJ5kK6lL7zZ8xX9cC0vB1nN2mQ3wE4rR5tT6yY7uU8iI9oO0pP1aS2dF3gG4hH5jJ6kK7lL8zX9cV0bN1nM2qW3eR4tT5yU6iI7oO8pP9aS0dF1gG2hH3jJ4kK5lL6zZ7xX8cC9vV0bB1nN2mM3qW4eR5tT6yU7iI8oO9pP0aS1dF2gG3hH4jJ5kK6lL7zZ8xX9cC0vB1nN2mQ3wE4rR5tT6yY7uU8iI9oO0pP1aS2dF3gG4hH5jJ6kK7lL8zX9cV0bN1nM2qW3eR4tT5yU6iI7oO8pP9aS0dF1gG2hH3jJ4kK5lL6zZ7xX8cC9vV0bB1nN2mM3qW4eR5tT6yU7iI8oO9pP0aS1dF2gG3hH4jJ5kK6lL7zZ8xX9cC0vB1nN2mQ3wE4rR5tT6yY7uU8iI9oO0pP1aS2dF3gG4hH5jJ6kK7l4hH5jJ6kK7lL8zX9cV0bN1nM2qW3eR4tT5yU6iI7oO8pP9aS0dF1gG2hH3jJ4kK5lL6zZ7xX8cC9vV0bB1nN2mM3qW4eR5tT6yU7iI8oO9pP0aS1dF2gG3hH4jJ5kK6lL7zZ8xX9cC0vB1nN2mQ3wE4rR5tT6yY7uU8iI9oO0pP1aS2dF3gG4hH5jJ6kK7lL8zX9cV0bN1nM2qW3eR4tT5yU6iI7oO8pP9aS0dF1gG2hH3jJ4kK5lL6zZ7xX8cC9vV0bB1nN2mM3qW4eR5tT6yU7iI8oO9pP0aS1dF2gG3hH4jJ5kK6lL7zZ8xX9cC0vB1nN2mQ3wE4rR5tT6yY7uU8iI9oO0pP1aS2dF3gG4hH5jJ6kK7l4hH5jJ6kK7lL8zX9cV0bN1nM2qW3eR4tT5yU6iI7oO8pP9aS0dF1gG2hH3jJ4kK5lL6zZ7xX8cC9vV0bB1nN2mM3qW4eR5tT6yU7iI8oO9pP0aS1dF2gG3hH4jJ5kK6lL7zZ8xX9cC0vB1nN2mQ3wE4rR5tT6yY7uU8iI9oO0pP1aS2dF3gG4hH5jJ6kK7lL8zX9cV0bN1nM2qW3eR4tT5yU6iI7oO8pP9aS0dF1gG2hH3jJ4kK5lL6zZ7xX8cC9vV0bB1nN2mM3qW4eR5tT6yU7iI8oO9pP0aS1dF2gG3hH4jJ5kK6lL7zZ8xX9cC0vB1nN2mQ3wE4rR5tT6yY7uU8iI9oO0pP1aS2dF3gG4hH5jJ6kK7l4hH5jJ6kK7lL8zX9cV0bN1nM2qW3eR4tT5yU6iI7oO8pP9aS0dF1gG2hH3jJ4kK5lL6zZ7xX8cC9vV0bB1nN2mM3qW4eR5tT6yU7iI8oO9pP0aS1dF2gG3hH4jJ5kK6lL7zZ8xX9cC0vB1nN2mQ3wE4rR5tT6yY7uU8iI9oO0pP1aS2dF3gG4hH5jJ6kK7lL8zX9cV0bN1nM2qW3eR4tT5yU6iI7oO8pP9aS0dF1gG2hH3jJ4kK5lL6zZ7xX8cC9vV0bB1nN2mM3qW4eR5tT6yU7iI8oO9pP0aS1dF2gG3hH4jJ5kK6lL7zZ8xX9cC0vB1nN2mQ3wE4rR5tT6yY7uU8iI9oO0pP1aS2dF3gG4hH5jJ6kK7l4hH5jJ6kK7lL8zX9cV0bN1nM2qW3eR4tT5yU6iI7oO8pP9aS0dF1gG2hH3jJ4kK5lL6zZ7xX8cC9vV0bB1nN2mM3qW4eR5tT6yU7iI8oO9pP0aS1dF2gG3hH4jJ5kK6lL7zZ8xX9cC0vB1nN2mQ3wE4rR5tT6yY7uU8iI9oO0pP1aS2dF3gG4hH5jJ6kK7lL8zX9cV0bN1nM2qW3eR4tT5yU6iI7oO8pP9aS0dF1gG2hH3jJ4kK5lL6zZ7xX8cC9vV0bB1nN2mM3qW4eR5tT6yU7iI8oO9pP0aS1dF2gG3hH4jJ5kK6lL7zZ8xX9cC0vB1nN2mQ3wE4rR5tT6yY7uU8iI9oO0pP1aS2dF3gG4hH5jJ6kK7l4hH5jJ6kK7lL8zX9cV0bN1nM2qW3eR4tT5yU6iI7oO8pP9aS0dF1gG2hH3jJ4kK5lL6zZ7xX8cC9vV0bB1nN2mM3qW4eR5tT6yU7iI8oO9pP0aS1dF2gG3hH4jJ5kK6lL7zZ8xX9cC0vB1nN2mQ3wE4rR5tT6yY7uU8iI9oO0pP1aS2dF3gG4hH5jJ6kK7lL8zX9cV0bN1nM2qW3eR4tT5yU6iI7oO8pP9aS0dF1gG2hH3jJ4kK5lL6zZ7xX8cC9vV0bB1nN2mM3qW4eR5tT6yU7iI8oO9pP0aS1dF2gG3hH4jJ5kK6lL7zZ8xX9cC0vB1nN2mQ3wE4rR5tT6yY7uU8iI9oO0pP1aS2dF3gG4hH5jJ6kK7l4hH5jJ6kK7lL8zX9cV0bN1nM2qW3eR4tT5yU6iI7oO8pP9aS0dF1gG2hH3jJ4kK5lL6zZ7xX8cC9vV0bB1nN2mM3qW4eR5tT6yU7iI8oO9pP0aS1dF2gG3hH4jJ5kK6lL7zZ8xX9cC0vB1nN2mQ3wE4rR5tT6yY7uU8iI9oO0pP1aS2dF3gG4hH5jJ6kK7lL8zX9cV0bN1nM2qW3eR4tT5yU6iI7oO8pP9aS0dF1gG2hH3jJ4kK5lL6zZ7xX8cC9vV0bB1nN2mM3qW4eR5tT6yU7iI8oO9pP0aS1dF2gG3hH4jJ5kK6lL7zZ8xX9cC0vB1nN2mQ3wE4rR5tT6yY7uU8iI9oO0pP1aS2dF3gG4hH5jJ6kK7l4hH5jJ6kK7lL8zX9cV0bN1nM2qW3eR4tT5yU6iI7oO8pP9aS0dF1gG2hH3jJ4kK5lL6zZ7xX8cC9vV0bB1nN2mM3qW4eR5tT6yU7iI8oO9pP0aS1dF2gG3hH4jJ5kK6lL7zZ8xX9cC0vB1nN2mQ3wE4rR5tT6yY7uU8iI9oO0pP1aS2dF3gG4hH5jJ6kK7lL8zX9cV0bN1nM2qW3eR4tT5yU6iI7oO8pP9aS0dF1gG2hH3jJ4kK5lL6zZ7xX8cC9vV0bB1nN2mM3qW4eR5tT6yU7iI8oO9pP0aS1dF2gG3hH4jJ5kK6lL7zZ8xX9cC0vB1nN2mQ3wE4rR5tT6yY7uU8iI9oO0pP1aS2dF3gG4hH5jJ6kK7l4hH5jJ6kK7lL8zX9cV0bN1nM2qW3eR4tT5yU6iI7oO8pP9aS0dF1gG2hH3jJ4kK5lL6z7nB9vR2mX8kLp4QjW3tY5zH1aG6sF9dD0fS8gA7hJ6kL5mN4bV3vC2xZ1oP9iU8uY7tT6rR5eE4wW3qQ2aZ1sX2dC3fV4gB5hN6jM7kL8pO9iU0yT1rE2wQ3aS4dF5gG6hH7jJ8kK9lL0zZ1xX2cC3vV4bB5nN6mM7qQ8wW9eE0rR1tT2yY3uU4iI5oO6pP7aA8sS9dD0fF1gG2hH3jJ4kK5lL6zZ7xX8cC9vV0bB1nN2mM3qW4eR5tT6yU7iI8oO9pP0aS1dF2gG3hH4jJ5kK6lL7zZ8xX9cC0vB1nN2mQ3wE4rR5tT6yY7uU8iI9oO0pP1aS2dF3gG4hH5jJ6kK7lL8zX9cV0bN1nM2qW3eR4tT5yU6iI7oO8pP9aS0dF1gG2hH3jJ4kK5lL6zZ7xX8cC9vV0bB1nN2mM3qW4eR5tT6yU7iI8oO9pP0aS1dF2gG3hH4jJ5kK6lL7zZ8xX9cC0vB1nN2mQ3wE4rR5tT6yY7uU8iI9oO0pP1aS2dF3gG4hH5jJ6kK7lL8zX9cV0bN1nM2qW3eR4tT5yU6iI7oO8pP9aS0dF1gG2hH3jJ4kK5lL6zZ7xX8cC9vV0bB1nN2mM3qW4eR5tT6yU7iI8oO9pP0aS1dF2gG3hH4jJ5kK6lL7zZ8xX9cC0vB1nN2mQ3wE4rR5tT6yY7uU8iI9oO0pP1aS2dF3gG4hH5jJ6kK7lL8zX9cV0bN1nM2qW3eR4tT5yU6iI7oO8pP9aS0dF1gG2hH3jJ4kK5lL6zZ7xX8cC9vV0bB1nN2mM3qW4eR5tT6yU7iI8oO9pP0aS1dF2gG3hH4jJ5kK6lL7zZ8xX9cC0vB1nN2mQ3wE4rR5tT6yY7uU8iI9oO0pP1aS2dF3gG4hH5jJ6kK7lL8zX9cV0bN1nM2qW3eR4tT5yU6iI7oO8pP9aS0dF1gG2hH3jJ4kK5lL6zZ7xX8cC9vV0bB1nN2mM3qW4eR5tT6yU7iI8oO9pP0aS1dF2gG3hH4jJ5kK6lL7zZ8xX9cC0vB1nN2mQ3wE4rR5tT6yY7uU8iI9oO0pP1aS2dF3gG4hH5jJ6kK7l4hH5jJ6kK7lL8zX9cV0bN1nM2qW3eR4tT5yU6iI7oO8pP9aS0dF1gG2hH3jJ4kK5lL6zZ7xX8cC9vV0bB1nN2mM3qW4eR5tT6yU7iI8oO9pP0aS1dF2gG3hH4jJ5kK6lL7zZ8xX9cC0vB1nN2mQ3wE4rR5tT6yY7uU8iI9oO0pP1aS2dF3gG4hH5jJ6kK7lL8zX9cV0bN1nM2qW3eR4tT5yU6iI7oO8pP9aS0dF1gG2hH3jJ4kK5lL6zZ7xX8cC9vV0bB1nN2mM3qW4eR5tT6yU7iI8oO9pP0aS1dF2gG3hH4jJ5kK6lL7zZ8xX9cC0vB1nN2mQ3wE4rR5tT6yY7uU8iI9oO0pP1aS2dF3gG4hH5jJ6kK7l4hH5jJ6kK7lL8zX9cV0bN1nM2qW3eR4tT5yU6iI7oO8pP9aS0dF1gG2hH3jJ4kK5lL6zZ7xX8cC9vV0bB1nN2mM3qW4eR5tT6yU7iI8oO9pP0aS1dF2gG3hH4jJ5kK6lL7zZ8xX9cC0vB1nN2mQ3wE4rR5tT6yY7uU8iI9oO0pP1aS2dF3gG4hH5jJ6kK7lL8zX9cV0bN1nM2qW3eR4tT5yU6iI7oO8pP9aS0dF1gG2hH3jJ4kK5lL6zZ7xX8cC9vV0bB1nN2mM3qW4eR5tT6yU7iI8oO9pP0aS1dF2gG3hH4jJ5kK6lL7zZ8xX9cC0vB1nN2mQ3wE4rR5tT6yY7uU8iI9oO0pP1aS2dF3gG4hH5jJ6kK7l4hH5jJ6kK7lL8zX9cV0bN1nM2qW3eR4tT5yU6iI7oO8pP9aS0dF1gG2hH3jJ4kK5lL6zZ7xX8cC9vV0bB1nN2mM3qW4eR5tT6yU7iI8oO9pP0aS1dF2gG3hH4jJ5kK6lL7zZ8xX9cC0vB1nN2mQ3wE4rR5tT6yY7uU8iI9oO0pP1aS2dF3gG4hH5jJ6kK7lL8zX9cV0bN1nM2qW3eR4tT5yU6iI7oO8pP9aS0dF1gG2hH3jJ4kK5lL6zZ7xX8cC9vV0bB1nN2mM3qW4eR5tT6yU7iI8oO9pP0aS1dF2gG3hH4jJ5kK6lL7zZ8xX9cC0vB1nN2mQ3wE4rR5tT6yY7uU8iI9oO0pP1aS2dF3gG4hH5jJ6kK7l4hH5jJ6kK7lL8zX9cV0bN1nM2qW3eR4tT5yU6iI7oO8pP9aS0dF1gG2hH3jJ4kK5lL6zZ7xX8cC9vV0bB1nN2mM3qW4eR5tT6yU7iI8oO9pP0aS1dF2gG3hH4jJ5kK6lL7zZ8xX9cC0vB1nN2mQ3wE4rR5tT6yY7uU8iI9oO0pP1aS2dF3gG4hH5jJ6kK7lL8zX9cV0bN1nM2qW3eR4tT5yU6iI7oO8pP9aS0dF1gG2hH3jJ4kK5lL6zZ7xX8cC9vV0bB1nN2mM3qW4eR5tT6yU7iI8oO9pP0aS1dF2gG3hH4jJ5kK6lL7zZ8xX9cC0vB1nN2mQ3wE4rR5tT6yY7uU8iI9oO0pP1aS2dF3gG4hH5jJ6kK7l4hH5jJ6kK7lL8zX9cV0bN1nM2qW3eR4tT5yU6iI7oO8pP9aS0dF1gG2hH3jJ4kK5lL6zZ7xX8cC9vV0bB1nN2mM3qW4eR5tT6yU7iI8oO9pP0aS1dF2gG3hH4jJ5kK6lL7zZ8xX9cC0vB1nN2mQ3wE4rR5tT6yY7uU8iI9oO0pP1aS2dF3gG4hH5jJ6kK7lL8zX9cV0bN1nM2qW3eR4tT5yU6iI7oO8pP9aS0dF1gG2hH3jJ4kK5lL6zZ7xX8cC9vV0bB1nN2mM3qW4eR5tT6yU7iI8oO9pP0aS1dF2gG3hH4jJ5kK6lL7zZ8xX9cC0vB1nN2mQ3wE4rR5tT6yY7uU8iI9oO0pP1aS2dF3gG4hH5jJ6kK7l4hH5jJ6kK7lL8zX9cV0bN1nM2qW3eR4tT5yU6iI7oO8pP9aS0dF1gG2hH3jJ4kK5lL6zZ7xX8cC9vV0bB1nN2mM3qW4eR5tT6yU7iI8oO9pP0aS1dF2gG3hH4jJ5kK6lL7zZ8xX9cC0vB1nN2mQ3wE4rR5tT6yY7uU8iI9oO0pP1aS2dF3gG4hH5jJ6kK7lL8zX9cV0bN1nM2qW3eR4tT5yU6iI7oO8pP9aS0dF1gG2hH3jJ4kK5lL6zZ7xX8cC9vV0bB1nN2mM3qW4eR5tT6yU7iI8oO9pP0aS1dF2gG3hH4jJ5kK6lL7zZ8xX9cC0vB1nN2mQ3wE4rR5tT6yY7uU8iI9oO0pP1aS2dF3gG4hH5jJ6kK7l4hH5jJ6kK7lL8zX9cV0bN1nM2qW3eR4tT5yU6iI7oO8pP9aS0dF1gG2hH3jJ4kK5lL6zZ7xX8cC9vV0bB1nN2mM3qW4eR5tT6yU7iI8oO9pP0aS1dF2gG3hH4jJ5kK6lL7zZ8xX9cC0vB1nN2mQ3wE4rR5tT6yY7uU8iI9oO0pP1aS2dF3gG4hH5jJ6kK7lL8zX9cV0bN1nM2qW3eR4tT5yU6iI7oO8pP9aS0dF1gG2hH3jJ4kK5lL6zZ7xX8cC9vV0bB1nN2mM3qW4eR5tT6yU7iI8oO9pP0aS1dF2gG3hH4jJ5kK6lL7zZ8xX9cC0vB1nN2mQ3wE4rR5tT6yY7uU8iI9oO0pP1aS2dF3gG4hH5jJ6kK7l4hH5jJ6kK7lL8zX9cV0bN1nM2qW3eR4tT5yU6iI7oO8pP9aS0dF1gG2hH3jJ4kK5lL6z7nB9vR2mX8kLp4QjW3tY5zH1aG6sF9dD0fS8gA7hJ6kL5mN4bV3vC2xZ1oP9iU8uY7tT6rR5eE4wW3qQ2aZ1sX2dC3fV4gB5hN6jM7kL8pO9iU0yT1rE2wQ3aS4dF5gG6hH7jJ8kK9lL0zZ1xX2cC3vV4bB5nN6mM7qQ8wW9eE0rR1tT2yY3uU4iI5oO6pP7aA8sS9dD0fF1gG2hH3jJ4kK5lL6zZ7xX8cC9vV0bB1nN2mM3qW4eR5tT6yU7iI8oO9pP0aS1dF2gG3hH4jJ5kK6lL7zZ8xX9cC0vB1nN2mQ3wE4rR5tT6yY7uU8iI9oO0pP1aS2dF3gG4hH5jJ6kK7lL8zX9cV0bN1nM2qW3eR4tT5yU6iI7oO8pP9aS0dF1gG2hH3jJ4kK5lL6zZ7xX8cC9vV0bB1nN2mM3qW4eR5tT6yU7iI8oO9pP0aS1dF2gG3hH4jJ5kK6lL7zZ8xX9cC0vB1nN2mQ3wE4rR5tT6yY7uU8iI9oO0pP1aS2dF3gG4hH5jJ6kK7lL8zX9cV0bN1nM2qW3eR4tT5yU6iI7oO8pP9aS0dF1gG2hH3jJ4kK5lL6zZ7xX8cC9vV0bB1nN2mM3qW4eR5tT6yU7iI8oO9pP0aS1dF2gG3hH4jJ5kK6lL7zZ8xX9cC0vB1nN2mQ3wE4rR5tT6yY7uU8iI9oO0pP1aS2dF3gG4hH5jJ6kK7lL8zX9cV0bN1nM2qW3eR4tT5yU6iI7oO8pP9aS0dF1gG2hH3jJ4kK5lL6zZ7xX8cC9vV0bB1nN2mM3qW4eR5tT6yU7iI8oO9pP0aS1dF2gG3hH4jJ5kK6lL7zZ8xX9cC0vB1nN2mQ3wE4rR5tT6yY7uU8iI9oO0pP1aS2dF3gG4hH5jJ6kK7lL8zX9cV0bN1nM2qW3eR4tT5yU6iI7oO8pP9aS0dF1gG2hH3jJ4kK5lL6zZ7xX8cC9vV0bB1nN2mM3qW4eR5tT6yU7iI8oO9pP0aS1dF2gG3hH4jJ5kK6lL7zZ8xX9cC0vB1nN2mQ3wE4rR5tT6yY7uU8iI9oO0pP1aS2dF3gG4hH5jJ6kK7l4hH5jJ6kK7lL8zX9cV0bN1nM2qW3eR4tT5yU6iI7oO8pP9aS0dF1gG2hH3jJ4kK5lL6zZ7xX8cC9vV0bB1nN2mM3qW4eR5tT6yU7iI8oO9pP0aS1dF2gG3hH4jJ5kK6lL7zZ8xX9cC0vB1nN2mQ3wE4rR5tT6yY7uU8iI9oO0pP1aS2dF3gG4hH5jJ6kK7lL8zX9cV0bN1nM2qW3eR4tT5yU6iI7oO8pP9aS0dF1gG2hH3jJ4kK5lL6zZ7xX8cC9vV0bB1nN2mM3qW4eR5tT6yU7iI8oO9pP0aS1dF2gG3hH4jJ5kK6lL7zZ8xX9cC0vB1nN2mQ3wE4rR5tT6yY7uU8iI9oO0pP1aS2dF3gG4hH5jJ6kK7l4hH5jJ6kK7lL8zX9cV0bN1nM2qW3eR4tT5yU6iI7oO8pP9aS0dF1gG2hH3jJ4kK5lL6zZ7xX8cC9vV0bB1nN2mM3qW4eR5tT6yU7iI8oO9pP0aS1dF2gG3hH4jJ5kK6lL7zZ8xX9cC0vB1nN2mQ3wE4rR5tT6yY7uU8iI9oO0pP1aS2dF3gG4hH5jJ6kK7lL8zX9cV0bN1nM2qW3eR4tT5yU6iI7oO8pP9aS0dF1gG2hH3jJ4kK5lL6zZ7xX8cC9vV0bB1nN2mM3qW4eR5tT6yU7iI8oO9pP0aS1dF2gG3hH4jJ5kK6lL7zZ8xX9cC0vB1nN2mQ3wE4rR5tT6yY7uU8iI9oO0pP1aS2dF3gG4hH5jJ6kK7l4hH5jJ6kK7lL8zX9cV0bN1nM2qW3eR4tT5yU6iI7oO8pP9aS0dF1gG2hH3jJ4kK5lL6zZ7xX8cC9vV0bB1nN2mM3qW4eR5tT6yU7iI8oO9pP0aS1dF2gG3hH4jJ5kK6lL7zZ8xX9cC0vB1nN2mQ3wE4rR5tT6yY7uU8iI9oO0pP1aS2dF3gG4hH5jJ6kK7lL8zX9cV0bN1nM2qW3eR4tT5yU6iI7oO8pP9aS0dF1gG2hH3jJ4kK5lL6zZ7xX8cC9vV0bB1nN2mM3qW4eR5tT6yU7iI8oO9pP0aS1dF2gG3hH4jJ5kK6lL7zZ8xX9cC0vB1nN2mQ3wE4rR5tT6yY7uU8iI9oO0pP1aS2dF3gG4hH5jJ6kK7l4hH5jJ6kK7lL8zX9cV0bN1nM2qW3eR4tT5yU6iI7oO8pP9aS0dF1gG2hH3jJ4kK5lL6zZ7xX8cC9vV0bB1nN2mM3qW4eR5tT6yU7iI8oO9pP0aS1dF2gG3hH4jJ5kK6lL7zZ8xX9cC0vB1nN2mQ3wE4rR5tT6yY7uU8iI9oO0pP1aS2dF3gG4hH5jJ6kK7lL8zX9cV0bN1nM2qW3eR4tT5yU6iI7oO8pP9aS0dF1gG2hH3jJ4kK5lL6zZ7xX8cC9vV0bB1nN2mM3qW4eR5tT6yU7iI8oO9pP0aS1dF2gG3hH4jJ5kK6lL7zZ8xX9cC0vB1nN2mQ3wE4rR5tT6yY7uU8iI9oO0pP1aS2dF3gG4hH5jJ6kK7l4hH5jJ6kK7lL8zX9cV0bN1nM2qW3eR4tT5yU6iI7oO8pP9aS0dF1gG2hH3jJ4kK5lL6zZ7xX8cC9vV0bB1nN2mM3qW4eR5tT6yU7iI8oO9pP0aS1dF2gG3hH4jJ5kK6lL7zZ8xX9cC0vB1nN2mQ3wE4rR5tT6yY7uU8iI9oO0pP1aS2dF3gG4hH5jJ6kK7lL8zX9cV0bN1nM2qW3eR4tT5yU6iI7oO8pP9aS0dF1gG2hH3jJ4kK5lL6zZ7xX8cC9vV0bB1nN2mM3qW4eR5tT6yU7iI8oO9pP0aS1dF2gG3hH4jJ5kK6lL7zZ8xX9cC0vB1nN2mQ3wE4rR5tT6yY7uU8iI9oO0pP1aS2dF3gG4hH5jJ6kK7l4hH5jJ6kK7lL8zX9cV0bN1nM2qW3eR4tT5yU6iI7oO8pP9aS0dF1gG2hH3jJ4kK5lL6zZ7xX8cC9vV0bB1nN2mM3qW4eR5tT6yU7iI8oO9pP0aS1dF2gG3hH4jJ5kK6lL7zZ8xX9cC0vB1nN2mQ3wE4rR5tT6yY7uU8iI9oO0pP1aS2dF3gG4hH5jJ6kK7lL8zX9cV0bN1nM2qW3eR4tT5yU6iI7oO8pP9aS0dF1gG2hH3jJ4kK5lL6zZ7xX8cC9vV0bB1nN2mM3qW4eR5tT6yU7iI8oO9pP0aS1dF2gG3hH4jJ5kK6lL7zZ8xX9cC0vB1nN2mQ3wE4rR5tT6yY7uU8iI9oO0pP1aS2dF3gG4hH5jJ6kK7l4hH5jJ6kK7lL8zX9cV0bN1nM2qW3eR4tT5yU6iI7oO8pP9aS0dF1gG2hH3jJ4kK5lL6zZ7xX8cC9vV0bB1nN2mM3qW4eR5tT6yU7iI8oO9pP0aS1dF2gG3hH4jJ5kK6lL7zZ8xX9cC0vB1nN2mQ3wE4rR5tT6yY7uU8iI9oO0pP1aS2dF3gG4hH5jJ6kK7lL8zX9cV0bN1nM2qW3eR4tT5yU6iI7oO8pP9aS0dF1gG2hH3jJ4kK5lL6zZ7xX8cC9vV0bB1nN2mM3qW4eR5tT6yU7iI8oO9pP0aS1dF2gG3hH4jJ5kK6lL7zZ8xX9cC0vB1nN2mQ3wE4rR5tT6yY7uU8iI9oO0pP1aS2dF3gG4hH5jJ6kK7l4hH5jJ6kK7lL8zX9cV0bN1nM2qW3eR4tT5yU6iI7oO8pP9aS0dF1gG2hH3jJ4kK5lL6z7nB9vR2mX8kLp4QjW3tY5zH1aG6sF9dD0fS8gA7hJ6kL5mN4bV3vC2xZ1oP9iU8uY7tT6rR5eE4wW3qQ2aZ1sX2dC3fV4gB5hN6jM7kL8pO9iU0yT1rE2wQ3aS4dF5gG6hH7jJ8kK9lL0zZ1xX2cC3vV4bB5nN6mM7qQ8wW9eE0rR1tT2yY3uU4iI5oO6pP7aA8sS9dD0fF1gG2hH3jJ4kK5lL6zZ7xX8cC9vV0bB1nN2mM3qW4eR5tT6yU7iI8oO9pP0aS1dF2gG3hH4jJ5kK6lL7zZ8xX9cC0vB1nN2mQ3wE4rR5tT6yY7uU8iI9oO0pP1aS2dF3gG4hH5jJ6kK7lL8zX9cV0bN1nM2qW3eR4tT5yU6iI7oO8pP9aS0dF1gG2hH3jJ4kK5lL6zZ7xX8cC9vV0bB1nN2mM3qW4eR5tT6yU7iI8oO9pP0aS1dF2gG3hH4jJ5kK6lL7zZ8xX9cC0vB1nN2mQ3wE4rR5tT6yY7uU8iI9oO0pP1aS2dF3gG4hH5jJ6kK7lL8zX9cV0bN1nM2qW3eR4tT5yU6iI7oO8pP9aS0dF1gG2hH3jJ4kK5lL6zZ7xX8cC9vV0bB1nN2mM3qW4eR5tT6yU7iI8oO9pP0aS1dF2gG3hH4jJ5kK6lL7zZ8xX9cC0vB1nN2mQ3wE4rR5tT6yY7uU8iI9oO0pP1aS2dF3gG4hH5jJ6kK7lL8zX9cV0bN1nM2qW3eR4tT5yU6iI7oO8pP9aS0dF1gG2hH3jJ4kK5lL6zZ7xX8cC9vV0bB1nN2mM3qW4eR5tT6yU7iI8oO9pP0aS1dF2gG3hH4jJ5kK6lL7zZ8xX9cC0vB1nN2mQ3wE4rR5tT6yY7uU8iI9oO0pP1aS2dF3gG4hH5jJ6kK7lL8zX9cV0bN1nM2qW3eR4tT5yU6iI7oO8pP9aS0dF1gG2hH3jJ4kK5lL6zZ7xX8cC9vV0bB1nN2mM3qW4eR5tT6yU7iI8oO9pP0aS1dF2gG3hH4jJ5kK6lL7zZ8xX9cC0vB1nN2mQ3wE4rR5tT6yY7uU8iI9oO0pP1aS2dF3gG4hH5jJ6kK7l4hH5jJ6kK7lL8zX9cV0bN1nM2qW3eR4tT5yU6iI7oO8pP9aS0dF1gG2hH3jJ4kK5lL6zZ7xX8cC9vV0bB1nN2mM3qW4eR5tT6yU7iI8oO9pP0aS1dF2gG3hH4jJ5kK6lL7zZ8xX9cC0vB1nN2mQ3wE4rR5tT6yY7uU8iI9oO0pP1aS2dF3gG4hH5jJ6kK7lL8zX9cV0bN1nM2qW3eR4tT5yU6iI7oO8pP9aS0dF1gG2hH3jJ4kK5lL6zZ7xX8cC9vV0bB1nN2mM3qW4eR5tT6yU7iI8oO9pP0aS1dF2gG3hH4jJ5kK6lL7zZ8xX9cC0vB1nN2mQ3wE4rR5tT6yY7uU8iI9oO0pP1aS2dF3gG4hH5jJ6kK7l4hH5jJ6kK7lL8zX9cV0bN1nM2qW3eR4tT5yU6iI7oO8pP9aS0dF1gG2hH3jJ4kK5lL6zZ7xX8cC9vV0bB1nN2mM3qW4eR5tT6yU7iI8oO9pP0aS1dF2gG3hH4jJ5kK6lL7zZ8xX9cC0vB1nN2mQ3wE4rR5tT6yY7uU8iI9oO0pP1aS2dF3gG4hH5jJ6kK7lL8zX9cV0bN1nM2qW3eR4tT5yU6iI7oO8pP9aS0dF1gG2hH3jJ4kK5lL6zZ7xX8cC9vV0bB1nN2mM3qW4eR5tT6yU7iI8oO9pP0aS1dF2gG3hH4jJ5kK6lL7zZ8xX9cC0vB1nN2mQ3wE4rR5tT6yY7uU8iI9oO0pP1aS2dF3gG4hH5jJ6kK7l4hH5jJ6kK7lL8zX9cV0bN1nM2qW3eR4tT5yU6iI7oO8pP9aS0dF1gG2hH3jJ4kK5lL6zZ7xX8cC9vV0bB1nN2mM3qW4eR5tT6yU7iI8oO9pP0aS1dF2gG3hH4jJ5kK6lL7zZ8xX9cC0vB1nN2mQ3wE4rR5tT6yY7uU8iI9oO0pP1aS2dF3gG4hH5jJ6kK7lL8zX9cV0bN1nM2qW3eR4tT5yU6iI7oO8pP9aS0dF1gG2hH3jJ4kK5lL6zZ7xX8cC9vV0bB1nN2mM3qW4eR5tT6yU7iI8oO9pP0aS1dF2gG3hH4jJ5kK6lL7zZ8xX9cC0vB1nN2mQ3wE4rR5tT6yY7uU8iI9oO0pP1aS2dF3gG4hH5jJ6kK7l4hH5jJ6kK7lL8zX9cV0bN1nM2qW3eR4tT5yU6iI7oO8pP9aS0dF1gG2hH3jJ4kK5lL6zZ7xX8cC9vV0bB1nN2mM3qW4eR5tT6yU7iI8oO9pP0aS1dF2gG3hH4jJ5kK6lL7zZ8xX9cC0vB1nN2mQ3wE4rR5tT6yY7uU8iI9oO0pP1aS2dF3gG4hH5jJ6kK7lL8zX9cV0bN1nM2qW3eR4tT5yU6iI7oO8pP9aS0dF1gG2hH3jJ4kK5lL6zZ7xX8cC9vV0bB1nN2mM3qW4eR5tT6yU7iI8oO9pP0aS1dF2gG3hH4jJ5kK6lL7zZ8xX9cC0vB1nN2mQ3wE4rR5tT6yY7uU8iI9oO0pP1aS2dF3gG4hH5jJ6kK7l4hH5jJ6kK7lL8zX9cV0bN1nM2qW3eR4tT5yU6iI7oO8pP9aS0dF1gG2hH3jJ4kK5lL6zZ7xX8cC9vV0bB1nN2mM3qW4eR5tT6yU7iI8oO9pP0aS1dF2gG3hH4jJ5kK6lL7zZ8xX9cC0vB1nN2mQ3wE4rR5tT6yY7uU8iI9oO0pP1aS2dF3gG4hH5jJ6kK7lL8zX9cV0bN1nM2qW3eR4tT5yU6iI7oO8pP9aS0dF1gG2hH3jJ4kK5lL6zZ7xX8cC9vV0bB1nN2mM3qW4eR5tT6yU7iI8oO9pP0aS1dF2gG3hH4jJ5kK6lL7zZ8xX9cC0vB1nN2mQ3wE4rR5tT6yY7uU8iI9oO0pP1aS2dF3gG4hH5jJ6kK7l4hH5jJ6kK7lL8zX9cV0bN1nM2qW3eR4tT5yU6iI7oO8pP9aS0dF1gG2hH3jJ4kK5lL6zZ7xX8cC9vV0bB1nN2mM3qW4eR5tT6yU7iI8oO9pP0aS1dF2gG3hH4jJ5kK6lL7zZ8xX9cC0vB1nN2mQ3wE4rR5tT6yY7uU8iI9oO0pP1aS2dF3gG4hH5jJ6kK7lL8zX9cV0bN1nM2qW3eR4tT5yU6iI7oO8pP9aS0dF1gG2hH3jJ4kK5lL6zZ7xX8cC9vV0bB1nN2mM3qW4eR5tT6yU7iI8oO9pP0aS1dF2gG3hH4jJ5kK6lL7zZ8xX9cC0vB1nN2mQ3wE4rR5tT6yY7uU8iI9oO0pP1aS2dF3gG4hH5jJ6kK7l4hH5jJ6kK7lL8zX9cV0bN1nM2qW3eR4tT5yU6iI7oO8pP9aS0dF1gG2hH3jJ4kK5lL6zZ7xX8cC9vV0bB1nN2mM3qW4eR5tT6yU7iI8oO9pP0aS1dF2gG3hH4jJ5kK6lL7zZ8xX9cC0vB1nN2mQ3wE4rR5tT6yY7uU8iI9oO0pP1aS2dF3gG4hH5jJ6kK7lL8zX9cV0bN1nM2qW3eR4tT5yU6iI7oO8pP9aS0dF1gG2hH3jJ4kK5lL6zZ7xX8cC9vV0bB1nN2mM3qW4eR5tT6yU7iI8oO9pP0aS1dF2gG3hH4jJ5kK6lL7zZ8xX9cC0vB1nN2mQ3wE4rR5tT6yY7uU8iI9oO0pP1aS2dF3gG4hH5jJ6kK7l4hH5jJ6kK7lL8zX9cV0bN1nM2qW3eR4tT5yU6iI7oO8pP9aS0dF1gG2hH3jJ4kK5lL6z7nB9vR2mX8kLp4QjW3tY5zH1aG6sF9dD0fS8gA7hJ6kL5mN4bV3vC2xZ1oP9iU8uY7tT6rR5eE4wW3qQ2aZ1sX2dC3fV4gB5hN6jM7kL8pO9iU0yT1rE2wQ3aS4dF5gG6hH7jJ8kK9lL0zZ1xX2cC3vV4bB5nN6mM7qQ8wW9eE0rR1tT2yY3uU4iI5oO6pP7aA8sS9dD0fF1gG2hH3jJ4kK5lL6zZ7xX8cC9vV0bB1nN2mM3qW4eR5tT6yU7iI8oO9pP0aS1dF2gG3hH4jJ5kK6lL7zZ8xX9cC0vB1nN2mQ3wE4rR5tT6yY7uU8iI9oO0pP1aS2dF3gG4hH5jJ6kK7lL8zX9cV0bN1nM2qW3eR4tT5yU6iI7oO8pP9aS0dF1gG2hH3jJ4kK5lL6zZ7xX8cC9vV0bB1nN2mM3qW4eR5tT6yU7iI8oO9pP0aS1dF2gG3hH4jJ5kK6lL7zZ8xX9cC0vB1nN2mQ3wE4rR5tT6yY7uU8iI9oO0pP1aS2dF3gG4hH5jJ6kK7lL8zX9cV0bN1nM2qW3eR4tT5yU6iI7oO8pP9aS0dF1gG2hH3jJ4kK5lL6zZ7xX8cC9vV0bB1nN2mM3qW4eR5tT6yU7iI8oO9pP0aS1dF2gG3hH4jJ5kK6lL7zZ8xX9cC0vB1nN2mQ3wE4rR5tT6yY7uU8iI9oO0pP1aS2dF3gG4hH5jJ6kK7lL8zX9cV0bN1nM2qW3eR4tT5yU6iI7oO8pP9aS0dF1gG2hH3jJ4kK5lL6zZ7xX8cC9vV0bB1nN2mM3qW4eR5tT6yU7iI8oO9pP0aS1dF2gG3hH4jJ5kK6lL7zZ8xX9cC0vB1nN2mQ3wE4rR5tT6yY7uU8iI9oO0pP1aS2dF3gG4hH5jJ6kK7lL8zX9cV0bN1nM2qW3eR4tT5yU6iI7oO8pP9aS0dF1gG2hH3jJ4kK5lL6zZ7xX8cC9vV0bB1nN2mM3qW4eR5tT6yU7iI8oO9pP0aS1dF2gG3hH4jJ5kK6lL7zZ8xX9cC0vB1nN2mQ3wE4rR5tT6yY7uU8iI9oO0pP1aS2dF3gG4hH5jJ6kK7l4hH5jJ6kK7lL8zX9cV0bN1nM2qW3eR4tT5yU6iI7oO8pP9aS0dF1gG2hH3jJ4kK5lL6zZ7xX8cC9vV0bB1nN2mM3qW4eR5tT6yU7iI8oO9pP0aS1dF2gG3hH4jJ5kK6lL7zZ8xX9cC0vB1nN2mQ3wE4rR5tT6yY7uU8iI9oO0pP1aS2dF3gG4hH5jJ6kK7lL8zX9cV0bN1nM2qW3eR4tT5yU6iI7oO8pP9aS0dF1gG2hH3jJ4kK5lL6zZ7xX8cC9vV0bB1nN2mM3qW4eR5tT6yU7iI8oO9pP0aS1dF2gG3hH4jJ5kK6lL7zZ8xX9cC0vB1nN2mQ3wE4rR5tT6yY7uU8iI9oO0pP1aS2dF3gG4hH5jJ6kK7l4hH5jJ6kK7lL8zX9cV0bN1nM2qW3eR4tT5yU6iI7oO8pP9aS0dF1gG2hH3jJ4kK5lL6zZ7xX8cC9vV0bB1nN2mM3qW4eR5tT6yU7iI8oO9pP0aS1dF2gG3hH4jJ5kK6lL7zZ8xX9cC0vB1nN2mQ3wE4rR5tT6yY7uU8iI9oO0pP1aS2dF3gG4hH5jJ6kK7lL8zX9cV0bN1nM2qW3eR4tT5yU6iI7oO8pP9aS0dF1gG2hH3jJ4kK5lL6zZ7xX8cC9vV0bB1nN2mM3qW4eR5tT6yU7iI8oO9pP0aS1dF2gG3hH4jJ5kK6lL7zZ8xX9cC0vB1nN2mQ3wE4rR5tT6yY7uU8iI9oO0pP1aS2dF3gG4hH5jJ6kK7l4hH5jJ6kK7lL8zX9cV0bN1nM2qW3eR4tT5yU6iI7oO8pP9aS0dF1gG2hH3jJ4kK5lL6zZ7xX8cC9vV0bB1nN2mM3qW4eR5tT6yU7iI8oO9pP0aS1dF2gG3hH4jJ5kK6lL7zZ8xX9cC0vB1nN2mQ3wE4rR5tT6yY7uU8iI9oO0pP1aS2dF3gG4hH5jJ6kK7lL8zX9cV0bN1nM2qW3eR4tT5yU6iI7oO8pP9aS0dF1gG2hH3jJ4kK5lL6zZ7xX8cC9vV0bB1nN2mM3qW4eR5tT6yU7iI8oO9pP0aS1dF2gG3hH4jJ5kK6lL7zZ8xX9cC0vB1nN2mQ3wE4rR5tT6yY7uU8iI9oO0pP1aS2dF3gG4hH5jJ6kK7l4hH5jJ6kK7lL8zX9cV0bN1nM2qW3eR4tT5yU6iI7oO8pP9aS0dF1gG2hH3jJ4kK5lL6zZ7xX8cC9vV0bB1nN2mM3qW4eR5tT6yU7iI8oO9pP0aS1dF2gG3hH4jJ5kK6lL7zZ8xX9cC0vB1nN2mQ3wE4rR5tT6yY7uU8iI9oO0pP1aS2dF3gG4hH5jJ6kK7lL8zX9cV0bN1nM2qW3eR4tT5yU6iI7oO8pP9aS0dF1gG2hH3jJ4kK5lL6zZ7xX8cC9vV0bB1nN2mM3qW4eR5tT6yU7iI8oO9pP0aS1dF2gG3hH4jJ5kK6lL7zZ8xX9cC0vB1nN2mQ3wE4rR5tT6yY7uU8iI9oO0pP1aS2dF3gG4hH5jJ6kK7l4hH5jJ6kK7lL8zX9cV0bN1nM2qW3eR4tT5yU6iI7oO8pP9aS0dF1gG2hH3jJ4kK5lL6zZ7xX8cC9vV0bB1nN2mM3qW4eR5tT6yU7iI8oO9pP0aS1dF2gG3hH4jJ5kK6lL7zZ8xX9cC0vB1nN2mQ3wE4rR5tT6yY7uU8iI9oO0pP1aS2dF3gG4hH5jJ6kK7lL8zX9cV0bN1nM2qW3eR4tT5yU6iI7oO8pP9aS0dF1gG2hH3jJ4kK5lL6zZ7xX8cC9vV0bB1nN2mM3qW4eR5tT6yU7iI8oO9pP0aS1dF2gG3hH4jJ5kK6lL7zZ8xX9cC0vB1nN2mQ3wE4rR5tT6yY7uU8iI9oO0pP1aS2dF3gG4hH5jJ6kK7l4hH5jJ6kK7lL8zX9cV0bN1nM2qW3eR4tT5yU6iI7oO8pP9aS0dF1gG2hH3jJ4kK5lL6zZ7xX8cC9vV0bB1nN2mM3qW4eR5tT6yU7iI8oO9pP0aS1dF2gG3hH4jJ5kK6lL7zZ8xX9cC0vB1nN2mQ3wE4rR5tT6yY7uU8iI9oO0pP1aS2dF3gG4hH5jJ6kK7lL8zX9cV0bN1nM2qW3eR4tT5yU6iI7oO8pP9aS0dF1gG2hH3jJ4kK5lL6zZ7xX8cC9vV0bB1nN2mM3qW4eR5tT6yU7iI8oO9pP0aS1dF2gG3hH4jJ5kK6lL7zZ8xX9cC0vB1nN2mQ3wE4rR5tT6yY7uU8iI9oO0pP1aS2dF3gG4hH5jJ6kK7l4hH5jJ6kK7lL8zX9cV0bN1nM2qW3eR4tT5yU6iI7oO8pP9aS0dF1gG2hH3jJ4kK5lL6zZ7xX8cC9vV0bB1nN2mM3qW4eR5tT6yU7iI8oO9pP0aS1dF2gG3hH4jJ5kK6lL7zZ8xX9cC0vB1nN2mQ3wE4rR5tT6yY7uU8iI9oO0pP1aS2dF3gG4hH5jJ6kK7lL8zX9cV0bN1nM2qW3eR4tT5yU6iI7oO8pP9aS0dF1gG2hH3jJ4kK5lL6zZ7xX8cC9vV0bB1nN2mM3qW4eR5tT6yU7iI8oO9pP0aS1dF2gG3hH4jJ5kK6lL7zZ8xX9cC0vB1nN2mQ3wE4rR5tT6yY7uU8iI9oO0pP1aS2dF3gG4hH5jJ6kK7l4hH5jJ6kK7lL8zX9cV0bN1nM2qW3eR4tT5yU6iI7oO8pP9aS0dF1gG2hH3jJ4kK5lL6z7nB9vR2mX8kLp4QjW3tY5zH1aG6sF9dD0fS8gA7hJ6kL5mN4bV3vC2xZ1oP9iU8uY7tT6rR5eE4wW3qQ2aZ1sX2dC3fV4gB5hN6jM7kL8pO9iU0yT1rE2wQ3aS4dF5gG6hH7jJ8kK9lL0zZ1xX2cC3vV4bB5nN6mM7qQ8wW9eE0rR1tT2yY3uU4iI5oO6pP7aA8sS9dD0fF1gG2hH3jJ4kK5lL6zZ7xX8cC9vV0bB1nN2mM3qW4eR5tT6yU7iI8oO9pP0aS1dF2gG3hH4jJ5kK6lL7zZ8xX9cC0vB1nN2mQ3wE4rR5tT6yY7uU8iI9oO0pP1aS2dF3gG4hH5jJ6kK7lL8zX9cV0bN1nM2qW3eR4tT5yU6iI7oO8pP9aS0dF1gG2hH3jJ4kK5lL6zZ7xX8cC9vV0bB1nN2mM3qW4eR5tT6yU7iI8oO9pP0aS1dF2gG3hH4jJ5kK6lL7zZ8xX9cC0vB1nN2mQ3wE4rR5tT6yY7uU8iI9oO0pP1aS2dF3gG4hH5jJ6kK7lL8zX9cV0bN1nM2qW3eR4tT5yU6iI7oO8pP9aS0dF1gG2hH3jJ4kK5lL6zZ7xX8cC9vV0bB1nN2mM3qW4eR5tT6yU7iI8oO9pP0aS1dF2gG3hH4jJ5kK6lL7zZ8xX9cC0vB1nN2mQ3wE4rR5tT6yY7uU8iI9oO0pP1aS2dF3gG4hH5jJ6kK7lL8zX9cV0bN1nM2qW3eR4tT5yU6iI7oO8pP9aS0dF1gG2hH3jJ4kK5lL6zZ7xX8cC9vV0bB1nN2mM3qW4eR5tT6yU7iI8oO9pP0aS1dF2gG3hH4jJ5kK6lL7zZ8xX9cC0vB1nN2mQ3wE4rR5tT6yY7uU8iI9oO0pP1aS2dF3gG4hH5jJ6kK7lL8zX9cV0bN1nM2qW3eR4tT5yU6iI7oO8pP9aS0dF1gG2hH3jJ4kK5lL6zZ7xX8cC9vV0bB1nN2mM3qW4eR5tT6yU7iI8oO9pP0aS1dF2gG3hH4jJ5kK6lL7zZ8xX9cC0vB1nN2mQ3wE4rR5tT6yY7uU8iI9oO0pP1aS2dF3gG4hH5jJ6kK7l4hH5jJ6kK7lL8zX9cV0bN1nM2qW3eR4tT5yU6iI7oO8pP9aS0dF1gG2hH3jJ4kK5lL6zZ7xX8cC9vV0bB1nN2mM3qW4eR5tT6yU7iI8oO9pP0aS1dF2gG3hH4jJ5kK6lL7zZ8xX9cC0vB1nN2mQ3wE4rR5tT6yY7uU8iI9oO0pP1aS2dF3gG4hH5jJ6kK7lL8zX9cV0bN1nM2qW3eR4tT5yU6iI7oO8pP9aS0dF1gG2hH3jJ4kK5lL6zZ7xX8cC9vV0bB1nN2mM3qW4eR5tT6yU7iI8oO9pP0aS1dF2gG3hH4jJ5kK6lL7zZ8xX9cC0vB1nN2mQ3wE4rR5tT6yY7uU8iI9oO0pP1aS2dF3gG4hH5jJ6kK7l4hH5jJ6kK7lL8zX9cV0bN1nM2qW3eR4tT5yU6iI7oO8pP9aS0dF1gG2hH3jJ4kK5lL6zZ7xX8cC9vV0bB1nN2mM3qW4eR5tT6yU7iI8oO9pP0aS1dF2gG3hH4jJ5kK6lL7zZ8xX9cC0vB1nN2mQ3wE4rR5tT6yY7uU8iI9oO0pP1aS2dF3gG4hH5jJ6kK7lL8zX9cV0bN1nM2qW3eR4tT5yU6iI7oO8pP9aS0dF1gG2hH3jJ4kK5lL6zZ7xX8cC9vV0bB1nN2mM3qW4eR5tT6yU7iI8oO9pP0aS1dF2gG3hH4jJ5kK6lL7zZ8xX9cC0vB1nN2mQ3wE4rR5tT6yY7uU8iI9oO0pP1aS2dF3gG4hH5jJ6kK7l4hH5jJ6kK7lL8zX9cV0bN1nM2qW3eR4tT5yU6iI7oO8pP9aS0dF1gG2hH3jJ4kK5lL6zZ7xX8cC9vV0bB1nN2mM3qW4eR5tT6yU7iI8oO9pP0aS1dF2gG3hH4jJ5kK6lL7zZ8xX9cC0vB1nN2mQ3wE4rR5tT6yY7uU8iI9oO0pP1aS2dF3gG4hH5jJ6kK7lL8zX9cV0bN1nM2qW3eR4tT5yU6iI7oO8pP9aS0dF1gG2hH3jJ4kK5lL6zZ7xX8cC9vV0bB1nN2mM3qW4eR5tT6yU7iI8oO9pP0aS1dF2gG3hH4jJ5kK6lL7zZ8xX9cC0vB1nN2mQ3wE4rR5tT6yY7uU8iI9oO0pP1aS2dF3gG4hH5jJ6kK7l4hH5jJ6kK7lL8zX9cV0bN1nM2qW3eR4tT5yU6iI7oO8pP9aS0dF1gG2hH3jJ4kK5lL6zZ7xX8cC9vV0bB1nN2mM3qW4eR5tT6yU7iI8oO9pP0aS1dF2gG3hH4jJ5kK6lL7zZ8xX9cC0vB1nN2mQ3wE4rR5tT6yY7uU8iI9oO0pP1aS2dF3gG4hH5jJ6kK7lL8zX9cV0bN1nM2qW3eR4tT5yU6iI7oO8pP9aS0dF1gG2hH3jJ4kK5lL6zZ7xX8cC9vV0bB1nN2mM3qW4eR5tT6yU7iI8oO9pP0aS1dF2gG3hH4jJ5kK6lL7zZ8xX9cC0vB1nN2mQ3wE4rR5tT6yY7uU8iI9oO0pP1aS2dF3gG4hH5jJ6kK7l4hH5jJ6kK7lL8zX9cV0bN1nM2qW3eR4tT5yU6iI7oO8pP9aS0dF1gG2hH3jJ4kK5lL6zZ7xX8cC9vV0bB1nN2mM3qW4eR5tT6yU7iI8oO9pP0aS1dF2gG3hH4jJ5kK6lL7zZ8xX9cC0vB1nN2mQ3wE4rR5tT6yY7uU8iI9oO0pP1aS2dF3gG4hH5jJ6kK7lL8zX9cV0bN1nM2qW3eR4tT5yU6iI7oO8pP9aS0dF1gG2hH3jJ4kK5lL6zZ7xX8cC9vV0bB1nN2mM3qW4eR5tT6yU7iI8oO9pP0aS1dF2gG3hH4jJ5kK6lL7zZ8xX9cC0vB1nN2mQ3wE4rR5tT6yY7uU8iI9oO0pP1aS2dF3gG4hH5jJ6kK7l4hH5jJ6kK7lL8zX9cV0bN1nM2qW3eR4tT5yU6iI7oO8pP9aS0dF1gG2hH3jJ4kK5lL6zZ7xX8cC9vV0bB1nN2mM3qW4eR5tT6yU7iI8oO9pP0aS1dF2gG3hH4jJ5kK6lL7zZ8xX9cC0vB1nN2mQ3wE4rR5tT6yY7uU8iI9oO0pP1aS2dF3gG4hH5jJ6kK7lL8zX9cV0bN1nM2qW3eR4tT5yU6iI7oO8pP9aS0dF1gG2hH3jJ4kK5lL6zZ7xX8cC9vV0bB1nN2mM3qW4eR5tT6yU7iI8oO9pP0aS1dF2gG3hH4jJ5kK6lL7zZ8xX9cC0vB1nN2mQ3wE4rR5tT6yY7uU8iI9oO0pP1aS2dF3gG4hH5jJ6kK7l4hH5jJ6kK7lL8zX9cV0bN1nM2qW3eR4tT5yU6iI7oO8pP9aS0dF1gG2hH3jJ4kK5lL6zZ7xX8cC9vV0bB1nN2mM3qW4eR5tT6yU7iI8oO9pP0aS1dF2gG3hH4jJ5kK6lL7zZ8xX9cC0vB1nN2mQ3wE4rR5tT6yY7uU8iI9oO0pP1aS2dF3gG4hH5jJ6kK7lL8zX9cV0bN1nM2qW3eR4tT5yU6iI7oO8pP9aS0dF1gG2hH3jJ4kK5lL6zZ7xX8cC9vV0bB1nN2mM3qW4eR5tT6yU7iI8oO9pP0aS1dF2gG3hH4jJ5kK6lL7zZ8xX9cC0vB1nN2mQ3wE4rR5tT6yY7uU8iI9oO0pP1aS2dF3gG4hH5jJ6kK7l4hH5jJ6kK7lL8zX9cV0bN1nM2qW3eR4tT5yU6iI7oO8pP9aS0dF1gG2hH3jJ4kK5lL6z7nB9vR2mX8kLp4QjW3tY5zH1aG6sF9dD0fS8gA7hJ6kL5mN4bV3vC2xZ1oP9iU8uY7tT6rR5eE4wW3qQ2aZ1sX2dC3fV4gB5hN6jM7kL8pO9iU0yT1rE2wQ3aS4dF5gG6hH7jJ8kK9lL0zZ1xX2cC3vV4bB5nN6mM7qQ8wW9eE0rR1tT2yY3uU4iI5oO6pP7aA8sS9dD0fF1gG2hH3jJ4kK5lL6zZ7xX8cC9vV0bB1nN2mM3qW4eR5tT6yU7iI8oO9pP0aS1dF2gG3hH4jJ5kK6lL7zZ8xX9cC0vB1nN2mQ3wE4rR5tT6yY7uU8iI9oO0pP1aS2dF3gG4hH5jJ6kK7lL8zX9cV0bN1nM2qW3eR4tT5yU6iI7oO8pP9aS0dF1gG2hH3jJ4kK5lL6zZ7xX8cC9vV0bB1nN2mM3qW4eR5tT6yU7iI8oO9pP0aS1dF2gG3hH4jJ5kK6lL7zZ8xX9cC0vB1nN2mQ3wE4rR5tT6yY7uU8iI9oO0pP1aS2dF3gG4hH5jJ6kK7lL8zX9cV0bN1nM2qW3eR4tT5yU6iI7oO8pP9aS0dF1gG2hH3jJ4kK5lL6zZ7xX8cC9vV0bB1nN2mM3qW4eR5tT6yU7iI8oO9pP0aS1dF2gG3hH4jJ5kK6lL7zZ8xX9cC0vB1nN2mQ3wE4rR5tT6yY7uU8iI9oO0pP1aS2dF3gG4hH5jJ6kK7lL8zX9cV0bN1nM2qW3eR4tT5yU6iI7oO8pP9aS0dF1gG2hH3jJ4kK5lL6zZ7xX8cC9vV0bB1nN2mM3qW4eR5tT6yU7iI8oO9pP0aS1dF2gG3hH4jJ5kK6lL7zZ8xX9cC0vB1nN2mQ3wE4rR5tT6yY7uU8iI9oO0pP1aS2dF3gG4hH5jJ6kK7lL8zX9cV0bN1nM2qW3eR4tT5yU6iI7oO8pP9aS0dF1gG2hH3jJ4kK5lL6zZ7xX8cC9vV0bB1nN2mM3qW4eR5tT6yU7iI8oO9pP0aS1dF2gG3hH4jJ5kK6lL7zZ8xX9cC0vB1nN2mQ3wE4rR5tT6yY7uU8iI9oO0pP1aS2dF3gG4hH5jJ6kK7l4hH5jJ6kK7lL8zX9cV0bN1nM2qW3eR4tT5yU6iI7oO8pP9aS0dF1gG2hH3jJ4kK5lL6zZ7xX8cC9vV0bB1nN2mM3qW4eR5tT6yU7iI8oO9pP0aS1dF2gG3hH4jJ5kK6lL7zZ8xX9cC0vB1nN2mQ3wE4rR5tT6yY7uU8iI9oO0pP1aS2dF3gG4hH5jJ6kK7lL8zX9cV0bN1nM2qW3eR4tT5yU6iI7oO8pP9aS0dF1gG2hH3jJ4kK5lL6zZ7xX8cC9vV0bB1nN2mM3qW4eR5tT6yU7iI8oO9pP0aS1dF2gG3hH4jJ5kK6lL7zZ8xX9cC0vB1nN2mQ3wE4rR5tT6yY7uU8iI9oO0pP1aS2dF3gG4hH5jJ6kK7l4hH5jJ6kK7lL8zX9cV0bN1nM2qW3eR4tT5yU6iI7oO8pP9aS0dF1gG2hH3jJ4kK5lL6zZ7xX8cC9vV0bB1nN2mM3qW4eR5tT6yU7iI8oO9pP0aS1dF2gG3hH4jJ5kK6lL7zZ8xX9cC0vB1nN2mQ3wE4rR5tT6yY7uU8iI9oO0pP1aS2dF3gG4hH5jJ6kK7lL8zX9cV0bN1nM2qW3eR4tT5yU6iI7oO8pP9aS0dF1gG2hH3jJ4kK5lL6zZ7xX8cC9vV0bB1nN2mM3qW4eR5tT6yU7iI8oO9pP0aS1dF2gG3hH4jJ5kK6lL7zZ8xX9cC0vB1nN2mQ3wE4rR5tT6yY7uU8iI9oO0pP1aS2dF3gG4hH5jJ6kK7l4hH5jJ6kK7lL8zX9cV0bN1nM2qW3eR4tT5yU6iI7oO8pP9aS0dF1gG2hH3jJ4kK5lL6zZ7xX8cC9vV0bB1nN2mM3qW4eR5tT6yU7iI8oO9pP0aS1dF2gG3hH4jJ5kK6lL7zZ8xX9cC0vB1nN2mQ3wE4rR5tT6yY7uU8iI9oO0pP1aS2dF3gG4hH5jJ6kK7lL8zX9cV0bN1nM2qW3eR4tT5yU6iI7oO8pP9aS0dF1gG2hH3jJ4kK5lL6zZ7xX8cC9vV0bB1nN2mM3qW4eR5tT6yU7iI8oO9pP0aS1dF2gG3hH4jJ5kK6lL7zZ8xX9cC0vB1nN2mQ3wE4rR5tT6yY7uU8iI9oO0pP1aS2dF3gG4hH5jJ6kK7l4hH5jJ6kK7lL8zX9cV0bN1nM2qW3eR4tT5yU6iI7oO8pP9aS0dF1gG2hH3jJ4kK5lL6zZ7xX8cC9vV0bB1nN2mM3qW4eR5tT6yU7iI8oO9pP0aS1dF2gG3hH4jJ5kK6lL7zZ8xX9cC0vB1nN2mQ3wE4rR5tT6yY7uU8iI9oO0pP1aS2dF3gG4hH5jJ6kK7lL8zX9cV0bN1nM2qW3eR4tT5yU6iI7oO8pP9aS0dF1gG2hH3jJ4kK5lL6zZ7xX8cC9vV0bB1nN2mM3qW4eR5tT6yU7iI8oO9pP0aS1dF2gG3hH4jJ5kK6lL7zZ8xX9cC0vB1nN2mQ3wE4rR5tT6yY7uU8iI9oO0pP1aS2dF3gG4hH5jJ6kK7l4hH5jJ6kK7lL8zX9cV0bN1nM2qW3eR4tT5yU6iI7oO8pP9aS0dF1gG2hH3jJ4kK5lL6zZ7xX8cC9vV0bB1nN2mM3qW4eR5tT6yU7iI8oO9pP0aS1dF2gG3hH4jJ5kK6lL7zZ8xX9cC0vB1nN2mQ3wE4rR5tT6yY7uU8iI9oO0pP1aS2dF3gG4hH5jJ6kK7lL8zX9cV0bN1nM2qW3eR4tT5yU6iI7oO8pP9aS0dF1gG2hH3jJ4kK5lL6zZ7xX8cC9vV0bB1nN2mM3qW4eR5tT6yU7iI8oO9pP0aS1dF2gG3hH4jJ5kK6lL7zZ8xX9cC0vB1nN2mQ3wE4rR5tT6yY7uU8iI9oO0pP1aS2dF3gG4hH5jJ6kK7l4hH5jJ6kK7lL8zX9cV0bN1nM2qW3eR4tT5yU6iI7oO8pP9aS0dF1gG2hH3jJ4kK5lL6zZ7xX8cC9vV0bB1nN2mM3qW4eR5tT6yU7iI8oO9pP0aS1dF2gG3hH4jJ5kK6lL7zZ8xX9cC0vB1nN2mQ3wE4rR5tT6yY7uU8iI9oO0pP1aS2dF3gG4hH5jJ6kK7lL8zX9cV0bN1nM2qW3eR4tT5yU6iI7oO8pP9aS0dF1gG2hH3jJ4kK5lL6zZ7xX8cC9vV0bB1nN2mM3qW4eR5tT6yU7iI8oO9pP0aS1dF2gG3hH4jJ5kK6lL7zZ8xX9cC0vB1nN2mQ3wE4rR5tT6yY7uU8iI9oO0pP1aS2dF3gG4hH5jJ6kK7l4hH5jJ6kK7lL8zX9cV0bN1nM2qW3eR4tT5yU6iI7oO8pP9aS0dF1gG2hH3jJ4kK5lL6zZ7xX8cC9vV0bB1nN2mM3qW4eR5tT6yU7iI8oO9pP0aS1dF2gG3hH4jJ5kK6lL7zZ8xX9cC0vB1nN2mQ3wE4rR5tT6yY7uU8iI9oO0pP1aS2dF3gG4hH5jJ6kK7lL8zX9cV0bN1nM2qW3eR4tT5yU6iI7oO8pP9aS0dF1gG2hH3jJ4kK5lL6zZ7xX8cC9vV0bB1nN2mM3qW4eR5tT6yU7iI8oO9pP0aS1dF2gG3hH4jJ5kK6lL7zZ8xX9cC0vB1nN2mQ3wE4rR5tT6yY7uU8iI9oO0pP1aS2dF3gG4hH5jJ6kK7l4hH5jJ6kK7lL8zX9cV0bN1nM2qW3eR4tT5yU6iI7oO8pP9aS0dF1gG2hH3jJ4kK5lL6z7nB9vR2mX8kLp4QjW3tY5zH1aG6sF9dD0fS8gA7hJ6kL5mN4bV3vC2xZ1oP9iU8uY7tT6rR5eE4wW3qQ2aZ1sX2dC3fV4gB5hN6jM7kL8pO9iU0yT1rE2wQ3aS4dF5gG6hH7jJ8kK9lL0zZ1xX2cC3vV4bB5nN6mM7qQ8wW9eE0rR1tT2yY3uU4iI5oO6pP7aA8sS9dD0fF1gG2hH3jJ4kK5lL6zZ7xX8cC9vV0bB1nN2mM3qW4eR5tT6yU7iI8oO9pP0aS1dF2gG3hH4jJ5kK6lL7zZ8xX9cC0vB1nN2mQ3wE4rR5tT6yY7uU8iI9oO0pP1aS2dF3gG4hH5jJ6kK7lL8zX9cV0bN1nM2qW3eR4tT5yU6iI7oO8pP9aS0dF1gG2hH3jJ4kK5lL6zZ7xX8cC9vV0bB1nN2mM3qW4eR5tT6yU7iI8oO9pP0aS1dF2gG3hH4jJ5kK6lL7zZ8xX9cC0vB1nN2mQ3wE4rR5tT6yY7uU8iI9oO0pP1aS2dF3gG4hH5jJ6kK7lL8zX9cV0bN1nM2qW3eR4tT5yU6iI7oO8pP9aS0dF1gG2hH3jJ4kK5lL6zZ7xX8cC9vV0bB1nN2mM3qW4eR5tT6yU7iI8oO9pP0aS1dF2gG3hH4jJ5kK6lL7zZ8xX9cC0vB1nN2mQ3wE4rR5tT6yY7uU8iI9oO0pP1aS2dF3gG4hH5jJ6kK7lL8zX9cV0bN1nM2qW3eR4tT5yU6iI7oO8pP9aS0dF1gG2hH3jJ4kK5lL6zZ7xX8cC9vV0bB1nN2mM3qW4eR5tT6yU7iI8oO9pP0aS1dF2gG3hH4jJ5kK6lL7zZ8xX9cC0vB1nN2mQ3wE4rR5tT6yY7uU8iI9oO0pP1aS2dF3gG4hH5jJ6kK7lL8zX9cV0bN1nM2qW3eR4tT5yU6iI7oO8pP9aS0dF1gG2hH3jJ4kK5lL6zZ7xX8cC9vV0bB1nN2mM3qW4eR5tT6yU7iI8oO9pP0aS1dF2gG3hH4jJ5kK6lL7zZ8xX9cC0vB1nN2mQ3wE4rR5tT6yY7uU8iI9oO0pP1aS2dF3gG4hH5jJ6kK7l4hH5jJ6kK7lL8zX9cV0bN1nM2qW3eR4tT5yU6iI7oO8pP9aS0dF1gG2hH3jJ4kK5lL6zZ7xX8cC9vV0bB1nN2mM3qW4eR5tT6yU7iI8oO9pP0aS1dF2gG3hH4jJ5kK6lL7zZ8xX9cC0vB1nN2mQ3wE4rR5tT6yY7uU8iI9oO0pP1aS2dF3gG4hH5jJ6kK7lL8zX9cV0bN1nM2qW3eR4tT5yU6iI7oO8pP9aS0dF1gG2hH3jJ4kK5lL6zZ7xX8cC9vV0bB1nN2mM3qW4eR5tT6yU7iI8oO9pP0aS1dF2gG3hH4jJ5kK6lL7zZ8xX9cC0vB1nN2mQ3wE4rR5tT6yY7uU8iI9oO0pP1aS2dF3gG4hH5jJ6kK7l4hH5jJ6kK7lL8zX9cV0bN1nM2qW3eR4tT5yU6iI7oO8pP9aS0dF1gG2hH3jJ4kK5lL6zZ7xX8cC9vV0bB1nN2mM3qW4eR5tT6yU7iI8oO9pP0aS1dF2gG3hH4jJ5kK6lL7zZ8xX9cC0vB1nN2mQ3wE4rR5tT6yY7uU8iI9oO0pP1aS2dF3gG4hH5jJ6kK7lL8zX9cV0bN1nM2qW3eR4tT5yU6iI7oO8pP9aS0dF1gG2hH3jJ4kK5lL6zZ7xX8cC9vV0bB1nN2mM3qW4eR5tT6yU7iI8oO9pP0aS1dF2gG3hH4jJ5kK6lL7zZ8xX9cC0vB1nN2mQ3wE4rR5tT6yY7uU8iI9oO0pP1aS2dF3gG4hH5jJ6kK7l4hH5jJ6kK7lL8zX9cV0bN1nM2qW3eR4tT5yU6iI7oO8pP9aS0dF1gG2hH3jJ4kK5lL6zZ7xX8cC9vV0bB1nN2mM3qW4eR5tT6yU7iI8oO9pP0aS1dF2gG3hH4jJ5kK6lL7zZ8xX9cC0vB1nN2mQ3wE4rR5tT6yY7uU8iI9oO0pP1aS2dF3gG4hH5jJ6kK7lL8zX9cV0bN1nM2qW3eR4tT5yU6iI7oO8pP9aS0dF1gG2hH3jJ4kK5lL6zZ7xX8cC9vV0bB1nN2mM3qW4eR5tT6yU7iI8oO9pP0aS1dF2gG3hH4jJ5kK6lL7zZ8xX9cC0vB1nN2mQ3wE4rR5tT6yY7uU8iI9oO0pP1aS2dF3gG4hH5jJ6kK7l4hH5jJ6kK7lL8zX9cV0bN1nM2qW3eR4tT5yU6iI7oO8pP9aS0dF1gG2hH3jJ4kK5lL6zZ7xX8cC9vV0bB1nN2mM3qW4eR5tT6yU7iI8oO9pP0aS1dF2gG3hH4jJ5kK6lL7zZ8xX9cC0vB1nN2mQ3wE4rR5tT6yY7uU8iI9oO0pP1aS2dF3gG4hH5jJ6kK7lL8zX9cV0bN1nM2qW3eR4tT5yU6iI7oO8pP9aS0dF1gG2hH3jJ4kK5lL6zZ7xX8cC9vV0bB1nN2mM3qW4eR5tT6yU7iI8oO9pP0aS1dF2gG3hH4jJ5kK6lL7zZ8xX9cC0vB1nN2mQ3wE4rR5tT6yY7uU8iI9oO0pP1aS2dF3gG4hH5jJ6kK7l4hH5jJ6kK7lL8zX9cV0bN1nM2qW3eR4tT5yU6iI7oO8pP9aS0dF1gG2hH3jJ4kK5lL6zZ7xX8cC9vV0bB1nN2mM3qW4eR5tT6yU7iI8oO9pP0aS1dF2gG3hH4jJ5kK6lL7zZ8xX9cC0vB1nN2mQ3wE4rR5tT6yY7uU8iI9oO0pP1aS2dF3gG4hH5jJ6kK7lL8zX9cV0bN1nM2qW3eR4tT5yU6iI7oO8pP9aS0dF1gG2hH3jJ4kK5lL6zZ7xX8cC9vV0bB1nN2mM3qW4eR5tT6yU7iI8oO9pP0aS1dF2gG3hH4jJ5kK6lL7zZ8xX9cC0vB1nN2mQ3wE4rR5tT6yY7uU8iI9oO0pP1aS2dF3gG4hH5jJ6kK7l4hH5jJ6kK7lL8zX9cV0bN1nM2qW3eR4tT5yU6iI7oO8pP9aS0dF1gG2hH3jJ4kK5lL6zZ7xX8cC9vV0bB1nN2mM3qW4eR5tT6yU7iI8oO9pP0aS1dF2gG3hH4jJ5kK6lL7zZ8xX9cC0vB1nN2mQ3wE4rR5tT6yY7uU8iI9oO0pP1aS2dF3gG4hH5jJ6kK7lL8zX9cV0bN1nM2qW3eR4tT5yU6iI7oO8pP9aS0dF1gG2hH3jJ4kK5lL6zZ7xX8cC9vV0bB1nN2mM3qW4eR5tT6yU7iI8oO9pP0aS1dF2gG3hH4jJ5kK6lL7zZ8xX9cC0vB1nN2mQ3wE4rR5tT6yY7uU8iI9oO0pP1aS2dF3gG4hH5jJ6kK7l4hH5jJ6kK7lL8zX9cV0bN1nM2qW3eR4tT5yU6iI7oO8pP9aS0dF1gG2hH3jJ4kK5lL6zZ7xX8cC9vV0bB1nN2mM3qW4eR5tT6yU7iI8oO9pP0aS1dF2gG3hH4jJ5kK6lL7zZ8xX9cC0vB1nN2mQ3wE4rR5tT6yY7uU8iI9oO0pP1aS2dF3gG4hH5jJ6kK7lL8zX9cV0bN1nM2qW3eR4tT5yU6iI7oO8pP9aS0dF1gG2hH3jJ4kK5lL6zZ7xX8cC9vV0bB1nN2mM3qW4eR5tT6yU7iI8oO9pP0aS1dF2gG3hH4jJ5kK6lL7zZ8xX9cC0vB1nN2mQ3wE4rR5tT6yY7uU8iI9oO0pP1aS2dF3gG4hH5jJ6kK7l4hH5jJ6kK7lL8zX9cV0bN1nM2qW3eR4tT5yU6iI7oO8pP9aS0dF1gG2hH3jJ4kK5lL6z8zX9cV0bN1nM2qW3eR4tT5yU6iI7oO8pP9aS0dF1gG2hH3jJ4kK5lL6zZ7xX8cC9vV0bB1nN2mM3qW4eR5tT6yU7iI8oO9pP0aS1dF2gG3hH4jJ5kK6lL7zZ8xX9cC0vB1nN2mQ3wE4rR5tT6yY7uU8iI9oO0pP1aS2dF3gG4hH5jJ6kK7l4hH5jJ6kK7lL8zX9cV0bN1nM2qW3eR4tT5yU6iI7oO8pP9aS0dF1gG2hH3jJ4kK5lL6zZ7xX8cC9vV0bB1nN2mM3qW4eR5tT6yU7iI8oO9pP0aS1dF2gG3hH4jJ5kK6lL7zZ8xX9cC0vB1nN2mQ3wE4rR5tT6yY7uU8iI9oO0pP1aS2dF3gG4hH5jJ6kK7lL8zX9cV0bN1nM2qW3eR4tT5yU6iI7oO8pP9aS0dF1gG2hH3jJ4kK5lL6zZ7xX8cC9vV0bB1nN2mM3qW4eR5tT6yU7iI8oO9pP0aS1dF2gG3hH4jJ5kK6lL7zZ8xX9cC0vB1nN2mQ3wE4rR5tT6yY7uU8iI9oO0pP1aS2dF3gG4hH5jJ6kK7l4hH5jJ6kK7lL8zX9cV0bN1nM2qW3eR4tT5yU6iI7oO8pP9aS0dF1gG2hH3jJ4kK5lL6zZ7xX8cC9vV0bB1nN2mM3qW4eR5tT6yU7iI8oO9pP0aS1dF2gG3hH4jJ5kK6lL7zZ8xX9cC0vB1nN2mQ3wE4rR5tT6yY7uU8iI9oO0pP1aS2dF3gG4hH5jJ6kK7lL8zX9cV0bN1nM2qW3eR4tT5yU6iI7oO8pP9aS0dF1gG2hH3jJ4kK5lL6zZ7xX8cC9vV0bB1nN2mM3qW4eR5tT6yU7iI8oO9pP0aS1dFzX9cV0bN1nM2qW3eR4tT5yU6iI7oO8pP9aS0dF1gG2hH3jJ4kK5lL6zZ7xX8cC9vV0bB1nN2mM3qW4eR5tT6yU7iI8oO9pP0aS1dF2gG3hH4jJ5kK6lL7zZ8xX9cC0vB1nN2mQ3wE4rR5tT6yY7uU8iI9oO0pP1aS2dF3gG4hH5jJ6kK7lL8zX9cV0bN1nM2qW3eR4tT5yU6iI7oO8pP9aS0dF1gG2hH3jJ4kK5lL6zZ7xX8cC9vV0bB1nN2mM3qW4eR5tT6yU7iI8oO9pP0aS1dF2gG3hH4jJ5kK6lL7zZ8xX9cC0vB1nN2mQ3wE4rR5tT6yY7uU8iI9oO0pP1aS2dF3gG4hH5jJ6kK7l4hH5jJ6kK7lL8zX9cV0bN1nM2qW3eR4tT5yU6iI7oO8pP9aS0dF1gG2hH3jJ4kK5lL6zZ7xX8cC9vV0bB1nN2mM3qW4eR5tT6yU7iI8oO9pP0aS1dF2gG3hH4jJ5kK6lL7zZ8xX9cC0vB1nN2mQ3wE4rR5tT6yY7uU8iI9oO0pP1aS2dF3gG4hH5jJ6kK7lL8zX9cV0bN1nM2qW3eR4tT5yU6iI7oO8pP9aS0dF1gG2hH3jJ4kK5lL6zZ7xX8cC9vV0bB1nN2mM3qW4eR5tT6yU7iI8oO9pP0aS1dF2gG3hH4jJ5kK6lL7zZ8xX9cC0vB1nN2mQ3wE4rR5tT6yY7uU8iI9oO0pP1aS2dF3gG4hH5jJ6kK7l4hH5jJ6kK7lL8zX9cV0bN1nM2qW3eR4tT5yU6iI7oO8pP9aS0dF1gG2hH3jJ4kK5lL6zZ7xX8cC9vV0bB1nN2mM3qW4eR5tT6yU7iI8oO9pP0aS1dF2gG3hH4jJ5kK6lL7zZ8xX9cC0vB1nN2mQ3wE4rR5tT6yY7uU8iI9oO0pP1aS2dF3gG4hH5jJ6kK7lL8zX9cV0bN1nM2qW3eR4tT5yU6iI7oO8pP9aS0dF1gG2hH3jJ4kK5lL6zZ7xX8cC9vV0bB1nN2mM3qW4eR5tT6yU7iI8oO9pP0aS1dF2gG3hH4jJ5kK6lL7zZ8xX9cC0vB1nN2mQ3wE4rR5tT6yY7uU8iI9oO0pP1aS2dF3gG4hH5jJ6kK7l4hH5jJ6kK7lL8zX9cV0bN1nM2qW3eR4tT5yU6iI7oO8pP9aS0dF1gG2hH3jJ4kK5lL6zZ7xX8cC9vV0bB1nN2mM3qW4eR5tT6yU7iI8oO9pP0aS1dF2gG3hH4jJ5kK6lL7zZ8xX9cC0vB1nN2mQ3wE4rR5tT6yY7uU8iI9oO0pP1aS2dF3gG4hH5jJ6kK7lL8zX9cV0bN1nM2qW3eR4tT5yU6iI7oO8pP9aS0dF1gG2hH3jJ4kK5lL6zZ7xX8cC9vV0bB1nN2mM3qW4eR5tT6yU7iI8oO9pP0aS1dF2gG3hH4jJ5kK6lL7zZ8xX9cC0vB1nN2mQ3wE4rR5tT6yY7uU8iI9oO0pP1aS2dF3gG4hH5jJ6kK7l4hH5jJ6kK7lL8zX9cV0bN1nM2qW3eR4tT5yU6iI7oO8pP9aS0dF1gG2hH3jJ4kK5lL6zZ7xX8cC9vV0bB1nN2mM3qW4eR5tT6yU7iI8oO9pP0aS1dF2gG3hH4jJ5kK6lL7zZ8xX9cC0vB1nN2mQ3wE4rR5tT6yY7uU8iI9oO0pP1aS2dF3gG4hH5jJ6kK7lL8zX9cV0bN1nM2qW3eR4tT5yU6iI7oO8pP9aS0dF1gG2hH3jJ4kK5lL6zZ7xX8cC9vV0bB1nN2mM3qW4eR5tT6yU7iI8oO9pP0aS1dF2gG3hH4jJ5kK6lL7zZ8xX9cC0vB1nN2mQ3wE4rR5tT6yY7uU8iI9oO0pP1aS2dF3gG4hH5jJ6kK7l4hH5jJ6kK7lL8zX9cV0bN1nM2qW3eR4tT5yU6iI7oO8pP9aS0dF1gG2hH3jJ4kK5lL6z7nB9vR2mX8kLp4QjW3tY5zH1aG6sF9dD0fS8gA7hJ6kL5mN4bV3vC2xZ1oP9iU8uY7tT6rR5eE4wW3qQ2aZ1sX2dC3fV4gB5hN6jM7kL8pO9iU0yT1rE2wQ3aS4dF5gG6hH7jJ8kK9lL0zZ1xX2cC3vV4bB5nN6mM7qQ8wW9eE0rR1tT2yY3uU4iI5oO6pP7aA8sS9dD0fF1gG2hH3jJ4kK5lL6zZ7xX8cC9vV0bB1nN2mM3qW4eR5tT6yU7iI8oO9pP0aS1dF2gG3hH4jJ5kK6lL7zZ8xX9cC0vB1nN2mQ3wE4rR5tT6yY7uU8iI9oO0pP1aS2dF3gG4hH5jJ6kK7lL8zX9cV0bN1nM2qW3eR4tT5yU6iI7oO8pP9aS0dF1gG2hH3jJ4kK5lL6zZ7xX8cC9vV0bB1nN2mM3qW4eR5tT6yU7iI8oO9pP0aS1dF2gG3hH4jJ5kK6lL7zZ8xX9cC0vB1nN2mQ3wE4rR5tT6yY7uU8iI9oO0pP1aS2dF3gG4hH5jJ6kK7lL8zX9cV0bN1nM2qW3eR4tT5yU6iI7oO8pP9aS0dF1gG2hH3jJ4kK5lL6zZ7xX8cC9vV0bB1nN2mM3qW4eR5tT6yU7iI8oO9pP0aS1dF2gG3hH4jJ5kK6lL7zZ8xX9cC0vB1nN2mQ3wE4rR5tT6yY7uU8iI9oO0pP1aS2dF3gG4hH5jJ6kK7lL8zX9cV0bN1nM2qW3eR4tT5yU6iI7oO8pP9aS0dF1gG2hH3jJ4kK5lL6zZ7xX8cC9vV0bB1nN2mM3qW4eR5tT6yU7iI8oO9pP0aS1dF2gG3hH4jJ5kK6lL7zZ8xX9cC0vB1nN2mQ3wE4rR5tT6yY7uU8iI9oO0pP1aS2dF3gG4hH5jJ6kK7lL8zX9cV0bN1nM2qW3eR4tT5yU6iI7oO8pP9aS0dF1gG2hH3jJ4kK5lL6zZ7xX8cC9vV0bB1nN2mM3qW4eR5tT6yU7iI8oO9pP0aS1dF2gG3hH4jJ5kK6lL7zZ8xX9cC0vB1nN2mQ3wE4rR5tT6yY7uU8iI9oO0pP1aS2dF3gG4hH5jJ6kK7l4hH5jJ6kK7lL8zX9cV0bN1nM2qW3eR4tT5yU6iI7oO8pP9aS0dF1gG2hH3jJ4kK5lL6zZ7xX8cC9vV0bB1nN2mM3qW4eR5tT6yU7iI8oO9pP0aS1dF2gG3hH4jJ5kK6lL7zZ8xX9cC0vB1nN2mQ3wE4rR5tT6yY7uU8iI9oO0pP1aS2dF3gG4hH5jJ6kK7lL8zX9cV0bN1nM2qW3eR4tT5yU6iI7oO8pP9aS0dF1gG2hH3jJ4kK5lL6zZ7xX8cC9vV0bB1nN2mM3qW4eR5tT6yU7iI8oO9pP0aS1dF2gG3hH4jJ5kK6lL7zZ8xX9cC0vB1nN2mQ3wE4rR5tT6yY7uU8iI9oO0pP1aS2dF3gG4hH5jJ6kK7l4hH5jJ6kK7lL8zX9cV0bN1nM2qW3eR4tT5yU6iI7oO8pP9aS0dF1gG2hH3jJ4kK5lL6zZ7xX8cC9vV0bB1nN2mM3qW4eR5tT6yU7iI8oO9pP0aS1dF2gG3hH4jJ5kK6lL7zZ8xX9cC0vB1nN2mQ3wE4rR5tT6yY7uU8iI9oO0pP1aS2dF3gG4hH5jJ6kK7lL8zX9cV0bN1nM2qW3eR4tT5yU6iI7oO8pP9aS0dF1gG2hH3jJ4kK5lL6zZ7xX8cC9vV0bB1nN2mM3qW4eR5tT6yU7iI8oO9pP0aS1dF2gG3hH4jJ5kK6lL7zZ8xX9cC0vB1nN2mQ3wE4rR5tT6yY7uU8iI9oO0pP1aS2dF3gG4hH5jJ6kK7l4hH5jJ6kK7lL8zX9cV0bN1nM2qW3eR4tT5yU6iI7oO8pP9aS0dF1gG2hH3jJ4kK5lL6zZ7xX8cC9vV0bB1nN2mM3qW4eR5tT6yU7iI8oO9pP0aS1dF2gG3hH4jJ5kK6lL7zZ8xX9cC0vB1nN2mQ3wE4rR5tT6yY7uU8iI9oO0pP1aS2dF3gG4hH5jJ6kK7lL8zX9cV0bN1nM2qW3eR4tT5yU6iI7oO8pP9aS0dF1gG2hH3jJ4kK5lL6zZ7xX8cC9vV0bB1nN2mM3qW4eR5tT6yU7iI8oO9pP0aS1dF2gG3hH4jJ5kK6lL7zZ8xX9cC0vB1nN2mQ3wE4rR5tT6yY7uU8iI9oO0pP1aS2dF3gG4hH5jJ6kK7l4hH5jJ6kK7lL8zX9cV0bN1nM2qW3eR4tT5yU6iI7oO8pP9aS0dF1gG2hH3jJ4kK5lL6zZ7xX8cC9vV0bB1nN2mM3qW4eR5tT6yU7iI8oO9pP0aS1dF2gG3hH4jJ5kK6lL7zZ8xX9cC0vB1nN2mQ3wE4rR5tT6yY7uU8iI9oO0pP1aS2dF3gG4hH5jJ6kK7lL8zX9cV0bN1nM2qW3eR4tT5yU6iI7oO8pP9aS0dF1gG2hH3jJ4kK5lL6zZ7xX8cC9vV0bB1nN2mM3qW4eR5tT6yU7iI8oO9pP0aS1dF2gG3hH4jJ5kK6lL7zZ8xX9cC0vB1nN2mQ3wE4rR5tT6yY7uU8iI9oO0pP1aS2dF3gG4hH5jJ6kK7l4hH5jJ6kK7lL8zX9cV0bN1nM2qW3eR4tT5yU6iI7oO8pP9aS0dF1gG2hH3jJ4kK5lL6zZ7xX8cC9vV0bB1nN2mM3qW4eR5tT6yU7iI8oO9pP0aS1dF2gG3hH4jJ5kK6lL7zZ8xX9cC0vB1nN2mQ3wE4rR5tT6yY7uU8iI9oO0pP1aS2dF3gG4hH5jJ6kK7lL8zX9cV0bN1nM2qW3eR4tT5yU6iI7oO8pP9aS0dF1gG2hH3jJ4kK5lL6zZ7xX8cC9vV0bB1nN2mM3qW4eR5tT6yU7iI8oO9pP0aS1dF2gG3hH4jJ5kK6lL7zZ8xX9cC0vB1nN2mQ3wE4rR5tT6yY7uU8iI9oO0pP1aS2dF3gG4hH5jJ6kK7l4hH5jJ6kK7lL8zX9cV0bN1nM2qW3eR4tT5yU6iI7oO8pP9aS0dF1gG2hH3jJ4kK5lL6zZ7xX8cC9vV0bB1nN2mM3qW4eR5tT6yU7iI8oO9pP0aS1dF2gG3hH4jJ5kK6lL7zZ8xX9cC0vB1nN2mQ3wE4rR5tT6yY7uU8iI9oO0pP1aS2dF3gG4hH5jJ6kK7lL8zX9cV0bN1nM2qW3eR4tT5yU6iI7oO8pP9aS0dF1gG2hH3jJ4kK5lL6zZ7xX8cC9vV0bB1nN2mM3qW4eR5tT6yU7iI8oO9pP0aS1dF2gG3hH4jJ5kK6lL7zZ8xX9cC0vB1nN2mQ3wE4rR5tT6yY7uU8iI9oO0pP1aS2dF3gG4hH5jJ6kK7l4hH5jJ6kK7lL8zX9cV0bN1nM2qW3eR4tT5yU6iI7oO8pP9aS0dF1gG2hH3jJ4kK5lL6zZ7xX8cC9vV0bB1nN2mM3qW4eR5tT6yU7iI8oO9pP0aS1dF2gG3hH4jJ5kK6lL7zZ8xX9cC0vB1nN2mQ3wE4rR5tT6yY7uU8iI9oO0pP1aS2dF3gG4hH5jJ6kK7lL8zX9cV0bN1nM2qW3eR4tT5yU6iI7oO8pP9aS0dF1gG2hH3jJ4kK5lL6zZ7xX8cC9vV0bB1nN2mM3qW4eR5tT6yU7iI8oO9pP0aS1dF2gG3hH4jJ5kK6lL7zZ8xX9cC0vB1nN2mQ3wE4rR5tT6yY7uU8iI9oO0pP1aS2dF3gG4hH5jJ6kK7l4hH5jJ6kK7lL8zX9cV0bN1nM2qW3eR4tT5yU6iI7oO8pP9aS0dF1gG2hH3jJ4kK5lL6z7nB9vR2mX8kLp4QjW3tY5zH1aG6sF9dD0fS8gA7hJ6kL5mN4bV3vC2xZ1oP9iU8uY7tT6rR5eE4wW3qQ2aZ1sX2dC3fV4gB5hN6jM7kL8pO9iU0yT1rE2wQ3aS4dF5gG6hH7jJ8kK9lL0zZ1xX2cC3vV4bB5nN6mM7qQ8wW9eE0rR1tT2yY3uU4iI5oO6pP7aA8sS9dD0fF1gG2hH3jJ4kK5lL6zZ7xX8cC9vV0bB1nN2mM3qW4eR5tT6yU7iI8oO9pP0aS1dF2gG3hH4jJ5kK6lL7zZ8xX9cC0vB1nN2mQ3wE4rR5tT6yY7uU8iI9oO0pP1aS2dF3gG4hH5jJ6kK7lL8zX9cV0bN1nM2qW3eR4tT5yU6iI7oO8pP9aS0dF1gG2hH3jJ4kK5lL6zZ7xX8cC9vV0bB1nN2mM3qW4eR5tT6yU7iI8oO9pP0aS1dF2gG3hH4jJ5kK6lL7zZ8xX9cC0vB1nN2mQ3wE4rR5tT6yY7uU8iI9oO0pP1aS2dF3gG4hH5jJ6kK7lL8zX9cV0bN1nM2qW3eR4tT5yU6iI7oO8pP9aS0dF1gG2hH3jJ4kK5lL6zZ7xX8cC9vV0bB1nN2mM3qW4eR5tT6yU7iI8oO9pP0aS1dF2gG3hH4jJ5kK6lL7zZ8xX9cC0vB1nN2mQ3wE4rR5tT6yY7uU8iI9oO0pP1aS2dF3gG4hH5jJ6kK7lL8zX9cV0bN1nM2qW3eR4tT5yU6iI7oO8pP9aS0dF1gG2hH3jJ4kK5lL6zZ7xX8cC9vV0bB1nN2mM3qW4eR5tT6yU7iI8oO9pP0aS1dF2gG3hH4jJ5kK6lL7zZ8xX9cC0vB1nN2mQ3wE4rR5tT6yY7uU8iI9oO0pP1aS2dF3gG4hH5jJ6kK7lL8zX9cV0bN1nM2qW3eR4tT5yU6iI7oO8pP9aS0dF1gG2hH3jJ4kK5lL6zZ7xX8cC9vV0bB1nN2mM3qW4eR5tT6yU7iI8oO9pP0aS1dF2gG3hH4jJ5kK6lL7zZ8xX9cC0vB1nN2mQ3wE4rR5tT6yY7uU8iI9oO0pP1aS2dF3gG4hH5jJ6kK7l4hH5jJ6kK7lL8zX9cV0bN1nM2qW3eR4tT5yU6iI7oO8pP9aS0dF1gG2hH3jJ4kK5lL6zZ7xX8cC9vV0bB1nN2mM3qW4eR5tT6yU7iI8oO9pP0aS1dF2gG3hH4jJ5kK6lL7zZ8xX9cC0vB1nN2mQ3wE4rR5tT6yY7uU8iI9oO0pP1aS2dF3gG4hH5jJ6kK7lL8zX9cV0bN1nM2qW3eR4tT5yU6iI7oO8pP9aS0dF1gG2hH3jJ4kK5lL6zZ7xX8cC9vV0bB1nN2mM3qW4eR5tT6yU7iI8oO9pP0aS1dF2gG3hH4jJ5kK6lL7zZ8xX9cC0vB1nN2mQ3wE4rR5tT6yY7uU8iI9oO0pP1aS2dF3gG4hH5jJ6kK7l4hH5jJ6kK7lL8zX9cV0bN1nM2qW3eR4tT5yU6iI7oO8pP9aS0dF1gG2hH3jJ4kK5lL6zZ7xX8cC9vV0bB1nN2mM3qW4eR5tT6yU7iI8oO9pP0aS1dF2gG3hH4jJ5kK6lL7zZ8xX9cC0vB1nN2mQ3wE4rR5tT6yY7uU8iI9oO0pP1aS2dF3gG4hH5jJ6kK7lL8zX9cV0bN1nM2qW3eR4tT5yU6iI7oO8pP9aS0dF1gG2hH3jJ4kK5lL6zZ7xX8cC9vV0bB1nN2mM3qW4eR5tT6yU7iI8oO9pP0aS1dF2gG3hH4jJ5kK6lL7zZ8xX9cC0vB1nN2mQ3wE4rR5tT6yY7uU8iI9oO0pP1aS2dF3gG4hH5jJ6kK7l4hH5jJ6kK7lL8zX9cV0bN1nM2qW3eR4tT5yU6iI7oO8pP9aS0dF1gG2hH3jJ4kK5lL6zZ7xX8cC9vV0bB1nN2mM3qW4eR5tT6yU7iI8oO9pP0aS1dF2gG3hH4jJ5kK6lL7zZ8xX9cC0vB1nN2mQ3wE4rR5tT6yY7uU8iI9oO0pP1aS2dF3gG4hH5jJ6kK7lL8zX9cV0bN1nM2qW3eR4tT5yU6iI7oO8pP9aS0dF1gG2hH3jJ4kK5lL6zZ7xX8cC9vV0bB1nN2mM3qW4eR5tT6yU7iI8oO9pP0aS1dF2gG3hH4jJ5kK6lL7zZ8xX9cC0vB1nN2mQ3wE4rR5tT6yY7uU8iI9oO0pP1aS2dF3gG4hH5jJ6kK7l4hH5jJ6kK7lL8zX9cV0bN1nM2qW3eR4tT5yU6iI7oO8pP9aS0dF1gG2hH3jJ4kK5lL6zZ7xX8cC9vV0bB1nN2mM3qW4eR5tT6yU7iI8oO9pP0aS1dF2gG3hH4jJ5kK6lL7zZ8xX9cC0vB1nN2mQ3wE4rR5tT6yY7uU8iI9oO0pP1aS2dF3gG4hH5jJ6kK7lL8zX9cV0bN1nM2qW3eR4tT5yU6iI7oO8pP9aS0dF1gG2hH3jJ4kK5lL6zZ7xX8cC9vV0bB1nN2mM3qW4eR5tT6yU7iI8oO9pP0aS1dF2gG3hH4jJ5kK6lL7zZ8xX9cC0vB1nN2mQ3wE4rR5tT6yY7uU8iI9oO0pP1aS2dF3gG4hH5jJ6kK7l4hH5jJ6kK7lL8zX9cV0bN1nM2qW3eR4tT5yU6iI7oO8pP9aS0dF1gG2hH3jJ4kK5lL6zZ7xX8cC9vV0bB1nN2mM3qW4eR5tT6yU7iI8oO9pP0aS1dF2gG3hH4jJ5kK6lL7zZ8xX9cC0vB1nN2mQ3wE4rR5tT6yY7uU8iI9oO0pP1aS2dF3gG4hH5jJ6kK7lL8zX9cV0bN1nM2qW3eR4tT5yU6iI7oO8pP9aS0dF1gG2hH3jJ4kK5lL6zZ7xX8cC9vV0bB1nN2mM3qW4eR5tT6yU7iI8oO9pP0aS1dF2gG3hH4jJ5kK6lL7zZ8xX9cC0vB1nN2mQ3wE4rR5tT6yY7uU8iI9oO0pP1aS2dF3gG4hH5jJ6kK7l4hH5jJ6kK7lL8zX9cV0bN1nM2qW3eR4tT5yU6iI7oO8pP9aS0dF1gG2hH3jJ4kK5lL6zZ7xX8cC9vV0bB1nN2mM3qW4eR5tT6yU7iI8oO9pP0aS1dF2gG3hH4jJ5kK6lL7zZ8xX9cC0vB1nN2mQ3wE4rR5tT6yY7uU8iI9oO0pP1aS2dF3gG4hH5jJ6kK7lL8zX9cV0bN1nM2qW3eR4tT5yU6iI7oO8pP9aS0dF1gG2hH3jJ4kK5lL6zZ7xX8cC9vV0bB1nN2mM3qW4eR5tT6yU7iI8oO9pP0aS1dF2gG3hH4jJ5kK6lL7zZ8xX9cC0vB1nN2mQ3wE4rR5tT6yY7uU8iI9oO0pP1aS2dF3gG4hH5jJ6kK7l4hH5jJ6kK7lL8zX9cV0bN1nM2qW3eR4tT5yU6iI7oO8pP9aS0dF1gG2hH3jJ4kK5lL6zZ7xX8cC9vV0bB1nN2mM3qW4eR5tT6yU7iI8oO9pP0aS1dF2gG3hH4jJ5kK6lL7zZ8xX9cC0vB1nN2mQ3wE4rR5tT6yY7uU8iI9oO0pP1aS2dF3gG4hH5jJ6kK7lL8zX9cV0bN1nM2qW3eR4tT5yU6iI7oO8pP9aS0dF1gG2hH3jJ4kK5lL6zZ7xX8cC9vV0bB1nN2mM3qW4eR5tT6yU7iI8oO9pP0aS1dF2gG3hH4jJ5kK6lL7zZ8xX9cC0vB1nN2mQ3wE4rR5tT6yY7uU8iI9oO0pP1aS2dF3gG4hH5jJ6kK7l4hH5jJ6kK7lL8zX9cV0bN1nM2qW3eR4tT5yU6iI7oO8pP9aS0dF1gG2hH3jJ4kK5lL6z7nB9vR2mX8kLp4QjW3tY5zH1aG6sF9dD0fS8gA7hJ6kL5mN4bV3vC2xZ1oP9iU8uY7tT6rR5eE4wW3qQ2aZ1sX2dC3fV4gB5hN6jM7kL8pO9iU0yT1rE2wQ3aS4dF5gG6hH7jJ8kK9lL0zZ1xX2cC3vV4bB5nN6mM7qQ8wW9eE0rR1tT2yY3uU4iI5oO6pP7aA8sS9dD0fF1gG2hH3jJ4kK5lL6zZ7xX8cC9vV0bB1nN2mM3qW4eR5tT6yU7iI8oO9pP0aS1dF2gG3hH4jJ5kK6lL7zZ8xX9cC0vB1nN2mQ3wE4rR5tT6yY7uU8iI9oO0pP1aS2dF3gG4hH5jJ6kK7lL8zX9cV0bN1nM2qW3eR4tT5yU6iI7oO8pP9aS0dF1gG2hH3jJ4kK5lL6zZ7xX8cC9vV0bB1nN2mM3qW4eR5tT6yU7iI8oO9pP0aS1dF2gG3hH4jJ5kK6lL7zZ8xX9cC0vB1nN2mQ3wE4rR5tT6yY7uU8iI9oO0pP1aS2dF3gG4hH5jJ6kK7lL8zX9cV0bN1nM2qW3eR4tT5yU6iI7oO8pP9aS0dF1gG2hH3jJ4kK5lL6zZ7xX8cC9vV0bB1nN2mM3qW4eR5tT6yU7iI8oO9pP0aS1dF2gG3hH4jJ5kK6lL7zZ8xX9cC0vB1nN2mQ3wE4rR5tT6yY7uU8iI9oO0pP1aS2dF3gG4hH5jJ6kK7lL8zX9cV0bN1nM2qW3eR4tT5yU6iI7oO8pP9aS0dF1gG2hH3jJ4kK5lL6zZ7xX8cC9vV0bB1nN2mM3qW4eR5tT6yU7iI8oO9pP0aS1dF2gG3hH4jJ5kK6lL7zZ8xX9cC0vB1nN2mQ3wE4rR5tT6yY7uU8iI9oO0pP1aS2dF3gG4hH5jJ6kK7lL8zX9cV0bN1nM2qW3eR4tT5yU6iI7oO8pP9aS0dF1gG2hH3jJ4kK5lL6zZ7xX8cC9vV0bB1nN2mM3qW4eR5tT6yU7iI8oO9pP0aS1dF2gG3hH4jJ5kK6lL7zZ8xX9cC0vB1nN2mQ3wE4rR5tT6yY7uU8iI9oO0pP1aS2dF3gG4hH5jJ6kK7l4hH5jJ6kK7lL8zX9cV0bN1nM2qW3eR4tT5yU6iI7oO8pP9aS0dF1gG2hH3jJ4kK5lL6zZ7xX8cC9vV0bB1nN2mM3qW4eR5tT6yU7iI8oO9pP0aS1dF2gG3hH4jJ5kK6lL7zZ8xX9cC0vB1nN2mQ3wE4rR5tT6yY7uU8iI9oO0pP1aS2dF3gG4hH5jJ6kK7lL8zX9cV0bN1nM2qW3eR4tT5yU6iI7oO8pP9aS0dF1gG2hH3jJ4kK5lL6zZ7xX8cC9vV0bB1nN2mM3qW4eR5tT6yU7iI8oO9pP0aS1dF2gG3hH4jJ5kK6lL7zZ8xX9cC0vB1nN2mQ3wE4rR5tT6yY7uU8iI9oO0pP1aS2dF3gG4hH5jJ6kK7l4hH5jJ6kK7lL8zX9cV0bN1nM2qW3eR4tT5yU6iI7oO8pP9aS0dF1gG2hH3jJ4kK5lL6zZ7xX8cC9vV0bB1nN2mM3qW4eR5tT6yU7iI8oO9pP0aS1dF2gG3hH4jJ5kK6lL7zZ8xX9cC0vB1nN2mQ3wE4rR5tT6yY7uU8iI9oO0pP1aS2dF3gG4hH5jJ6kK7lL8zX9cV0bN1nM2qW3eR4tT5yU6iI7oO8pP9aS0dF1gG2hH3jJ4kK5lL6zZ7xX8cC9vV0bB1nN2mM3qW4eR5tT6yU7iI8oO9pP0aS1dF2gG3hH4jJ5kK6lL7zZ8xX9cC0vB1nN2mQ3wE4rR5tT6yY7uU8iI9oO0pP1aS2dF3gG4hH5jJ6kK7l4hH5jJ6kK7lL8zX9cV0bN1nM2qW3eR4tT5yU6iI7oO8pP9aS0dF1gG2hH3jJ4kK5lL6zZ7xX8cC9vV0bB1nN2mM3qW4eR5tT6yU7iI8oO9pP0aS1dF2gG3hH4jJ5kK6lL7zZ8xX9cC0vB1nN2mQ3wE4rR5tT6yY7uU8iI9oO0pP1aS2dF3gG4hH5jJ6kK7lL8zX9cV0bN1nM2qW3eR4tT5yU6iI7oO8pP9aS0dF1gG2hH3jJ4kK5lL6zZ7xX8cC9vV0bB1nN2mM3qW4eR5tT6yU7iI8oO9pP0aS1dF2gG3hH4jJ5kK6lL7zZ8xX9cC0vB1nN2mQ3wE4rR5tT6yY7uU8iI9oO0pP1aS2dF3gG4hH5jJ6kK7l4hH5jJ6kK7lL8zX9cV0bN1nM2qW3eR4tT5yU6iI7oO8pP9aS0dF1gG2hH3jJ4kK5lL6zZ7xX8cC9vV0bB1nN2mM3qW4eR5tT6yU7iI8oO9pP0aS1dF2gG3hH4jJ5kK6lL7zZ8xX9cC0vB1nN2mQ3wE4rR5tT6yY7uU8iI9oO0pP1aS2dF3gG4hH5jJ6kK7lL8zX9cV0bN1nM2qW3eR4tT5yU6iI7oO8pP9aS0dF1gG2hH3jJ4kK5lL6zZ7xX8cC9vV0bB1nN2mM3qW4eR5tT6yU7iI8oO9pP0aS1dF2gG3hH4jJ5kK6lL7zZ8xX9cC0vB1nN2mQ3wE4rR5tT6yY7uU8iI9oO0pP1aS2dF3gG4hH5jJ6kK7l4hH5jJ6kK7lL8zX9cV0bN1nM2qW3eR4tT5yU6iI7oO8pP9aS0dF1gG2hH3jJ4kK5lL6zZ7xX8cC9vV0bB1nN2mM3qW4eR5tT6yU7iI8oO9pP0aS1dF2gG3hH4jJ5kK6lL7zZ8xX9cC0vB1nN2mQ3wE4rR5tT6yY7uU8iI9oO0pP1aS2dF3gG4hH5jJ6kK7lL8zX9cV0bN1nM2qW3eR4tT5yU6iI7oO8pP9aS0dF1gG2hH3jJ4kK5lL6zZ7xX8cC9vV0bB1nN2mM3qW4eR5tT6yU7iI8oO9pP0aS1dF2gG3hH4jJ5kK6lL7zZ8xX9cC0vB1nN2mQ3wE4rR5tT6yY7uU8iI9oO0pP1aS2dF3gG4hH5jJ6kK7l4hH5jJ6kK7lL8zX9cV0bN1nM2qW3eR4tT5yU6iI7oO8pP9aS0dF1gG2hH3jJ4kK5lL6zZ7xX8cC9vV0bB1nN2mM3qW4eR5tT6yU7iI8oO9pP0aS1dF2gG3hH4jJ5kK6lL7zZ8xX9cC0vB1nN2mQ3wE4rR5tT6yY7uU8iI9oO0pP1aS2dF3gG4hH5jJ6kK7lL8zX9cV0bN1nM2qW3eR4tT5yU6iI7oO8pP9aS0dF1gG2hH3jJ4kK5lL6zZ7xX8cC9vV0bB1nN2mM3qW4eR5tT6yU7iI8oO9pP0aS1dF2gG3hH4jJ5kK6lL7zZ8xX9cC0vB1nN2mQ3wE4rR5tT6yY7uU8iI9oO0pP1aS2dF3gG4hH5jJ6kK7l4hH5jJ6kK7lL8zX9cV0bN1nM2qW3eR4tT5yU6iI7oO8pP9aS0dF1gG2hH3jJ4kK5lL6zZ7xX8cC9vV0bB1nN2mM3qW4eR5tT6yU7iI8oO9pP0aS1dF2gG3hH4jJ5kK6lL7zZ8xX9cC0vB1nN2mQ3wE4rR5tT6yY7uU8iI9oO0pP1aS2dF3gG4hH5jJ6kK7lL8zX9cV0bN1nM2qW3eR4tT5yU6iI7oO8pP9aS0dF1gG2hH3jJ4kK5lL6zZ7xX8cC9vV0bB1nN2mM3qW4eR5tT6yU7iI8oO9pP0aS1dF2gG3hH4jJ5kK6lL7zZ8xX9cC0vB1nN2mQ3wE4rR5tT6yY7uU8iI9oO0pP1aS2dF3gG4hH5jJ6kK7l4hH5jJ6kK7lL8zX9cV0bN1nM2qW3eR4tT5yU6iI7oO8pP9aS0dF1gG2hH3jJ4kK5lL6z7nB9vR2mX8kLp4QjW3tY5zH1aG6sF9dD0fS8gA7hJ6kL5mN4bV3vC2xZ1oP9iU8uY7tT6rR5eE4wW3qQ2aZ1sX2dC3fV4gB5hN6jM7kL8pO9iU0yT1rE2wQ3aS4dF5gG6hH7jJ8kK9lL0zZ1xX2cC3vV4bB5nN6mM7qQ8wW9eE0rR1tT2yY3uU4iI5oO6pP7aA8sS9dD0fF1gG2hH3jJ4kK5lL6zZ7xX8cC9vV0bB1nN2mM3qW4eR5tT6yU7iI8oO9pP0aS1dF2gG3hH4jJ5kK6lL7zZ8xX9cC0vB1nN2mQ3wE4rR5tT6yY7uU8iI9oO0pP1aS2dF3gG4hH5jJ6kK7lL8zX9cV0bN1nM2qW3eR4tT5yU6iI7oO8pP9aS0dF1gG2hH3jJ4kK5lL6zZ7xX8cC9vV0bB1nN2mM3qW4eR5tT6yU7iI8oO9pP0aS1dF2gG3hH4jJ5kK6lL7zZ8xX9cC0vB1nN2mQ3wE4rR5tT6yY7uU8iI9oO0pP1aS2dF3gG4hH5jJ6kK7lL8zX9cV0bN1nM2qW3eR4tT5yU6iI7oO8pP9aS0dF1gG2hH3jJ4kK5lL6zZ7xX8cC9vV0bB1nN2mM3qW4eR5tT6yU7iI8oO9pP0aS1dF2gG3hH4jJ5kK6lL7zZ8xX9cC0vB1nN2mQ3wE4rR5tT6yY7uU8iI9oO0pP1aS2dF3gG4hH5jJ6kK7lL8zX9cV0bN1nM2qW3eR4tT5yU6iI7oO8pP9aS0dF1gG2hH3jJ4kK5lL6zZ7xX8cC9vV0bB1nN2mM3qW4eR5tT6yU7iI8oO9pP0aS1dF2gG3hH4jJ5kK6lL7zZ8xX9cC0vB1nN2mQ3wE4rR5tT6yY7uU8iI9oO0pP1aS2dF3gG4hH5jJ6kK7lL8zX9cV0bN1nM2qW3eR4tT5yU6iI7oO8pP9aS0dF1gG2hH3jJ4kK5lL6zZ7xX8cC9vV0bB1nN2mM3qW4eR5tT6yU7iI8oO9pP0aS1dF2gG3hH4jJ5kK6lL7zZ8xX9cC0vB1nN2mQ3wE4rR5tT6yY7uU8iI9oO0pP1aS2dF3gG4hH5jJ6kK7l4hH5jJ6kK7lL8zX9cV0bN1nM2qW3eR4tT5yU6iI7oO8pP9aS0dF1gG2hH3jJ4kK5lL6zZ7xX8cC9vV0bB1nN2mM3qW4eR5tT6yU7iI8oO9pP0aS1dF2gG3hH4jJ5kK6lL7zZ8xX9cC0vB1nN2mQ3wE4rR5tT6yY7uU8iI9oO0pP1aS2dF3gG4hH5jJ6kK7lL8zX9cV0bN1nM2qW3eR4tT5yU6iI7oO8pP9aS0dF1gG2hH3jJ4kK5lL6zZ7xX8cC9vV0bB1nN2mM3qW4eR5tT6yU7iI8oO9pP0aS1dF2gG3hH4jJ5kK6lL7zZ8xX9cC0vB1nN2mQ3wE4rR5tT6yY7uU8iI9oO0pP1aS2dF3gG4hH5jJ6kK7l4hH5jJ6kK7lL8zX9cV0bN1nM2qW3eR4tT5yU6iI7oO8pP9aS0dF1gG2hH3jJ4kK5lL6zZ7xX8cC9vV0bB1nN2mM3qW4eR5tT6yU7iI8oO9pP0aS1dF2gG3hH4jJ5kK6lL7zZ8xX9cC0vB1nN2mQ3wE4rR5tT6yY7uU8iI9oO0pP1aS2dF3gG4hH5jJ6kK7lL8zX9cV0bN1nM2qW3eR4tT5yU6iI7oO8pP9aS0dF1gG2hH3jJ4kK5lL6zZ7xX8cC9vV0bB1nN2mM3qW4eR5tT6yU7iI8oO9pP0aS1dF2gG3hH4jJ5kK6lL7zZ8xX9cC0vB1nN2mQ3wE4rR5tT6yY7uU8iI9oO0pP1aS2dF3gG4hH5jJ6kK7l4hH5jJ6kK7lL8zX9cV0bN1nM2qW3eR4tT5yU6iI7oO8pP9aS0dF1gG2hH3jJ4kK5lL6zZ7xX8cC9vV0bB1nN2mM3qW4eR5tT6yU7iI8oO9pP0aS1dF2gG3hH4jJ5kK6lL7zZ8xX9cC0vB1nN2mQ3wE4rR5tT6yY7uU8iI9oO0pP1aS2dF3gG4hH5jJ6kK7lL8zX9cV0bN1nM2qW3eR4tT5yU6iI7oO8pP9aS0dF1gG2hH3jJ4kK5lL6zZ7xX8cC9vV0bB1nN2mM3qW4eR5tT6yU7iI8oO9pP0aS1dF2gG3hH4jJ5kK6lL7zZ8xX9cC0vB1nN2mQ3wE4rR5tT6yY7uU8iI9oO0pP1aS2dF3gG4hH5jJ6kK7l4hH5jJ6kK7lL8zX9cV0bN1nM2qW3eR4tT5yU6iI7oO8pP9aS0dF1gG2hH3jJ4kK5lL6zZ7xX8cC9vV0bB1nN2mM3qW4eR5tT6yU7iI8oO9pP0aS1dF2gG3hH4jJ5kK6lL7zZ8xX9cC0vB1nN2mQ3wE4rR5tT6yY7uU8iI9oO0pP1aS2dF3gG4hH5jJ6kK7lL8zX9cV0bN1nM2qW3eR4tT5yU6iI7oO8pP9aS0dF1gG2hH3jJ4kK5lL6zZ7xX8cC9vV0bB1nN2mM3qW4eR5tT6yU7iI8oO9pP0aS1dF2gG3hH4jJ5kK6lL7zZ8xX9cC0vB1nN2mQ3wE4rR5tT6yY7uU8iI9oO0pP1aS2dF3gG4hH5jJ6kK7l4hH5jJ6kK7lL8zX9cV0bN1nM2qW3eR4tT5yU6iI7oO8pP9aS0dF1gG2hH3jJ4kK5lL6zZ7xX8cC9vV0bB1nN2mM3qW4eR5tT6yU7iI8oO9pP0aS1dF2gG3hH4jJ5kK6lL7zZ8xX9cC0vB1nN2mQ3wE4rR5tT6yY7uU8iI9oO0pP1aS2dF3gG4hH5jJ6kK7lL8zX9cV0bN1nM2qW3eR4tT5yU6iI7oO8pP9aS0dF1gG2hH3jJ4kK5lL6zZ7xX8cC9vV0bB1nN2mM3qW4eR5tT6yU7iI8oO9pP0aS1dF2gG3hH4jJ5kK6lL7zZ8xX9cC0vB1nN2mQ3wE4rR5tT6yY7uU8iI9oO0pP1aS2dF3gG4hH5jJ6kK7l4hH5jJ6kK7lL8zX9cV0bN1nM2qW3eR4tT5yU6iI7oO8pP9aS0dF1gG2hH3jJ4kK5lL6zZ7xX8cC9vV0bB1nN2mM3qW4eR5tT6yU7iI8oO9pP0aS1dF2gG3hH4jJ5kK6lL7zZ8xX9cC0vB1nN2mQ3wE4rR5tT6yY7uU8iI9oO0pP1aS2dF3gG4hH5jJ6kK7lL8zX9cV0bN1nM2qW3eR4tT5yU6iI7oO8pP9aS0dF1gG2hH3jJ4kK5lL6zZ7xX8cC9vV0bB1nN2mM3qW4eR5tT6yU7iI8oO9pP0aS1dF2gG3hH4jJ5kK6lL7zZ8xX9cC0vB1nN2mQ3wE4rR5tT6yY7uU8iI9oO0pP1aS2dF3gG4hH5jJ6kK7l4hH5jJ6kK7lL8zX9cV0bN1nM2qW3eR4tT5yU6iI7oO8pP9aS0dF1gG2hH3jJ4kK5lL6zZ7xX8cC9vV0bB1nN2mM3qW4eR5tT6yU7iI8oO9pP0aS1dF2gG3hH4jJ5kK6lL7zZ8xX9cC0vB1nN2mQ3wE4rR5tT6yY7uU8iI9oO0pP1aS2dF3gG4hH5jJ6kK7lL8zX9cV0bN1nM2qW3eR4tT5yU6iI7oO8pP9aS0dF1gG2hH3jJ4kK5lL6zZ7xX8cC9vV0bB1nN2mM3qW4eR5tT6yU7iI8oO9pP0aS1dF2gG3hH4jJ5kK6lL7zZ8xX9cC0vB1nN2mQ3wE4rR5tT6yY7uU8iI9oO0pP1aS2dF3gG4hH5jJ6kK7l4hH5jJ6kK7lL8zX9cV0bN1nM2qW3eR4tT5yU6iI7oO8pP9aS0dF1gG2hH3jJ4kK5lL6z7nB9vR2mX8kLp4QjW3tY5zH1aG6sF9dD0fS8gA7hJ6kL5mN4bV3vC2xZ1oP9iU8uY7tT6rR5eE4wW3qQ2aZ1sX2dC3fV4gB5hN6jM7kL8pO9iU0yT1rE2wQ3aS4dF5gG6hH7jJ8kK9lL0zZ1xX2cC3vV4bB5nN6mM7qQ8wW9eE0rR1tT2yY3uU4iI5oO6pP7aA8sS9dD0fF1gG2hH3jJ4kK5lL6zZ7xX8cC9vV0bB1nN2mM3qW4eR5tT6yU7iI8oO9pP0aS1dF2gG3hH4jJ5kK6lL7zZ8xX9cC0vB1nN2mQ3wE4rR5tT6yY7uU8iI9oO0pP1aS2dF3gG4hH5jJ6kK7lL8zX9cV0bN1nM2qW3eR4tT5yU6iI7oO8pP9aS0dF1gG2hH3jJ4kK5lL6zZ7xX8cC9vV0bB1nN2mM3qW4eR5tT6yU7iI8oO9pP0aS1dF2gG3hH4jJ5kK6lL7zZ8xX9cC0vB1nN2mQ3wE4rR5tT6yY7uU8iI9oO0pP1aS2dF3gG4hH5jJ6kK7lL8zX9cV0bN1nM2qW3eR4tT5yU6iI7oO8pP9aS0dF1gG2hH3jJ4kK5lL6zZ7xX8cC9vV0bB1nN2mM3qW4eR5tT6yU7iI8oO9pP0aS1dF2gG3hH4jJ5kK6lL7zZ8xX9cC0vB1nN2mQ3wE4rR5tT6yY7uU8iI9oO0pP1aS2dF3gG4hH5jJ6kK7lL8zX9cV0bN1nM2qW3eR4tT5yU6iI7oO8pP9aS0dF1gG2hH3jJ4kK5lL6zZ7xX8cC9vV0bB1nN2mM3qW4eR5tT6yU7iI8oO9pP0aS1dF2gG3hH4jJ5kK6lL7zZ8xX9cC0vB1nN2mQ3wE4rR5tT6yY7uU8iI9oO0pP1aS2dF3gG4hH5jJ6kK7lL8zX9cV0bN1nM2qW3eR4tT5yU6iI7oO8pP9aS0dF1gG2hH3jJ4kK5lL6zZ7xX8cC9vV0bB1nN2mM3qW4eR5tT6yU7iI8oO9pP0aS1dF2gG3hH4jJ5kK6lL7zZ8xX9cC0vB1nN2mQ3wE4rR5tT6yY7uU8iI9oO0pP1aS2dF3gG4hH5jJ6kK7l4hH5jJ6kK7lL8zX9cV0bN1nM2qW3eR4tT5yU6iI7oO8pP9aS0dF1gG2hH3jJ4kK5lL6zZ7xX8cC9vV0bB1nN2mM3qW4eR5tT6yU7iI8oO9pP0aS1dF2gG3hH4jJ5kK6lL7zZ8xX9cC0vB1nN2mQ3wE4rR5tT6yY7uU8iI9oO0pP1aS2dF3gG4hH5jJ6kK7lL8zX9cV0bN1nM2qW3eR4tT5yU6iI7oO8pP9aS0dF1gG2hH3jJ4kK5lL6zZ7xX8cC9vV0bB1nN2mM3qW4eR5tT6yU7iI8oO9pP0aS1dF2gG3hH4jJ5kK6lL7zZ8xX9cC0vB1nN2mQ3wE4rR5tT6yY7uU8iI9oO0pP1aS2dF3gG4hH5jJ6kK7l4hH5jJ6kK7lL8zX9cV0bN1nM2qW3eR4tT5yU6iI7oO8pP9aS0dF1gG2hH3jJ4kK5lL6zZ7xX8cC9vV0bB1nN2mM3qW4eR5tT6yU7iI8oO9pP0aS1dF2gG3hH4jJ5kK6lL7zZ8xX9cC0vB1nN2mQ3wE4rR5tT6yY7uU8iI9oO0pP1aS2dF3gG4hH5jJ6kK7lL8zX9cV0bN1nM2qW3eR4tT5yU6iI7oO8pP9aS0dF1gG2hH3jJ4kK5lL6zZ7xX8cC9vV0bB1nN2mM3qW4eR5tT6yU7iI8oO9pP0aS1dF2gG3hH4jJ5kK6lL7zZ8xX9cC0vB1nN2mQ3wE4rR5tT6yY7uU8iI9oO0pP1aS2dF3gG4hH5jJ6kK7l4hH5jJ6kK7lL8zX9cV0bN1nM2qW3eR4tT5yU6iI7oO8pP9aS0dF1gG2hH3jJ4kK5lL6zZ7xX8cC9vV0bB1nN2mM3qW4eR5tT6yU7iI8oO9pP0aS1dF2gG3hH4jJ5kK6lL7zZ8xX9cC0vB1nN2mQ3wE4rR5tT6yY7uU8iI9oO0pP1aS2dF3gG4hH5jJ6kK7lL8zX9cV0bN1nM2qW3eR4tT5yU6iI7oO8pP9aS0dF1gG2hH3jJ4kK5lL6zZ7xX8cC9vV0bB1nN2mM3qW4eR5tT6yU7iI8oO9pP0aS1dF2gG3hH4jJ5kK6lL7zZ8xX9cC0vB1nN2mQ3wE4rR5tT6yY7uU8iI9oO0pP1aS2dF3gG4hH5jJ6kK7l4hH5jJ6kK7lL8zX9cV0bN1nM2qW3eR4tT5yU6iI7oO8pP9aS0dF1gG2hH3jJ4kK5lL6zZ7xX8cC9vV0bB1nN2mM3qW4eR5tT6yU7iI8oO9pP0aS1dF2gG3hH4jJ5kK6lL7zZ8xX9cC0vB1nN2mQ3wE4rR5tT6yY7uU8iI9oO0pP1aS2dF3gG4hH5jJ6kK7lL8zX9cV0bN1nM2qW3eR4tT5yU6iI7oO8pP9aS0dF1gG2hH3jJ4kK5lL6zZ7xX8cC9vV0bB1nN2mM3qW4eR5tT6yU7iI8oO9pP0aS1dF2gG3hH4jJ5kK6lL7zZ8xX9cC0vB1nN2mQ3wE4rR5tT6yY7uU8iI9oO0pP1aS2dF3gG4hH5jJ6kK7l4hH5jJ6kK7lL8zX9cV0bN1nM2qW3eR4tT5yU6iI7oO8pP9aS0dF1gG2hH3jJ4kK5lL6zZ7xX8cC9vV0bB1nN2mM3qW4eR5tT6yU7iI8oO9pP0aS1dF2gG3hH4jJ5kK6lL7zZ8xX9cC0vB1nN2mQ3wE4rR5tT6yY7uU8iI9oO0pP1aS2dF3gG4hH5jJ6kK7lL8zX9cV0bN1nM2qW3eR4tT5yU6iI7oO8pP9aS0dF1gG2hH3jJ4kK5lL6zZ7xX8cC9vV0bB1nN2mM3qW4eR5tT6yU7iI8oO9pP0aS1dF2gG3hH4jJ5kK6lL7zZ8xX9cC0vB1nN2mQ3wE4rR5tT6yY7uU8iI9oO0pP1aS2dF3gG4hH5jJ6kK7l4hH5jJ6kK7lL8zX9cV0bN1nM2qW3eR4tT5yU6iI7oO8pP9aS0dF1gG2hH3jJ4kK5lL6zZ7xX8cC9vV0bB1nN2mM3qW4eR5tT6yU7iI8oO9pP0aS1dF2gG3hH4jJ5kK6lL7zZ8xX9cC0vB1nN2mQ3wE4rR5tT6yY7uU8iI9oO0pP1aS2dF3gG4hH5jJ6kK7lL8zX9cV0bN1nM2qW3eR4tT5yU6iI7oO8pP9aS0dF1gG2hH3jJ4kK5lL6zZ7xX8cC9vV0bB1nN2mM3qW4eR5tT6yU7iI8oO9pP0aS1dF2gG3hH4jJ5kK6lL7zZ8xX9cC0vB1nN2mQ3wE4rR5tT6yY7uU8iI9oO0pP1aS2dF3gG4hH5jJ6kK7l4hH5jJ6kK7lL8zX9cV0bN1nM2qW3eR4tT5yU6iI7oO8pP9aS0dF1gG2hH3jJ4kK5lL6zZ7xX8cC9vV0bB1nN2mM3qW4eR5tT6yU7iI8oO9pP0aS1dF2gG3hH4jJ5kK6lL7zZ8xX9cC0vB1nN2mQ3wE4rR5tT6yY7uU8iI9oO0pP1aS2dF3gG4hH5jJ6kK7lL8zX9cV0bN1nM2qW3eR4tT5yU6iI7oO8pP9aS0dF1gG2hH3jJ4kK5lL6zZ7xX8cC9vV0bB1nN2mM3qW4eR5tT6yU7iI8oO9pP0aS1dF2gG3hH4jJ5kK6lL7zZ8xX9cC0vB1nN2mQ3wE4rR5tT6yY7uU8iI9oO0pP1aS2dF3gG4hH5jJ6kK7l4hH5jJ6kK7lL8zX9cV0bN1nM2qW3eR4tT5yU6iI7oO8pP9aS0dF1gG2hH3jJ4kK5lL6z7nB9vR2mX8kLp4QjW3tY5zH1aG6sF9dD0fS8gA7hJ6kL5mN4bV3vC2xZ1oP9iU8uY7tT6rR5eE4wW3qQ2aZ1sX2dC3fV4gB5hN6jM7kL8pO9iU0yT1rE2wQ3aS4dF5gG6hH7jJ8kK9lL0zZ1xX2cC3vV4bB5nN6mM7qQ8wW9eE0rR1tT2yY3uU4iI5oO6pP7aA8sS9dD0fF1gG2hH3jJ4kK5lL6zZ7xX8cC9vV0bB1nN2mM3qW4eR5tT6yU7iI8oO9pP0aS1dF2gG3hH4jJ5kK6lL7zZ8xX9cC0vB1nN2mQ3wE4rR5tT6yY7uU8iI9oO0pP1aS2dF3gG4hH5jJ6kK7lL8zX9cV0bN1nM2qW3eR4tT5yU6iI7oO8pP9aS0dF1gG2hH3jJ4kK5lL6zZ7xX8cC9vV0bB1nN2mM3qW4eR5tT6yU7iI8oO9pP0aS1dF2gG3hH4jJ5kK6lL7zZ8xX9cC0vB1nN2mQ3wE4rR5tT6yY7uU8iI9oO0pP1aS2dF3gG4hH5jJ6kK7lL8zX9cV0bN1nM2qW3eR4tT5yU6iI7oO8pP9aS0dF1gG2hH3jJ4kK5lL6zZ7xX8cC9vV0bB1nN2mM3qW4eR5tT6yU7iI8oO9pP0aS1dF2gG3hH4jJ5kK6lL7zZ8xX9cC0vB1nN2mQ3wE4rR5tT6yY7uU8iI9oO0pP1aS2dF3gG4hH5jJ6kK7lL8zX9cV0bN1nM2qW3eR4tT5yU6iI7oO8pP9aS0dF1gG2hH3jJ4kK5lL6zZ7xX8cC9vV0bB1nN2mM3qW4eR5tT6yU7iI8oO9pP0aS1dF2gG3hH4jJ5kK6lL7zZ8xX9cC0vB1nN2mQ3wE4rR5tT6yY7uU8iI9oO0pP1aS2dF3gG4hH5jJ6kK7lL8zX9cV0bN1nM2qW3eR4tT5yU6iI7oO8pP9aS0dF1gG2hH3jJ4kK5lL6zZ7xX8cC9vV0bB1nN2mM3qW4eR5tT6yU7iI8oO9pP0aS1dF2gG3hH4jJ5kK6lL7zZ8xX9cC0vB1nN2mQ3wE4rR5tT6yY7uU8iI9oO0pP1aS2dF3gG4hH5jJ6kK7l4hH5jJ6kK7lL8zX9cV0bN1nM2qW3eR4tT5yU6iI7oO8pP9aS0dF1gG2hH3jJ4kK5lL6zZ7xX8cC9vV0bB1nN2mM3qW4eR5tT6yU7iI8oO9pP0aS1dF2gG3hH4jJ5kK6lL7zZ8xX9cC0vB1nN2mQ3wE4rR5tT6yY7uU8iI9oO0pP1aS2dF3gG4hH5jJ6kK7lL8zX9cV0bN1nM2qW3eR4tT5yU6iI7oO8pP9aS0dF1gG2hH3jJ4kK5lL6zZ7xX8cC9vV0bB1nN2mM3qW4eR5tT6yU7iI8oO9pP0aS1dF2gG3hH4jJ5kK6lL7zZ8xX9cC0vB1nN2mQ3wE4rR5tT6yY7uU8iI9oO0pP1aS2dF3gG4hH5jJ6kK7l4hH5jJ6kK7lL8zX9cV0bN1nM2qW3eR4tT5yU6iI7oO8pP9aS0dF1gG2hH3jJ4kK5lL6zZ7xX8cC9vV0bB1nN2mM3qW4eR5tT6yU7iI8oO9pP0aS1dF2gG3hH4jJ5kK6lL7zZ8xX9cC0vB1nN2mQ3wE4rR5tT6yY7uU8iI9oO0pP1aS2dF3gG4hH5jJ6kK7lL8zX9cV0bN1nM2qW3eR4tT5yU6iI7oO8pP9aS0dF1gG2hH3jJ4kK5lL6zZ7xX8cC9vV0bB1nN2mM3qW4eR5tT6yU7iI8oO9pP0aS1dF2gG3hH4jJ5kK6lL7zZ8xX9cC0vB1nN2mQ3wE4rR5tT6yY7uU8iI9oO0pP1aS2dF3gG4hH5jJ6kK7l4hH5jJ6kK7lL8zX9cV0bN1nM2qW3eR4tT5yU6iI7oO8pP9aS0dF1gG2hH3jJ4kK5lL6zZ7xX8cC9vV0bB1nN2mM3qW4eR5tT6yU7iI8oO9pP0aS1dF2gG3hH4jJ5kK6lL7zZ8xX9cC0vB1nN2mQ3wE4rR5tT6yY7uU8iI9oO0pP1aS2dF3gG4hH5jJ6kK7lL8zX9cV0bN1nM2qW3eR4tT5yU6iI7oO8pP9aS0dF1gG2hH3jJ4kK5lL6zZ7xX8cC9vV0bB1nN2mM3qW4eR5tT6yU7iI8oO9pP0aS1dF2gG3hH4jJ5kK6lL7zZ8xX9cC0vB1nN2mQ3wE4rR5tT6yY7uU8iI9oO0pP1aS2dF3gG4hH5jJ6kK7l4hH5jJ6kK7lL8zX9cV0bN1nM2qW3eR4tT5yU6iI7oO8pP9aS0dF1gG2hH3jJ4kK5lL6zZ7xX8cC9vV0bB1nN2mM3qW4eR5tT6yU7iI8oO9pP0aS1dF2gG3hH4jJ5kK6lL7zZ8xX9cC0vB1nN2mQ3wE4rR5tT6yY7uU8iI9oO0pP1aS2dF3gG4hH5jJ6kK7lL8zX9cV0bN1nM2qW3eR4tT5yU6iI7oO8pP9aS0dF1gG2hH3jJ4kK5lL6zZ7xX8cC9vV0bB1nN2mM3qW4eR5tT6yU7iI8oO9pP0aS1dF2gG3hH4jJ5kK6lL7zZ8xX9cC0vB1nN2mQ3wE4rR5tT6yY7uU8iI9oO0pP1aS2dF3gG4hH5jJ6kK7l4hH5jJ6kK7lL8zX9cV0bN1nM2qW3eR4tT5yU6iI7oO8pP9aS0dF1gG2hH3jJ4kK5lL6zZ7xX8cC9vV0bB1nN2mM3qW4eR5tT6yU7iI8oO9pP0aS1dF2gG3hH4jJ5kK6lL7zZ8xX9cC0vB1nN2mQ3wE4rR5tT6yY7uU8iI9oO0pP1aS2dF3gG4hH5jJ6kK7lL8zX9cV0bN1nM2qW3eR4tT5yU6iI7oO8pP9aS0dF1gG2hH3jJ4kK5lL6zZ7xX8cC9vV0bB1nN2mM3qW4eR5tT6yU7iI8oO9pP0aS1dF2gG3hH4jJ5kK6lL7zZ8xX9cC0vB1nN2mQ3wE4rR5tT6yY7uU8iI9oO0pP1aS2dF3gG4hH5jJ6kK7l4hH5jJ6kK7lL8zX9cV0bN1nM2qW3eR4tT5yU6iI7oO8pP9aS0dF1gG2hH3jJ4kK5lL6zZ7xX8cC9vV0bB1nN2mM3qW4eR5tT6yU7iI8oO9pP0aS1dF2gG3hH4jJ5kK6lL7zZ8xX9cC0vB1nN2mQ3wE4rR5tT6yY7uU8iI9oO0pP1aS2dF3gG4hH5jJ6kK7lL8zX9cV0bN1nM2qW3eR4tT5yU6iI7oO8pP9aS0dF1gG2hH3jJ4kK5lL6zZ7xX8cC9vV0bB1nN2mM3qW4eR5tT6yU7iI8oO9pP0aS1dF2gG3hH4jJ5kK6lL7zZ8xX9cC0vB1nN2mQ3wE4rR5tT6yY7uU8iI9oO0pP1aS2dF3gG4hH5jJ6kK7l4hH5jJ6kK7lL8zX9cV0bN1nM2qW3eR4tT5yU6iI7oO8pP9aS0dF1gG2hH3jJ4kK5lL6zZ7xX8cC9vV0bB1nN2mM3qW4eR5tT6yU7iI8oO9pP0aS1dF2gG3hH4jJ5kK6lL7zZ8xX9cC0vB1nN2mQ3wE4rR5tT6yY7uU8iI9oO0pP1aS2dF3gG4hH5jJ6kK7lL8zX9cV0bN1nM2qW3eR4tT5yU6iI7oO8pP9aS0dF1gG2hH3jJ4kK5lL6zZ7xX8cC9vV0bB1nN2mM3qW4eR5tT6yU7iI8oO9pP0aS1dF2gG3hH4jJ5kK6lL7zZ8xX9cC0vB1nN2mQ3wE4rR5tT6yY7uU8iI9oO0pP1aS2dF3gG4hH5jJ6kK7l4hH5jJ6kK7lL8zX9cV0bN1nM2qW3eR4tT5yU6iI7oO8pP9aS0dF1gG2hH3jJ4kK5lL6z7nB9vR2mX8kLp4QjW3tY5zH1aG6sF9dD0fS8gA7hJ6kL5mN4bV3vC2xZ1oP9iU8uY7tT6rR5eE4wW3qQ2aZ1sX2dC3fV4gB5hN6jM7kL8pO9iU0yT1rE2wQ3aS4dF5gG6hH7jJ8kK9lL0zZ1xX2cC3vV4bB5nN6mM7qQ8wW9eE0rR1tT2yY3uU4iI5oO6pP7aA8sS9dD0fF1gG2hH3jJ4kK5lL6zZ7xX8cC9vV0bB1nN2mM3qW4eR5tT6yU7iI8oO9pP0aS1dF2gG3hH4jJ5kK6lL7zZ8xX9cC0vB1nN2mQ3wE4rR5tT6yY7uU8iI9oO0pP1aS2dF3gG4hH5jJ6kK7lL8zX9cV0bN1nM2qW3eR4tT5yU6iI7oO8pP9aS0dF1gG2hH3jJ4kK5lL6zZ7xX8cC9vV0bB1nN2mM3qW4eR5tT6yU7iI8oO9pP0aS1dF2gG3hH4jJ5kK6lL7zZ8xX9cC0vB1nN2mQ3wE4rR5tT6yY7uU8iI9oO0pP1aS2dF3gG4hH5jJ6kK7lL8zX9cV0bN1nM2qW3eR4tT5yU6iI7oO8pP9aS0dF1gG2hH3jJ4kK5lL6zZ7xX8cC9vV0bB1nN2mM3qW4eR5tT6yU7iI8oO9pP0aS1dF2gG3hH4jJ5kK6lL7zZ8xX9cC0vB1nN2mQ3wE4rR5tT6yY7uU8iI9oO0pP1aS2dF3gG4hH5jJ6kK7lL8zX9cV0bN1nM2qW3eR4tT5yU6iI7oO8pP9aS0dF1gG2hH3jJ4kK5lL6zZ7xX8cC9vV0bB1nN2mM3qW4eR5tT6yU7iI8oO9pP0aS1dF2gG3hH4jJ5kK6lL7zZ8xX9cC0vB1nN2mQ3wE4rR5tT6yY7uU8iI9oO0pP1aS2dF3gG4hH5jJ6kK7lL8zX9cV0bN1nM2qW3eR4tT5yU6iI7oO8pP9aS0dF1gG2hH3jJ4kK5lL6zZ7xX8cC9vV0bB1nN2mM3qW4eR5tT6yU7iI8oO9pP0aS1dF2gG3hH4jJ5kK6lL7zZ8xX9cC0vB1nN2mQ3wE4rR5tT6yY7uU8iI9oO0pP1aS2dF3gG4hH5jJ6kK7l4hH5jJ6kK7lL8zX9cV0bN1nM2qW3eR4tT5yU6iI7oO8pP9aS0dF1gG2hH3jJ4kK5lL6zZ7xX8cC9vV0bB1nN2mM3qW4eR5tT6yU7iI8oO9pP0aS1dF2gG3hH4jJ5kK6lL7zZ8xX9cC0vB1nN2mQ3wE4rR5tT6yY7uU8iI9oO0pP1aS2dF3gG4hH5jJ6kK7lL8zX9cV0bN1nM2qW3eR4tT5yU6iI7oO8pP9aS0dF1gG2hH3jJ4kK5lL6zZ7xX8cC9vV0bB1nN2mM3qW4eR5tT6yU7iI8oO9pP0aS1dF2gG3hH4jJ5kK6lL7zZ8xX9cC0vB1nN2mQ3wE4rR5tT6yY7uU8iI9oO0pP1aS2dF3gG4hH5jJ6kK7l4hH5jJ6kK7lL8zX9cV0bN1nM2qW3eR4tT5yU6iI7oO8pP9aS0dF1gG2hH3jJ4kK5lL6zZ7xX8cC9vV0bB1nN2mM3qW4eR5tT6yU7iI8oO9pP0aS1dF2gG3hH4jJ5kK6lL7zZ8xX9cC0vB1nN2mQ3wE4rR5tT6yY7uU8iI9oO0pP1aS2dF3gG4hH5jJ6kK7lL8zX9cV0bN1nM2qW3eR4tT5yU6iI7oO8pP9aS0dF1gG2hH3jJ4kK5lL6zZ7xX8cC9vV0bB1nN2mM3qW4eR5tT6yU7iI8oO9pP0aS1dF2gG3hH4jJ5kK6lL7zZ8xX9cC0vB1nN2mQ3wE4rR5tT6yY7uU8iI9oO0pP1aS2dF3gG4hH5jJ6kK7l4hH5jJ6kK7lL8zX9cV0bN1nM2qW3eR4tT5yU6iI7oO8pP9aS0dF1gG2hH3jJ4kK5lL6zZ7xX8cC9vV0bB1nN2mM3qW4eR5tT6yU7iI8oO9pP0aS1dF2gG3hH4jJ5kK6lL7zZ8xX9cC0vB1nN2mQ3wE4rR5tT6yY7uU8iI9oO0pP1aS2dF3gG4hH5jJ6kK7lL8zX9cV0bN1nM2qW3eR4tT5yU6iI7oO8pP9aS0dF1gG2hH3jJ4kK5lL6zZ7xX8cC9vV0bB1nN2mM3qW4eR5tT6yU7iI8oO9pP0aS1dF2gG3hH4jJ5kK6lL7zZ8xX9cC0vB1nN2mQ3wE4rR5tT6yY7uU8iI9oO0pP1aS2dF3gG4hH5jJ6kK7l4hH5jJ6kK7lL8zX9cV0bN1nM2qW3eR4tT5yU6iI7oO8pP9aS0dF1gG2hH3jJ4kK5lL6zZ7xX8cC9vV0bB1nN2mM3qW4eR5tT6yU7iI8oO9pP0aS1dF2gG3hH4jJ5kK6lL7zZ8xX9cC0vB1nN2mQ3wE4rR5tT6yY7uU8iI9oO0pP1aS2dF3gG4hH5jJ6kK7lL8zX9cV0bN1nM2qW3eR4tT5yU6iI7oO8pP9aS0dF1gG2hH3jJ4kK5lL6zZ7xX8cC9vV0bB1nN2mM3qW4eR5tT6yU7iI8oO9pP0aS1dF2gG3hH4jJ5kK6lL7zZ8xX9cC0vB1nN2mQ3wE4rR5tT6yY7uU8iI9oO0pP1aS2dF3gG4hH5jJ6kK7l4hH5jJ6kK7lL8zX9cV0bN1nM2qW3eR4tT5yU6iI7oO8pP9aS0dF1gG2hH3jJ4kK5lL6zZ7xX8cC9vV0bB1nN2mM3qW4eR5tT6yU7iI8oO9pP0aS1dF2gG3hH4jJ5kK6lL7zZ8xX9cC0vB1nN2mQ3wE4rR5tT6yY7uU8iI9oO0pP1aS2dF3gG4hH5jJ6kK7lL8zX9cV0bN1nM2qW3eR4tT5yU6iI7oO8pP9aS0dF1gG2hH3jJ4kK5lL6zZ7xX8cC9vV0bB1nN2mM3qW4eR5tT6yU7iI8oO9pP0aS1dF2gG3hH4jJ5kK6lL7zZ8xX9cC0vB1nN2mQ3wE4rR5tT6yY7uU8iI9oO0pP1aS2dF3gG4hH5jJ6kK7l4hH5jJ6kK7lL8zX9cV0bN1nM2qW3eR4tT5yU6iI7oO8pP9aS0dF1gG2hH3jJ4kK5lL6zZ7xX8cC9vV0bB1nN2mM3qW4eR5tT6yU7iI8oO9pP0aS1dF2gG3hH4jJ5kK6lL7zZ8xX9cC0vB1nN2mQ3wE4rR5tT6yY7uU8iI9oO0pP1aS2dF3gG4hH5jJ6kK7lL8zX9cV0bN1nM2qW3eR4tT5yU6iI7oO8pP9aS0dF1gG2hH3jJ4kK5lL6zZ7xX8cC9vV0bB1nN2mM3qW4eR5tT6yU7iI8oO9pP0aS1dF2gG3hH4jJ5kK6lL7zZ8xX9cC0vB1nN2mQ3wE4rR5tT6yY7uU8iI9oO0pP1aS2dF3gG4hH5jJ6kK7l4hH5jJ6kK7lL8zX9cV0bN1nM2qW3eR4tT5yU6iI7oO8pP9aS0dF1gG2hH3jJ4kK5lL6zZ7xX8cC9vV0bB1nN2mM3qW4eR5tT6yU7iI8oO9pP0aS1dF2gG3hH4jJ5kK6lL7zZ8xX9cC0vB1nN2mQ3wE4rR5tT6yY7uU8iI9oO0pP1aS2dF3gG4hH5jJ6kK7lL8zX9cV0bN1nM2qW3eR4tT5yU6iI7oO8pP9aS0dF1gG2hH3jJ4kK5lL6zZ7xX8cC9vV0bB1nN2mM3qW4eR5tT6yU7iI8oO9pP0aS1dF2gG3hH4jJ5kK6lL7zZ8xX9cC0vB1nN2mQ3wE4rR5tT6yY7uU8iI9oO0pP1aS2dF3gG4hH5jJ6kK7l4hH5jJ6kK7lL8zX9cV0bN1nM2qW3eR4tT5yU6iI7oO8pP9aS0dF1gG2hH3jJ4kK5lL6z7nB9vR2mX8kLp4QjW3tY5zH1aG6sF9dD0fS8gA7hJ6kL5mN4bV3vC2xZ1oP9iU8uY7tT6rR5eE4wW3qQ2aZ1sX2dC3fV4gB5hN6jM7kL8pO9iU0yT1rE2wQ3aS4dF5gG6hH7jJ8kK9lL0zZ1xX2cC3vV4bB5nN6mM7qQ8wW9eE0rR1tT2yY3uU4iI5oO6pP7aA8sS9dD0fF1gG2hH3jJ4kK5lL6zZ7xX8cC9vV0bB1nN2mM3qW4eR5tT6yU7iI8oO9pP0aS1dF2gG3hH4jJ5kK6lL7zZ8xX9cC0vB1nN2mQ3wE4rR5tT6yY7uU8iI9oO0pP1aS2dF3gG4hH5jJ6kK7lL8zX9cV0bN1nM2qW3eR4tT5yU6iI7oO8pP9aS0dF1gG2hH3jJ4kK5lL6zZ7xX8cC9vV0bB1nN2mM3qW4eR5tT6yU7iI8oO9pP0aS1dF2gG3hH4jJ5kK6lL7zZ8xX9cC0vB1nN2mQ3wE4rR5tT6yY7uU8iI9oO0pP1aS2dF3gG4hH5jJ6kK7lL8zX9cV0bN1nM2qW3eR4tT5yU6iI7oO8pP9aS0dF1gG2hH3jJ4kK5lL6zZ7xX8cC9vV0bB1nN2mM3qW4eR5tT6yU7iI8oO9pP0aS1dF2gG3hH4jJ5kK6lL7zZ8xX9cC0vB1nN2mQ3wE4rR5tT6yY7uU8iI9oO0pP1aS2dF3gG4hH5jJ6kK7lL8zX9cV0bN1nM2qW3eR4tT5yU6iI7oO8pP9aS0dF1gG2hH3jJ4kK5lL6zZ7xX8cC9vV0bB1nN2mM3qW4eR5tT6yU7iI8oO9pP0aS1dF2gG3hH4jJ5kK6lL7zZ8xX9cC0vB1nN2mQ3wE4rR5tT6yY7uU8iI9oO0pP1aS2dF3gG4hH5jJ6kK7lL8zX9cV0bN1nM2qW3eR4tT5yU6iI7oO8pP9aS0dF1gG2hH3jJ4kK5lL6zZ7xX8cC9vV0bB1nN2mM3qW4eR5tT6yU7iI8oO9pP0aS1dF2gG3hH4jJ5kK6lL7zZ8xX9cC0vB1nN2mQ3wE4rR5tT6yY7uU8iI9oO0pP1aS2dF3gG4hH5jJ6kK7l4hH5jJ6kK7lL8zX9cV0bN1nM2qW3eR4tT5yU6iI7oO8pP9aS0dF1gG2hH3jJ4kK5lL6zZ7xX8cC9vV0bB1nN2mM3qW4eR5tT6yU7iI8oO9pP0aS1dF2gG3hH4jJ5kK6lL7zZ8xX9cC0vB1nN2mQ3wE4rR5tT6yY7uU8iI9oO0pP1aS2dF3gG4hH5jJ6kK7lL8zX9cV0bN1nM2qW3eR4tT5yU6iI7oO8pP9aS0dF1gG2hH3jJ4kK5lL6zZ7xX8cC9vV0bB1nN2mM3qW4eR5tT6yU7iI8oO9pP0aS1dF2gG3hH4jJ5kK6lL7zZ8xX9cC0vB1nN2mQ3wE4rR5tT6yY7uU8iI9oO0pP1aS2dF3gG4hH5jJ6kK7l4hH5jJ6kK7lL8zX9cV0bN1nM2qW3eR4tT5yU6iI7oO8pP9aS0dF1gG2hH3jJ4kK5lL6zZ7xX8cC9vV0bB1nN2mM3qW4eR5tT6yU7iI8oO9pP0aS1dF2gG3hH4jJ5kK6lL7zZ8xX9cC0vB1nN2mQ3wE4rR5tT6yY7uU8iI9oO0pP1aS2dF3gG4hH5jJ6kK7lL8zX9cV0bN1nM2qW3eR4tT5yU6iI7oO8pP9aS0dF1gG2hH3jJ4kK5lL6zZ7xX8cC9vV0bB1nN2mM3qW4eR5tT6yU7iI8oO9pP0aS1dF2gG3hH4jJ5kK6lL7zZ8xX9cC0vB1nN2mQ3wE4rR5tT6yY7uU8iI9oO0pP1aS2dF3gG4hH5jJ6kK7l4hH5jJ6kK7lL8zX9cV0bN1nM2qW3eR4tT5yU6iI7oO8pP9aS0dF1gG2hH3jJ4kK5lL6zZ7xX8cC9vV0bB1nN2mM3qW4eR5tT6yU7iI8oO9pP0aS1dF2gG3hH4jJ5kK6lL7zZ8xX9cC0vB1nN2mQ3wE4rR5tT6yY7uU8iI9oO0pP1aS2dF3gG4hH5jJ6kK7lL8zX9cV0bN1nM2qW3eR4tT5yU6iI7oO8pP9aS0dF1gG2hH3jJ4kK5lL6zZ7xX8cC9vV0bB1nN2mM3qW4eR5tT6yU7iI8oO9pP0aS1dF2gG3hH4jJ5kK6lL7zZ8xX9cC0vB1nN2mQ3wE4rR5tT6yY7uU8iI9oO0pP1aS2dF3gG4hH5jJ6kK7l4hH5jJ6kK7lL8zX9cV0bN1nM2qW3eR4tT5yU6iI7oO8pP9aS0dF1gG2hH3jJ4kK5lL6zZ7xX8cC9vV0bB1nN2mM3qW4eR5tT6yU7iI8oO9pP0aS1dF2gG3hH4jJ5kK6lL7zZ8xX9cC0vB1nN2mQ3wE4rR5tT6yY7uU8iI9oO0pP1aS2dF3gG4hH5jJ6kK7lL8zX9cV0bN1nM2qW3eR4tT5yU6iI7oO8pP9aS0dF1gG2hH3jJ4kK5lL6zZ7xX8cC9vV0bB1nN2mM3qW4eR5tT6yU7iI8oO9pP0aS1dF2gG3hH4jJ5kK6lL7zZ8xX9cC0vB1nN2mQ3wE4rR5tT6yY7uU8iI9oO0pP1aS2dF3gG4hH5jJ6kK7l4hH5jJ6kK7lL8zX9cV0bN1nM2qW3eR4tT5yU6iI7oO8pP9aS0dF1gG2hH3jJ4kK5lL6zZ7xX8cC9vV0bB1nN2mM3qW4eR5tT6yU7iI8oO9pP0aS1dF2gG3hH4jJ5kK6lL7zZ8xX9cC0vB1nN2mQ3wE4rR5tT6yY7uU8iI9oO0pP1aS2dF3gG4hH5jJ6kK7lL8zX9cV0bN1nM2qW3eR4tT5yU6iI7oO8pP9aS0dF1gG2hH3jJ4kK5lL6zZ7xX8cC9vV0bB1nN2mM3qW4eR5tT6yU7iI8oO9pP0aS1dF2gG3hH4jJ5kK6lL7zZ8xX9cC0vB1nN2mQ3wE4rR5tT6yY7uU8iI9oO0pP1aS2dF3gG4hH5jJ6kK7l4hH5jJ6kK7lL8zX9cV0bN1nM2qW3eR4tT5yU6iI7oO8pP9aS0dF1gG2hH3jJ4kK5lL6zZ7xX8cC9vV0bB1nN2mM3qW4eR5tT6yU7iI8oO9pP0aS1dF2gG3hH4jJ5kK6lL7zZ8xX9cC0vB1nN2mQ3wE4rR5tT6yY7uU8iI9oO0pP1aS2dF3gG4hH5jJ6kK7lL8zX9cV0bN1nM2qW3eR4tT5yU6iI7oO8pP9aS0dF1gG2hH3jJ4kK5lL6zZ7xX8cC9vV0bB1nN2mM3qW4eR5tT6yU7iI8oO9pP0aS1dF2gG3hH4jJ5kK6lL7zZ8xX9cC0vB1nN2mQ3wE4rR5tT6yY7uU8iI9oO0pP1aS2dF3gG4hH5jJ6kK7l4hH5jJ6kK7lL8zX9cV0bN1nM2qW3eR4tT5yU6iI7oO8pP9aS0dF1gG2hH3jJ4kK5lL6zZ7xX8cC9vV0bB1nN2mM3qW4eR5tT6yU7iI8oO9pP0aS1dF2gG3hH4jJ5kK6lL7zZ8xX9cC0vB1nN2mQ3wE4rR5tT6yY7uU8iI9oO0pP1aS2dF3gG4hH5jJ6kK7lL8zX9cV0bN1nM2qW3eR4tT5yU6iI7oO8pP9aS0dF1gG2hH3jJ4kK5lL6zZ7xX8cC9vV0bB1nN2mM3qW4eR5tT6yU7iI8oO9pP0aS1dF2gG3hH4jJ5kK6lL7zZ8xX9cC0vB1nN2mQ3wE4rR5tT6yY7uU8iI9oO0pP1aS2dF3gG4hH5jJ6kK7l4hH5jJ6kK7lL8zX9cV0bN1nM2qW3eR4tT5yU6iI7oO8pP9aS0dF1gG2hH3jJ4kK5lL6z7nB9vR2mX8kLp4QjW3tY5zH1aG6sF9dD0fS8gA7hJ6kL5mN4bV3vC2xZ1oP9iU8uY7tT6rR5eE4wW3qQ2aZ1sX2dC3fV4gB5hN6jM7kL8pO9iU0yT1rE2wQ3aS4dF5gG6hH7jJ8kK9lL0zZ1xX2cC3vV4bB5nN6mM7qQ8wW9eE0rR1tT2yY3uU4iI5oO6pP7aA8sS9dD0fF1gG2hH3jJ4kK5lL6zZ7xX8cC9vV0bB1nN2mM3qW4eR5tT6yU7iI8oO9pP0aS1dF2gG3hH4jJ5kK6lL7zZ8xX9cC0vB1nN2mQ3wE4rR5tT6yY7uU8iI9oO0pP1aS2dF3gG4hH5jJ6kK7lL8zX9cV0bN1nM2qW3eR4tT5yU6iI7oO8pP9aS0dF1gG2hH3jJ4kK5lL6zZ7xX8cC9vV0bB1nN2mM3qW4eR5tT6yU7iI8oO9pP0aS1dF2gG3hH4jJ5kK6lL7zZ8xX9cC0vB1nN2mQ3wE4rR5tT6yY7uU8iI9oO0pP1aS2dF3gG4hH5jJ6kK7lL8zX9cV0bN1nM2qW3eR4tT5yU6iI7oO8pP9aS0dF1gG2hH3jJ4kK5lL6zZ7xX8cC9vV0bB1nN2mM3qW4eR5tT6yU7iI8oO9pP0aS1dF2gG3hH4jJ5kK6lL7zZ8xX9cC0vB1nN2mQ3wE4rR5tT6yY7uU8iI9oO0pP1aS2dF3gG4hH5jJ6kK7lL8zX9cV0bN1nM2qW3eR4tT5yU6iI7oO8pP9aS0dF1gG2hH3jJ4kK5lL6zZ7xX8cC9vV0bB1nN2mM3qW4eR5tT6yU7iI8oO9pP0aS1dF2gG3hH4jJ5kK6lL7zZ8xX9cC0vB1nN2mQ3wE4rR5tT6yY7uU8iI9oO0pP1aS2dF3gG4hH5jJ6kK7lL8zX9cV0bN1nM2qW3eR4tT5yU6iI7oO8pP9aS0dF1gG2hH3jJ4kK5lL6zZ7xX8cC9vV0bB1nN2mM3qW4eR5tT6yU7iI8oO9pP0aS1dF2gG3hH4jJ5kK6lL7zZ8xX9cC0vB1nN2mQ3wE4rR5tT6yY7uU8iI9oO0pP1aS2dF3gG4hH5jJ6kK7l4hH5jJ6kK7lL8zX9cV0bN1nM2qW3eR4tT5yU6iI7oO8pP9aS0dF1gG2hH3jJ4kK5lL6zZ7xX8cC9vV0bB1nN2mM3qW4eR5tT6yU7iI8oO9pP0aS1dF2gG3hH4jJ5kK6lL7zZ8xX9cC0vB1nN2mQ3wE4rR5tT6yY7uU8iI9oO0pP1aS2dF3gG4hH5jJ6kK7lL8zX9cV0bN1nM2qW3eR4tT5yU6iI7oO8pP9aS0dF1gG2hH3jJ4kK5lL6zZ7xX8cC9vV0bB1nN2mM3qW4eR5tT6yU7iI8oO9pP0aS1dF2gG3hH4jJ5kK6lL7zZ8xX9cC0vB1nN2mQ3wE4rR5tT6yY7uU8iI9oO0pP1aS2dF3gG4hH5jJ6kK7l4hH5jJ6kK7lL8zX9cV0bN1nM2qW3eR4tT5yU6iI7oO8pP9aS0dF1gG2hH3jJ4kK5lL6zZ7xX8cC9vV0bB1nN2mM3qW4eR5tT6yU7iI8oO9pP0aS1dF2gG3hH4jJ5kK6lL7zZ8xX9cC0vB1nN2mQ3wE4rR5tT6yY7uU8iI9oO0pP1aS2dF3gG4hH5jJ6kK7lL8zX9cV0bN1nM2qW3eR4tT5yU6iI7oO8pP9aS0dF1gG2hH3jJ4kK5lL6zZ7xX8cC9vV0bB1nN2mM3qW4eR5tT6yU7iI8oO9pP0aS1dF2gG3hH4jJ5kK6lL7zZ8xX9cC0vB1nN2mQ3wE4rR5tT6yY7uU8iI9oO0pP1aS2dF3gG4hH5jJ6kK7l4hH5jJ6kK7lL8zX9cV0bN1nM2qW3eR4tT5yU6iI7oO8pP9aS0dF1gG2hH3jJ4kK5lL6zZ7xX8cC9vV0bB1nN2mM3qW4eR5tT6yU7iI8oO9pP0aS1dF2gG3hH4jJ5kK6lL7zZ8xX9cC0vB1nN2mQ3wE4rR5tT6yY7uU8iI9oO0pP1aS2dF3gG4hH5jJ6kK7lL8zX9cV0bN1nM2qW3eR4tT5yU6iI7oO8pP9aS0dF1gG2hH3jJ4kK5lL6zZ7xX8cC9vV0bB1nN2mM3qW4eR5tT6yU7iI8oO9pP0aS1dF2gG3hH4jJ5kK6lL7zZ8xX9cC0vB1nN2mQ3wE4rR5tT6yY7uU8iI9oO0pP1aS2dF3gG4hH5jJ6kK7l4hH5jJ6kK7lL8zX9cV0bN1nM2qW3eR4tT5yU6iI7oO8pP9aS0dF1gG2hH3jJ4kK5lL6zZ7xX8cC9vV0bB1nN2mM3qW4eR5tT6yU7iI8oO9pP0aS1dF2gG3hH4jJ5kK6lL7zZ8xX9cC0vB1nN2mQ3wE4rR5tT6yY7uU8iI9oO0pP1aS2dF3gG4hH5jJ6kK7lL8zX9cV0bN1nM2qW3eR4tT5yU6iI7oO8pP9aS0dF1gG2hH3jJ4kK5lL6zZ7xX8cC9vV0bB1nN2mM3qW4eR5tT6yU7iI8oO9pP0aS1dF2gG3hH4jJ5kK6lL7zZ8xX9cC0vB1nN2mQ3wE4rR5tT6yY7uU8iI9oO0pP1aS2dF3gG4hH5jJ6kK7l4hH5jJ6kK7lL8zX9cV0bN1nM2qW3eR4tT5yU6iI7oO8pP9aS0dF1gG2hH3jJ4kK5lL6zZ7xX8cC9vV0bB1nN2mM3qW4eR5tT6yU7iI8oO9pP0aS1dF2gG3hH4jJ5kK6lL7zZ8xX9cC0vB1nN2mQ3wE4rR5tT6yY7uU8iI9oO0pP1aS2dF3gG4hH5jJ6kK7lL8zX9cV0bN1nM2qW3eR4tT5yU6iI7oO8pP9aS0dF1gG2hH3jJ4kK5lL6zZ7xX8cC9vV0bB1nN2mM3qW4eR5tT6yU7iI8oO9pP0aS1dF2gG3hH4jJ5kK6lL7zZ8xX9cC0vB1nN2mQ3wE4rR5tT6yY7uU8iI9oO0pP1aS2dF3gG4hH5jJ6kK7l4hH5jJ6kK7lL8zX9cV0bN1nM2qW3eR4tT5yU6iI7oO8pP9aS0dF1gG2hH3jJ4kK5lL6zZ7xX8cC9vV0bB1nN2mM3qW4eR5tT6yU7iI8oO9pP0aS1dF2gG3hH4jJ5kK6lL7zZ8xX9cC0vB1nN2mQ3wE4rR5tT6yY7uU8iI9oO0pP1aS2dF3gG4hH5jJ6kK7lL8zX9cV0bN1nM2qW3eR4tT5yU6iI7oO8pP9aS0dF1gG2hH3jJ4kK5lL6zZ7xX8cC9vV0bB1nN2mM3qW4eR5tT6yU7iI8oO9pP0aS1dF2gG3hH4jJ5kK6lL7zZ8xX9cC0vB1nN2mQ3wE4rR5tT6yY7uU8iI9oO0pP1aS2dF3gG4hH5jJ6kK7l4hH5jJ6kK7lL8zX9cV0bN1nM2qW3eR4tT5yU6iI7oO8pP9aS0dF1gG2hH3jJ4kK5lL6zZ7xX8cC9vV0bB1nN2mM3qW4eR5tT6yU7iI8oO9pP0aS1dF2gG3hH4jJ5kK6lL7zZ8xX9cC0vB1nN2mQ3wE4rR5tT6yY7uU8iI9oO0pP1aS2dF3gG4hH5jJ6kK7lL8zX9cV0bN1nM2qW3eR4tT5yU6iI7oO8pP9aS0dF1gG2hH3jJ4kK5lL6zZ7xX8cC9vV0bB1nN2mM3qW4eR5tT6yU7iI8oO9pP0aS1dF2gG3hH4jJ5kK6lL7zZ8xX9cC0vB1nN2mQ3wE4rR5tT6yY7uU8iI9oO0pP1aS2dF3gG4hH5jJ6kK7l4hH5jJ6kK7lL8zX9cV0bN1nM2qW3eR4tT5yU6iI7oO8pP9aS0dF1gG2hH3jJ4kK5lL6z7nB9vR2mX8kLp4QjW3tY5zH1aG6sF9dD0fS8gA7hJ6kL5mN4bV3vC2xZ1oP9iU8uY7tT6rR5eE4wW3qQ2aZ1sX2dC3fV4gB5hN6jM7kL8pO9iU0yT1rE2wQ3aS4dF5gG6hH7jJ8kK9lL0zZ1xX2cC3vV4bB5nN6mM7qQ8wW9eE0rR1tT2yY3uU4iI5oO6pP7aA8sS9dD0fF1gG2hH3jJ4kK5lL6zZ7xX8cC9vV0bB1nN2mM3qW4eR5tT6yU7iI8oO9pP0aS1dF2gG3hH4jJ5kK6lL7zZ8xX9cC0vB1nN2mQ3wE4rR5tT6yY7uU8iI9oO0pP1aS2dF3gG4hH5jJ6kK7lL8zX9cV0bN1nM2qW3eR4tT5yU6iI7oO8pP9aS0dF1gG2hH3jJ4kK5lL6zZ7xX8cC9vV0bB1nN2mM3qW4eR5tT6yU7iI8oO9pP0aS1dF2gG3hH4jJ5kK6lL7zZ8xX9cC0vB1nN2mQ3wE4rR5tT6yY7uU8iI9oO0pP1aS2dF3gG4hH5jJ6kK7lL8zX9cV0bN1nM2qW3eR4tT5yU6iI7oO8pP9aS0dF1gG2hH3jJ4kK5lL6zZ7xX8cC9vV0bB1nN2mM3qW4eR5tT6yU7iI8oO9pP0aS1dF2gG3hH4jJ5kK6lL7zZ8xX9cC0vB1nN2mQ3wE4rR5tT6yY7uU8iI9oO0pP1aS2dF3gG4hH5jJ6kK7lL8zX9cV0bN1nM2qW3eR4tT5yU6iI7oO8pP9aS0dF1gG2hH3jJ4kK5lL6zZ7xX8cC9vV0bB1nN2mM3qW4eR5tT6yU7iI8oO9pP0aS1dF2gG3hH4jJ5kK6lL7zZ8xX9cC0vB1nN2mQ3wE4rR5tT6yY7uU8iI9oO0pP1aS2dF3gG4hH5jJ6kK7lL8zX9cV0bN1nM2qW3eR4tT5yU6iI7oO8pP9aS0dF1gG2hH3jJ4kK5lL6zZ7xX8cC9vV0bB1nN2mM3qW4eR5tT6yU7iI8oO9pP0aS1dF2gG3hH4jJ5kK6lL7zZ8xX9cC0vB1nN2mQ3wE4rR5tT6yY7uU8iI9oO0pP1aS2dF3gG4hH5jJ6kK7l4hH5jJ6kK7lL8zX9cV0bN1nM2qW3eR4tT5yU6iI7oO8pP9aS0dF1gG2hH3jJ4kK5lL6zZ7xX8cC9vV0bB1nN2mM3qW4eR5tT6yU7iI8oO9pP0aS1dF2gG3hH4jJ5kK6lL7zZ8xX9cC0vB1nN2mQ3wE4rR5tT6yY7uU8iI9oO0pP1aS2dF3gG4hH5jJ6kK7lL8zX9cV0bN1nM2qW3eR4tT5yU6iI7oO8pP9aS0dF1gG2hH3jJ4kK5lL6zZ7xX8cC9vV0bB1nN2mM3qW4eR5tT6yU7iI8oO9pP0aS1dF2gG3hH4jJ5kK6lL7zZ8xX9cC0vB1nN2mQ3wE4rR5tT6yY7uU8iI9oO0pP1aS2dF3gG4hH5jJ6kK7l4hH5jJ6kK7lL8zX9cV0bN1nM2qW3eR4tT5yU6iI7oO8pP9aS0dF1gG2hH3jJ4kK5lL6zZ7xX8cC9vV0bB1nN2mM3qW4eR5tT6yU7iI8oO9pP0aS1dF2gG3hH4jJ5kK6lL7zZ8xX9cC0vB1nN2mQ3wE4rR5tT6yY7uU8iI9oO0pP1aS2dF3gG4hH5jJ6kK7lL8zX9cV0bN1nM2qW3eR4tT5yU6iI7oO8pP9aS0dF1gG2hH3jJ4kK5lL6zZ7xX8cC9vV0bB1nN2mM3qW4eR5tT6yU7iI8oO9pP0aS1dF2gG3hH4jJ5kK6lL7zZ8xX9cC0vB1nN2mQ3wE4rR5tT6yY7uU8iI9oO0pP1aS2dF3gG4hH5jJ6kK7l4hH5jJ6kK7lL8zX9cV0bN1nM2qW3eR4tT5yU6iI7oO8pP9aS0dF1gG2hH3jJ4kK5lL6zZ7xX8cC9vV0bB1nN2mM3qW4eR5tT6yU7iI8oO9pP0aS1dF2gG3hH4jJ5kK6lL7zZ8xX9cC0vB1nN2mQ3wE4rR5tT6yY7uU8iI9oO0pP1aS2dF3gG4hH5jJ6kK7lL8zX9cV0bN1nM2qW3eR4tT5yU6iI7oO8pP9aS0dF1gG2hH3jJ4kK5lL6zZ7xX8cC9vV0bB1nN2mM3qW4eR5tT6yU7iI8oO9pP0aS1dF2gG3hH4jJ5kK6lL7zZ8xX9cC0vB1nN2mQ3wE4rR5tT6yY7uU8iI9oO0pP1aS2dF3gG4hH5jJ6kK7l4hH5jJ6kK7lL8zX9cV0bN1nM2qW3eR4tT5yU6iI7oO8pP9aS0dF1gG2hH3jJ4kK5lL6zZ7xX8cC9vV0bB1nN2mM3qW4eR5tT6yU7iI8oO9pP0aS1dF2gG3hH4jJ5kK6lL7zZ8xX9cC0vB1nN2mQ3wE4rR5tT6yY7uU8iI9oO0pP1aS2dF3gG4hH5jJ6kK7lL8zX9cV0bN1nM2qW3eR4tT5yU6iI7oO8pP9aS0dF1gG2hH3jJ4kK5lL6zZ7xX8cC9vV0bB1nN2mM3qW4eR5tT6yU7iI8oO9pP0aS1dF2gG3hH4jJ5kK6lL7zZ8xX9cC0vB1nN2mQ3wE4rR5tT6yY7uU8iI9oO0pP1aS2dF3gG4hH5jJ6kK7l4hH5jJ6kK7lL8zX9cV0bN1nM2qW3eR4tT5yU6iI7oO8pP9aS0dF1gG2hH3jJ4kK5lL6zZ7xX8cC9vV0bB1nN2mM3qW4eR5tT6yU7iI8oO9pP0aS1dF2gG3hH4jJ5kK6lL7zZ8xX9cC0vB1nN2mQ3wE4rR5tT6yY7uU8iI9oO0pP1aS2dF3gG4hH5jJ6kK7lL8zX9cV0bN1nM2qW3eR4tT5yU6iI7oO8pP9aS0dF1gG2hH3jJ4kK5lL6zZ7xX8cC9vV0bB1nN2mM3qW4eR5tT6yU7iI8oO9pP0aS1dF2gG3hH4jJ5kK6lL7zZ8xX9cC0vB1nN2mQ3wE4rR5tT6yY7uU8iI9oO0pP1aS2dF3gG4hH5jJ6kK7l4hH5jJ6kK7lL8zX9cV0bN1nM2qW3eR4tT5yU6iI7oO8pP9aS0dF1gG2hH3jJ4kK5lL6zZ7xX8cC9vV0bB1nN2mM3qW4eR5tT6yU7iI8oO9pP0aS1dF2gG3hH4jJ5kK6lL7zZ8xX9cC0vB1nN2mQ3wE4rR5tT6yY7uU8iI9oO0pP1aS2dF3gG4hH5jJ6kK7lL8zX9cV0bN1nM2qW3eR4tT5yU6iI7oO8pP9aS0dF1gG2hH3jJ4kK5lL6zZ7xX8cC9vV0bB1nN2mM3qW4eR5tT6yU7iI8oO9pP0aS1dF2gG3hH4jJ5kK6lL7zZ8xX9cC0vB1nN2mQ3wE4rR5tT6yY7uU8iI9oO0pP1aS2dF3gG4hH5jJ6kK7l4hH5jJ6kK7lL8zX9cV0bN1nM2qW3eR4tT5yU6iI7oO8pP9aS0dF1gG2hH3jJ4kK5lL6zZ7xX8cC9vV0bB1nN2mM3qW4eR5tT6yU7iI8oO9pP0aS1dF2gG3hH4jJ5kK6lL7zZ8xX9cC0vB1nN2mQ3wE4rR5tT6yY7uU8iI9oO0pP1aS2dF3gG4hH5jJ6kK7lL8zX9cV0bN1nM2qW3eR4tT5yU6iI7oO8pP9aS0dF1gG2hH3jJ4kK5lL6zZ7xX8cC9vV0bB1nN2mM3qW4eR5tT6yU7iI8oO9pP0aS1dF2gG3hH4jJ5kK6lL7zZ8xX9cC0vB1nN2mQ3wE4rR5tT6yY7uU8iI9oO0pP1aS2dF3gG4hH5jJ6kK7l4hH5jJ6kK7lL8zX9cV0bN1nM2qW3eR4tT5yU6iI7oO8pP9aS0dF1gG2hH3jJ4kK5lL6z7nB9vR2mX8kLp4QjW3tY5zH1aG6sF9dD0fS8gA7hJ6kL5mN4bV3vC2xZ1oP9iU8uY7tT6rR5eE4wW3qQ2aZ1sX2dC3fV4gB5hN6jM7kL8pO9iU0yT1rE2wQ3aS4dF5gG6hH7jJ8kK9lL0zZ1xX2cC3vV4bB5nN6mM7qQ8wW9eE0rR1tT2yY3uU4iI5oO6pP7aA8sS9dD0fF1gG2hH3jJ4kK5lL6zZ7xX8cC9vV0bB1nN2mM3qW4eR5tT6yU7iI8oO9pP0aS1dF2gG3hH4jJ5kK6lL7zZ8xX9cC0vB1nN2mQ3wE4rR5tT6yY7uU8iI9oO0pP1aS2dF3gG4hH5jJ6kK7lL8zX9cV0bN1nM2qW3eR4tT5yU6iI7oO8pP9aS0dF1gG2hH3jJ4kK5lL6zZ7xX8cC9vV0bB1nN2mM3qW4eR5tT6yU7iI8oO9pP0aS1dF2gG3hH4jJ5kK6lL7zZ8xX9cC0vB1nN2mQ3wE4rR5tT6yY7uU8iI9oO0pP1aS2dF3gG4hH5jJ6kK7lL8zX9cV0bN1nM2qW3eR4tT5yU6iI7oO8pP9aS0dF1gG2hH3jJ4kK5lL6zZ7xX8cC9vV0bB1nN2mM3qW4eR5tT6yU7iI8oO9pP0aS1dF2gG3hH4jJ5kK6lL7zZ8xX9cC0vB1nN2mQ3wE4rR5tT6yY7uU8iI9oO0pP1aS2dF3gG4hH5jJ6kK7lL8zX9cV0bN1nM2qW3eR4tT5yU6iI7oO8pP9aS0dF1gG2hH3jJ4kK5lL6zZ7xX8cC9vV0bB1nN2mM3qW4eR5tT6yU7iI8oO9pP0aS1dF2gG3hH4jJ5kK6lL7zZ8xX9cC0vB1nN2mQ3wE4rR5tT6yY7uU8iI9oO0pP1aS2dF3gG4hH5jJ6kK7lL8zX9cV0bN1nM2qW3eR4tT5yU6iI7oO8pP9aS0dF1gG2hH3jJ4kK5lL6zZ7xX8cC9vV0bB1nN2mM3qW4eR5tT6yU7iI8oO9pP0aS1dF2gG3hH4jJ5kK6lL7zZ8xX9cC0vB1nN2mQ3wE4rR5tT6yY7uU8iI9oO0pP1aS2dF3gG4hH5jJ6kK7l4hH5jJ6kK7lL8zX9cV0bN1nM2qW3eR4tT5yU6iI7oO8pP9aS0dF1gG2hH3jJ4kK5lL6zZ7xX8cC9vV0bB1nN2mM3qW4eR5tT6yU7iI8oO9pP0aS1dF2gG3hH4jJ5kK6lL7zZ8xX9cC0vB1nN2mQ3wE4rR5tT6yY7uU8iI9oO0pP1aS2dF3gG4hH5jJ6kK7lL8zX9cV0bN1nM2qW3eR4tT5yU6iI7oO8pP9aS0dF1gG2hH3jJ4kK5lL6zZ7xX8cC9vV0bB1nN2mM3qW4eR5tT6yU7iI8oO9pP0aS1dF2gG3hH4jJ5kK6lL7zZ8xX9cC0vB1nN2mQ3wE4rR5tT6yY7uU8iI9oO0pP1aS2dF3gG4hH5jJ6kK7l4hH5jJ6kK7lL8zX9cV0bN1nM2qW3eR4tT5yU6iI7oO8pP9aS0dF1gG2hH3jJ4kK5lL6zZ7xX8cC9vV0bB1nN2mM3qW4eR5tT6yU7iI8oO9pP0aS1dF2gG3hH4jJ5kK6lL7zZ8xX9cC0vB1nN2mQ3wE4rR5tT6yY7uU8iI9oO0pP1aS2dF3gG4hH5jJ6kK7lL8zX9cV0bN1nM2qW3eR4tT5yU6iI7oO8pP9aS0dF1gG2hH3jJ4kK5lL6zZ7xX8cC9vV0bB1nN2mM3qW4eR5tT6yU7iI8oO9pP0aS1dF2gG3hH4jJ5kK6lL7zZ8xX9cC0vB1nN2mQ3wE4rR5tT6yY7uU8iI9oO0pP1aS2dF3gG4hH5jJ6kK7l4hH5jJ6kK7lL8zX9cV0bN1nM2qW3eR4tT5yU6iI7oO8pP9aS0dF1gG2hH3jJ4kK5lL6zZ7xX8cC9vV0bB1nN2mM3qW4eR5tT6yU7iI8oO9pP0aS1dF2gG3hH4jJ5kK6lL7zZ8xX9cC0vB1nN2mQ3wE4rR5tT6yY7uU8iI9oO0pP1aS2dF3gG4hH5jJ6kK7lL8zX9cV0bN1nM2qW3eR4tT5yU6iI7oO8pP9aS0dF1gG2hH3jJ4kK5lL6zZ7xX8cC9vV0bB1nN2mM3qW4eR5tT6yU7iI8oO9pP0aS1dF2gG3hH4jJ5kK6lL7zZ8xX9cC0vB1nN2mQ3wE4rR5tT6yY7uU8iI9oO0pP1aS2dF3gG4hH5jJ6kK7l4hH5jJ6kK7lL8zX9cV0bN1nM2qW3eR4tT5yU6iI7oO8pP9aS0dF1gG2hH3jJ4kK5lL6zZ7xX8cC9vV0bB1nN2mM3qW4eR5tT6yU7iI8oO9pP0aS1dF2gG3hH4jJ5kK6lL7zZ8xX9cC0vB1nN2mQ3wE4rR5tT6yY7uU8iI9oO0pP1aS2dF3gG4hH5jJ6kK7lL8zX9cV0bN1nM2qW3eR4tT5yU6iI7oO8pP9aS0dF1gG2hH3jJ4kK5lL6zZ7xX8cC9vV0bB1nN2mM3qW4eR5tT6yU7iI8oO9pP0aS1dF2gG3hH4jJ5kK6lL7zZ8xX9cC0vB1nN2mQ3wE4rR5tT6yY7uU8iI9oO0pP1aS2dF3gG4hH5jJ6kK7l4hH5jJ6kK7lL8zX9cV0bN1nM2qW3eR4tT5yU6iI7oO8pP9aS0dF1gG2hH3jJ4kK5lL6zZ7xX8cC9vV0bB1nN2mM3qW4eR5tT6yU7iI8oO9pP0aS1dF2gG3hH4jJ5kK6lL7zZ8xX9cC0vB1nN2mQ3wE4rR5tT6yY7uU8iI9oO0pP1aS2dF3gG4hH5jJ6kK7lL8zX9cV0bN1nM2qW3eR4tT5yU6iI7oO8pP9aS0dF1gG2hH3jJ4kK5lL6zZ7xX8cC9vV0bB1nN2mM3qW4eR5tT6yU7iI8oO9pP0aS1dF2gG3hH4jJ5kK6lL7zZ8xX9cC0vB1nN2mQ3wE4rR5tT6yY7uU8iI9oO0pP1aS2dF3gG4hH5jJ6kK7l4hH5jJ6kK7lL8zX9cV0bN1nM2qW3eR4tT5yU6iI7oO8pP9aS0dF1gG2hH3jJ4kK5lL6zZ7xX8cC9vV0bB1nN2mM3qW4eR5tT6yU7iI8oO9pP0aS1dF2gG3hH4jJ5kK6lL7zZ8xX9cC0vB1nN2mQ3wE4rR5tT6yY7uU8iI9oO0pP1aS2dF3gG4hH5jJ6kK7lL8zX9cV0bN1nM2qW3eR4tT5yU6iI7oO8pP9aS0dF1gG2hH3jJ4kK5lL6zZ7xX8cC9vV0bB1nN2mM3qW4eR5tT6yU7iI8oO9pP0aS1dF2gG3hH4jJ5kK6lL7zZ8xX9cC0vB1nN2mQ3wE4rR5tT6yY7uU8iI9oO0pP1aS2dF3gG4hH5jJ6kK7l4hH5jJ6kK7lL8zX9cV0bN1nM2qW3eR4tT5yU6iI7oO8pP9aS0dF1gG2hH3jJ4kK5lL6zZ7xX8cC9vV0bB1nN2mM3qW4eR5tT6yU7iI8oO9pP0aS1dF2gG3hH4jJ5kK6lL7zZ8xX9cC0vB1nN2mQ3wE4rR5tT6yY7uU8iI9oO0pP1aS2dF3gG4hH5jJ6kK7lL8zX9cV0bN1nM2qW3eR4tT5yU6iI7oO8pP9aS0dF1gG2hH3jJ4kK5lL6zZ7xX8cC9vV0bB1nN2mM3qW4eR5tT6yU7iI8oO9pP0aS1dF2gG3hH4jJ5kK6lL7zZ8xX9cC0vB1nN2mQ3wE4rR5tT6yY7uU8iI9oO0pP1aS2dF3gG4hH5jJ6kK7l4hH5jJ6kK7lL8zX9cV0bN1nM2qW3eR4tT5yU6iI7oO8pP9aS0dF1gG2hH3jJ4kK5lL6z7nB9vR2mX8kLp4QjW3tY5zH1aG6sF9dD0fS8gA7hJ6kL5mN4bV3vC2xZ1oP9iU8uY7tT6rR5eE4wW3qQ2aZ1sX2dC3fV4gB5hN6jM7kL8pO9iU0yT1rE2wQ3aS4dF5gG6hH7jJ8kK9lL0zZ1xX2cC3vV4bB5nN6mM7qQ8wW9eE0rR1tT2yY3uU4iI5oO6pP7aA8sS9dD0fF1gG2hH3jJ4kK5lL6zZ7xX8cC9vV0bB1nN2mM3qW4eR5tT6yU7iI8oO9pP0aS1dF2gG3hH4jJ5kK6lL7zZ8xX9cC0vB1nN2mQ3wE4rR5tT6yY7uU8iI9oO0pP1aS2dF3gG4hH5jJ6kK7lL8zX9cV0bN1nM2qW3eR4tT5yU6iI7oO8pP9aS0dF1gG2hH3jJ4kK5lL6zZ7xX8cC9vV0bB1nN2mM3qW4eR5tT6yU7iI8oO9pP0aS1dF2gG3hH4jJ5kK6lL7zZ8xX9cC0vB1nN2mQ3wE4rR5tT6yY7uU8iI9oO0pP1aS2dF3gG4hH5jJ6kK7lL8zX9cV0bN1nM2qW3eR4tT5yU6iI7oO8pP9aS0dF1gG2hH3jJ4kK5lL6zZ7xX8cC9vV0bB1nN2mM3qW4eR5tT6yU7iI8oO9pP0aS1dF2gG3hH4jJ5kK6lL7zZ8xX9cC0vB1nN2mQ3wE4rR5tT6yY7uU8iI9oO0pP1aS2dF3gG4hH5jJ6kK7lL8zX9cV0bN1nM2qW3eR4tT5yU6iI7oO8pP9aS0dF1gG2hH3jJ4kK5lL6zZ7xX8cC9vV0bB1nN2mM3qW4eR5tT6yU7iI8oO9pP0aS1dF2gG3hH4jJ5kK6lL7zZ8xX9cC0vB1nN2mQ3wE4rR5tT6yY7uU8iI9oO0pP1aS2dF3gG4hH5jJ6kK7lL8zX9cV0bN1nM2qW3eR4tT5yU6iI7oO8pP9aS0dF1gG2hH3jJ4kK5lL6zZ7xX8cC9vV0bB1nN2mM3qW4eR5tT6yU7iI8oO9pP0aS1dF2gG3hH4jJ5kK6lL7zZ8xX9cC0vB1nN2mQ3wE4rR5tT6yY7uU8iI9oO0pP1aS2dF3gG4hH5jJ6kK7l4hH5jJ6kK7lL8zX9cV0bN1nM2qW3eR4tT5yU6iI7oO8pP9aS0dF1gG2hH3jJ4kK5lL6zZ7xX8cC9vV0bB1nN2mM3qW4eR5tT6yU7iI8oO9pP0aS1dF2gG3hH4jJ5kK6lL7zZ8xX9cC0vB1nN2mQ3wE4rR5tT6yY7uU8iI9oO0pP1aS2dF3gG4hH5jJ6kK7lL8zX9cV0bN1nM2qW3eR4tT5yU6iI7oO8pP9aS0dF1gG2hH3jJ4kK5lL6zZ7xX8cC9vV0bB1nN2mM3qW4eR5tT6yU7iI8oO9pP0aS1dF2gG3hH4jJ5kK6lL7zZ8xX9cC0vB1nN2mQ3wE4rR5tT6yY7uU8iI9oO0pP1aS2dF3gG4hH5jJ6kK7l4hH5jJ6kK7lL8zX9cV0bN1nM2qW3eR4tT5yU6iI7oO8pP9aS0dF1gG2hH3jJ4kK5lL6zZ7xX8cC9vV0bB1nN2mM3qW4eR5tT6yU7iI8oO9pP0aS1dF2gG3hH4jJ5kK6lL7zZ8xX9cC0vB1nN2mQ3wE4rR5tT6yY7uU8iI9oO0pP1aS2dF3gG4hH5jJ6kK7lL8zX9cV0bN1nM2qW3eR4tT5yU6iI7oO8pP9aS0dF1gG2hH3jJ4kK5lL6zZ7xX8cC9vV0bB1nN2mM3qW4eR5tT6yU7iI8oO9pP0aS1dF2gG3hH4jJ5kK6lL7zZ8xX9cC0vB1nN2mQ3wE4rR5tT6yY7uU8iI9oO0pP1aS2dF3gG4hH5jJ6kK7l4hH5jJ6kK7lL8zX9cV0bN1nM2qW3eR4tT5yU6iI7oO8pP9aS0dF1gG2hH3jJ4kK5lL6zZ7xX8cC9vV0bB1nN2mM3qW4eR5tT6yU7iI8oO9pP0aS1dF2gG3hH4jJ5kK6lL7zZ8xX9cC0vB1nN2mQ3wE4rR5tT6yY7uU8iI9oO0pP1aS2dF3gG4hH5jJ6kK7lL8zX9cV0bN1nM2qW3eR4tT5yU6iI7oO8pP9aS0dF1gG2hH3jJ4kK5lL6zZ7xX8cC9vV0bB1nN2mM3qW4eR5tT6yU7iI8oO9pP0aS1dF2gG3hH4jJ5kK6lL7zZ8xX9cC0vB1nN2mQ3wE4rR5tT6yY7uU8iI9oO0pP1aS2dF3gG4hH5jJ6kK7l4hH5jJ6kK7lL8zX9cV0bN1nM2qW3eR4tT5yU6iI7oO8pP9aS0dF1gG2hH3jJ4kK5lL6zZ7xX8cC9vV0bB1nN2mM3qW4eR5tT6yU7iI8oO9pP0aS1dF2gG3hH4jJ5kK6lL7zZ8xX9cC0vB1nN2mQ3wE4rR5tT6yY7uU8iI9oO0pP1aS2dF3gG4hH5jJ6kK7lL8zX9cV0bN1nM2qW3eR4tT5yU6iI7oO8pP9aS0dF1gG2hH3jJ4kK5lL6zZ7xX8cC9vV0bB1nN2mM3qW4eR5tT6yU7iI8oO9pP0aS1dF2gG3hH4jJ5kK6lL7zZ8xX9cC0vB1nN2mQ3wE4rR5tT6yY7uU8iI9oO0pP1aS2dF3gG4hH5jJ6kK7l4hH5jJ6kK7lL8zX9cV0bN1nM2qW3eR4tT5yU6iI7oO8pP9aS0dF1gG2hH3jJ4kK5lL6zZ7xX8cC9vV0bB1nN2mM3qW4eR5tT6yU7iI8oO9pP0aS1dF2gG3hH4jJ5kK6lL7zZ8xX9cC0vB1nN2mQ3wE4rR5tT6yY7uU8iI9oO0pP1aS2dF3gG4hH5jJ6kK7lL8zX9cV0bN1nM2qW3eR4tT5yU6iI7oO8pP9aS0dF1gG2hH3jJ4kK5lL6zZ7xX8cC9vV0bB1nN2mM3qW4eR5tT6yU7iI8oO9pP0aS1dF2gG3hH4jJ5kK6lL7zZ8xX9cC0vB1nN2mQ3wE4rR5tT6yY7uU8iI9oO0pP1aS2dF3gG4hH5jJ6kK7l4hH5jJ6kK7lL8zX9cV0bN1nM2qW3eR4tT5yU6iI7oO8pP9aS0dF1gG2hH3jJ4kK5lL6zZ7xX8cC9vV0bB1nN2mM3qW4eR5tT6yU7iI8oO9pP0aS1dF2gG3hH4jJ5kK6lL7zZ8xX9cC0vB1nN2mQ3wE4rR5tT6yY7uU8iI9oO0pP1aS2dF3gG4hH5jJ6kK7lL8zX9cV0bN1nM2qW3eR4tT5yU6iI7oO8pP9aS0dF1gG2hH3jJ4kK5lL6zZ7xX8cC9vV0bB1nN2mM3qW4eR5tT6yU7iI8oO9pP0aS1dF2gG3hH4jJ5kK6lL7zZ8xX9cC0vB1nN2mQ3wE4rR5tT6yY7uU8iI9oO0pP1aS2dF3gG4hH5jJ6kK7l4hH5jJ6kK7lL8zX9cV0bN1nM2qW3eR4tT5yU6iI7oO8pP9aS0dF1gG2hH3jJ4kK5lL6zZ7xX8cC9vV0bB1nN2mM3qW4eR5tT6yU7iI8oO9pP0aS1dF2gG3hH4jJ5kK6lL7zZ8xX9cC0vB1nN2mQ3wE4rR5tT6yY7uU8iI9oO0pP1aS2dF3gG4hH5jJ6kK7lL8zX9cV0bN1nM2qW3eR4tT5yU6iI7oO8pP9aS0dF1gG2hH3jJ4kK5lL6zZ7xX8cC9vV0bB1nN2mM3qW4eR5tT6yU7iI8oO9pP0aS1dF2gG3hH4jJ5kK6lL7zZ8xX9cC0vB1nN2mQ3wE4rR5tT6yY7uU8iI9oO0pP1aS2dF3gG4hH5jJ6kK7l4hH5jJ6kK7lL8zX9cV0bN1nM2qW3eR4tT5yU6iI7oO8pP9aS0dF1gG2hH3jJ4kK5lL6z7nB9vR2mX8kLp4QjW3tY5zH1aG6sF9dD0fS8gA7hJ6kL5mN4bV3vC2xZ1oP9iU8uY7tT6rR5eE4wW3qQ2aZ1sX2dC3fV4gB5hN6jM7kL8pO9iU0yT1rE2wQ3aS4dF5gG6hH7jJ8kK9lL0zZ1xX2cC3vV4bB5nN6mM7qQ8wW9eE0rR1tT2yY3uU4iI5oO6pP7aA8sS9dD0fF1gG2hH3jJ4kK5lL6zZ7xX8cC9vV0bB1nN2mM3qW4eR5tT6yU7iI8oO9pP0aS1dF2gG3hH4jJ5kK6lL7zZ8xX9cC0vB1nN2mQ3wE4rR5tT6yY7uU8iI9oO0pP1aS2dF3gG4hH5jJ6kK7lL8zX9cV0bN1nM2qW3eR4tT5yU6iI7oO8pP9aS0dF1gG2hH3jJ4kK5lL6zZ7xX8cC9vV0bB1nN2mM3qW4eR5tT6yU7iI8oO9pP0aS1dF2gG3hH4jJ5kK6lL7zZ8xX9cC0vB1nN2mQ3wE4rR5tT6yY7uU8iI9oO0pP1aS2dF3gG4hH5jJ6kK7lL8zX9cV0bN1nM2qW3eR4tT5yU6iI7oO8pP9aS0dF1gG2hH3jJ4kK5lL6zZ7xX8cC9vV0bB1nN2mM3qW4eR5tT6yU7iI8oO9pP0aS1dF2gG3hH4jJ5kK6lL7zZ8xX9cC0vB1nN2mQ3wE4rR5tT6yY7uU8iI9oO0pP1aS2dF3gG4hH5jJ6kK7lL8zX9cV0bN1nM2qW3eR4tT5yU6iI7oO8pP9aS0dF1gG2hH3jJ4kK5lL6zZ7xX8cC9vV0bB1nN2mM3qW4eR5tT6yU7iI8oO9pP0aS1dF2gG3hH4jJ5kK6lL7zZ8xX9cC0vB1nN2mQ3wE4rR5tT6yY7uU8iI9oO0pP1aS2dF3gG4hH5jJ6kK7lL8zX9cV0bN1nM2qW3eR4tT5yU6iI7oO8pP9aS0dF1gG2hH3jJ4kK5lL6zZ7xX8cC9vV0bB1nN2mM3qW4eR5tT6yU7iI8oO9pP0aS1dF2gG3hH4jJ5kK6lL7zZ8xX9cC0vB1nN2mQ3wE4rR5tT6yY7uU8iI9oO0pP1aS2dF3gG4hH5jJ6kK7l4hH5jJ6kK7lL8zX9cV0bN1nM2qW3eR4tT5yU6iI7oO8pP9aS0dF1gG2hH3jJ4kK5lL6zZ7xX8cC9vV0bB1nN2mM3qW4eR5tT6yU7iI8oO9pP0aS1dF2gG3hH4jJ5kK6lL7zZ8xX9cC0vB1nN2mQ3wE4rR5tT6yY7uU8iI9oO0pP1aS2dF3gG4hH5jJ6kK7lL8zX9cV0bN1nM2qW3eR4tT5yU6iI7oO8pP9aS0dF1gG2hH3jJ4kK5lL6zZ7xX8cC9vV0bB1nN2mM3qW4eR5tT6yU7iI8oO9pP0aS1dF2gG3hH4jJ5kK6lL7zZ8xX9cC0vB1nN2mQ3wE4rR5tT6yY7uU8iI9oO0pP1aS2dF3gG4hH5jJ6kK7l4hH5jJ6kK7lL8zX9cV0bN1nM2qW3eR4tT5yU6iI7oO8pP9aS0dF1gG2hH3jJ4kK5lL6zZ7xX8cC9vV0bB1nN2mM3qW4eR5tT6yU7iI8oO9pP0aS1dF2gG3hH4jJ5kK6lL7zZ8xX9cC0vB1nN2mQ3wE4rR5tT6yY7uU8iI9oO0pP1aS2dF3gG4hH5jJ6kK7lL8zX9cV0bN1nM2qW3eR4tT5yU6iI7oO8pP9aS0dF1gG2hH3jJ4kK5lL6zZ7xX8cC9vV0bB1nN2mM3qW4eR5tT6yU7iI8oO9pP0aS1dF2gG3hH4jJ5kK6lL7zZ8xX9cC0vB1nN2mQ3wE4rR5tT6yY7uU8iI9oO0pP1aS2dF3gG4hH5jJ6kK7l4hH5jJ6kK7lL8zX9cV0bN1nM2qW3eR4tT5yU6iI7oO8pP9aS0dF1gG2hH3jJ4kK5lL6zZ7xX8cC9vV0bB1nN2mM3qW4eR5tT6yU7iI8oO9pP0aS1dF2gG3hH4jJ5kK6lL7zZ8xX9cC0vB1nN2mQ3wE4rR5tT6yY7uU8iI9oO0pP1aS2dF3gG4hH5jJ6kK7lL8zX9cV0bN1nM2qW3eR4tT5yU6iI7oO8pP9aS0dF1gG2hH3jJ4kK5lL6zZ7xX8cC9vV0bB1nN2mM3qW4eR5tT6yU7iI8oO9pP0aS1dF2gG3hH4jJ5kK6lL7zZ8xX9cC0vB1nN2mQ3wE4rR5tT6yY7uU8iI9oO0pP1aS2dF3gG4hH5jJ6kK7l4hH5jJ6kK7lL8zX9cV0bN1nM2qW3eR4tT5yU6iI7oO8pP9aS0dF1gG2hH3jJ4kK5lL6zZ7xX8cC9vV0bB1nN2mM3qW4eR5tT6yU7iI8oO9pP0aS1dF2gG3hH4jJ5kK6lL7zZ8xX9cC0vB1nN2mQ3wE4rR5tT6yY7uU8iI9oO0pP1aS2dF3gG4hH5jJ6kK7lL8zX9cV0bN1nM2qW3eR4tT5yU6iI7oO8pP9aS0dF1gG2hH3jJ4kK5lL6zZ7xX8cC9vV0bB1nN2mM3qW4eR5tT6yU7iI8oO9pP0aS1dF2gG3hH4jJ5kK6lL7zZ8xX9cC0vB1nN2mQ3wE4rR5tT6yY7uU8iI9oO0pP1aS2dF3gG4hH5jJ6kK7l4hH5jJ6kK7lL8zX9cV0bN1nM2qW3eR4tT5yU6iI7oO8pP9aS0dF1gG2hH3jJ4kK5lL6zZ7xX8cC9vV0bB1nN2mM3qW4eR5tT6yU7iI8oO9pP0aS1dF2gG3hH4jJ5kK6lL7zZ8xX9cC0vB1nN2mQ3wE4rR5tT6yY7uU8iI9oO0pP1aS2dF3gG4hH5jJ6kK7lL8zX9cV0bN1nM2qW3eR4tT5yU6iI7oO8pP9aS0dF1gG2hH3jJ4kK5lL6zZ7xX8cC9vV0bB1nN2mM3qW4eR5tT6yU7iI8oO9pP0aS1dF2gG3hH4jJ5kK6lL7zZ8xX9cC0vB1nN2mQ3wE4rR5tT6yY7uU8iI9oO0pP1aS2dF3gG4hH5jJ6kK7l4hH5jJ6kK7lL8zX9cV0bN1nM2qW3eR4tT5yU6iI7oO8pP9aS0dF1gG2hH3jJ4kK5lL6zZ7xX8cC9vV0bB1nN2mM3qW4eR5tT6yU7iI8oO9pP0aS1dF2gG3hH4jJ5kK6lL7zZ8xX9cC0vB1nN2mQ3wE4rR5tT6yY7uU8iI9oO0pP1aS2dF3gG4hH5jJ6kK7lL8zX9cV0bN1nM2qW3eR4tT5yU6iI7oO8pP9aS0dF1gG2hH3jJ4kK5lL6zZ7xX8cC9vV0bB1nN2mM3qW4eR5tT6yU7iI8oO9pP0aS1dF2gG3hH4jJ5kK6lL7zZ8xX9cC0vB1nN2mQ3wE4rR5tT6yY7uU8iI9oO0pP1aS2dF3gG4hH5jJ6kK7l4hH5jJ6kK7lL8zX9cV0bN1nM2qW3eR4tT5yU6iI7oO8pP9aS0dF1gG2hH3jJ4kK5lL6zZ7xX8cC9vV0bB1nN2mM3qW4eR5tT6yU7iI8oO9pP0aS1dF2gG3hH4jJ5kK6lL7zZ8xX9cC0vB1nN2mQ3wE4rR5tT6yY7uU8iI9oO0pP1aS2dF3gG4hH5jJ6kK7lL8zX9cV0bN1nM2qW3eR4tT5yU6iI7oO8pP9aS0dF1gG2hH3jJ4kK5lL6zZ7xX8cC9vV0bB1nN2mM3qW4eR5tT6yU7iI8oO9pP0aS1dF2gG3hH4jJ5kK6lL7zZ8xX9cC0vB1nN2mQ3wE4rR5tT6yY7uU8iI9oO0pP1aS2dF3gG4hH5jJ6kK7l4hH5jJ6kK7lL8zX9cV0bN1nM2qW3eR4tT5yU6iI7oO8pP9aS0dF1gG2hH3jJ4kK5lL6z7nB9vR2mX8kLp4QjW3tY5zH1aG6sF9dD0fS8gA7hJ6kL5mN4bV3vC2xZ1oP9iU8uY7tT6rR5eE4wW3qQ2aZ1sX2dC3fV4gB5hN6jM7kL8pO9iU0yT1rE2wQ3aS4dF5gG6hH7jJ8kK9lL0zZ1xX2cC3vV4bB5nN6mM7qQ8wW9eE0rR1tT2yY3uU4iI5oO6pP7aA8sS9dD0fF1gG2hH3jJ4kK5lL6zZ7xX8cC9vV0bB1nN2mM3qW4eR5tT6yU7iI8oO9pP0aS1dF2gG3hH4jJ5kK6lL7zZ8xX9cC0vB1nN2mQ3wE4rR5tT6yY7uU8iI9oO0pP1aS2dF3gG4hH5jJ6kK7lL8zX9cV0bN1nM2qW3eR4tT5yU6iI7oO8pP9aS0dF1gG2hH3jJ4kK5lL6zZ7xX8cC9vV0bB1nN2mM3qW4eR5tT6yU7iI8oO9pP0aS1dF2gG3hH4jJ5kK6lL7zZ8xX9cC0vB1nN2mQ3wE4rR5tT6yY7uU8iI9oO0pP1aS2dF3gG4hH5jJ6kK7lL8zX9cV0bN1nM2qW3eR4tT5yU6iI7oO8pP9aS0dF1gG2hH3jJ4kK5lL6zZ7xX8cC9vV0bB1nN2mM3qW4eR5tT6yU7iI8oO9pP0aS1dF2gG3hH4jJ5kK6lL7zZ8xX9cC0vB1nN2mQ3wE4rR5tT6yY7uU8iI9oO0pP1aS2dF3gG4hH5jJ6kK7lL8zX9cV0bN1nM2qW3eR4tT5yU6iI7oO8pP9aS0dF1gG2hH3jJ4kK5lL6zZ7xX8cC9vV0bB1nN2mM3qW4eR5tT6yU7iI8oO9pP0aS1dF2gG3hH4jJ5kK6lL7zZ8xX9cC0vB1nN2mQ3wE4rR5tT6yY7uU8iI9oO0pP1aS2dF3gG4hH5jJ6kK7lL8zX9cV0bN1nM2qW3eR4tT5yU6iI7oO8pP9aS0dF1gG2hH3jJ4kK5lL6zZ7xX8cC9vV0bB1nN2mM3qW4eR5tT6yU7iI8oO9pP0aS1dF2gG3hH4jJ5kK6lL7zZ8xX9cC0vB1nN2mQ3wE4rR5tT6yY7uU8iI9oO0pP1aS2dF3gG4hH5jJ6kK7l4hH5jJ6kK7lL8zX9cV0bN1nM2qW3eR4tT5yU6iI7oO8pP9aS0dF1gG2hH3jJ4kK5lL6zZ7xX8cC9vV0bB1nN2mM3qW4eR5tT6yU7iI8oO9pP0aS1dF2gG3hH4jJ5kK6lL7zZ8xX9cC0vB1nN2mQ3wE4rR5tT6yY7uU8iI9oO0pP1aS2dF3gG4hH5jJ6kK7lL8zX9cV0bN1nM2qW3eR4tT5yU6iI7oO8pP9aS0dF1gG2hH3jJ4kK5lL6zZ7xX8cC9vV0bB1nN2mM3qW4eR5tT6yU7iI8oO9pP0aS1dF2gG3hH4jJ5kK6lL7zZ8xX9cC0vB1nN2mQ3wE4rR5tT6yY7uU8iI9oO0pP1aS2dF3gG4hH5jJ6kK7l4hH5jJ6kK7lL8zX9cV0bN1nM2qW3eR4tT5yU6iI7oO8pP9aS0dF1gG2hH3jJ4kK5lL6zZ7xX8cC9vV0bB1nN2mM3qW4eR5tT6yU7iI8oO9pP0aS1dF2gG3hH4jJ5kK6lL7zZ8xX9cC0vB1nN2mQ3wE4rR5tT6yY7uU8iI9oO0pP1aS2dF3gG4hH5jJ6kK7lL8zX9cV0bN1nM2qW3eR4tT5yU6iI7oO8pP9aS0dF1gG2hH3jJ4kK5lL6zZ7xX8cC9vV0bB1nN2mM3qW4eR5tT6yU7iI8oO9pP0aS1dF2gG3hH4jJ5kK6lL7zZ8xX9cC0vB1nN2mQ3wE4rR5tT6yY7uU8iI9oO0pP1aS2dF3gG4hH5jJ6kK7l4hH5jJ6kK7lL8zX9cV0bN1nM2qW3eR4tT5yU6iI7oO8pP9aS0dF1gG2hH3jJ4kK5lL6zZ7xX8cC9vV0bB1nN2mM3qW4eR5tT6yU7iI8oO9pP0aS1dF2gG3hH4jJ5kK6lL7zZ8xX9cC0vB1nN2mQ3wE4rR5tT6yY7uU8iI9oO0pP1aS2dF3gG4hH5jJ6kK7lL8zX9cV0bN1nM2qW3eR4tT5yU6iI7oO8pP9aS0dF1gG2hH3jJ4kK5lL6zZ7xX8cC9vV0bB1nN2mM3qW4eR5tT6yU7iI8oO9pP0aS1dF2gG3hH4jJ5kK6lL7zZ8xX9cC0vB1nN2mQ3wE4rR5tT6yY7uU8iI9oO0pP1aS2dF3gG4hH5jJ6kK7l4hH5jJ6kK7lL8zX9cV0bN1nM2qW3eR4tT5yU6iI7oO8pP9aS0dF1gG2hH3jJ4kK5lL6zZ7xX8cC9vV0bB1nN2mM3qW4eR5tT6yU7iI8oO9pP0aS1dF2gG3hH4jJ5kK6lL7zZ8xX9cC0vB1nN2mQ3wE4rR5tT6yY7uU8iI9oO0pP1aS2dF3gG4hH5jJ6kK7lL8zX9cV0bN1nM2qW3eR4tT5yU6iI7oO8pP9aS0dF1gG2hH3jJ4kK5lL6zZ7xX8cC9vV0bB1nN2mM3qW4eR5tT6yU7iI8oO9pP0aS1dF2gG3hH4jJ5kK6lL7zZ8xX9cC0vB1nN2mQ3wE4rR5tT6yY7uU8iI9oO0pP1aS2dF3gG4hH5jJ6kK7l4hH5jJ6kK7lL8zX9cV0bN1nM2qW3eR4tT5yU6iI7oO8pP9aS0dF1gG2hH3jJ4kK5lL6zZ7xX8cC9vV0bB1nN2mM3qW4eR5tT6yU7iI8oO9pP0aS1dF2gG3hH4jJ5kK6lL7zZ8xX9cC0vB1nN2mQ3wE4rR5tT6yY7uU8iI9oO0pP1aS2dF3gG4hH5jJ6kK7lL8zX9cV0bN1nM2qW3eR4tT5yU6iI7oO8pP9aS0dF1gG2hH3jJ4kK5lL6zZ7xX8cC9vV0bB1nN2mM3qW4eR5tT6yU7iI8oO9pP0aS1dF2gG3hH4jJ5kK6lL7zZ8xX9cC0vB1nN2mQ3wE4rR5tT6yY7uU8iI9oO0pP1aS2dF3gG4hH5jJ6kK7l4hH5jJ6kK7lL8zX9cV0bN1nM2qW3eR4tT5yU6iI7oO8pP9aS0dF1gG2hH3jJ4kK5lL6zZ7xX8cC9vV0bB1nN2mM3qW4eR5tT6yU7iI8oO9pP0aS1dF2gG3hH4jJ5kK6lL7zZ8xX9cC0vB1nN2mQ3wE4rR5tT6yY7uU8iI9oO0pP1aS2dF3gG4hH5jJ6kK7lL8zX9cV0bN1nM2qW3eR4tT5yU6iI7oO8pP9aS0dF1gG2hH3jJ4kK5lL6zZ7xX8cC9vV0bB1nN2mM3qW4eR5tT6yU7iI8oO9pP0aS1dF2gG3hH4jJ5kK6lL7zZ8xX9cC0vB1nN2mQ3wE4rR5tT6yY7uU8iI9oO0pP1aS2dF3gG4hH5jJ6kK7l4hH5jJ6kK7lL8zX9cV0bN1nM2qW3eR4tT5yU6iI7oO8pP9aS0dF1gG2hH3jJ4kK5lL6zZ7xX8cC9vV0bB1nN2mM3qW4eR5tT6yU7iI8oO9pP0aS1dF2gG3hH4jJ5kK6lL7zZ8xX9cC0vB1nN2mQ3wE4rR5tT6yY7uU8iI9oO0pP1aS2dF3gG4hH5jJ6kK7lL8zX9cV0bN1nM2qW3eR4tT5yU6iI7oO8pP9aS0dF1gG2hH3jJ4kK5lL6zZ7xX8cC9vV0bB1nN2mM3qW4eR5tT6yU7iI8oO9pP0aS1dF2gG3hH4jJ5kK6lL7zZ8xX9cC0vB1nN2mQ3wE4rR5tT6yY7uU8iI9oO0pP1aS2dF3gG4hH5jJ6kK7l4hH5jJ6kK7lL8zX9cV0bN1nM2qW3eR4tT5yU6iI7oO8pP9aS0dF1gG2hH3jJ4kK5lL6z7nB9vR2mX8kLp4QjW3tY5zH1aG6sF9dD0fS8gA7hJ6kL5mN4bV3vC2xZ1oP9iU8uY7tT6rR5eE4wW3qQ2aZ1sX2dC3fV4gB5hN6jM7kL8pO9iU0yT1rE2wQ3aS4dF5gG6hH7jJ8kK9lL0zZ1xX2cC3vV4bB5nN6mM7qQ8wW9eE0rR1tT2yY3uU4iI5oO6pP7aA8sS9dD0fF1gG2hH3jJ4kK5lL6zZ7xX8cC9vV0bB1nN2mM3qW4eR5tT6yU7iI8oO9pP0aS1dF2gG3hH4jJ5kK6lL7zZ8xX9cC0vB1nN2mQ3wE4rR5tT6yY7uU8iI9oO0pP1aS2dF3gG4hH5jJ6kK7lL8zX9cV0bN1nM2qW3eR4tT5yU6iI7oO8pP9aS0dF1gG2hH3jJ4kK5lL6zZ7xX8cC9vV0bB1nN2mM3qW4eR5tT6yU7iI8oO9pP0aS1dF2gG3hH4jJ5kK6lL7zZ8xX9cC0vB1nN2mQ3wE4rR5tT6yY7uU8iI9oO0pP1aS2dF3gG4hH5jJ6kK7lL8zX9cV0bN1nM2qW3eR4tT5yU6iI7oO8pP9aS0dF1gG2hH3jJ4kK5lL6zZ7xX8cC9vV0bB1nN2mM3qW4eR5tT6yU7iI8oO9pP0aS1dF2gG3hH4jJ5kK6lL7zZ8xX9cC0vB1nN2mQ3wE4rR5tT6yY7uU8iI9oO0pP1aS2dF3gG4hH5jJ6kK7lL8zX9cV0bN1nM2qW3eR4tT5yU6iI7oO8pP9aS0dF1gG2hH3jJ4kK5lL6zZ7xX8cC9vV0bB1nN2mM3qW4eR5tT6yU7iI8oO9pP0aS1dF2gG3hH4jJ5kK6lL7zZ8xX9cC0vB1nN2mQ3wE4rR5tT6yY7uU8iI9oO0pP1aS2dF3gG4hH5jJ6kK7lL8zX9cV0bN1nM2qW3eR4tT5yU6iI7oO8pP9aS0dF1gG2hH3jJ4kK5lL6zZ7xX8cC9vV0bB1nN2mM3qW4eR5tT6yU7iI8oO9pP0aS1dF2gG3hH4jJ5kK6lL7zZ8xX9cC0vB1nN2mQ3wE4rR5tT6yY7uU8iI9oO0pP1aS2dF3gG4hH5jJ6kK7l4hH5jJ6kK7lL8zX9cV0bN1nM2qW3eR4tT5yU6iI7oO8pP9aS0dF1gG2hH3jJ4kK5lL6zZ7xX8cC9vV0bB1nN2mM3qW4eR5tT6yU7iI8oO9pP0aS1dF2gG3hH4jJ5kK6lL7zZ8xX9cC0vB1nN2mQ3wE4rR5tT6yY7uU8iI9oO0pP1aS2dF3gG4hH5jJ6kK7lL8zX9cV0bN1nM2qW3eR4tT5yU6iI7oO8pP9aS0dF1gG2hH3jJ4kK5lL6zZ7xX8cC9vV0bB1nN2mM3qW4eR5tT6yU7iI8oO9pP0aS1dF2gG3hH4jJ5kK6lL7zZ8xX9cC0vB1nN2mQ3wE4rR5tT6yY7uU8iI9oO0pP1aS2dF3gG4hH5jJ6kK7l4hH5jJ6kK7lL8zX9cV0bN1nM2qW3eR4tT5yU6iI7oO8pP9aS0dF1gG2hH3jJ4kK5lL6zZ7xX8cC9vV0bB1nN2mM3qW4eR5tT6yU7iI8oO9pP0aS1dF2gG3hH4jJ5kK6lL7zZ8xX9cC0vB1nN2mQ3wE4rR5tT6yY7uU8iI9oO0pP1aS2dF3gG4hH5jJ6kK7lL8zX9cV0bN1nM2qW3eR4tT5yU6iI7oO8pP9aS0dF1gG2hH3jJ4kK5lL6zZ7xX8cC9vV0bB1nN2mM3qW4eR5tT6yU7iI8oO9pP0aS1dF2gG3hH4jJ5kK6lL7zZ8xX9cC0vB1nN2mQ3wE4rR5tT6yY7uU8iI9oO0pP1aS2dF3gG4hH5jJ6kK7l4hH5jJ6kK7lL8zX9cV0bN1nM2qW3eR4tT5yU6iI7oO8pP9aS0dF1gG2hH3jJ4kK5lL6zZ7xX8cC9vV0bB1nN2mM3qW4eR5tT6yU7iI8oO9pP0aS1dF2gG3hH4jJ5kK6lL7zZ8xX9cC0vB1nN2mQ3wE4rR5tT6yY7uU8iI9oO0pP1aS2dF3gG4hH5jJ6kK7lL8zX9cV0bN1nM2qW3eR4tT5yU6iI7oO8pP9aS0dF1gG2hH3jJ4kK5lL6zZ7xX8cC9vV0bB1nN2mM3qW4eR5tT6yU7iI8oO9pP0aS1dF2gG3hH4jJ5kK6lL7zZ8xX9cC0vB1nN2mQ3wE4rR5tT6yY7uU8iI9oO0pP1aS2dF3gG4hH5jJ6kK7l4hH5jJ6kK7lL8zX9cV0bN1nM2qW3eR4tT5yU6iI7oO8pP9aS0dF1gG2hH3jJ4kK5lL6zZ7xX8cC9vV0bB1nN2mM3qW4eR5tT6yU7iI8oO9pP0aS1dF2gG3hH4jJ5kK6lL7zZ8xX9cC0vB1nN2mQ3wE4rR5tT6yY7uU8iI9oO0pP1aS2dF3gG4hH5jJ6kK7lL8zX9cV0bN1nM2qW3eR4tT5yU6iI7oO8pP9aS0dF1gG2hH3jJ4kK5lL6zZ7xX8cC9vV0bB1nN2mM3qW4eR5tT6yU7iI8oO9pP0aS1dF2gG3hH4jJ5kK6lL7zZ8xX9cC0vB1nN2mQ3wE4rR5tT6yY7uU8iI9oO0pP1aS2dF3gG4hH5jJ6kK7l4hH5jJ6kK7lL8zX9cV0bN1nM2qW3eR4tT5yU6iI7oO8pP9aS0dF1gG2hH3jJ4kK5lL6zZ7xX8cC9vV0bB1nN2mM3qW4eR5tT6yU7iI8oO9pP0aS1dF2gG3hH4jJ5kK6lL7zZ8xX9cC0vB1nN2mQ3wE4rR5tT6yY7uU8iI9oO0pP1aS2dF3gG4hH5jJ6kK7lL8zX9cV0bN1nM2qW3eR4tT5yU6iI7oO8pP9aS0dF1gG2hH3jJ4kK5lL6zZ7xX8cC9vV0bB1nN2mM3qW4eR5tT6yU7iI8oO9pP0aS1dF2gG3hH4jJ5kK6lL7zZ8xX9cC0vB1nN2mQ3wE4rR5tT6yY7uU8iI9oO0pP1aS2dF3gG4hH5jJ6kK7l4hH5jJ6kK7lL8zX9cV0bN1nM2qW3eR4tT5yU6iI7oO8pP9aS0dF1gG2hH3jJ4kK5lL6zZ7xX8cC9vV0bB1nN2mM3qW4eR5tT6yU7iI8oO9pP0aS1dF2gG3hH4jJ5kK6lL7zZ8xX9cC0vB1nN2mQ3wE4rR5tT6yY7uU8iI9oO0pP1aS2dF3gG4hH5jJ6kK7lL8zX9cV0bN1nM2qW3eR4tT5yU6iI7oO8pP9aS0dF1gG2hH3jJ4kK5lL6zZ7xX8cC9vV0bB1nN2mM3qW4eR5tT6yU7iI8oO9pP0aS1dF2gG3hH4jJ5kK6lL7zZ8xX9cC0vB1nN2mQ3wE4rR5tT6yY7uU8iI9oO0pP1aS2dF3gG4hH5jJ6kK7l4hH5jJ6kK7lL8zX9cV0bN1nM2qW3eR4tT5yU6iI7oO8pP9aS0dF1gG2hH3jJ4kK5lL6zZ7xX8cC9vV0bB1nN2mM3qW4eR5tT6yU7iI8oO9pP0aS1dF2gG3hH4jJ5kK6lL7zZ8xX9cC0vB1nN2mQ3wE4rR5tT6yY7uU8iI9oO0pP1aS2dF3gG4hH5jJ6kK7lL8zX9cV0bN1nM2qW3eR4tT5yU6iI7oO8pP9aS0dF1gG2hH3jJ4kK5lL6zZ7xX8cC9vV0bB1nN2mM3qW4eR5tT6yU7iI8oO9pP0aS1dF2gG3hH4jJ5kK6lL7zZ8xX9cC0vB1nN2mQ3wE4rR5tT6yY7uU8iI9oO0pP1aS2dF3gG4hH5jJ6kK7l4hH5jJ6kK7lL8zX9cV0bN1nM2qW3eR4tT5yU6iI7oO8pP9aS0dF1gG2hH3jJ4kK5lL6z7nB9vR2mX8kLp4QjW3tY5zH1aG6sF9dD0fS8gA7hJ6kL5mN4bV3vC2xZ1oP9iU8uY7tT6rR5eE4wW3qQ2aZ1sX2dC3fV4gB5hN6jM7kL8pO9iU0yT1rE2wQ3aS4dF5gG6hH7jJ8kK9lL0zZ1xX2cC3vV4bB5nN6mM7qQ8wW9eE0rR1tT2yY3uU4iI5oO6pP7aA8sS9dD0fF1gG2hH3jJ4kK5lL6zZ7xX8cC9vV0bB1nN2mM3qW4eR5tT6yU7iI8oO9pP0aS1dF2gG3hH4jJ5kK6lL7zZ8xX9cC0vB1nN2mQ3wE4rR5tT6yY7uU8iI9oO0pP1aS2dF3gG4hH5jJ6kK7lL8zX9cV0bN1nM2qW3eR4tT5yU6iI7oO8pP9aS0dF1gG2hH3jJ4kK5lL6zZ7xX8cC9vV0bB1nN2mM3qW4eR5tT6yU7iI8oO9pP0aS1dF2gG3hH4jJ5kK6lL7zZ8xX9cC0vB1nN2mQ3wE4rR5tT6yY7uU8iI9oO0pP1aS2dF3gG4hH5jJ6kK7lL8zX9cV0bN1nM2qW3eR4tT5yU6iI7oO8pP9aS0dF1gG2hH3jJ4kK5lL6zZ7xX8cC9vV0bB1nN2mM3qW4eR5tT6yU7iI8oO9pP0aS1dF2gG3hH4jJ5kK6lL7zZ8xX9cC0vB1nN2mQ3wE4rR5tT6yY7uU8iI9oO0pP1aS2dF3gG4hH5jJ6kK7lL8zX9cV0bN1nM2qW3eR4tT5yU6iI7oO8pP9aS0dF1gG2hH3jJ4kK5lL6zZ7xX8cC9vV0bB1nN2mM3qW4eR5tT6yU7iI8oO9pP0aS1dF2gG3hH4jJ5kK6lL7zZ8xX9cC0vB1nN2mQ3wE4rR5tT6yY7uU8iI9oO0pP1aS2dF3gG4hH5jJ6kK7lL8zX9cV0bN1nM2qW3eR4tT5yU6iI7oO8pP9aS0dF1gG2hH3jJ4kK5lL6zZ7xX8cC9vV0bB1nN2mM3qW4eR5tT6yU7iI8oO9pP0aS1dF2gG3hH4jJ5kK6lL7zZ8xX9cC0vB1nN2mQ3wE4rR5tT6yY7uU8iI9oO0pP1aS2dF3gG4hH5jJ6kK7l4hH5jJ6kK7lL8zX9cV0bN1nM2qW3eR4tT5yU6iI7oO8pP9aS0dF1gG2hH3jJ4kK5lL6zZ7xX8cC9vV0bB1nN2mM3qW4eR5tT6yU7iI8oO9pP0aS1dF2gG3hH4jJ5kK6lL7zZ8xX9cC0vB1nN2mQ3wE4rR5tT6yY7uU8iI9oO0pP1aS2dF3gG4hH5jJ6kK7lL8zX9cV0bN1nM2qW3eR4tT5yU6iI7oO8pP9aS0dF1gG2hH3jJ4kK5lL6zZ7xX8cC9vV0bB1nN2mM3qW4eR5tT6yU7iI8oO9pP0aS1dF2gG3hH4jJ5kK6lL7zZ8xX9cC0vB1nN2mQ3wE4rR5tT6yY7uU8iI9oO0pP1aS2dF3gG4hH5jJ6kK7l4hH5jJ6kK7lL8zX9cV0bN1nM2qW3eR4tT5yU6iI7oO8pP9aS0dF1gG2hH3jJ4kK5lL6zZ7xX8cC9vV0bB1nN2mM3qW4eR5tT6yU7iI8oO9pP0aS1dF2gG3hH4jJ5kK6lL7zZ8xX9cC0vB1nN2mQ3wE4rR5tT6yY7uU8iI9oO0pP1aS2dF3gG4hH5jJ6kK7lL8zX9cV0bN1nM2qW3eR4tT5yU6iI7oO8pP9aS0dF1gG2hH3jJ4kK5lL6zZ7xX8cC9vV0bB1nN2mM3qW4eR5tT6yU7iI8oO9pP0aS1dF2gG3hH4jJ5kK6lL7zZ8xX9cC0vB1nN2mQ3wE4rR5tT6yY7uU8iI9oO0pP1aS2dF3gG4hH5jJ6kK7l4hH5jJ6kK7lL8zX9cV0bN1nM2qW3eR4tT5yU6iI7oO8pP9aS0dF1gG2hH3jJ4kK5lL6zZ7xX8cC9vV0bB1nN2mM3qW4eR5tT6yU7iI8oO9pP0aS1dF2gG3hH4jJ5kK6lL7zZ8xX9cC0vB1nN2mQ3wE4rR5tT6yY7uU8iI9oO0pP1aS2dF3gG4hH5jJ6kK7lL8zX9cV0bN1nM2qW3eR4tT5yU6iI7oO8pP9aS0dF1gG2hH3jJ4kK5lL6zZ7xX8cC9vV0bB1nN2mM3qW4eR5tT6yU7iI8oO9pP0aS1dF2gG3hH4jJ5kK6lL7zZ8xX9cC0vB1nN2mQ3wE4rR5tT6yY7uU8iI9oO0pP1aS2dF3gG4hH5jJ6kK7l4hH5jJ6kK7lL8zX9cV0bN1nM2qW3eR4tT5yU6iI7oO8pP9aS0dF1gG2hH3jJ4kK5lL6zZ7xX8cC9vV0bB1nN2mM3qW4eR5tT6yU7iI8oO9pP0aS1dF2gG3hH4jJ5kK6lL7zZ8xX9cC0vB1nN2mQ3wE4rR5tT6yY7uU8iI9oO0pP1aS2dF3gG4hH5jJ6kK7lL8zX9cV0bN1nM2qW3eR4tT5yU6iI7oO8pP9aS0dF1gG2hH3jJ4kK5lL6zZ7xX8cC9vV0bB1nN2mM3qW4eR5tT6yU7iI8oO9pP0aS1dF2gG3hH4jJ5kK6lL7zZ8xX9cC0vB1nN2mQ3wE4rR5tT6yY7uU8iI9oO0pP1aS2dF3gG4hH5jJ6kK7l4hH5jJ6kK7lL8zX9cV0bN1nM2qW3eR4tT5yU6iI7oO8pP9aS0dF1gG2hH3jJ4kK5lL6zZ7xX8cC9vV0bB1nN2mM3qW4eR5tT6yU7iI8oO9pP0aS1dF2gG3hH4jJ5kK6lL7zZ8xX9cC0vB1nN2mQ3wE4rR5tT6yY7uU8iI9oO0pP1aS2dF3gG4hH5jJ6kK7lL8zX9cV0bN1nM2qW3eR4tT5yU6iI7oO8pP9aS0dF1gG2hH3jJ4kK5lL6zZ7xX8cC9vV0bB1nN2mM3qW4eR5tT6yU7iI8oO9pP0aS1dF2gG3hH4jJ5kK6lL7zZ8xX9cC0vB1nN2mQ3wE4rR5tT6yY7uU8iI9oO0pP1aS2dF3gG4hH5jJ6kK7l4hH5jJ6kK7lL8zX9cV0bN1nM2qW3eR4tT5yU6iI7oO8pP9aS0dF1gG2hH3jJ4kK5lL6zZ7xX8cC9vV0bB1nN2mM3qW4eR5tT6yU7iI8oO9pP0aS1dF2gG3hH4jJ5kK6lL7zZ8xX9cC0vB1nN2mQ3wE4rR5tT6yY7uU8iI9oO0pP1aS2dF3gG4hH5jJ6kK7lL8zX9cV0bN1nM2qW3eR4tT5yU6iI7oO8pP9aS0dF1gG2hH3jJ4kK5lL6zZ7xX8cC9vV0bB1nN2mM3qW4eR5tT6yU7iI8oO9pP0aS1dF2gG3hH4jJ5kK6lL7zZ8xX9cC0vB1nN2mQ3wE4rR5tT6yY7uU8iI9oO0pP1aS2dF3gG4hH5jJ6kK7l4hH5jJ6kK7lL8zX9cV0bN1nM2qW3eR4tT5yU6iI7oO8pP9aS0dF1gG2hH3jJ4kK5lL6zZ7xX8cC9vV0bB1nN2mM3qW4eR5tT6yU7iI8oO9pP0aS1dF2gG3hH4jJ5kK6lL7zZ8xX9cC0vB1nN2mQ3wE4rR5tT6yY7uU8iI9oO0pP1aS2dF3gG4hH5jJ6kK7lL8zX9cV0bN1nM2qW3eR4tT5yU6iI7oO8pP9aS0dF1gG2hH3jJ4kK5lL6zZ7xX8cC9vV0bB1nN2mM3qW4eR5tT6yU7iI8oO9pP0aS1dF2gG3hH4jJ5kK6lL7zZ8xX9cC0vB1nN2mQ3wE4rR5tT6yY7uU8iI9oO0pP1aS2dF3gG4hH5jJ6kK7l4hH5jJ6kK7lL8zX9cV0bN1nM2qW3eR4tT5yU6iI7oO8pP9aS0dF1gG2hH3jJ4kK5lL6z7nB9vR2mX8kLp4QjW3tY5zH1aG6sF9dD0fS8gA7hJ6kL5mN4bV3vC2xZ1oP9iU8uY7tT6rR5eE4wW3qQ2aZ1sX2dC3fV4gB5hN6jM7kL8pO9iU0yT1rE2wQ3aS4dF5gG6hH7jJ8kK9lL0zZ1xX2cC3vV4bB5nN6mM7qQ8wW9eE0rR1tT2yY3uU4iI5oO6pP7aA8sS9dD0fF1gG2hH3jJ4kK5lL6zZ7xX8cC9vV0bB1nN2mM3qW4eR5tT6yU7iI8oO9pP0aS1dF2gG3hH4jJ5kK6lL7zZ8xX9cC0vB1nN2mQ3wE4rR5tT6yY7uU8iI9oO0pP1aS2dF3gG4hH5jJ6kK7lL8zX9cV0bN1nM2qW3eR4tT5yU6iI7oO8pP9aS0dF1gG2hH3jJ4kK5lL6zZ7xX8cC9vV0bB1nN2mM3qW4eR5tT6yU7iI8oO9pP0aS1dF2gG3hH4jJ5kK6lL7zZ8xX9cC0vB1nN2mQ3wE4rR5tT6yY7uU8iI9oO0pP1aS2dF3gG4hH5jJ6kK7lL8zX9cV0bN1nM2qW3eR4tT5yU6iI7oO8pP9aS0dF1gG2hH3jJ4kK5lL6zZ7xX8cC9vV0bB1nN2mM3qW4eR5tT6yU7iI8oO9pP0aS1dF2gG3hH4jJ5kK6lL7zZ8xX9cC0vB1nN2mQ3wE4rR5tT6yY7uU8iI9oO0pP1aS2dF3gG4hH5jJ6kK7lL8zX9cV0bN1nM2qW3eR4tT5yU6iI7oO8pP9aS0dF1gG2hH3jJ4kK5lL6zZ7xX8cC9vV0bB1nN2mM3qW4eR5tT6yU7iI8oO9pP0aS1dF2gG3hH4jJ5kK6lL7zZ8xX9cC0vB1nN2mQ3wE4rR5tT6yY7uU8iI9oO0pP1aS2dF3gG4hH5jJ6kK7lL8zX9cV0bN1nM2qW3eR4tT5yU6iI7oO8pP9aS0dF1gG2hH3jJ4kK5lL6zZ7xX8cC9vV0bB1nN2mM3qW4eR5tT6yU7iI8oO9pP0aS1dF2gG3hH4jJ5kK6lL7zZ8xX9cC0vB1nN2mQ3wE4rR5tT6yY7uU8iI9oO0pP1aS2dF3gG4hH5jJ6kK7l4hH5jJ6kK7lL8zX9cV0bN1nM2qW3eR4tT5yU6iI7oO8pP9aS0dF1gG2hH3jJ4kK5lL6zZ7xX8cC9vV0bB1nN2mM3qW4eR5tT6yU7iI8oO9pP0aS1dF2gG3hH4jJ5kK6lL7zZ8xX9cC0vB1nN2mQ3wE4rR5tT6yY7uU8iI9oO0pP1aS2dF3gG4hH5jJ6kK7lL8zX9cV0bN1nM2qW3eR4tT5yU6iI7oO8pP9aS0dF1gG2hH3jJ4kK5lL6zZ7xX8cC9vV0bB1nN2mM3qW4eR5tT6yU7iI8oO9pP0aS1dF2gG3hH4jJ5kK6lL7zZ8xX9cC0vB1nN2mQ3wE4rR5tT6yY7uU8iI9oO0pP1aS2dF3gG4hH5jJ6kK7l4hH5jJ6kK7lL8zX9cV0bN1nM2qW3eR4tT5yU6iI7oO8pP9aS0dF1gG2hH3jJ4kK5lL6zZ7xX8cC9vV0bB1nN2mM3qW4eR5tT6yU7iI8oO9pP0aS1dF2gG3hH4jJ5kK6lL7zZ8xX9cC0vB1nN2mQ3wE4rR5tT6yY7uU8iI9oO0pP1aS2dF3gG4hH5jJ6kK7lL8zX9cV0bN1nM2qW3eR4tT5yU6iI7oO8pP9aS0dF1gG2hH3jJ4kK5lL6zZ7xX8cC9vV0bB1nN2mM3qW4eR5tT6yU7iI8oO9pP0aS1dF2gG3hH4jJ5kK6lL7zZ8xX9cC0vB1nN2mQ3wE4rR5tT6yY7uU8iI9oO0pP1aS2dF3gG4hH5jJ6kK7l4hH5jJ6kK7lL8zX9cV0bN1nM2qW3eR4tT5yU6iI7oO8pP9aS0dF1gG2hH3jJ4kK5lL6zZ7xX8cC9vV0bB1nN2mM3qW4eR5tT6yU7iI8oO9pP0aS1dF2gG3hH4jJ5kK6lL7zZ8xX9cC0vB1nN2mQ3wE4rR5tT6yY7uU8iI9oO0pP1aS2dF3gG4hH5jJ6kK7lL8zX9cV0bN1nM2qW3eR4tT5yU6iI7oO8pP9aS0dF1gG2hH3jJ4kK5lL6zZ7xX8cC9vV0bB1nN2mM3qW4eR5tT6yU7iI8oO9pP0aS1dF2gG3hH4jJ5kK6lL7zZ8xX9cC0vB1nN2mQ3wE4rR5tT6yY7uU8iI9oO0pP1aS2dF3gG4hH5jJ6kK7l4hH5jJ6kK7lL8zX9cV0bN1nM2qW3eR4tT5yU6iI7oO8pP9aS0dF1gG2hH3jJ4kK5lL6zZ7xX8cC9vV0bB1nN2mM3qW4eR5tT6yU7iI8oO9pP0aS1dF2gG3hH4jJ5kK6lL7zZ8xX9cC0vB1nN2mQ3wE4rR5tT6yY7uU8iI9oO0pP1aS2dF3gG4hH5jJ6kK7lL8zX9cV0bN1nM2qW3eR4tT5yU6iI7oO8pP9aS0dF1gG2hH3jJ4kK5lL6zZ7xX8cC9vV0bB1nN2mM3qW4eR5tT6yU7iI8oO9pP0aS1dF2gG3hH4jJ5kK6lL7zZ8xX9cC0vB1nN2mQ3wE4rR5tT6yY7uU8iI9oO0pP1aS2dF3gG4hH5jJ6kK7l4hH5jJ6kK7lL8zX9cV0bN1nM2qW3eR4tT5yU6iI7oO8pP9aS0dF1gG2hH3jJ4kK5lL6zZ7xX8cC9vV0bB1nN2mM3qW4eR5tT6yU7iI8oO9pP0aS1dF2gG3hH4jJ5kK6lL7zZ8xX9cC0vB1nN2mQ3wE4rR5tT6yY7uU8iI9oO0pP1aS2dF3gG4hH5jJ6kK7lL8zX9cV0bN1nM2qW3eR4tT5yU6iI7oO8pP9aS0dF1gG2hH3jJ4kK5lL6zZ7xX8cC9vV0bB1nN2mM3qW4eR5tT6yU7iI8oO9pP0aS1dF2gG3hH4jJ5kK6lL7zZ8xX9cC0vB1nN2mQ3wE4rR5tT6yY7uU8iI9oO0pP1aS2dF3gG4hH5jJ6kK7l4hH5jJ6kK7lL8zX9cV0bN1nM2qW3eR4tT5yU6iI7oO8pP9aS0dF1gG2hH3jJ4kK5lL6zZ7xX8cC9vV0bB1nN2mM3qW4eR5tT6yU7iI8oO9pP0aS1dF2gG3hH4jJ5kK6lL7zZ8xX9cC0vB1nN2mQ3wE4rR5tT6yY7uU8iI9oO0pP1aS2dF3gG4hH5jJ6kK7lL8zX9cV0bN1nM2qW3eR4tT5yU6iI7oO8pP9aS0dF1gG2hH3jJ4kK5lL6zZ7xX8cC9vV0bB1nN2mM3qW4eR5tT6yU7iI8oO9pP0aS1dF2gG3hH4jJ5kK6lL7zZ8xX9cC0vB1nN2mQ3wE4rR5tT6yY7uU8iI9oO0pP1aS2dF3gG4hH5jJ6kK7l4hH5jJ6kK7lL8zX9cV0bN1nM2qW3eR4tT5yU6iI7oO8pP9aS0dF1gG2hH3jJ4kK5lL6zZ7xX8cC9vV0bB1nN2mM3qW4eR5tT6yU7iI8oO9pP0aS1dF2gG3hH4jJ5kK6lL7zZ8xX9cC0vB1nN2mQ3wE4rR5tT6yY7uU8iI9oO0pP1aS2dF3gG4hH5jJ6kK7lL8zX9cV0bN1nM2qW3eR4tT5yU6iI7oO8pP9aS0dF1gG2hH3jJ4kK5lL6zZ7xX8cC9vV0bB1nN2mM3qW4eR5tT6yU7iI8oO9pP0aS1dF2gG3hH4jJ5kK6lL7zZ8xX9cC0vB1nN2mQ3wE4rR5tT6yY7uU8iI9oO0pP1aS2dF3gG4hH5jJ6kK7l4hH5jJ6kK7lL8zX9cV0bN1nM2qW3eR4tT5yU6iI7oO8pP9aS0dF1gG2hH3jJ4kK5lL6z7nB9vR2mX8kLp4QjW3tY5zH1aG6sF9dD0fS8gA7hJ6kL5mN4bV3vC2xZ1oP9iU8uY7tT6rR5eE4wW3qQ2aZ1sX2dC3fV4gB5hN6jM7kL8pO9iU0yT1rE2wQ3aS4dF5gG6hH7jJ8kK9lL0zZ1xX2cC3vV4bB5nN6mM7qQ8wW9eE0rR1tT2yY3uU4iI5oO6pP7aA8sS9dD0fF1gG2hH3jJ4kK5lL6zZ7xX8cC9vV0bB1nN2mM3qW4eR5tT6yU7iI8oO9pP0aS1dF2gG3hH4jJ5kK6lL7zZ8xX9cC0vB1nN2mQ3wE4rR5tT6yY7uU8iI9oO0pP1aS2dF3gG4hH5jJ6kK7lL8zX9cV0bN1nM2qW3eR4tT5yU6iI7oO8pP9aS0dF1gG2hH3jJ4kK5lL6zZ7xX8cC9vV0bB1nN2mM3qW4eR5tT6yU7iI8oO9pP0aS1dF2gG3hH4jJ5kK6lL7zZ8xX9cC0vB1nN2mQ3wE4rR5tT6yY7uU8iI9oO0pP1aS2dF3gG4hH5jJ6kK7lL8zX9cV0bN1nM2qW3eR4tT5yU6iI7oO8pP9aS0dF1gG2hH3jJ4kK5lL6zZ7xX8cC9vV0bB1nN2mM3qW4eR5tT6yU7iI8oO9pP0aS1dF2gG3hH4jJ5kK6lL7zZ8xX9cC0vB1nN2mQ3wE4rR5tT6yY7uU8iI9oO0pP1aS2dF3gG4hH5jJ6kK7lL8zX9cV0bN1nM2qW3eR4tT5yU6iI7oO8pP9aS0dF1gG2hH3jJ4kK5lL6zZ7xX8cC9vV0bB1nN2mM3qW4eR5tT6yU7iI8oO9pP0aS1dF2gG3hH4jJ5kK6lL7zZ8xX9cC0vB1nN2mQ3wE4rR5tT6yY7uU8iI9oO0pP1aS2dF3gG4hH5jJ6kK7lL8zX9cV0bN1nM2qW3eR4tT5yU6iI7oO8pP9aS0dF1gG2hH3jJ4kK5lL6zZ7xX8cC9vV0bB1nN2mM3qW4eR5tT6yU7iI8oO9pP0aS1dF2gG3hH4jJ5kK6lL7zZ8xX9cC0vB1nN2mQ3wE4rR5tT6yY7uU8iI9oO0pP1aS2dF3gG4hH5jJ6kK7l4hH5jJ6kK7lL8zX9cV0bN1nM2qW3eR4tT5yU6iI7oO8pP9aS0dF1gG2hH3jJ4kK5lL6zZ7xX8cC9vV0bB1nN2mM3qW4eR5tT6yU7iI8oO9pP0aS1dF2gG3hH4jJ5kK6lL7zZ8xX9cC0vB1nN2mQ3wE4rR5tT6yY7uU8iI9oO0pP1aS2dF3gG4hH5jJ6kK7lL8zX9cV0bN1nM2qW3eR4tT5yU6iI7oO8pP9aS0dF1gG2hH3jJ4kK5lL6zZ7xX8cC9vV0bB1nN2mM3qW4eR5tT6yU7iI8oO9pP0aS1dF2gG3hH4jJ5kK6lL7zZ8xX9cC0vB1nN2mQ3wE4rR5tT6yY7uU8iI9oO0pP1aS2dF3gG4hH5jJ6kK7l4hH5jJ6kK7lL8zX9cV0bN1nM2qW3eR4tT5yU6iI7oO8pP9aS0dF1gG2hH3jJ4kK5lL6zZ7xX8cC9vV0bB1nN2mM3qW4eR5tT6yU7iI8oO9pP0aS1dF2gG3hH4jJ5kK6lL7zZ8xX9cC0vB1nN2mQ3wE4rR5tT6yY7uU8iI9oO0pP1aS2dF3gG4hH5jJ6kK7lL8zX9cV0bN1nM2qW3eR4tT5yU6iI7oO8pP9aS0dF1gG2hH3jJ4kK5lL6zZ7xX8cC9vV0bB1nN2mM3qW4eR5tT6yU7iI8oO9pP0aS1dF2gG3hH4jJ5kK6lL7zZ8xX9cC0vB1nN2mQ3wE4rR5tT6yY7uU8iI9oO0pP1aS2dF3gG4hH5jJ6kK7l4hH5jJ6kK7lL8zX9cV0bN1nM2qW3eR4tT5yU6iI7oO8pP9aS0dF1gG2hH3jJ4kK5lL6zZ7xX8cC9vV0bB1nN2mM3qW4eR5tT6yU7iI8oO9pP0aS1dF2gG3hH4jJ5kK6lL7zZ8xX9cC0vB1nN2mQ3wE4rR5tT6yY7uU8iI9oO0pP1aS2dF3gG4hH5jJ6kK7lL8zX9cV0bN1nM2qW3eR4tT5yU6iI7oO8pP9aS0dF1gG2hH3jJ4kK5lL6zZ7xX8cC9vV0bB1nN2mM3qW4eR5tT6yU7iI8oO9pP0aS1dF2gG3hH4jJ5kK6lL7zZ8xX9cC0vB1nN2mQ3wE4rR5tT6yY7uU8iI9oO0pP1aS2dF3gG4hH5jJ6kK7l4hH5jJ6kK7lL8zX9cV0bN1nM2qW3eR4tT5yU6iI7oO8pP9aS0dF1gG2hH3jJ4kK5lL6zZ7xX8cC9vV0bB1nN2mM3qW4eR5tT6yU7iI8oO9pP0aS1dF2gG3hH4jJ5kK6lL7zZ8xX9cC0vB1nN2mQ3wE4rR5tT6yY7uU8iI9oO0pP1aS2dF3gG4hH5jJ6kK7lL8zX9cV0bN1nM2qW3eR4tT5yU6iI7oO8pP9aS0dF1gG2hH3jJ4kK5lL6zZ7xX8cC9vV0bB1nN2mM3qW4eR5tT6yU7iI8oO9pP0aS1dF2gG3hH4jJ5kK6lL7zZ8xX9cC0vB1nN2mQ3wE4rR5tT6yY7uU8iI9oO0pP1aS2dF3gG4hH5jJ6kK7l4hH5jJ6kK7lL8zX9cV0bN1nM2qW3eR4tT5yU6iI7oO8pP9aS0dF1gG2hH3jJ4kK5lL6zZ7xX8cC9vV0bB1nN2mM3qW4eR5tT6yU7iI8oO9pP0aS1dF2gG3hH4jJ5kK6lL7zZ8xX9cC0vB1nN2mQ3wE4rR5tT6yY7uU8iI9oO0pP1aS2dF3gG4hH5jJ6kK7lL8zX9cV0bN1nM2qW3eR4tT5yU6iI7oO8pP9aS0dF1gG2hH3jJ4kK5lL6zZ7xX8cC9vV0bB1nN2mM3qW4eR5tT6yU7iI8oO9pP0aS1dF2gG3hH4jJ5kK6lL7zZ8xX9cC0vB1nN2mQ3wE4rR5tT6yY7uU8iI9oO0pP1aS2dF3gG4hH5jJ6kK7l4hH5jJ6kK7lL8zX9cV0bN1nM2qW3eR4tT5yU6iI7oO8pP9aS0dF1gG2hH3jJ4kK5lL6zZ7xX8cC9vV0bB1nN2mM3qW4eR5tT6yU7iI8oO9pP0aS1dF2gG3hH4jJ5kK6lL7zZ8xX9cC0vB1nN2mQ3wE4rR5tT6yY7uU8iI9oO0pP1aS2dF3gG4hH5jJ6kK7lL8zX9cV0bN1nM2qW3eR4tT5yU6iI7oO8pP9aS0dF1gG2hH3jJ4kK5lL6zZ7xX8cC9vV0bB1nN2mM3qW4eR5tT6yU7iI8oO9pP0aS1dF2gG3hH4jJ5kK6lL7zZ8xX9cC0vB1nN2mQ3wE4rR5tT6yY7uU8iI9oO0pP1aS2dF3gG4hH5jJ6kK7l4hH5jJ6kK7lL8zX9cV0bN1nM2qW3eR4tT5yU6iI7oO8pP9aS0dF1gG2hH3jJ4kK5lL6zZ7xX8cC9vV0bB1nN2mM3qW4eR5tT6yU7iI8oO9pP0aS1dF2gG3hH4jJ5kK6lL7zZ8xX9cC0vB1nN2mQ3wE4rR5tT6yY7uU8iI9oO0pP1aS2dF3gG4hH5jJ6kK7lL8zX9cV0bN1nM2qW3eR4tT5yU6iI7oO8pP9aS0dF1gG2hH3jJ4kK5lL6zZ7xX8cC9vV0bB1nN2mM3qW4eR5tT6yU7iI8oO9pP0aS1dF2gG3hH4jJ5kK6lL7zZ8xX9cC0vB1nN2mQ3wE4rR5tT6yY7uU8iI9oO0pP1aS2dF3gG4hH5jJ6kK7l4hH5jJ6kK7lL8zX9cV0bN1nM2qW3eR4tT5yU6iI7oO8pP9aS0dF1gG2hH3jJ4kK5lL6z7nB9vR2mX8kLp4QjW3tY5zH1aG6sF9dD0fS8gA7hJ6kL5mN4bV3vC2xZ1oP9iU8uY7tT6rR5eE4wW3qQ2aZ1sX2dC3fV4gB5hN6jM7kL8pO9iU0yT1rE2wQ3aS4dF5gG6hH7jJ8kK9lL0zZ1xX2cC3vV4bB5nN6mM7qQ8wW9eE0rR1tT2yY3uU4iI5oO6pP7aA8sS9dD0fF1gG2hH3jJ4kK5lL6zZ7xX8cC9vV0bB1nN2mM3qW4eR5tT6yU7iI8oO9pP0aS1dF2gG3hH4jJ5kK6lL7zZ8xX9cC0vB1nN2mQ3wE4rR5tT6yY7uU8iI9oO0pP1aS2dF3gG4hH5jJ6kK7lL8zX9cV0bN1nM2qW3eR4tT5yU6iI7oO8pP9aS0dF1gG2hH3jJ4kK5lL6zZ7xX8cC9vV0bB1nN2mM3qW4eR5tT6yU7iI8oO9pP0aS1dF2gG3hH4jJ5kK6lL7zZ8xX9cC0vB1nN2mQ3wE4rR5tT6yY7uU8iI9oO0pP1aS2dF3gG4hH5jJ6kK7lL8zX9cV0bN1nM2qW3eR4tT5yU6iI7oO8pP9aS0dF1gG2hH3jJ4kK5lL6zZ7xX8cC9vV0bB1nN2mM3qW4eR5tT6yU7iI8oO9pP0aS1dF2gG3hH4jJ5kK6lL7zZ8xX9cC0vB1nN2mQ3wE4rR5tT6yY7uU8iI9oO0pP1aS2dF3gG4hH5jJ6kK7lL8zX9cV0bN1nM2qW3eR4tT5yU6iI7oO8pP9aS0dF1gG2hH3jJ4kK5lL6zZ7xX8cC9vV0bB1nN2mM3qW4eR5tT6yU7iI8oO9pP0aS1dF2gG3hH4jJ5kK6lL7zZ8xX9cC0vB1nN2mQ3wE4rR5tT6yY7uU8iI9oO0pP1aS2dF3gG4hH5jJ6kK7lL8zX9cV0bN1nM2qW3eR4tT5yU6iI7oO8pP9aS0dF1gG2hH3jJ4kK5lL6zZ7xX8cC9vV0bB1nN2mM3qW4eR5tT6yU7iI8oO9pP0aS1dF2gG3hH4jJ5kK6lL7zZ8xX9cC0vB1nN2mQ3wE4rR5tT6yY7uU8iI9oO0pP1aS2dF3gG4hH5jJ6kK7l4hH5jJ6kK7lL8zX9cV0bN1nM2qW3eR4tT5yU6iI7oO8pP9aS0dF1gG2hH3jJ4kK5lL6zZ7xX8cC9vV0bB1nN2mM3qW4eR5tT6yU7iI8oO9pP0aS1dF2gG3hH4jJ5kK6lL7zZ8xX9cC0vB1nN2mQ3wE4rR5tT6yY7uU8iI9oO0pP1aS2dF3gG4hH5jJ6kK7lL8zX9cV0bN1nM2qW3eR4tT5yU6iI7oO8pP9aS0dF1gG2hH3jJ4kK5lL6zZ7xX8cC9vV0bB1nN2mM3qW4eR5tT6yU7iI8oO9pP0aS1dF2gG3hH4jJ5kK6lL7zZ8xX9cC0vB1nN2mQ3wE4rR5tT6yY7uU8iI9oO0pP1aS2dF3gG4hH5jJ6kK7l4hH5jJ6kK7lL8zX9cV0bN1nM2qW3eR4tT5yU6iI7oO8pP9aS0dF1gG2hH3jJ4kK5lL6zZ7xX8cC9vV0bB1nN2mM3qW4eR5tT6yU7iI8oO9pP0aS1dF2gG3hH4jJ5kK6lL7zZ8xX9cC0vB1nN2mQ3wE4rR5tT6yY7uU8iI9oO0pP1aS2dF3gG4hH5jJ6kK7lL8zX9cV0bN1nM2qW3eR4tT5yU6iI7oO8pP9aS0dF1gG2hH3jJ4kK5lL6zZ7xX8cC9vV0bB1nN2mM3qW4eR5tT6yU7iI8oO9pP0aS1dF2gG3hH4jJ5kK6lL7zZ8xX9cC0vB1nN2mQ3wE4rR5tT6yY7uU8iI9oO0pP1aS2dF3gG4hH5jJ6kK7l4hH5jJ6kK7lL8zX9cV0bN1nM2qW3eR4tT5yU6iI7oO8pP9aS0dF1gG2hH3jJ4kK5lL6zZ7xX8cC9vV0bB1nN2mM3qW4eR5tT6yU7iI8oO9pP0aS1dF2gG3hH4jJ5kK6lL7zZ8xX9cC0vB1nN2mQ3wE4rR5tT6yY7uU8iI9oO0pP1aS2dF3gG4hH5jJ6kK7lL8zX9cV0bN1nM2qW3eR4tT5yU6iI7oO8pP9aS0dF1gG2hH3jJ4kK5lL6zZ7xX8cC9vV0bB1nN2mM3qW4eR5tT6yU7iI8oO9pP0aS1dF2gG3hH4jJ5kK6lL7zZ8xX9cC0vB1nN2mQ3wE4rR5tT6yY7uU8iI9oO0pP1aS2dF3gG4hH5jJ6kK7l4hH5jJ6kK7lL8zX9cV0bN1nM2qW3eR4tT5yU6iI7oO8pP9aS0dF1gG2hH3jJ4kK5lL6zZ7xX8cC9vV0bB1nN2mM3qW4eR5tT6yU7iI8oO9pP0aS1dF2gG3hH4jJ5kK6lL7zZ8xX9cC0vB1nN2mQ3wE4rR5tT6yY7uU8iI9oO0pP1aS2dF3gG4hH5jJ6kK7lL8zX9cV0bN1nM2qW3eR4tT5yU6iI7oO8pP9aS0dF1gG2hH3jJ4kK5lL6zZ7xX8cC9vV0bB1nN2mM3qW4eR5tT6yU7iI8oO9pP0aS1dF2gG3hH4jJ5kK6lL7zZ8xX9cC0vB1nN2mQ3wE4rR5tT6yY7uU8iI9oO0pP1aS2dF3gG4hH5jJ6kK7l4hH5jJ6kK7lL8zX9cV0bN1nM2qW3eR4tT5yU6iI7oO8pP9aS0dF1gG2hH3jJ4kK5lL6zZ7xX8cC9vV0bB1nN2mM3qW4eR5tT6yU7iI8oO9pP0aS1dF2gG3hH4jJ5kK6lL7zZ8xX9cC0vB1nN2mQ3wE4rR5tT6yY7uU8iI9oO0pP1aS2dF3gG4hH5jJ6kK7lL8zX9cV0bN1nM2qW3eR4tT5yU6iI7oO8pP9aS0dF1gG2hH3jJ4kK5lL6zZ7xX8cC9vV0bB1nN2mM3qW4eR5tT6yU7iI8oO9pP0aS1dF2gG3hH4jJ5kK6lL7zZ8xX9cC0vB1nN2mQ3wE4rR5tT6yY7uU8iI9oO0pP1aS2dF3gG4hH5jJ6kK7l4hH5jJ6kK7lL8zX9cV0bN1nM2qW3eR4tT5yU6iI7oO8pP9aS0dF1gG2hH3jJ4kK5lL6zZ7xX8cC9vV0bB1nN2mM3qW4eR5tT6yU7iI8oO9pP0aS1dF2gG3hH4jJ5kK6lL7zZ8xX9cC0vB1nN2mQ3wE4rR5tT6yY7uU8iI9oO0pP1aS2dF3gG4hH5jJ6kK7lL8zX9cV0bN1nM2qW3eR4tT5yU6iI7oO8pP9aS0dF1gG2hH3jJ4kK5lL6zZ7xX8cC9vV0bB1nN2mM3qW4eR5tT6yU7iI8oO9pP0aS1dF2gG3hH4jJ5kK6lL7zZ8xX9cC0vB1nN2mQ3wE4rR5tT6yY7uU8iI9oO0pP1aS2dF3gG4hH5jJ6kK7l4hH5jJ6kK7lL8zX9cV0bN1nM2qW3eR4tT5yU6iI7oO8pP9aS0dF1gG2hH3jJ4kK5lL6zZ7xX8cC9vV0bB1nN2mM3qW4eR5tT6yU7iI8oO9pP0aS1dF2gG3hH4jJ5kK6lL7zZ8xX9cC0vB1nN2mQ3wE4rR5tT6yY7uU8iI9oO0pP1aS2dF3gG4hH5jJ6kK7lL8zX9cV0bN1nM2qW3eR4tT5yU6iI7oO8pP9aS0dF1gG2hH3jJ4kK5lL6zZ7xX8cC9vV0bB1nN2mM3qW4eR5tT6yU7iI8oO9pP0aS1dF2gG3hH4jJ5kK6lL7zZ8xX9cC0vB1nN2mQ3wE4rR5tT6yY7uU8iI9oO0pP1aS2dF3gG4hH5jJ6kK7l4hH5jJ6kK7lL8zX9cV0bN1nM2qW3eR4tT5yU6iI7oO8pP9aS0dF1gG2hH3jJ4kK5lL6z7nB9vR2mX8kLp4QjW3tY5zH1aG6sF9dD0fS8gA7hJ6kL5mN4bV3vC2xZ1oP9iU8uY7tT6rR5eE4wW3qQ2aZ1sX2dC3fV4gB5hN6jM7kL8pO9iU0yT1rE2wQ3aS4dF5gG6hH7jJ8kK9lL0zZ1xX2cC3vV4bB5nN6mM7qQ8wW9eE0rR1tT2yY3uU4iI5oO6pP7aA8sS9dD0fF1gG2hH3jJ4kK5lL6zZ7xX8cC9vV0bB1nN2mM3qW4eR5tT6yU7iI8oO9pP0aS1dF2gG3hH4jJ5kK6lL7zZ8xX9cC0vB1nN2mQ3wE4rR5tT6yY7uU8iI9oO0pP1aS2dF3gG4hH5jJ6kK7lL8zX9cV0bN1nM2qW3eR4tT5yU6iI7oO8pP9aS0dF1gG2hH3jJ4kK5lL6zZ7xX8cC9vV0bB1nN2mM3qW4eR5tT6yU7iI8oO9pP0aS1dF2gG3hH4jJ5kK6lL7zZ8xX9cC0vB1nN2mQ3wE4rR5tT6yY7uU8iI9oO0pP1aS2dF3gG4hH5jJ6kK7lL8zX9cV0bN1nM2qW3eR4tT5yU6iI7oO8pP9aS0dF1gG2hH3jJ4kK5lL6zZ7xX8cC9vV0bB1nN2mM3qW4eR5tT6yU7iI8oO9pP0aS1dF2gG3hH4jJ5kK6lL7zZ8xX9cC0vB1nN2mQ3wE4rR5tT6yY7uU8iI9oO0pP1aS2dF3gG4hH5jJ6kK7lL8zX9cV0bN1nM2qW3eR4tT5yU6iI7oO8pP9aS0dF1gG2hH3jJ4kK5lL6zZ7xX8cC9vV0bB1nN2mM3qW4eR5tT6yU7iI8oO9pP0aS1dF2gG3hH4jJ5kK6lL7zZ8xX9cC0vB1nN2mQ3wE4rR5tT6yY7uU8iI9oO0pP1aS2dF3gG4hH5jJ6kK7lL8zX9cV0bN1nM2qW3eR4tT5yU6iI7oO8pP9aS0dF1gG2hH3jJ4kK5lL6zZ7xX8cC9vV0bB1nN2mM3qW4eR5tT6yU7iI8oO9pP0aS1dF2gG3hH4jJ5kK6lL7zZ8xX9cC0vB1nN2mQ3wE4rR5tT6yY7uU8iI9oO0pP1aS2dF3gG4hH5jJ6kK7l4hH5jJ6kK7lL8zX9cV0bN1nM2qW3eR4tT5yU6iI7oO8pP9aS0dF1gG2hH3jJ4kK5lL6zZ7xX8cC9vV0bB1nN2mM3qW4eR5tT6yU7iI8oO9pP0aS1dF2gG3hH4jJ5kK6lL7zZ8xX9cC0vB1nN2mQ3wE4rR5tT6yY7uU8iI9oO0pP1aS2dF3gG4hH5jJ6kK7lL8zX9cV0bN1nM2qW3eR4tT5yU6iI7oO8pP9aS0dF1gG2hH3jJ4kK5lL6zZ7xX8cC9vV0bB1nN2mM3qW4eR5tT6yU7iI8oO9pP0aS1dF2gG3hH4jJ5kK6lL7zZ8xX9cC0vB1nN2mQ3wE4rR5tT6yY7uU8iI9oO0pP1aS2dF3gG4hH5jJ6kK7l4hH5jJ6kK7lL8zX9cV0bN1nM2qW3eR4tT5yU6iI7oO8pP9aS0dF1gG2hH3jJ4kK5lL6zZ7xX8cC9vV0bB1nN2mM3qW4eR5tT6yU7iI8oO9pP0aS1dF2gG3hH4jJ5kK6lL7zZ8xX9cC0vB1nN2mQ3wE4rR5tT6yY7uU8iI9oO0pP1aS2dF3gG4hH5jJ6kK7lL8zX9cV0bN1nM2qW3eR4tT5yU6iI7oO8pP9aS0dF1gG2hH3jJ4kK5lL6zZ7xX8cC9vV0bB1nN2mM3qW4eR5tT6yU7iI8oO9pP0aS1dF2gG3hH4jJ5kK6lL7zZ8xX9cC0vB1nN2mQ3wE4rR5tT6yY7uU8iI9oO0pP1aS2dF3gG4hH5jJ6kK7l4hH5jJ6kK7lL8zX9cV0bN1nM2qW3eR4tT5yU6iI7oO8pP9aS0dF1gG2hH3jJ4kK5lL6zZ7xX8cC9vV0bB1nN2mM3qW4eR5tT6yU7iI8oO9pP0aS1dF2gG3hH4jJ5kK6lL7zZ8xX9cC0vB1nN2mQ3wE4rR5tT6yY7uU8iI9oO0pP1aS2dF3gG4hH5jJ6kK7lL8zX9cV0bN1nM2qW3eR4tT5yU6iI7oO8pP9aS0dF1gG2hH3jJ4kK5lL6zZ7xX8cC9vV0bB1nN2mM3qW4eR5tT6yU7iI8oO9pP0aS1dF2gG3hH4jJ5kK6lL7zZ8xX9cC0vB1nN2mQ3wE4rR5tT6yY7uU8iI9oO0pP1aS2dF3gG4hH5jJ6kK7l4hH5jJ6kK7lL8zX9cV0bN1nM2qW3eR4tT5yU6iI7oO8pP9aS0dF1gG2hH3jJ4kK5lL6zZ7xX8cC9vV0bB1nN2mM3qW4eR5tT6yU7iI8oO9pP0aS1dF2gG3hH4jJ5kK6lL7zZ8xX9cC0vB1nN2mQ3wE4rR5tT6yY7uU8iI9oO0pP1aS2dF3gG4hH5jJ6kK7lL8zX9cV0bN1nM2qW3eR4tT5yU6iI7oO8pP9aS0dF1gG2hH3jJ4kK5lL6zZ7xX8cC9vV0bB1nN2mM3qW4eR5tT6yU7iI8oO9pP0aS1dF2gG3hH4jJ5kK6lL7zZ8xX9cC0vB1nN2mQ3wE4rR5tT6yY7uU8iI9oO0pP1aS2dF3gG4hH5jJ6kK7l4hH5jJ6kK7lL8zX9cV0bN1nM2qW3eR4tT5yU6iI7oO8pP9aS0dF1gG2hH3jJ4kK5lL6zZ7xX8cC9vV0bB1nN2mM3qW4eR5tT6yU7iI8oO9pP0aS1dF2gG3hH4jJ5kK6lL7zZ8xX9cC0vB1nN2mQ3wE4rR5tT6yY7uU8iI9oO0pP1aS2dF3gG4hH5jJ6kK7lL8zX9cV0bN1nM2qW3eR4tT5yU6iI7oO8pP9aS0dF1gG2hH3jJ4kK5lL6zZ7xX8cC9vV0bB1nN2mM3qW4eR5tT6yU7iI8oO9pP0aS1dF2gG3hH4jJ5kK6lL7zZ8xX9cC0vB1nN2mQ3wE4rR5tT6yY7uU8iI9oO0pP1aS2dF3gG4hH5jJ6kK7l4hH5jJ6kK7lL8zX9cV0bN1nM2qW3eR4tT5yU6iI7oO8pP9aS0dF1gG2hH3jJ4kK5lL6zZ7xX8cC9vV0bB1nN2mM3qW4eR5tT6yU7iI8oO9pP0aS1dF2gG3hH4jJ5kK6lL7zZ8xX9cC0vB1nN2mQ3wE4rR5tT6yY7uU8iI9oO0pP1aS2dF3gG4hH5jJ6kK7lL8zX9cV0bN1nM2qW3eR4tT5yU6iI7oO8pP9aS0dF1gG2hH3jJ4kK5lL6zZ7xX8cC9vV0bB1nN2mM3qW4eR5tT6yU7iI8oO9pP0aS1dF2gG3hH4jJ5kK6lL7zZ8xX9cC0vB1nN2mQ3wE4rR5tT6yY7uU8iI9oO0pP1aS2dF3gG4hH5jJ6kK7l4hH5jJ6kK7lL8zX9cV0bN1nM2qW3eR4tT5yU6iI7oO8pP9aS0dF1gG2hH3jJ4kK5lL6zZ7xX8cC9vV0bB1nN2mM3qW4eR5tT6yU7iI8oO9pP0aS1dF2gG3hH4jJ5kK6lL7zZ8xX9cC0vB1nN2mQ3wE4rR5tT6yY7uU8iI9oO0pP1aS2dF3gG4hH5jJ6kK7lL8zX9cV0bN1nM2qW3eR4tT5yU6iI7oO8pP9aS0dF1gG2hH3jJ4kK5lL6zZ7xX8cC9vV0bB1nN2mM3qW4eR5tT6yU7iI8oO9pP0aS1dF2gG3hH4jJ5kK6lL7zZ8xX9cC0vB1nN2mQ3wE4rR5tT6yY7uU8iI9oO0pP1aS2dF3gG4hH5jJ6kK7l4hH5jJ6kK7lL8zX9cV0bN1nM2qW3eR4tT5yU6iI7oO8pP9aS0dF1gG2hH3jJ4kK5lL6z7nB9vR2mX8kLp4QjW3tY5zH1aG6sF9dD0fS8gA7hJ6kL5mN4bV3vC2xZ1oP9iU8uY7tT6rR5eE4wW3qQ2aZ1sX2dC3fV4gB5hN6jM7kL8pO9iU0yT1rE2wQ3aS4dF5gG6hH7jJ8kK9lL0zZ1xX2cC3vV4bB5nN6mM7qQ8wW9eE0rR1tT2yY3uU4iI5oO6pP7aA8sS9dD0fF1gG2hH3jJ4kK5lL6zZ7xX8cC9vV0bB1nN2mM3qW4eR5tT6yU7iI8oO9pP0aS1dF2gG3hH4jJ5kK6lL7zZ8xX9cC0vB1nN2mQ3wE4rR5tT6yY7uU8iI9oO0pP1aS2dF3gG4hH5jJ6kK7lL8zX9cV0bN1nM2qW3eR4tT5yU6iI7oO8pP9aS0dF1gG2hH3jJ4kK5lL6zZ7xX8cC9vV0bB1nN2mM3qW4eR5tT6yU7iI8oO9pP0aS1dF2gG3hH4jJ5kK6lL7zZ8xX9cC0vB1nN2mQ3wE4rR5tT6yY7uU8iI9oO0pP1aS2dF3gG4hH5jJ6kK7lL8zX9cV0bN1nM2qW3eR4tT5yU6iI7oO8pP9aS0dF1gG2hH3jJ4kK5lL6zZ7xX8cC9vV0bB1nN2mM3qW4eR5tT6yU7iI8oO9pP0aS1dF2gG3hH4jJ5kK6lL7zZ8xX9cC0vB1nN2mQ3wE4rR5tT6yY7uU8iI9oO0pP1aS2dF3gG4hH5jJ6kK7lL8zX9cV0bN1nM2qW3eR4tT5yU6iI7oO8pP9aS0dF1gG2hH3jJ4kK5lL6zZ7xX8cC9vV0bB1nN2mM3qW4eR5tT6yU7iI8oO9pP0aS1dF2gG3hH4jJ5kK6lL7zZ8xX9cC0vB1nN2mQ3wE4rR5tT6yY7uU8iI9oO0pP1aS2dF3gG4hH5jJ6kK7lL8zX9cV0bN1nM2qW3eR4tT5yU6iI7oO8pP9aS0dF1gG2hH3jJ4kK5lL6zZ7xX8cC9vV0bB1nN2mM3qW4eR5tT6yU7iI8oO9pP0aS1dF2gG3hH4jJ5kK6lL7zZ8xX9cC0vB1nN2mQ3wE4rR5tT6yY7uU8iI9oO0pP1aS2dF3gG4hH5jJ6kK7l4hH5jJ6kK7lL8zX9cV0bN1nM2qW3eR4tT5yU6iI7oO8pP9aS0dF1gG2hH3jJ4kK5lL6zZ7xX8cC9vV0bB1nN2mM3qW4eR5tT6yU7iI8oO9pP0aS1dF2gG3hH4jJ5kK6lL7zZ8xX9cC0vB1nN2mQ3wE4rR5tT6yY7uU8iI9oO0pP1aS2dF3gG4hH5jJ6kK7lL8zX9cV0bN1nM2qW3eR4tT5yU6iI7oO8pP9aS0dF1gG2hH3jJ4kK5lL6zZ7xX8cC9vV0bB1nN2mM3qW4eR5tT6yU7iI8oO9pP0aS1dF2gG3hH4jJ5kK6lL7zZ8xX9cC0vB1nN2mQ3wE4rR5tT6yY7uU8iI9oO0pP1aS2dF3gG4hH5jJ6kK7l4hH5jJ6kK7lL8zX9cV0bN1nM2qW3eR4tT5yU6iI7oO8pP9aS0dF1gG2hH3jJ4kK5lL6zZ7xX8cC9vV0bB1nN2mM3qW4eR5tT6yU7iI8oO9pP0aS1dF2gG3hH4jJ5kK6lL7zZ8xX9cC0vB1nN2mQ3wE4rR5tT6yY7uU8iI9oO0pP1aS2dF3gG4hH5jJ6kK7lL8zX9cV0bN1nM2qW3eR4tT5yU6iI7oO8pP9aS0dF1gG2hH3jJ4kK5lL6zZ7xX8cC9vV0bB1nN2mM3qW4eR5tT6yU7iI8oO9pP0aS1dF2gG3hH4jJ5kK6lL7zZ8xX9cC0vB1nN2mQ3wE4rR5tT6yY7uU8iI9oO0pP1aS2dF3gG4hH5jJ6kK7l4hH5jJ6kK7lL8zX9cV0bN1nM2qW3eR4tT5yU6iI7oO8pP9aS0dF1gG2hH3jJ4kK5lL6zZ7xX8cC9vV0bB1nN2mM3qW4eR5tT6yU7iI8oO9pP0aS1dF2gG3hH4jJ5kK6lL7zZ8xX9cC0vB1nN2mQ3wE4rR5tT6yY7uU8iI9oO0pP1aS2dF3gG4hH5jJ6kK7lL8zX9cV0bN1nM2qW3eR4tT5yU6iI7oO8pP9aS0dF1gG2hH3jJ4kK5lL6zZ7xX8cC9vV0bB1nN2mM3qW4eR5tT6yU7iI8oO9pP0aS1dF2gG3hH4jJ5kK6lL7zZ8xX9cC0vB1nN2mQ3wE4rR5tT6yY7uU8iI9oO0pP1aS2dF3gG4hH5jJ6kK7l4hH5jJ6kK7lL8zX9cV0bN1nM2qW3eR4tT5yU6iI7oO8pP9aS0dF1gG2hH3jJ4kK5lL6zZ7xX8cC9vV0bB1nN2mM3qW4eR5tT6yU7iI8oO9pP0aS1dF2gG3hH4jJ5kK6lL7zZ8xX9cC0vB1nN2mQ3wE4rR5tT6yY7uU8iI9oO0pP1aS2dF3gG4hH5jJ6kK7lL8zX9cV0bN1nM2qW3eR4tT5yU6iI7oO8pP9aS0dF1gG2hH3jJ4kK5lL6zZ7xX8cC9vV0bB1nN2mM3qW4eR5tT6yU7iI8oO9pP0aS1dF2gG3hH4jJ5kK6lL7zZ8xX9cC0vB1nN2mQ3wE4rR5tT6yY7uU8iI9oO0pP1aS2dF3gG4hH5jJ6kK7l4hH5jJ6kK7lL8zX9cV0bN1nM2qW3eR4tT5yU6iI7oO8pP9aS0dF1gG2hH3jJ4kK5lL6zZ7xX8cC9vV0bB1nN2mM3qW4eR5tT6yU7iI8oO9pP0aS1dF2gG3hH4jJ5kK6lL7zZ8xX9cC0vB1nN2mQ3wE4rR5tT6yY7uU8iI9oO0pP1aS2dF3gG4hH5jJ6kK7lL8zX9cV0bN1nM2qW3eR4tT5yU6iI7oO8pP9aS0dF1gG2hH3jJ4kK5lL6zZ7xX8cC9vV0bB1nN2mM3qW4eR5tT6yU7iI8oO9pP0aS1dF2gG3hH4jJ5kK6lL7zZ8xX9cC0vB1nN2mQ3wE4rR5tT6yY7uU8iI9oO0pP1aS2dF3gG4hH5jJ6kK7l4hH5jJ6kK7lL8zX9cV0bN1nM2qW3eR4tT5yU6iI7oO8pP9aS0dF1gG2hH3jJ4kK5lL6zZ7xX8cC9vV0bB1nN2mM3qW4eR5tT6yU7iI8oO9pP0aS1dF2gG3hH4jJ5kK6lL7zZ8xX9cC0vB1nN2mQ3wE4rR5tT6yY7uU8iI9oO0pP1aS2dF3gG4hH5jJ6kK7lL8zX9cV0bN1nM2qW3eR4tT5yU6iI7oO8pP9aS0dF1gG2hH3jJ4kK5lL6zZ7xX8cC9vV0bB1nN2mM3qW4eR5tT6yU7iI8oO9pP0aS1dF2gG3hH4jJ5kK6lL7zZ8xX9cC0vB1nN2mQ3wE4rR5tT6yY7uU8iI9oO0pP1aS2dF3gG4hH5jJ6kK7l4hH5jJ6kK7lL8zX9cV0bN1nM2qW3eR4tT5yU6iI7oO8pP9aS0dF1gG2hH3jJ4kK5lL6zZ7xX8cC9vV0bB1nN2mM3qW4eR5tT6yU7iI8oO9pP0aS1dF2gG3hH4jJ5kK6lL7zZ8xX9cC0vB1nN2mQ3wE4rR5tT6yY7uU8iI9oO0pP1aS2dF3gG4hH5jJ6kK7lL8zX9cV0bN1nM2qW3eR4tT5yU6iI7oO8pP9aS0dF1gG2hH3jJ4kK5lL6zZ7xX8cC9vV0bB1nN2mM3qW4eR5tT6yU7iI8oO9pP0aS1dF2gG3hH4jJ5kK6lL7zZ8xX9cC0vB1nN2mQ3wE4rR5tT6yY7uU8iI9oO0pP1aS2dF3gG4hH5jJ6kK7l4hH5jJ6kK7lL8zX9cV0bN1nM2qW3eR4tT5yU6iI7oO8pP9aS0dF1gG2hH3jJ4kK5lL6z7nB9vR2mX8kLp4QjW3tY5zH1aG6sF9dD0fS8gA7hJ6kL5mN4bV3vC2xZ1oP9iU8uY7tT6rR5eE4wW3qQ2aZ1sX2dC3fV4gB5hN6jM7kL8pO9iU0yT1rE2wQ3aS4dF5gG6hH7jJ8kK9lL0zZ1xX2cC3vV4bB5nN6mM7qQ8wW9eE0rR1tT2yY3uU4iI5oO6pP7aA8sS9dD0fF1gG2hH3jJ4kK5lL6zZ7xX8cC9vV0bB1nN2mM3qW4eR5tT6yU7iI8oO9pP0aS1dF2gG3hH4jJ5kK6lL7zZ8xX9cC0vB1nN2mQ3wE4rR5tT6yY7uU8iI9oO0pP1aS2dF3gG4hH5jJ6kK7lL8zX9cV0bN1nM2qW3eR4tT5yU6iI7oO8pP9aS0dF1gG2hH3jJ4kK5lL6zZ7xX8cC9vV0bB1nN2mM3qW4eR5tT6yU7iI8oO9pP0aS1dF2gG3hH4jJ5kK6lL7zZ8xX9cC0vB1nN2mQ3wE4rR5tT6yY7uU8iI9oO0pP1aS2dF3gG4hH5jJ6kK7lL8zX9cV0bN1nM2qW3eR4tT5yU6iI7oO8pP9aS0dF1gG2hH3jJ4kK5lL6zZ7xX8cC9vV0bB1nN2mM3qW4eR5tT6yU7iI8oO9pP0aS1dF2gG3hH4jJ5kK6lL7zZ8xX9cC0vB1nN2mQ3wE4rR5tT6yY7uU8iI9oO0pP1aS2dF3gG4hH5jJ6kK7lL8zX9cV0bN1nM2qW3eR4tT5yU6iI7oO8pP9aS0dF1gG2hH3jJ4kK5lL6zZ7xX8cC9vV0bB1nN2mM3qW4eR5tT6yU7iI8oO9pP0aS1dF2gG3hH4jJ5kK6lL7zZ8xX9cC0vB1nN2mQ3wE4rR5tT6yY7uU8iI9oO0pP1aS2dF3gG4hH5jJ6kK7lL8zX9cV0bN1nM2qW3eR4tT5yU6iI7oO8pP9aS0dF1gG2hH3jJ4kK5lL6zZ7xX8cC9vV0bB1nN2mM3qW4eR5tT6yU7iI8oO9pP0aS1dF2gG3hH4jJ5kK6lL7zZ8xX9cC0vB1nN2mQ3wE4rR5tT6yY7uU8iI9oO0pP1aS2dF3gG4hH5jJ6kK7l4hH5jJ6kK7lL8zX9cV0bN1nM2qW3eR4tT5yU6iI7oO8pP9aS0dF1gG2hH3jJ4kK5lL6zZ7xX8cC9vV0bB1nN2mM3qW4eR5tT6yU7iI8oO9pP0aS1dF2gG3hH4jJ5kK6lL7zZ8xX9cC0vB1nN2mQ3wE4rR5tT6yY7uU8iI9oO0pP1aS2dF3gG4hH5jJ6kK7lL8zX9cV0bN1nM2qW3eR4tT5yU6iI7oO8pP9aS0dF1gG2hH3jJ4kK5lL6zZ7xX8cC9vV0bB1nN2mM3qW4eR5tT6yU7iI8oO9pP0aS1dF2gG3hH4jJ5kK6lL7zZ8xX9cC0vB1nN2mQ3wE4rR5tT6yY7uU8iI9oO0pP1aS2dF3gG4hH5jJ6kK7l4hH5jJ6kK7lL8zX9cV0bN1nM2qW3eR4tT5yU6iI7oO8pP9aS0dF1gG2hH3jJ4kK5lL6zZ7xX8cC9vV0bB1nN2mM3qW4eR5tT6yU7iI8oO9pP0aS1dF2gG3hH4jJ5kK6lL7zZ8xX9cC0vB1nN2mQ3wE4rR5tT6yY7uU8iI9oO0pP1aS2dF3gG4hH5jJ6kK7lL8zX9cV0bN1nM2qW3eR4tT5yU6iI7oO8pP9aS0dF1gG2hH3jJ4kK5lL6zZ7xX8cC9vV0bB1nN2mM3qW4eR5tT6yU7iI8oO9pP0aS1dF2gG3hH4jJ5kK6lL7zZ8xX9cC0vB1nN2mQ3wE4rR5tT6yY7uU8iI9oO0pP1aS2dF3gG4hH5jJ6kK7l4hH5jJ6kK7lL8zX9cV0bN1nM2qW3eR4tT5yU6iI7oO8pP9aS0dF1gG2hH3jJ4kK5lL6zZ7xX8cC9vV0bB1nN2mM3qW4eR5tT6yU7iI8oO9pP0aS1dF2gG3hH4jJ5kK6lL7zZ8xX9cC0vB1nN2mQ3wE4rR5tT6yY7uU8iI9oO0pP1aS2dF3gG4hH5jJ6kK7lL8zX9cV0bN1nM2qW3eR4tT5yU6iI7oO8pP9aS0dF1gG2hH3jJ4kK5lL6zZ7xX8cC9vV0bB1nN2mM3qW4eR5tT6yU7iI8oO9pP0aS1dF2gG3hH4jJ5kK6lL7zZ8xX9cC0vB1nN2mQ3wE4rR5tT6yY7uU8iI9oO0pP1aS2dF3gG4hH5jJ6kK7l4hH5jJ6kK7lL8zX9cV0bN1nM2qW3eR4tT5yU6iI7oO8pP9aS0dF1gG2hH3jJ4kK5lL6zZ7xX8cC9vV0bB1nN2mM3qW4eR5tT6yU7iI8oO9pP0aS1dF2gG3hH4jJ5kK6lL7zZ8xX9cC0vB1nN2mQ3wE4rR5tT6yY7uU8iI9oO0pP1aS2dF3gG4hH5jJ6kK7lL8zX9cV0bN1nM2qW3eR4tT5yU6iI7oO8pP9aS0dF1gG2hH3jJ4kK5lL6zZ7xX8cC9vV0bB1nN2mM3qW4eR5tT6yU7iI8oO9pP0aS1dF2gG3hH4jJ5kK6lL7zZ8xX9cC0vB1nN2mQ3wE4rR5tT6yY7uU8iI9oO0pP1aS2dF3gG4hH5jJ6kK7l4hH5jJ6kK7lL8zX9cV0bN1nM2qW3eR4tT5yU6iI7oO8pP9aS0dF1gG2hH3jJ4kK5lL6zZ7xX8cC9vV0bB1nN2mM3qW4eR5tT6yU7iI8oO9pP0aS1dF2gG3hH4jJ5kK6lL7zZ8xX9cC0vB1nN2mQ3wE4rR5tT6yY7uU8iI9oO0pP1aS2dF3gG4hH5jJ6kK7lL8zX9cV0bN1nM2qW3eR4tT5yU6iI7oO8pP9aS0dF1gG2hH3jJ4kK5lL6zZ7xX8cC9vV0bB1nN2mM3qW4eR5tT6yU7iI8oO9pP0aS1dF2gG3hH4jJ5kK6lL7zZ8xX9cC0vB1nN2mQ3wE4rR5tT6yY7uU8iI9oO0pP1aS2dF3gG4hH5jJ6kK7l4hH5jJ6kK7lL8zX9cV0bN1nM2qW3eR4tT5yU6iI7oO8pP9aS0dF1gG2hH3jJ4kK5lL6zZ7xX8cC9vV0bB1nN2mM3qW4eR5tT6yU7iI8oO9pP0aS1dF2gG3hH4jJ5kK6lL7zZ8xX9cC0vB1nN2mQ3wE4rR5tT6yY7uU8iI9oO0pP1aS2dF3gG4hH5jJ6kK7lL8zX9cV0bN1nM2qW3eR4tT5yU6iI7oO8pP9aS0dF1gG2hH3jJ4kK5lL6zZ7xX8cC9vV0bB1nN2mM3qW4eR5tT6yU7iI8oO9pP0aS1dF2gG3hH4jJ5kK6lL7zZ8xX9cC0vB1nN2mQ3wE4rR5tT6yY7uU8iI9oO0pP1aS2dF3gG4hH5jJ6kK7l4hH5jJ6kK7lL8zX9cV0bN1nM2qW3eR4tT5yU6iI7oO8pP9aS0dF1gG2hH3jJ4kK5lL6zZ7xX8cC9vV0bB1nN2mM3qW4eR5tT6yU7iI8oO9pP0aS1dF2gG3hH4jJ5kK6lL7zZ8xX9cC0vB1nN2mQ3wE4rR5tT6yY7uU8iI9oO0pP1aS2dF3gG4hH5jJ6kK7lL8zX9cV0bN1nM2qW3eR4tT5yU6iI7oO8pP9aS0dF1gG2hH3jJ4kK5lL6zZ7xX8cC9vV0bB1nN2mM3qW4eR5tT6yU7iI8oO9pP0aS1dF2gG3hH4jJ5kK6lL7zZ8xX9cC0vB1nN2mQ3wE4rR5tT6yY7uU8iI9oO0pP1aS2dF3gG4hH5jJ6kK7l4hH5jJ6kK7lL8zX9cV0bN1nM2qW3eR4tT5yU6iI7oO8pP9aS0dF1gG2hH3jJ4kK5lL6z7nB9vR2mX8kLp4QjW3tY5zH1aG6sF9dD0fS8gA7hJ6kL5mN4bV3vC2xZ1oP9iU8uY7tT6rR5eE4wW3qQ2aZ1sX2dC3fV4gB5hN6jM7kL8pO9iU0yT1rE2wQ3aS4dF5gG6hH7jJ8kK9lL0zZ1xX2cC3vV4bB5nN6mM7qQ8wW9eE0rR1tT2yY3uU4iI5oO6pP7aA8sS9dD0fF1gG2hH3jJ4kK5lL6zZ7xX8cC9vV0bB1nN2mM3qW4eR5tT6yU7iI8oO9pP0aS1dF2gG3hH4jJ5kK6lL7zZ8xX9cC0vB1nN2mQ3wE4rR5tT6yY7uU8iI9oO0pP1aS2dF3gG4hH5jJ6kK7lL8zX9cV0bN1nM2qW3eR4tT5yU6iI7oO8pP9aS0dF1gG2hH3jJ4kK5lL6zZ7xX8cC9vV0bB1nN2mM3qW4eR5tT6yU7iI8oO9pP0aS1dF2gG3hH4jJ5kK6lL7zZ8xX9cC0vB1nN2mQ3wE4rR5tT6yY7uU8iI9oO0pP1aS2dF3gG4hH5jJ6kK7lL8zX9cV0bN1nM2qW3eR4tT5yU6iI7oO8pP9aS0dF1gG2hH3jJ4kK5lL6zZ7xX8cC9vV0bB1nN2mM3qW4eR5tT6yU7iI8oO9pP0aS1dF2gG3hH4jJ5kK6lL7zZ8xX9cC0vB1nN2mQ3wE4rR5tT6yY7uU8iI9oO0pP1aS2dF3gG4hH5jJ6kK7lL8zX9cV0bN1nM2qW3eR4tT5yU6iI7oO8pP9aS0dF1gG2hH3jJ4kK5lL6zZ7xX8cC9vV0bB1nN2mM3qW4eR5tT6yU7iI8oO9pP0aS1dF2gG3hH4jJ5kK6lL7zZ8xX9cC0vB1nN2mQ3wE4rR5tT6yY7uU8iI9oO0pP1aS2dF3gG4hH5jJ6kK7lL8zX9cV0bN1nM2qW3eR4tT5yU6iI7oO8pP9aS0dF1gG2hH3jJ4kK5lL6zZ7xX8cC9vV0bB1nN2mM3qW4eR5tT6yU7iI8oO9pP0aS1dF2gG3hH4jJ5kK6lL7zZ8xX9cC0vB1nN2mQ3wE4rR5tT6yY7uU8iI9oO0pP1aS2dF3gG4hH5jJ6kK7l4hH5jJ6kK7lL8zX9cV0bN1nM2qW3eR4tT5yU6iI7oO8pP9aS0dF1gG2hH3jJ4kK5lL6zZ7xX8cC9vV0bB1nN2mM3qW4eR5tT6yU7iI8oO9pP0aS1dF2gG3hH4jJ5kK6lL7zZ8xX9cC0vB1nN2mQ3wE4rR5tT6yY7uU8iI9oO0pP1aS2dF3gG4hH5jJ6kK7lL8zX9cV0bN1nM2qW3eR4tT5yU6iI7oO8pP9aS0dF1gG2hH3jJ4kK5lL6zZ7xX8cC9vV0bB1nN2mM3qW4eR5tT6yU7iI8oO9pP0aS1dF2gG3hH4jJ5kK6lL7zZ8xX9cC0vB1nN2mQ3wE4rR5tT6yY7uU8iI9oO0pP1aS2dF3gG4hH5jJ6kK7l4hH5jJ6kK7lL8zX9cV0bN1nM2qW3eR4tT5yU6iI7oO8pP9aS0dF1gG2hH3jJ4kK5lL6zZ7xX8cC9vV0bB1nN2mM3qW4eR5tT6yU7iI8oO9pP0aS1dF2gG3hH4jJ5kK6lL7zZ8xX9cC0vB1nN2mQ3wE4rR5tT6yY7uU8iI9oO0pP1aS2dF3gG4hH5jJ6kK7lL8zX9cV0bN1nM2qW3eR4tT5yU6iI7oO8pP9aS0dF1gG2hH3jJ4kK5lL6zZ7xX8cC9vV0bB1nN2mM3qW4eR5tT6yU7iI8oO9pP0aS1dF2gG3hH4jJ5kK6lL7zZ8xX9cC0vB1nN2mQ3wE4rR5tT6yY7uU8iI9oO0pP1aS2dF3gG4hH5jJ6kK7l4hH5jJ6kK7lL8zX9cV0bN1nM2qW3eR4tT5yU6iI7oO8pP9aS0dF1gG2hH3jJ4kK5lL6zZ7xX8cC9vV0bB1nN2mM3qW4eR5tT6yU7iI8oO9pP0aS1dF2gG3hH4jJ5kK6lL7zZ8xX9cC0vB1nN2mQ3wE4rR5tT6yY7uU8iI9oO0pP1aS2dF3gG4hH5jJ6kK7lL8zX9cV0bN1nM2qW3eR4tT5yU6iI7oO8pP9aS0dF1gG2hH3jJ4kK5lL6zZ7xX8cC9vV0bB1nN2mM3qW4eR5tT6yU7iI8oO9pP0aS1dF2gG3hH4jJ5kK6lL7zZ8xX9cC0vB1nN2mQ3wE4rR5tT6yY7uU8iI9oO0pP1aS2dF3gG4hH5jJ6kK7l4hH5jJ6kK7lL8zX9cV0bN1nM2qW3eR4tT5yU6iI7oO8pP9aS0dF1gG2hH3jJ4kK5lL6zZ7xX8cC9vV0bB1nN2mM3qW4eR5tT6yU7iI8oO9pP0aS1dF2gG3hH4jJ5kK6lL7zZ8xX9cC0vB1nN2mQ3wE4rR5tT6yY7uU8iI9oO0pP1aS2dF3gG4hH5jJ6kK7lL8zX9cV0bN1nM2qW3eR4tT5yU6iI7oO8pP9aS0dF1gG2hH3jJ4kK5lL6zZ7xX8cC9vV0bB1nN2mM3qW4eR5tT6yU7iI8oO9pP0aS1dF2gG3hH4jJ5kK6lL7zZ8xX9cC0vB1nN2mQ3wE4rR5tT6yY7uU8iI9oO0pP1aS2dF3gG4hH5jJ6kK7l4hH5jJ6kK7lL8zX9cV0bN1nM2qW3eR4tT5yU6iI7oO8pP9aS0dF1gG2hH3jJ4kK5lL6zZ7xX8cC9vV0bB1nN2mM3qW4eR5tT6yU7iI8oO9pP0aS1dF2gG3hH4jJ5kK6lL7zZ8xX9cC0vB1nN2mQ3wE4rR5tT6yY7uU8iI9oO0pP1aS2dF3gG4hH5jJ6kK7lL8zX9cV0bN1nM2qW3eR4tT5yU6iI7oO8pP9aS0dF1gG2hH3jJ4kK5lL6zZ7xX8cC9vV0bB1nN2mM3qW4eR5tT6yU7iI8oO9pP0aS1dF2gG3hH4jJ5kK6lL7zZ8xX9cC0vB1nN2mQ3wE4rR5tT6yY7uU8iI9oO0pP1aS2dF3gG4hH5jJ6kK7l4hH5jJ6kK7lL8zX9cV0bN1nM2qW3eR4tT5yU6iI7oO8pP9aS0dF1gG2hH3jJ4kK5lL6zZ7xX8cC9vV0bB1nN2mM3qW4eR5tT6yU7iI8oO9pP0aS1dF2gG3hH4jJ5kK6lL7zZ8xX9cC0vB1nN2mQ3wE4rR5tT6yY7uU8iI9oO0pP1aS2dF3gG4hH5jJ6kK7lL8zX9cV0bN1nM2qW3eR4tT5yU6iI7oO8pP9aS0dF1gG2hH3jJ4kK5lL6zZ7xX8cC9vV0bB1nN2mM3qW4eR5tT6yU7iI8oO9pP0aS1dF2gG3hH4jJ5kK6lL7zZ8xX9cC0vB1nN2mQ3wE4rR5tT6yY7uU8iI9oO0pP1aS2dF3gG4hH5jJ6kK7l4hH5jJ6kK7lL8zX9cV0bN1nM2qW3eR4tT5yU6iI7oO8pP9aS0dF1gG2hH3jJ4kK5lL6zZ7xX8cC9vV0bB1nN2mM3qW4eR5tT6yU7iI8oO9pP0aS1dF2gG3hH4jJ5kK6lL7zZ8xX9cC0vB1nN2mQ3wE4rR5tT6yY7uU8iI9oO0pP1aS2dF3gG4hH5jJ6kK7lL8zX9cV0bN1nM2qW3eR4tT5yU6iI7oO8pP9aS0dF1gG2hH3jJ4kK5lL6zZ7xX8cC9vV0bB1nN2mM3qW4eR5tT6yU7iI8oO9pP0aS1dF2gG3hH4jJ5kK6lL7zZ8xX9cC0vB1nN2mQ3wE4rR5tT6yY7uU8iI9oO0pP1aS2dF3gG4hH5jJ6kK7l4hH5jJ6kK7lL8zX9cV0bN1nM2qW3eR4tT5yU6iI7oO8pP9aS0dF1gG2hH3jJ4kK5lL6z7nB9vR2mX8kLp4QjW3tY5zH1aG6sF9dD0fS8gA7hJ6kL5mN4bV3vC2xZ1oP9iU8uY7tT6rR5eE4wW3qQ2aZ1sX2dC3fV4gB5hN6jM7kL8pO9iU0yT1rE2wQ3aS4dF5gG6hH7jJ8kK9lL0zZ1xX2cC3vV4bB5nN6mM7qQ8wW9eE0rR1tT2yY3uU4iI5oO6pP7aA8sS9dD0fF1gG2hH3jJ4kK5lL6zZ7xX8cC9vV0bB1nN2mM3qW4eR5tT6yU7iI8oO9pP0aS1dF2gG3hH4jJ5kK6lL7zZ8xX9cC0vB1nN2mQ3wE4rR5tT6yY7uU8iI9oO0pP1aS2dF3gG4hH5jJ6kK7lL8zX9cV0bN1nM2qW3eR4tT5yU6iI7oO8pP9aS0dF1gG2hH3jJ4kK5lL6zZ7xX8cC9vV0bB1nN2mM3qW4eR5tT6yU7iI8oO9pP0aS1dF2gG3hH4jJ5kK6lL7zZ8xX9cC0vB1nN2mQ3wE4rR5tT6yY7uU8iI9oO0pP1aS2dF3gG4hH5jJ6kK7lL8zX9cV0bN1nM2qW3eR4tT5yU6iI7oO8pP9aS0dF1gG2hH3jJ4kK5lL6zZ7xX8cC9vV0bB1nN2mM3qW4eR5tT6yU7iI8oO9pP0aS1dF2gG3hH4jJ5kK6lL7zZ8xX9cC0vB1nN2mQ3wE4rR5tT6yY7uU8iI9oO0pP1aS2dF3gG4hH5jJ6kK7lL8zX9cV0bN1nM2qW3eR4tT5yU6iI7oO8pP9aS0dF1gG2hH3jJ4kK5lL6zZ7xX8cC9vV0bB1nN2mM3qW4eR5tT6yU7iI8oO9pP0aS1dF2gG3hH4jJ5kK6lL7zZ8xX9cC0vB1nN2mQ3wE4rR5tT6yY7uU8iI9oO0pP1aS2dF3gG4hH5jJ6kK7lL8zX9cV0bN1nM2qW3eR4tT5yU6iI7oO8pP9aS0dF1gG2hH3jJ4kK5lL6zZ7xX8cC9vV0bB1nN2mM3qW4eR5tT6yU7iI8oO9pP0aS1dF2gG3hH4jJ5kK6lL7zZ8xX9cC0vB1nN2mQ3wE4rR5tT6yY7uU8iI9oO0pP1aS2dF3gG4hH5jJ6kK7l4hH5jJ6kK7lL8zX9cV0bN1nM2qW3eR4tT5yU6iI7oO8pP9aS0dF1gG2hH3jJ4kK5lL6zZ7xX8cC9vV0bB1nN2mM3qW4eR5tT6yU7iI8oO9pP0aS1dF2gG3hH4jJ5kK6lL7zZ8xX9cC0vB1nN2mQ3wE4rR5tT6yY7uU8iI9oO0pP1aS2dF3gG4hH5jJ6kK7lL8zX9cV0bN1nM2qW3eR4tT5yU6iI7oO8pP9aS0dF1gG2hH3jJ4kK5lL6zZ7xX8cC9vV0bB1nN2mM3qW4eR5tT6yU7iI8oO9pP0aS1dF2gG3hH4jJ5kK6lL7zZ8xX9cC0vB1nN2mQ3wE4rR5tT6yY7uU8iI9oO0pP1aS2dF3gG4hH5jJ6kK7l4hH5jJ6kK7lL8zX9cV0bN1nM2qW3eR4tT5yU6iI7oO8pP9aS0dF1gG2hH3jJ4kK5lL6zZ7xX8cC9vV0bB1nN2mM3qW4eR5tT6yU7iI8oO9pP0aS1dF2gG3hH4jJ5kK6lL7zZ8xX9cC0vB1nN2mQ3wE4rR5tT6yY7uU8iI9oO0pP1aS2dF3gG4hH5jJ6kK7lL8zX9cV0bN1nM2qW3eR4tT5yU6iI7oO8pP9aS0dF1gG2hH3jJ4kK5lL6zZ7xX8cC9vV0bB1nN2mM3qW4eR5tT6yU7iI8oO9pP0aS1dF2gG3hH4jJ5kK6lL7zZ8xX9cC0vB1nN2mQ3wE4rR5tT6yY7uU8iI9oO0pP1aS2dF3gG4hH5jJ6kK7l4hH5jJ6kK7lL8zX9cV0bN1nM2qW3eR4tT5yU6iI7oO8pP9aS0dF1gG2hH3jJ4kK5lL6zZ7xX8cC9vV0bB1nN2mM3qW4eR5tT6yU7iI8oO9pP0aS1dF2gG3hH4jJ5kK6lL7zZ8xX9cC0vB1nN2mQ3wE4rR5tT6yY7uU8iI9oO0pP1aS2dF3gG4hH5jJ6kK7lL8zX9cV0bN1nM2qW3eR4tT5yU6iI7oO8pP9aS0dF1gG2hH3jJ4kK5lL6zZ7xX8cC9vV0bB1nN2mM3qW4eR5tT6yU7iI8oO9pP0aS1dF2gG3hH4jJ5kK6lL7zZ8xX9cC0vB1nN2mQ3wE4rR5tT6yY7uU8iI9oO0pP1aS2dF3gG4hH5jJ6kK7l4hH5jJ6kK7lL8zX9cV0bN1nM2qW3eR4tT5yU6iI7oO8pP9aS0dF1gG2hH3jJ4kK5lL6zZ7xX8cC9vV0bB1nN2mM3qW4eR5tT6yU7iI8oO9pP0aS1dF2gG3hH4jJ5kK6lL7zZ8xX9cC0vB1nN2mQ3wE4rR5tT6yY7uU8iI9oO0pP1aS2dF3gG4hH5jJ6kK7lL8zX9cV0bN1nM2qW3eR4tT5yU6iI7oO8pP9aS0dF1gG2hH3jJ4kK5lL6zZ7xX8cC9vV0bB1nN2mM3qW4eR5tT6yU7iI8oO9pP0aS1dF2gG3hH4jJ5kK6lL7zZ8xX9cC0vB1nN2mQ3wE4rR5tT6yY7uU8iI9oO0pP1aS2dF3gG4hH5jJ6kK7l4hH5jJ6kK7lL8zX9cV0bN1nM2qW3eR4tT5yU6iI7oO8pP9aS0dF1gG2hH3jJ4kK5lL6zZ7xX8cC9vV0bB1nN2mM3qW4eR5tT6yU7iI8oO9pP0aS1dF2gG3hH4jJ5kK6lL7zZ8xX9cC0vB1nN2mQ3wE4rR5tT6yY7uU8iI9oO0pP1aS2dF3gG4hH5jJ6kK7lL8zX9cV0bN1nM2qW3eR4tT5yU6iI7oO8pP9aS0dF1gG2hH3jJ4kK5lL6zZ7xX8cC9vV0bB1nN2mM3qW4eR5tT6yU7iI8oO9pP0aS1dF2gG3hH4jJ5kK6lL7zZ8xX9cC0vB1nN2mQ3wE4rR5tT6yY7uU8iI9oO0pP1aS2dF3gG4hH5jJ6kK7l4hH5jJ6kK7lL8zX9cV0bN1nM2qW3eR4tT5yU6iI7oO8pP9aS0dF1gG2hH3jJ4kK5lL6zZ7xX8cC9vV0bB1nN2mM3qW4eR5tT6yU7iI8oO9pP0aS1dF2gG3hH4jJ5kK6lL7zZ8xX9cC0vB1nN2mQ3wE4rR5tT6yY7uU8iI9oO0pP1aS2dF3gG4hH5jJ6kK7lL8zX9cV0bN1nM2qW3eR4tT5yU6iI7oO8pP9aS0dF1gG2hH3jJ4kK5lL6zZ7xX8cC9vV0bB1nN2mM3qW4eR5tT6yU7iI8oO9pP0aS1dF2gG3hH4jJ5kK6lL7zZ8xX9cC0vB1nN2mQ3wE4rR5tT6yY7uU8iI9oO0pP1aS2dF3gG4hH5jJ6kK7l4hH5jJ6kK7lL8zX9cV0bN1nM2qW3eR4tT5yU6iI7oO8pP9aS0dF1gG2hH3jJ4kK5lL6zZ7xX8cC9vV0bB1nN2mM3qW4eR5tT6yU7iI8oO9pP0aS1dF2gG3hH4jJ5kK6lL7zZ8xX9cC0vB1nN2mQ3wE4rR5tT6yY7uU8iI9oO0pP1aS2dF3gG4hH5jJ6kK7lL8zX9cV0bN1nM2qW3eR4tT5yU6iI7oO8pP9aS0dF1gG2hH3jJ4kK5lL6zZ7xX8cC9vV0bB1nN2mM3qW4eR5tT6yU7iI8oO9pP0aS1dF2gG3hH4jJ5kK6lL7zZ8xX9cC0vB1nN2mQ3wE4rR5tT6yY7uU8iI9oO0pP1aS2dF3gG4hH5jJ6kK7l4hH5jJ6kK7lL8zX9cV0bN1nM2qW3eR4tT5yU6iI7oO8pP9aS0dF1gG2hH3jJ4kK5lL6z8zX9cV0bN1nM2qW3eR4tT5yU6iI7oO8pP9aS0dF1gG2hH3jJ4kK5lL6zZ7xX8cC9vV0bB1nN2mM3qW4eR5tT6yU7iI8oO9pP0aS1dF2gG3hH4jJ5kK6lL7zZ8xX9cC0vB1nN2mQ3wE4rR5tT6yY7uU8iI9oO0pP1aS2dF3gG4hH5jJ6kK7l4hH5jJ6kK7lL8zX9cV0bN1nM2qW3eR4tT5yU6iI7oO8pP9aS0dF1gG2hH3jJ4kK5lL6zZ7xX8cC9vV0bB1nN2mM3qW4eR5tT6yU7iI8oO9pP0aS1dF2gG3hH4jJ5kK6lL7zZ8xX9cC0vB1nN2mQ3wE4rR5tT6yY7uU8iI9oO0pP1aS2dF3gG4hH5jJ6kK7lL8zX9cV0bN1nM2qW3eR4tT5yU6iI7oO8pP9aS0dF1gG2hH3jJ4kK5lL6zZ7xX8cC9vV0bB1nN2mM3qW4eR5tT6yU7iI8oO9pP0aS1dF2gG3hH4jJ5kK6lL7zZ8xX9cC0vB1nN2mQ3wE4rR5tT6yY7uU8iI9oO0pP1aS2dF3gG4hH5jJ6kK7l4hH5jJ6kK7lL8zX9cV0bN1nM2qW3eR4tT5yU6iI7oO8pP9aS0dF1gG2hH3jJ4kK5lL6zZ7xX8cC9vV0bB1nN2mM3qW4eR5tT6yU7iI8oO9pP0aS1dF2gG3hH4jJ5kK6lL7zZ8xX9cC0vB1nN2mQ3wE4rR5tT6yY7uU8iI9oO0pP1aS2dF3gG4hH5jJ6kK7lL8zX9cV0bN1nM2qW3eR4tT5yU6iI7oO8pP9aS0dF1gG2hH3jJ4kK5lL6zZ7xX8cC9vV0bB1nN2mM3qW4eR5tT6yU7iI8oO9pP0aS1dFzX9cV0bN1nM2qW3eR4tT5yU6iI7oO8pP9aS0dF1gG2hH3jJ4kK5lL6zZ7xX8cC9vV0bB1nN2mM3qW4eR5tT6yU7iI8oO9pP0aS1dF2gG3hH4jJ5kK6lL7zZ8xX9cC0vB1nN2mQ3wE4rR5tT6yY7uU8iI9oO0pP1aS2dF3gG4hH5jJ6kK7lL8zX9cV0bN1nM2qW3eR4tT5yU6iI7oO8pP9aS0dF1gG2hH3jJ4kK5lL6zZ7xX8cC9vV0bB1nN2mM3qW4eR5tT6yU7iI8oO9pP0aS1dF2gG3hH4jJ5kK6lL7zZ8xX9cC0vB1nN2mQ3wE4rR5tT6yY7uU8iI9oO0pP1aS2dF3gG4hH5jJ6kK7l4hH5jJ6kK7lL8zX9cV0bN1nM2qW3eR4tT5yU6iI7oO8pP9aS0dF1gG2hH3jJ4kK5lL6zZ7xX8cC9vV0bB1nN2mM3qW4eR5tT6yU7iI8oO9pP0aS1dF2gG3hH4jJ5kK6lL7zZ8xX9cC0vB1nN2mQ3wE4rR5tT6yY7uU8iI9oO0pP1aS2dF3gG4hH5jJ6kK7lL8zX9cV0bN1nM2qW3eR4tT5yU6iI7oO8pP9aS0dF1gG2hH3jJ4kK5lL6zZ7xX8cC9vV0bB1nN2mM3qW4eR5tT6yU7iI8oO9pP0aS1dF2gG3hH4jJ5kK6lL7zZ8xX9cC0vB1nN2mQ3wE4rR5tT6yY7uU8iI9oO0pP1aS2dF3gG4hH5jJ6kK7l4hH5jJ6kK7lL8zX9cV0bN1nM2qW3eR4tT5yU6iI7oO8pP9aS0dF1gG2hH3jJ4kK5lL6zZ7xX8cC9vV0bB1nN2mM3qW4eR5tT6yU7iI8oO9pP0aS1dF2gG3hH4jJ5kK6lL7zZ8xX9cC0vB1nN2mQ3wE4rR5tT6yY7uU8iI9oO0pP1aS2dF3gG4hH5jJ6kK7lL8zX9cV0bN1nM2qW3eR4tT5yU6iI7oO8pP9aS0dF1gG2hH3jJ4kK5lL6zZ7xX8cC9vV0bB1nN2mM3qW4eR5tT6yU7iI8oO9pP0aS1dF2gG3hH4jJ5kK6lL7zZ8xX9cC0vB1nN2mQ3wE4rR5tT6yY7uU8iI9oO0pP1aS2dF3gG4hH5jJ6kK7l4hH5jJ6kK7lL8zX9cV0bN1nM2qW3eR4tT5yU6iI7oO8pP9aS0dF1gG2hH3jJ4kK5lL6zZ7xX8cC9vV0bB1nN2mM3qW4eR5tT6yU7iI8oO9pP0aS1dF2gG3hH4jJ5kK6lL7zZ8xX9cC0vB1nN2mQ3wE4rR5tT6yY7uU8iI9oO0pP1aS2dF3gG4hH5jJ6kK7lL8zX9cV0bN1nM2qW3eR4tT5yU6iI7oO8pP9aS0dF1gG2hH3jJ4kK5lL6zZ7xX8cC9vV0bB1nN2mM3qW4eR5tT6yU7iI8oO9pP0aS1dF2gG3hH4jJ5kK6lL7zZ8xX9cC0vB1nN2mQ3wE4rR5tT6yY7uU8iI9oO0pP1aS2dF3gG4hH5jJ6kK7l4hH5jJ6kK7lL8zX9cV0bN1nM2qW3eR4tT5yU6iI7oO8pP9aS0dF1gG2hH3jJ4kK5lL6zZ7xX8cC9vV0bB1nN2mM3qW4eR5tT6yU7iI8oO9pP0aS1dF2gG3hH4jJ5kK6lL7zZ8xX9cC0vB1nN2mQ3wE4rR5tT6yY7uU8iI9oO0pP1aS2dF3gG4hH5jJ6kK7lL8zX9cV0bN1nM2qW3eR4tT5yU6iI7oO8pP9aS0dF1gG2hH3jJ4kK5lL6zZ7xX8cC9vV0bB1nN2mM3qW4eR5tT6yU7iI8oO9pP0aS1dF2gG3hH4jJ5kK6lL7zZ8xX9cC0vB1nN2mQ3wE4rR5tT6yY7uU8iI9oO0pP1aS2dF3gG4hH5jJ6kK7l4hH5jJ6kK7lL8zX9cV0bN1nM2qW3eR4tT5yU6iI7oO8pP9aS0dF1gG2hH3jJ4kK5lL6z7nB9vR2mX8kLp4QjW3tY5zH1aG6sF9dD0fS8gA7hJ6kL5mN4bV3vC2xZ1oP9iU8uY7tT6rR5eE4wW3qQ2aZ1sX2dC3fV4gB5hN6jM7kL8pO9iU0yT1rE2wQ3aS4dF5gG6hH7jJ8kK9lL0zZ1xX2cC3vV4bB5nN6mM7qQ8wW9eE0rR1tT2yY3uU4iI5oO6pP7aA8sS9dD0fF1gG2hH3jJ4kK5lL6zZ7xX8cC9vV0bB1nN2mM3qW4eR5tT6yU7iI8oO9pP0aS1dF2gG3hH4jJ5kK6lL7zZ8xX9cC0vB1nN2mQ3wE4rR5tT6yY7uU8iI9oO0pP1aS2dF3gG4hH5jJ6kK7lL8zX9cV0bN1nM2qW3eR4tT5yU6iI7oO8pP9aS0dF1gG2hH3jJ4kK5lL6zZ7xX8cC9vV0bB1nN2mM3qW4eR5tT6yU7iI8oO9pP0aS1dF2gG3hH4jJ5kK6lL7zZ8xX9cC0vB1nN2mQ3wE4rR5tT6yY7uU8iI9oO0pP1aS2dF3gG4hH5jJ6kK7lL8zX9cV0bN1nM2qW3eR4tT5yU6iI7oO8pP9aS0dF1gG2hH3jJ4kK5lL6zZ7xX8cC9vV0bB1nN2mM3qW4eR5tT6yU7iI8oO9pP0aS1dF2gG3hH4jJ5kK6lL7zZ8xX9cC0vB1nN2mQ3wE4rR5tT6yY7uU8iI9oO0pP1aS2dF3gG4hH5jJ6kK7lL8zX9cV0bN1nM2qW3eR4tT5yU6iI7oO8pP9aS0dF1gG2hH3jJ4kK5lL6zZ7xX8cC9vV0bB1nN2mM3qW4eR5tT6yU7iI8oO9pP0aS1dF2gG3hH4jJ5kK6lL7zZ8xX9cC0vB1nN2mQ3wE4rR5tT6yY7uU8iI9oO0pP1aS2dF3gG4hH5jJ6kK7lL8zX9cV0bN1nM2qW3eR4tT5yU6iI7oO8pP9aS0dF1gG2hH3jJ4kK5lL6zZ7xX8cC9vV0bB1nN2mM3qW4eR5tT6yU7iI8oO9pP0aS1dF2gG3hH4jJ5kK6lL7zZ8xX9cC0vB1nN2mQ3wE4rR5tT6yY7uU8iI9oO0pP1aS2dF3gG4hH5jJ6kK7l4hH5jJ6kK7lL8zX9cV0bN1nM2qW3eR4tT5yU6iI7oO8pP9aS0dF1gG2hH3jJ4kK5lL6zZ7xX8cC9vV0bB1nN2mM3qW4eR5tT6yU7iI8oO9pP0aS1dF2gG3hH4jJ5kK6lL7zZ8xX9cC0vB1nN2mQ3wE4rR5tT6yY7uU8iI9oO0pP1aS2dF3gG4hH5jJ6kK7lL8zX9cV0bN1nM2qW3eR4tT5yU6iI7oO8pP9aS0dF1gG2hH3jJ4kK5lL6zZ7xX8cC9vV0bB1nN2mM3qW4eR5tT6yU7iI8oO9pP0aS1dF2gG3hH4jJ5kK6lL7zZ8xX9cC0vB1nN2mQ3wE4rR5tT6yY7uU8iI9oO0pP1aS2dF3gG4hH5jJ6kK7l4hH5jJ6kK7lL8zX9cV0bN1nM2qW3eR4tT5yU6iI7oO8pP9aS0dF1gG2hH3jJ4kK5lL6zZ7xX8cC9vV0bB1nN2mM3qW4eR5tT6yU7iI8oO9pP0aS1dF2gG3hH4jJ5kK6lL7zZ8xX9cC0vB1nN2mQ3wE4rR5tT6yY7uU8iI9oO0pP1aS2dF3gG4hH5jJ6kK7lL8zX9cV0bN1nM2qW3eR4tT5yU6iI7oO8pP9aS0dF1gG2hH3jJ4kK5lL6zZ7xX8cC9vV0bB1nN2mM3qW4eR5tT6yU7iI8oO9pP0aS1dF2gG3hH4jJ5kK6lL7zZ8xX9cC0vB1nN2mQ3wE4rR5tT6yY7uU8iI9oO0pP1aS2dF3gG4hH5jJ6kK7l4hH5jJ6kK7lL8zX9cV0bN1nM2qW3eR4tT5yU6iI7oO8pP9aS0dF1gG2hH3jJ4kK5lL6zZ7xX8cC9vV0bB1nN2mM3qW4eR5tT6yU7iI8oO9pP0aS1dF2gG3hH4jJ5kK6lL7zZ8xX9cC0vB1nN2mQ3wE4rR5tT6yY7uU8iI9oO0pP1aS2dF3gG4hH5jJ6kK7lL8zX9cV0bN1nM2qW3eR4tT5yU6iI7oO8pP9aS0dF1gG2hH3jJ4kK5lL6zZ7xX8cC9vV0bB1nN2mM3qW4eR5tT6yU7iI8oO9pP0aS1dF2gG3hH4jJ5kK6lL7zZ8xX9cC0vB1nN2mQ3wE4rR5tT6yY7uU8iI9oO0pP1aS2dF3gG4hH5jJ6kK7l4hH5jJ6kK7lL8zX9cV0bN1nM2qW3eR4tT5yU6iI7oO8pP9aS0dF1gG2hH3jJ4kK5lL6zZ7xX8cC9vV0bB1nN2mM3qW4eR5tT6yU7iI8oO9pP0aS1dF2gG3hH4jJ5kK6lL7zZ8xX9cC0vB1nN2mQ3wE4rR5tT6yY7uU8iI9oO0pP1aS2dF3gG4hH5jJ6kK7lL8zX9cV0bN1nM2qW3eR4tT5yU6iI7oO8pP9aS0dF1gG2hH3jJ4kK5lL6zZ7xX8cC9vV0bB1nN2mM3qW4eR5tT6yU7iI8oO9pP0aS1dF2gG3hH4jJ5kK6lL7zZ8xX9cC0vB1nN2mQ3wE4rR5tT6yY7uU8iI9oO0pP1aS2dF3gG4hH5jJ6kK7l4hH5jJ6kK7lL8zX9cV0bN1nM2qW3eR4tT5yU6iI7oO8pP9aS0dF1gG2hH3jJ4kK5lL6zZ7xX8cC9vV0bB1nN2mM3qW4eR5tT6yU7iI8oO9pP0aS1dF2gG3hH4jJ5kK6lL7zZ8xX9cC0vB1nN2mQ3wE4rR5tT6yY7uU8iI9oO0pP1aS2dF3gG4hH5jJ6kK7lL8zX9cV0bN1nM2qW3eR4tT5yU6iI7oO8pP9aS0dF1gG2hH3jJ4kK5lL6zZ7xX8cC9vV0bB1nN2mM3qW4eR5tT6yU7iI8oO9pP0aS1dF2gG3hH4jJ5kK6lL7zZ8xX9cC0vB1nN2mQ3wE4rR5tT6yY7uU8iI9oO0pP1aS2dF3gG4hH5jJ6kK7l4hH5jJ6kK7lL8zX9cV0bN1nM2qW3eR4tT5yU6iI7oO8pP9aS0dF1gG2hH3jJ4kK5lL6zZ7xX8cC9vV0bB1nN2mM3qW4eR5tT6yU7iI8oO9pP0aS1dF2gG3hH4jJ5kK6lL7zZ8xX9cC0vB1nN2mQ3wE4rR5tT6yY7uU8iI9oO0pP1aS2dF3gG4hH5jJ6kK7lL8zX9cV0bN1nM2qW3eR4tT5yU6iI7oO8pP9aS0dF1gG2hH3jJ4kK5lL6zZ7xX8cC9vV0bB1nN2mM3qW4eR5tT6yU7iI8oO9pP0aS1dF2gG3hH4jJ5kK6lL7zZ8xX9cC0vB1nN2mQ3wE4rR5tT6yY7uU8iI9oO0pP1aS2dF3gG4hH5jJ6kK7l4hH5jJ6kK7lL8zX9cV0bN1nM2qW3eR4tT5yU6iI7oO8pP9aS0dF1gG2hH3jJ4kK5lL6zZ7xX8cC9vV0bB1nN2mM3qW4eR5tT6yU7iI8oO9pP0aS1dF2gG3hH4jJ5kK6lL7zZ8xX9cC0vB1nN2mQ3wE4rR5tT6yY7uU8iI9oO0pP1aS2dF3gG4hH5jJ6kK7lL8zX9cV0bN1nM2qW3eR4tT5yU6iI7oO8pP9aS0dF1gG2hH3jJ4kK5lL6zZ7xX8cC9vV0bB1nN2mM3qW4eR5tT6yU7iI8oO9pP0aS1dF2gG3hH4jJ5kK6lL7zZ8xX9cC0vB1nN2mQ3wE4rR5tT6yY7uU8iI9oO0pP1aS2dF3gG4hH5jJ6kK7l4hH5jJ6kK7lL8zX9cV0bN1nM2qW3eR4tT5yU6iI7oO8pP9aS0dF1gG2hH3jJ4kK5lL6z7nB9vR2mX8kLp4QjW3tY5zH1aG6sF9dD0fS8gA7hJ6kL5mN4bV3vC2xZ1oP9iU8uY7tT6rR5eE4wW3qQ2aZ1sX2dC3fV4gB5hN6jM7kL8pO9iU0yT1rE2wQ3aS4dF5gG6hH7jJ8kK9lL0zZ1xX2cC3vV4bB5nN6mM7qQ8wW9eE0rR1tT2yY3uU4iI5oO6pP7aA8sS9dD0fF1gG2hH3jJ4kK5lL6zZ7xX8cC9vV0bB1nN2mM3qW4eR5tT6yU7iI8oO9pP0aS1dF2gG3hH4jJ5kK6lL7zZ8xX9cC0vB1nN2mQ3wE4rR5tT6yY7uU8iI9oO0pP1aS2dF3gG4hH5jJ6kK7lL8zX9cV0bN1nM2qW3eR4tT5yU6iI7oO8pP9aS0dF1gG2hH3jJ4kK5lL6zZ7xX8cC9vV0bB1nN2mM3qW4eR5tT6yU7iI8oO9pP0aS1dF2gG3hH4jJ5kK6lL7zZ8xX9cC0vB1nN2mQ3wE4rR5tT6yY7uU8iI9oO0pP1aS2dF3gG4hH5jJ6kK7lL8zX9cV0bN1nM2qW3eR4tT5yU6iI7oO8pP9aS0dF1gG2hH3jJ4kK5lL6zZ7xX8cC9vV0bB1nN2mM3qW4eR5tT6yU7iI8oO9pP0aS1dF2gG3hH4jJ5kK6lL7zZ8xX9cC0vB1nN2mQ3wE4rR5tT6yY7uU8iI9oO0pP1aS2dF3gG4hH5jJ6kK7lL8zX9cV0bN1nM2qW3eR4tT5yU6iI7oO8pP9aS0dF1gG2hH3jJ4kK5lL6zZ7xX8cC9vV0bB1nN2mM3qW4eR5tT6yU7iI8oO9pP0aS1dF2gG3hH4jJ5kK6lL7zZ8xX9cC0vB1nN2mQ3wE4rR5tT6yY7uU8iI9oO0pP1aS2dF3gG4hH5jJ6kK7lL8zX9cV0bN1nM2qW3eR4tT5yU6iI7oO8pP9aS0dF1gG2hH3jJ4kK5lL6zZ7xX8cC9vV0bB1nN2mM3qW4eR5tT6yU7iI8oO9pP0aS1dF2gG3hH4jJ5kK6lL7zZ8xX9cC0vB1nN2mQ3wE4rR5tT6yY7uU8iI9oO0pP1aS2dF3gG4hH5jJ6kK7l4hH5jJ6kK7lL8zX9cV0bN1nM2qW3eR4tT5yU6iI7oO8pP9aS0dF1gG2hH3jJ4kK5lL6zZ7xX8cC9vV0bB1nN2mM3qW4eR5tT6yU7iI8oO9pP0aS1dF2gG3hH4jJ5kK6lL7zZ8xX9cC0vB1nN2mQ3wE4rR5tT6yY7uU8iI9oO0pP1aS2dF3gG4hH5jJ6kK7lL8zX9cV0bN1nM2qW3eR4tT5yU6iI7oO8pP9aS0dF1gG2hH3jJ4kK5lL6zZ7xX8cC9vV0bB1nN2mM3qW4eR5tT6yU7iI8oO9pP0aS1dF2gG3hH4jJ5kK6lL7zZ8xX9cC0vB1nN2mQ3wE4rR5tT6yY7uU8iI9oO0pP1aS2dF3gG4hH5jJ6kK7l4hH5jJ6kK7lL8zX9cV0bN1nM2qW3eR4tT5yU6iI7oO8pP9aS0dF1gG2hH3jJ4kK5lL6zZ7xX8cC9vV0bB1nN2mM3qW4eR5tT6yU7iI8oO9pP0aS1dF2gG3hH4jJ5kK6lL7zZ8xX9cC0vB1nN2mQ3wE4rR5tT6yY7uU8iI9oO0pP1aS2dF3gG4hH5jJ6kK7lL8zX9cV0bN1nM2qW3eR4tT5yU6iI7oO8pP9aS0dF1gG2hH3jJ4kK5lL6zZ7xX8cC9vV0bB1nN2mM3qW4eR5tT6yU7iI8oO9pP0aS1dF2gG3hH4jJ5kK6lL7zZ8xX9cC0vB1nN2mQ3wE4rR5tT6yY7uU8iI9oO0pP1aS2dF3gG4hH5jJ6kK7l4hH5jJ6kK7lL8zX9cV0bN1nM2qW3eR4tT5yU6iI7oO8pP9aS0dF1gG2hH3jJ4kK5lL6zZ7xX8cC9vV0bB1nN2mM3qW4eR5tT6yU7iI8oO9pP0aS1dF2gG3hH4jJ5kK6lL7zZ8xX9cC0vB1nN2mQ3wE4rR5tT6yY7uU8iI9oO0pP1aS2dF3gG4hH5jJ6kK7lL8zX9cV0bN1nM2qW3eR4tT5yU6iI7oO8pP9aS0dF1gG2hH3jJ4kK5lL6zZ7xX8cC9vV0bB1nN2mM3qW4eR5tT6yU7iI8oO9pP0aS1dF2gG3hH4jJ5kK6lL7zZ8xX9cC0vB1nN2mQ3wE4rR5tT6yY7uU8iI9oO0pP1aS2dF3gG4hH5jJ6kK7l4hH5jJ6kK7lL8zX9cV0bN1nM2qW3eR4tT5yU6iI7oO8pP9aS0dF1gG2hH3jJ4kK5lL6zZ7xX8cC9vV0bB1nN2mM3qW4eR5tT6yU7iI8oO9pP0aS1dF2gG3hH4jJ5kK6lL7zZ8xX9cC0vB1nN2mQ3wE4rR5tT6yY7uU8iI9oO0pP1aS2dF3gG4hH5jJ6kK7lL8zX9cV0bN1nM2qW3eR4tT5yU6iI7oO8pP9aS0dF1gG2hH3jJ4kK5lL6zZ7xX8cC9vV0bB1nN2mM3qW4eR5tT6yU7iI8oO9pP0aS1dF2gG3hH4jJ5kK6lL7zZ8xX9cC0vB1nN2mQ3wE4rR5tT6yY7uU8iI9oO0pP1aS2dF3gG4hH5jJ6kK7l4hH5jJ6kK7lL8zX9cV0bN1nM2qW3eR4tT5yU6iI7oO8pP9aS0dF1gG2hH3jJ4kK5lL6zZ7xX8cC9vV0bB1nN2mM3qW4eR5tT6yU7iI8oO9pP0aS1dF2gG3hH4jJ5kK6lL7zZ8xX9cC0vB1nN2mQ3wE4rR5tT6yY7uU8iI9oO0pP1aS2dF3gG4hH5jJ6kK7lL8zX9cV0bN1nM2qW3eR4tT5yU6iI7oO8pP9aS0dF1gG2hH3jJ4kK5lL6zZ7xX8cC9vV0bB1nN2mM3qW4eR5tT6yU7iI8oO9pP0aS1dF2gG3hH4jJ5kK6lL7zZ8xX9cC0vB1nN2mQ3wE4rR5tT6yY7uU8iI9oO0pP1aS2dF3gG4hH5jJ6kK7l4hH5jJ6kK7lL8zX9cV0bN1nM2qW3eR4tT5yU6iI7oO8pP9aS0dF1gG2hH3jJ4kK5lL6zZ7xX8cC9vV0bB1nN2mM3qW4eR5tT6yU7iI8oO9pP0aS1dF2gG3hH4jJ5kK6lL7zZ8xX9cC0vB1nN2mQ3wE4rR5tT6yY7uU8iI9oO0pP1aS2dF3gG4hH5jJ6kK7lL8zX9cV0bN1nM2qW3eR4tT5yU6iI7oO8pP9aS0dF1gG2hH3jJ4kK5lL6zZ7xX8cC9vV0bB1nN2mM3qW4eR5tT6yU7iI8oO9pP0aS1dF2gG3hH4jJ5kK6lL7zZ8xX9cC0vB1nN2mQ3wE4rR5tT6yY7uU8iI9oO0pP1aS2dF3gG4hH5jJ6kK7l4hH5jJ6kK7lL8zX9cV0bN1nM2qW3eR4tT5yU6iI7oO8pP9aS0dF1gG2hH3jJ4kK5lL6zZ7xX8cC9vV0bB1nN2mM3qW4eR5tT6yU7iI8oO9pP0aS1dF2gG3hH4jJ5kK6lL7zZ8xX9cC0vB1nN2mQ3wE4rR5tT6yY7uU8iI9oO0pP1aS2dF3gG4hH5jJ6kK7lL8zX9cV0bN1nM2qW3eR4tT5yU6iI7oO8pP9aS0dF1gG2hH3jJ4kK5lL6zZ7xX8cC9vV0bB1nN2mM3qW4eR5tT6yU7iI8oO9pP0aS1dF2gG3hH4jJ5kK6lL7zZ8xX9cC0vB1nN2mQ3wE4rR5tT6yY7uU8iI9oO0pP1aS2dF3gG4hH5jJ6kK7l4hH5jJ6kK7lL8zX9cV0bN1nM2qW3eR4tT5yU6iI7oO8pP9aS0dF1gG2hH3jJ4kK5lL6z7nB9vR2mX8kLp4QjW3tY5zH1aG6sF9dD0fS8gA7hJ6kL5mN4bV3vC2xZ1oP9iU8uY7tT6rR5eE4wW3qQ2aZ1sX2dC3fV4gB5hN6jM7kL8pO9iU0yT1rE2wQ3aS4dF5gG6hH7jJ8kK9lL0zZ1xX2cC3vV4bB5nN6mM7qQ8wW9eE0rR1tT2yY3uU4iI5oO6pP7aA8sS9dD0fF1gG2hH3jJ4kK5lL6zZ7xX8cC9vV0bB1nN2mM3qW4eR5tT6yU7iI8oO9pP0aS1dF2gG3hH4jJ5kK6lL7zZ8xX9cC0vB1nN2mQ3wE4rR5tT6yY7uU8iI9oO0pP1aS2dF3gG4hH5jJ6kK7lL8zX9cV0bN1nM2qW3eR4tT5yU6iI7oO8pP9aS0dF1gG2hH3jJ4kK5lL6zZ7xX8cC9vV0bB1nN2mM3qW4eR5tT6yU7iI8oO9pP0aS1dF2gG3hH4jJ5kK6lL7zZ8xX9cC0vB1nN2mQ3wE4rR5tT6yY7uU8iI9oO0pP1aS2dF3gG4hH5jJ6kK7lL8zX9cV0bN1nM2qW3eR4tT5yU6iI7oO8pP9aS0dF1gG2hH3jJ4kK5lL6zZ7xX8cC9vV0bB1nN2mM3qW4eR5tT6yU7iI8oO9pP0aS1dF2gG3hH4jJ5kK6lL7zZ8xX9cC0vB1nN2mQ3wE4rR5tT6yY7uU8iI9oO0pP1aS2dF3gG4hH5jJ6kK7lL8zX9cV0bN1nM2qW3eR4tT5yU6iI7oO8pP9aS0dF1gG2hH3jJ4kK5lL6zZ7xX8cC9vV0bB1nN2mM3qW4eR5tT6yU7iI8oO9pP0aS1dF2gG3hH4jJ5kK6lL7zZ8xX9cC0vB1nN2mQ3wE4rR5tT6yY7uU8iI9oO0pP1aS2dF3gG4hH5jJ6kK7lL8zX9cV0bN1nM2qW3eR4tT5yU6iI7oO8pP9aS0dF1gG2hH3jJ4kK5lL6zZ7xX8cC9vV0bB1nN2mM3qW4eR5tT6yU7iI8oO9pP0aS1dF2gG3hH4jJ5kK6lL7zZ8xX9cC0vB1nN2mQ3wE4rR5tT6yY7uU8iI9oO0pP1aS2dF3gG4hH5jJ6kK7l4hH5jJ6kK7lL8zX9cV0bN1nM2qW3eR4tT5yU6iI7oO8pP9aS0dF1gG2hH3jJ4kK5lL6zZ7xX8cC9vV0bB1nN2mM3qW4eR5tT6yU7iI8oO9pP0aS1dF2gG3hH4jJ5kK6lL7zZ8xX9cC0vB1nN2mQ3wE4rR5tT6yY7uU8iI9oO0pP1aS2dF3gG4hH5jJ6kK7lL8zX9cV0bN1nM2qW3eR4tT5yU6iI7oO8pP9aS0dF1gG2hH3jJ4kK5lL6zZ7xX8cC9vV0bB1nN2mM3qW4eR5tT6yU7iI8oO9pP0aS1dF2gG3hH4jJ5kK6lL7zZ8xX9cC0vB1nN2mQ3wE4rR5tT6yY7uU8iI9oO0pP1aS2dF3gG4hH5jJ6kK7l4hH5jJ6kK7lL8zX9cV0bN1nM2qW3eR4tT5yU6iI7oO8pP9aS0dF1gG2hH3jJ4kK5lL6zZ7xX8cC9vV0bB1nN2mM3qW4eR5tT6yU7iI8oO9pP0aS1dF2gG3hH4jJ5kK6lL7zZ8xX9cC0vB1nN2mQ3wE4rR5tT6yY7uU8iI9oO0pP1aS2dF3gG4hH5jJ6kK7lL8zX9cV0bN1nM2qW3eR4tT5yU6iI7oO8pP9aS0dF1gG2hH3jJ4kK5lL6zZ7xX8cC9vV0bB1nN2mM3qW4eR5tT6yU7iI8oO9pP0aS1dF2gG3hH4jJ5kK6lL7zZ8xX9cC0vB1nN2mQ3wE4rR5tT6yY7uU8iI9oO0pP1aS2dF3gG4hH5jJ6kK7l4hH5jJ6kK7lL8zX9cV0bN1nM2qW3eR4tT5yU6iI7oO8pP9aS0dF1gG2hH3jJ4kK5lL6zZ7xX8cC9vV0bB1nN2mM3qW4eR5tT6yU7iI8oO9pP0aS1dF2gG3hH4jJ5kK6lL7zZ8xX9cC0vB1nN2mQ3wE4rR5tT6yY7uU8iI9oO0pP1aS2dF3gG4hH5jJ6kK7lL8zX9cV0bN1nM2qW3eR4tT5yU6iI7oO8pP9aS0dF1gG2hH3jJ4kK5lL6zZ7xX8cC9vV0bB1nN2mM3qW4eR5tT6yU7iI8oO9pP0aS1dF2gG3hH4jJ5kK6lL7zZ8xX9cC0vB1nN2mQ3wE4rR5tT6yY7uU8iI9oO0pP1aS2dF3gG4hH5jJ6kK7l4hH5jJ6kK7lL8zX9cV0bN1nM2qW3eR4tT5yU6iI7oO8pP9aS0dF1gG2hH3jJ4kK5lL6zZ7xX8cC9vV0bB1nN2mM3qW4eR5tT6yU7iI8oO9pP0aS1dF2gG3hH4jJ5kK6lL7zZ8xX9cC0vB1nN2mQ3wE4rR5tT6yY7uU8iI9oO0pP1aS2dF3gG4hH5jJ6kK7lL8zX9cV0bN1nM2qW3eR4tT5yU6iI7oO8pP9aS0dF1gG2hH3jJ4kK5lL6zZ7xX8cC9vV0bB1nN2mM3qW4eR5tT6yU7iI8oO9pP0aS1dF2gG3hH4jJ5kK6lL7zZ8xX9cC0vB1nN2mQ3wE4rR5tT6yY7uU8iI9oO0pP1aS2dF3gG4hH5jJ6kK7l4hH5jJ6kK7lL8zX9cV0bN1nM2qW3eR4tT5yU6iI7oO8pP9aS0dF1gG2hH3jJ4kK5lL6zZ7xX8cC9vV0bB1nN2mM3qW4eR5tT6yU7iI8oO9pP0aS1dF2gG3hH4jJ5kK6lL7zZ8xX9cC0vB1nN2mQ3wE4rR5tT6yY7uU8iI9oO0pP1aS2dF3gG4hH5jJ6kK7lL8zX9cV0bN1nM2qW3eR4tT5yU6iI7oO8pP9aS0dF1gG2hH3jJ4kK5lL6zZ7xX8cC9vV0bB1nN2mM3qW4eR5tT6yU7iI8oO9pP0aS1dF2gG3hH4jJ5kK6lL7zZ8xX9cC0vB1nN2mQ3wE4rR5tT6yY7uU8iI9oO0pP1aS2dF3gG4hH5jJ6kK7l4hH5jJ6kK7lL8zX9cV0bN1nM2qW3eR4tT5yU6iI7oO8pP9aS0dF1gG2hH3jJ4kK5lL6zZ7xX8cC9vV0bB1nN2mM3qW4eR5tT6yU7iI8oO9pP0aS1dF2gG3hH4jJ5kK6lL7zZ8xX9cC0vB1nN2mQ3wE4rR5tT6yY7uU8iI9oO0pP1aS2dF3gG4hH5jJ6kK7lL8zX9cV0bN1nM2qW3eR4tT5yU6iI7oO8pP9aS0dF1gG2hH3jJ4kK5lL6zZ7xX8cC9vV0bB1nN2mM3qW4eR5tT6yU7iI8oO9pP0aS1dF2gG3hH4jJ5kK6lL7zZ8xX9cC0vB1nN2mQ3wE4rR5tT6yY7uU8iI9oO0pP1aS2dF3gG4hH5jJ6kK7l4hH5jJ6kK7lL8zX9cV0bN1nM2qW3eR4tT5yU6iI7oO8pP9aS0dF1gG2hH3jJ4kK5lL6zZ7xX8cC9vV0bB1nN2mM3qW4eR5tT6yU7iI8oO9pP0aS1dF2gG3hH4jJ5kK6lL7zZ8xX9cC0vB1nN2mQ3wE4rR5tT6yY7uU8iI9oO0pP1aS2dF3gG4hH5jJ6kK7lL8zX9cV0bN1nM2qW3eR4tT5yU6iI7oO8pP9aS0dF1gG2hH3jJ4kK5lL6zZ7xX8cC9vV0bB1nN2mM3qW4eR5tT6yU7iI8oO9pP0aS1dF2gG3hH4jJ5kK6lL7zZ8xX9cC0vB1nN2mQ3wE4rR5tT6yY7uU8iI9oO0pP1aS2dF3gG4hH5jJ6kK7l4hH5jJ6kK7lL8zX9cV0bN1nM2qW3eR4tT5yU6iI7oO8pP9aS0dF1gG2hH3jJ4kK5lL6z7nB9vR2mX8kLp4QjW3tY5zH1aG6sF9dD0fS8gA7hJ6kL5mN4bV3vC2xZ1oP9iU8uY7tT6rR5eE4wW3qQ2aZ1sX2dC3fV4gB5hN6jM7kL8pO9iU0yT1rE2wQ3aS4dF5gG6hH7jJ8kK9lL0zZ1xX2cC3vV4bB5nN6mM7qQ8wW9eE0rR1tT2yY3uU4iI5oO6pP7aA8sS9dD0fF1gG2hH3jJ4kK5lL6zZ7xX8cC9vV0bB1nN2mM3qW4eR5tT6yU7iI8oO9pP0aS1dF2gG3hH4jJ5kK6lL7zZ8xX9cC0vB1nN2mQ3wE4rR5tT6yY7uU8iI9oO0pP1aS2dF3gG4hH5jJ6kK7lL8zX9cV0bN1nM2qW3eR4tT5yU6iI7oO8pP9aS0dF1gG2hH3jJ4kK5lL6zZ7xX8cC9vV0bB1nN2mM3qW4eR5tT6yU7iI8oO9pP0aS1dF2gG3hH4jJ5kK6lL7zZ8xX9cC0vB1nN2mQ3wE4rR5tT6yY7uU8iI9oO0pP1aS2dF3gG4hH5jJ6kK7lL8zX9cV0bN1nM2qW3eR4tT5yU6iI7oO8pP9aS0dF1gG2hH3jJ4kK5lL6zZ7xX8cC9vV0bB1nN2mM3qW4eR5tT6yU7iI8oO9pP0aS1dF2gG3hH4jJ5kK6lL7zZ8xX9cC0vB1nN2mQ3wE4rR5tT6yY7uU8iI9oO0pP1aS2dF3gG4hH5jJ6kK7lL8zX9cV0bN1nM2qW3eR4tT5yU6iI7oO8pP9aS0dF1gG2hH3jJ4kK5lL6zZ7xX8cC9vV0bB1nN2mM3qW4eR5tT6yU7iI8oO9pP0aS1dF2gG3hH4jJ5kK6lL7zZ8xX9cC0vB1nN2mQ3wE4rR5tT6yY7uU8iI9oO0pP1aS2dF3gG4hH5jJ6kK7lL8zX9cV0bN1nM2qW3eR4tT5yU6iI7oO8pP9aS0dF1gG2hH3jJ4kK5lL6zZ7xX8cC9vV0bB1nN2mM3qW4eR5tT6yU7iI8oO9pP0aS1dF2gG3hH4jJ5kK6lL7zZ8xX9cC0vB1nN2mQ3wE4rR5tT6yY7uU8iI9oO0pP1aS2dF3gG4hH5jJ6kK7l4hH5jJ6kK7lL8zX9cV0bN1nM2qW3eR4tT5yU6iI7oO8pP9aS0dF1gG2hH3jJ4kK5lL6zZ7xX8cC9vV0bB1nN2mM3qW4eR5tT6yU7iI8oO9pP0aS1dF2gG3hH4jJ5kK6lL7zZ8xX9cC0vB1nN2mQ3wE4rR5tT6yY7uU8iI9oO0pP1aS2dF3gG4hH5jJ6kK7lL8zX9cV0bN1nM2qW3eR4tT5yU6iI7oO8pP9aS0dF1gG2hH3jJ4kK5lL6zZ7xX8cC9vV0bB1nN2mM3qW4eR5tT6yU7iI8oO9pP0aS1dF2gG3hH4jJ5kK6lL7zZ8xX9cC0vB1nN2mQ3wE4rR5tT6yY7uU8iI9oO0pP1aS2dF3gG4hH5jJ6kK7l4hH5jJ6kK7lL8zX9cV0bN1nM2qW3eR4tT5yU6iI7oO8pP9aS0dF1gG2hH3jJ4kK5lL6zZ7xX8cC9vV0bB1nN2mM3qW4eR5tT6yU7iI8oO9pP0aS1dF2gG3hH4jJ5kK6lL7zZ8xX9cC0vB1nN2mQ3wE4rR5tT6yY7uU8iI9oO0pP1aS2dF3gG4hH5jJ6kK7lL8zX9cV0bN1nM2qW3eR4tT5yU6iI7oO8pP9aS0dF1gG2hH3jJ4kK5lL6zZ7xX8cC9vV0bB1nN2mM3qW4eR5tT6yU7iI8oO9pP0aS1dF2gG3hH4jJ5kK6lL7zZ8xX9cC0vB1nN2mQ3wE4rR5tT6yY7uU8iI9oO0pP1aS2dF3gG4hH5jJ6kK7l4hH5jJ6kK7lL8zX9cV0bN1nM2qW3eR4tT5yU6iI7oO8pP9aS0dF1gG2hH3jJ4kK5lL6zZ7xX8cC9vV0bB1nN2mM3qW4eR5tT6yU7iI8oO9pP0aS1dF2gG3hH4jJ5kK6lL7zZ8xX9cC0vB1nN2mQ3wE4rR5tT6yY7uU8iI9oO0pP1aS2dF3gG4hH5jJ6kK7lL8zX9cV0bN1nM2qW3eR4tT5yU6iI7oO8pP9aS0dF1gG2hH3jJ4kK5lL6zZ7xX8cC9vV0bB1nN2mM3qW4eR5tT6yU7iI8oO9pP0aS1dF2gG3hH4jJ5kK6lL7zZ8xX9cC0vB1nN2mQ3wE4rR5tT6yY7uU8iI9oO0pP1aS2dF3gG4hH5jJ6kK7l4hH5jJ6kK7lL8zX9cV0bN1nM2qW3eR4tT5yU6iI7oO8pP9aS0dF1gG2hH3jJ4kK5lL6zZ7xX8cC9vV0bB1nN2mM3qW4eR5tT6yU7iI8oO9pP0aS1dF2gG3hH4jJ5kK6lL7zZ8xX9cC0vB1nN2mQ3wE4rR5tT6yY7uU8iI9oO0pP1aS2dF3gG4hH5jJ6kK7lL8zX9cV0bN1nM2qW3eR4tT5yU6iI7oO8pP9aS0dF1gG2hH3jJ4kK5lL6zZ7xX8cC9vV0bB1nN2mM3qW4eR5tT6yU7iI8oO9pP0aS1dF2gG3hH4jJ5kK6lL7zZ8xX9cC0vB1nN2mQ3wE4rR5tT6yY7uU8iI9oO0pP1aS2dF3gG4hH5jJ6kK7l4hH5jJ6kK7lL8zX9cV0bN1nM2qW3eR4tT5yU6iI7oO8pP9aS0dF1gG2hH3jJ4kK5lL6zZ7xX8cC9vV0bB1nN2mM3qW4eR5tT6yU7iI8oO9pP0aS1dF2gG3hH4jJ5kK6lL7zZ8xX9cC0vB1nN2mQ3wE4rR5tT6yY7uU8iI9oO0pP1aS2dF3gG4hH5jJ6kK7lL8zX9cV0bN1nM2qW3eR4tT5yU6iI7oO8pP9aS0dF1gG2hH3jJ4kK5lL6zZ7xX8cC9vV0bB1nN2mM3qW4eR5tT6yU7iI8oO9pP0aS1dF2gG3hH4jJ5kK6lL7zZ8xX9cC0vB1nN2mQ3wE4rR5tT6yY7uU8iI9oO0pP1aS2dF3gG4hH5jJ6kK7l4hH5jJ6kK7lL8zX9cV0bN1nM2qW3eR4tT5yU6iI7oO8pP9aS0dF1gG2hH3jJ4kK5lL6zZ7xX8cC9vV0bB1nN2mM3qW4eR5tT6yU7iI8oO9pP0aS1dF2gG3hH4jJ5kK6lL7zZ8xX9cC0vB1nN2mQ3wE4rR5tT6yY7uU8iI9oO0pP1aS2dF3gG4hH5jJ6kK7lL8zX9cV0bN1nM2qW3eR4tT5yU6iI7oO8pP9aS0dF1gG2hH3jJ4kK5lL6zZ7xX8cC9vV0bB1nN2mM3qW4eR5tT6yU7iI8oO9pP0aS1dF2gG3hH4jJ5kK6lL7zZ8xX9cC0vB1nN2mQ3wE4rR5tT6yY7uU8iI9oO0pP1aS2dF3gG4hH5jJ6kK7l4hH5jJ6kK7lL8zX9cV0bN1nM2qW3eR4tT5yU6iI7oO8pP9aS0dF1gG2hH3jJ4kK5lL6zZ7xX8cC9vV0bB1nN2mM3qW4eR5tT6yU7iI8oO9pP0aS1dF2gG3hH4jJ5kK6lL7zZ8xX9cC0vB1nN2mQ3wE4rR5tT6yY7uU8iI9oO0pP1aS2dF3gG4hH5jJ6kK7lL8zX9cV0bN1nM2qW3eR4tT5yU6iI7oO8pP9aS0dF1gG2hH3jJ4kK5lL6zZ7xX8cC9vV0bB1nN2mM3qW4eR5tT6yU7iI8oO9pP0aS1dF2gG3hH4jJ5kK6lL7zZ8xX9cC0vB1nN2mQ3wE4rR5tT6yY7uU8iI9oO0pP1aS2dF3gG4hH5jJ6kK7l4hH5jJ6kK7lL8zX9cV0bN1nM2qW3eR4tT5yU6iI7oO8pP9aS0dF1gG2hH3jJ4kK5lL6z7nB9vR2mX8kLp4QjW3tY5zH1aG6sF9dD0fS8gA7hJ6kL5mN4bV3vC2xZ1oP9iU8uY7tT6rR5eE4wW3qQ2aZ1sX2dC3fV4gB5hN6jM7kL8pO9iU0yT1rE2wQ3aS4dF5gG6hH7jJ8kK9lL0zZ1xX2cC3vV4bB5nN6mM7qQ8wW9eE0rR1tT2yY3uU4iI5oO6pP7aA8sS9dD0fF1gG2hH3jJ4kK5lL6zZ7xX8cC9vV0bB1nN2mM3qW4eR5tT6yU7iI8oO9pP0aS1dF2gG3hH4jJ5kK6lL7zZ8xX9cC0vB1nN2mQ3wE4rR5tT6yY7uU8iI9oO0pP1aS2dF3gG4hH5jJ6kK7lL8zX9cV0bN1nM2qW3eR4tT5yU6iI7oO8pP9aS0dF1gG2hH3jJ4kK5lL6zZ7xX8cC9vV0bB1nN2mM3qW4eR5tT6yU7iI8oO9pP0aS1dF2gG3hH4jJ5kK6lL7zZ8xX9cC0vB1nN2mQ3wE4rR5tT6yY7uU8iI9oO0pP1aS2dF3gG4hH5jJ6kK7lL8zX9cV0bN1nM2qW3eR4tT5yU6iI7oO8pP9aS0dF1gG2hH3jJ4kK5lL6zZ7xX8cC9vV0bB1nN2mM3qW4eR5tT6yU7iI8oO9pP0aS1dF2gG3hH4jJ5kK6lL7zZ8xX9cC0vB1nN2mQ3wE4rR5tT6yY7uU8iI9oO0pP1aS2dF3gG4hH5jJ6kK7lL8zX9cV0bN1nM2qW3eR4tT5yU6iI7oO8pP9aS0dF1gG2hH3jJ4kK5lL6zZ7xX8cC9vV0bB1nN2mM3qW4eR5tT6yU7iI8oO9pP0aS1dF2gG3hH4jJ5kK6lL7zZ8xX9cC0vB1nN2mQ3wE4rR5tT6yY7uU8iI9oO0pP1aS2dF3gG4hH5jJ6kK7lL8zX9cV0bN1nM2qW3eR4tT5yU6iI7oO8pP9aS0dF1gG2hH3jJ4kK5lL6zZ7xX8cC9vV0bB1nN2mM3qW4eR5tT6yU7iI8oO9pP0aS1dF2gG3hH4jJ5kK6lL7zZ8xX9cC0vB1nN2mQ3wE4rR5tT6yY7uU8iI9oO0pP1aS2dF3gG4hH5jJ6kK7l4hH5jJ6kK7lL8zX9cV0bN1nM2qW3eR4tT5yU6iI7oO8pP9aS0dF1gG2hH3jJ4kK5lL6zZ7xX8cC9vV0bB1nN2mM3qW4eR5tT6yU7iI8oO9pP0aS1dF2gG3hH4jJ5kK6lL7zZ8xX9cC0vB1nN2mQ3wE4rR5tT6yY7uU8iI9oO0pP1aS2dF3gG4hH5jJ6kK7lL8zX9cV0bN1nM2qW3eR4tT5yU6iI7oO8pP9aS0dF1gG2hH3jJ4kK5lL6zZ7xX8cC9vV0bB1nN2mM3qW4eR5tT6yU7iI8oO9pP0aS1dF2gG3hH4jJ5kK6lL7zZ8xX9cC0vB1nN2mQ3wE4rR5tT6yY7uU8iI9oO0pP1aS2dF3gG4hH5jJ6kK7l4hH5jJ6kK7lL8zX9cV0bN1nM2qW3eR4tT5yU6iI7oO8pP9aS0dF1gG2hH3jJ4kK5lL6zZ7xX8cC9vV0bB1nN2mM3qW4eR5tT6yU7iI8oO9pP0aS1dF2gG3hH4jJ5kK6lL7zZ8xX9cC0vB1nN2mQ3wE4rR5tT6yY7uU8iI9oO0pP1aS2dF3gG4hH5jJ6kK7lL8zX9cV0bN1nM2qW3eR4tT5yU6iI7oO8pP9aS0dF1gG2hH3jJ4kK5lL6zZ7xX8cC9vV0bB1nN2mM3qW4eR5tT6yU7iI8oO9pP0aS1dF2gG3hH4jJ5kK6lL7zZ8xX9cC0vB1nN2mQ3wE4rR5tT6yY7uU8iI9oO0pP1aS2dF3gG4hH5jJ6kK7l4hH5jJ6kK7lL8zX9cV0bN1nM2qW3eR4tT5yU6iI7oO8pP9aS0dF1gG2hH3jJ4kK5lL6zZ7xX8cC9vV0bB1nN2mM3qW4eR5tT6yU7iI8oO9pP0aS1dF2gG3hH4jJ5kK6lL7zZ8xX9cC0vB1nN2mQ3wE4rR5tT6yY7uU8iI9oO0pP1aS2dF3gG4hH5jJ6kK7lL8zX9cV0bN1nM2qW3eR4tT5yU6iI7oO8pP9aS0dF1gG2hH3jJ4kK5lL6zZ7xX8cC9vV0bB1nN2mM3qW4eR5tT6yU7iI8oO9pP0aS1dF2gG3hH4jJ5kK6lL7zZ8xX9cC0vB1nN2mQ3wE4rR5tT6yY7uU8iI9oO0pP1aS2dF3gG4hH5jJ6kK7l4hH5jJ6kK7lL8zX9cV0bN1nM2qW3eR4tT5yU6iI7oO8pP9aS0dF1gG2hH3jJ4kK5lL6zZ7xX8cC9vV0bB1nN2mM3qW4eR5tT6yU7iI8oO9pP0aS1dF2gG3hH4jJ5kK6lL7zZ8xX9cC0vB1nN2mQ3wE4rR5tT6yY7uU8iI9oO0pP1aS2dF3gG4hH5jJ6kK7lL8zX9cV0bN1nM2qW3eR4tT5yU6iI7oO8pP9aS0dF1gG2hH3jJ4kK5lL6zZ7xX8cC9vV0bB1nN2mM3qW4eR5tT6yU7iI8oO9pP0aS1dF2gG3hH4jJ5kK6lL7zZ8xX9cC0vB1nN2mQ3wE4rR5tT6yY7uU8iI9oO0pP1aS2dF3gG4hH5jJ6kK7l4hH5jJ6kK7lL8zX9cV0bN1nM2qW3eR4tT5yU6iI7oO8pP9aS0dF1gG2hH3jJ4kK5lL6zZ7xX8cC9vV0bB1nN2mM3qW4eR5tT6yU7iI8oO9pP0aS1dF2gG3hH4jJ5kK6lL7zZ8xX9cC0vB1nN2mQ3wE4rR5tT6yY7uU8iI9oO0pP1aS2dF3gG4hH5jJ6kK7lL8zX9cV0bN1nM2qW3eR4tT5yU6iI7oO8pP9aS0dF1gG2hH3jJ4kK5lL6zZ7xX8cC9vV0bB1nN2mM3qW4eR5tT6yU7iI8oO9pP0aS1dF2gG3hH4jJ5kK6lL7zZ8xX9cC0vB1nN2mQ3wE4rR5tT6yY7uU8iI9oO0pP1aS2dF3gG4hH5jJ6kK7l4hH5jJ6kK7lL8zX9cV0bN1nM2qW3eR4tT5yU6iI7oO8pP9aS0dF1gG2hH3jJ4kK5lL6zZ7xX8cC9vV0bB1nN2mM3qW4eR5tT6yU7iI8oO9pP0aS1dF2gG3hH4jJ5kK6lL7zZ8xX9cC0vB1nN2mQ3wE4rR5tT6yY7uU8iI9oO0pP1aS2dF3gG4hH5jJ6kK7lL8zX9cV0bN1nM2qW3eR4tT5yU6iI7oO8pP9aS0dF1gG2hH3jJ4kK5lL6zZ7xX8cC9vV0bB1nN2mM3qW4eR5tT6yU7iI8oO9pP0aS1dF2gG3hH4jJ5kK6lL7zZ8xX9cC0vB1nN2mQ3wE4rR5tT6yY7uU8iI9oO0pP1aS2dF3gG4hH5jJ6kK7l4hH5jJ6kK7lL8zX9cV0bN1nM2qW3eR4tT5yU6iI7oO8pP9aS0dF1gG2hH3jJ4kK5lL6zZ7xX8cC9vV0bB1nN2mM3qW4eR5tT6yU7iI8oO9pP0aS1dF2gG3hH4jJ5kK6lL7zZ8xX9cC0vB1nN2mQ3wE4rR5tT6yY7uU8iI9oO0pP1aS2dF3gG4hH5jJ6kK7lL8zX9cV0bN1nM2qW3eR4tT5yU6iI7oO8pP9aS0dF1gG2hH3jJ4kK5lL6zZ7xX8cC9vV0bB1nN2mM3qW4eR5tT6yU7iI8oO9pP0aS1dF2gG3hH4jJ5kK6lL7zZ8xX9cC0vB1nN2mQ3wE4rR5tT6yY7uU8iI9oO0pP1aS2dF3gG4hH5jJ6kK7l4hH5jJ6kK7lL8zX9cV0bN1nM2qW3eR4tT5yU6iI7oO8pP9aS0dF1gG2hH3jJ4kK5lL6z7nB9vR2mX8kLp4QjW3tY5zH1aG6sF9dD0fS8gA7hJ6kL5mN4bV3vC2xZ1oP9iU8uY7tT6rR5eE4wW3qQ2aZ1sX2dC3fV4gB5hN6jM7kL8pO9iU0yT1rE2wQ3aS4dF5gG6hH7jJ8kK9lL0zZ1xX2cC3vV4bB5nN6mM7qQ8wW9eE0rR1tT2yY3uU4iI5oO6pP7aA8sS9dD0fF1gG2hH3jJ4kK5lL6zZ7xX8cC9vV0bB1nN2mM3qW4eR5tT6yU7iI8oO9pP0aS1dF2gG3hH4jJ5kK6lL7zZ8xX9cC0vB1nN2mQ3wE4rR5tT6yY7uU8iI9oO0pP1aS2dF3gG4hH5jJ6kK7lL8zX9cV0bN1nM2qW3eR4tT5yU6iI7oO8pP9aS0dF1gG2hH3jJ4kK5lL6zZ7xX8cC9vV0bB1nN2mM3qW4eR5tT6yU7iI8oO9pP0aS1dF2gG3hH4jJ5kK6lL7zZ8xX9cC0vB1nN2mQ3wE4rR5tT6yY7uU8iI9oO0pP1aS2dF3gG4hH5jJ6kK7lL8zX9cV0bN1nM2qW3eR4tT5yU6iI7oO8pP9aS0dF1gG2hH3jJ4kK5lL6zZ7xX8cC9vV0bB1nN2mM3qW4eR5tT6yU7iI8oO9pP0aS1dF2gG3hH4jJ5kK6lL7zZ8xX9cC0vB1nN2mQ3wE4rR5tT6yY7uU8iI9oO0pP1aS2dF3gG4hH5jJ6kK7lL8zX9cV0bN1nM2qW3eR4tT5yU6iI7oO8pP9aS0dF1gG2hH3jJ4kK5lL6zZ7xX8cC9vV0bB1nN2mM3qW4eR5tT6yU7iI8oO9pP0aS1dF2gG3hH4jJ5kK6lL7zZ8xX9cC0vB1nN2mQ3wE4rR5tT6yY7uU8iI9oO0pP1aS2dF3gG4hH5jJ6kK7lL8zX9cV0bN1nM2qW3eR4tT5yU6iI7oO8pP9aS0dF1gG2hH3jJ4kK5lL6zZ7xX8cC9vV0bB1nN2mM3qW4eR5tT6yU7iI8oO9pP0aS1dF2gG3hH4jJ5kK6lL7zZ8xX9cC0vB1nN2mQ3wE4rR5tT6yY7uU8iI9oO0pP1aS2dF3gG4hH5jJ6kK7l4hH5jJ6kK7lL8zX9cV0bN1nM2qW3eR4tT5yU6iI7oO8pP9aS0dF1gG2hH3jJ4kK5lL6zZ7xX8cC9vV0bB1nN2mM3qW4eR5tT6yU7iI8oO9pP0aS1dF2gG3hH4jJ5kK6lL7zZ8xX9cC0vB1nN2mQ3wE4rR5tT6yY7uU8iI9oO0pP1aS2dF3gG4hH5jJ6kK7lL8zX9cV0bN1nM2qW3eR4tT5yU6iI7oO8pP9aS0dF1gG2hH3jJ4kK5lL6zZ7xX8cC9vV0bB1nN2mM3qW4eR5tT6yU7iI8oO9pP0aS1dF2gG3hH4jJ5kK6lL7zZ8xX9cC0vB1nN2mQ3wE4rR5tT6yY7uU8iI9oO0pP1aS2dF3gG4hH5jJ6kK7l4hH5jJ6kK7lL8zX9cV0bN1nM2qW3eR4tT5yU6iI7oO8pP9aS0dF1gG2hH3jJ4kK5lL6zZ7xX8cC9vV0bB1nN2mM3qW4eR5tT6yU7iI8oO9pP0aS1dF2gG3hH4jJ5kK6lL7zZ8xX9cC0vB1nN2mQ3wE4rR5tT6yY7uU8iI9oO0pP1aS2dF3gG4hH5jJ6kK7lL8zX9cV0bN1nM2qW3eR4tT5yU6iI7oO8pP9aS0dF1gG2hH3jJ4kK5lL6zZ7xX8cC9vV0bB1nN2mM3qW4eR5tT6yU7iI8oO9pP0aS1dF2gG3hH4jJ5kK6lL7zZ8xX9cC0vB1nN2mQ3wE4rR5tT6yY7uU8iI9oO0pP1aS2dF3gG4hH5jJ6kK7l4hH5jJ6kK7lL8zX9cV0bN1nM2qW3eR4tT5yU6iI7oO8pP9aS0dF1gG2hH3jJ4kK5lL6zZ7xX8cC9vV0bB1nN2mM3qW4eR5tT6yU7iI8oO9pP0aS1dF2gG3hH4jJ5kK6lL7zZ8xX9cC0vB1nN2mQ3wE4rR5tT6yY7uU8iI9oO0pP1aS2dF3gG4hH5jJ6kK7lL8zX9cV0bN1nM2qW3eR4tT5yU6iI7oO8pP9aS0dF1gG2hH3jJ4kK5lL6zZ7xX8cC9vV0bB1nN2mM3qW4eR5tT6yU7iI8oO9pP0aS1dF2gG3hH4jJ5kK6lL7zZ8xX9cC0vB1nN2mQ3wE4rR5tT6yY7uU8iI9oO0pP1aS2dF3gG4hH5jJ6kK7l4hH5jJ6kK7lL8zX9cV0bN1nM2qW3eR4tT5yU6iI7oO8pP9aS0dF1gG2hH3jJ4kK5lL6zZ7xX8cC9vV0bB1nN2mM3qW4eR5tT6yU7iI8oO9pP0aS1dF2gG3hH4jJ5kK6lL7zZ8xX9cC0vB1nN2mQ3wE4rR5tT6yY7uU8iI9oO0pP1aS2dF3gG4hH5jJ6kK7lL8zX9cV0bN1nM2qW3eR4tT5yU6iI7oO8pP9aS0dF1gG2hH3jJ4kK5lL6zZ7xX8cC9vV0bB1nN2mM3qW4eR5tT6yU7iI8oO9pP0aS1dF2gG3hH4jJ5kK6lL7zZ8xX9cC0vB1nN2mQ3wE4rR5tT6yY7uU8iI9oO0pP1aS2dF3gG4hH5jJ6kK7l4hH5jJ6kK7lL8zX9cV0bN1nM2qW3eR4tT5yU6iI7oO8pP9aS0dF1gG2hH3jJ4kK5lL6zZ7xX8cC9vV0bB1nN2mM3qW4eR5tT6yU7iI8oO9pP0aS1dF2gG3hH4jJ5kK6lL7zZ8xX9cC0vB1nN2mQ3wE4rR5tT6yY7uU8iI9oO0pP1aS2dF3gG4hH5jJ6kK7lL8zX9cV0bN1nM2qW3eR4tT5yU6iI7oO8pP9aS0dF1gG2hH3jJ4kK5lL6zZ7xX8cC9vV0bB1nN2mM3qW4eR5tT6yU7iI8oO9pP0aS1dF2gG3hH4jJ5kK6lL7zZ8xX9cC0vB1nN2mQ3wE4rR5tT6yY7uU8iI9oO0pP1aS2dF3gG4hH5jJ6kK7l4hH5jJ6kK7lL8zX9cV0bN1nM2qW3eR4tT5yU6iI7oO8pP9aS0dF1gG2hH3jJ4kK5lL6zZ7xX8cC9vV0bB1nN2mM3qW4eR5tT6yU7iI8oO9pP0aS1dF2gG3hH4jJ5kK6lL7zZ8xX9cC0vB1nN2mQ3wE4rR5tT6yY7uU8iI9oO0pP1aS2dF3gG4hH5jJ6kK7lL8zX9cV0bN1nM2qW3eR4tT5yU6iI7oO8pP9aS0dF1gG2hH3jJ4kK5lL6zZ7xX8cC9vV0bB1nN2mM3qW4eR5tT6yU7iI8oO9pP0aS1dF2gG3hH4jJ5kK6lL7zZ8xX9cC0vB1nN2mQ3wE4rR5tT6yY7uU8iI9oO0pP1aS2dF3gG4hH5jJ6kK7l4hH5jJ6kK7lL8zX9cV0bN1nM2qW3eR4tT5yU6iI7oO8pP9aS0dF1gG2hH3jJ4kK5lL6zZ7xX8cC9vV0bB1nN2mM3qW4eR5tT6yU7iI8oO9pP0aS1dF2gG3hH4jJ5kK6lL7zZ8xX9cC0vB1nN2mQ3wE4rR5tT6yY7uU8iI9oO0pP1aS2dF3gG4hH5jJ6kK7lL8zX9cV0bN1nM2qW3eR4tT5yU6iI7oO8pP9aS0dF1gG2hH3jJ4kK5lL6zZ7xX8cC9vV0bB1nN2mM3qW4eR5tT6yU7iI8oO9pP0aS1dF2gG3hH4jJ5kK6lL7zZ8xX9cC0vB1nN2mQ3wE4rR5tT6yY7uU8iI9oO0pP1aS2dF3gG4hH5jJ6kK7l4hH5jJ6kK7lL8zX9cV0bN1nM2qW3eR4tT5yU6iI7oO8pP9aS0dF1gG2hH3jJ4kK5lL6z7nB9vR2mX8kLp4QjW3tY5zH1aG6sF9dD0fS8gA7hJ6kL5mN4bV3vC2xZ1oP9iU8uY7tT6rR5eE4wW3qQ2aZ1sX2dC3fV4gB5hN6jM7kL8pO9iU0yT1rE2wQ3aS4dF5gG6hH7jJ8kK9lL0zZ1xX2cC3vV4bB5nN6mM7qQ8wW9eE0rR1tT2yY3uU4iI5oO6pP7aA8sS9dD0fF1gG2hH3jJ4kK5lL6zZ7xX8cC9vV0bB1nN2mM3qW4eR5tT6yU7iI8oO9pP0aS1dF2gG3hH4jJ5kK6lL7zZ8xX9cC0vB1nN2mQ3wE4rR5tT6yY7uU8iI9oO0pP1aS2dF3gG4hH5jJ6kK7lL8zX9cV0bN1nM2qW3eR4tT5yU6iI7oO8pP9aS0dF1gG2hH3jJ4kK5lL6zZ7xX8cC9vV0bB1nN2mM3qW4eR5tT6yU7iI8oO9pP0aS1dF2gG3hH4jJ5kK6lL7zZ8xX9cC0vB1nN2mQ3wE4rR5tT6yY7uU8iI9oO0pP1aS2dF3gG4hH5jJ6kK7lL8zX9cV0bN1nM2qW3eR4tT5yU6iI7oO8pP9aS0dF1gG2hH3jJ4kK5lL6zZ7xX8cC9vV0bB1nN2mM3qW4eR5tT6yU7iI8oO9pP0aS1dF2gG3hH4jJ5kK6lL7zZ8xX9cC0vB1nN2mQ3wE4rR5tT6yY7uU8iI9oO0pP1aS2dF3gG4hH5jJ6kK7lL8zX9cV0bN1nM2qW3eR4tT5yU6iI7oO8pP9aS0dF1gG2hH3jJ4kK5lL6zZ7xX8cC9vV0bB1nN2mM3qW4eR5tT6yU7iI8oO9pP0aS1dF2gG3hH4jJ5kK6lL7zZ8xX9cC0vB1nN2mQ3wE4rR5tT6yY7uU8iI9oO0pP1aS2dF3gG4hH5jJ6kK7lL8zX9cV0bN1nM2qW3eR4tT5yU6iI7oO8pP9aS0dF1gG2hH3jJ4kK5lL6zZ7xX8cC9vV0bB1nN2mM3qW4eR5tT6yU7iI8oO9pP0aS1dF2gG3hH4jJ5kK6lL7zZ8xX9cC0vB1nN2mQ3wE4rR5tT6yY7uU8iI9oO0pP1aS2dF3gG4hH5jJ6kK7l4hH5jJ6kK7lL8zX9cV0bN1nM2qW3eR4tT5yU6iI7oO8pP9aS0dF1gG2hH3jJ4kK5lL6zZ7xX8cC9vV0bB1nN2mM3qW4eR5tT6yU7iI8oO9pP0aS1dF2gG3hH4jJ5kK6lL7zZ8xX9cC0vB1nN2mQ3wE4rR5tT6yY7uU8iI9oO0pP1aS2dF3gG4hH5jJ6kK7lL8zX9cV0bN1nM2qW3eR4tT5yU6iI7oO8pP9aS0dF1gG2hH3jJ4kK5lL6zZ7xX8cC9vV0bB1nN2mM3qW4eR5tT6yU7iI8oO9pP0aS1dF2gG3hH4jJ5kK6lL7zZ8xX9cC0vB1nN2mQ3wE4rR5tT6yY7uU8iI9oO0pP1aS2dF3gG4hH5jJ6kK7l4hH5jJ6kK7lL8zX9cV0bN1nM2qW3eR4tT5yU6iI7oO8pP9aS0dF1gG2hH3jJ4kK5lL6zZ7xX8cC9vV0bB1nN2mM3qW4eR5tT6yU7iI8oO9pP0aS1dF2gG3hH4jJ5kK6lL7zZ8xX9cC0vB1nN2mQ3wE4rR5tT6yY7uU8iI9oO0pP1aS2dF3gG4hH5jJ6kK7lL8zX9cV0bN1nM2qW3eR4tT5yU6iI7oO8pP9aS0dF1gG2hH3jJ4kK5lL6zZ7xX8cC9vV0bB1nN2mM3qW4eR5tT6yU7iI8oO9pP0aS1dF2gG3hH4jJ5kK6lL7zZ8xX9cC0vB1nN2mQ3wE4rR5tT6yY7uU8iI9oO0pP1aS2dF3gG4hH5jJ6kK7l4hH5jJ6kK7lL8zX9cV0bN1nM2qW3eR4tT5yU6iI7oO8pP9aS0dF1gG2hH3jJ4kK5lL6zZ7xX8cC9vV0bB1nN2mM3qW4eR5tT6yU7iI8oO9pP0aS1dF2gG3hH4jJ5kK6lL7zZ8xX9cC0vB1nN2mQ3wE4rR5tT6yY7uU8iI9oO0pP1aS2dF3gG4hH5jJ6kK7lL8zX9cV0bN1nM2qW3eR4tT5yU6iI7oO8pP9aS0dF1gG2hH3jJ4kK5lL6zZ7xX8cC9vV0bB1nN2mM3qW4eR5tT6yU7iI8oO9pP0aS1dF2gG3hH4jJ5kK6lL7zZ8xX9cC0vB1nN2mQ3wE4rR5tT6yY7uU8iI9oO0pP1aS2dF3gG4hH5jJ6kK7l4hH5jJ6kK7lL8zX9cV0bN1nM2qW3eR4tT5yU6iI7oO8pP9aS0dF1gG2hH3jJ4kK5lL6zZ7xX8cC9vV0bB1nN2mM3qW4eR5tT6yU7iI8oO9pP0aS1dF2gG3hH4jJ5kK6lL7zZ8xX9cC0vB1nN2mQ3wE4rR5tT6yY7uU8iI9oO0pP1aS2dF3gG4hH5jJ6kK7lL8zX9cV0bN1nM2qW3eR4tT5yU6iI7oO8pP9aS0dF1gG2hH3jJ4kK5lL6zZ7xX8cC9vV0bB1nN2mM3qW4eR5tT6yU7iI8oO9pP0aS1dF2gG3hH4jJ5kK6lL7zZ8xX9cC0vB1nN2mQ3wE4rR5tT6yY7uU8iI9oO0pP1aS2dF3gG4hH5jJ6kK7l4hH5jJ6kK7lL8zX9cV0bN1nM2qW3eR4tT5yU6iI7oO8pP9aS0dF1gG2hH3jJ4kK5lL6zZ7xX8cC9vV0bB1nN2mM3qW4eR5tT6yU7iI8oO9pP0aS1dF2gG3hH4jJ5kK6lL7zZ8xX9cC0vB1nN2mQ3wE4rR5tT6yY7uU8iI9oO0pP1aS2dF3gG4hH5jJ6kK7lL8zX9cV0bN1nM2qW3eR4tT5yU6iI7oO8pP9aS0dF1gG2hH3jJ4kK5lL6zZ7xX8cC9vV0bB1nN2mM3qW4eR5tT6yU7iI8oO9pP0aS1dF2gG3hH4jJ5kK6lL7zZ8xX9cC0vB1nN2mQ3wE4rR5tT6yY7uU8iI9oO0pP1aS2dF3gG4hH5jJ6kK7l4hH5jJ6kK7lL8zX9cV0bN1nM2qW3eR4tT5yU6iI7oO8pP9aS0dF1gG2hH3jJ4kK5lL6zZ7xX8cC9vV0bB1nN2mM3qW4eR5tT6yU7iI8oO9pP0aS1dF2gG3hH4jJ5kK6lL7zZ8xX9cC0vB1nN2mQ3wE4rR5tT6yY7uU8iI9oO0pP1aS2dF3gG4hH5jJ6kK7lL8zX9cV0bN1nM2qW3eR4tT5yU6iI7oO8pP9aS0dF1gG2hH3jJ4kK5lL6zZ7xX8cC9vV0bB1nN2mM3qW4eR5tT6yU7iI8oO9pP0aS1dF2gG3hH4jJ5kK6lL7zZ8xX9cC0vB1nN2mQ3wE4rR5tT6yY7uU8iI9oO0pP1aS2dF3gG4hH5jJ6kK7l4hH5jJ6kK7lL8zX9cV0bN1nM2qW3eR4tT5yU6iI7oO8pP9aS0dF1gG2hH3jJ4kK5lL6zZ7xX8cC9vV0bB1nN2mM3qW4eR5tT6yU7iI8oO9pP0aS1dF2gG3hH4jJ5kK6lL7zZ8xX9cC0vB1nN2mQ3wE4rR5tT6yY7uU8iI9oO0pP1aS2dF3gG4hH5jJ6kK7lL8zX9cV0bN1nM2qW3eR4tT5yU6iI7oO8pP9aS0dF1gG2hH3jJ4kK5lL6zZ7xX8cC9vV0bB1nN2mM3qW4eR5tT6yU7iI8oO9pP0aS1dF2gG3hH4jJ5kK6lL7zZ8xX9cC0vB1nN2mQ3wE4rR5tT6yY7uU8iI9oO0pP1aS2dF3gG4hH5jJ6kK7l4hH5jJ6kK7lL8zX9cV0bN1nM2qW3eR4tT5yU6iI7oO8pP9aS0dF1gG2hH3jJ4kK5lL6z7nB9vR2mX8kLp4QjW3tY5zH1aG6sF9dD0fS8gA7hJ6kL5mN4bV3vC2xZ1oP9iU8uY7tT6rR5eE4wW3qQ2aZ1sX2dC3fV4gB5hN6jM7kL8pO9iU0yT1rE2wQ3aS4dF5gG6hH7jJ8kK9lL0zZ1xX2cC3vV4bB5nN6mM7qQ8wW9eE0rR1tT2yY3uU4iI5oO6pP7aA8sS9dD0fF1gG2hH3jJ4kK5lL6zZ7xX8cC9vV0bB1nN2mM3qW4eR5tT6yU7iI8oO9pP0aS1dF2gG3hH4jJ5kK6lL7zZ8xX9cC0vB1nN2mQ3wE4rR5tT6yY7uU8iI9oO0pP1aS2dF3gG4hH5jJ6kK7lL8zX9cV0bN1nM2qW3eR4tT5yU6iI7oO8pP9aS0dF1gG2hH3jJ4kK5lL6zZ7xX8cC9vV0bB1nN2mM3qW4eR5tT6yU7iI8oO9pP0aS1dF2gG3hH4jJ5kK6lL7zZ8xX9cC0vB1nN2mQ3wE4rR5tT6yY7uU8iI9oO0pP1aS2dF3gG4hH5jJ6kK7lL8zX9cV0bN1nM2qW3eR4tT5yU6iI7oO8pP9aS0dF1gG2hH3jJ4kK5lL6zZ7xX8cC9vV0bB1nN2mM3qW4eR5tT6yU7iI8oO9pP0aS1dF2gG3hH4jJ5kK6lL7zZ8xX9cC0vB1nN2mQ3wE4rR5tT6yY7uU8iI9oO0pP1aS2dF3gG4hH5jJ6kK7lL8zX9cV0bN1nM2qW3eR4tT5yU6iI7oO8pP9aS0dF1gG2hH3jJ4kK5lL6zZ7xX8cC9vV0bB1nN2mM3qW4eR5tT6yU7iI8oO9pP0aS1dF2gG3hH4jJ5kK6lL7zZ8xX9cC0vB1nN2mQ3wE4rR5tT6yY7uU8iI9oO0pP1aS2dF3gG4hH5jJ6kK7lL8zX9cV0bN1nM2qW3eR4tT5yU6iI7oO8pP9aS0dF1gG2hH3jJ4kK5lL6zZ7xX8cC9vV0bB1nN2mM3qW4eR5tT6yU7iI8oO9pP0aS1dF2gG3hH4jJ5kK6lL7zZ8xX9cC0vB1nN2mQ3wE4rR5tT6yY7uU8iI9oO0pP1aS2dF3gG4hH5jJ6kK7l4hH5jJ6kK7lL8zX9cV0bN1nM2qW3eR4tT5yU6iI7oO8pP9aS0dF1gG2hH3jJ4kK5lL6zZ7xX8cC9vV0bB1nN2mM3qW4eR5tT6yU7iI8oO9pP0aS1dF2gG3hH4jJ5kK6lL7zZ8xX9cC0vB1nN2mQ3wE4rR5tT6yY7uU8iI9oO0pP1aS2dF3gG4hH5jJ6kK7lL8zX9cV0bN1nM2qW3eR4tT5yU6iI7oO8pP9aS0dF1gG2hH3jJ4kK5lL6zZ7xX8cC9vV0bB1nN2mM3qW4eR5tT6yU7iI8oO9pP0aS1dF2gG3hH4jJ5kK6lL7zZ8xX9cC0vB1nN2mQ3wE4rR5tT6yY7uU8iI9oO0pP1aS2dF3gG4hH5jJ6kK7l4hH5jJ6kK7lL8zX9cV0bN1nM2qW3eR4tT5yU6iI7oO8pP9aS0dF1gG2hH3jJ4kK5lL6zZ7xX8cC9vV0bB1nN2mM3qW4eR5tT6yU7iI8oO9pP0aS1dF2gG3hH4jJ5kK6lL7zZ8xX9cC0vB1nN2mQ3wE4rR5tT6yY7uU8iI9oO0pP1aS2dF3gG4hH5jJ6kK7lL8zX9cV0bN1nM2qW3eR4tT5yU6iI7oO8pP9aS0dF1gG2hH3jJ4kK5lL6zZ7xX8cC9vV0bB1nN2mM3qW4eR5tT6yU7iI8oO9pP0aS1dF2gG3hH4jJ5kK6lL7zZ8xX9cC0vB1nN2mQ3wE4rR5tT6yY7uU8iI9oO0pP1aS2dF3gG4hH5jJ6kK7l4hH5jJ6kK7lL8zX9cV0bN1nM2qW3eR4tT5yU6iI7oO8pP9aS0dF1gG2hH3jJ4kK5lL6zZ7xX8cC9vV0bB1nN2mM3qW4eR5tT6yU7iI8oO9pP0aS1dF2gG3hH4jJ5kK6lL7zZ8xX9cC0vB1nN2mQ3wE4rR5tT6yY7uU8iI9oO0pP1aS2dF3gG4hH5jJ6kK7lL8zX9cV0bN1nM2qW3eR4tT5yU6iI7oO8pP9aS0dF1gG2hH3jJ4kK5lL6zZ7xX8cC9vV0bB1nN2mM3qW4eR5tT6yU7iI8oO9pP0aS1dF2gG3hH4jJ5kK6lL7zZ8xX9cC0vB1nN2mQ3wE4rR5tT6yY7uU8iI9oO0pP1aS2dF3gG4hH5jJ6kK7l4hH5jJ6kK7lL8zX9cV0bN1nM2qW3eR4tT5yU6iI7oO8pP9aS0dF1gG2hH3jJ4kK5lL6zZ7xX8cC9vV0bB1nN2mM3qW4eR5tT6yU7iI8oO9pP0aS1dF2gG3hH4jJ5kK6lL7zZ8xX9cC0vB1nN2mQ3wE4rR5tT6yY7uU8iI9oO0pP1aS2dF3gG4hH5jJ6kK7lL8zX9cV0bN1nM2qW3eR4tT5yU6iI7oO8pP9aS0dF1gG2hH3jJ4kK5lL6zZ7xX8cC9vV0bB1nN2mM3qW4eR5tT6yU7iI8oO9pP0aS1dF2gG3hH4jJ5kK6lL7zZ8xX9cC0vB1nN2mQ3wE4rR5tT6yY7uU8iI9oO0pP1aS2dF3gG4hH5jJ6kK7l4hH5jJ6kK7lL8zX9cV0bN1nM2qW3eR4tT5yU6iI7oO8pP9aS0dF1gG2hH3jJ4kK5lL6zZ7xX8cC9vV0bB1nN2mM3qW4eR5tT6yU7iI8oO9pP0aS1dF2gG3hH4jJ5kK6lL7zZ8xX9cC0vB1nN2mQ3wE4rR5tT6yY7uU8iI9oO0pP1aS2dF3gG4hH5jJ6kK7lL8zX9cV0bN1nM2qW3eR4tT5yU6iI7oO8pP9aS0dF1gG2hH3jJ4kK5lL6zZ7xX8cC9vV0bB1nN2mM3qW4eR5tT6yU7iI8oO9pP0aS1dF2gG3hH4jJ5kK6lL7zZ8xX9cC0vB1nN2mQ3wE4rR5tT6yY7uU8iI9oO0pP1aS2dF3gG4hH5jJ6kK7l4hH5jJ6kK7lL8zX9cV0bN1nM2qW3eR4tT5yU6iI7oO8pP9aS0dF1gG2hH3jJ4kK5lL6zZ7xX8cC9vV0bB1nN2mM3qW4eR5tT6yU7iI8oO9pP0aS1dF2gG3hH4jJ5kK6lL7zZ8xX9cC0vB1nN2mQ3wE4rR5tT6yY7uU8iI9oO0pP1aS2dF3gG4hH5jJ6kK7lL8zX9cV0bN1nM2qW3eR4tT5yU6iI7oO8pP9aS0dF1gG2hH3jJ4kK5lL6zZ7xX8cC9vV0bB1nN2mM3qW4eR5tT6yU7iI8oO9pP0aS1dF2gG3hH4jJ5kK6lL7zZ8xX9cC0vB1nN2mQ3wE4rR5tT6yY7uU8iI9oO0pP1aS2dF3gG4hH5jJ6kK7l4hH5jJ6kK7lL8zX9cV0bN1nM2qW3eR4tT5yU6iI7oO8pP9aS0dF1gG2hH3jJ4kK5lL6zZ7xX8cC9vV0bB1nN2mM3qW4eR5tT6yU7iI8oO9pP0aS1dF2gG3hH4jJ5kK6lL7zZ8xX9cC0vB1nN2mQ3wE4rR5tT6yY7uU8iI9oO0pP1aS2dF3gG4hH5jJ6kK7lL8zX9cV0bN1nM2qW3eR4tT5yU6iI7oO8pP9aS0dF1gG2hH3jJ4kK5lL6zZ7xX8cC9vV0bB1nN2mM3qW4eR5tT6yU7iI8oO9pP0aS1dF2gG3hH4jJ5kK6lL7zZ8xX9cC0vB1nN2mQ3wE4rR5tT6yY7uU8iI9oO0pP1aS2dF3gG4hH5jJ6kK7l4hH5jJ6kK7lL8zX9cV0bN1nM2qW3eR4tT5yU6iI7oO8pP9aS0dF1gG2hH3jJ4kK5lL6z7nB9vR2mX8kLp4QjW3tY5zH1aG6sF9dD0fS8gA7hJ6kL5mN4bV3vC2xZ1oP9iU8uY7tT6rR5eE4wW3qQ2aZ1sX2dC3fV4gB5hN6jM7kL8pO9iU0yT1rE2wQ3aS4dF5gG6hH7jJ8kK9lL0zZ1xX2cC3vV4bB5nN6mM7qQ8wW9eE0rR1tT2yY3uU4iI5oO6pP7aA8sS9dD0fF1gG2hH3jJ4kK5lL6zZ7xX8cC9vV0bB1nN2mM3qW4eR5tT6yU7iI8oO9pP0aS1dF2gG3hH4jJ5kK6lL7zZ8xX9cC0vB1nN2mQ3wE4rR5tT6yY7uU8iI9oO0pP1aS2dF3gG4hH5jJ6kK7lL8zX9cV0bN1nM2qW3eR4tT5yU6iI7oO8pP9aS0dF1gG2hH3jJ4kK5lL6zZ7xX8cC9vV0bB1nN2mM3qW4eR5tT6yU7iI8oO9pP0aS1dF2gG3hH4jJ5kK6lL7zZ8xX9cC0vB1nN2mQ3wE4rR5tT6yY7uU8iI9oO0pP1aS2dF3gG4hH5jJ6kK7lL8zX9cV0bN1nM2qW3eR4tT5yU6iI7oO8pP9aS0dF1gG2hH3jJ4kK5lL6zZ7xX8cC9vV0bB1nN2mM3qW4eR5tT6yU7iI8oO9pP0aS1dF2gG3hH4jJ5kK6lL7zZ8xX9cC0vB1nN2mQ3wE4rR5tT6yY7uU8iI9oO0pP1aS2dF3gG4hH5jJ6kK7lL8zX9cV0bN1nM2qW3eR4tT5yU6iI7oO8pP9aS0dF1gG2hH3jJ4kK5lL6zZ7xX8cC9vV0bB1nN2mM3qW4eR5tT6yU7iI8oO9pP0aS1dF2gG3hH4jJ5kK6lL7zZ8xX9cC0vB1nN2mQ3wE4rR5tT6yY7uU8iI9oO0pP1aS2dF3gG4hH5jJ6kK7lL8zX9cV0bN1nM2qW3eR4tT5yU6iI7oO8pP9aS0dF1gG2hH3jJ4kK5lL6zZ7xX8cC9vV0bB1nN2mM3qW4eR5tT6yU7iI8oO9pP0aS1dF2gG3hH4jJ5kK6lL7zZ8xX9cC0vB1nN2mQ3wE4rR5tT6yY7uU8iI9oO0pP1aS2dF3gG4hH5jJ6kK7l4hH5jJ6kK7lL8zX9cV0bN1nM2qW3eR4tT5yU6iI7oO8pP9aS0dF1gG2hH3jJ4kK5lL6zZ7xX8cC9vV0bB1nN2mM3qW4eR5tT6yU7iI8oO9pP0aS1dF2gG3hH4jJ5kK6lL7zZ8xX9cC0vB1nN2mQ3wE4rR5tT6yY7uU8iI9oO0pP1aS2dF3gG4hH5jJ6kK7lL8zX9cV0bN1nM2qW3eR4tT5yU6iI7oO8pP9aS0dF1gG2hH3jJ4kK5lL6zZ7xX8cC9vV0bB1nN2mM3qW4eR5tT6yU7iI8oO9pP0aS1dF2gG3hH4jJ5kK6lL7zZ8xX9cC0vB1nN2mQ3wE4rR5tT6yY7uU8iI9oO0pP1aS2dF3gG4hH5jJ6kK7l4hH5jJ6kK7lL8zX9cV0bN1nM2qW3eR4tT5yU6iI7oO8pP9aS0dF1gG2hH3jJ4kK5lL6zZ7xX8cC9vV0bB1nN2mM3qW4eR5tT6yU7iI8oO9pP0aS1dF2gG3hH4jJ5kK6lL7zZ8xX9cC0vB1nN2mQ3wE4rR5tT6yY7uU8iI9oO0pP1aS2dF3gG4hH5jJ6kK7lL8zX9cV0bN1nM2qW3eR4tT5yU6iI7oO8pP9aS0dF1gG2hH3jJ4kK5lL6zZ7xX8cC9vV0bB1nN2mM3qW4eR5tT6yU7iI8oO9pP0aS1dF2gG3hH4jJ5kK6lL7zZ8xX9cC0vB1nN2mQ3wE4rR5tT6yY7uU8iI9oO0pP1aS2dF3gG4hH5jJ6kK7l4hH5jJ6kK7lL8zX9cV0bN1nM2qW3eR4tT5yU6iI7oO8pP9aS0dF1gG2hH3jJ4kK5lL6zZ7xX8cC9vV0bB1nN2mM3qW4eR5tT6yU7iI8oO9pP0aS1dF2gG3hH4jJ5kK6lL7zZ8xX9cC0vB1nN2mQ3wE4rR5tT6yY7uU8iI9oO0pP1aS2dF3gG4hH5jJ6kK7lL8zX9cV0bN1nM2qW3eR4tT5yU6iI7oO8pP9aS0dF1gG2hH3jJ4kK5lL6zZ7xX8cC9vV0bB1nN2mM3qW4eR5tT6yU7iI8oO9pP0aS1dF2gG3hH4jJ5kK6lL7zZ8xX9cC0vB1nN2mQ3wE4rR5tT6yY7uU8iI9oO0pP1aS2dF3gG4hH5jJ6kK7l4hH5jJ6kK7lL8zX9cV0bN1nM2qW3eR4tT5yU6iI7oO8pP9aS0dF1gG2hH3jJ4kK5lL6zZ7xX8cC9vV0bB1nN2mM3qW4eR5tT6yU7iI8oO9pP0aS1dF2gG3hH4jJ5kK6lL7zZ8xX9cC0vB1nN2mQ3wE4rR5tT6yY7uU8iI9oO0pP1aS2dF3gG4hH5jJ6kK7lL8zX9cV0bN1nM2qW3eR4tT5yU6iI7oO8pP9aS0dF1gG2hH3jJ4kK5lL6zZ7xX8cC9vV0bB1nN2mM3qW4eR5tT6yU7iI8oO9pP0aS1dF2gG3hH4jJ5kK6lL7zZ8xX9cC0vB1nN2mQ3wE4rR5tT6yY7uU8iI9oO0pP1aS2dF3gG4hH5jJ6kK7l4hH5jJ6kK7lL8zX9cV0bN1nM2qW3eR4tT5yU6iI7oO8pP9aS0dF1gG2hH3jJ4kK5lL6zZ7xX8cC9vV0bB1nN2mM3qW4eR5tT6yU7iI8oO9pP0aS1dF2gG3hH4jJ5kK6lL7zZ8xX9cC0vB1nN2mQ3wE4rR5tT6yY7uU8iI9oO0pP1aS2dF3gG4hH5jJ6kK7lL8zX9cV0bN1nM2qW3eR4tT5yU6iI7oO8pP9aS0dF1gG2hH3jJ4kK5lL6zZ7xX8cC9vV0bB1nN2mM3qW4eR5tT6yU7iI8oO9pP0aS1dF2gG3hH4jJ5kK6lL7zZ8xX9cC0vB1nN2mQ3wE4rR5tT6yY7uU8iI9oO0pP1aS2dF3gG4hH5jJ6kK7l4hH5jJ6kK7lL8zX9cV0bN1nM2qW3eR4tT5yU6iI7oO8pP9aS0dF1gG2hH3jJ4kK5lL6zZ7xX8cC9vV0bB1nN2mM3qW4eR5tT6yU7iI8oO9pP0aS1dF2gG3hH4jJ5kK6lL7zZ8xX9cC0vB1nN2mQ3wE4rR5tT6yY7uU8iI9oO0pP1aS2dF3gG4hH5jJ6kK7lL8zX9cV0bN1nM2qW3eR4tT5yU6iI7oO8pP9aS0dF1gG2hH3jJ4kK5lL6zZ7xX8cC9vV0bB1nN2mM3qW4eR5tT6yU7iI8oO9pP0aS1dF2gG3hH4jJ5kK6lL7zZ8xX9cC0vB1nN2mQ3wE4rR5tT6yY7uU8iI9oO0pP1aS2dF3gG4hH5jJ6kK7l4hH5jJ6kK7lL8zX9cV0bN1nM2qW3eR4tT5yU6iI7oO8pP9aS0dF1gG2hH3jJ4kK5lL6zZ7xX8cC9vV0bB1nN2mM3qW4eR5tT6yU7iI8oO9pP0aS1dF2gG3hH4jJ5kK6lL7zZ8xX9cC0vB1nN2mQ3wE4rR5tT6yY7uU8iI9oO0pP1aS2dF3gG4hH5jJ6kK7lL8zX9cV0bN1nM2qW3eR4tT5yU6iI7oO8pP9aS0dF1gG2hH3jJ4kK5lL6zZ7xX8cC9vV0bB1nN2mM3qW4eR5tT6yU7iI8oO9pP0aS1dF2gG3hH4jJ5kK6lL7zZ8xX9cC0vB1nN2mQ3wE4rR5tT6yY7uU8iI9oO0pP1aS2dF3gG4hH5jJ6kK7l4hH5jJ6kK7lL8zX9cV0bN1nM2qW3eR4tT5yU6iI7oO8pP9aS0dF1gG2hH3jJ4kK5lL6z7nB9vR2mX8kLp4QjW3tY5zH1aG6sF9dD0fS8gA7hJ6kL5mN4bV3vC2xZ1oP9iU8uY7tT6rR5eE4wW3qQ2aZ1sX2dC3fV4gB5hN6jM7kL8pO9iU0yT1rE2wQ3aS4dF5gG6hH7jJ8kK9lL0zZ1xX2cC3vV4bB5nN6mM7qQ8wW9eE0rR1tT2yY3uU4iI5oO6pP7aA8sS9dD0fF1gG2hH3jJ4kK5lL6zZ7xX8cC9vV0bB1nN2mM3qW4eR5tT6yU7iI8oO9pP0aS1dF2gG3hH4jJ5kK6lL7zZ8xX9cC0vB1nN2mQ3wE4rR5tT6yY7uU8iI9oO0pP1aS2dF3gG4hH5jJ6kK7lL8zX9cV0bN1nM2qW3eR4tT5yU6iI7oO8pP9aS0dF1gG2hH3jJ4kK5lL6zZ7xX8cC9vV0bB1nN2mM3qW4eR5tT6yU7iI8oO9pP0aS1dF2gG3hH4jJ5kK6lL7zZ8xX9cC0vB1nN2mQ3wE4rR5tT6yY7uU8iI9oO0pP1aS2dF3gG4hH5jJ6kK7lL8zX9cV0bN1nM2qW3eR4tT5yU6iI7oO8pP9aS0dF1gG2hH3jJ4kK5lL6zZ7xX8cC9vV0bB1nN2mM3qW4eR5tT6yU7iI8oO9pP0aS1dF2gG3hH4jJ5kK6lL7zZ8xX9cC0vB1nN2mQ3wE4rR5tT6yY7uU8iI9oO0pP1aS2dF3gG4hH5jJ6kK7lL8zX9cV0bN1nM2qW3eR4tT5yU6iI7oO8pP9aS0dF1gG2hH3jJ4kK5lL6zZ7xX8cC9vV0bB1nN2mM3qW4eR5tT6yU7iI8oO9pP0aS1dF2gG3hH4jJ5kK6lL7zZ8xX9cC0vB1nN2mQ3wE4rR5tT6yY7uU8iI9oO0pP1aS2dF3gG4hH5jJ6kK7lL8zX9cV0bN1nM2qW3eR4tT5yU6iI7oO8pP9aS0dF1gG2hH3jJ4kK5lL6zZ7xX8cC9vV0bB1nN2mM3qW4eR5tT6yU7iI8oO9pP0aS1dF2gG3hH4jJ5kK6lL7zZ8xX9cC0vB1nN2mQ3wE4rR5tT6yY7uU8iI9oO0pP1aS2dF3gG4hH5jJ6kK7l4hH5jJ6kK7lL8zX9cV0bN1nM2qW3eR4tT5yU6iI7oO8pP9aS0dF1gG2hH3jJ4kK5lL6zZ7xX8cC9vV0bB1nN2mM3qW4eR5tT6yU7iI8oO9pP0aS1dF2gG3hH4jJ5kK6lL7zZ8xX9cC0vB1nN2mQ3wE4rR5tT6yY7uU8iI9oO0pP1aS2dF3gG4hH5jJ6kK7lL8zX9cV0bN1nM2qW3eR4tT5yU6iI7oO8pP9aS0dF1gG2hH3jJ4kK5lL6zZ7xX8cC9vV0bB1nN2mM3qW4eR5tT6yU7iI8oO9pP0aS1dF2gG3hH4jJ5kK6lL7zZ8xX9cC0vB1nN2mQ3wE4rR5tT6yY7uU8iI9oO0pP1aS2dF3gG4hH5jJ6kK7l4hH5jJ6kK7lL8zX9cV0bN1nM2qW3eR4tT5yU6iI7oO8pP9aS0dF1gG2hH3jJ4kK5lL6zZ7xX8cC9vV0bB1nN2mM3qW4eR5tT6yU7iI8oO9pP0aS1dF2gG3hH4jJ5kK6lL7zZ8xX9cC0vB1nN2mQ3wE4rR5tT6yY7uU8iI9oO0pP1aS2dF3gG4hH5jJ6kK7lL8zX9cV0bN1nM2qW3eR4tT5yU6iI7oO8pP9aS0dF1gG2hH3jJ4kK5lL6zZ7xX8cC9vV0bB1nN2mM3qW4eR5tT6yU7iI8oO9pP0aS1dF2gG3hH4jJ5kK6lL7zZ8xX9cC0vB1nN2mQ3wE4rR5tT6yY7uU8iI9oO0pP1aS2dF3gG4hH5jJ6kK7l4hH5jJ6kK7lL8zX9cV0bN1nM2qW3eR4tT5yU6iI7oO8pP9aS0dF1gG2hH3jJ4kK5lL6zZ7xX8cC9vV0bB1nN2mM3qW4eR5tT6yU7iI8oO9pP0aS1dF2gG3hH4jJ5kK6lL7zZ8xX9cC0vB1nN2mQ3wE4rR5tT6yY7uU8iI9oO0pP1aS2dF3gG4hH5jJ6kK7lL8zX9cV0bN1nM2qW3eR4tT5yU6iI7oO8pP9aS0dF1gG2hH3jJ4kK5lL6zZ7xX8cC9vV0bB1nN2mM3qW4eR5tT6yU7iI8oO9pP0aS1dF2gG3hH4jJ5kK6lL7zZ8xX9cC0vB1nN2mQ3wE4rR5tT6yY7uU8iI9oO0pP1aS2dF3gG4hH5jJ6kK7l4hH5jJ6kK7lL8zX9cV0bN1nM2qW3eR4tT5yU6iI7oO8pP9aS0dF1gG2hH3jJ4kK5lL6zZ7xX8cC9vV0bB1nN2mM3qW4eR5tT6yU7iI8oO9pP0aS1dF2gG3hH4jJ5kK6lL7zZ8xX9cC0vB1nN2mQ3wE4rR5tT6yY7uU8iI9oO0pP1aS2dF3gG4hH5jJ6kK7lL8zX9cV0bN1nM2qW3eR4tT5yU6iI7oO8pP9aS0dF1gG2hH3jJ4kK5lL6zZ7xX8cC9vV0bB1nN2mM3qW4eR5tT6yU7iI8oO9pP0aS1dF2gG3hH4jJ5kK6lL7zZ8xX9cC0vB1nN2mQ3wE4rR5tT6yY7uU8iI9oO0pP1aS2dF3gG4hH5jJ6kK7l4hH5jJ6kK7lL8zX9cV0bN1nM2qW3eR4tT5yU6iI7oO8pP9aS0dF1gG2hH3jJ4kK5lL6zZ7xX8cC9vV0bB1nN2mM3qW4eR5tT6yU7iI8oO9pP0aS1dF2gG3hH4jJ5kK6lL7zZ8xX9cC0vB1nN2mQ3wE4rR5tT6yY7uU8iI9oO0pP1aS2dF3gG4hH5jJ6kK7lL8zX9cV0bN1nM2qW3eR4tT5yU6iI7oO8pP9aS0dF1gG2hH3jJ4kK5lL6zZ7xX8cC9vV0bB1nN2mM3qW4eR5tT6yU7iI8oO9pP0aS1dF2gG3hH4jJ5kK6lL7zZ8xX9cC0vB1nN2mQ3wE4rR5tT6yY7uU8iI9oO0pP1aS2dF3gG4hH5jJ6kK7l4hH5jJ6kK7lL8zX9cV0bN1nM2qW3eR4tT5yU6iI7oO8pP9aS0dF1gG2hH3jJ4kK5lL6zZ7xX8cC9vV0bB1nN2mM3qW4eR5tT6yU7iI8oO9pP0aS1dF2gG3hH4jJ5kK6lL7zZ8xX9cC0vB1nN2mQ3wE4rR5tT6yY7uU8iI9oO0pP1aS2dF3gG4hH5jJ6kK7lL8zX9cV0bN1nM2qW3eR4tT5yU6iI7oO8pP9aS0dF1gG2hH3jJ4kK5lL6zZ7xX8cC9vV0bB1nN2mM3qW4eR5tT6yU7iI8oO9pP0aS1dF2gG3hH4jJ5kK6lL7zZ8xX9cC0vB1nN2mQ3wE4rR5tT6yY7uU8iI9oO0pP1aS2dF3gG4hH5jJ6kK7l4hH5jJ6kK7lL8zX9cV0bN1nM2qW3eR4tT5yU6iI7oO8pP9aS0dF1gG2hH3jJ4kK5lL6zZ7xX8cC9vV0bB1nN2mM3qW4eR5tT6yU7iI8oO9pP0aS1dF2gG3hH4jJ5kK6lL7zZ8xX9cC0vB1nN2mQ3wE4rR5tT6yY7uU8iI9oO0pP1aS2dF3gG4hH5jJ6kK7lL8zX9cV0bN1nM2qW3eR4tT5yU6iI7oO8pP9aS0dF1gG2hH3jJ4kK5lL6zZ7xX8cC9vV0bB1nN2mM3qW4eR5tT6yU7iI8oO9pP0aS1dF2gG3hH4jJ5kK6lL7zZ8xX9cC0vB1nN2mQ3wE4rR5tT6yY7uU8iI9oO0pP1aS2dF3gG4hH5jJ6kK7l4hH5jJ6kK7lL8zX9cV0bN1nM2qW3eR4tT5yU6iI7oO8pP9aS0dF1gG2hH3jJ4kK5lL6z7nB9vR2mX8kLp4QjW3tY5zH1aG6sF9dD0fS8gA7hJ6kL5mN4bV3vC2xZ1oP9iU8uY7tT6rR5eE4wW3qQ2aZ1sX2dC3fV4gB5hN6jM7kL8pO9iU0yT1rE2wQ3aS4dF5gG6hH7jJ8kK9lL0zZ1xX2cC3vV4bB5nN6mM7qQ8wW9eE0rR1tT2yY3uU4iI5oO6pP7aA8sS9dD0fF1gG2hH3jJ4kK5lL6zZ7xX8cC9vV0bB1nN2mM3qW4eR5tT6yU7iI8oO9pP0aS1dF2gG3hH4jJ5kK6lL7zZ8xX9cC0vB1nN2mQ3wE4rR5tT6yY7uU8iI9oO0pP1aS2dF3gG4hH5jJ6kK7lL8zX9cV0bN1nM2qW3eR4tT5yU6iI7oO8pP9aS0dF1gG2hH3jJ4kK5lL6zZ7xX8cC9vV0bB1nN2mM3qW4eR5tT6yU7iI8oO9pP0aS1dF2gG3hH4jJ5kK6lL7zZ8xX9cC0vB1nN2mQ3wE4rR5tT6yY7uU8iI9oO0pP1aS2dF3gG4hH5jJ6kK7lL8zX9cV0bN1nM2qW3eR4tT5yU6iI7oO8pP9aS0dF1gG2hH3jJ4kK5lL6zZ7xX8cC9vV0bB1nN2mM3qW4eR5tT6yU7iI8oO9pP0aS1dF2gG3hH4jJ5kK6lL7zZ8xX9cC0vB1nN2mQ3wE4rR5tT6yY7uU8iI9oO0pP1aS2dF3gG4hH5jJ6kK7lL8zX9cV0bN1nM2qW3eR4tT5yU6iI7oO8pP9aS0dF1gG2hH3jJ4kK5lL6zZ7xX8cC9vV0bB1nN2mM3qW4eR5tT6yU7iI8oO9pP0aS1dF2gG3hH4jJ5kK6lL7zZ8xX9cC0vB1nN2mQ3wE4rR5tT6yY7uU8iI9oO0pP1aS2dF3gG4hH5jJ6kK7lL8zX9cV0bN1nM2qW3eR4tT5yU6iI7oO8pP9aS0dF1gG2hH3jJ4kK5lL6zZ7xX8cC9vV0bB1nN2mM3qW4eR5tT6yU7iI8oO9pP0aS1dF2gG3hH4jJ5kK6lL7zZ8xX9cC0vB1nN2mQ3wE4rR5tT6yY7uU8iI9oO0pP1aS2dF3gG4hH5jJ6kK7l4hH5jJ6kK7lL8zX9cV0bN1nM2qW3eR4tT5yU6iI7oO8pP9aS0dF1gG2hH3jJ4kK5lL6zZ7xX8cC9vV0bB1nN2mM3qW4eR5tT6yU7iI8oO9pP0aS1dF2gG3hH4jJ5kK6lL7zZ8xX9cC0vB1nN2mQ3wE4rR5tT6yY7uU8iI9oO0pP1aS2dF3gG4hH5jJ6kK7lL8zX9cV0bN1nM2qW3eR4tT5yU6iI7oO8pP9aS0dF1gG2hH3jJ4kK5lL6zZ7xX8cC9vV0bB1nN2mM3qW4eR5tT6yU7iI8oO9pP0aS1dF2gG3hH4jJ5kK6lL7zZ8xX9cC0vB1nN2mQ3wE4rR5tT6yY7uU8iI9oO0pP1aS2dF3gG4hH5jJ6kK7l4hH5jJ6kK7lL8zX9cV0bN1nM2qW3eR4tT5yU6iI7oO8pP9aS0dF1gG2hH3jJ4kK5lL6zZ7xX8cC9vV0bB1nN2mM3qW4eR5tT6yU7iI8oO9pP0aS1dF2gG3hH4jJ5kK6lL7zZ8xX9cC0vB1nN2mQ3wE4rR5tT6yY7uU8iI9oO0pP1aS2dF3gG4hH5jJ6kK7lL8zX9cV0bN1nM2qW3eR4tT5yU6iI7oO8pP9aS0dF1gG2hH3jJ4kK5lL6zZ7xX8cC9vV0bB1nN2mM3qW4eR5tT6yU7iI8oO9pP0aS1dF2gG3hH4jJ5kK6lL7zZ8xX9cC0vB1nN2mQ3wE4rR5tT6yY7uU8iI9oO0pP1aS2dF3gG4hH5jJ6kK7l4hH5jJ6kK7lL8zX9cV0bN1nM2qW3eR4tT5yU6iI7oO8pP9aS0dF1gG2hH3jJ4kK5lL6zZ7xX8cC9vV0bB1nN2mM3qW4eR5tT6yU7iI8oO9pP0aS1dF2gG3hH4jJ5kK6lL7zZ8xX9cC0vB1nN2mQ3wE4rR5tT6yY7uU8iI9oO0pP1aS2dF3gG4hH5jJ6kK7lL8zX9cV0bN1nM2qW3eR4tT5yU6iI7oO8pP9aS0dF1gG2hH3jJ4kK5lL6zZ7xX8cC9vV0bB1nN2mM3qW4eR5tT6yU7iI8oO9pP0aS1dF2gG3hH4jJ5kK6lL7zZ8xX9cC0vB1nN2mQ3wE4rR5tT6yY7uU8iI9oO0pP1aS2dF3gG4hH5jJ6kK7l4hH5jJ6kK7lL8zX9cV0bN1nM2qW3eR4tT5yU6iI7oO8pP9aS0dF1gG2hH3jJ4kK5lL6zZ7xX8cC9vV0bB1nN2mM3qW4eR5tT6yU7iI8oO9pP0aS1dF2gG3hH4jJ5kK6lL7zZ8xX9cC0vB1nN2mQ3wE4rR5tT6yY7uU8iI9oO0pP1aS2dF3gG4hH5jJ6kK7lL8zX9cV0bN1nM2qW3eR4tT5yU6iI7oO8pP9aS0dF1gG2hH3jJ4kK5lL6zZ7xX8cC9vV0bB1nN2mM3qW4eR5tT6yU7iI8oO9pP0aS1dF2gG3hH4jJ5kK6lL7zZ8xX9cC0vB1nN2mQ3wE4rR5tT6yY7uU8iI9oO0pP1aS2dF3gG4hH5jJ6kK7l4hH5jJ6kK7lL8zX9cV0bN1nM2qW3eR4tT5yU6iI7oO8pP9aS0dF1gG2hH3jJ4kK5lL6zZ7xX8cC9vV0bB1nN2mM3qW4eR5tT6yU7iI8oO9pP0aS1dF2gG3hH4jJ5kK6lL7zZ8xX9cC0vB1nN2mQ3wE4rR5tT6yY7uU8iI9oO0pP1aS2dF3gG4hH5jJ6kK7lL8zX9cV0bN1nM2qW3eR4tT5yU6iI7oO8pP9aS0dF1gG2hH3jJ4kK5lL6zZ7xX8cC9vV0bB1nN2mM3qW4eR5tT6yU7iI8oO9pP0aS1dF2gG3hH4jJ5kK6lL7zZ8xX9cC0vB1nN2mQ3wE4rR5tT6yY7uU8iI9oO0pP1aS2dF3gG4hH5jJ6kK7l4hH5jJ6kK7lL8zX9cV0bN1nM2qW3eR4tT5yU6iI7oO8pP9aS0dF1gG2hH3jJ4kK5lL6zZ7xX8cC9vV0bB1nN2mM3qW4eR5tT6yU7iI8oO9pP0aS1dF2gG3hH4jJ5kK6lL7zZ8xX9cC0vB1nN2mQ3wE4rR5tT6yY7uU8iI9oO0pP1aS2dF3gG4hH5jJ6kK7lL8zX9cV0bN1nM2qW3eR4tT5yU6iI7oO8pP9aS0dF1gG2hH3jJ4kK5lL6zZ7xX8cC9vV0bB1nN2mM3qW4eR5tT6yU7iI8oO9pP0aS1dF2gG3hH4jJ5kK6lL7zZ8xX9cC0vB1nN2mQ3wE4rR5tT6yY7uU8iI9oO0pP1aS2dF3gG4hH5jJ6kK7l4hH5jJ6kK7lL8zX9cV0bN1nM2qW3eR4tT5yU6iI7oO8pP9aS0dF1gG2hH3jJ4kK5lL6zZ7xX8cC9vV0bB1nN2mM3qW4eR5tT6yU7iI8oO9pP0aS1dF2gG3hH4jJ5kK6lL7zZ8xX9cC0vB1nN2mQ3wE4rR5tT6yY7uU8iI9oO0pP1aS2dF3gG4hH5jJ6kK7lL8zX9cV0bN1nM2qW3eR4tT5yU6iI7oO8pP9aS0dF1gG2hH3jJ4kK5lL6zZ7xX8cC9vV0bB1nN2mM3qW4eR5tT6yU7iI8oO9pP0aS1dF2gG3hH4jJ5kK6lL7zZ8xX9cC0vB1nN2mQ3wE4rR5tT6yY7uU8iI9oO0pP1aS2dF3gG4hH5jJ6kK7l4hH5jJ6kK7lL8zX9cV0bN1nM2qW3eR4tT5yU6iI7oO8pP9aS0dF1gG2hH3jJ4kK5lL6z7nB9vR2mX8kLp4QjW3tY5zH1aG6sF9dD0fS8gA7hJ6kL5mN4bV3vC2xZ1oP9iU8uY7tT6rR5eE4wW3qQ2aZ1sX2dC3fV4gB5hN6jM7kL8pO9iU0yT1rE2wQ3aS4dF5gG6hH7jJ8kK9lL0zZ1xX2cC3vV4bB5nN6mM7qQ8wW9eE0rR1tT2yY3uU4iI5oO6pP7aA8sS9dD0fF1gG2hH3jJ4kK5lL6zZ7xX8cC9vV0bB1nN2mM3qW4eR5tT6yU7iI8oO9pP0aS1dF2gG3hH4jJ5kK6lL7zZ8xX9cC0vB1nN2mQ3wE4rR5tT6yY7uU8iI9oO0pP1aS2dF3gG4hH5jJ6kK7lL8zX9cV0bN1nM2qW3eR4tT5yU6iI7oO8pP9aS0dF1gG2hH3jJ4kK5lL6zZ7xX8cC9vV0bB1nN2mM3qW4eR5tT6yU7iI8oO9pP0aS1dF2gG3hH4jJ5kK6lL7zZ8xX9cC0vB1nN2mQ3wE4rR5tT6yY7uU8iI9oO0pP1aS2dF3gG4hH5jJ6kK7lL8zX9cV0bN1nM2qW3eR4tT5yU6iI7oO8pP9aS0dF1gG2hH3jJ4kK5lL6zZ7xX8cC9vV0bB1nN2mM3qW4eR5tT6yU7iI8oO9pP0aS1dF2gG3hH4jJ5kK6lL7zZ8xX9cC0vB1nN2mQ3wE4rR5tT6yY7uU8iI9oO0pP1aS2dF3gG4hH5jJ6kK7lL8zX9cV0bN1nM2qW3eR4tT5yU6iI7oO8pP9aS0dF1gG2hH3jJ4kK5lL6zZ7xX8cC9vV0bB1nN2mM3qW4eR5tT6yU7iI8oO9pP0aS1dF2gG3hH4jJ5kK6lL7zZ8xX9cC0vB1nN2mQ3wE4rR5tT6yY7uU8iI9oO0pP1aS2dF3gG4hH5jJ6kK7lL8zX9cV0bN1nM2qW3eR4tT5yU6iI7oO8pP9aS0dF1gG2hH3jJ4kK5lL6zZ7xX8cC9vV0bB1nN2mM3qW4eR5tT6yU7iI8oO9pP0aS1dF2gG3hH4jJ5kK6lL7zZ8xX9cC0vB1nN2mQ3wE4rR5tT6yY7uU8iI9oO0pP1aS2dF3gG4hH5jJ6kK7l4hH5jJ6kK7lL8zX9cV0bN1nM2qW3eR4tT5yU6iI7oO8pP9aS0dF1gG2hH3jJ4kK5lL6zZ7xX8cC9vV0bB1nN2mM3qW4eR5tT6yU7iI8oO9pP0aS1dF2gG3hH4jJ5kK6lL7zZ8xX9cC0vB1nN2mQ3wE4rR5tT6yY7uU8iI9oO0pP1aS2dF3gG4hH5jJ6kK7lL8zX9cV0bN1nM2qW3eR4tT5yU6iI7oO8pP9aS0dF1gG2hH3jJ4kK5lL6zZ7xX8cC9vV0bB1nN2mM3qW4eR5tT6yU7iI8oO9pP0aS1dF2gG3hH4jJ5kK6lL7zZ8xX9cC0vB1nN2mQ3wE4rR5tT6yY7uU8iI9oO0pP1aS2dF3gG4hH5jJ6kK7l4hH5jJ6kK7lL8zX9cV0bN1nM2qW3eR4tT5yU6iI7oO8pP9aS0dF1gG2hH3jJ4kK5lL6zZ7xX8cC9vV0bB1nN2mM3qW4eR5tT6yU7iI8oO9pP0aS1dF2gG3hH4jJ5kK6lL7zZ8xX9cC0vB1nN2mQ3wE4rR5tT6yY7uU8iI9oO0pP1aS2dF3gG4hH5jJ6kK7lL8zX9cV0bN1nM2qW3eR4tT5yU6iI7oO8pP9aS0dF1gG2hH3jJ4kK5lL6zZ7xX8cC9vV0bB1nN2mM3qW4eR5tT6yU7iI8oO9pP0aS1dF2gG3hH4jJ5kK6lL7zZ8xX9cC0vB1nN2mQ3wE4rR5tT6yY7uU8iI9oO0pP1aS2dF3gG4hH5jJ6kK7l4hH5jJ6kK7lL8zX9cV0bN1nM2qW3eR4tT5yU6iI7oO8pP9aS0dF1gG2hH3jJ4kK5lL6zZ7xX8cC9vV0bB1nN2mM3qW4eR5tT6yU7iI8oO9pP0aS1dF2gG3hH4jJ5kK6lL7zZ8xX9cC0vB1nN2mQ3wE4rR5tT6yY7uU8iI9oO0pP1aS2dF3gG4hH5jJ6kK7lL8zX9cV0bN1nM2qW3eR4tT5yU6iI7oO8pP9aS0dF1gG2hH3jJ4kK5lL6zZ7xX8cC9vV0bB1nN2mM3qW4eR5tT6yU7iI8oO9pP0aS1dF2gG3hH4jJ5kK6lL7zZ8xX9cC0vB1nN2mQ3wE4rR5tT6yY7uU8iI9oO0pP1aS2dF3gG4hH5jJ6kK7l4hH5jJ6kK7lL8zX9cV0bN1nM2qW3eR4tT5yU6iI7oO8pP9aS0dF1gG2hH3jJ4kK5lL6zZ7xX8cC9vV0bB1nN2mM3qW4eR5tT6yU7iI8oO9pP0aS1dF2gG3hH4jJ5kK6lL7zZ8xX9cC0vB1nN2mQ3wE4rR5tT6yY7uU8iI9oO0pP1aS2dF3gG4hH5jJ6kK7lL8zX9cV0bN1nM2qW3eR4tT5yU6iI7oO8pP9aS0dF1gG2hH3jJ4kK5lL6zZ7xX8cC9vV0bB1nN2mM3qW4eR5tT6yU7iI8oO9pP0aS1dF2gG3hH4jJ5kK6lL7zZ8xX9cC0vB1nN2mQ3wE4rR5tT6yY7uU8iI9oO0pP1aS2dF3gG4hH5jJ6kK7l4hH5jJ6kK7lL8zX9cV0bN1nM2qW3eR4tT5yU6iI7oO8pP9aS0dF1gG2hH3jJ4kK5lL6zZ7xX8cC9vV0bB1nN2mM3qW4eR5tT6yU7iI8oO9pP0aS1dF2gG3hH4jJ5kK6lL7zZ8xX9cC0vB1nN2mQ3wE4rR5tT6yY7uU8iI9oO0pP1aS2dF3gG4hH5jJ6kK7lL8zX9cV0bN1nM2qW3eR4tT5yU6iI7oO8pP9aS0dF1gG2hH3jJ4kK5lL6zZ7xX8cC9vV0bB1nN2mM3qW4eR5tT6yU7iI8oO9pP0aS1dF2gG3hH4jJ5kK6lL7zZ8xX9cC0vB1nN2mQ3wE4rR5tT6yY7uU8iI9oO0pP1aS2dF3gG4hH5jJ6kK7l4hH5jJ6kK7lL8zX9cV0bN1nM2qW3eR4tT5yU6iI7oO8pP9aS0dF1gG2hH3jJ4kK5lL6zZ7xX8cC9vV0bB1nN2mM3qW4eR5tT6yU7iI8oO9pP0aS1dF2gG3hH4jJ5kK6lL7zZ8xX9cC0vB1nN2mQ3wE4rR5tT6yY7uU8iI9oO0pP1aS2dF3gG4hH5jJ6kK7lL8zX9cV0bN1nM2qW3eR4tT5yU6iI7oO8pP9aS0dF1gG2hH3jJ4kK5lL6zZ7xX8cC9vV0bB1nN2mM3qW4eR5tT6yU7iI8oO9pP0aS1dF2gG3hH4jJ5kK6lL7zZ8xX9cC0vB1nN2mQ3wE4rR5tT6yY7uU8iI9oO0pP1aS2dF3gG4hH5jJ6kK7l4hH5jJ6kK7lL8zX9cV0bN1nM2qW3eR4tT5yU6iI7oO8pP9aS0dF1gG2hH3jJ4kK5lL6zZ7xX8cC9vV0bB1nN2mM3qW4eR5tT6yU7iI8oO9pP0aS1dF2gG3hH4jJ5kK6lL7zZ8xX9cC0vB1nN2mQ3wE4rR5tT6yY7uU8iI9oO0pP1aS2dF3gG4hH5jJ6kK7lL8zX9cV0bN1nM2qW3eR4tT5yU6iI7oO8pP9aS0dF1gG2hH3jJ4kK5lL6zZ7xX8cC9vV0bB1nN2mM3qW4eR5tT6yU7iI8oO9pP0aS1dF2gG3hH4jJ5kK6lL7zZ8xX9cC0vB1nN2mQ3wE4rR5tT6yY7uU8iI9oO0pP1aS2dF3gG4hH5jJ6kK7l4hH5jJ6kK7lL8zX9cV0bN1nM2qW3eR4tT5yU6iI7oO8pP9aS0dF1gG2hH3jJ4kK5lL6z7nB9vR2mX8kLp4QjW3tY5zH1aG6sF9dD0fS8gA7hJ6kL5mN4bV3vC2xZ1oP9iU8uY7tT6rR5eE4wW3qQ2aZ1sX2dC3fV4gB5hN6jM7kL8pO9iU0yT1rE2wQ3aS4dF5gG6hH7jJ8kK9lL0zZ1xX2cC3vV4bB5nN6mM7qQ8wW9eE0rR1tT2yY3uU4iI5oO6pP7aA8sS9dD0fF1gG2hH3jJ4kK5lL6zZ7xX8cC9vV0bB1nN2mM3qW4eR5tT6yU7iI8oO9pP0aS1dF2gG3hH4jJ5kK6lL7zZ8xX9cC0vB1nN2mQ3wE4rR5tT6yY7uU8iI9oO0pP1aS2dF3gG4hH5jJ6kK7lL8zX9cV0bN1nM2qW3eR4tT5yU6iI7oO8pP9aS0dF1gG2hH3jJ4kK5lL6zZ7xX8cC9vV0bB1nN2mM3qW4eR5tT6yU7iI8oO9pP0aS1dF2gG3hH4jJ5kK6lL7zZ8xX9cC0vB1nN2mQ3wE4rR5tT6yY7uU8iI9oO0pP1aS2dF3gG4hH5jJ6kK7lL8zX9cV0bN1nM2qW3eR4tT5yU6iI7oO8pP9aS0dF1gG2hH3jJ4kK5lL6zZ7xX8cC9vV0bB1nN2mM3qW4eR5tT6yU7iI8oO9pP0aS1dF2gG3hH4jJ5kK6lL7zZ8xX9cC0vB1nN2mQ3wE4rR5tT6yY7uU8iI9oO0pP1aS2dF3gG4hH5jJ6kK7lL8zX9cV0bN1nM2qW3eR4tT5yU6iI7oO8pP9aS0dF1gG2hH3jJ4kK5lL6zZ7xX8cC9vV0bB1nN2mM3qW4eR5tT6yU7iI8oO9pP0aS1dF2gG3hH4jJ5kK6lL7zZ8xX9cC0vB1nN2mQ3wE4rR5tT6yY7uU8iI9oO0pP1aS2dF3gG4hH5jJ6kK7lL8zX9cV0bN1nM2qW3eR4tT5yU6iI7oO8pP9aS0dF1gG2hH3jJ4kK5lL6zZ7xX8cC9vV0bB1nN2mM3qW4eR5tT6yU7iI8oO9pP0aS1dF2gG3hH4jJ5kK6lL7zZ8xX9cC0vB1nN2mQ3wE4rR5tT6yY7uU8iI9oO0pP1aS2dF3gG4hH5jJ6kK7l4hH5jJ6kK7lL8zX9cV0bN1nM2qW3eR4tT5yU6iI7oO8pP9aS0dF1gG2hH3jJ4kK5lL6zZ7xX8cC9vV0bB1nN2mM3qW4eR5tT6yU7iI8oO9pP0aS1dF2gG3hH4jJ5kK6lL7zZ8xX9cC0vB1nN2mQ3wE4rR5tT6yY7uU8iI9oO0pP1aS2dF3gG4hH5jJ6kK7lL8zX9cV0bN1nM2qW3eR4tT5yU6iI7oO8pP9aS0dF1gG2hH3jJ4kK5lL6zZ7xX8cC9vV0bB1nN2mM3qW4eR5tT6yU7iI8oO9pP0aS1dF2gG3hH4jJ5kK6lL7zZ8xX9cC0vB1nN2mQ3wE4rR5tT6yY7uU8iI9oO0pP1aS2dF3gG4hH5jJ6kK7l4hH5jJ6kK7lL8zX9cV0bN1nM2qW3eR4tT5yU6iI7oO8pP9aS0dF1gG2hH3jJ4kK5lL6zZ7xX8cC9vV0bB1nN2mM3qW4eR5tT6yU7iI8oO9pP0aS1dF2gG3hH4jJ5kK6lL7zZ8xX9cC0vB1nN2mQ3wE4rR5tT6yY7uU8iI9oO0pP1aS2dF3gG4hH5jJ6kK7lL8zX9cV0bN1nM2qW3eR4tT5yU6iI7oO8pP9aS0dF1gG2hH3jJ4kK5lL6zZ7xX8cC9vV0bB1nN2mM3qW4eR5tT6yU7iI8oO9pP0aS1dF2gG3hH4jJ5kK6lL7zZ8xX9cC0vB1nN2mQ3wE4rR5tT6yY7uU8iI9oO0pP1aS2dF3gG4hH5jJ6kK7l4hH5jJ6kK7lL8zX9cV0bN1nM2qW3eR4tT5yU6iI7oO8pP9aS0dF1gG2hH3jJ4kK5lL6zZ7xX8cC9vV0bB1nN2mM3qW4eR5tT6yU7iI8oO9pP0aS1dF2gG3hH4jJ5kK6lL7zZ8xX9cC0vB1nN2mQ3wE4rR5tT6yY7uU8iI9oO0pP1aS2dF3gG4hH5jJ6kK7lL8zX9cV0bN1nM2qW3eR4tT5yU6iI7oO8pP9aS0dF1gG2hH3jJ4kK5lL6zZ7xX8cC9vV0bB1nN2mM3qW4eR5tT6yU7iI8oO9pP0aS1dF2gG3hH4jJ5kK6lL7zZ8xX9cC0vB1nN2mQ3wE4rR5tT6yY7uU8iI9oO0pP1aS2dF3gG4hH5jJ6kK7l4hH5jJ6kK7lL8zX9cV0bN1nM2qW3eR4tT5yU6iI7oO8pP9aS0dF1gG2hH3jJ4kK5lL6zZ7xX8cC9vV0bB1nN2mM3qW4eR5tT6yU7iI8oO9pP0aS1dF2gG3hH4jJ5kK6lL7zZ8xX9cC0vB1nN2mQ3wE4rR5tT6yY7uU8iI9oO0pP1aS2dF3gG4hH5jJ6kK7lL8zX9cV0bN1nM2qW3eR4tT5yU6iI7oO8pP9aS0dF1gG2hH3jJ4kK5lL6zZ7xX8cC9vV0bB1nN2mM3qW4eR5tT6yU7iI8oO9pP0aS1dF2gG3hH4jJ5kK6lL7zZ8xX9cC0vB1nN2mQ3wE4rR5tT6yY7uU8iI9oO0pP1aS2dF3gG4hH5jJ6kK7l4hH5jJ6kK7lL8zX9cV0bN1nM2qW3eR4tT5yU6iI7oO8pP9aS0dF1gG2hH3jJ4kK5lL6zZ7xX8cC9vV0bB1nN2mM3qW4eR5tT6yU7iI8oO9pP0aS1dF2gG3hH4jJ5kK6lL7zZ8xX9cC0vB1nN2mQ3wE4rR5tT6yY7uU8iI9oO0pP1aS2dF3gG4hH5jJ6kK7lL8zX9cV0bN1nM2qW3eR4tT5yU6iI7oO8pP9aS0dF1gG2hH3jJ4kK5lL6zZ7xX8cC9vV0bB1nN2mM3qW4eR5tT6yU7iI8oO9pP0aS1dF2gG3hH4jJ5kK6lL7zZ8xX9cC0vB1nN2mQ3wE4rR5tT6yY7uU8iI9oO0pP1aS2dF3gG4hH5jJ6kK7l4hH5jJ6kK7lL8zX9cV0bN1nM2qW3eR4tT5yU6iI7oO8pP9aS0dF1gG2hH3jJ4kK5lL6zZ7xX8cC9vV0bB1nN2mM3qW4eR5tT6yU7iI8oO9pP0aS1dF2gG3hH4jJ5kK6lL7zZ8xX9cC0vB1nN2mQ3wE4rR5tT6yY7uU8iI9oO0pP1aS2dF3gG4hH5jJ6kK7lL8zX9cV0bN1nM2qW3eR4tT5yU6iI7oO8pP9aS0dF1gG2hH3jJ4kK5lL6zZ7xX8cC9vV0bB1nN2mM3qW4eR5tT6yU7iI8oO9pP0aS1dF2gG3hH4jJ5kK6lL7zZ8xX9cC0vB1nN2mQ3wE4rR5tT6yY7uU8iI9oO0pP1aS2dF3gG4hH5jJ6kK7l4hH5jJ6kK7lL8zX9cV0bN1nM2qW3eR4tT5yU6iI7oO8pP9aS0dF1gG2hH3jJ4kK5lL6zZ7xX8cC9vV0bB1nN2mM3qW4eR5tT6yU7iI8oO9pP0aS1dF2gG3hH4jJ5kK6lL7zZ8xX9cC0vB1nN2mQ3wE4rR5tT6yY7uU8iI9oO0pP1aS2dF3gG4hH5jJ6kK7lL8zX9cV0bN1nM2qW3eR4tT5yU6iI7oO8pP9aS0dF1gG2hH3jJ4kK5lL6zZ7xX8cC9vV0bB1nN2mM3qW4eR5tT6yU7iI8oO9pP0aS1dF2gG3hH4jJ5kK6lL7zZ8xX9cC0vB1nN2mQ3wE4rR5tT6yY7uU8iI9oO0pP1aS2dF3gG4hH5jJ6kK7l4hH5jJ6kK7lL8zX9cV0bN1nM2qW3eR4tT5yU6iI7oO8pP9aS0dF1gG2hH3jJ4kK5lL6z7nB9vR2mX8kLp4QjW3tY5zH1aG6sF9dD0fS8gA7hJ6kL5mN4bV3vC2xZ1oP9iU8uY7tT6rR5eE4wW3qQ2aZ1sX2dC3fV4gB5hN6jM7kL8pO9iU0yT1rE2wQ3aS4dF5gG6hH7jJ8kK9lL0zZ1xX2cC3vV4bB5nN6mM7qQ8wW9eE0rR1tT2yY3uU4iI5oO6pP7aA8sS9dD0fF1gG2hH3jJ4kK5lL6zZ7xX8cC9vV0bB1nN2mM3qW4eR5tT6yU7iI8oO9pP0aS1dF2gG3hH4jJ5kK6lL7zZ8xX9cC0vB1nN2mQ3wE4rR5tT6yY7uU8iI9oO0pP1aS2dF3gG4hH5jJ6kK7lL8zX9cV0bN1nM2qW3eR4tT5yU6iI7oO8pP9aS0dF1gG2hH3jJ4kK5lL6zZ7xX8cC9vV0bB1nN2mM3qW4eR5tT6yU7iI8oO9pP0aS1dF2gG3hH4jJ5kK6lL7zZ8xX9cC0vB1nN2mQ3wE4rR5tT6yY7uU8iI9oO0pP1aS2dF3gG4hH5jJ6kK7lL8zX9cV0bN1nM2qW3eR4tT5yU6iI7oO8pP9aS0dF1gG2hH3jJ4kK5lL6zZ7xX8cC9vV0bB1nN2mM3qW4eR5tT6yU7iI8oO9pP0aS1dF2gG3hH4jJ5kK6lL7zZ8xX9cC0vB1nN2mQ3wE4rR5tT6yY7uU8iI9oO0pP1aS2dF3gG4hH5jJ6kK7lL8zX9cV0bN1nM2qW3eR4tT5yU6iI7oO8pP9aS0dF1gG2hH3jJ4kK5lL6zZ7xX8cC9vV0bB1nN2mM3qW4eR5tT6yU7iI8oO9pP0aS1dF2gG3hH4jJ5kK6lL7zZ8xX9cC0vB1nN2mQ3wE4rR5tT6yY7uU8iI9oO0pP1aS2dF3gG4hH5jJ6kK7lL8zX9cV0bN1nM2qW3eR4tT5yU6iI7oO8pP9aS0dF1gG2hH3jJ4kK5lL6zZ7xX8cC9vV0bB1nN2mM3qW4eR5tT6yU7iI8oO9pP0aS1dF2gG3hH4jJ5kK6lL7zZ8xX9cC0vB1nN2mQ3wE4rR5tT6yY7uU8iI9oO0pP1aS2dF3gG4hH5jJ6kK7l4hH5jJ6kK7lL8zX9cV0bN1nM2qW3eR4tT5yU6iI7oO8pP9aS0dF1gG2hH3jJ4kK5lL6zZ7xX8cC9vV0bB1nN2mM3qW4eR5tT6yU7iI8oO9pP0aS1dF2gG3hH4jJ5kK6lL7zZ8xX9cC0vB1nN2mQ3wE4rR5tT6yY7uU8iI9oO0pP1aS2dF3gG4hH5jJ6kK7lL8zX9cV0bN1nM2qW3eR4tT5yU6iI7oO8pP9aS0dF1gG2hH3jJ4kK5lL6zZ7xX8cC9vV0bB1nN2mM3qW4eR5tT6yU7iI8oO9pP0aS1dF2gG3hH4jJ5kK6lL7zZ8xX9cC0vB1nN2mQ3wE4rR5tT6yY7uU8iI9oO0pP1aS2dF3gG4hH5jJ6kK7l4hH5jJ6kK7lL8zX9cV0bN1nM2qW3eR4tT5yU6iI7oO8pP9aS0dF1gG2hH3jJ4kK5lL6zZ7xX8cC9vV0bB1nN2mM3qW4eR5tT6yU7iI8oO9pP0aS1dF2gG3hH4jJ5kK6lL7zZ8xX9cC0vB1nN2mQ3wE4rR5tT6yY7uU8iI9oO0pP1aS2dF3gG4hH5jJ6kK7lL8zX9cV0bN1nM2qW3eR4tT5yU6iI7oO8pP9aS0dF1gG2hH3jJ4kK5lL6zZ7xX8cC9vV0bB1nN2mM3qW4eR5tT6yU7iI8oO9pP0aS1dF2gG3hH4jJ5kK6lL7zZ8xX9cC0vB1nN2mQ3wE4rR5tT6yY7uU8iI9oO0pP1aS2dF3gG4hH5jJ6kK7l4hH5jJ6kK7lL8zX9cV0bN1nM2qW3eR4tT5yU6iI7oO8pP9aS0dF1gG2hH3jJ4kK5lL6zZ7xX8cC9vV0bB1nN2mM3qW4eR5tT6yU7iI8oO9pP0aS1dF2gG3hH4jJ5kK6lL7zZ8xX9cC0vB1nN2mQ3wE4rR5tT6yY7uU8iI9oO0pP1aS2dF3gG4hH5jJ6kK7lL8zX9cV0bN1nM2qW3eR4tT5yU6iI7oO8pP9aS0dF1gG2hH3jJ4kK5lL6zZ7xX8cC9vV0bB1nN2mM3qW4eR5tT6yU7iI8oO9pP0aS1dF2gG3hH4jJ5kK6lL7zZ8xX9cC0vB1nN2mQ3wE4rR5tT6yY7uU8iI9oO0pP1aS2dF3gG4hH5jJ6kK7l4hH5jJ6kK7lL8zX9cV0bN1nM2qW3eR4tT5yU6iI7oO8pP9aS0dF1gG2hH3jJ4kK5lL6zZ7xX8cC9vV0bB1nN2mM3qW4eR5tT6yU7iI8oO9pP0aS1dF2gG3hH4jJ5kK6lL7zZ8xX9cC0vB1nN2mQ3wE4rR5tT6yY7uU8iI9oO0pP1aS2dF3gG4hH5jJ6kK7lL8zX9cV0bN1nM2qW3eR4tT5yU6iI7oO8pP9aS0dF1gG2hH3jJ4kK5lL6zZ7xX8cC9vV0bB1nN2mM3qW4eR5tT6yU7iI8oO9pP0aS1dF2gG3hH4jJ5kK6lL7zZ8xX9cC0vB1nN2mQ3wE4rR5tT6yY7uU8iI9oO0pP1aS2dF3gG4hH5jJ6kK7l4hH5jJ6kK7lL8zX9cV0bN1nM2qW3eR4tT5yU6iI7oO8pP9aS0dF1gG2hH3jJ4kK5lL6zZ7xX8cC9vV0bB1nN2mM3qW4eR5tT6yU7iI8oO9pP0aS1dF2gG3hH4jJ5kK6lL7zZ8xX9cC0vB1nN2mQ3wE4rR5tT6yY7uU8iI9oO0pP1aS2dF3gG4hH5jJ6kK7lL8zX9cV0bN1nM2qW3eR4tT5yU6iI7oO8pP9aS0dF1gG2hH3jJ4kK5lL6zZ7xX8cC9vV0bB1nN2mM3qW4eR5tT6yU7iI8oO9pP0aS1dF2gG3hH4jJ5kK6lL7zZ8xX9cC0vB1nN2mQ3wE4rR5tT6yY7uU8iI9oO0pP1aS2dF3gG4hH5jJ6kK7l4hH5jJ6kK7lL8zX9cV0bN1nM2qW3eR4tT5yU6iI7oO8pP9aS0dF1gG2hH3jJ4kK5lL6zZ7xX8cC9vV0bB1nN2mM3qW4eR5tT6yU7iI8oO9pP0aS1dF2gG3hH4jJ5kK6lL7zZ8xX9cC0vB1nN2mQ3wE4rR5tT6yY7uU8iI9oO0pP1aS2dF3gG4hH5jJ6kK7lL8zX9cV0bN1nM2qW3eR4tT5yU6iI7oO8pP9aS0dF1gG2hH3jJ4kK5lL6zZ7xX8cC9vV0bB1nN2mM3qW4eR5tT6yU7iI8oO9pP0aS1dF2gG3hH4jJ5kK6lL7zZ8xX9cC0vB1nN2mQ3wE4rR5tT6yY7uU8iI9oO0pP1aS2dF3gG4hH5jJ6kK7l4hH5jJ6kK7lL8zX9cV0bN1nM2qW3eR4tT5yU6iI7oO8pP9aS0dF1gG2hH3jJ4kK5lL6zZ7xX8cC9vV0bB1nN2mM3qW4eR5tT6yU7iI8oO9pP0aS1dF2gG3hH4jJ5kK6lL7zZ8xX9cC0vB1nN2mQ3wE4rR5tT6yY7uU8iI9oO0pP1aS2dF3gG4hH5jJ6kK7lL8zX9cV0bN1nM2qW3eR4tT5yU6iI7oO8pP9aS0dF1gG2hH3jJ4kK5lL6zZ7xX8cC9vV0bB1nN2mM3qW4eR5tT6yU7iI8oO9pP0aS1dF2gG3hH4jJ5kK6lL7zZ8xX9cC0vB1nN2mQ3wE4rR5tT6yY7uU8iI9oO0pP1aS2dF3gG4hH5jJ6kK7l4hH5jJ6kK7lL8zX9cV0bN1nM2qW3eR4tT5yU6iI7oO8pP9aS0dF1gG2hH3jJ4kK5lL6z7nB9vR2mX8kLp4QjW3tY5zH1aG6sF9dD0fS8gA7hJ6kL5mN4bV3vC2xZ1oP9iU8uY7tT6rR5eE4wW3qQ2aZ1sX2dC3fV4gB5hN6jM7kL8pO9iU0yT1rE2wQ3aS4dF5gG6hH7jJ8kK9lL0zZ1xX2cC3vV4bB5nN6mM7qQ8wW9eE0rR1tT2yY3uU4iI5oO6pP7aA8sS9dD0fF1gG2hH3jJ4kK5lL6zZ7xX8cC9vV0bB1nN2mM3qW4eR5tT6yU7iI8oO9pP0aS1dF2gG3hH4jJ5kK6lL7zZ8xX9cC0vB1nN2mQ3wE4rR5tT6yY7uU8iI9oO0pP1aS2dF3gG4hH5jJ6kK7lL8zX9cV0bN1nM2qW3eR4tT5yU6iI7oO8pP9aS0dF1gG2hH3jJ4kK5lL6zZ7xX8cC9vV0bB1nN2mM3qW4eR5tT6yU7iI8oO9pP0aS1dF2gG3hH4jJ5kK6lL7zZ8xX9cC0vB1nN2mQ3wE4rR5tT6yY7uU8iI9oO0pP1aS2dF3gG4hH5jJ6kK7lL8zX9cV0bN1nM2qW3eR4tT5yU6iI7oO8pP9aS0dF1gG2hH3jJ4kK5lL6zZ7xX8cC9vV0bB1nN2mM3qW4eR5tT6yU7iI8oO9pP0aS1dF2gG3hH4jJ5kK6lL7zZ8xX9cC0vB1nN2mQ3wE4rR5tT6yY7uU8iI9oO0pP1aS2dF3gG4hH5jJ6kK7lL8zX9cV0bN1nM2qW3eR4tT5yU6iI7oO8pP9aS0dF1gG2hH3jJ4kK5lL6zZ7xX8cC9vV0bB1nN2mM3qW4eR5tT6yU7iI8oO9pP0aS1dF2gG3hH4jJ5kK6lL7zZ8xX9cC0vB1nN2mQ3wE4rR5tT6yY7uU8iI9oO0pP1aS2dF3gG4hH5jJ6kK7lL8zX9cV0bN1nM2qW3eR4tT5yU6iI7oO8pP9aS0dF1gG2hH3jJ4kK5lL6zZ7xX8cC9vV0bB1nN2mM3qW4eR5tT6yU7iI8oO9pP0aS1dF2gG3hH4jJ5kK6lL7zZ8xX9cC0vB1nN2mQ3wE4rR5tT6yY7uU8iI9oO0pP1aS2dF3gG4hH5jJ6kK7l4hH5jJ6kK7lL8zX9cV0bN1nM2qW3eR4tT5yU6iI7oO8pP9aS0dF1gG2hH3jJ4kK5lL6zZ7xX8cC9vV0bB1nN2mM3qW4eR5tT6yU7iI8oO9pP0aS1dF2gG3hH4jJ5kK6lL7zZ8xX9cC0vB1nN2mQ3wE4rR5tT6yY7uU8iI9oO0pP1aS2dF3gG4hH5jJ6kK7lL8zX9cV0bN1nM2qW3eR4tT5yU6iI7oO8pP9aS0dF1gG2hH3jJ4kK5lL6zZ7xX8cC9vV0bB1nN2mM3qW4eR5tT6yU7iI8oO9pP0aS1dF2gG3hH4jJ5kK6lL7zZ8xX9cC0vB1nN2mQ3wE4rR5tT6yY7uU8iI9oO0pP1aS2dF3gG4hH5jJ6kK7l4hH5jJ6kK7lL8zX9cV0bN1nM2qW3eR4tT5yU6iI7oO8pP9aS0dF1gG2hH3jJ4kK5lL6zZ7xX8cC9vV0bB1nN2mM3qW4eR5tT6yU7iI8oO9pP0aS1dF2gG3hH4jJ5kK6lL7zZ8xX9cC0vB1nN2mQ3wE4rR5tT6yY7uU8iI9oO0pP1aS2dF3gG4hH5jJ6kK7lL8zX9cV0bN1nM2qW3eR4tT5yU6iI7oO8pP9aS0dF1gG2hH3jJ4kK5lL6zZ7xX8cC9vV0bB1nN2mM3qW4eR5tT6yU7iI8oO9pP0aS1dF2gG3hH4jJ5kK6lL7zZ8xX9cC0vB1nN2mQ3wE4rR5tT6yY7uU8iI9oO0pP1aS2dF3gG4hH5jJ6kK7l4hH5jJ6kK7lL8zX9cV0bN1nM2qW3eR4tT5yU6iI7oO8pP9aS0dF1gG2hH3jJ4kK5lL6zZ7xX8cC9vV0bB1nN2mM3qW4eR5tT6yU7iI8oO9pP0aS1dF2gG3hH4jJ5kK6lL7zZ8xX9cC0vB1nN2mQ3wE4rR5tT6yY7uU8iI9oO0pP1aS2dF3gG4hH5jJ6kK7lL8zX9cV0bN1nM2qW3eR4tT5yU6iI7oO8pP9aS0dF1gG2hH3jJ4kK5lL6zZ7xX8cC9vV0bB1nN2mM3qW4eR5tT6yU7iI8oO9pP0aS1dF2gG3hH4jJ5kK6lL7zZ8xX9cC0vB1nN2mQ3wE4rR5tT6yY7uU8iI9oO0pP1aS2dF3gG4hH5jJ6kK7l4hH5jJ6kK7lL8zX9cV0bN1nM2qW3eR4tT5yU6iI7oO8pP9aS0dF1gG2hH3jJ4kK5lL6zZ7xX8cC9vV0bB1nN2mM3qW4eR5tT6yU7iI8oO9pP0aS1dF2gG3hH4jJ5kK6lL7zZ8xX9cC0vB1nN2mQ3wE4rR5tT6yY7uU8iI9oO0pP1aS2dF3gG4hH5jJ6kK7lL8zX9cV0bN1nM2qW3eR4tT5yU6iI7oO8pP9aS0dF1gG2hH3jJ4kK5lL6zZ7xX8cC9vV0bB1nN2mM3qW4eR5tT6yU7iI8oO9pP0aS1dF2gG3hH4jJ5kK6lL7zZ8xX9cC0vB1nN2mQ3wE4rR5tT6yY7uU8iI9oO0pP1aS2dF3gG4hH5jJ6kK7l4hH5jJ6kK7lL8zX9cV0bN1nM2qW3eR4tT5yU6iI7oO8pP9aS0dF1gG2hH3jJ4kK5lL6zZ7xX8cC9vV0bB1nN2mM3qW4eR5tT6yU7iI8oO9pP0aS1dF2gG3hH4jJ5kK6lL7zZ8xX9cC0vB1nN2mQ3wE4rR5tT6yY7uU8iI9oO0pP1aS2dF3gG4hH5jJ6kK7lL8zX9cV0bN1nM2qW3eR4tT5yU6iI7oO8pP9aS0dF1gG2hH3jJ4kK5lL6zZ7xX8cC9vV0bB1nN2mM3qW4eR5tT6yU7iI8oO9pP0aS1dF2gG3hH4jJ5kK6lL7zZ8xX9cC0vB1nN2mQ3wE4rR5tT6yY7uU8iI9oO0pP1aS2dF3gG4hH5jJ6kK7l4hH5jJ6kK7lL8zX9cV0bN1nM2qW3eR4tT5yU6iI7oO8pP9aS0dF1gG2hH3jJ4kK5lL6zZ7xX8cC9vV0bB1nN2mM3qW4eR5tT6yU7iI8oO9pP0aS1dF2gG3hH4jJ5kK6lL7zZ8xX9cC0vB1nN2mQ3wE4rR5tT6yY7uU8iI9oO0pP1aS2dF3gG4hH5jJ6kK7lL8zX9cV0bN1nM2qW3eR4tT5yU6iI7oO8pP9aS0dF1gG2hH3jJ4kK5lL6zZ7xX8cC9vV0bB1nN2mM3qW4eR5tT6yU7iI8oO9pP0aS1dF2gG3hH4jJ5kK6lL7zZ8xX9cC0vB1nN2mQ3wE4rR5tT6yY7uU8iI9oO0pP1aS2dF3gG4hH5jJ6kK7l4hH5jJ6kK7lL8zX9cV0bN1nM2qW3eR4tT5yU6iI7oO8pP9aS0dF1gG2hH3jJ4kK5lL6zZ7xX8cC9vV0bB1nN2mM3qW4eR5tT6yU7iI8oO9pP0aS1dF2gG3hH4jJ5kK6lL7zZ8xX9cC0vB1nN2mQ3wE4rR5tT6yY7uU8iI9oO0pP1aS2dF3gG4hH5jJ6kK7lL8zX9cV0bN1nM2qW3eR4tT5yU6iI7oO8pP9aS0dF1gG2hH3jJ4kK5lL6zZ7xX8cC9vV0bB1nN2mM3qW4eR5tT6yU7iI8oO9pP0aS1dF2gG3hH4jJ5kK6lL7zZ8xX9cC0vB1nN2mQ3wE4rR5tT6yY7uU8iI9oO0pP1aS2dF3gG4hH5jJ6kK7l4hH5jJ6kK7lL8zX9cV0bN1nM2qW3eR4tT5yU6iI7oO8pP9aS0dF1gG2hH3jJ4kK5lL6z7nB9vR2mX8kLp4QjW3tY5zH1aG6sF9dD0fS8gA7hJ6kL5mN4bV3vC2xZ1oP9iU8uY7tT6rR5eE4wW3qQ2aZ1sX2dC3fV4gB5hN6jM7kL8pO9iU0yT1rE2wQ3aS4dF5gG6hH7jJ8kK9lL0zZ1xX2cC3vV4bB5nN6mM7qQ8wW9eE0rR1tT2yY3uU4iI5oO6pP7aA8sS9dD0fF1gG2hH3jJ4kK5lL6zZ7xX8cC9vV0bB1nN2mM3qW4eR5tT6yU7iI8oO9pP0aS1dF2gG3hH4jJ5kK6lL7zZ8xX9cC0vB1nN2mQ3wE4rR5tT6yY7uU8iI9oO0pP1aS2dF3gG4hH5jJ6kK7lL8zX9cV0bN1nM2qW3eR4tT5yU6iI7oO8pP9aS0dF1gG2hH3jJ4kK5lL6zZ7xX8cC9vV0bB1nN2mM3qW4eR5tT6yU7iI8oO9pP0aS1dF2gG3hH4jJ5kK6lL7zZ8xX9cC0vB1nN2mQ3wE4rR5tT6yY7uU8iI9oO0pP1aS2dF3gG4hH5jJ6kK7lL8zX9cV0bN1nM2qW3eR4tT5yU6iI7oO8pP9aS0dF1gG2hH3jJ4kK5lL6zZ7xX8cC9vV0bB1nN2mM3qW4eR5tT6yU7iI8oO9pP0aS1dF2gG3hH4jJ5kK6lL7zZ8xX9cC0vB1nN2mQ3wE4rR5tT6yY7uU8iI9oO0pP1aS2dF3gG4hH5jJ6kK7lL8zX9cV0bN1nM2qW3eR4tT5yU6iI7oO8pP9aS0dF1gG2hH3jJ4kK5lL6zZ7xX8cC9vV0bB1nN2mM3qW4eR5tT6yU7iI8oO9pP0aS1dF2gG3hH4jJ5kK6lL7zZ8xX9cC0vB1nN2mQ3wE4rR5tT6yY7uU8iI9oO0pP1aS2dF3gG4hH5jJ6kK7lL8zX9cV0bN1nM2qW3eR4tT5yU6iI7oO8pP9aS0dF1gG2hH3jJ4kK5lL6zZ7xX8cC9vV0bB1nN2mM3qW4eR5tT6yU7iI8oO9pP0aS1dF2gG3hH4jJ5kK6lL7zZ8xX9cC0vB1nN2mQ3wE4rR5tT6yY7uU8iI9oO0pP1aS2dF3gG4hH5jJ6kK7l4hH5jJ6kK7lL8zX9cV0bN1nM2qW3eR4tT5yU6iI7oO8pP9aS0dF1gG2hH3jJ4kK5lL6zZ7xX8cC9vV0bB1nN2mM3qW4eR5tT6yU7iI8oO9pP0aS1dF2gG3hH4jJ5kK6lL7zZ8xX9cC0vB1nN2mQ3wE4rR5tT6yY7uU8iI9oO0pP1aS2dF3gG4hH5jJ6kK7lL8zX9cV0bN1nM2qW3eR4tT5yU6iI7oO8pP9aS0dF1gG2hH3jJ4kK5lL6zZ7xX8cC9vV0bB1nN2mM3qW4eR5tT6yU7iI8oO9pP0aS1dF2gG3hH4jJ5kK6lL7zZ8xX9cC0vB1nN2mQ3wE4rR5tT6yY7uU8iI9oO0pP1aS2dF3gG4hH5jJ6kK7l4hH5jJ6kK7lL8zX9cV0bN1nM2qW3eR4tT5yU6iI7oO8pP9aS0dF1gG2hH3jJ4kK5lL6zZ7xX8cC9vV0bB1nN2mM3qW4eR5tT6yU7iI8oO9pP0aS1dF2gG3hH4jJ5kK6lL7zZ8xX9cC0vB1nN2mQ3wE4rR5tT6yY7uU8iI9oO0pP1aS2dF3gG4hH5jJ6kK7lL8zX9cV0bN1nM2qW3eR4tT5yU6iI7oO8pP9aS0dF1gG2hH3jJ4kK5lL6zZ7xX8cC9vV0bB1nN2mM3qW4eR5tT6yU7iI8oO9pP0aS1dF2gG3hH4jJ5kK6lL7zZ8xX9cC0vB1nN2mQ3wE4rR5tT6yY7uU8iI9oO0pP1aS2dF3gG4hH5jJ6kK7l4hH5jJ6kK7lL8zX9cV0bN1nM2qW3eR4tT5yU6iI7oO8pP9aS0dF1gG2hH3jJ4kK5lL6zZ7xX8cC9vV0bB1nN2mM3qW4eR5tT6yU7iI8oO9pP0aS1dF2gG3hH4jJ5kK6lL7zZ8xX9cC0vB1nN2mQ3wE4rR5tT6yY7uU8iI9oO0pP1aS2dF3gG4hH5jJ6kK7lL8zX9cV0bN1nM2qW3eR4tT5yU6iI7oO8pP9aS0dF1gG2hH3jJ4kK5lL6zZ7xX8cC9vV0bB1nN2mM3qW4eR5tT6yU7iI8oO9pP0aS1dF2gG3hH4jJ5kK6lL7zZ8xX9cC0vB1nN2mQ3wE4rR5tT6yY7uU8iI9oO0pP1aS2dF3gG4hH5jJ6kK7l4hH5jJ6kK7lL8zX9cV0bN1nM2qW3eR4tT5yU6iI7oO8pP9aS0dF1gG2hH3jJ4kK5lL6zZ7xX8cC9vV0bB1nN2mM3qW4eR5tT6yU7iI8oO9pP0aS1dF2gG3hH4jJ5kK6lL7zZ8xX9cC0vB1nN2mQ3wE4rR5tT6yY7uU8iI9oO0pP1aS2dF3gG4hH5jJ6kK7lL8zX9cV0bN1nM2qW3eR4tT5yU6iI7oO8pP9aS0dF1gG2hH3jJ4kK5lL6zZ7xX8cC9vV0bB1nN2mM3qW4eR5tT6yU7iI8oO9pP0aS1dF2gG3hH4jJ5kK6lL7zZ8xX9cC0vB1nN2mQ3wE4rR5tT6yY7uU8iI9oO0pP1aS2dF3gG4hH5jJ6kK7l4hH5jJ6kK7lL8zX9cV0bN1nM2qW3eR4tT5yU6iI7oO8pP9aS0dF1gG2hH3jJ4kK5lL6zZ7xX8cC9vV0bB1nN2mM3qW4eR5tT6yU7iI8oO9pP0aS1dF2gG3hH4jJ5kK6lL7zZ8xX9cC0vB1nN2mQ3wE4rR5tT6yY7uU8iI9oO0pP1aS2dF3gG4hH5jJ6kK7lL8zX9cV0bN1nM2qW3eR4tT5yU6iI7oO8pP9aS0dF1gG2hH3jJ4kK5lL6zZ7xX8cC9vV0bB1nN2mM3qW4eR5tT6yU7iI8oO9pP0aS1dF2gG3hH4jJ5kK6lL7zZ8xX9cC0vB1nN2mQ3wE4rR5tT6yY7uU8iI9oO0pP1aS2dF3gG4hH5jJ6kK7l4hH5jJ6kK7lL8zX9cV0bN1nM2qW3eR4tT5yU6iI7oO8pP9aS0dF1gG2hH3jJ4kK5lL6zZ7xX8cC9vV0bB1nN2mM3qW4eR5tT6yU7iI8oO9pP0aS1dF2gG3hH4jJ5kK6lL7zZ8xX9cC0vB1nN2mQ3wE4rR5tT6yY7uU8iI9oO0pP1aS2dF3gG4hH5jJ6kK7lL8zX9cV0bN1nM2qW3eR4tT5yU6iI7oO8pP9aS0dF1gG2hH3jJ4kK5lL6zZ7xX8cC9vV0bB1nN2mM3qW4eR5tT6yU7iI8oO9pP0aS1dF2gG3hH4jJ5kK6lL7zZ8xX9cC0vB1nN2mQ3wE4rR5tT6yY7uU8iI9oO0pP1aS2dF3gG4hH5jJ6kK7l4hH5jJ6kK7lL8zX9cV0bN1nM2qW3eR4tT5yU6iI7oO8pP9aS0dF1gG2hH3jJ4kK5lL6zZ7xX8cC9vV0bB1nN2mM3qW4eR5tT6yU7iI8oO9pP0aS1dF2gG3hH4jJ5kK6lL7zZ8xX9cC0vB1nN2mQ3wE4rR5tT6yY7uU8iI9oO0pP1aS2dF3gG4hH5jJ6kK7lL8zX9cV0bN1nM2qW3eR4tT5yU6iI7oO8pP9aS0dF1gG2hH3jJ4kK5lL6zZ7xX8cC9vV0bB1nN2mM3qW4eR5tT6yU7iI8oO9pP0aS1dF2gG3hH4jJ5kK6lL7zZ8xX9cC0vB1nN2mQ3wE4rR5tT6yY7uU8iI9oO0pP1aS2dF3gG4hH5jJ6kK7l4hH5jJ6kK7lL8zX9cV0bN1nM2qW3eR4tT5yU6iI7oO8pP9aS0dF1gG2hH3jJ4kK5lL6z7nB9vR2mX8kLp4QjW3tY5zH1aG6sF9dD0fS8gA7hJ6kL5mN4bV3vC2xZ1oP9iU8uY7tT6rR5eE4wW3qQ2aZ1sX2dC3fV4gB5hN6jM7kL8pO9iU0yT1rE2wQ3aS4dF5gG6hH7jJ8kK9lL0zZ1xX2cC3vV4bB5nN6mM7qQ8wW9eE0rR1tT2yY3uU4iI5oO6pP7aA8sS9dD0fF1gG2hH3jJ4kK5lL6zZ7xX8cC9vV0bB1nN2mM3qW4eR5tT6yU7iI8oO9pP0aS1dF2gG3hH4jJ5kK6lL7zZ8xX9cC0vB1nN2mQ3wE4rR5tT6yY7uU8iI9oO0pP1aS2dF3gG4hH5jJ6kK7lL8zX9cV0bN1nM2qW3eR4tT5yU6iI7oO8pP9aS0dF1gG2hH3jJ4kK5lL6zZ7xX8cC9vV0bB1nN2mM3qW4eR5tT6yU7iI8oO9pP0aS1dF2gG3hH4jJ5kK6lL7zZ8xX9cC0vB1nN2mQ3wE4rR5tT6yY7uU8iI9oO0pP1aS2dF3gG4hH5jJ6kK7lL8zX9cV0bN1nM2qW3eR4tT5yU6iI7oO8pP9aS0dF1gG2hH3jJ4kK5lL6zZ7xX8cC9vV0bB1nN2mM3qW4eR5tT6yU7iI8oO9pP0aS1dF2gG3hH4jJ5kK6lL7zZ8xX9cC0vB1nN2mQ3wE4rR5tT6yY7uU8iI9oO0pP1aS2dF3gG4hH5jJ6kK7lL8zX9cV0bN1nM2qW3eR4tT5yU6iI7oO8pP9aS0dF1gG2hH3jJ4kK5lL6zZ7xX8cC9vV0bB1nN2mM3qW4eR5tT6yU7iI8oO9pP0aS1dF2gG3hH4jJ5kK6lL7zZ8xX9cC0vB1nN2mQ3wE4rR5tT6yY7uU8iI9oO0pP1aS2dF3gG4hH5jJ6kK7lL8zX9cV0bN1nM2qW3eR4tT5yU6iI7oO8pP9aS0dF1gG2hH3jJ4kK5lL6zZ7xX8cC9vV0bB1nN2mM3qW4eR5tT6yU7iI8oO9pP0aS1dF2gG3hH4jJ5kK6lL7zZ8xX9cC0vB1nN2mQ3wE4rR5tT6yY7uU8iI9oO0pP1aS2dF3gG4hH5jJ6kK7l4hH5jJ6kK7lL8zX9cV0bN1nM2qW3eR4tT5yU6iI7oO8pP9aS0dF1gG2hH3jJ4kK5lL6zZ7xX8cC9vV0bB1nN2mM3qW4eR5tT6yU7iI8oO9pP0aS1dF2gG3hH4jJ5kK6lL7zZ8xX9cC0vB1nN2mQ3wE4rR5tT6yY7uU8iI9oO0pP1aS2dF3gG4hH5jJ6kK7lL8zX9cV0bN1nM2qW3eR4tT5yU6iI7oO8pP9aS0dF1gG2hH3jJ4kK5lL6zZ7xX8cC9vV0bB1nN2mM3qW4eR5tT6yU7iI8oO9pP0aS1dF2gG3hH4jJ5kK6lL7zZ8xX9cC0vB1nN2mQ3wE4rR5tT6yY7uU8iI9oO0pP1aS2dF3gG4hH5jJ6kK7l4hH5jJ6kK7lL8zX9cV0bN1nM2qW3eR4tT5yU6iI7oO8pP9aS0dF1gG2hH3jJ4kK5lL6zZ7xX8cC9vV0bB1nN2mM3qW4eR5tT6yU7iI8oO9pP0aS1dF2gG3hH4jJ5kK6lL7zZ8xX9cC0vB1nN2mQ3wE4rR5tT6yY7uU8iI9oO0pP1aS2dF3gG4hH5jJ6kK7lL8zX9cV0bN1nM2qW3eR4tT5yU6iI7oO8pP9aS0dF1gG2hH3jJ4kK5lL6zZ7xX8cC9vV0bB1nN2mM3qW4eR5tT6yU7iI8oO9pP0aS1dF2gG3hH4jJ5kK6lL7zZ8xX9cC0vB1nN2mQ3wE4rR5tT6yY7uU8iI9oO0pP1aS2dF3gG4hH5jJ6kK7l4hH5jJ6kK7lL8zX9cV0bN1nM2qW3eR4tT5yU6iI7oO8pP9aS0dF1gG2hH3jJ4kK5lL6zZ7xX8cC9vV0bB1nN2mM3qW4eR5tT6yU7iI8oO9pP0aS1dF2gG3hH4jJ5kK6lL7zZ8xX9cC0vB1nN2mQ3wE4rR5tT6yY7uU8iI9oO0pP1aS2dF3gG4hH5jJ6kK7lL8zX9cV0bN1nM2qW3eR4tT5yU6iI7oO8pP9aS0dF1gG2hH3jJ4kK5lL6zZ7xX8cC9vV0bB1nN2mM3qW4eR5tT6yU7iI8oO9pP0aS1dF2gG3hH4jJ5kK6lL7zZ8xX9cC0vB1nN2mQ3wE4rR5tT6yY7uU8iI9oO0pP1aS2dF3gG4hH5jJ6kK7l4hH5jJ6kK7lL8zX9cV0bN1nM2qW3eR4tT5yU6iI7oO8pP9aS0dF1gG2hH3jJ4kK5lL6zZ7xX8cC9vV0bB1nN2mM3qW4eR5tT6yU7iI8oO9pP0aS1dF2gG3hH4jJ5kK6lL7zZ8xX9cC0vB1nN2mQ3wE4rR5tT6yY7uU8iI9oO0pP1aS2dF3gG4hH5jJ6kK7lL8zX9cV0bN1nM2qW3eR4tT5yU6iI7oO8pP9aS0dF1gG2hH3jJ4kK5lL6zZ7xX8cC9vV0bB1nN2mM3qW4eR5tT6yU7iI8oO9pP0aS1dF2gG3hH4jJ5kK6lL7zZ8xX9cC0vB1nN2mQ3wE4rR5tT6yY7uU8iI9oO0pP1aS2dF3gG4hH5jJ6kK7l4hH5jJ6kK7lL8zX9cV0bN1nM2qW3eR4tT5yU6iI7oO8pP9aS0dF1gG2hH3jJ4kK5lL6zZ7xX8cC9vV0bB1nN2mM3qW4eR5tT6yU7iI8oO9pP0aS1dF2gG3hH4jJ5kK6lL7zZ8xX9cC0vB1nN2mQ3wE4rR5tT6yY7uU8iI9oO0pP1aS2dF3gG4hH5jJ6kK7lL8zX9cV0bN1nM2qW3eR4tT5yU6iI7oO8pP9aS0dF1gG2hH3jJ4kK5lL6zZ7xX8cC9vV0bB1nN2mM3qW4eR5tT6yU7iI8oO9pP0aS1dF2gG3hH4jJ5kK6lL7zZ8xX9cC0vB1nN2mQ3wE4rR5tT6yY7uU8iI9oO0pP1aS2dF3gG4hH5jJ6kK7l4hH5jJ6kK7lL8zX9cV0bN1nM2qW3eR4tT5yU6iI7oO8pP9aS0dF1gG2hH3jJ4kK5lL6zZ7xX8cC9vV0bB1nN2mM3qW4eR5tT6yU7iI8oO9pP0aS1dF2gG3hH4jJ5kK6lL7zZ8xX9cC0vB1nN2mQ3wE4rR5tT6yY7uU8iI9oO0pP1aS2dF3gG4hH5jJ6kK7lL8zX9cV0bN1nM2qW3eR4tT5yU6iI7oO8pP9aS0dF1gG2hH3jJ4kK5lL6zZ7xX8cC9vV0bB1nN2mM3qW4eR5tT6yU7iI8oO9pP0aS1dF2gG3hH4jJ5kK6lL7zZ8xX9cC0vB1nN2mQ3wE4rR5tT6yY7uU8iI9oO0pP1aS2dF3gG4hH5jJ6kK7l4hH5jJ6kK7lL8zX9cV0bN1nM2qW3eR4tT5yU6iI7oO8pP9aS0dF1gG2hH3jJ4kK5lL6zZ7xX8cC9vV0bB1nN2mM3qW4eR5tT6yU7iI8oO9pP0aS1dF2gG3hH4jJ5kK6lL7zZ8xX9cC0vB1nN2mQ3wE4rR5tT6yY7uU8iI9oO0pP1aS2dF3gG4hH5jJ6kK7lL8zX9cV0bN1nM2qW3eR4tT5yU6iI7oO8pP9aS0dF1gG2hH3jJ4kK5lL6zZ7xX8cC9vV0bB1nN2mM3qW4eR5tT6yU7iI8oO9pP0aS1dF2gG3hH4jJ5kK6lL7zZ8xX9cC0vB1nN2mQ3wE4rR5tT6yY7uU8iI9oO0pP1aS2dF3gG4hH5jJ6kK7l4hH5jJ6kK7lL8zX9cV0bN1nM2qW3eR4tT5yU6iI7oO8pP9aS0dF1gG2hH3jJ4kK5lL6z7nB9vR2mX8kLp4QjW3tY5zH1aG6sF9dD0fS8gA7hJ6kL5mN4bV3vC2xZ1oP9iU8uY7tT6rR5eE4wW3qQ2aZ1sX2dC3fV4gB5hN6jM7kL8pO9iU0yT1rE2wQ3aS4dF5gG6hH7jJ8kK9lL0zZ1xX2cC3vV4bB5nN6mM7qQ8wW9eE0rR1tT2yY3uU4iI5oO6pP7aA8sS9dD0fF1gG2hH3jJ4kK5lL6zZ7xX8cC9vV0bB1nN2mM3qW4eR5tT6yU7iI8oO9pP0aS1dF2gG3hH4jJ5kK6lL7zZ8xX9cC0vB1nN2mQ3wE4rR5tT6yY7uU8iI9oO0pP1aS2dF3gG4hH5jJ6kK7lL8zX9cV0bN1nM2qW3eR4tT5yU6iI7oO8pP9aS0dF1gG2hH3jJ4kK5lL6zZ7xX8cC9vV0bB1nN2mM3qW4eR5tT6yU7iI8oO9pP0aS1dF2gG3hH4jJ5kK6lL7zZ8xX9cC0vB1nN2mQ3wE4rR5tT6yY7uU8iI9oO0pP1aS2dF3gG4hH5jJ6kK7lL8zX9cV0bN1nM2qW3eR4tT5yU6iI7oO8pP9aS0dF1gG2hH3jJ4kK5lL6zZ7xX8cC9vV0bB1nN2mM3qW4eR5tT6yU7iI8oO9pP0aS1dF2gG3hH4jJ5kK6lL7zZ8xX9cC0vB1nN2mQ3wE4rR5tT6yY7uU8iI9oO0pP1aS2dF3gG4hH5jJ6kK7lL8zX9cV0bN1nM2qW3eR4tT5yU6iI7oO8pP9aS0dF1gG2hH3jJ4kK5lL6zZ7xX8cC9vV0bB1nN2mM3qW4eR5tT6yU7iI8oO9pP0aS1dF2gG3hH4jJ5kK6lL7zZ8xX9cC0vB1nN2mQ3wE4rR5tT6yY7uU8iI9oO0pP1aS2dF3gG4hH5jJ6kK7lL8zX9cV0bN1nM2qW3eR4tT5yU6iI7oO8pP9aS0dF1gG2hH3jJ4kK5lL6zZ7xX8cC9vV0bB1nN2mM3qW4eR5tT6yU7iI8oO9pP0aS1dF2gG3hH4jJ5kK6lL7zZ8xX9cC0vB1nN2mQ3wE4rR5tT6yY7uU8iI9oO0pP1aS2dF3gG4hH5jJ6kK7l4hH5jJ6kK7lL8zX9cV0bN1nM2qW3eR4tT5yU6iI7oO8pP9aS0dF1gG2hH3jJ4kK5lL6zZ7xX8cC9vV0bB1nN2mM3qW4eR5tT6yU7iI8oO9pP0aS1dF2gG3hH4jJ5kK6lL7zZ8xX9cC0vB1nN2mQ3wE4rR5tT6yY7uU8iI9oO0pP1aS2dF3gG4hH5jJ6kK7lL8zX9cV0bN1nM2qW3eR4tT5yU6iI7oO8pP9aS0dF1gG2hH3jJ4kK5lL6zZ7xX8cC9vV0bB1nN2mM3qW4eR5tT6yU7iI8oO9pP0aS1dF2gG3hH4jJ5kK6lL7zZ8xX9cC0vB1nN2mQ3wE4rR5tT6yY7uU8iI9oO0pP1aS2dF3gG4hH5jJ6kK7l4hH5jJ6kK7lL8zX9cV0bN1nM2qW3eR4tT5yU6iI7oO8pP9aS0dF1gG2hH3jJ4kK5lL6zZ7xX8cC9vV0bB1nN2mM3qW4eR5tT6yU7iI8oO9pP0aS1dF2gG3hH4jJ5kK6lL7zZ8xX9cC0vB1nN2mQ3wE4rR5tT6yY7uU8iI9oO0pP1aS2dF3gG4hH5jJ6kK7lL8zX9cV0bN1nM2qW3eR4tT5yU6iI7oO8pP9aS0dF1gG2hH3jJ4kK5lL6zZ7xX8cC9vV0bB1nN2mM3qW4eR5tT6yU7iI8oO9pP0aS1dF2gG3hH4jJ5kK6lL7zZ8xX9cC0vB1nN2mQ3wE4rR5tT6yY7uU8iI9oO0pP1aS2dF3gG4hH5jJ6kK7l4hH5jJ6kK7lL8zX9cV0bN1nM2qW3eR4tT5yU6iI7oO8pP9aS0dF1gG2hH3jJ4kK5lL6zZ7xX8cC9vV0bB1nN2mM3qW4eR5tT6yU7iI8oO9pP0aS1dF2gG3hH4jJ5kK6lL7zZ8xX9cC0vB1nN2mQ3wE4rR5tT6yY7uU8iI9oO0pP1aS2dF3gG4hH5jJ6kK7lL8zX9cV0bN1nM2qW3eR4tT5yU6iI7oO8pP9aS0dF1gG2hH3jJ4kK5lL6zZ7xX8cC9vV0bB1nN2mM3qW4eR5tT6yU7iI8oO9pP0aS1dF2gG3hH4jJ5kK6lL7zZ8xX9cC0vB1nN2mQ3wE4rR5tT6yY7uU8iI9oO0pP1aS2dF3gG4hH5jJ6kK7l4hH5jJ6kK7lL8zX9cV0bN1nM2qW3eR4tT5yU6iI7oO8pP9aS0dF1gG2hH3jJ4kK5lL6zZ7xX8cC9vV0bB1nN2mM3qW4eR5tT6yU7iI8oO9pP0aS1dF2gG3hH4jJ5kK6lL7zZ8xX9cC0vB1nN2mQ3wE4rR5tT6yY7uU8iI9oO0pP1aS2dF3gG4hH5jJ6kK7lL8zX9cV0bN1nM2qW3eR4tT5yU6iI7oO8pP9aS0dF1gG2hH3jJ4kK5lL6zZ7xX8cC9vV0bB1nN2mM3qW4eR5tT6yU7iI8oO9pP0aS1dF2gG3hH4jJ5kK6lL7zZ8xX9cC0vB1nN2mQ3wE4rR5tT6yY7uU8iI9oO0pP1aS2dF3gG4hH5jJ6kK7l4hH5jJ6kK7lL8zX9cV0bN1nM2qW3eR4tT5yU6iI7oO8pP9aS0dF1gG2hH3jJ4kK5lL6zZ7xX8cC9vV0bB1nN2mM3qW4eR5tT6yU7iI8oO9pP0aS1dF2gG3hH4jJ5kK6lL7zZ8xX9cC0vB1nN2mQ3wE4rR5tT6yY7uU8iI9oO0pP1aS2dF3gG4hH5jJ6kK7lL8zX9cV0bN1nM2qW3eR4tT5yU6iI7oO8pP9aS0dF1gG2hH3jJ4kK5lL6zZ7xX8cC9vV0bB1nN2mM3qW4eR5tT6yU7iI8oO9pP0aS1dF2gG3hH4jJ5kK6lL7zZ8xX9cC0vB1nN2mQ3wE4rR5tT6yY7uU8iI9oO0pP1aS2dF3gG4hH5jJ6kK7l4hH5jJ6kK7lL8zX9cV0bN1nM2qW3eR4tT5yU6iI7oO8pP9aS0dF1gG2hH3jJ4kK5lL6zZ7xX8cC9vV0bB1nN2mM3qW4eR5tT6yU7iI8oO9pP0aS1dF2gG3hH4jJ5kK6lL7zZ8xX9cC0vB1nN2mQ3wE4rR5tT6yY7uU8iI9oO0pP1aS2dF3gG4hH5jJ6kK7lL8zX9cV0bN1nM2qW3eR4tT5yU6iI7oO8pP9aS0dF1gG2hH3jJ4kK5lL6zZ7xX8cC9vV0bB1nN2mM3qW4eR5tT6yU7iI8oO9pP0aS1dF2gG3hH4jJ5kK6lL7zZ8xX9cC0vB1nN2mQ3wE4rR5tT6yY7uU8iI9oO0pP1aS2dF3gG4hH5jJ6kK7l4hH5jJ6kK7lL8zX9cV0bN1nM2qW3eR4tT5yU6iI7oO8pP9aS0dF1gG2hH3jJ4kK5lL6zZ7xX8cC9vV0bB1nN2mM3qW4eR5tT6yU7iI8oO9pP0aS1dF2gG3hH4jJ5kK6lL7zZ8xX9cC0vB1nN2mQ3wE4rR5tT6yY7uU8iI9oO0pP1aS2dF3gG4hH5jJ6kK7lL8zX9cV0bN1nM2qW3eR4tT5yU6iI7oO8pP9aS0dF1gG2hH3jJ4kK5lL6zZ7xX8cC9vV0bB1nN2mM3qW4eR5tT6yU7iI8oO9pP0aS1dF2gG3hH4jJ5kK6lL7zZ8xX9cC0vB1nN2mQ3wE4rR5tT6yY7uU8iI9oO0pP1aS2dF3gG4hH5jJ6kK7l4hH5jJ6kK7lL8zX9cV0bN1nM2qW3eR4tT5yU6iI7oO8pP9aS0dF1gG2hH3jJ4kK5lL6z7nB9vR2mX8kLp4QjW3tY5zH1aG6sF9dD0fS8gA7hJ6kL5mN4bV3vC2xZ1oP9iU8uY7tT6rR5eE4wW3qQ2aZ1sX2dC3fV4gB5hN6jM7kL8pO9iU0yT1rE2wQ3aS4dF5gG6hH7jJ8kK9lL0zZ1xX2cC3vV4bB5nN6mM7qQ8wW9eE0rR1tT2yY3uU4iI5oO6pP7aA8sS9dD0fF1gG2hH3jJ4kK5lL6zZ7xX8cC9vV0bB1nN2mM3qW4eR5tT6yU7iI8oO9pP0aS1dF2gG3hH4jJ5kK6lL7zZ8xX9cC0vB1nN2mQ3wE4rR5tT6yY7uU8iI9oO0pP1aS2dF3gG4hH5jJ6kK7lL8zX9cV0bN1nM2qW3eR4tT5yU6iI7oO8pP9aS0dF1gG2hH3jJ4kK5lL6zZ7xX8cC9vV0bB1nN2mM3qW4eR5tT6yU7iI8oO9pP0aS1dF2gG3hH4jJ5kK6lL7zZ8xX9cC0vB1nN2mQ3wE4rR5tT6yY7uU8iI9oO0pP1aS2dF3gG4hH5jJ6kK7lL8zX9cV0bN1nM2qW3eR4tT5yU6iI7oO8pP9aS0dF1gG2hH3jJ4kK5lL6zZ7xX8cC9vV0bB1nN2mM3qW4eR5tT6yU7iI8oO9pP0aS1dF2gG3hH4jJ5kK6lL7zZ8xX9cC0vB1nN2mQ3wE4rR5tT6yY7uU8iI9oO0pP1aS2dF3gG4hH5jJ6kK7lL8zX9cV0bN1nM2qW3eR4tT5yU6iI7oO8pP9aS0dF1gG2hH3jJ4kK5lL6zZ7xX8cC9vV0bB1nN2mM3qW4eR5tT6yU7iI8oO9pP0aS1dF2gG3hH4jJ5kK6lL7zZ8xX9cC0vB1nN2mQ3wE4rR5tT6yY7uU8iI9oO0pP1aS2dF3gG4hH5jJ6kK7lL8zX9cV0bN1nM2qW3eR4tT5yU6iI7oO8pP9aS0dF1gG2hH3jJ4kK5lL6zZ7xX8cC9vV0bB1nN2mM3qW4eR5tT6yU7iI8oO9pP0aS1dF2gG3hH4jJ5kK6lL7zZ8xX9cC0vB1nN2mQ3wE4rR5tT6yY7uU8iI9oO0pP1aS2dF3gG4hH5jJ6kK7l4hH5jJ6kK7lL8zX9cV0bN1nM2qW3eR4tT5yU6iI7oO8pP9aS0dF1gG2hH3jJ4kK5lL6zZ7xX8cC9vV0bB1nN2mM3qW4eR5tT6yU7iI8oO9pP0aS1dF2gG3hH4jJ5kK6lL7zZ8xX9cC0vB1nN2mQ3wE4rR5tT6yY7uU8iI9oO0pP1aS2dF3gG4hH5jJ6kK7lL8zX9cV0bN1nM2qW3eR4tT5yU6iI7oO8pP9aS0dF1gG2hH3jJ4kK5lL6zZ7xX8cC9vV0bB1nN2mM3qW4eR5tT6yU7iI8oO9pP0aS1dF2gG3hH4jJ5kK6lL7zZ8xX9cC0vB1nN2mQ3wE4rR5tT6yY7uU8iI9oO0pP1aS2dF3gG4hH5jJ6kK7l4hH5jJ6kK7lL8zX9cV0bN1nM2qW3eR4tT5yU6iI7oO8pP9aS0dF1gG2hH3jJ4kK5lL6zZ7xX8cC9vV0bB1nN2mM3qW4eR5tT6yU7iI8oO9pP0aS1dF2gG3hH4jJ5kK6lL7zZ8xX9cC0vB1nN2mQ3wE4rR5tT6yY7uU8iI9oO0pP1aS2dF3gG4hH5jJ6kK7lL8zX9cV0bN1nM2qW3eR4tT5yU6iI7oO8pP9aS0dF1gG2hH3jJ4kK5lL6zZ7xX8cC9vV0bB1nN2mM3qW4eR5tT6yU7iI8oO9pP0aS1dF2gG3hH4jJ5kK6lL7zZ8xX9cC0vB1nN2mQ3wE4rR5tT6yY7uU8iI9oO0pP1aS2dF3gG4hH5jJ6kK7l4hH5jJ6kK7lL8zX9cV0bN1nM2qW3eR4tT5yU6iI7oO8pP9aS0dF1gG2hH3jJ4kK5lL6zZ7xX8cC9vV0bB1nN2mM3qW4eR5tT6yU7iI8oO9pP0aS1dF2gG3hH4jJ5kK6lL7zZ8xX9cC0vB1nN2mQ3wE4rR5tT6yY7uU8iI9oO0pP1aS2dF3gG4hH5jJ6kK7lL8zX9cV0bN1nM2qW3eR4tT5yU6iI7oO8pP9aS0dF1gG2hH3jJ4kK5lL6zZ7xX8cC9vV0bB1nN2mM3qW4eR5tT6yU7iI8oO9pP0aS1dF2gG3hH4jJ5kK6lL7zZ8xX9cC0vB1nN2mQ3wE4rR5tT6yY7uU8iI9oO0pP1aS2dF3gG4hH5jJ6kK7l4hH5jJ6kK7lL8zX9cV0bN1nM2qW3eR4tT5yU6iI7oO8pP9aS0dF1gG2hH3jJ4kK5lL6zZ7xX8cC9vV0bB1nN2mM3qW4eR5tT6yU7iI8oO9pP0aS1dF2gG3hH4jJ5kK6lL7zZ8xX9cC0vB1nN2mQ3wE4rR5tT6yY7uU8iI9oO0pP1aS2dF3gG4hH5jJ6kK7lL8zX9cV0bN1nM2qW3eR4tT5yU6iI7oO8pP9aS0dF1gG2hH3jJ4kK5lL6zZ7xX8cC9vV0bB1nN2mM3qW4eR5tT6yU7iI8oO9pP0aS1dF2gG3hH4jJ5kK6lL7zZ8xX9cC0vB1nN2mQ3wE4rR5tT6yY7uU8iI9oO0pP1aS2dF3gG4hH5jJ6kK7l4hH5jJ6kK7lL8zX9cV0bN1nM2qW3eR4tT5yU6iI7oO8pP9aS0dF1gG2hH3jJ4kK5lL6zZ7xX8cC9vV0bB1nN2mM3qW4eR5tT6yU7iI8oO9pP0aS1dF2gG3hH4jJ5kK6lL7zZ8xX9cC0vB1nN2mQ3wE4rR5tT6yY7uU8iI9oO0pP1aS2dF3gG4hH5jJ6kK7lL8zX9cV0bN1nM2qW3eR4tT5yU6iI7oO8pP9aS0dF1gG2hH3jJ4kK5lL6zZ7xX8cC9vV0bB1nN2mM3qW4eR5tT6yU7iI8oO9pP0aS1dF2gG3hH4jJ5kK6lL7zZ8xX9cC0vB1nN2mQ3wE4rR5tT6yY7uU8iI9oO0pP1aS2dF3gG4hH5jJ6kK7l4hH5jJ6kK7lL8zX9cV0bN1nM2qW3eR4tT5yU6iI7oO8pP9aS0dF1gG2hH3jJ4kK5lL6zZ7xX8cC9vV0bB1nN2mM3qW4eR5tT6yU7iI8oO9pP0aS1dF2gG3hH4jJ5kK6lL7zZ8xX9cC0vB1nN2mQ3wE4rR5tT6yY7uU8iI9oO0pP1aS2dF3gG4hH5jJ6kK7lL8zX9cV0bN1nM2qW3eR4tT5yU6iI7oO8pP9aS0dF1gG2hH3jJ4kK5lL6zZ7xX8cC9vV0bB1nN2mM3qW4eR5tT6yU7iI8oO9pP0aS1dF2gG3hH4jJ5kK6lL7zZ8xX9cC0vB1nN2mQ3wE4rR5tT6yY7uU8iI9oO0pP1aS2dF3gG4hH5jJ6kK7l4hH5jJ6kK7lL8zX9cV0bN1nM2qW3eR4tT5yU6iI7oO8pP9aS0dF1gG2hH3jJ4kK5lL6zZ7xX8cC9vV0bB1nN2mM3qW4eR5tT6yU7iI8oO9pP0aS1dF2gG3hH4jJ5kK6lL7zZ8xX9cC0vB1nN2mQ3wE4rR5tT6yY7uU8iI9oO0pP1aS2dF3gG4hH5jJ6kK7lL8zX9cV0bN1nM2qW3eR4tT5yU6iI7oO8pP9aS0dF1gG2hH3jJ4kK5lL6zZ7xX8cC9vV0bB1nN2mM3qW4eR5tT6yU7iI8oO9pP0aS1dF2gG3hH4jJ5kK6lL7zZ8xX9cC0vB1nN2mQ3wE4rR5tT6yY7uU8iI9oO0pP1aS2dF3gG4hH5jJ6kK7l4hH5jJ6kK7lL8zX9cV0bN1nM2qW3eR4tT5yU6iI7oO8pP9aS0dF1gG2hH3jJ4kK5lL6z7nB9vR2mX8kLp4QjW3tY5zH1aG6sF9dD0fS8gA7hJ6kL5mN4bV3vC2xZ1oP9iU8uY7tT6rR5eE4wW3qQ2aZ1sX2dC3fV4gB5hN6jM7kL8pO9iU0yT1rE2wQ3aS4dF5gG6hH7jJ8kK9lL0zZ1xX2cC3vV4bB5nN6mM7qQ8wW9eE0rR1tT2yY3uU4iI5oO6pP7aA8sS9dD0fF1gG2hH3jJ4kK5lL6zZ7xX8cC9vV0bB1nN2mM3qW4eR5tT6yU7iI8oO9pP0aS1dF2gG3hH4jJ5kK6lL7zZ8xX9cC0vB1nN2mQ3wE4rR5tT6yY7uU8iI9oO0pP1aS2dF3gG4hH5jJ6kK7lL8zX9cV0bN1nM2qW3eR4tT5yU6iI7oO8pP9aS0dF1gG2hH3jJ4kK5lL6zZ7xX8cC9vV0bB1nN2mM3qW4eR5tT6yU7iI8oO9pP0aS1dF2gG3hH4jJ5kK6lL7zZ8xX9cC0vB1nN2mQ3wE4rR5tT6yY7uU8iI9oO0pP1aS2dF3gG4hH5jJ6kK7lL8zX9cV0bN1nM2qW3eR4tT5yU6iI7oO8pP9aS0dF1gG2hH3jJ4kK5lL6zZ7xX8cC9vV0bB1nN2mM3qW4eR5tT6yU7iI8oO9pP0aS1dF2gG3hH4jJ5kK6lL7zZ8xX9cC0vB1nN2mQ3wE4rR5tT6yY7uU8iI9oO0pP1aS2dF3gG4hH5jJ6kK7lL8zX9cV0bN1nM2qW3eR4tT5yU6iI7oO8pP9aS0dF1gG2hH3jJ4kK5lL6zZ7xX8cC9vV0bB1nN2mM3qW4eR5tT6yU7iI8oO9pP0aS1dF2gG3hH4jJ5kK6lL7zZ8xX9cC0vB1nN2mQ3wE4rR5tT6yY7uU8iI9oO0pP1aS2dF3gG4hH5jJ6kK7lL8zX9cV0bN1nM2qW3eR4tT5yU6iI7oO8pP9aS0dF1gG2hH3jJ4kK5lL6zZ7xX8cC9vV0bB1nN2mM3qW4eR5tT6yU7iI8oO9pP0aS1dF2gG3hH4jJ5kK6lL7zZ8xX9cC0vB1nN2mQ3wE4rR5tT6yY7uU8iI9oO0pP1aS2dF3gG4hH5jJ6kK7l4hH5jJ6kK7lL8zX9cV0bN1nM2qW3eR4tT5yU6iI7oO8pP9aS0dF1gG2hH3jJ4kK5lL6zZ7xX8cC9vV0bB1nN2mM3qW4eR5tT6yU7iI8oO9pP0aS1dF2gG3hH4jJ5kK6lL7zZ8xX9cC0vB1nN2mQ3wE4rR5tT6yY7uU8iI9oO0pP1aS2dF3gG4hH5jJ6kK7lL8zX9cV0bN1nM2qW3eR4tT5yU6iI7oO8pP9aS0dF1gG2hH3jJ4kK5lL6zZ7xX8cC9vV0bB1nN2mM3qW4eR5tT6yU7iI8oO9pP0aS1dF2gG3hH4jJ5kK6lL7zZ8xX9cC0vB1nN2mQ3wE4rR5tT6yY7uU8iI9oO0pP1aS2dF3gG4hH5jJ6kK7l4hH5jJ6kK7lL8zX9cV0bN1nM2qW3eR4tT5yU6iI7oO8pP9aS0dF1gG2hH3jJ4kK5lL6zZ7xX8cC9vV0bB1nN2mM3qW4eR5tT6yU7iI8oO9pP0aS1dF2gG3hH4jJ5kK6lL7zZ8xX9cC0vB1nN2mQ3wE4rR5tT6yY7uU8iI9oO0pP1aS2dF3gG4hH5jJ6kK7lL8zX9cV0bN1nM2qW3eR4tT5yU6iI7oO8pP9aS0dF1gG2hH3jJ4kK5lL6zZ7xX8cC9vV0bB1nN2mM3qW4eR5tT6yU7iI8oO9pP0aS1dF2gG3hH4jJ5kK6lL7zZ8xX9cC0vB1nN2mQ3wE4rR5tT6yY7uU8iI9oO0pP1aS2dF3gG4hH5jJ6kK7l4hH5jJ6kK7lL8zX9cV0bN1nM2qW3eR4tT5yU6iI7oO8pP9aS0dF1gG2hH3jJ4kK5lL6zZ7xX8cC9vV0bB1nN2mM3qW4eR5tT6yU7iI8oO9pP0aS1dF2gG3hH4jJ5kK6lL7zZ8xX9cC0vB1nN2mQ3wE4rR5tT6yY7uU8iI9oO0pP1aS2dF3gG4hH5jJ6kK7lL8zX9cV0bN1nM2qW3eR4tT5yU6iI7oO8pP9aS0dF1gG2hH3jJ4kK5lL6zZ7xX8cC9vV0bB1nN2mM3qW4eR5tT6yU7iI8oO9pP0aS1dF2gG3hH4jJ5kK6lL7zZ8xX9cC0vB1nN2mQ3wE4rR5tT6yY7uU8iI9oO0pP1aS2dF3gG4hH5jJ6kK7l4hH5jJ6kK7lL8zX9cV0bN1nM2qW3eR4tT5yU6iI7oO8pP9aS0dF1gG2hH3jJ4kK5lL6zZ7xX8cC9vV0bB1nN2mM3qW4eR5tT6yU7iI8oO9pP0aS1dF2gG3hH4jJ5kK6lL7zZ8xX9cC0vB1nN2mQ3wE4rR5tT6yY7uU8iI9oO0pP1aS2dF3gG4hH5jJ6kK7lL8zX9cV0bN1nM2qW3eR4tT5yU6iI7oO8pP9aS0dF1gG2hH3jJ4kK5lL6zZ7xX8cC9vV0bB1nN2mM3qW4eR5tT6yU7iI8oO9pP0aS1dF2gG3hH4jJ5kK6lL7zZ8xX9cC0vB1nN2mQ3wE4rR5tT6yY7uU8iI9oO0pP1aS2dF3gG4hH5jJ6kK7l4hH5jJ6kK7lL8zX9cV0bN1nM2qW3eR4tT5yU6iI7oO8pP9aS0dF1gG2hH3jJ4kK5lL6zZ7xX8cC9vV0bB1nN2mM3qW4eR5tT6yU7iI8oO9pP0aS1dF2gG3hH4jJ5kK6lL7zZ8xX9cC0vB1nN2mQ3wE4rR5tT6yY7uU8iI9oO0pP1aS2dF3gG4hH5jJ6kK7lL8zX9cV0bN1nM2qW3eR4tT5yU6iI7oO8pP9aS0dF1gG2hH3jJ4kK5lL6zZ7xX8cC9vV0bB1nN2mM3qW4eR5tT6yU7iI8oO9pP0aS1dF2gG3hH4jJ5kK6lL7zZ8xX9cC0vB1nN2mQ3wE4rR5tT6yY7uU8iI9oO0pP1aS2dF3gG4hH5jJ6kK7l4hH5jJ6kK7lL8zX9cV0bN1nM2qW3eR4tT5yU6iI7oO8pP9aS0dF1gG2hH3jJ4kK5lL6zZ7xX8cC9vV0bB1nN2mM3qW4eR5tT6yU7iI8oO9pP0aS1dF2gG3hH4jJ5kK6lL7zZ8xX9cC0vB1nN2mQ3wE4rR5tT6yY7uU8iI9oO0pP1aS2dF3gG4hH5jJ6kK7lL8zX9cV0bN1nM2qW3eR4tT5yU6iI7oO8pP9aS0dF1gG2hH3jJ4kK5lL6zZ7xX8cC9vV0bB1nN2mM3qW4eR5tT6yU7iI8oO9pP0aS1dF2gG3hH4jJ5kK6lL7zZ8xX9cC0vB1nN2mQ3wE4rR5tT6yY7uU8iI9oO0pP1aS2dF3gG4hH5jJ6kK7l4hH5jJ6kK7lL8zX9cV0bN1nM2qW3eR4tT5yU6iI7oO8pP9aS0dF1gG2hH3jJ4kK5lL6zZ7xX8cC9vV0bB1nN2mM3qW4eR5tT6yU7iI8oO9pP0aS1dF2gG3hH4jJ5kK6lL7zZ8xX9cC0vB1nN2mQ3wE4rR5tT6yY7uU8iI9oO0pP1aS2dF3gG4hH5jJ6kK7lL8zX9cV0bN1nM2qW3eR4tT5yU6iI7oO8pP9aS0dF1gG2hH3jJ4kK5lL6zZ7xX8cC9vV0bB1nN2mM3qW4eR5tT6yU7iI8oO9pP0aS1dF2gG3hH4jJ5kK6lL7zZ8xX9cC0vB1nN2mQ3wE4rR5tT6yY7uU8iI9oO0pP1aS2dF3gG4hH5jJ6kK7l4hH5jJ6kK7lL8zX9cV0bN1nM2qW3eR4tT5yU6iI7oO8pP9aS0dF1gG2hH3jJ4kK5lL6z7nB9vR2mX8kLp4QjW3tY5zH1aG6sF9dD0fS8gA7hJ6kL5mN4bV3vC2xZ1oP9iU8uY7tT6rR5eE4wW3qQ2aZ1sX2dC3fV4gB5hN6jM7kL8pO9iU0yT1rE2wQ3aS4dF5gG6hH7jJ8kK9lL0zZ1xX2cC3vV4bB5nN6mM7qQ8wW9eE0rR1tT2yY3uU4iI5oO6pP7aA8sS9dD0fF1gG2hH3jJ4kK5lL6zZ7xX8cC9vV0bB1nN2mM3qW4eR5tT6yU7iI8oO9pP0aS1dF2gG3hH4jJ5kK6lL7zZ8xX9cC0vB1nN2mQ3wE4rR5tT6yY7uU8iI9oO0pP1aS2dF3gG4hH5jJ6kK7lL8zX9cV0bN1nM2qW3eR4tT5yU6iI7oO8pP9aS0dF1gG2hH3jJ4kK5lL6zZ7xX8cC9vV0bB1nN2mM3qW4eR5tT6yU7iI8oO9pP0aS1dF2gG3hH4jJ5kK6lL7zZ8xX9cC0vB1nN2mQ3wE4rR5tT6yY7uU8iI9oO0pP1aS2dF3gG4hH5jJ6kK7lL8zX9cV0bN1nM2qW3eR4tT5yU6iI7oO8pP9aS0dF1gG2hH3jJ4kK5lL6zZ7xX8cC9vV0bB1nN2mM3qW4eR5tT6yU7iI8oO9pP0aS1dF2gG3hH4jJ5kK6lL7zZ8xX9cC0vB1nN2mQ3wE4rR5tT6yY7uU8iI9oO0pP1aS2dF3gG4hH5jJ6kK7lL8zX9cV0bN1nM2qW3eR4tT5yU6iI7oO8pP9aS0dF1gG2hH3jJ4kK5lL6zZ7xX8cC9vV0bB1nN2mM3qW4eR5tT6yU7iI8oO9pP0aS1dF2gG3hH4jJ5kK6lL7zZ8xX9cC0vB1nN2mQ3wE4rR5tT6yY7uU8iI9oO0pP1aS2dF3gG4hH5jJ6kK7lL8zX9cV0bN1nM2qW3eR4tT5yU6iI7oO8pP9aS0dF1gG2hH3jJ4kK5lL6zZ7xX8cC9vV0bB1nN2mM3qW4eR5tT6yU7iI8oO9pP0aS1dF2gG3hH4jJ5kK6lL7zZ8xX9cC0vB1nN2mQ3wE4rR5tT6yY7uU8iI9oO0pP1aS2dF3gG4hH5jJ6kK7l4hH5jJ6kK7lL8zX9cV0bN1nM2qW3eR4tT5yU6iI7oO8pP9aS0dF1gG2hH3jJ4kK5lL6zZ7xX8cC9vV0bB1nN2mM3qW4eR5tT6yU7iI8oO9pP0aS1dF2gG3hH4jJ5kK6lL7zZ8xX9cC0vB1nN2mQ3wE4rR5tT6yY7uU8iI9oO0pP1aS2dF3gG4hH5jJ6kK7lL8zX9cV0bN1nM2qW3eR4tT5yU6iI7oO8pP9aS0dF1gG2hH3jJ4kK5lL6zZ7xX8cC9vV0bB1nN2mM3qW4eR5tT6yU7iI8oO9pP0aS1dF2gG3hH4jJ5kK6lL7zZ8xX9cC0vB1nN2mQ3wE4rR5tT6yY7uU8iI9oO0pP1aS2dF3gG4hH5jJ6kK7l4hH5jJ6kK7lL8zX9cV0bN1nM2qW3eR4tT5yU6iI7oO8pP9aS0dF1gG2hH3jJ4kK5lL6zZ7xX8cC9vV0bB1nN2mM3qW4eR5tT6yU7iI8oO9pP0aS1dF2gG3hH4jJ5kK6lL7zZ8xX9cC0vB1nN2mQ3wE4rR5tT6yY7uU8iI9oO0pP1aS2dF3gG4hH5jJ6kK7lL8zX9cV0bN1nM2qW3eR4tT5yU6iI7oO8pP9aS0dF1gG2hH3jJ4kK5lL6zZ7xX8cC9vV0bB1nN2mM3qW4eR5tT6yU7iI8oO9pP0aS1dF2gG3hH4jJ5kK6lL7zZ8xX9cC0vB1nN2mQ3wE4rR5tT6yY7uU8iI9oO0pP1aS2dF3gG4hH5jJ6kK7l4hH5jJ6kK7lL8zX9cV0bN1nM2qW3eR4tT5yU6iI7oO8pP9aS0dF1gG2hH3jJ4kK5lL6zZ7xX8cC9vV0bB1nN2mM3qW4eR5tT6yU7iI8oO9pP0aS1dF2gG3hH4jJ5kK6lL7zZ8xX9cC0vB1nN2mQ3wE4rR5tT6yY7uU8iI9oO0pP1aS2dF3gG4hH5jJ6kK7lL8zX9cV0bN1nM2qW3eR4tT5yU6iI7oO8pP9aS0dF1gG2hH3jJ4kK5lL6zZ7xX8cC9vV0bB1nN2mM3qW4eR5tT6yU7iI8oO9pP0aS1dF2gG3hH4jJ5kK6lL7zZ8xX9cC0vB1nN2mQ3wE4rR5tT6yY7uU8iI9oO0pP1aS2dF3gG4hH5jJ6kK7l4hH5jJ6kK7lL8zX9cV0bN1nM2qW3eR4tT5yU6iI7oO8pP9aS0dF1gG2hH3jJ4kK5lL6zZ7xX8cC9vV0bB1nN2mM3qW4eR5tT6yU7iI8oO9pP0aS1dF2gG3hH4jJ5kK6lL7zZ8xX9cC0vB1nN2mQ3wE4rR5tT6yY7uU8iI9oO0pP1aS2dF3gG4hH5jJ6kK7lL8zX9cV0bN1nM2qW3eR4tT5yU6iI7oO8pP9aS0dF1gG2hH3jJ4kK5lL6zZ7xX8cC9vV0bB1nN2mM3qW4eR5tT6yU7iI8oO9pP0aS1dF2gG3hH4jJ5kK6lL7zZ8xX9cC0vB1nN2mQ3wE4rR5tT6yY7uU8iI9oO0pP1aS2dF3gG4hH5jJ6kK7l4hH5jJ6kK7lL8zX9cV0bN1nM2qW3eR4tT5yU6iI7oO8pP9aS0dF1gG2hH3jJ4kK5lL6zZ7xX8cC9vV0bB1nN2mM3qW4eR5tT6yU7iI8oO9pP0aS1dF2gG3hH4jJ5kK6lL7zZ8xX9cC0vB1nN2mQ3wE4rR5tT6yY7uU8iI9oO0pP1aS2dF3gG4hH5jJ6kK7lL8zX9cV0bN1nM2qW3eR4tT5yU6iI7oO8pP9aS0dF1gG2hH3jJ4kK5lL6zZ7xX8cC9vV0bB1nN2mM3qW4eR5tT6yU7iI8oO9pP0aS1dF2gG3hH4jJ5kK6lL7zZ8xX9cC0vB1nN2mQ3wE4rR5tT6yY7uU8iI9oO0pP1aS2dF3gG4hH5jJ6kK7l4hH5jJ6kK7lL8zX9cV0bN1nM2qW3eR4tT5yU6iI7oO8pP9aS0dF1gG2hH3jJ4kK5lL6zZ7xX8cC9vV0bB1nN2mM3qW4eR5tT6yU7iI8oO9pP0aS1dF2gG3hH4jJ5kK6lL7zZ8xX9cC0vB1nN2mQ3wE4rR5tT6yY7uU8iI9oO0pP1aS2dF3gG4hH5jJ6kK7lL8zX9cV0bN1nM2qW3eR4tT5yU6iI7oO8pP9aS0dF1gG2hH3jJ4kK5lL6zZ7xX8cC9vV0bB1nN2mM3qW4eR5tT6yU7iI8oO9pP0aS1dF2gG3hH4jJ5kK6lL7zZ8xX9cC0vB1nN2mQ3wE4rR5tT6yY7uU8iI9oO0pP1aS2dF3gG4hH5jJ6kK7l4hH5jJ6kK7lL8zX9cV0bN1nM2qW3eR4tT5yU6iI7oO8pP9aS0dF1gG2hH3jJ4kK5lL6zZ7xX8cC9vV0bB1nN2mM3qW4eR5tT6yU7iI8oO9pP0aS1dF2gG3hH4jJ5kK6lL7zZ8xX9cC0vB1nN2mQ3wE4rR5tT6yY7uU8iI9oO0pP1aS2dF3gG4hH5jJ6kK7lL8zX9cV0bN1nM2qW3eR4tT5yU6iI7oO8pP9aS0dF1gG2hH3jJ4kK5lL6zZ7xX8cC9vV0bB1nN2mM3qW4eR5tT6yU7iI8oO9pP0aS1dF2gG3hH4jJ5kK6lL7zZ8xX9cC0vB1nN2mQ3wE4rR5tT6yY7uU8iI9oO0pP1aS2dF3gG4hH5jJ6kK7l4hH5jJ6kK7lL8zX9cV0bN1nM2qW3eR4tT5yU6iI7oO8pP9aS0dF1gG2hH3jJ4kK5lL6z7nB9vR2mX8kLp4QjW3tY5zH1aG6sF9dD0fS8gA7hJ6kL5mN4bV3vC2xZ1oP9iU8uY7tT6rR5eE4wW3qQ2aZ1sX2dC3fV4gB5hN6jM7kL8pO9iU0yT1rE2wQ3aS4dF5gG6hH7jJ8kK9lL0zZ1xX2cC3vV4bB5nN6mM7qQ8wW9eE0rR1tT2yY3uU4iI5oO6pP7aA8sS9dD0fF1gG2hH3jJ4kK5lL6zZ7xX8cC9vV0bB1nN2mM3qW4eR5tT6yU7iI8oO9pP0aS1dF2gG3hH4jJ5kK6lL7zZ8xX9cC0vB1nN2mQ3wE4rR5tT6yY7uU8iI9oO0pP1aS2dF3gG4hH5jJ6kK7lL8zX9cV0bN1nM2qW3eR4tT5yU6iI7oO8pP9aS0dF1gG2hH3jJ4kK5lL6zZ7xX8cC9vV0bB1nN2mM3qW4eR5tT6yU7iI8oO9pP0aS1dF2gG3hH4jJ5kK6lL7zZ8xX9cC0vB1nN2mQ3wE4rR5tT6yY7uU8iI9oO0pP1aS2dF3gG4hH5jJ6kK7lL8zX9cV0bN1nM2qW3eR4tT5yU6iI7oO8pP9aS0dF1gG2hH3jJ4kK5lL6zZ7xX8cC9vV0bB1nN2mM3qW4eR5tT6yU7iI8oO9pP0aS1dF2gG3hH4jJ5kK6lL7zZ8xX9cC0vB1nN2mQ3wE4rR5tT6yY7uU8iI9oO0pP1aS2dF3gG4hH5jJ6kK7lL8zX9cV0bN1nM2qW3eR4tT5yU6iI7oO8pP9aS0dF1gG2hH3jJ4kK5lL6zZ7xX8cC9vV0bB1nN2mM3qW4eR5tT6yU7iI8oO9pP0aS1dF2gG3hH4jJ5kK6lL7zZ8xX9cC0vB1nN2mQ3wE4rR5tT6yY7uU8iI9oO0pP1aS2dF3gG4hH5jJ6kK7lL8zX9cV0bN1nM2qW3eR4tT5yU6iI7oO8pP9aS0dF1gG2hH3jJ4kK5lL6zZ7xX8cC9vV0bB1nN2mM3qW4eR5tT6yU7iI8oO9pP0aS1dF2gG3hH4jJ5kK6lL7zZ8xX9cC0vB1nN2mQ3wE4rR5tT6yY7uU8iI9oO0pP1aS2dF3gG4hH5jJ6kK7l4hH5jJ6kK7lL8zX9cV0bN1nM2qW3eR4tT5yU6iI7oO8pP9aS0dF1gG2hH3jJ4kK5lL6zZ7xX8cC9vV0bB1nN2mM3qW4eR5tT6yU7iI8oO9pP0aS1dF2gG3hH4jJ5kK6lL7zZ8xX9cC0vB1nN2mQ3wE4rR5tT6yY7uU8iI9oO0pP1aS2dF3gG4hH5jJ6kK7lL8zX9cV0bN1nM2qW3eR4tT5yU6iI7oO8pP9aS0dF1gG2hH3jJ4kK5lL6zZ7xX8cC9vV0bB1nN2mM3qW4eR5tT6yU7iI8oO9pP0aS1dF2gG3hH4jJ5kK6lL7zZ8xX9cC0vB1nN2mQ3wE4rR5tT6yY7uU8iI9oO0pP1aS2dF3gG4hH5jJ6kK7l4hH5jJ6kK7lL8zX9cV0bN1nM2qW3eR4tT5yU6iI7oO8pP9aS0dF1gG2hH3jJ4kK5lL6zZ7xX8cC9vV0bB1nN2mM3qW4eR5tT6yU7iI8oO9pP0aS1dF2gG3hH4jJ5kK6lL7zZ8xX9cC0vB1nN2mQ3wE4rR5tT6yY7uU8iI9oO0pP1aS2dF3gG4hH5jJ6kK7lL8zX9cV0bN1nM2qW3eR4tT5yU6iI7oO8pP9aS0dF1gG2hH3jJ4kK5lL6zZ7xX8cC9vV0bB1nN2mM3qW4eR5tT6yU7iI8oO9pP0aS1dF2gG3hH4jJ5kK6lL7zZ8xX9cC0vB1nN2mQ3wE4rR5tT6yY7uU8iI9oO0pP1aS2dF3gG4hH5jJ6kK7l4hH5jJ6kK7lL8zX9cV0bN1nM2qW3eR4tT5yU6iI7oO8pP9aS0dF1gG2hH3jJ4kK5lL6zZ7xX8cC9vV0bB1nN2mM3qW4eR5tT6yU7iI8oO9pP0aS1dF2gG3hH4jJ5kK6lL7zZ8xX9cC0vB1nN2mQ3wE4rR5tT6yY7uU8iI9oO0pP1aS2dF3gG4hH5jJ6kK7lL8zX9cV0bN1nM2qW3eR4tT5yU6iI7oO8pP9aS0dF1gG2hH3jJ4kK5lL6zZ7xX8cC9vV0bB1nN2mM3qW4eR5tT6yU7iI8oO9pP0aS1dF2gG3hH4jJ5kK6lL7zZ8xX9cC0vB1nN2mQ3wE4rR5tT6yY7uU8iI9oO0pP1aS2dF3gG4hH5jJ6kK7l4hH5jJ6kK7lL8zX9cV0bN1nM2qW3eR4tT5yU6iI7oO8pP9aS0dF1gG2hH3jJ4kK5lL6zZ7xX8cC9vV0bB1nN2mM3qW4eR5tT6yU7iI8oO9pP0aS1dF2gG3hH4jJ5kK6lL7zZ8xX9cC0vB1nN2mQ3wE4rR5tT6yY7uU8iI9oO0pP1aS2dF3gG4hH5jJ6kK7lL8zX9cV0bN1nM2qW3eR4tT5yU6iI7oO8pP9aS0dF1gG2hH3jJ4kK5lL6zZ7xX8cC9vV0bB1nN2mM3qW4eR5tT6yU7iI8oO9pP0aS1dF2gG3hH4jJ5kK6lL7zZ8xX9cC0vB1nN2mQ3wE4rR5tT6yY7uU8iI9oO0pP1aS2dF3gG4hH5jJ6kK7l4hH5jJ6kK7lL8zX9cV0bN1nM2qW3eR4tT5yU6iI7oO8pP9aS0dF1gG2hH3jJ4kK5lL6zZ7xX8cC9vV0bB1nN2mM3qW4eR5tT6yU7iI8oO9pP0aS1dF2gG3hH4jJ5kK6lL7zZ8xX9cC0vB1nN2mQ3wE4rR5tT6yY7uU8iI9oO0pP1aS2dF3gG4hH5jJ6kK7lL8zX9cV0bN1nM2qW3eR4tT5yU6iI7oO8pP9aS0dF1gG2hH3jJ4kK5lL6zZ7xX8cC9vV0bB1nN2mM3qW4eR5tT6yU7iI8oO9pP0aS1dF2gG3hH4jJ5kK6lL7zZ8xX9cC0vB1nN2mQ3wE4rR5tT6yY7uU8iI9oO0pP1aS2dF3gG4hH5jJ6kK7l4hH5jJ6kK7lL8zX9cV0bN1nM2qW3eR4tT5yU6iI7oO8pP9aS0dF1gG2hH3jJ4kK5lL6zZ7xX8cC9vV0bB1nN2mM3qW4eR5tT6yU7iI8oO9pP0aS1dF2gG3hH4jJ5kK6lL7zZ8xX9cC0vB1nN2mQ3wE4rR5tT6yY7uU8iI9oO0pP1aS2dF3gG4hH5jJ6kK7lL8zX9cV0bN1nM2qW3eR4tT5yU6iI7oO8pP9aS0dF1gG2hH3jJ4kK5lL6zZ7xX8cC9vV0bB1nN2mM3qW4eR5tT6yU7iI8oO9pP0aS1dF2gG3hH4jJ5kK6lL7zZ8xX9cC0vB1nN2mQ3wE4rR5tT6yY7uU8iI9oO0pP1aS2dF3gG4hH5jJ6kK7l4hH5jJ6kK7lL8zX9cV0bN1nM2qW3eR4tT5yU6iI7oO8pP9aS0dF1gG2hH3jJ4kK5lL6zZ7xX8cC9vV0bB1nN2mM3qW4eR5tT6yU7iI8oO9pP0aS1dF2gG3hH4jJ5kK6lL7zZ8xX9cC0vB1nN2mQ3wE4rR5tT6yY7uU8iI9oO0pP1aS2dF3gG4hH5jJ6kK7lL8zX9cV0bN1nM2qW3eR4tT5yU6iI7oO8pP9aS0dF1gG2hH3jJ4kK5lL6zZ7xX8cC9vV0bB1nN2mM3qW4eR5tT6yU7iI8oO9pP0aS1dF2gG3hH4jJ5kK6lL7zZ8xX9cC0vB1nN2mQ3wE4rR5tT6yY7uU8iI9oO0pP1aS2dF3gG4hH5jJ6kK7l4hH5jJ6kK7lL8zX9cV0bN1nM2qW3eR4tT5yU6iI7oO8pP9aS0dF1gG2hH3jJ4kK5lL6z7nB9vR2mX8kLp4QjW3tY5zH1aG6sF9dD0fS8gA7hJ6kL5mN4bV3vC2xZ1oP9iU8uY7tT6rR5eE4wW3qQ2aZ1sX2dC3fV4gB5hN6jM7kL8pO9iU0yT1rE2wQ3aS4dF5gG6hH7jJ8kK9lL0zZ1xX2cC3vV4bB5nN6mM7qQ8wW9eE0rR1tT2yY3uU4iI5oO6pP7aA8sS9dD0fF1gG2hH3jJ4kK5lL6zZ7xX8cC9vV0bB1nN2mM3qW4eR5tT6yU7iI8oO9pP0aS1dF2gG3hH4jJ5kK6lL7zZ8xX9cC0vB1nN2mQ3wE4rR5tT6yY7uU8iI9oO0pP1aS2dF3gG4hH5jJ6kK7lL8zX9cV0bN1nM2qW3eR4tT5yU6iI7oO8pP9aS0dF1gG2hH3jJ4kK5lL6zZ7xX8cC9vV0bB1nN2mM3qW4eR5tT6yU7iI8oO9pP0aS1dF2gG3hH4jJ5kK6lL7zZ8xX9cC0vB1nN2mQ3wE4rR5tT6yY7uU8iI9oO0pP1aS2dF3gG4hH5jJ6kK7lL8zX9cV0bN1nM2qW3eR4tT5yU6iI7oO8pP9aS0dF1gG2hH3jJ4kK5lL6zZ7xX8cC9vV0bB1nN2mM3qW4eR5tT6yU7iI8oO9pP0aS1dF2gG3hH4jJ5kK6lL7zZ8xX9cC0vB1nN2mQ3wE4rR5tT6yY7uU8iI9oO0pP1aS2dF3gG4hH5jJ6kK7lL8zX9cV0bN1nM2qW3eR4tT5yU6iI7oO8pP9aS0dF1gG2hH3jJ4kK5lL6zZ7xX8cC9vV0bB1nN2mM3qW4eR5tT6yU7iI8oO9pP0aS1dF2gG3hH4jJ5kK6lL7zZ8xX9cC0vB1nN2mQ3wE4rR5tT6yY7uU8iI9oO0pP1aS2dF3gG4hH5jJ6kK7lL8zX9cV0bN1nM2qW3eR4tT5yU6iI7oO8pP9aS0dF1gG2hH3jJ4kK5lL6zZ7xX8cC9vV0bB1nN2mM3qW4eR5tT6yU7iI8oO9pP0aS1dF2gG3hH4jJ5kK6lL7zZ8xX9cC0vB1nN2mQ3wE4rR5tT6yY7uU8iI9oO0pP1aS2dF3gG4hH5jJ6kK7l4hH5jJ6kK7lL8zX9cV0bN1nM2qW3eR4tT5yU6iI7oO8pP9aS0dF1gG2hH3jJ4kK5lL6zZ7xX8cC9vV0bB1nN2mM3qW4eR5tT6yU7iI8oO9pP0aS1dF2gG3hH4jJ5kK6lL7zZ8xX9cC0vB1nN2mQ3wE4rR5tT6yY7uU8iI9oO0pP1aS2dF3gG4hH5jJ6kK7lL8zX9cV0bN1nM2qW3eR4tT5yU6iI7oO8pP9aS0dF1gG2hH3jJ4kK5lL6zZ7xX8cC9vV0bB1nN2mM3qW4eR5tT6yU7iI8oO9pP0aS1dF2gG3hH4jJ5kK6lL7zZ8xX9cC0vB1nN2mQ3wE4rR5tT6yY7uU8iI9oO0pP1aS2dF3gG4hH5jJ6kK7l4hH5jJ6kK7lL8zX9cV0bN1nM2qW3eR4tT5yU6iI7oO8pP9aS0dF1gG2hH3jJ4kK5lL6zZ7xX8cC9vV0bB1nN2mM3qW4eR5tT6yU7iI8oO9pP0aS1dF2gG3hH4jJ5kK6lL7zZ8xX9cC0vB1nN2mQ3wE4rR5tT6yY7uU8iI9oO0pP1aS2dF3gG4hH5jJ6kK7lL8zX9cV0bN1nM2qW3eR4tT5yU6iI7oO8pP9aS0dF1gG2hH3jJ4kK5lL6zZ7xX8cC9vV0bB1nN2mM3qW4eR5tT6yU7iI8oO9pP0aS1dF2gG3hH4jJ5kK6lL7zZ8xX9cC0vB1nN2mQ3wE4rR5tT6yY7uU8iI9oO0pP1aS2dF3gG4hH5jJ6kK7l4hH5jJ6kK7lL8zX9cV0bN1nM2qW3eR4tT5yU6iI7oO8pP9aS0dF1gG2hH3jJ4kK5lL6zZ7xX8cC9vV0bB1nN2mM3qW4eR5tT6yU7iI8oO9pP0aS1dF2gG3hH4jJ5kK6lL7zZ8xX9cC0vB1nN2mQ3wE4rR5tT6yY7uU8iI9oO0pP1aS2dF3gG4hH5jJ6kK7lL8zX9cV0bN1nM2qW3eR4tT5yU6iI7oO8pP9aS0dF1gG2hH3jJ4kK5lL6zZ7xX8cC9vV0bB1nN2mM3qW4eR5tT6yU7iI8oO9pP0aS1dF2gG3hH4jJ5kK6lL7zZ8xX9cC0vB1nN2mQ3wE4rR5tT6yY7uU8iI9oO0pP1aS2dF3gG4hH5jJ6kK7l4hH5jJ6kK7lL8zX9cV0bN1nM2qW3eR4tT5yU6iI7oO8pP9aS0dF1gG2hH3jJ4kK5lL6zZ7xX8cC9vV0bB1nN2mM3qW4eR5tT6yU7iI8oO9pP0aS1dF2gG3hH4jJ5kK6lL7zZ8xX9cC0vB1nN2mQ3wE4rR5tT6yY7uU8iI9oO0pP1aS2dF3gG4hH5jJ6kK7lL8zX9cV0bN1nM2qW3eR4tT5yU6iI7oO8pP9aS0dF1gG2hH3jJ4kK5lL6zZ7xX8cC9vV0bB1nN2mM3qW4eR5tT6yU7iI8oO9pP0aS1dF2gG3hH4jJ5kK6lL7zZ8xX9cC0vB1nN2mQ3wE4rR5tT6yY7uU8iI9oO0pP1aS2dF3gG4hH5jJ6kK7l4hH5jJ6kK7lL8zX9cV0bN1nM2qW3eR4tT5yU6iI7oO8pP9aS0dF1gG2hH3jJ4kK5lL6zZ7xX8cC9vV0bB1nN2mM3qW4eR5tT6yU7iI8oO9pP0aS1dF2gG3hH4jJ5kK6lL7zZ8xX9cC0vB1nN2mQ3wE4rR5tT6yY7uU8iI9oO0pP1aS2dF3gG4hH5jJ6kK7lL8zX9cV0bN1nM2qW3eR4tT5yU6iI7oO8pP9aS0dF1gG2hH3jJ4kK5lL6zZ7xX8cC9vV0bB1nN2mM3qW4eR5tT6yU7iI8oO9pP0aS1dF2gG3hH4jJ5kK6lL7zZ8xX9cC0vB1nN2mQ3wE4rR5tT6yY7uU8iI9oO0pP1aS2dF3gG4hH5jJ6kK7l4hH5jJ6kK7lL8zX9cV0bN1nM2qW3eR4tT5yU6iI7oO8pP9aS0dF1gG2hH3jJ4kK5lL6zZ7xX8cC9vV0bB1nN2mM3qW4eR5tT6yU7iI8oO9pP0aS1dF2gG3hH4jJ5kK6lL7zZ8xX9cC0vB1nN2mQ3wE4rR5tT6yY7uU8iI9oO0pP1aS2dF3gG4hH5jJ6kK7lL8zX9cV0bN1nM2qW3eR4tT5yU6iI7oO8pP9aS0dF1gG2hH3jJ4kK5lL6zZ7xX8cC9vV0bB1nN2mM3qW4eR5tT6yU7iI8oO9pP0aS1dF2gG3hH4jJ5kK6lL7zZ8xX9cC0vB1nN2mQ3wE4rR5tT6yY7uU8iI9oO0pP1aS2dF3gG4hH5jJ6kK7l4hH5jJ6kK7lL8zX9cV0bN1nM2qW3eR4tT5yU6iI7oO8pP9aS0dF1gG2hH3jJ4kK5lL6zZ7xX8cC9vV0bB1nN2mM3qW4eR5tT6yU7iI8oO9pP0aS1dF2gG3hH4jJ5kK6lL7zZ8xX9cC0vB1nN2mQ3wE4rR5tT6yY7uU8iI9oO0pP1aS2dF3gG4hH5jJ6kK7lL8zX9cV0bN1nM2qW3eR4tT5yU6iI7oO8pP9aS0dF1gG2hH3jJ4kK5lL6zZ7xX8cC9vV0bB1nN2mM3qW4eR5tT6yU7iI8oO9pP0aS1dF2gG3hH4jJ5kK6lL7zZ8xX9cC0vB1nN2mQ3wE4rR5tT6yY7uU8iI9oO0pP1aS2dF3gG4hH5jJ6kK7l4hH5jJ6kK7lL8zX9cV0bN1nM2qW3eR4tT5yU6iI7oO8pP9aS0dF1gG2hH3jJ4kK5lL6z7nB9vR2mX8kLp4QjW3tY5zH1aG6sF9dD0fS8gA7hJ6kL5mN4bV3vC2xZ1oP9iU8uY7tT6rR5eE4wW3qQ2aZ1sX2dC3fV4gB5hN6jM7kL8pO9iU0yT1rE2wQ3aS4dF5gG6hH7jJ8kK9lL0zZ1xX2cC3vV4bB5nN6mM7qQ8wW9eE0rR1tT2yY3uU4iI5oO6pP7aA8sS9dD0fF1gG2hH3jJ4kK5lL6zZ7xX8cC9vV0bB1nN2mM3qW4eR5tT6yU7iI8oO9pP0aS1dF2gG3hH4jJ5kK6lL7zZ8xX9cC0vB1nN2mQ3wE4rR5tT6yY7uU8iI9oO0pP1aS2dF3gG4hH5jJ6kK7lL8zX9cV0bN1nM2qW3eR4tT5yU6iI7oO8pP9aS0dF1gG2hH3jJ4kK5lL6zZ7xX8cC9vV0bB1nN2mM3qW4eR5tT6yU7iI8oO9pP0aS1dF2gG3hH4jJ5kK6lL7zZ8xX9cC0vB1nN2mQ3wE4rR5tT6yY7uU8iI9oO0pP1aS2dF3gG4hH5jJ6kK7lL8zX9cV0bN1nM2qW3eR4tT5yU6iI7oO8pP9aS0dF1gG2hH3jJ4kK5lL6zZ7xX8cC9vV0bB1nN2mM3qW4eR5tT6yU7iI8oO9pP0aS1dF2gG3hH4jJ5kK6lL7zZ8xX9cC0vB1nN2mQ3wE4rR5tT6yY7uU8iI9oO0pP1aS2dF3gG4hH5jJ6kK7lL8zX9cV0bN1nM2qW3eR4tT5yU6iI7oO8pP9aS0dF1gG2hH3jJ4kK5lL6zZ7xX8cC9vV0bB1nN2mM3qW4eR5tT6yU7iI8oO9pP0aS1dF2gG3hH4jJ5kK6lL7zZ8xX9cC0vB1nN2mQ3wE4rR5tT6yY7uU8iI9oO0pP1aS2dF3gG4hH5jJ6kK7lL8zX9cV0bN1nM2qW3eR4tT5yU6iI7oO8pP9aS0dF1gG2hH3jJ4kK5lL6zZ7xX8cC9vV0bB1nN2mM3qW4eR5tT6yU7iI8oO9pP0aS1dF2gG3hH4jJ5kK6lL7zZ8xX9cC0vB1nN2mQ3wE4rR5tT6yY7uU8iI9oO0pP1aS2dF3gG4hH5jJ6kK7l4hH5jJ6kK7lL8zX9cV0bN1nM2qW3eR4tT5yU6iI7oO8pP9aS0dF1gG2hH3jJ4kK5lL6zZ7xX8cC9vV0bB1nN2mM3qW4eR5tT6yU7iI8oO9pP0aS1dF2gG3hH4jJ5kK6lL7zZ8xX9cC0vB1nN2mQ3wE4rR5tT6yY7uU8iI9oO0pP1aS2dF3gG4hH5jJ6kK7lL8zX9cV0bN1nM2qW3eR4tT5yU6iI7oO8pP9aS0dF1gG2hH3jJ4kK5lL6zZ7xX8cC9vV0bB1nN2mM3qW4eR5tT6yU7iI8oO9pP0aS1dF2gG3hH4jJ5kK6lL7zZ8xX9cC0vB1nN2mQ3wE4rR5tT6yY7uU8iI9oO0pP1aS2dF3gG4hH5jJ6kK7l4hH5jJ6kK7lL8zX9cV0bN1nM2qW3eR4tT5yU6iI7oO8pP9aS0dF1gG2hH3jJ4kK5lL6zZ7xX8cC9vV0bB1nN2mM3qW4eR5tT6yU7iI8oO9pP0aS1dF2gG3hH4jJ5kK6lL7zZ8xX9cC0vB1nN2mQ3wE4rR5tT6yY7uU8iI9oO0pP1aS2dF3gG4hH5jJ6kK7lL8zX9cV0bN1nM2qW3eR4tT5yU6iI7oO8pP9aS0dF1gG2hH3jJ4kK5lL6zZ7xX8cC9vV0bB1nN2mM3qW4eR5tT6yU7iI8oO9pP0aS1dF2gG3hH4jJ5kK6lL7zZ8xX9cC0vB1nN2mQ3wE4rR5tT6yY7uU8iI9oO0pP1aS2dF3gG4hH5jJ6kK7l4hH5jJ6kK7lL8zX9cV0bN1nM2qW3eR4tT5yU6iI7oO8pP9aS0dF1gG2hH3jJ4kK5lL6zZ7xX8cC9vV0bB1nN2mM3qW4eR5tT6yU7iI8oO9pP0aS1dF2gG3hH4jJ5kK6lL7zZ8xX9cC0vB1nN2mQ3wE4rR5tT6yY7uU8iI9oO0pP1aS2dF3gG4hH5jJ6kK7lL8zX9cV0bN1nM2qW3eR4tT5yU6iI7oO8pP9aS0dF1gG2hH3jJ4kK5lL6zZ7xX8cC9vV0bB1nN2mM3qW4eR5tT6yU7iI8oO9pP0aS1dF2gG3hH4jJ5kK6lL7zZ8xX9cC0vB1nN2mQ3wE4rR5tT6yY7uU8iI9oO0pP1aS2dF3gG4hH5jJ6kK7l4hH5jJ6kK7lL8zX9cV0bN1nM2qW3eR4tT5yU6iI7oO8pP9aS0dF1gG2hH3jJ4kK5lL6zZ7xX8cC9vV0bB1nN2mM3qW4eR5tT6yU7iI8oO9pP0aS1dF2gG3hH4jJ5kK6lL7zZ8xX9cC0vB1nN2mQ3wE4rR5tT6yY7uU8iI9oO0pP1aS2dF3gG4hH5jJ6kK7lL8zX9cV0bN1nM2qW3eR4tT5yU6iI7oO8pP9aS0dF1gG2hH3jJ4kK5lL6zZ7xX8cC9vV0bB1nN2mM3qW4eR5tT6yU7iI8oO9pP0aS1dF2gG3hH4jJ5kK6lL7zZ8xX9cC0vB1nN2mQ3wE4rR5tT6yY7uU8iI9oO0pP1aS2dF3gG4hH5jJ6kK7l4hH5jJ6kK7lL8zX9cV0bN1nM2qW3eR4tT5yU6iI7oO8pP9aS0dF1gG2hH3jJ4kK5lL6zZ7xX8cC9vV0bB1nN2mM3qW4eR5tT6yU7iI8oO9pP0aS1dF2gG3hH4jJ5kK6lL7zZ8xX9cC0vB1nN2mQ3wE4rR5tT6yY7uU8iI9oO0pP1aS2dF3gG4hH5jJ6kK7lL8zX9cV0bN1nM2qW3eR4tT5yU6iI7oO8pP9aS0dF1gG2hH3jJ4kK5lL6zZ7xX8cC9vV0bB1nN2mM3qW4eR5tT6yU7iI8oO9pP0aS1dF2gG3hH4jJ5kK6lL7zZ8xX9cC0vB1nN2mQ3wE4rR5tT6yY7uU8iI9oO0pP1aS2dF3gG4hH5jJ6kK7l4hH5jJ6kK7lL8zX9cV0bN1nM2qW3eR4tT5yU6iI7oO8pP9aS0dF1gG2hH3jJ4kK5lL6zZ7xX8cC9vV0bB1nN2mM3qW4eR5tT6yU7iI8oO9pP0aS1dF2gG3hH4jJ5kK6lL7zZ8xX9cC0vB1nN2mQ3wE4rR5tT6yY7uU8iI9oO0pP1aS2dF3gG4hH5jJ6kK7lL8zX9cV0bN1nM2qW3eR4tT5yU6iI7oO8pP9aS0dF1gG2hH3jJ4kK5lL6zZ7xX8cC9vV0bB1nN2mM3qW4eR5tT6yU7iI8oO9pP0aS1dF2gG3hH4jJ5kK6lL7zZ8xX9cC0vB1nN2mQ3wE4rR5tT6yY7uU8iI9oO0pP1aS2dF3gG4hH5jJ6kK7l4hH5jJ6kK7lL8zX9cV0bN1nM2qW3eR4tT5yU6iI7oO8pP9aS0dF1gG2hH3jJ4kK5lL6zZ7xX8cC9vV0bB1nN2mM3qW4eR5tT6yU7iI8oO9pP0aS1dF2gG3hH4jJ5kK6lL7zZ8xX9cC0vB1nN2mQ3wE4rR5tT6yY7uU8iI9oO0pP1aS2dF3gG4hH5jJ6kK7lL8zX9cV0bN1nM2qW3eR4tT5yU6iI7oO8pP9aS0dF1gG2hH3jJ4kK5lL6zZ7xX8cC9vV0bB1nN2mM3qW4eR5tT6yU7iI8oO9pP0aS1dF2gG3hH4jJ5kK6lL7zZ8xX9cC0vB1nN2mQ3wE4rR5tT6yY7uU8iI9oO0pP1aS2dF3gG4hH5jJ6kK7l4hH5jJ6kK7lL8zX9cV0bN1nM2qW3eR4tT5yU6iI7oO8pP9aS0dF1gG2hH3jJ4kK5lL6z8zX9cV0bN1nM2qW3eR4tT5yU6iI7oO8pP9aS0dF1gG2hH3jJ4kK5lL6zZ7xX8cC9vV0bB1nN2mM3qW4eR5tT6yU7iI8oO9pP0aS1dF2gG3hH4jJ5kK6lL7zZ8xX9cC0vB1nN2mQ3wE4rR5tT6yY7uU8iI9oO0pP1aS2dF3gG4hH5jJ6kK7l4hH5jJ6kK7lL8zX9cV0bN1nM2qW3eR4tT5yU6iI7oO8pP9aS0dF1gG2hH3jJ4kK5lL6zZ7xX8cC9vV0bB1nN2mM3qW4eR5tT6yU7iI8oO9pP0aS1dF2gG3hH4jJ5kK6lL7zZ8xX9cC0vB1nN2mQ3wE4rR5tT6yY7uU8iI9oO0pP1aS2dF3gG4hH5jJ6kK7lL8zX9cV0bN1nM2qW3eR4tT5yU6iI7oO8pP9aS0dF1gG2hH3jJ4kK5lL6zZ7xX8cC9vV0bB1nN2mM3qW4eR5tT6yU7iI8oO9pP0aS1dF2gG3hH4jJ5kK6lL7zZ8xX9cC0vB1nN2mQ3wE4rR5tT6yY7uU8iI9oO0pP1aS2dF3gG4hH5jJ6kK7l4hH5jJ6kK7lL8zX9cV0bN1nM2qW3eR4tT5yU6iI7oO8pP9aS0dF1gG2hH3jJ4kK5lL6zZ7xX8cC9vV0bB1nN2mM3qW4eR5tT6yU7iI8oO9pP0aS1dF2gG3hH4jJ5kK6lL7zZ8xX9cC0vB1nN2mQ3wE4rR5tT6yY7uU8iI9oO0pP1aS2dF3gG4hH5jJ6kK7lL8zX9cV0bN1nM2qW3eR4tT5yU6iI7oO8pP9aS0dF1gG2hH3jJ4kK5lL6zZ7xX8cC9vV0bB1nN2mM3qW4eR5tT6yU7iI8oO9pP0aS1dFzX9cV0bN1nM2qW3eR4tT5yU6iI7oO8pP9aS0dF1gG2hH3jJ4kK5lL6zZ7xX8cC9vV0bB1nN2mM3qW4eR5tT6yU7iI8oO9pP0aS1dF2gG3hH4jJ5kK6lL7zZ8xX9cC0vB1nN2mQ3wE4rR5tT6yY7uU8iI9oO0pP1aS2dF3gG4hH5jJ6kK7lL8zX9cV0bN1nM2qW3eR4tT5yU6iI7oO8pP9aS0dF1gG2hH3jJ4kK5lL6zZ7xX8cC9vV0bB1nN2mM3qW4eR5tT6yU7iI8oO9pP0aS1dF2gG3hH4jJ5kK6lL7zZ8xX9cC0vB1nN2mQ3wE4rR5tT6yY7uU8iI9oO0pP1aS2dF3gG4hH5jJ6kK7l4hH5jJ6kK7lL8zX9cV0bN1nM2qW3eR4tT5yU6iI7oO8pP9aS0dF1gG2hH3jJ4kK5lL6zZ7xX8cC9vV0bB1nN2mM3qW4eR5tT6yU7iI8oO9pP0aS1dF2gG3hH4jJ5kK6lL7zZ8xX9cC0vB1nN2mQ3wE4rR5tT6yY7uU8iI9oO0pP1aS2dF3gG4hH5jJ6kK7lL8zX9cV0bN1nM2qW3eR4tT5yU6iI7oO8pP9aS0dF1gG2hH3jJ4kK5lL6zZ7xX8cC9vV0bB1nN2mM3qW4eR5tT6yU7iI8oO9pP0aS1dF2gG3hH4jJ5kK6lL7zZ8xX9cC0vB1nN2mQ3wE4rR5tT6yY7uU8iI9oO0pP1aS2dF3gG4hH5jJ6kK7l4hH5jJ6kK7lL8zX9cV0bN1nM2qW3eR4tT5yU6iI7oO8pP9aS0dF1gG2hH3jJ4kK5lL6zZ7xX8cC9vV0bB1nN2mM3qW4eR5tT6yU7iI8oO9pP0aS1dF2gG3hH4jJ5kK6lL7zZ8xX9cC0vB1nN2mQ3wE4rR5tT6yY7uU8iI9oO0pP1aS2dF3gG4hH5jJ6kK7lL8zX9cV0bN1nM2qW3eR4tT5yU6iI7oO8pP9aS0dF1gG2hH3jJ4kK5lL6zZ7xX8cC9vV0bB1nN2mM3qW4eR5tT6yU7iI8oO9pP0aS1dF2gG3hH4jJ5kK6lL7zZ8xX9cC0vB1nN2mQ3wE4rR5tT6yY7uU8iI9oO0pP1aS2dF3gG4hH5jJ6kK7l4hH5jJ6kK7lL8zX9cV0bN1nM2qW3eR4tT5yU6iI7oO8pP9aS0dF1gG2hH3jJ4kK5lL6zZ7xX8cC9vV0bB1nN2mM3qW4eR5tT6yU7iI8oO9pP0aS1dF2gG3hH4jJ5kK6lL7zZ8xX9cC0vB1nN2mQ3wE4rR5tT6yY7uU8iI9oO0pP1aS2dF3gG4hH5jJ6kK7lL8zX9cV0bN1nM2qW3eR4tT5yU6iI7oO8pP9aS0dF1gG2hH3jJ4kK5lL6zZ7xX8cC9vV0bB1nN2mM3qW4eR5tT6yU7iI8oO9pP0aS1dF2gG3hH4jJ5kK6lL7zZ8xX9cC0vB1nN2mQ3wE4rR5tT6yY7uU8iI9oO0pP1aS2dF3gG4hH5jJ6kK7l4hH5jJ6kK7lL8zX9cV0bN1nM2qW3eR4tT5yU6iI7oO8pP9aS0dF1gG2hH3jJ4kK5lL6zZ7xX8cC9vV0bB1nN2mM3qW4eR5tT6yU7iI8oO9pP0aS1dF2gG3hH4jJ5kK6lL7zZ8xX9cC0vB1nN2mQ3wE4rR5tT6yY7uU8iI9oO0pP1aS2dF3gG4hH5jJ6kK7lL8zX9cV0bN1nM2qW3eR4tT5yU6iI7oO8pP9aS0dF1gG2hH3jJ4kK5lL6zZ7xX8cC9vV0bB1nN2mM3qW4eR5tT6yU7iI8oO9pP0aS1dF2gG3hH4jJ5kK6lL7zZ8xX9cC0vB1nN2mQ3wE4rR5tT6yY7uU8iI9oO0pP1aS2dF3gG4hH5jJ6kK7l4hH5jJ6kK7lL8zX9cV0bN1nM2qW3eR4tT5yU6iI7oO8pP9aS0dF1gG2hH3jJ4kK5lL6z7nB9vR2mX8kLp4QjW3tY5zH1aG6sF9dD0fS8gA7hJ6kL5mN4bV3vC2xZ1oP9iU8uY7tT6rR5eE4wW3qQ2aZ1sX2dC3fV4gB5hN6jM7kL8pO9iU0yT1rE2wQ3aS4dF5gG6hH7jJ8kK9lL0zZ1xX2cC3vV4bB5nN6mM7qQ8wW9eE0rR1tT2yY3uU4iI5oO6pP7aA8sS9dD0fF1gG2hH3jJ4kK5lL6zZ7xX8cC9vV0bB1nN2mM3qW4eR5tT6yU7iI8oO9pP0aS1dF2gG3hH4jJ5kK6lL7zZ8xX9cC0vB1nN2mQ3wE4rR5tT6yY7uU8iI9oO0pP1aS2dF3gG4hH5jJ6kK7lL8zX9cV0bN1nM2qW3eR4tT5yU6iI7oO8pP9aS0dF1gG2hH3jJ4kK5lL6zZ7xX8cC9vV0bB1nN2mM3qW4eR5tT6yU7iI8oO9pP0aS1dF2gG3hH4jJ5kK6lL7zZ8xX9cC0vB1nN2mQ3wE4rR5tT6yY7uU8iI9oO0pP1aS2dF3gG4hH5jJ6kK7lL8zX9cV0bN1nM2qW3eR4tT5yU6iI7oO8pP9aS0dF1gG2hH3jJ4kK5lL6zZ7xX8cC9vV0bB1nN2mM3qW4eR5tT6yU7iI8oO9pP0aS1dF2gG3hH4jJ5kK6lL7zZ8xX9cC0vB1nN2mQ3wE4rR5tT6yY7uU8iI9oO0pP1aS2dF3gG4hH5jJ6kK7lL8zX9cV0bN1nM2qW3eR4tT5yU6iI7oO8pP9aS0dF1gG2hH3jJ4kK5lL6zZ7xX8cC9vV0bB1nN2mM3qW4eR5tT6yU7iI8oO9pP0aS1dF2gG3hH4jJ5kK6lL7zZ8xX9cC0vB1nN2mQ3wE4rR5tT6yY7uU8iI9oO0pP1aS2dF3gG4hH5jJ6kK7lL8zX9cV0bN1nM2qW3eR4tT5yU6iI7oO8pP9aS0dF1gG2hH3jJ4kK5lL6zZ7xX8cC9vV0bB1nN2mM3qW4eR5tT6yU7iI8oO9pP0aS1dF2gG3hH4jJ5kK6lL7zZ8xX9cC0vB1nN2mQ3wE4rR5tT6yY7uU8iI9oO0pP1aS2dF3gG4hH5jJ6kK7l4hH5jJ6kK7lL8zX9cV0bN1nM2qW3eR4tT5yU6iI7oO8pP9aS0dF1gG2hH3jJ4kK5lL6zZ7xX8cC9vV0bB1nN2mM3qW4eR5tT6yU7iI8oO9pP0aS1dF2gG3hH4jJ5kK6lL7zZ8xX9cC0vB1nN2mQ3wE4rR5tT6yY7uU8iI9oO0pP1aS2dF3gG4hH5jJ6kK7lL8zX9cV0bN1nM2qW3eR4tT5yU6iI7oO8pP9aS0dF1gG2hH3jJ4kK5lL6zZ7xX8cC9vV0bB1nN2mM3qW4eR5tT6yU7iI8oO9pP0aS1dF2gG3hH4jJ5kK6lL7zZ8xX9cC0vB1nN2mQ3wE4rR5tT6yY7uU8iI9oO0pP1aS2dF3gG4hH5jJ6kK7l4hH5jJ6kK7lL8zX9cV0bN1nM2qW3eR4tT5yU6iI7oO8pP9aS0dF1gG2hH3jJ4kK5lL6zZ7xX8cC9vV0bB1nN2mM3qW4eR5tT6yU7iI8oO9pP0aS1dF2gG3hH4jJ5kK6lL7zZ8xX9cC0vB1nN2mQ3wE4rR5tT6yY7uU8iI9oO0pP1aS2dF3gG4hH5jJ6kK7lL8zX9cV0bN1nM2qW3eR4tT5yU6iI7oO8pP9aS0dF1gG2hH3jJ4kK5lL6zZ7xX8cC9vV0bB1nN2mM3qW4eR5tT6yU7iI8oO9pP0aS1dF2gG3hH4jJ5kK6lL7zZ8xX9cC0vB1nN2mQ3wE4rR5tT6yY7uU8iI9oO0pP1aS2dF3gG4hH5jJ6kK7l4hH5jJ6kK7lL8zX9cV0bN1nM2qW3eR4tT5yU6iI7oO8pP9aS0dF1gG2hH3jJ4kK5lL6zZ7xX8cC9vV0bB1nN2mM3qW4eR5tT6yU7iI8oO9pP0aS1dF2gG3hH4jJ5kK6lL7zZ8xX9cC0vB1nN2mQ3wE4rR5tT6yY7uU8iI9oO0pP1aS2dF3gG4hH5jJ6kK7lL8zX9cV0bN1nM2qW3eR4tT5yU6iI7oO8pP9aS0dF1gG2hH3jJ4kK5lL6zZ7xX8cC9vV0bB1nN2mM3qW4eR5tT6yU7iI8oO9pP0aS1dF2gG3hH4jJ5kK6lL7zZ8xX9cC0vB1nN2mQ3wE4rR5tT6yY7uU8iI9oO0pP1aS2dF3gG4hH5jJ6kK7l4hH5jJ6kK7lL8zX9cV0bN1nM2qW3eR4tT5yU6iI7oO8pP9aS0dF1gG2hH3jJ4kK5lL6zZ7xX8cC9vV0bB1nN2mM3qW4eR5tT6yU7iI8oO9pP0aS1dF2gG3hH4jJ5kK6lL7zZ8xX9cC0vB1nN2mQ3wE4rR5tT6yY7uU8iI9oO0pP1aS2dF3gG4hH5jJ6kK7lL8zX9cV0bN1nM2qW3eR4tT5yU6iI7oO8pP9aS0dF1gG2hH3jJ4kK5lL6zZ7xX8cC9vV0bB1nN2mM3qW4eR5tT6yU7iI8oO9pP0aS1dF2gG3hH4jJ5kK6lL7zZ8xX9cC0vB1nN2mQ3wE4rR5tT6yY7uU8iI9oO0pP1aS2dF3gG4hH5jJ6kK7l4hH5jJ6kK7lL8zX9cV0bN1nM2qW3eR4tT5yU6iI7oO8pP9aS0dF1gG2hH3jJ4kK5lL6zZ7xX8cC9vV0bB1nN2mM3qW4eR5tT6yU7iI8oO9pP0aS1dF2gG3hH4jJ5kK6lL7zZ8xX9cC0vB1nN2mQ3wE4rR5tT6yY7uU8iI9oO0pP1aS2dF3gG4hH5jJ6kK7lL8zX9cV0bN1nM2qW3eR4tT5yU6iI7oO8pP9aS0dF1gG2hH3jJ4kK5lL6zZ7xX8cC9vV0bB1nN2mM3qW4eR5tT6yU7iI8oO9pP0aS1dF2gG3hH4jJ5kK6lL7zZ8xX9cC0vB1nN2mQ3wE4rR5tT6yY7uU8iI9oO0pP1aS2dF3gG4hH5jJ6kK7l4hH5jJ6kK7lL8zX9cV0bN1nM2qW3eR4tT5yU6iI7oO8pP9aS0dF1gG2hH3jJ4kK5lL6zZ7xX8cC9vV0bB1nN2mM3qW4eR5tT6yU7iI8oO9pP0aS1dF2gG3hH4jJ5kK6lL7zZ8xX9cC0vB1nN2mQ3wE4rR5tT6yY7uU8iI9oO0pP1aS2dF3gG4hH5jJ6kK7lL8zX9cV0bN1nM2qW3eR4tT5yU6iI7oO8pP9aS0dF1gG2hH3jJ4kK5lL6zZ7xX8cC9vV0bB1nN2mM3qW4eR5tT6yU7iI8oO9pP0aS1dF2gG3hH4jJ5kK6lL7zZ8xX9cC0vB1nN2mQ3wE4rR5tT6yY7uU8iI9oO0pP1aS2dF3gG4hH5jJ6kK7l4hH5jJ6kK7lL8zX9cV0bN1nM2qW3eR4tT5yU6iI7oO8pP9aS0dF1gG2hH3jJ4kK5lL6zZ7xX8cC9vV0bB1nN2mM3qW4eR5tT6yU7iI8oO9pP0aS1dF2gG3hH4jJ5kK6lL7zZ8xX9cC0vB1nN2mQ3wE4rR5tT6yY7uU8iI9oO0pP1aS2dF3gG4hH5jJ6kK7lL8zX9cV0bN1nM2qW3eR4tT5yU6iI7oO8pP9aS0dF1gG2hH3jJ4kK5lL6zZ7xX8cC9vV0bB1nN2mM3qW4eR5tT6yU7iI8oO9pP0aS1dF2gG3hH4jJ5kK6lL7zZ8xX9cC0vB1nN2mQ3wE4rR5tT6yY7uU8iI9oO0pP1aS2dF3gG4hH5jJ6kK7l4hH5jJ6kK7lL8zX9cV0bN1nM2qW3eR4tT5yU6iI7oO8pP9aS0dF1gG2hH3jJ4kK5lL6z7nB9vR2mX8kLp4QjW3tY5zH1aG6sF9dD0fS8gA7hJ6kL5mN4bV3vC2xZ1oP9iU8uY7tT6rR5eE4wW3qQ2aZ1sX2dC3fV4gB5hN6jM7kL8pO9iU0yT1rE2wQ3aS4dF5gG6hH7jJ8kK9lL0zZ1xX2cC3vV4bB5nN6mM7qQ8wW9eE0rR1tT2yY3uU4iI5oO6pP7aA8sS9dD0fF1gG2hH3jJ4kK5lL6zZ7xX8cC9vV0bB1nN2mM3qW4eR5tT6yU7iI8oO9pP0aS1dF2gG3hH4jJ5kK6lL7zZ8xX9cC0vB1nN2mQ3wE4rR5tT6yY7uU8iI9oO0pP1aS2dF3gG4hH5jJ6kK7lL8zX9cV0bN1nM2qW3eR4tT5yU6iI7oO8pP9aS0dF1gG2hH3jJ4kK5lL6zZ7xX8cC9vV0bB1nN2mM3qW4eR5tT6yU7iI8oO9pP0aS1dF2gG3hH4jJ5kK6lL7zZ8xX9cC0vB1nN2mQ3wE4rR5tT6yY7uU8iI9oO0pP1aS2dF3gG4hH5jJ6kK7lL8zX9cV0bN1nM2qW3eR4tT5yU6iI7oO8pP9aS0dF1gG2hH3jJ4kK5lL6zZ7xX8cC9vV0bB1nN2mM3qW4eR5tT6yU7iI8oO9pP0aS1dF2gG3hH4jJ5kK6lL7zZ8xX9cC0vB1nN2mQ3wE4rR5tT6yY7uU8iI9oO0pP1aS2dF3gG4hH5jJ6kK7lL8zX9cV0bN1nM2qW3eR4tT5yU6iI7oO8pP9aS0dF1gG2hH3jJ4kK5lL6zZ7xX8cC9vV0bB1nN2mM3qW4eR5tT6yU7iI8oO9pP0aS1dF2gG3hH4jJ5kK6lL7zZ8xX9cC0vB1nN2mQ3wE4rR5tT6yY7uU8iI9oO0pP1aS2dF3gG4hH5jJ6kK7lL8zX9cV0bN1nM2qW3eR4tT5yU6iI7oO8pP9aS0dF1gG2hH3jJ4kK5lL6zZ7xX8cC9vV0bB1nN2mM3qW4eR5tT6yU7iI8oO9pP0aS1dF2gG3hH4jJ5kK6lL7zZ8xX9cC0vB1nN2mQ3wE4rR5tT6yY7uU8iI9oO0pP1aS2dF3gG4hH5jJ6kK7l4hH5jJ6kK7lL8zX9cV0bN1nM2qW3eR4tT5yU6iI7oO8pP9aS0dF1gG2hH3jJ4kK5lL6zZ7xX8cC9vV0bB1nN2mM3qW4eR5tT6yU7iI8oO9pP0aS1dF2gG3hH4jJ5kK6lL7zZ8xX9cC0vB1nN2mQ3wE4rR5tT6yY7uU8iI9oO0pP1aS2dF3gG4hH5jJ6kK7lL8zX9cV0bN1nM2qW3eR4tT5yU6iI7oO8pP9aS0dF1gG2hH3jJ4kK5lL6zZ7xX8cC9vV0bB1nN2mM3qW4eR5tT6yU7iI8oO9pP0aS1dF2gG3hH4jJ5kK6lL7zZ8xX9cC0vB1nN2mQ3wE4rR5tT6yY7uU8iI9oO0pP1aS2dF3gG4hH5jJ6kK7l4hH5jJ6kK7lL8zX9cV0bN1nM2qW3eR4tT5yU6iI7oO8pP9aS0dF1gG2hH3jJ4kK5lL6zZ7xX8cC9vV0bB1nN2mM3qW4eR5tT6yU7iI8oO9pP0aS1dF2gG3hH4jJ5kK6lL7zZ8xX9cC0vB1nN2mQ3wE4rR5tT6yY7uU8iI9oO0pP1aS2dF3gG4hH5jJ6kK7lL8zX9cV0bN1nM2qW3eR4tT5yU6iI7oO8pP9aS0dF1gG2hH3jJ4kK5lL6zZ7xX8cC9vV0bB1nN2mM3qW4eR5tT6yU7iI8oO9pP0aS1dF2gG3hH4jJ5kK6lL7zZ8xX9cC0vB1nN2mQ3wE4rR5tT6yY7uU8iI9oO0pP1aS2dF3gG4hH5jJ6kK7l4hH5jJ6kK7lL8zX9cV0bN1nM2qW3eR4tT5yU6iI7oO8pP9aS0dF1gG2hH3jJ4kK5lL6zZ7xX8cC9vV0bB1nN2mM3qW4eR5tT6yU7iI8oO9pP0aS1dF2gG3hH4jJ5kK6lL7zZ8xX9cC0vB1nN2mQ3wE4rR5tT6yY7uU8iI9oO0pP1aS2dF3gG4hH5jJ6kK7lL8zX9cV0bN1nM2qW3eR4tT5yU6iI7oO8pP9aS0dF1gG2hH3jJ4kK5lL6zZ7xX8cC9vV0bB1nN2mM3qW4eR5tT6yU7iI8oO9pP0aS1dF2gG3hH4jJ5kK6lL7zZ8xX9cC0vB1nN2mQ3wE4rR5tT6yY7uU8iI9oO0pP1aS2dF3gG4hH5jJ6kK7l4hH5jJ6kK7lL8zX9cV0bN1nM2qW3eR4tT5yU6iI7oO8pP9aS0dF1gG2hH3jJ4kK5lL6zZ7xX8cC9vV0bB1nN2mM3qW4eR5tT6yU7iI8oO9pP0aS1dF2gG3hH4jJ5kK6lL7zZ8xX9cC0vB1nN2mQ3wE4rR5tT6yY7uU8iI9oO0pP1aS2dF3gG4hH5jJ6kK7lL8zX9cV0bN1nM2qW3eR4tT5yU6iI7oO8pP9aS0dF1gG2hH3jJ4kK5lL6zZ7xX8cC9vV0bB1nN2mM3qW4eR5tT6yU7iI8oO9pP0aS1dF2gG3hH4jJ5kK6lL7zZ8xX9cC0vB1nN2mQ3wE4rR5tT6yY7uU8iI9oO0pP1aS2dF3gG4hH5jJ6kK7l4hH5jJ6kK7lL8zX9cV0bN1nM2qW3eR4tT5yU6iI7oO8pP9aS0dF1gG2hH3jJ4kK5lL6zZ7xX8cC9vV0bB1nN2mM3qW4eR5tT6yU7iI8oO9pP0aS1dF2gG3hH4jJ5kK6lL7zZ8xX9cC0vB1nN2mQ3wE4rR5tT6yY7uU8iI9oO0pP1aS2dF3gG4hH5jJ6kK7lL8zX9cV0bN1nM2qW3eR4tT5yU6iI7oO8pP9aS0dF1gG2hH3jJ4kK5lL6zZ7xX8cC9vV0bB1nN2mM3qW4eR5tT6yU7iI8oO9pP0aS1dF2gG3hH4jJ5kK6lL7zZ8xX9cC0vB1nN2mQ3wE4rR5tT6yY7uU8iI9oO0pP1aS2dF3gG4hH5jJ6kK7l4hH5jJ6kK7lL8zX9cV0bN1nM2qW3eR4tT5yU6iI7oO8pP9aS0dF1gG2hH3jJ4kK5lL6zZ7xX8cC9vV0bB1nN2mM3qW4eR5tT6yU7iI8oO9pP0aS1dF2gG3hH4jJ5kK6lL7zZ8xX9cC0vB1nN2mQ3wE4rR5tT6yY7uU8iI9oO0pP1aS2dF3gG4hH5jJ6kK7lL8zX9cV0bN1nM2qW3eR4tT5yU6iI7oO8pP9aS0dF1gG2hH3jJ4kK5lL6zZ7xX8cC9vV0bB1nN2mM3qW4eR5tT6yU7iI8oO9pP0aS1dF2gG3hH4jJ5kK6lL7zZ8xX9cC0vB1nN2mQ3wE4rR5tT6yY7uU8iI9oO0pP1aS2dF3gG4hH5jJ6kK7l4hH5jJ6kK7lL8zX9cV0bN1nM2qW3eR4tT5yU6iI7oO8pP9aS0dF1gG2hH3jJ4kK5lL6zZ7xX8cC9vV0bB1nN2mM3qW4eR5tT6yU7iI8oO9pP0aS1dF2gG3hH4jJ5kK6lL7zZ8xX9cC0vB1nN2mQ3wE4rR5tT6yY7uU8iI9oO0pP1aS2dF3gG4hH5jJ6kK7lL8zX9cV0bN1nM2qW3eR4tT5yU6iI7oO8pP9aS0dF1gG2hH3jJ4kK5lL6zZ7xX8cC9vV0bB1nN2mM3qW4eR5tT6yU7iI8oO9pP0aS1dF2gG3hH4jJ5kK6lL7zZ8xX9cC0vB1nN2mQ3wE4rR5tT6yY7uU8iI9oO0pP1aS2dF3gG4hH5jJ6kK7l4hH5jJ6kK7lL8zX9cV0bN1nM2qW3eR4tT5yU6iI7oO8pP9aS0dF1gG2hH3jJ4kK5lL6z7nB9vR2mX8kLp4QjW3tY5zH1aG6sF9dD0fS8gA7hJ6kL5mN4bV3vC2xZ1oP9iU8uY7tT6rR5eE4wW3qQ2aZ1sX2dC3fV4gB5hN6jM7kL8pO9iU0yT1rE2wQ3aS4dF5gG6hH7jJ8kK9lL0zZ1xX2cC3vV4bB5nN6mM7qQ8wW9eE0rR1tT2yY3uU4iI5oO6pP7aA8sS9dD0fF1gG2hH3jJ4kK5lL6zZ7xX8cC9vV0bB1nN2mM3qW4eR5tT6yU7iI8oO9pP0aS1dF2gG3hH4jJ5kK6lL7zZ8xX9cC0vB1nN2mQ3wE4rR5tT6yY7uU8iI9oO0pP1aS2dF3gG4hH5jJ6kK7lL8zX9cV0bN1nM2qW3eR4tT5yU6iI7oO8pP9aS0dF1gG2hH3jJ4kK5lL6zZ7xX8cC9vV0bB1nN2mM3qW4eR5tT6yU7iI8oO9pP0aS1dF2gG3hH4jJ5kK6lL7zZ8xX9cC0vB1nN2mQ3wE4rR5tT6yY7uU8iI9oO0pP1aS2dF3gG4hH5jJ6kK7lL8zX9cV0bN1nM2qW3eR4tT5yU6iI7oO8pP9aS0dF1gG2hH3jJ4kK5lL6zZ7xX8cC9vV0bB1nN2mM3qW4eR5tT6yU7iI8oO9pP0aS1dF2gG3hH4jJ5kK6lL7zZ8xX9cC0vB1nN2mQ3wE4rR5tT6yY7uU8iI9oO0pP1aS2dF3gG4hH5jJ6kK7lL8zX9cV0bN1nM2qW3eR4tT5yU6iI7oO8pP9aS0dF1gG2hH3jJ4kK5lL6zZ7xX8cC9vV0bB1nN2mM3qW4eR5tT6yU7iI8oO9pP0aS1dF2gG3hH4jJ5kK6lL7zZ8xX9cC0vB1nN2mQ3wE4rR5tT6yY7uU8iI9oO0pP1aS2dF3gG4hH5jJ6kK7lL8zX9cV0bN1nM2qW3eR4tT5yU6iI7oO8pP9aS0dF1gG2hH3jJ4kK5lL6zZ7xX8cC9vV0bB1nN2mM3qW4eR5tT6yU7iI8oO9pP0aS1dF2gG3hH4jJ5kK6lL7zZ8xX9cC0vB1nN2mQ3wE4rR5tT6yY7uU8iI9oO0pP1aS2dF3gG4hH5jJ6kK7l4hH5jJ6kK7lL8zX9cV0bN1nM2qW3eR4tT5yU6iI7oO8pP9aS0dF1gG2hH3jJ4kK5lL6zZ7xX8cC9vV0bB1nN2mM3qW4eR5tT6yU7iI8oO9pP0aS1dF2gG3hH4jJ5kK6lL7zZ8xX9cC0vB1nN2mQ3wE4rR5tT6yY7uU8iI9oO0pP1aS2dF3gG4hH5jJ6kK7lL8zX9cV0bN1nM2qW3eR4tT5yU6iI7oO8pP9aS0dF1gG2hH3jJ4kK5lL6zZ7xX8cC9vV0bB1nN2mM3qW4eR5tT6yU7iI8oO9pP0aS1dF2gG3hH4jJ5kK6lL7zZ8xX9cC0vB1nN2mQ3wE4rR5tT6yY7uU8iI9oO0pP1aS2dF3gG4hH5jJ6kK7l4hH5jJ6kK7lL8zX9cV0bN1nM2qW3eR4tT5yU6iI7oO8pP9aS0dF1gG2hH3jJ4kK5lL6zZ7xX8cC9vV0bB1nN2mM3qW4eR5tT6yU7iI8oO9pP0aS1dF2gG3hH4jJ5kK6lL7zZ8xX9cC0vB1nN2mQ3wE4rR5tT6yY7uU8iI9oO0pP1aS2dF3gG4hH5jJ6kK7lL8zX9cV0bN1nM2qW3eR4tT5yU6iI7oO8pP9aS0dF1gG2hH3jJ4kK5lL6zZ7xX8cC9vV0bB1nN2mM3qW4eR5tT6yU7iI8oO9pP0aS1dF2gG3hH4jJ5kK6lL7zZ8xX9cC0vB1nN2mQ3wE4rR5tT6yY7uU8iI9oO0pP1aS2dF3gG4hH5jJ6kK7l4hH5jJ6kK7lL8zX9cV0bN1nM2qW3eR4tT5yU6iI7oO8pP9aS0dF1gG2hH3jJ4kK5lL6zZ7xX8cC9vV0bB1nN2mM3qW4eR5tT6yU7iI8oO9pP0aS1dF2gG3hH4jJ5kK6lL7zZ8xX9cC0vB1nN2mQ3wE4rR5tT6yY7uU8iI9oO0pP1aS2dF3gG4hH5jJ6kK7lL8zX9cV0bN1nM2qW3eR4tT5yU6iI7oO8pP9aS0dF1gG2hH3jJ4kK5lL6zZ7xX8cC9vV0bB1nN2mM3qW4eR5tT6yU7iI8oO9pP0aS1dF2gG3hH4jJ5kK6lL7zZ8xX9cC0vB1nN2mQ3wE4rR5tT6yY7uU8iI9oO0pP1aS2dF3gG4hH5jJ6kK7l4hH5jJ6kK7lL8zX9cV0bN1nM2qW3eR4tT5yU6iI7oO8pP9aS0dF1gG2hH3jJ4kK5lL6zZ7xX8cC9vV0bB1nN2mM3qW4eR5tT6yU7iI8oO9pP0aS1dF2gG3hH4jJ5kK6lL7zZ8xX9cC0vB1nN2mQ3wE4rR5tT6yY7uU8iI9oO0pP1aS2dF3gG4hH5jJ6kK7lL8zX9cV0bN1nM2qW3eR4tT5yU6iI7oO8pP9aS0dF1gG2hH3jJ4kK5lL6zZ7xX8cC9vV0bB1nN2mM3qW4eR5tT6yU7iI8oO9pP0aS1dF2gG3hH4jJ5kK6lL7zZ8xX9cC0vB1nN2mQ3wE4rR5tT6yY7uU8iI9oO0pP1aS2dF3gG4hH5jJ6kK7l4hH5jJ6kK7lL8zX9cV0bN1nM2qW3eR4tT5yU6iI7oO8pP9aS0dF1gG2hH3jJ4kK5lL6zZ7xX8cC9vV0bB1nN2mM3qW4eR5tT6yU7iI8oO9pP0aS1dF2gG3hH4jJ5kK6lL7zZ8xX9cC0vB1nN2mQ3wE4rR5tT6yY7uU8iI9oO0pP1aS2dF3gG4hH5jJ6kK7lL8zX9cV0bN1nM2qW3eR4tT5yU6iI7oO8pP9aS0dF1gG2hH3jJ4kK5lL6zZ7xX8cC9vV0bB1nN2mM3qW4eR5tT6yU7iI8oO9pP0aS1dF2gG3hH4jJ5kK6lL7zZ8xX9cC0vB1nN2mQ3wE4rR5tT6yY7uU8iI9oO0pP1aS2dF3gG4hH5jJ6kK7l4hH5jJ6kK7lL8zX9cV0bN1nM2qW3eR4tT5yU6iI7oO8pP9aS0dF1gG2hH3jJ4kK5lL6zZ7xX8cC9vV0bB1nN2mM3qW4eR5tT6yU7iI8oO9pP0aS1dF2gG3hH4jJ5kK6lL7zZ8xX9cC0vB1nN2mQ3wE4rR5tT6yY7uU8iI9oO0pP1aS2dF3gG4hH5jJ6kK7lL8zX9cV0bN1nM2qW3eR4tT5yU6iI7oO8pP9aS0dF1gG2hH3jJ4kK5lL6zZ7xX8cC9vV0bB1nN2mM3qW4eR5tT6yU7iI8oO9pP0aS1dF2gG3hH4jJ5kK6lL7zZ8xX9cC0vB1nN2mQ3wE4rR5tT6yY7uU8iI9oO0pP1aS2dF3gG4hH5jJ6kK7l4hH5jJ6kK7lL8zX9cV0bN1nM2qW3eR4tT5yU6iI7oO8pP9aS0dF1gG2hH3jJ4kK5lL6zZ7xX8cC9vV0bB1nN2mM3qW4eR5tT6yU7iI8oO9pP0aS1dF2gG3hH4jJ5kK6lL7zZ8xX9cC0vB1nN2mQ3wE4rR5tT6yY7uU8iI9oO0pP1aS2dF3gG4hH5jJ6kK7lL8zX9cV0bN1nM2qW3eR4tT5yU6iI7oO8pP9aS0dF1gG2hH3jJ4kK5lL6zZ7xX8cC9vV0bB1nN2mM3qW4eR5tT6yU7iI8oO9pP0aS1dF2gG3hH4jJ5kK6lL7zZ8xX9cC0vB1nN2mQ3wE4rR5tT6yY7uU8iI9oO0pP1aS2dF3gG4hH5jJ6kK7l4hH5jJ6kK7lL8zX9cV0bN1nM2qW3eR4tT5yU6iI7oO8pP9aS0dF1gG2hH3jJ4kK5lL6z7nB9vR2mX8kLp4QjW3tY5zH1aG6sF9dD0fS8gA7hJ6kL5mN4bV3vC2xZ1oP9iU8uY7tT6rR5eE4wW3qQ2aZ1sX2dC3fV4gB5hN6jM7kL8pO9iU0yT1rE2wQ3aS4dF5gG6hH7jJ8kK9lL0zZ1xX2cC3vV4bB5nN6mM7qQ8wW9eE0rR1tT2yY3uU4iI5oO6pP7aA8sS9dD0fF1gG2hH3jJ4kK5lL6zZ7xX8cC9vV0bB1nN2mM3qW4eR5tT6yU7iI8oO9pP0aS1dF2gG3hH4jJ5kK6lL7zZ8xX9cC0vB1nN2mQ3wE4rR5tT6yY7uU8iI9oO0pP1aS2dF3gG4hH5jJ6kK7lL8zX9cV0bN1nM2qW3eR4tT5yU6iI7oO8pP9aS0dF1gG2hH3jJ4kK5lL6zZ7xX8cC9vV0bB1nN2mM3qW4eR5tT6yU7iI8oO9pP0aS1dF2gG3hH4jJ5kK6lL7zZ8xX9cC0vB1nN2mQ3wE4rR5tT6yY7uU8iI9oO0pP1aS2dF3gG4hH5jJ6kK7lL8zX9cV0bN1nM2qW3eR4tT5yU6iI7oO8pP9aS0dF1gG2hH3jJ4kK5lL6zZ7xX8cC9vV0bB1nN2mM3qW4eR5tT6yU7iI8oO9pP0aS1dF2gG3hH4jJ5kK6lL7zZ8xX9cC0vB1nN2mQ3wE4rR5tT6yY7uU8iI9oO0pP1aS2dF3gG4hH5jJ6kK7lL8zX9cV0bN1nM2qW3eR4tT5yU6iI7oO8pP9aS0dF1gG2hH3jJ4kK5lL6zZ7xX8cC9vV0bB1nN2mM3qW4eR5tT6yU7iI8oO9pP0aS1dF2gG3hH4jJ5kK6lL7zZ8xX9cC0vB1nN2mQ3wE4rR5tT6yY7uU8iI9oO0pP1aS2dF3gG4hH5jJ6kK7lL8zX9cV0bN1nM2qW3eR4tT5yU6iI7oO8pP9aS0dF1gG2hH3jJ4kK5lL6zZ7xX8cC9vV0bB1nN2mM3qW4eR5tT6yU7iI8oO9pP0aS1dF2gG3hH4jJ5kK6lL7zZ8xX9cC0vB1nN2mQ3wE4rR5tT6yY7uU8iI9oO0pP1aS2dF3gG4hH5jJ6kK7l4hH5jJ6kK7lL8zX9cV0bN1nM2qW3eR4tT5yU6iI7oO8pP9aS0dF1gG2hH3jJ4kK5lL6zZ7xX8cC9vV0bB1nN2mM3qW4eR5tT6yU7iI8oO9pP0aS1dF2gG3hH4jJ5kK6lL7zZ8xX9cC0vB1nN2mQ3wE4rR5tT6yY7uU8iI9oO0pP1aS2dF3gG4hH5jJ6kK7lL8zX9cV0bN1nM2qW3eR4tT5yU6iI7oO8pP9aS0dF1gG2hH3jJ4kK5lL6zZ7xX8cC9vV0bB1nN2mM3qW4eR5tT6yU7iI8oO9pP0aS1dF2gG3hH4jJ5kK6lL7zZ8xX9cC0vB1nN2mQ3wE4rR5tT6yY7uU8iI9oO0pP1aS2dF3gG4hH5jJ6kK7l4hH5jJ6kK7lL8zX9cV0bN1nM2qW3eR4tT5yU6iI7oO8pP9aS0dF1gG2hH3jJ4kK5lL6zZ7xX8cC9vV0bB1nN2mM3qW4eR5tT6yU7iI8oO9pP0aS1dF2gG3hH4jJ5kK6lL7zZ8xX9cC0vB1nN2mQ3wE4rR5tT6yY7uU8iI9oO0pP1aS2dF3gG4hH5jJ6kK7lL8zX9cV0bN1nM2qW3eR4tT5yU6iI7oO8pP9aS0dF1gG2hH3jJ4kK5lL6zZ7xX8cC9vV0bB1nN2mM3qW4eR5tT6yU7iI8oO9pP0aS1dF2gG3hH4jJ5kK6lL7zZ8xX9cC0vB1nN2mQ3wE4rR5tT6yY7uU8iI9oO0pP1aS2dF3gG4hH5jJ6kK7l4hH5jJ6kK7lL8zX9cV0bN1nM2qW3eR4tT5yU6iI7oO8pP9aS0dF1gG2hH3jJ4kK5lL6zZ7xX8cC9vV0bB1nN2mM3qW4eR5tT6yU7iI8oO9pP0aS1dF2gG3hH4jJ5kK6lL7zZ8xX9cC0vB1nN2mQ3wE4rR5tT6yY7uU8iI9oO0pP1aS2dF3gG4hH5jJ6kK7lL8zX9cV0bN1nM2qW3eR4tT5yU6iI7oO8pP9aS0dF1gG2hH3jJ4kK5lL6zZ7xX8cC9vV0bB1nN2mM3qW4eR5tT6yU7iI8oO9pP0aS1dF2gG3hH4jJ5kK6lL7zZ8xX9cC0vB1nN2mQ3wE4rR5tT6yY7uU8iI9oO0pP1aS2dF3gG4hH5jJ6kK7l4hH5jJ6kK7lL8zX9cV0bN1nM2qW3eR4tT5yU6iI7oO8pP9aS0dF1gG2hH3jJ4kK5lL6zZ7xX8cC9vV0bB1nN2mM3qW4eR5tT6yU7iI8oO9pP0aS1dF2gG3hH4jJ5kK6lL7zZ8xX9cC0vB1nN2mQ3wE4rR5tT6yY7uU8iI9oO0pP1aS2dF3gG4hH5jJ6kK7lL8zX9cV0bN1nM2qW3eR4tT5yU6iI7oO8pP9aS0dF1gG2hH3jJ4kK5lL6zZ7xX8cC9vV0bB1nN2mM3qW4eR5tT6yU7iI8oO9pP0aS1dF2gG3hH4jJ5kK6lL7zZ8xX9cC0vB1nN2mQ3wE4rR5tT6yY7uU8iI9oO0pP1aS2dF3gG4hH5jJ6kK7l4hH5jJ6kK7lL8zX9cV0bN1nM2qW3eR4tT5yU6iI7oO8pP9aS0dF1gG2hH3jJ4kK5lL6zZ7xX8cC9vV0bB1nN2mM3qW4eR5tT6yU7iI8oO9pP0aS1dF2gG3hH4jJ5kK6lL7zZ8xX9cC0vB1nN2mQ3wE4rR5tT6yY7uU8iI9oO0pP1aS2dF3gG4hH5jJ6kK7lL8zX9cV0bN1nM2qW3eR4tT5yU6iI7oO8pP9aS0dF1gG2hH3jJ4kK5lL6zZ7xX8cC9vV0bB1nN2mM3qW4eR5tT6yU7iI8oO9pP0aS1dF2gG3hH4jJ5kK6lL7zZ8xX9cC0vB1nN2mQ3wE4rR5tT6yY7uU8iI9oO0pP1aS2dF3gG4hH5jJ6kK7l4hH5jJ6kK7lL8zX9cV0bN1nM2qW3eR4tT5yU6iI7oO8pP9aS0dF1gG2hH3jJ4kK5lL6zZ7xX8cC9vV0bB1nN2mM3qW4eR5tT6yU7iI8oO9pP0aS1dF2gG3hH4jJ5kK6lL7zZ8xX9cC0vB1nN2mQ3wE4rR5tT6yY7uU8iI9oO0pP1aS2dF3gG4hH5jJ6kK7lL8zX9cV0bN1nM2qW3eR4tT5yU6iI7oO8pP9aS0dF1gG2hH3jJ4kK5lL6zZ7xX8cC9vV0bB1nN2mM3qW4eR5tT6yU7iI8oO9pP0aS1dF2gG3hH4jJ5kK6lL7zZ8xX9cC0vB1nN2mQ3wE4rR5tT6yY7uU8iI9oO0pP1aS2dF3gG4hH5jJ6kK7l4hH5jJ6kK7lL8zX9cV0bN1nM2qW3eR4tT5yU6iI7oO8pP9aS0dF1gG2hH3jJ4kK5lL6zZ7xX8cC9vV0bB1nN2mM3qW4eR5tT6yU7iI8oO9pP0aS1dF2gG3hH4jJ5kK6lL7zZ8xX9cC0vB1nN2mQ3wE4rR5tT6yY7uU8iI9oO0pP1aS2dF3gG4hH5jJ6kK7lL8zX9cV0bN1nM2qW3eR4tT5yU6iI7oO8pP9aS0dF1gG2hH3jJ4kK5lL6zZ7xX8cC9vV0bB1nN2mM3qW4eR5tT6yU7iI8oO9pP0aS1dF2gG3hH4jJ5kK6lL7zZ8xX9cC0vB1nN2mQ3wE4rR5tT6yY7uU8iI9oO0pP1aS2dF3gG4hH5jJ6kK7l4hH5jJ6kK7lL8zX9cV0bN1nM2qW3eR4tT5yU6iI7oO8pP9aS0dF1gG2hH3jJ4kK5lL6z7nB9vR2mX8kLp4QjW3tY5zH1aG6sF9dD0fS8gA7hJ6kL5mN4bV3vC2xZ1oP9iU8uY7tT6rR5eE4wW3qQ2aZ1sX2dC3fV4gB5hN6jM7kL8pO9iU0yT1rE2wQ3aS4dF5gG6hH7jJ8kK9lL0zZ1xX2cC3vV4bB5nN6mM7qQ8wW9eE0rR1tT2yY3uU4iI5oO6pP7aA8sS9dD0fF1gG2hH3jJ4kK5lL6zZ7xX8cC9vV0bB1nN2mM3qW4eR5tT6yU7iI8oO9pP0aS1dF2gG3hH4jJ5kK6lL7zZ8xX9cC0vB1nN2mQ3wE4rR5tT6yY7uU8iI9oO0pP1aS2dF3gG4hH5jJ6kK7lL8zX9cV0bN1nM2qW3eR4tT5yU6iI7oO8pP9aS0dF1gG2hH3jJ4kK5lL6zZ7xX8cC9vV0bB1nN2mM3qW4eR5tT6yU7iI8oO9pP0aS1dF2gG3hH4jJ5kK6lL7zZ8xX9cC0vB1nN2mQ3wE4rR5tT6yY7uU8iI9oO0pP1aS2dF3gG4hH5jJ6kK7lL8zX9cV0bN1nM2qW3eR4tT5yU6iI7oO8pP9aS0dF1gG2hH3jJ4kK5lL6zZ7xX8cC9vV0bB1nN2mM3qW4eR5tT6yU7iI8oO9pP0aS1dF2gG3hH4jJ5kK6lL7zZ8xX9cC0vB1nN2mQ3wE4rR5tT6yY7uU8iI9oO0pP1aS2dF3gG4hH5jJ6kK7lL8zX9cV0bN1nM2qW3eR4tT5yU6iI7oO8pP9aS0dF1gG2hH3jJ4kK5lL6zZ7xX8cC9vV0bB1nN2mM3qW4eR5tT6yU7iI8oO9pP0aS1dF2gG3hH4jJ5kK6lL7zZ8xX9cC0vB1nN2mQ3wE4rR5tT6yY7uU8iI9oO0pP1aS2dF3gG4hH5jJ6kK7lL8zX9cV0bN1nM2qW3eR4tT5yU6iI7oO8pP9aS0dF1gG2hH3jJ4kK5lL6zZ7xX8cC9vV0bB1nN2mM3qW4eR5tT6yU7iI8oO9pP0aS1dF2gG3hH4jJ5kK6lL7zZ8xX9cC0vB1nN2mQ3wE4rR5tT6yY7uU8iI9oO0pP1aS2dF3gG4hH5jJ6kK7l4hH5jJ6kK7lL8zX9cV0bN1nM2qW3eR4tT5yU6iI7oO8pP9aS0dF1gG2hH3jJ4kK5lL6zZ7xX8cC9vV0bB1nN2mM3qW4eR5tT6yU7iI8oO9pP0aS1dF2gG3hH4jJ5kK6lL7zZ8xX9cC0vB1nN2mQ3wE4rR5tT6yY7uU8iI9oO0pP1aS2dF3gG4hH5jJ6kK7lL8zX9cV0bN1nM2qW3eR4tT5yU6iI7oO8pP9aS0dF1gG2hH3jJ4kK5lL6zZ7xX8cC9vV0bB1nN2mM3qW4eR5tT6yU7iI8oO9pP0aS1dF2gG3hH4jJ5kK6lL7zZ8xX9cC0vB1nN2mQ3wE4rR5tT6yY7uU8iI9oO0pP1aS2dF3gG4hH5jJ6kK7l4hH5jJ6kK7lL8zX9cV0bN1nM2qW3eR4tT5yU6iI7oO8pP9aS0dF1gG2hH3jJ4kK5lL6zZ7xX8cC9vV0bB1nN2mM3qW4eR5tT6yU7iI8oO9pP0aS1dF2gG3hH4jJ5kK6lL7zZ8xX9cC0vB1nN2mQ3wE4rR5tT6yY7uU8iI9oO0pP1aS2dF3gG4hH5jJ6kK7lL8zX9cV0bN1nM2qW3eR4tT5yU6iI7oO8pP9aS0dF1gG2hH3jJ4kK5lL6zZ7xX8cC9vV0bB1nN2mM3qW4eR5tT6yU7iI8oO9pP0aS1dF2gG3hH4jJ5kK6lL7zZ8xX9cC0vB1nN2mQ3wE4rR5tT6yY7uU8iI9oO0pP1aS2dF3gG4hH5jJ6kK7l4hH5jJ6kK7lL8zX9cV0bN1nM2qW3eR4tT5yU6iI7oO8pP9aS0dF1gG2hH3jJ4kK5lL6zZ7xX8cC9vV0bB1nN2mM3qW4eR5tT6yU7iI8oO9pP0aS1dF2gG3hH4jJ5kK6lL7zZ8xX9cC0vB1nN2mQ3wE4rR5tT6yY7uU8iI9oO0pP1aS2dF3gG4hH5jJ6kK7lL8zX9cV0bN1nM2qW3eR4tT5yU6iI7oO8pP9aS0dF1gG2hH3jJ4kK5lL6zZ7xX8cC9vV0bB1nN2mM3qW4eR5tT6yU7iI8oO9pP0aS1dF2gG3hH4jJ5kK6lL7zZ8xX9cC0vB1nN2mQ3wE4rR5tT6yY7uU8iI9oO0pP1aS2dF3gG4hH5jJ6kK7l4hH5jJ6kK7lL8zX9cV0bN1nM2qW3eR4tT5yU6iI7oO8pP9aS0dF1gG2hH3jJ4kK5lL6zZ7xX8cC9vV0bB1nN2mM3qW4eR5tT6yU7iI8oO9pP0aS1dF2gG3hH4jJ5kK6lL7zZ8xX9cC0vB1nN2mQ3wE4rR5tT6yY7uU8iI9oO0pP1aS2dF3gG4hH5jJ6kK7lL8zX9cV0bN1nM2qW3eR4tT5yU6iI7oO8pP9aS0dF1gG2hH3jJ4kK5lL6zZ7xX8cC9vV0bB1nN2mM3qW4eR5tT6yU7iI8oO9pP0aS1dF2gG3hH4jJ5kK6lL7zZ8xX9cC0vB1nN2mQ3wE4rR5tT6yY7uU8iI9oO0pP1aS2dF3gG4hH5jJ6kK7l4hH5jJ6kK7lL8zX9cV0bN1nM2qW3eR4tT5yU6iI7oO8pP9aS0dF1gG2hH3jJ4kK5lL6zZ7xX8cC9vV0bB1nN2mM3qW4eR5tT6yU7iI8oO9pP0aS1dF2gG3hH4jJ5kK6lL7zZ8xX9cC0vB1nN2mQ3wE4rR5tT6yY7uU8iI9oO0pP1aS2dF3gG4hH5jJ6kK7lL8zX9cV0bN1nM2qW3eR4tT5yU6iI7oO8pP9aS0dF1gG2hH3jJ4kK5lL6zZ7xX8cC9vV0bB1nN2mM3qW4eR5tT6yU7iI8oO9pP0aS1dF2gG3hH4jJ5kK6lL7zZ8xX9cC0vB1nN2mQ3wE4rR5tT6yY7uU8iI9oO0pP1aS2dF3gG4hH5jJ6kK7l4hH5jJ6kK7lL8zX9cV0bN1nM2qW3eR4tT5yU6iI7oO8pP9aS0dF1gG2hH3jJ4kK5lL6zZ7xX8cC9vV0bB1nN2mM3qW4eR5tT6yU7iI8oO9pP0aS1dF2gG3hH4jJ5kK6lL7zZ8xX9cC0vB1nN2mQ3wE4rR5tT6yY7uU8iI9oO0pP1aS2dF3gG4hH5jJ6kK7lL8zX9cV0bN1nM2qW3eR4tT5yU6iI7oO8pP9aS0dF1gG2hH3jJ4kK5lL6zZ7xX8cC9vV0bB1nN2mM3qW4eR5tT6yU7iI8oO9pP0aS1dF2gG3hH4jJ5kK6lL7zZ8xX9cC0vB1nN2mQ3wE4rR5tT6yY7uU8iI9oO0pP1aS2dF3gG4hH5jJ6kK7l4hH5jJ6kK7lL8zX9cV0bN1nM2qW3eR4tT5yU6iI7oO8pP9aS0dF1gG2hH3jJ4kK5lL6zZ7xX8cC9vV0bB1nN2mM3qW4eR5tT6yU7iI8oO9pP0aS1dF2gG3hH4jJ5kK6lL7zZ8xX9cC0vB1nN2mQ3wE4rR5tT6yY7uU8iI9oO0pP1aS2dF3gG4hH5jJ6kK7lL8zX9cV0bN1nM2qW3eR4tT5yU6iI7oO8pP9aS0dF1gG2hH3jJ4kK5lL6zZ7xX8cC9vV0bB1nN2mM3qW4eR5tT6yU7iI8oO9pP0aS1dF2gG3hH4jJ5kK6lL7zZ8xX9cC0vB1nN2mQ3wE4rR5tT6yY7uU8iI9oO0pP1aS2dF3gG4hH5jJ6kK7l4hH5jJ6kK7lL8zX9cV0bN1nM2qW3eR4tT5yU6iI7oO8pP9aS0dF1gG2hH3jJ4kK5lL6z7nB9vR2mX8kLp4QjW3tY5zH1aG6sF9dD0fS8gA7hJ6kL5mN4bV3vC2xZ1oP9iU8uY7tT6rR5eE4wW3qQ2aZ1sX2dC3fV4gB5hN6jM7kL8pO9iU0yT1rE2wQ3aS4dF5gG6hH7jJ8kK9lL0zZ1xX2cC3vV4bB5nN6mM7qQ8wW9eE0rR1tT2yY3uU4iI5oO6pP7aA8sS9dD0fF1gG2hH3jJ4kK5lL6zZ7xX8cC9vV0bB1nN2mM3qW4eR5tT6yU7iI8oO9pP0aS1dF2gG3hH4jJ5kK6lL7zZ8xX9cC0vB1nN2mQ3wE4rR5tT6yY7uU8iI9oO0pP1aS2dF3gG4hH5jJ6kK7lL8zX9cV0bN1nM2qW3eR4tT5yU6iI7oO8pP9aS0dF1gG2hH3jJ4kK5lL6zZ7xX8cC9vV0bB1nN2mM3qW4eR5tT6yU7iI8oO9pP0aS1dF2gG3hH4jJ5kK6lL7zZ8xX9cC0vB1nN2mQ3wE4rR5tT6yY7uU8iI9oO0pP1aS2dF3gG4hH5jJ6kK7lL8zX9cV0bN1nM2qW3eR4tT5yU6iI7oO8pP9aS0dF1gG2hH3jJ4kK5lL6zZ7xX8cC9vV0bB1nN2mM3qW4eR5tT6yU7iI8oO9pP0aS1dF2gG3hH4jJ5kK6lL7zZ8xX9cC0vB1nN2mQ3wE4rR5tT6yY7uU8iI9oO0pP1aS2dF3gG4hH5jJ6kK7lL8zX9cV0bN1nM2qW3eR4tT5yU6iI7oO8pP9aS0dF1gG2hH3jJ4kK5lL6zZ7xX8cC9vV0bB1nN2mM3qW4eR5tT6yU7iI8oO9pP0aS1dF2gG3hH4jJ5kK6lL7zZ8xX9cC0vB1nN2mQ3wE4rR5tT6yY7uU8iI9oO0pP1aS2dF3gG4hH5jJ6kK7lL8zX9cV0bN1nM2qW3eR4tT5yU6iI7oO8pP9aS0dF1gG2hH3jJ4kK5lL6zZ7xX8cC9vV0bB1nN2mM3qW4eR5tT6yU7iI8oO9pP0aS1dF2gG3hH4jJ5kK6lL7zZ8xX9cC0vB1nN2mQ3wE4rR5tT6yY7uU8iI9oO0pP1aS2dF3gG4hH5jJ6kK7l4hH5jJ6kK7lL8zX9cV0bN1nM2qW3eR4tT5yU6iI7oO8pP9aS0dF1gG2hH3jJ4kK5lL6zZ7xX8cC9vV0bB1nN2mM3qW4eR5tT6yU7iI8oO9pP0aS1dF2gG3hH4jJ5kK6lL7zZ8xX9cC0vB1nN2mQ3wE4rR5tT6yY7uU8iI9oO0pP1aS2dF3gG4hH5jJ6kK7lL8zX9cV0bN1nM2qW3eR4tT5yU6iI7oO8pP9aS0dF1gG2hH3jJ4kK5lL6zZ7xX8cC9vV0bB1nN2mM3qW4eR5tT6yU7iI8oO9pP0aS1dF2gG3hH4jJ5kK6lL7zZ8xX9cC0vB1nN2mQ3wE4rR5tT6yY7uU8iI9oO0pP1aS2dF3gG4hH5jJ6kK7l4hH5jJ6kK7lL8zX9cV0bN1nM2qW3eR4tT5yU6iI7oO8pP9aS0dF1gG2hH3jJ4kK5lL6zZ7xX8cC9vV0bB1nN2mM3qW4eR5tT6yU7iI8oO9pP0aS1dF2gG3hH4jJ5kK6lL7zZ8xX9cC0vB1nN2mQ3wE4rR5tT6yY7uU8iI9oO0pP1aS2dF3gG4hH5jJ6kK7lL8zX9cV0bN1nM2qW3eR4tT5yU6iI7oO8pP9aS0dF1gG2hH3jJ4kK5lL6zZ7xX8cC9vV0bB1nN2mM3qW4eR5tT6yU7iI8oO9pP0aS1dF2gG3hH4jJ5kK6lL7zZ8xX9cC0vB1nN2mQ3wE4rR5tT6yY7uU8iI9oO0pP1aS2dF3gG4hH5jJ6kK7l4hH5jJ6kK7lL8zX9cV0bN1nM2qW3eR4tT5yU6iI7oO8pP9aS0dF1gG2hH3jJ4kK5lL6zZ7xX8cC9vV0bB1nN2mM3qW4eR5tT6yU7iI8oO9pP0aS1dF2gG3hH4jJ5kK6lL7zZ8xX9cC0vB1nN2mQ3wE4rR5tT6yY7uU8iI9oO0pP1aS2dF3gG4hH5jJ6kK7lL8zX9cV0bN1nM2qW3eR4tT5yU6iI7oO8pP9aS0dF1gG2hH3jJ4kK5lL6zZ7xX8cC9vV0bB1nN2mM3qW4eR5tT6yU7iI8oO9pP0aS1dF2gG3hH4jJ5kK6lL7zZ8xX9cC0vB1nN2mQ3wE4rR5tT6yY7uU8iI9oO0pP1aS2dF3gG4hH5jJ6kK7l4hH5jJ6kK7lL8zX9cV0bN1nM2qW3eR4tT5yU6iI7oO8pP9aS0dF1gG2hH3jJ4kK5lL6zZ7xX8cC9vV0bB1nN2mM3qW4eR5tT6yU7iI8oO9pP0aS1dF2gG3hH4jJ5kK6lL7zZ8xX9cC0vB1nN2mQ3wE4rR5tT6yY7uU8iI9oO0pP1aS2dF3gG4hH5jJ6kK7lL8zX9cV0bN1nM2qW3eR4tT5yU6iI7oO8pP9aS0dF1gG2hH3jJ4kK5lL6zZ7xX8cC9vV0bB1nN2mM3qW4eR5tT6yU7iI8oO9pP0aS1dF2gG3hH4jJ5kK6lL7zZ8xX9cC0vB1nN2mQ3wE4rR5tT6yY7uU8iI9oO0pP1aS2dF3gG4hH5jJ6kK7l4hH5jJ6kK7lL8zX9cV0bN1nM2qW3eR4tT5yU6iI7oO8pP9aS0dF1gG2hH3jJ4kK5lL6zZ7xX8cC9vV0bB1nN2mM3qW4eR5tT6yU7iI8oO9pP0aS1dF2gG3hH4jJ5kK6lL7zZ8xX9cC0vB1nN2mQ3wE4rR5tT6yY7uU8iI9oO0pP1aS2dF3gG4hH5jJ6kK7lL8zX9cV0bN1nM2qW3eR4tT5yU6iI7oO8pP9aS0dF1gG2hH3jJ4kK5lL6zZ7xX8cC9vV0bB1nN2mM3qW4eR5tT6yU7iI8oO9pP0aS1dF2gG3hH4jJ5kK6lL7zZ8xX9cC0vB1nN2mQ3wE4rR5tT6yY7uU8iI9oO0pP1aS2dF3gG4hH5jJ6kK7l4hH5jJ6kK7lL8zX9cV0bN1nM2qW3eR4tT5yU6iI7oO8pP9aS0dF1gG2hH3jJ4kK5lL6zZ7xX8cC9vV0bB1nN2mM3qW4eR5tT6yU7iI8oO9pP0aS1dF2gG3hH4jJ5kK6lL7zZ8xX9cC0vB1nN2mQ3wE4rR5tT6yY7uU8iI9oO0pP1aS2dF3gG4hH5jJ6kK7lL8zX9cV0bN1nM2qW3eR4tT5yU6iI7oO8pP9aS0dF1gG2hH3jJ4kK5lL6zZ7xX8cC9vV0bB1nN2mM3qW4eR5tT6yU7iI8oO9pP0aS1dF2gG3hH4jJ5kK6lL7zZ8xX9cC0vB1nN2mQ3wE4rR5tT6yY7uU8iI9oO0pP1aS2dF3gG4hH5jJ6kK7l4hH5jJ6kK7lL8zX9cV0bN1nM2qW3eR4tT5yU6iI7oO8pP9aS0dF1gG2hH3jJ4kK5lL6zZ7xX8cC9vV0bB1nN2mM3qW4eR5tT6yU7iI8oO9pP0aS1dF2gG3hH4jJ5kK6lL7zZ8xX9cC0vB1nN2mQ3wE4rR5tT6yY7uU8iI9oO0pP1aS2dF3gG4hH5jJ6kK7lL8zX9cV0bN1nM2qW3eR4tT5yU6iI7oO8pP9aS0dF1gG2hH3jJ4kK5lL6zZ7xX8cC9vV0bB1nN2mM3qW4eR5tT6yU7iI8oO9pP0aS1dF2gG3hH4jJ5kK6lL7zZ8xX9cC0vB1nN2mQ3wE4rR5tT6yY7uU8iI9oO0pP1aS2dF3gG4hH5jJ6kK7l4hH5jJ6kK7lL8zX9cV0bN1nM2qW3eR4tT5yU6iI7oO8pP9aS0dF1gG2hH3jJ4kK5lL6z7nB9vR2mX8kLp4QjW3tY5zH1aG6sF9dD0fS8gA7hJ6kL5mN4bV3vC2xZ1oP9iU8uY7tT6rR5eE4wW3qQ2aZ1sX2dC3fV4gB5hN6jM7kL8pO9iU0yT1rE2wQ3aS4dF5gG6hH7jJ8kK9lL0zZ1xX2cC3vV4bB5nN6mM7qQ8wW9eE0rR1tT2yY3uU4iI5oO6pP7aA8sS9dD0fF1gG2hH3jJ4kK5lL6zZ7xX8cC9vV0bB1nN2mM3qW4eR5tT6yU7iI8oO9pP0aS1dF2gG3hH4jJ5kK6lL7zZ8xX9cC0vB1nN2mQ3wE4rR5tT6yY7uU8iI9oO0pP1aS2dF3gG4hH5jJ6kK7lL8zX9cV0bN1nM2qW3eR4tT5yU6iI7oO8pP9aS0dF1gG2hH3jJ4kK5lL6zZ7xX8cC9vV0bB1nN2mM3qW4eR5tT6yU7iI8oO9pP0aS1dF2gG3hH4jJ5kK6lL7zZ8xX9cC0vB1nN2mQ3wE4rR5tT6yY7uU8iI9oO0pP1aS2dF3gG4hH5jJ6kK7lL8zX9cV0bN1nM2qW3eR4tT5yU6iI7oO8pP9aS0dF1gG2hH3jJ4kK5lL6zZ7xX8cC9vV0bB1nN2mM3qW4eR5tT6yU7iI8oO9pP0aS1dF2gG3hH4jJ5kK6lL7zZ8xX9cC0vB1nN2mQ3wE4rR5tT6yY7uU8iI9oO0pP1aS2dF3gG4hH5jJ6kK7lL8zX9cV0bN1nM2qW3eR4tT5yU6iI7oO8pP9aS0dF1gG2hH3jJ4kK5lL6zZ7xX8cC9vV0bB1nN2mM3qW4eR5tT6yU7iI8oO9pP0aS1dF2gG3hH4jJ5kK6lL7zZ8xX9cC0vB1nN2mQ3wE4rR5tT6yY7uU8iI9oO0pP1aS2dF3gG4hH5jJ6kK7lL8zX9cV0bN1nM2qW3eR4tT5yU6iI7oO8pP9aS0dF1gG2hH3jJ4kK5lL6zZ7xX8cC9vV0bB1nN2mM3qW4eR5tT6yU7iI8oO9pP0aS1dF2gG3hH4jJ5kK6lL7zZ8xX9cC0vB1nN2mQ3wE4rR5tT6yY7uU8iI9oO0pP1aS2dF3gG4hH5jJ6kK7l4hH5jJ6kK7lL8zX9cV0bN1nM2qW3eR4tT5yU6iI7oO8pP9aS0dF1gG2hH3jJ4kK5lL6zZ7xX8cC9vV0bB1nN2mM3qW4eR5tT6yU7iI8oO9pP0aS1dF2gG3hH4jJ5kK6lL7zZ8xX9cC0vB1nN2mQ3wE4rR5tT6yY7uU8iI9oO0pP1aS2dF3gG4hH5jJ6kK7lL8zX9cV0bN1nM2qW3eR4tT5yU6iI7oO8pP9aS0dF1gG2hH3jJ4kK5lL6zZ7xX8cC9vV0bB1nN2mM3qW4eR5tT6yU7iI8oO9pP0aS1dF2gG3hH4jJ5kK6lL7zZ8xX9cC0vB1nN2mQ3wE4rR5tT6yY7uU8iI9oO0pP1aS2dF3gG4hH5jJ6kK7l4hH5jJ6kK7lL8zX9cV0bN1nM2qW3eR4tT5yU6iI7oO8pP9aS0dF1gG2hH3jJ4kK5lL6zZ7xX8cC9vV0bB1nN2mM3qW4eR5tT6yU7iI8oO9pP0aS1dF2gG3hH4jJ5kK6lL7zZ8xX9cC0vB1nN2mQ3wE4rR5tT6yY7uU8iI9oO0pP1aS2dF3gG4hH5jJ6kK7lL8zX9cV0bN1nM2qW3eR4tT5yU6iI7oO8pP9aS0dF1gG2hH3jJ4kK5lL6zZ7xX8cC9vV0bB1nN2mM3qW4eR5tT6yU7iI8oO9pP0aS1dF2gG3hH4jJ5kK6lL7zZ8xX9cC0vB1nN2mQ3wE4rR5tT6yY7uU8iI9oO0pP1aS2dF3gG4hH5jJ6kK7l4hH5jJ6kK7lL8zX9cV0bN1nM2qW3eR4tT5yU6iI7oO8pP9aS0dF1gG2hH3jJ4kK5lL6zZ7xX8cC9vV0bB1nN2mM3qW4eR5tT6yU7iI8oO9pP0aS1dF2gG3hH4jJ5kK6lL7zZ8xX9cC0vB1nN2mQ3wE4rR5tT6yY7uU8iI9oO0pP1aS2dF3gG4hH5jJ6kK7lL8zX9cV0bN1nM2qW3eR4tT5yU6iI7oO8pP9aS0dF1gG2hH3jJ4kK5lL6zZ7xX8cC9vV0bB1nN2mM3qW4eR5tT6yU7iI8oO9pP0aS1dF2gG3hH4jJ5kK6lL7zZ8xX9cC0vB1nN2mQ3wE4rR5tT6yY7uU8iI9oO0pP1aS2dF3gG4hH5jJ6kK7l4hH5jJ6kK7lL8zX9cV0bN1nM2qW3eR4tT5yU6iI7oO8pP9aS0dF1gG2hH3jJ4kK5lL6zZ7xX8cC9vV0bB1nN2mM3qW4eR5tT6yU7iI8oO9pP0aS1dF2gG3hH4jJ5kK6lL7zZ8xX9cC0vB1nN2mQ3wE4rR5tT6yY7uU8iI9oO0pP1aS2dF3gG4hH5jJ6kK7lL8zX9cV0bN1nM2qW3eR4tT5yU6iI7oO8pP9aS0dF1gG2hH3jJ4kK5lL6zZ7xX8cC9vV0bB1nN2mM3qW4eR5tT6yU7iI8oO9pP0aS1dF2gG3hH4jJ5kK6lL7zZ8xX9cC0vB1nN2mQ3wE4rR5tT6yY7uU8iI9oO0pP1aS2dF3gG4hH5jJ6kK7l4hH5jJ6kK7lL8zX9cV0bN1nM2qW3eR4tT5yU6iI7oO8pP9aS0dF1gG2hH3jJ4kK5lL6zZ7xX8cC9vV0bB1nN2mM3qW4eR5tT6yU7iI8oO9pP0aS1dF2gG3hH4jJ5kK6lL7zZ8xX9cC0vB1nN2mQ3wE4rR5tT6yY7uU8iI9oO0pP1aS2dF3gG4hH5jJ6kK7lL8zX9cV0bN1nM2qW3eR4tT5yU6iI7oO8pP9aS0dF1gG2hH3jJ4kK5lL6zZ7xX8cC9vV0bB1nN2mM3qW4eR5tT6yU7iI8oO9pP0aS1dF2gG3hH4jJ5kK6lL7zZ8xX9cC0vB1nN2mQ3wE4rR5tT6yY7uU8iI9oO0pP1aS2dF3gG4hH5jJ6kK7l4hH5jJ6kK7lL8zX9cV0bN1nM2qW3eR4tT5yU6iI7oO8pP9aS0dF1gG2hH3jJ4kK5lL6zZ7xX8cC9vV0bB1nN2mM3qW4eR5tT6yU7iI8oO9pP0aS1dF2gG3hH4jJ5kK6lL7zZ8xX9cC0vB1nN2mQ3wE4rR5tT6yY7uU8iI9oO0pP1aS2dF3gG4hH5jJ6kK7lL8zX9cV0bN1nM2qW3eR4tT5yU6iI7oO8pP9aS0dF1gG2hH3jJ4kK5lL6zZ7xX8cC9vV0bB1nN2mM3qW4eR5tT6yU7iI8oO9pP0aS1dF2gG3hH4jJ5kK6lL7zZ8xX9cC0vB1nN2mQ3wE4rR5tT6yY7uU8iI9oO0pP1aS2dF3gG4hH5jJ6kK7l4hH5jJ6kK7lL8zX9cV0bN1nM2qW3eR4tT5yU6iI7oO8pP9aS0dF1gG2hH3jJ4kK5lL6zZ7xX8cC9vV0bB1nN2mM3qW4eR5tT6yU7iI8oO9pP0aS1dF2gG3hH4jJ5kK6lL7zZ8xX9cC0vB1nN2mQ3wE4rR5tT6yY7uU8iI9oO0pP1aS2dF3gG4hH5jJ6kK7lL8zX9cV0bN1nM2qW3eR4tT5yU6iI7oO8pP9aS0dF1gG2hH3jJ4kK5lL6zZ7xX8cC9vV0bB1nN2mM3qW4eR5tT6yU7iI8oO9pP0aS1dF2gG3hH4jJ5kK6lL7zZ8xX9cC0vB1nN2mQ3wE4rR5tT6yY7uU8iI9oO0pP1aS2dF3gG4hH5jJ6kK7l4hH5jJ6kK7lL8zX9cV0bN1nM2qW3eR4tT5yU6iI7oO8pP9aS0dF1gG2hH3jJ4kK5lL6z7nB9vR2mX8kLp4QjW3tY5zH1aG6sF9dD0fS8gA7hJ6kL5mN4bV3vC2xZ1oP9iU8uY7tT6rR5eE4wW3qQ2aZ1sX2dC3fV4gB5hN6jM7kL8pO9iU0yT1rE2wQ3aS4dF5gG6hH7jJ8kK9lL0zZ1xX2cC3vV4bB5nN6mM7qQ8wW9eE0rR1tT2yY3uU4iI5oO6pP7aA8sS9dD0fF1gG2hH3jJ4kK5lL6zZ7xX8cC9vV0bB1nN2mM3qW4eR5tT6yU7iI8oO9pP0aS1dF2gG3hH4jJ5kK6lL7zZ8xX9cC0vB1nN2mQ3wE4rR5tT6yY7uU8iI9oO0pP1aS2dF3gG4hH5jJ6kK7lL8zX9cV0bN1nM2qW3eR4tT5yU6iI7oO8pP9aS0dF1gG2hH3jJ4kK5lL6zZ7xX8cC9vV0bB1nN2mM3qW4eR5tT6yU7iI8oO9pP0aS1dF2gG3hH4jJ5kK6lL7zZ8xX9cC0vB1nN2mQ3wE4rR5tT6yY7uU8iI9oO0pP1aS2dF3gG4hH5jJ6kK7lL8zX9cV0bN1nM2qW3eR4tT5yU6iI7oO8pP9aS0dF1gG2hH3jJ4kK5lL6zZ7xX8cC9vV0bB1nN2mM3qW4eR5tT6yU7iI8oO9pP0aS1dF2gG3hH4jJ5kK6lL7zZ8xX9cC0vB1nN2mQ3wE4rR5tT6yY7uU8iI9oO0pP1aS2dF3gG4hH5jJ6kK7lL8zX9cV0bN1nM2qW3eR4tT5yU6iI7oO8pP9aS0dF1gG2hH3jJ4kK5lL6zZ7xX8cC9vV0bB1nN2mM3qW4eR5tT6yU7iI8oO9pP0aS1dF2gG3hH4jJ5kK6lL7zZ8xX9cC0vB1nN2mQ3wE4rR5tT6yY7uU8iI9oO0pP1aS2dF3gG4hH5jJ6kK7lL8zX9cV0bN1nM2qW3eR4tT5yU6iI7oO8pP9aS0dF1gG2hH3jJ4kK5lL6zZ7xX8cC9vV0bB1nN2mM3qW4eR5tT6yU7iI8oO9pP0aS1dF2gG3hH4jJ5kK6lL7zZ8xX9cC0vB1nN2mQ3wE4rR5tT6yY7uU8iI9oO0pP1aS2dF3gG4hH5jJ6kK7l4hH5jJ6kK7lL8zX9cV0bN1nM2qW3eR4tT5yU6iI7oO8pP9aS0dF1gG2hH3jJ4kK5lL6zZ7xX8cC9vV0bB1nN2mM3qW4eR5tT6yU7iI8oO9pP0aS1dF2gG3hH4jJ5kK6lL7zZ8xX9cC0vB1nN2mQ3wE4rR5tT6yY7uU8iI9oO0pP1aS2dF3gG4hH5jJ6kK7lL8zX9cV0bN1nM2qW3eR4tT5yU6iI7oO8pP9aS0dF1gG2hH3jJ4kK5lL6zZ7xX8cC9vV0bB1nN2mM3qW4eR5tT6yU7iI8oO9pP0aS1dF2gG3hH4jJ5kK6lL7zZ8xX9cC0vB1nN2mQ3wE4rR5tT6yY7uU8iI9oO0pP1aS2dF3gG4hH5jJ6kK7l4hH5jJ6kK7lL8zX9cV0bN1nM2qW3eR4tT5yU6iI7oO8pP9aS0dF1gG2hH3jJ4kK5lL6zZ7xX8cC9vV0bB1nN2mM3qW4eR5tT6yU7iI8oO9pP0aS1dF2gG3hH4jJ5kK6lL7zZ8xX9cC0vB1nN2mQ3wE4rR5tT6yY7uU8iI9oO0pP1aS2dF3gG4hH5jJ6kK7lL8zX9cV0bN1nM2qW3eR4tT5yU6iI7oO8pP9aS0dF1gG2hH3jJ4kK5lL6zZ7xX8cC9vV0bB1nN2mM3qW4eR5tT6yU7iI8oO9pP0aS1dF2gG3hH4jJ5kK6lL7zZ8xX9cC0vB1nN2mQ3wE4rR5tT6yY7uU8iI9oO0pP1aS2dF3gG4hH5jJ6kK7l4hH5jJ6kK7lL8zX9cV0bN1nM2qW3eR4tT5yU6iI7oO8pP9aS0dF1gG2hH3jJ4kK5lL6zZ7xX8cC9vV0bB1nN2mM3qW4eR5tT6yU7iI8oO9pP0aS1dF2gG3hH4jJ5kK6lL7zZ8xX9cC0vB1nN2mQ3wE4rR5tT6yY7uU8iI9oO0pP1aS2dF3gG4hH5jJ6kK7lL8zX9cV0bN1nM2qW3eR4tT5yU6iI7oO8pP9aS0dF1gG2hH3jJ4kK5lL6zZ7xX8cC9vV0bB1nN2mM3qW4eR5tT6yU7iI8oO9pP0aS1dF2gG3hH4jJ5kK6lL7zZ8xX9cC0vB1nN2mQ3wE4rR5tT6yY7uU8iI9oO0pP1aS2dF3gG4hH5jJ6kK7l4hH5jJ6kK7lL8zX9cV0bN1nM2qW3eR4tT5yU6iI7oO8pP9aS0dF1gG2hH3jJ4kK5lL6zZ7xX8cC9vV0bB1nN2mM3qW4eR5tT6yU7iI8oO9pP0aS1dF2gG3hH4jJ5kK6lL7zZ8xX9cC0vB1nN2mQ3wE4rR5tT6yY7uU8iI9oO0pP1aS2dF3gG4hH5jJ6kK7lL8zX9cV0bN1nM2qW3eR4tT5yU6iI7oO8pP9aS0dF1gG2hH3jJ4kK5lL6zZ7xX8cC9vV0bB1nN2mM3qW4eR5tT6yU7iI8oO9pP0aS1dF2gG3hH4jJ5kK6lL7zZ8xX9cC0vB1nN2mQ3wE4rR5tT6yY7uU8iI9oO0pP1aS2dF3gG4hH5jJ6kK7l4hH5jJ6kK7lL8zX9cV0bN1nM2qW3eR4tT5yU6iI7oO8pP9aS0dF1gG2hH3jJ4kK5lL6zZ7xX8cC9vV0bB1nN2mM3qW4eR5tT6yU7iI8oO9pP0aS1dF2gG3hH4jJ5kK6lL7zZ8xX9cC0vB1nN2mQ3wE4rR5tT6yY7uU8iI9oO0pP1aS2dF3gG4hH5jJ6kK7lL8zX9cV0bN1nM2qW3eR4tT5yU6iI7oO8pP9aS0dF1gG2hH3jJ4kK5lL6zZ7xX8cC9vV0bB1nN2mM3qW4eR5tT6yU7iI8oO9pP0aS1dF2gG3hH4jJ5kK6lL7zZ8xX9cC0vB1nN2mQ3wE4rR5tT6yY7uU8iI9oO0pP1aS2dF3gG4hH5jJ6kK7l4hH5jJ6kK7lL8zX9cV0bN1nM2qW3eR4tT5yU6iI7oO8pP9aS0dF1gG2hH3jJ4kK5lL6zZ7xX8cC9vV0bB1nN2mM3qW4eR5tT6yU7iI8oO9pP0aS1dF2gG3hH4jJ5kK6lL7zZ8xX9cC0vB1nN2mQ3wE4rR5tT6yY7uU8iI9oO0pP1aS2dF3gG4hH5jJ6kK7lL8zX9cV0bN1nM2qW3eR4tT5yU6iI7oO8pP9aS0dF1gG2hH3jJ4kK5lL6zZ7xX8cC9vV0bB1nN2mM3qW4eR5tT6yU7iI8oO9pP0aS1dF2gG3hH4jJ5kK6lL7zZ8xX9cC0vB1nN2mQ3wE4rR5tT6yY7uU8iI9oO0pP1aS2dF3gG4hH5jJ6kK7l4hH5jJ6kK7lL8zX9cV0bN1nM2qW3eR4tT5yU6iI7oO8pP9aS0dF1gG2hH3jJ4kK5lL6zZ7xX8cC9vV0bB1nN2mM3qW4eR5tT6yU7iI8oO9pP0aS1dF2gG3hH4jJ5kK6lL7zZ8xX9cC0vB1nN2mQ3wE4rR5tT6yY7uU8iI9oO0pP1aS2dF3gG4hH5jJ6kK7lL8zX9cV0bN1nM2qW3eR4tT5yU6iI7oO8pP9aS0dF1gG2hH3jJ4kK5lL6zZ7xX8cC9vV0bB1nN2mM3qW4eR5tT6yU7iI8oO9pP0aS1dF2gG3hH4jJ5kK6lL7zZ8xX9cC0vB1nN2mQ3wE4rR5tT6yY7uU8iI9oO0pP1aS2dF3gG4hH5jJ6kK7l4hH5jJ6kK7lL8zX9cV0bN1nM2qW3eR4tT5yU6iI7oO8pP9aS0dF1gG2hH3jJ4kK5lL6z7nB9vR2mX8kLp4QjW3tY5zH1aG6sF9dD0fS8gA7hJ6kL5mN4bV3vC2xZ1oP9iU8uY7tT6rR5eE4wW3qQ2aZ1sX2dC3fV4gB5hN6jM7kL8pO9iU0yT1rE2wQ3aS4dF5gG6hH7jJ8kK9lL0zZ1xX2cC3vV4bB5nN6mM7qQ8wW9eE0rR1tT2yY3uU4iI5oO6pP7aA8sS9dD0fF1gG2hH3jJ4kK5lL6zZ7xX8cC9vV0bB1nN2mM3qW4eR5tT6yU7iI8oO9pP0aS1dF2gG3hH4jJ5kK6lL7zZ8xX9cC0vB1nN2mQ3wE4rR5tT6yY7uU8iI9oO0pP1aS2dF3gG4hH5jJ6kK7lL8zX9cV0bN1nM2qW3eR4tT5yU6iI7oO8pP9aS0dF1gG2hH3jJ4kK5lL6zZ7xX8cC9vV0bB1nN2mM3qW4eR5tT6yU7iI8oO9pP0aS1dF2gG3hH4jJ5kK6lL7zZ8xX9cC0vB1nN2mQ3wE4rR5tT6yY7uU8iI9oO0pP1aS2dF3gG4hH5jJ6kK7lL8zX9cV0bN1nM2qW3eR4tT5yU6iI7oO8pP9aS0dF1gG2hH3jJ4kK5lL6zZ7xX8cC9vV0bB1nN2mM3qW4eR5tT6yU7iI8oO9pP0aS1dF2gG3hH4jJ5kK6lL7zZ8xX9cC0vB1nN2mQ3wE4rR5tT6yY7uU8iI9oO0pP1aS2dF3gG4hH5jJ6kK7lL8zX9cV0bN1nM2qW3eR4tT5yU6iI7oO8pP9aS0dF1gG2hH3jJ4kK5lL6zZ7xX8cC9vV0bB1nN2mM3qW4eR5tT6yU7iI8oO9pP0aS1dF2gG3hH4jJ5kK6lL7zZ8xX9cC0vB1nN2mQ3wE4rR5tT6yY7uU8iI9oO0pP1aS2dF3gG4hH5jJ6kK7lL8zX9cV0bN1nM2qW3eR4tT5yU6iI7oO8pP9aS0dF1gG2hH3jJ4kK5lL6zZ7xX8cC9vV0bB1nN2mM3qW4eR5tT6yU7iI8oO9pP0aS1dF2gG3hH4jJ5kK6lL7zZ8xX9cC0vB1nN2mQ3wE4rR5tT6yY7uU8iI9oO0pP1aS2dF3gG4hH5jJ6kK7l4hH5jJ6kK7lL8zX9cV0bN1nM2qW3eR4tT5yU6iI7oO8pP9aS0dF1gG2hH3jJ4kK5lL6zZ7xX8cC9vV0bB1nN2mM3qW4eR5tT6yU7iI8oO9pP0aS1dF2gG3hH4jJ5kK6lL7zZ8xX9cC0vB1nN2mQ3wE4rR5tT6yY7uU8iI9oO0pP1aS2dF3gG4hH5jJ6kK7lL8zX9cV0bN1nM2qW3eR4tT5yU6iI7oO8pP9aS0dF1gG2hH3jJ4kK5lL6zZ7xX8cC9vV0bB1nN2mM3qW4eR5tT6yU7iI8oO9pP0aS1dF2gG3hH4jJ5kK6lL7zZ8xX9cC0vB1nN2mQ3wE4rR5tT6yY7uU8iI9oO0pP1aS2dF3gG4hH5jJ6kK7l4hH5jJ6kK7lL8zX9cV0bN1nM2qW3eR4tT5yU6iI7oO8pP9aS0dF1gG2hH3jJ4kK5lL6zZ7xX8cC9vV0bB1nN2mM3qW4eR5tT6yU7iI8oO9pP0aS1dF2gG3hH4jJ5kK6lL7zZ8xX9cC0vB1nN2mQ3wE4rR5tT6yY7uU8iI9oO0pP1aS2dF3gG4hH5jJ6kK7lL8zX9cV0bN1nM2qW3eR4tT5yU6iI7oO8pP9aS0dF1gG2hH3jJ4kK5lL6zZ7xX8cC9vV0bB1nN2mM3qW4eR5tT6yU7iI8oO9pP0aS1dF2gG3hH4jJ5kK6lL7zZ8xX9cC0vB1nN2mQ3wE4rR5tT6yY7uU8iI9oO0pP1aS2dF3gG4hH5jJ6kK7l4hH5jJ6kK7lL8zX9cV0bN1nM2qW3eR4tT5yU6iI7oO8pP9aS0dF1gG2hH3jJ4kK5lL6zZ7xX8cC9vV0bB1nN2mM3qW4eR5tT6yU7iI8oO9pP0aS1dF2gG3hH4jJ5kK6lL7zZ8xX9cC0vB1nN2mQ3wE4rR5tT6yY7uU8iI9oO0pP1aS2dF3gG4hH5jJ6kK7lL8zX9cV0bN1nM2qW3eR4tT5yU6iI7oO8pP9aS0dF1gG2hH3jJ4kK5lL6zZ7xX8cC9vV0bB1nN2mM3qW4eR5tT6yU7iI8oO9pP0aS1dF2gG3hH4jJ5kK6lL7zZ8xX9cC0vB1nN2mQ3wE4rR5tT6yY7uU8iI9oO0pP1aS2dF3gG4hH5jJ6kK7l4hH5jJ6kK7lL8zX9cV0bN1nM2qW3eR4tT5yU6iI7oO8pP9aS0dF1gG2hH3jJ4kK5lL6zZ7xX8cC9vV0bB1nN2mM3qW4eR5tT6yU7iI8oO9pP0aS1dF2gG3hH4jJ5kK6lL7zZ8xX9cC0vB1nN2mQ3wE4rR5tT6yY7uU8iI9oO0pP1aS2dF3gG4hH5jJ6kK7lL8zX9cV0bN1nM2qW3eR4tT5yU6iI7oO8pP9aS0dF1gG2hH3jJ4kK5lL6zZ7xX8cC9vV0bB1nN2mM3qW4eR5tT6yU7iI8oO9pP0aS1dF2gG3hH4jJ5kK6lL7zZ8xX9cC0vB1nN2mQ3wE4rR5tT6yY7uU8iI9oO0pP1aS2dF3gG4hH5jJ6kK7l4hH5jJ6kK7lL8zX9cV0bN1nM2qW3eR4tT5yU6iI7oO8pP9aS0dF1gG2hH3jJ4kK5lL6zZ7xX8cC9vV0bB1nN2mM3qW4eR5tT6yU7iI8oO9pP0aS1dF2gG3hH4jJ5kK6lL7zZ8xX9cC0vB1nN2mQ3wE4rR5tT6yY7uU8iI9oO0pP1aS2dF3gG4hH5jJ6kK7lL8zX9cV0bN1nM2qW3eR4tT5yU6iI7oO8pP9aS0dF1gG2hH3jJ4kK5lL6zZ7xX8cC9vV0bB1nN2mM3qW4eR5tT6yU7iI8oO9pP0aS1dF2gG3hH4jJ5kK6lL7zZ8xX9cC0vB1nN2mQ3wE4rR5tT6yY7uU8iI9oO0pP1aS2dF3gG4hH5jJ6kK7l4hH5jJ6kK7lL8zX9cV0bN1nM2qW3eR4tT5yU6iI7oO8pP9aS0dF1gG2hH3jJ4kK5lL6zZ7xX8cC9vV0bB1nN2mM3qW4eR5tT6yU7iI8oO9pP0aS1dF2gG3hH4jJ5kK6lL7zZ8xX9cC0vB1nN2mQ3wE4rR5tT6yY7uU8iI9oO0pP1aS2dF3gG4hH5jJ6kK7lL8zX9cV0bN1nM2qW3eR4tT5yU6iI7oO8pP9aS0dF1gG2hH3jJ4kK5lL6zZ7xX8cC9vV0bB1nN2mM3qW4eR5tT6yU7iI8oO9pP0aS1dF2gG3hH4jJ5kK6lL7zZ8xX9cC0vB1nN2mQ3wE4rR5tT6yY7uU8iI9oO0pP1aS2dF3gG4hH5jJ6kK7l4hH5jJ6kK7lL8zX9cV0bN1nM2qW3eR4tT5yU6iI7oO8pP9aS0dF1gG2hH3jJ4kK5lL6zZ7xX8cC9vV0bB1nN2mM3qW4eR5tT6yU7iI8oO9pP0aS1dF2gG3hH4jJ5kK6lL7zZ8xX9cC0vB1nN2mQ3wE4rR5tT6yY7uU8iI9oO0pP1aS2dF3gG4hH5jJ6kK7lL8zX9cV0bN1nM2qW3eR4tT5yU6iI7oO8pP9aS0dF1gG2hH3jJ4kK5lL6zZ7xX8cC9vV0bB1nN2mM3qW4eR5tT6yU7iI8oO9pP0aS1dF2gG3hH4jJ5kK6lL7zZ8xX9cC0vB1nN2mQ3wE4rR5tT6yY7uU8iI9oO0pP1aS2dF3gG4hH5jJ6kK7l4hH5jJ6kK7lL8zX9cV0bN1nM2qW3eR4tT5yU6iI7oO8pP9aS0dF1gG2hH3jJ4kK5lL6z7nB9vR2mX8kLp4QjW3tY5zH1aG6sF9dD0fS8gA7hJ6kL5mN4bV3vC2xZ1oP9iU8uY7tT6rR5eE4wW3qQ2aZ1sX2dC3fV4gB5hN6jM7kL8pO9iU0yT1rE2wQ3aS4dF5gG6hH7jJ8kK9lL0zZ1xX2cC3vV4bB5nN6mM7qQ8wW9eE0rR1tT2yY3uU4iI5oO6pP7aA8sS9dD0fF1gG2hH3jJ4kK5lL6zZ7xX8cC9vV0bB1nN2mM3qW4eR5tT6yU7iI8oO9pP0aS1dF2gG3hH4jJ5kK6lL7zZ8xX9cC0vB1nN2mQ3wE4rR5tT6yY7uU8iI9oO0pP1aS2dF3gG4hH5jJ6kK7lL8zX9cV0bN1nM2qW3eR4tT5yU6iI7oO8pP9aS0dF1gG2hH3jJ4kK5lL6zZ7xX8cC9vV0bB1nN2mM3qW4eR5tT6yU7iI8oO9pP0aS1dF2gG3hH4jJ5kK6lL7zZ8xX9cC0vB1nN2mQ3wE4rR5tT6yY7uU8iI9oO0pP1aS2dF3gG4hH5jJ6kK7lL8zX9cV0bN1nM2qW3eR4tT5yU6iI7oO8pP9aS0dF1gG2hH3jJ4kK5lL6zZ7xX8cC9vV0bB1nN2mM3qW4eR5tT6yU7iI8oO9pP0aS1dF2gG3hH4jJ5kK6lL7zZ8xX9cC0vB1nN2mQ3wE4rR5tT6yY7uU8iI9oO0pP1aS2dF3gG4hH5jJ6kK7lL8zX9cV0bN1nM2qW3eR4tT5yU6iI7oO8pP9aS0dF1gG2hH3jJ4kK5lL6zZ7xX8cC9vV0bB1nN2mM3qW4eR5tT6yU7iI8oO9pP0aS1dF2gG3hH4jJ5kK6lL7zZ8xX9cC0vB1nN2mQ3wE4rR5tT6yY7uU8iI9oO0pP1aS2dF3gG4hH5jJ6kK7lL8zX9cV0bN1nM2qW3eR4tT5yU6iI7oO8pP9aS0dF1gG2hH3jJ4kK5lL6zZ7xX8cC9vV0bB1nN2mM3qW4eR5tT6yU7iI8oO9pP0aS1dF2gG3hH4jJ5kK6lL7zZ8xX9cC0vB1nN2mQ3wE4rR5tT6yY7uU8iI9oO0pP1aS2dF3gG4hH5jJ6kK7l4hH5jJ6kK7lL8zX9cV0bN1nM2qW3eR4tT5yU6iI7oO8pP9aS0dF1gG2hH3jJ4kK5lL6zZ7xX8cC9vV0bB1nN2mM3qW4eR5tT6yU7iI8oO9pP0aS1dF2gG3hH4jJ5kK6lL7zZ8xX9cC0vB1nN2mQ3wE4rR5tT6yY7uU8iI9oO0pP1aS2dF3gG4hH5jJ6kK7lL8zX9cV0bN1nM2qW3eR4tT5yU6iI7oO8pP9aS0dF1gG2hH3jJ4kK5lL6zZ7xX8cC9vV0bB1nN2mM3qW4eR5tT6yU7iI8oO9pP0aS1dF2gG3hH4jJ5kK6lL7zZ8xX9cC0vB1nN2mQ3wE4rR5tT6yY7uU8iI9oO0pP1aS2dF3gG4hH5jJ6kK7l4hH5jJ6kK7lL8zX9cV0bN1nM2qW3eR4tT5yU6iI7oO8pP9aS0dF1gG2hH3jJ4kK5lL6zZ7xX8cC9vV0bB1nN2mM3qW4eR5tT6yU7iI8oO9pP0aS1dF2gG3hH4jJ5kK6lL7zZ8xX9cC0vB1nN2mQ3wE4rR5tT6yY7uU8iI9oO0pP1aS2dF3gG4hH5jJ6kK7lL8zX9cV0bN1nM2qW3eR4tT5yU6iI7oO8pP9aS0dF1gG2hH3jJ4kK5lL6zZ7xX8cC9vV0bB1nN2mM3qW4eR5tT6yU7iI8oO9pP0aS1dF2gG3hH4jJ5kK6lL7zZ8xX9cC0vB1nN2mQ3wE4rR5tT6yY7uU8iI9oO0pP1aS2dF3gG4hH5jJ6kK7l4hH5jJ6kK7lL8zX9cV0bN1nM2qW3eR4tT5yU6iI7oO8pP9aS0dF1gG2hH3jJ4kK5lL6zZ7xX8cC9vV0bB1nN2mM3qW4eR5tT6yU7iI8oO9pP0aS1dF2gG3hH4jJ5kK6lL7zZ8xX9cC0vB1nN2mQ3wE4rR5tT6yY7uU8iI9oO0pP1aS2dF3gG4hH5jJ6kK7lL8zX9cV0bN1nM2qW3eR4tT5yU6iI7oO8pP9aS0dF1gG2hH3jJ4kK5lL6zZ7xX8cC9vV0bB1nN2mM3qW4eR5tT6yU7iI8oO9pP0aS1dF2gG3hH4jJ5kK6lL7zZ8xX9cC0vB1nN2mQ3wE4rR5tT6yY7uU8iI9oO0pP1aS2dF3gG4hH5jJ6kK7l4hH5jJ6kK7lL8zX9cV0bN1nM2qW3eR4tT5yU6iI7oO8pP9aS0dF1gG2hH3jJ4kK5lL6zZ7xX8cC9vV0bB1nN2mM3qW4eR5tT6yU7iI8oO9pP0aS1dF2gG3hH4jJ5kK6lL7zZ8xX9cC0vB1nN2mQ3wE4rR5tT6yY7uU8iI9oO0pP1aS2dF3gG4hH5jJ6kK7lL8zX9cV0bN1nM2qW3eR4tT5yU6iI7oO8pP9aS0dF1gG2hH3jJ4kK5lL6zZ7xX8cC9vV0bB1nN2mM3qW4eR5tT6yU7iI8oO9pP0aS1dF2gG3hH4jJ5kK6lL7zZ8xX9cC0vB1nN2mQ3wE4rR5tT6yY7uU8iI9oO0pP1aS2dF3gG4hH5jJ6kK7l4hH5jJ6kK7lL8zX9cV0bN1nM2qW3eR4tT5yU6iI7oO8pP9aS0dF1gG2hH3jJ4kK5lL6zZ7xX8cC9vV0bB1nN2mM3qW4eR5tT6yU7iI8oO9pP0aS1dF2gG3hH4jJ5kK6lL7zZ8xX9cC0vB1nN2mQ3wE4rR5tT6yY7uU8iI9oO0pP1aS2dF3gG4hH5jJ6kK7lL8zX9cV0bN1nM2qW3eR4tT5yU6iI7oO8pP9aS0dF1gG2hH3jJ4kK5lL6zZ7xX8cC9vV0bB1nN2mM3qW4eR5tT6yU7iI8oO9pP0aS1dF2gG3hH4jJ5kK6lL7zZ8xX9cC0vB1nN2mQ3wE4rR5tT6yY7uU8iI9oO0pP1aS2dF3gG4hH5jJ6kK7l4hH5jJ6kK7lL8zX9cV0bN1nM2qW3eR4tT5yU6iI7oO8pP9aS0dF1gG2hH3jJ4kK5lL6zZ7xX8cC9vV0bB1nN2mM3qW4eR5tT6yU7iI8oO9pP0aS1dF2gG3hH4jJ5kK6lL7zZ8xX9cC0vB1nN2mQ3wE4rR5tT6yY7uU8iI9oO0pP1aS2dF3gG4hH5jJ6kK7lL8zX9cV0bN1nM2qW3eR4tT5yU6iI7oO8pP9aS0dF1gG2hH3jJ4kK5lL6zZ7xX8cC9vV0bB1nN2mM3qW4eR5tT6yU7iI8oO9pP0aS1dF2gG3hH4jJ5kK6lL7zZ8xX9cC0vB1nN2mQ3wE4rR5tT6yY7uU8iI9oO0pP1aS2dF3gG4hH5jJ6kK7l4hH5jJ6kK7lL8zX9cV0bN1nM2qW3eR4tT5yU6iI7oO8pP9aS0dF1gG2hH3jJ4kK5lL6zZ7xX8cC9vV0bB1nN2mM3qW4eR5tT6yU7iI8oO9pP0aS1dF2gG3hH4jJ5kK6lL7zZ8xX9cC0vB1nN2mQ3wE4rR5tT6yY7uU8iI9oO0pP1aS2dF3gG4hH5jJ6kK7lL8zX9cV0bN1nM2qW3eR4tT5yU6iI7oO8pP9aS0dF1gG2hH3jJ4kK5lL6zZ7xX8cC9vV0bB1nN2mM3qW4eR5tT6yU7iI8oO9pP0aS1dF2gG3hH4jJ5kK6lL7zZ8xX9cC0vB1nN2mQ3wE4rR5tT6yY7uU8iI9oO0pP1aS2dF3gG4hH5jJ6kK7l4hH5jJ6kK7lL8zX9cV0bN1nM2qW3eR4tT5yU6iI7oO8pP9aS0dF1gG2hH3jJ4kK5lL6z7nB9vR2mX8kLp4QjW3tY5zH1aG6sF9dD0fS8gA7hJ6kL5mN4bV3vC2xZ1oP9iU8uY7tT6rR5eE4wW3qQ2aZ1sX2dC3fV4gB5hN6jM7kL8pO9iU0yT1rE2wQ3aS4dF5gG6hH7jJ8kK9lL0zZ1xX2cC3vV4bB5nN6mM7qQ8wW9eE0rR1tT2yY3uU4iI5oO6pP7aA8sS9dD0fF1gG2hH3jJ4kK5lL6zZ7xX8cC9vV0bB1nN2mM3qW4eR5tT6yU7iI8oO9pP0aS1dF2gG3hH4jJ5kK6lL7zZ8xX9cC0vB1nN2mQ3wE4rR5tT6yY7uU8iI9oO0pP1aS2dF3gG4hH5jJ6kK7lL8zX9cV0bN1nM2qW3eR4tT5yU6iI7oO8pP9aS0dF1gG2hH3jJ4kK5lL6zZ7xX8cC9vV0bB1nN2mM3qW4eR5tT6yU7iI8oO9pP0aS1dF2gG3hH4jJ5kK6lL7zZ8xX9cC0vB1nN2mQ3wE4rR5tT6yY7uU8iI9oO0pP1aS2dF3gG4hH5jJ6kK7lL8zX9cV0bN1nM2qW3eR4tT5yU6iI7oO8pP9aS0dF1gG2hH3jJ4kK5lL6zZ7xX8cC9vV0bB1nN2mM3qW4eR5tT6yU7iI8oO9pP0aS1dF2gG3hH4jJ5kK6lL7zZ8xX9cC0vB1nN2mQ3wE4rR5tT6yY7uU8iI9oO0pP1aS2dF3gG4hH5jJ6kK7lL8zX9cV0bN1nM2qW3eR4tT5yU6iI7oO8pP9aS0dF1gG2hH3jJ4kK5lL6zZ7xX8cC9vV0bB1nN2mM3qW4eR5tT6yU7iI8oO9pP0aS1dF2gG3hH4jJ5kK6lL7zZ8xX9cC0vB1nN2mQ3wE4rR5tT6yY7uU8iI9oO0pP1aS2dF3gG4hH5jJ6kK7lL8zX9cV0bN1nM2qW3eR4tT5yU6iI7oO8pP9aS0dF1gG2hH3jJ4kK5lL6zZ7xX8cC9vV0bB1nN2mM3qW4eR5tT6yU7iI8oO9pP0aS1dF2gG3hH4jJ5kK6lL7zZ8xX9cC0vB1nN2mQ3wE4rR5tT6yY7uU8iI9oO0pP1aS2dF3gG4hH5jJ6kK7l4hH5jJ6kK7lL8zX9cV0bN1nM2qW3eR4tT5yU6iI7oO8pP9aS0dF1gG2hH3jJ4kK5lL6zZ7xX8cC9vV0bB1nN2mM3qW4eR5tT6yU7iI8oO9pP0aS1dF2gG3hH4jJ5kK6lL7zZ8xX9cC0vB1nN2mQ3wE4rR5tT6yY7uU8iI9oO0pP1aS2dF3gG4hH5jJ6kK7lL8zX9cV0bN1nM2qW3eR4tT5yU6iI7oO8pP9aS0dF1gG2hH3jJ4kK5lL6zZ7xX8cC9vV0bB1nN2mM3qW4eR5tT6yU7iI8oO9pP0aS1dF2gG3hH4jJ5kK6lL7zZ8xX9cC0vB1nN2mQ3wE4rR5tT6yY7uU8iI9oO0pP1aS2dF3gG4hH5jJ6kK7l4hH5jJ6kK7lL8zX9cV0bN1nM2qW3eR4tT5yU6iI7oO8pP9aS0dF1gG2hH3jJ4kK5lL6zZ7xX8cC9vV0bB1nN2mM3qW4eR5tT6yU7iI8oO9pP0aS1dF2gG3hH4jJ5kK6lL7zZ8xX9cC0vB1nN2mQ3wE4rR5tT6yY7uU8iI9oO0pP1aS2dF3gG4hH5jJ6kK7lL8zX9cV0bN1nM2qW3eR4tT5yU6iI7oO8pP9aS0dF1gG2hH3jJ4kK5lL6zZ7xX8cC9vV0bB1nN2mM3qW4eR5tT6yU7iI8oO9pP0aS1dF2gG3hH4jJ5kK6lL7zZ8xX9cC0vB1nN2mQ3wE4rR5tT6yY7uU8iI9oO0pP1aS2dF3gG4hH5jJ6kK7l4hH5jJ6kK7lL8zX9cV0bN1nM2qW3eR4tT5yU6iI7oO8pP9aS0dF1gG2hH3jJ4kK5lL6zZ7xX8cC9vV0bB1nN2mM3qW4eR5tT6yU7iI8oO9pP0aS1dF2gG3hH4jJ5kK6lL7zZ8xX9cC0vB1nN2mQ3wE4rR5tT6yY7uU8iI9oO0pP1aS2dF3gG4hH5jJ6kK7lL8zX9cV0bN1nM2qW3eR4tT5yU6iI7oO8pP9aS0dF1gG2hH3jJ4kK5lL6zZ7xX8cC9vV0bB1nN2mM3qW4eR5tT6yU7iI8oO9pP0aS1dF2gG3hH4jJ5kK6lL7zZ8xX9cC0vB1nN2mQ3wE4rR5tT6yY7uU8iI9oO0pP1aS2dF3gG4hH5jJ6kK7l4hH5jJ6kK7lL8zX9cV0bN1nM2qW3eR4tT5yU6iI7oO8pP9aS0dF1gG2hH3jJ4kK5lL6zZ7xX8cC9vV0bB1nN2mM3qW4eR5tT6yU7iI8oO9pP0aS1dF2gG3hH4jJ5kK6lL7zZ8xX9cC0vB1nN2mQ3wE4rR5tT6yY7uU8iI9oO0pP1aS2dF3gG4hH5jJ6kK7lL8zX9cV0bN1nM2qW3eR4tT5yU6iI7oO8pP9aS0dF1gG2hH3jJ4kK5lL6zZ7xX8cC9vV0bB1nN2mM3qW4eR5tT6yU7iI8oO9pP0aS1dF2gG3hH4jJ5kK6lL7zZ8xX9cC0vB1nN2mQ3wE4rR5tT6yY7uU8iI9oO0pP1aS2dF3gG4hH5jJ6kK7l4hH5jJ6kK7lL8zX9cV0bN1nM2qW3eR4tT5yU6iI7oO8pP9aS0dF1gG2hH3jJ4kK5lL6zZ7xX8cC9vV0bB1nN2mM3qW4eR5tT6yU7iI8oO9pP0aS1dF2gG3hH4jJ5kK6lL7zZ8xX9cC0vB1nN2mQ3wE4rR5tT6yY7uU8iI9oO0pP1aS2dF3gG4hH5jJ6kK7lL8zX9cV0bN1nM2qW3eR4tT5yU6iI7oO8pP9aS0dF1gG2hH3jJ4kK5lL6zZ7xX8cC9vV0bB1nN2mM3qW4eR5tT6yU7iI8oO9pP0aS1dF2gG3hH4jJ5kK6lL7zZ8xX9cC0vB1nN2mQ3wE4rR5tT6yY7uU8iI9oO0pP1aS2dF3gG4hH5jJ6kK7l4hH5jJ6kK7lL8zX9cV0bN1nM2qW3eR4tT5yU6iI7oO8pP9aS0dF1gG2hH3jJ4kK5lL6zZ7xX8cC9vV0bB1nN2mM3qW4eR5tT6yU7iI8oO9pP0aS1dF2gG3hH4jJ5kK6lL7zZ8xX9cC0vB1nN2mQ3wE4rR5tT6yY7uU8iI9oO0pP1aS2dF3gG4hH5jJ6kK7lL8zX9cV0bN1nM2qW3eR4tT5yU6iI7oO8pP9aS0dF1gG2hH3jJ4kK5lL6zZ7xX8cC9vV0bB1nN2mM3qW4eR5tT6yU7iI8oO9pP0aS1dF2gG3hH4jJ5kK6lL7zZ8xX9cC0vB1nN2mQ3wE4rR5tT6yY7uU8iI9oO0pP1aS2dF3gG4hH5jJ6kK7l4hH5jJ6kK7lL8zX9cV0bN1nM2qW3eR4tT5yU6iI7oO8pP9aS0dF1gG2hH3jJ4kK5lL6zZ7xX8cC9vV0bB1nN2mM3qW4eR5tT6yU7iI8oO9pP0aS1dF2gG3hH4jJ5kK6lL7zZ8xX9cC0vB1nN2mQ3wE4rR5tT6yY7uU8iI9oO0pP1aS2dF3gG4hH5jJ6kK7lL8zX9cV0bN1nM2qW3eR4tT5yU6iI7oO8pP9aS0dF1gG2hH3jJ4kK5lL6zZ7xX8cC9vV0bB1nN2mM3qW4eR5tT6yU7iI8oO9pP0aS1dF2gG3hH4jJ5kK6lL7zZ8xX9cC0vB1nN2mQ3wE4rR5tT6yY7uU8iI9oO0pP1aS2dF3gG4hH5jJ6kK7l4hH5jJ6kK7lL8zX9cV0bN1nM2qW3eR4tT5yU6iI7oO8pP9aS0dF1gG2hH3jJ4kK5lL6z7nB9vR2mX8kLp4QjW3tY5zH1aG6sF9dD0fS8gA7hJ6kL5mN4bV3vC2xZ1oP9iU8uY7tT6rR5eE4wW3qQ2aZ1sX2dC3fV4gB5hN6jM7kL8pO9iU0yT1rE2wQ3aS4dF5gG6hH7jJ8kK9lL0zZ1xX2cC3vV4bB5nN6mM7qQ8wW9eE0rR1tT2yY3uU4iI5oO6pP7aA8sS9dD0fF1gG2hH3jJ4kK5lL6zZ7xX8cC9vV0bB1nN2mM3qW4eR5tT6yU7iI8oO9pP0aS1dF2gG3hH4jJ5kK6lL7zZ8xX9cC0vB1nN2mQ3wE4rR5tT6yY7uU8iI9oO0pP1aS2dF3gG4hH5jJ6kK7lL8zX9cV0bN1nM2qW3eR4tT5yU6iI7oO8pP9aS0dF1gG2hH3jJ4kK5lL6zZ7xX8cC9vV0bB1nN2mM3qW4eR5tT6yU7iI8oO9pP0aS1dF2gG3hH4jJ5kK6lL7zZ8xX9cC0vB1nN2mQ3wE4rR5tT6yY7uU8iI9oO0pP1aS2dF3gG4hH5jJ6kK7lL8zX9cV0bN1nM2qW3eR4tT5yU6iI7oO8pP9aS0dF1gG2hH3jJ4kK5lL6zZ7xX8cC9vV0bB1nN2mM3qW4eR5tT6yU7iI8oO9pP0aS1dF2gG3hH4jJ5kK6lL7zZ8xX9cC0vB1nN2mQ3wE4rR5tT6yY7uU8iI9oO0pP1aS2dF3gG4hH5jJ6kK7lL8zX9cV0bN1nM2qW3eR4tT5yU6iI7oO8pP9aS0dF1gG2hH3jJ4kK5lL6zZ7xX8cC9vV0bB1nN2mM3qW4eR5tT6yU7iI8oO9pP0aS1dF2gG3hH4jJ5kK6lL7zZ8xX9cC0vB1nN2mQ3wE4rR5tT6yY7uU8iI9oO0pP1aS2dF3gG4hH5jJ6kK7lL8zX9cV0bN1nM2qW3eR4tT5yU6iI7oO8pP9aS0dF1gG2hH3jJ4kK5lL6zZ7xX8cC9vV0bB1nN2mM3qW4eR5tT6yU7iI8oO9pP0aS1dF2gG3hH4jJ5kK6lL7zZ8xX9cC0vB1nN2mQ3wE4rR5tT6yY7uU8iI9oO0pP1aS2dF3gG4hH5jJ6kK7l4hH5jJ6kK7lL8zX9cV0bN1nM2qW3eR4tT5yU6iI7oO8pP9aS0dF1gG2hH3jJ4kK5lL6zZ7xX8cC9vV0bB1nN2mM3qW4eR5tT6yU7iI8oO9pP0aS1dF2gG3hH4jJ5kK6lL7zZ8xX9cC0vB1nN2mQ3wE4rR5tT6yY7uU8iI9oO0pP1aS2dF3gG4hH5jJ6kK7lL8zX9cV0bN1nM2qW3eR4tT5yU6iI7oO8pP9aS0dF1gG2hH3jJ4kK5lL6zZ7xX8cC9vV0bB1nN2mM3qW4eR5tT6yU7iI8oO9pP0aS1dF2gG3hH4jJ5kK6lL7zZ8xX9cC0vB1nN2mQ3wE4rR5tT6yY7uU8iI9oO0pP1aS2dF3gG4hH5jJ6kK7l4hH5jJ6kK7lL8zX9cV0bN1nM2qW3eR4tT5yU6iI7oO8pP9aS0dF1gG2hH3jJ4kK5lL6zZ7xX8cC9vV0bB1nN2mM3qW4eR5tT6yU7iI8oO9pP0aS1dF2gG3hH4jJ5kK6lL7zZ8xX9cC0vB1nN2mQ3wE4rR5tT6yY7uU8iI9oO0pP1aS2dF3gG4hH5jJ6kK7lL8zX9cV0bN1nM2qW3eR4tT5yU6iI7oO8pP9aS0dF1gG2hH3jJ4kK5lL6zZ7xX8cC9vV0bB1nN2mM3qW4eR5tT6yU7iI8oO9pP0aS1dF2gG3hH4jJ5kK6lL7zZ8xX9cC0vB1nN2mQ3wE4rR5tT6yY7uU8iI9oO0pP1aS2dF3gG4hH5jJ6kK7l4hH5jJ6kK7lL8zX9cV0bN1nM2qW3eR4tT5yU6iI7oO8pP9aS0dF1gG2hH3jJ4kK5lL6zZ7xX8cC9vV0bB1nN2mM3qW4eR5tT6yU7iI8oO9pP0aS1dF2gG3hH4jJ5kK6lL7zZ8xX9cC0vB1nN2mQ3wE4rR5tT6yY7uU8iI9oO0pP1aS2dF3gG4hH5jJ6kK7lL8zX9cV0bN1nM2qW3eR4tT5yU6iI7oO8pP9aS0dF1gG2hH3jJ4kK5lL6zZ7xX8cC9vV0bB1nN2mM3qW4eR5tT6yU7iI8oO9pP0aS1dF2gG3hH4jJ5kK6lL7zZ8xX9cC0vB1nN2mQ3wE4rR5tT6yY7uU8iI9oO0pP1aS2dF3gG4hH5jJ6kK7l4hH5jJ6kK7lL8zX9cV0bN1nM2qW3eR4tT5yU6iI7oO8pP9aS0dF1gG2hH3jJ4kK5lL6zZ7xX8cC9vV0bB1nN2mM3qW4eR5tT6yU7iI8oO9pP0aS1dF2gG3hH4jJ5kK6lL7zZ8xX9cC0vB1nN2mQ3wE4rR5tT6yY7uU8iI9oO0pP1aS2dF3gG4hH5jJ6kK7lL8zX9cV0bN1nM2qW3eR4tT5yU6iI7oO8pP9aS0dF1gG2hH3jJ4kK5lL6zZ7xX8cC9vV0bB1nN2mM3qW4eR5tT6yU7iI8oO9pP0aS1dF2gG3hH4jJ5kK6lL7zZ8xX9cC0vB1nN2mQ3wE4rR5tT6yY7uU8iI9oO0pP1aS2dF3gG4hH5jJ6kK7l4hH5jJ6kK7lL8zX9cV0bN1nM2qW3eR4tT5yU6iI7oO8pP9aS0dF1gG2hH3jJ4kK5lL6zZ7xX8cC9vV0bB1nN2mM3qW4eR5tT6yU7iI8oO9pP0aS1dF2gG3hH4jJ5kK6lL7zZ8xX9cC0vB1nN2mQ3wE4rR5tT6yY7uU8iI9oO0pP1aS2dF3gG4hH5jJ6kK7lL8zX9cV0bN1nM2qW3eR4tT5yU6iI7oO8pP9aS0dF1gG2hH3jJ4kK5lL6zZ7xX8cC9vV0bB1nN2mM3qW4eR5tT6yU7iI8oO9pP0aS1dF2gG3hH4jJ5kK6lL7zZ8xX9cC0vB1nN2mQ3wE4rR5tT6yY7uU8iI9oO0pP1aS2dF3gG4hH5jJ6kK7l4hH5jJ6kK7lL8zX9cV0bN1nM2qW3eR4tT5yU6iI7oO8pP9aS0dF1gG2hH3jJ4kK5lL6zZ7xX8cC9vV0bB1nN2mM3qW4eR5tT6yU7iI8oO9pP0aS1dF2gG3hH4jJ5kK6lL7zZ8xX9cC0vB1nN2mQ3wE4rR5tT6yY7uU8iI9oO0pP1aS2dF3gG4hH5jJ6kK7lL8zX9cV0bN1nM2qW3eR4tT5yU6iI7oO8pP9aS0dF1gG2hH3jJ4kK5lL6zZ7xX8cC9vV0bB1nN2mM3qW4eR5tT6yU7iI8oO9pP0aS1dF2gG3hH4jJ5kK6lL7zZ8xX9cC0vB1nN2mQ3wE4rR5tT6yY7uU8iI9oO0pP1aS2dF3gG4hH5jJ6kK7l4hH5jJ6kK7lL8zX9cV0bN1nM2qW3eR4tT5yU6iI7oO8pP9aS0dF1gG2hH3jJ4kK5lL6zZ7xX8cC9vV0bB1nN2mM3qW4eR5tT6yU7iI8oO9pP0aS1dF2gG3hH4jJ5kK6lL7zZ8xX9cC0vB1nN2mQ3wE4rR5tT6yY7uU8iI9oO0pP1aS2dF3gG4hH5jJ6kK7lL8zX9cV0bN1nM2qW3eR4tT5yU6iI7oO8pP9aS0dF1gG2hH3jJ4kK5lL6zZ7xX8cC9vV0bB1nN2mM3qW4eR5tT6yU7iI8oO9pP0aS1dF2gG3hH4jJ5kK6lL7zZ8xX9cC0vB1nN2mQ3wE4rR5tT6yY7uU8iI9oO0pP1aS2dF3gG4hH5jJ6kK7l4hH5jJ6kK7lL8zX9cV0bN1nM2qW3eR4tT5yU6iI7oO8pP9aS0dF1gG2hH3jJ4kK5lL6z7nB9vR2mX8kLp4QjW3tY5zH1aG6sF9dD0fS8gA7hJ6kL5mN4bV3vC2xZ1oP9iU8uY7tT6rR5eE4wW3qQ2aZ1sX2dC3fV4gB5hN6jM7kL8pO9iU0yT1rE2wQ3aS4dF5gG6hH7jJ8kK9lL0zZ1xX2cC3vV4bB5nN6mM7qQ8wW9eE0rR1tT2yY3uU4iI5oO6pP7aA8sS9dD0fF1gG2hH3jJ4kK5lL6zZ7xX8cC9vV0bB1nN2mM3qW4eR5tT6yU7iI8oO9pP0aS1dF2gG3hH4jJ5kK6lL7zZ8xX9cC0vB1nN2mQ3wE4rR5tT6yY7uU8iI9oO0pP1aS2dF3gG4hH5jJ6kK7lL8zX9cV0bN1nM2qW3eR4tT5yU6iI7oO8pP9aS0dF1gG2hH3jJ4kK5lL6zZ7xX8cC9vV0bB1nN2mM3qW4eR5tT6yU7iI8oO9pP0aS1dF2gG3hH4jJ5kK6lL7zZ8xX9cC0vB1nN2mQ3wE4rR5tT6yY7uU8iI9oO0pP1aS2dF3gG4hH5jJ6kK7lL8zX9cV0bN1nM2qW3eR4tT5yU6iI7oO8pP9aS0dF1gG2hH3jJ4kK5lL6zZ7xX8cC9vV0bB1nN2mM3qW4eR5tT6yU7iI8oO9pP0aS1dF2gG3hH4jJ5kK6lL7zZ8xX9cC0vB1nN2mQ3wE4rR5tT6yY7uU8iI9oO0pP1aS2dF3gG4hH5jJ6kK7lL8zX9cV0bN1nM2qW3eR4tT5yU6iI7oO8pP9aS0dF1gG2hH3jJ4kK5lL6zZ7xX8cC9vV0bB1nN2mM3qW4eR5tT6yU7iI8oO9pP0aS1dF2gG3hH4jJ5kK6lL7zZ8xX9cC0vB1nN2mQ3wE4rR5tT6yY7uU8iI9oO0pP1aS2dF3gG4hH5jJ6kK7lL8zX9cV0bN1nM2qW3eR4tT5yU6iI7oO8pP9aS0dF1gG2hH3jJ4kK5lL6zZ7xX8cC9vV0bB1nN2mM3qW4eR5tT6yU7iI8oO9pP0aS1dF2gG3hH4jJ5kK6lL7zZ8xX9cC0vB1nN2mQ3wE4rR5tT6yY7uU8iI9oO0pP1aS2dF3gG4hH5jJ6kK7l4hH5jJ6kK7lL8zX9cV0bN1nM2qW3eR4tT5yU6iI7oO8pP9aS0dF1gG2hH3jJ4kK5lL6zZ7xX8cC9vV0bB1nN2mM3qW4eR5tT6yU7iI8oO9pP0aS1dF2gG3hH4jJ5kK6lL7zZ8xX9cC0vB1nN2mQ3wE4rR5tT6yY7uU8iI9oO0pP1aS2dF3gG4hH5jJ6kK7lL8zX9cV0bN1nM2qW3eR4tT5yU6iI7oO8pP9aS0dF1gG2hH3jJ4kK5lL6zZ7xX8cC9vV0bB1nN2mM3qW4eR5tT6yU7iI8oO9pP0aS1dF2gG3hH4jJ5kK6lL7zZ8xX9cC0vB1nN2mQ3wE4rR5tT6yY7uU8iI9oO0pP1aS2dF3gG4hH5jJ6kK7l4hH5jJ6kK7lL8zX9cV0bN1nM2qW3eR4tT5yU6iI7oO8pP9aS0dF1gG2hH3jJ4kK5lL6zZ7xX8cC9vV0bB1nN2mM3qW4eR5tT6yU7iI8oO9pP0aS1dF2gG3hH4jJ5kK6lL7zZ8xX9cC0vB1nN2mQ3wE4rR5tT6yY7uU8iI9oO0pP1aS2dF3gG4hH5jJ6kK7lL8zX9cV0bN1nM2qW3eR4tT5yU6iI7oO8pP9aS0dF1gG2hH3jJ4kK5lL6zZ7xX8cC9vV0bB1nN2mM3qW4eR5tT6yU7iI8oO9pP0aS1dF2gG3hH4jJ5kK6lL7zZ8xX9cC0vB1nN2mQ3wE4rR5tT6yY7uU8iI9oO0pP1aS2dF3gG4hH5jJ6kK7l4hH5jJ6kK7lL8zX9cV0bN1nM2qW3eR4tT5yU6iI7oO8pP9aS0dF1gG2hH3jJ4kK5lL6zZ7xX8cC9vV0bB1nN2mM3qW4eR5tT6yU7iI8oO9pP0aS1dF2gG3hH4jJ5kK6lL7zZ8xX9cC0vB1nN2mQ3wE4rR5tT6yY7uU8iI9oO0pP1aS2dF3gG4hH5jJ6kK7lL8zX9cV0bN1nM2qW3eR4tT5yU6iI7oO8pP9aS0dF1gG2hH3jJ4kK5lL6zZ7xX8cC9vV0bB1nN2mM3qW4eR5tT6yU7iI8oO9pP0aS1dF2gG3hH4jJ5kK6lL7zZ8xX9cC0vB1nN2mQ3wE4rR5tT6yY7uU8iI9oO0pP1aS2dF3gG4hH5jJ6kK7l4hH5jJ6kK7lL8zX9cV0bN1nM2qW3eR4tT5yU6iI7oO8pP9aS0dF1gG2hH3jJ4kK5lL6zZ7xX8cC9vV0bB1nN2mM3qW4eR5tT6yU7iI8oO9pP0aS1dF2gG3hH4jJ5kK6lL7zZ8xX9cC0vB1nN2mQ3wE4rR5tT6yY7uU8iI9oO0pP1aS2dF3gG4hH5jJ6kK7lL8zX9cV0bN1nM2qW3eR4tT5yU6iI7oO8pP9aS0dF1gG2hH3jJ4kK5lL6zZ7xX8cC9vV0bB1nN2mM3qW4eR5tT6yU7iI8oO9pP0aS1dF2gG3hH4jJ5kK6lL7zZ8xX9cC0vB1nN2mQ3wE4rR5tT6yY7uU8iI9oO0pP1aS2dF3gG4hH5jJ6kK7l4hH5jJ6kK7lL8zX9cV0bN1nM2qW3eR4tT5yU6iI7oO8pP9aS0dF1gG2hH3jJ4kK5lL6zZ7xX8cC9vV0bB1nN2mM3qW4eR5tT6yU7iI8oO9pP0aS1dF2gG3hH4jJ5kK6lL7zZ8xX9cC0vB1nN2mQ3wE4rR5tT6yY7uU8iI9oO0pP1aS2dF3gG4hH5jJ6kK7lL8zX9cV0bN1nM2qW3eR4tT5yU6iI7oO8pP9aS0dF1gG2hH3jJ4kK5lL6zZ7xX8cC9vV0bB1nN2mM3qW4eR5tT6yU7iI8oO9pP0aS1dF2gG3hH4jJ5kK6lL7zZ8xX9cC0vB1nN2mQ3wE4rR5tT6yY7uU8iI9oO0pP1aS2dF3gG4hH5jJ6kK7l4hH5jJ6kK7lL8zX9cV0bN1nM2qW3eR4tT5yU6iI7oO8pP9aS0dF1gG2hH3jJ4kK5lL6zZ7xX8cC9vV0bB1nN2mM3qW4eR5tT6yU7iI8oO9pP0aS1dF2gG3hH4jJ5kK6lL7zZ8xX9cC0vB1nN2mQ3wE4rR5tT6yY7uU8iI9oO0pP1aS2dF3gG4hH5jJ6kK7lL8zX9cV0bN1nM2qW3eR4tT5yU6iI7oO8pP9aS0dF1gG2hH3jJ4kK5lL6zZ7xX8cC9vV0bB1nN2mM3qW4eR5tT6yU7iI8oO9pP0aS1dF2gG3hH4jJ5kK6lL7zZ8xX9cC0vB1nN2mQ3wE4rR5tT6yY7uU8iI9oO0pP1aS2dF3gG4hH5jJ6kK7l4hH5jJ6kK7lL8zX9cV0bN1nM2qW3eR4tT5yU6iI7oO8pP9aS0dF1gG2hH3jJ4kK5lL6zZ7xX8cC9vV0bB1nN2mM3qW4eR5tT6yU7iI8oO9pP0aS1dF2gG3hH4jJ5kK6lL7zZ8xX9cC0vB1nN2mQ3wE4rR5tT6yY7uU8iI9oO0pP1aS2dF3gG4hH5jJ6kK7lL8zX9cV0bN1nM2qW3eR4tT5yU6iI7oO8pP9aS0dF1gG2hH3jJ4kK5lL6zZ7xX8cC9vV0bB1nN2mM3qW4eR5tT6yU7iI8oO9pP0aS1dF2gG3hH4jJ5kK6lL7zZ8xX9cC0vB1nN2mQ3wE4rR5tT6yY7uU8iI9oO0pP1aS2dF3gG4hH5jJ6kK7l4hH5jJ6kK7lL8zX9cV0bN1nM2qW3eR4tT5yU6iI7oO8pP9aS0dF1gG2hH3jJ4kK5lL6z7nB9vR2mX8kLp4QjW3tY5zH1aG6sF9dD0fS8gA7hJ6kL5mN4bV3vC2xZ1oP9iU8uY7tT6rR5eE4wW3qQ2aZ1sX2dC3fV4gB5hN6jM7kL8pO9iU0yT1rE2wQ3aS4dF5gG6hH7jJ8kK9lL0zZ1xX2cC3vV4bB5nN6mM7qQ8wW9eE0rR1tT2yY3uU4iI5oO6pP7aA8sS9dD0fF1gG2hH3jJ4kK5lL6zZ7xX8cC9vV0bB1nN2mM3qW4eR5tT6yU7iI8oO9pP0aS1dF2gG3hH4jJ5kK6lL7zZ8xX9cC0vB1nN2mQ3wE4rR5tT6yY7uU8iI9oO0pP1aS2dF3gG4hH5jJ6kK7lL8zX9cV0bN1nM2qW3eR4tT5yU6iI7oO8pP9aS0dF1gG2hH3jJ4kK5lL6zZ7xX8cC9vV0bB1nN2mM3qW4eR5tT6yU7iI8oO9pP0aS1dF2gG3hH4jJ5kK6lL7zZ8xX9cC0vB1nN2mQ3wE4rR5tT6yY7uU8iI9oO0pP1aS2dF3gG4hH5jJ6kK7lL8zX9cV0bN1nM2qW3eR4tT5yU6iI7oO8pP9aS0dF1gG2hH3jJ4kK5lL6zZ7xX8cC9vV0bB1nN2mM3qW4eR5tT6yU7iI8oO9pP0aS1dF2gG3hH4jJ5kK6lL7zZ8xX9cC0vB1nN2mQ3wE4rR5tT6yY7uU8iI9oO0pP1aS2dF3gG4hH5jJ6kK7lL8zX9cV0bN1nM2qW3eR4tT5yU6iI7oO8pP9aS0dF1gG2hH3jJ4kK5lL6zZ7xX8cC9vV0bB1nN2mM3qW4eR5tT6yU7iI8oO9pP0aS1dF2gG3hH4jJ5kK6lL7zZ8xX9cC0vB1nN2mQ3wE4rR5tT6yY7uU8iI9oO0pP1aS2dF3gG4hH5jJ6kK7lL8zX9cV0bN1nM2qW3eR4tT5yU6iI7oO8pP9aS0dF1gG2hH3jJ4kK5lL6zZ7xX8cC9vV0bB1nN2mM3qW4eR5tT6yU7iI8oO9pP0aS1dF2gG3hH4jJ5kK6lL7zZ8xX9cC0vB1nN2mQ3wE4rR5tT6yY7uU8iI9oO0pP1aS2dF3gG4hH5jJ6kK7l4hH5jJ6kK7lL8zX9cV0bN1nM2qW3eR4tT5yU6iI7oO8pP9aS0dF1gG2hH3jJ4kK5lL6zZ7xX8cC9vV0bB1nN2mM3qW4eR5tT6yU7iI8oO9pP0aS1dF2gG3hH4jJ5kK6lL7zZ8xX9cC0vB1nN2mQ3wE4rR5tT6yY7uU8iI9oO0pP1aS2dF3gG4hH5jJ6kK7lL8zX9cV0bN1nM2qW3eR4tT5yU6iI7oO8pP9aS0dF1gG2hH3jJ4kK5lL6zZ7xX8cC9vV0bB1nN2mM3qW4eR5tT6yU7iI8oO9pP0aS1dF2gG3hH4jJ5kK6lL7zZ8xX9cC0vB1nN2mQ3wE4rR5tT6yY7uU8iI9oO0pP1aS2dF3gG4hH5jJ6kK7l4hH5jJ6kK7lL8zX9cV0bN1nM2qW3eR4tT5yU6iI7oO8pP9aS0dF1gG2hH3jJ4kK5lL6zZ7xX8cC9vV0bB1nN2mM3qW4eR5tT6yU7iI8oO9pP0aS1dF2gG3hH4jJ5kK6lL7zZ8xX9cC0vB1nN2mQ3wE4rR5tT6yY7uU8iI9oO0pP1aS2dF3gG4hH5jJ6kK7lL8zX9cV0bN1nM2qW3eR4tT5yU6iI7oO8pP9aS0dF1gG2hH3jJ4kK5lL6zZ7xX8cC9vV0bB1nN2mM3qW4eR5tT6yU7iI8oO9pP0aS1dF2gG3hH4jJ5kK6lL7zZ8xX9cC0vB1nN2mQ3wE4rR5tT6yY7uU8iI9oO0pP1aS2dF3gG4hH5jJ6kK7l4hH5jJ6kK7lL8zX9cV0bN1nM2qW3eR4tT5yU6iI7oO8pP9aS0dF1gG2hH3jJ4kK5lL6zZ7xX8cC9vV0bB1nN2mM3qW4eR5tT6yU7iI8oO9pP0aS1dF2gG3hH4jJ5kK6lL7zZ8xX9cC0vB1nN2mQ3wE4rR5tT6yY7uU8iI9oO0pP1aS2dF3gG4hH5jJ6kK7lL8zX9cV0bN1nM2qW3eR4tT5yU6iI7oO8pP9aS0dF1gG2hH3jJ4kK5lL6zZ7xX8cC9vV0bB1nN2mM3qW4eR5tT6yU7iI8oO9pP0aS1dF2gG3hH4jJ5kK6lL7zZ8xX9cC0vB1nN2mQ3wE4rR5tT6yY7uU8iI9oO0pP1aS2dF3gG4hH5jJ6kK7l4hH5jJ6kK7lL8zX9cV0bN1nM2qW3eR4tT5yU6iI7oO8pP9aS0dF1gG2hH3jJ4kK5lL6zZ7xX8cC9vV0bB1nN2mM3qW4eR5tT6yU7iI8oO9pP0aS1dF2gG3hH4jJ5kK6lL7zZ8xX9cC0vB1nN2mQ3wE4rR5tT6yY7uU8iI9oO0pP1aS2dF3gG4hH5jJ6kK7lL8zX9cV0bN1nM2qW3eR4tT5yU6iI7oO8pP9aS0dF1gG2hH3jJ4kK5lL6zZ7xX8cC9vV0bB1nN2mM3qW4eR5tT6yU7iI8oO9pP0aS1dF2gG3hH4jJ5kK6lL7zZ8xX9cC0vB1nN2mQ3wE4rR5tT6yY7uU8iI9oO0pP1aS2dF3gG4hH5jJ6kK7l4hH5jJ6kK7lL8zX9cV0bN1nM2qW3eR4tT5yU6iI7oO8pP9aS0dF1gG2hH3jJ4kK5lL6zZ7xX8cC9vV0bB1nN2mM3qW4eR5tT6yU7iI8oO9pP0aS1dF2gG3hH4jJ5kK6lL7zZ8xX9cC0vB1nN2mQ3wE4rR5tT6yY7uU8iI9oO0pP1aS2dF3gG4hH5jJ6kK7lL8zX9cV0bN1nM2qW3eR4tT5yU6iI7oO8pP9aS0dF1gG2hH3jJ4kK5lL6zZ7xX8cC9vV0bB1nN2mM3qW4eR5tT6yU7iI8oO9pP0aS1dF2gG3hH4jJ5kK6lL7zZ8xX9cC0vB1nN2mQ3wE4rR5tT6yY7uU8iI9oO0pP1aS2dF3gG4hH5jJ6kK7l4hH5jJ6kK7lL8zX9cV0bN1nM2qW3eR4tT5yU6iI7oO8pP9aS0dF1gG2hH3jJ4kK5lL6zZ7xX8cC9vV0bB1nN2mM3qW4eR5tT6yU7iI8oO9pP0aS1dF2gG3hH4jJ5kK6lL7zZ8xX9cC0vB1nN2mQ3wE4rR5tT6yY7uU8iI9oO0pP1aS2dF3gG4hH5jJ6kK7lL8zX9cV0bN1nM2qW3eR4tT5yU6iI7oO8pP9aS0dF1gG2hH3jJ4kK5lL6zZ7xX8cC9vV0bB1nN2mM3qW4eR5tT6yU7iI8oO9pP0aS1dF2gG3hH4jJ5kK6lL7zZ8xX9cC0vB1nN2mQ3wE4rR5tT6yY7uU8iI9oO0pP1aS2dF3gG4hH5jJ6kK7l4hH5jJ6kK7lL8zX9cV0bN1nM2qW3eR4tT5yU6iI7oO8pP9aS0dF1gG2hH3jJ4kK5lL6zZ7xX8cC9vV0bB1nN2mM3qW4eR5tT6yU7iI8oO9pP0aS1dF2gG3hH4jJ5kK6lL7zZ8xX9cC0vB1nN2mQ3wE4rR5tT6yY7uU8iI9oO0pP1aS2dF3gG4hH5jJ6kK7lL8zX9cV0bN1nM2qW3eR4tT5yU6iI7oO8pP9aS0dF1gG2hH3jJ4kK5lL6zZ7xX8cC9vV0bB1nN2mM3qW4eR5tT6yU7iI8oO9pP0aS1dF2gG3hH4jJ5kK6lL7zZ8xX9cC0vB1nN2mQ3wE4rR5tT6yY7uU8iI9oO0pP1aS2dF3gG4hH5jJ6kK7l4hH5jJ6kK7lL8zX9cV0bN1nM2qW3eR4tT5yU6iI7oO8pP9aS0dF1gG2hH3jJ4kK5lL6z7nB9vR2mX8kLp4QjW3tY5zH1aG6sF9dD0fS8gA7hJ6kL5mN4bV3vC2xZ1oP9iU8uY7tT6rR5eE4wW3qQ2aZ1sX2dC3fV4gB5hN6jM7kL8pO9iU0yT1rE2wQ3aS4dF5gG6hH7jJ8kK9lL0zZ1xX2cC3vV4bB5nN6mM7qQ8wW9eE0rR1tT2yY3uU4iI5oO6pP7aA8sS9dD0fF1gG2hH3jJ4kK5lL6zZ7xX8cC9vV0bB1nN2mM3qW4eR5tT6yU7iI8oO9pP0aS1dF2gG3hH4jJ5kK6lL7zZ8xX9cC0vB1nN2mQ3wE4rR5tT6yY7uU8iI9oO0pP1aS2dF3gG4hH5jJ6kK7lL8zX9cV0bN1nM2qW3eR4tT5yU6iI7oO8pP9aS0dF1gG2hH3jJ4kK5lL6zZ7xX8cC9vV0bB1nN2mM3qW4eR5tT6yU7iI8oO9pP0aS1dF2gG3hH4jJ5kK6lL7zZ8xX9cC0vB1nN2mQ3wE4rR5tT6yY7uU8iI9oO0pP1aS2dF3gG4hH5jJ6kK7lL8zX9cV0bN1nM2qW3eR4tT5yU6iI7oO8pP9aS0dF1gG2hH3jJ4kK5lL6zZ7xX8cC9vV0bB1nN2mM3qW4eR5tT6yU7iI8oO9pP0aS1dF2gG3hH4jJ5kK6lL7zZ8xX9cC0vB1nN2mQ3wE4rR5tT6yY7uU8iI9oO0pP1aS2dF3gG4hH5jJ6kK7lL8zX9cV0bN1nM2qW3eR4tT5yU6iI7oO8pP9aS0dF1gG2hH3jJ4kK5lL6zZ7xX8cC9vV0bB1nN2mM3qW4eR5tT6yU7iI8oO9pP0aS1dF2gG3hH4jJ5kK6lL7zZ8xX9cC0vB1nN2mQ3wE4rR5tT6yY7uU8iI9oO0pP1aS2dF3gG4hH5jJ6kK7lL8zX9cV0bN1nM2qW3eR4tT5yU6iI7oO8pP9aS0dF1gG2hH3jJ4kK5lL6zZ7xX8cC9vV0bB1nN2mM3qW4eR5tT6yU7iI8oO9pP0aS1dF2gG3hH4jJ5kK6lL7zZ8xX9cC0vB1nN2mQ3wE4rR5tT6yY7uU8iI9oO0pP1aS2dF3gG4hH5jJ6kK7l4hH5jJ6kK7lL8zX9cV0bN1nM2qW3eR4tT5yU6iI7oO8pP9aS0dF1gG2hH3jJ4kK5lL6zZ7xX8cC9vV0bB1nN2mM3qW4eR5tT6yU7iI8oO9pP0aS1dF2gG3hH4jJ5kK6lL7zZ8xX9cC0vB1nN2mQ3wE4rR5tT6yY7uU8iI9oO0pP1aS2dF3gG4hH5jJ6kK7lL8zX9cV0bN1nM2qW3eR4tT5yU6iI7oO8pP9aS0dF1gG2hH3jJ4kK5lL6zZ7xX8cC9vV0bB1nN2mM3qW4eR5tT6yU7iI8oO9pP0aS1dF2gG3hH4jJ5kK6lL7zZ8xX9cC0vB1nN2mQ3wE4rR5tT6yY7uU8iI9oO0pP1aS2dF3gG4hH5jJ6kK7l4hH5jJ6kK7lL8zX9cV0bN1nM2qW3eR4tT5yU6iI7oO8pP9aS0dF1gG2hH3jJ4kK5lL6zZ7xX8cC9vV0bB1nN2mM3qW4eR5tT6yU7iI8oO9pP0aS1dF2gG3hH4jJ5kK6lL7zZ8xX9cC0vB1nN2mQ3wE4rR5tT6yY7uU8iI9oO0pP1aS2dF3gG4hH5jJ6kK7lL8zX9cV0bN1nM2qW3eR4tT5yU6iI7oO8pP9aS0dF1gG2hH3jJ4kK5lL6zZ7xX8cC9vV0bB1nN2mM3qW4eR5tT6yU7iI8oO9pP0aS1dF2gG3hH4jJ5kK6lL7zZ8xX9cC0vB1nN2mQ3wE4rR5tT6yY7uU8iI9oO0pP1aS2dF3gG4hH5jJ6kK7l4hH5jJ6kK7lL8zX9cV0bN1nM2qW3eR4tT5yU6iI7oO8pP9aS0dF1gG2hH3jJ4kK5lL6zZ7xX8cC9vV0bB1nN2mM3qW4eR5tT6yU7iI8oO9pP0aS1dF2gG3hH4jJ5kK6lL7zZ8xX9cC0vB1nN2mQ3wE4rR5tT6yY7uU8iI9oO0pP1aS2dF3gG4hH5jJ6kK7lL8zX9cV0bN1nM2qW3eR4tT5yU6iI7oO8pP9aS0dF1gG2hH3jJ4kK5lL6zZ7xX8cC9vV0bB1nN2mM3qW4eR5tT6yU7iI8oO9pP0aS1dF2gG3hH4jJ5kK6lL7zZ8xX9cC0vB1nN2mQ3wE4rR5tT6yY7uU8iI9oO0pP1aS2dF3gG4hH5jJ6kK7l4hH5jJ6kK7lL8zX9cV0bN1nM2qW3eR4tT5yU6iI7oO8pP9aS0dF1gG2hH3jJ4kK5lL6zZ7xX8cC9vV0bB1nN2mM3qW4eR5tT6yU7iI8oO9pP0aS1dF2gG3hH4jJ5kK6lL7zZ8xX9cC0vB1nN2mQ3wE4rR5tT6yY7uU8iI9oO0pP1aS2dF3gG4hH5jJ6kK7lL8zX9cV0bN1nM2qW3eR4tT5yU6iI7oO8pP9aS0dF1gG2hH3jJ4kK5lL6zZ7xX8cC9vV0bB1nN2mM3qW4eR5tT6yU7iI8oO9pP0aS1dF2gG3hH4jJ5kK6lL7zZ8xX9cC0vB1nN2mQ3wE4rR5tT6yY7uU8iI9oO0pP1aS2dF3gG4hH5jJ6kK7l4hH5jJ6kK7lL8zX9cV0bN1nM2qW3eR4tT5yU6iI7oO8pP9aS0dF1gG2hH3jJ4kK5lL6zZ7xX8cC9vV0bB1nN2mM3qW4eR5tT6yU7iI8oO9pP0aS1dF2gG3hH4jJ5kK6lL7zZ8xX9cC0vB1nN2mQ3wE4rR5tT6yY7uU8iI9oO0pP1aS2dF3gG4hH5jJ6kK7lL8zX9cV0bN1nM2qW3eR4tT5yU6iI7oO8pP9aS0dF1gG2hH3jJ4kK5lL6zZ7xX8cC9vV0bB1nN2mM3qW4eR5tT6yU7iI8oO9pP0aS1dF2gG3hH4jJ5kK6lL7zZ8xX9cC0vB1nN2mQ3wE4rR5tT6yY7uU8iI9oO0pP1aS2dF3gG4hH5jJ6kK7l4hH5jJ6kK7lL8zX9cV0bN1nM2qW3eR4tT5yU6iI7oO8pP9aS0dF1gG2hH3jJ4kK5lL6zZ7xX8cC9vV0bB1nN2mM3qW4eR5tT6yU7iI8oO9pP0aS1dF2gG3hH4jJ5kK6lL7zZ8xX9cC0vB1nN2mQ3wE4rR5tT6yY7uU8iI9oO0pP1aS2dF3gG4hH5jJ6kK7lL8zX9cV0bN1nM2qW3eR4tT5yU6iI7oO8pP9aS0dF1gG2hH3jJ4kK5lL6zZ7xX8cC9vV0bB1nN2mM3qW4eR5tT6yU7iI8oO9pP0aS1dF2gG3hH4jJ5kK6lL7zZ8xX9cC0vB1nN2mQ3wE4rR5tT6yY7uU8iI9oO0pP1aS2dF3gG4hH5jJ6kK7l4hH5jJ6kK7lL8zX9cV0bN1nM2qW3eR4tT5yU6iI7oO8pP9aS0dF1gG2hH3jJ4kK5lL6zZ7xX8cC9vV0bB1nN2mM3qW4eR5tT6yU7iI8oO9pP0aS1dF2gG3hH4jJ5kK6lL7zZ8xX9cC0vB1nN2mQ3wE4rR5tT6yY7uU8iI9oO0pP1aS2dF3gG4hH5jJ6kK7lL8zX9cV0bN1nM2qW3eR4tT5yU6iI7oO8pP9aS0dF1gG2hH3jJ4kK5lL6zZ7xX8cC9vV0bB1nN2mM3qW4eR5tT6yU7iI8oO9pP0aS1dF2gG3hH4jJ5kK6lL7zZ8xX9cC0vB1nN2mQ3wE4rR5tT6yY7uU8iI9oO0pP1aS2dF3gG4hH5jJ6kK7l4hH5jJ6kK7lL8zX9cV0bN1nM2qW3eR4tT5yU6iI7oO8pP9aS0dF1gG2hH3jJ4kK5lL6z7nB9vR2mX8kLp4QjW3tY5zH1aG6sF9dD0fS8gA7hJ6kL5mN4bV3vC2xZ1oP9iU8uY7tT6rR5eE4wW3qQ2aZ1sX2dC3fV4gB5hN6jM7kL8pO9iU0yT1rE2wQ3aS4dF5gG6hH7jJ8kK9lL0zZ1xX2cC3vV4bB5nN6mM7qQ8wW9eE0rR1tT2yY3uU4iI5oO6pP7aA8sS9dD0fF1gG2hH3jJ4kK5lL6zZ7xX8cC9vV0bB1nN2mM3qW4eR5tT6yU7iI8oO9pP0aS1dF2gG3hH4jJ5kK6lL7zZ8xX9cC0vB1nN2mQ3wE4rR5tT6yY7uU8iI9oO0pP1aS2dF3gG4hH5jJ6kK7lL8zX9cV0bN1nM2qW3eR4tT5yU6iI7oO8pP9aS0dF1gG2hH3jJ4kK5lL6zZ7xX8cC9vV0bB1nN2mM3qW4eR5tT6yU7iI8oO9pP0aS1dF2gG3hH4jJ5kK6lL7zZ8xX9cC0vB1nN2mQ3wE4rR5tT6yY7uU8iI9oO0pP1aS2dF3gG4hH5jJ6kK7lL8zX9cV0bN1nM2qW3eR4tT5yU6iI7oO8pP9aS0dF1gG2hH3jJ4kK5lL6zZ7xX8cC9vV0bB1nN2mM3qW4eR5tT6yU7iI8oO9pP0aS1dF2gG3hH4jJ5kK6lL7zZ8xX9cC0vB1nN2mQ3wE4rR5tT6yY7uU8iI9oO0pP1aS2dF3gG4hH5jJ6kK7lL8zX9cV0bN1nM2qW3eR4tT5yU6iI7oO8pP9aS0dF1gG2hH3jJ4kK5lL6zZ7xX8cC9vV0bB1nN2mM3qW4eR5tT6yU7iI8oO9pP0aS1dF2gG3hH4jJ5kK6lL7zZ8xX9cC0vB1nN2mQ3wE4rR5tT6yY7uU8iI9oO0pP1aS2dF3gG4hH5jJ6kK7lL8zX9cV0bN1nM2qW3eR4tT5yU6iI7oO8pP9aS0dF1gG2hH3jJ4kK5lL6zZ7xX8cC9vV0bB1nN2mM3qW4eR5tT6yU7iI8oO9pP0aS1dF2gG3hH4jJ5kK6lL7zZ8xX9cC0vB1nN2mQ3wE4rR5tT6yY7uU8iI9oO0pP1aS2dF3gG4hH5jJ6kK7l4hH5jJ6kK7lL8zX9cV0bN1nM2qW3eR4tT5yU6iI7oO8pP9aS0dF1gG2hH3jJ4kK5lL6zZ7xX8cC9vV0bB1nN2mM3qW4eR5tT6yU7iI8oO9pP0aS1dF2gG3hH4jJ5kK6lL7zZ8xX9cC0vB1nN2mQ3wE4rR5tT6yY7uU8iI9oO0pP1aS2dF3gG4hH5jJ6kK7lL8zX9cV0bN1nM2qW3eR4tT5yU6iI7oO8pP9aS0dF1gG2hH3jJ4kK5lL6zZ7xX8cC9vV0bB1nN2mM3qW4eR5tT6yU7iI8oO9pP0aS1dF2gG3hH4jJ5kK6lL7zZ8xX9cC0vB1nN2mQ3wE4rR5tT6yY7uU8iI9oO0pP1aS2dF3gG4hH5jJ6kK7l4hH5jJ6kK7lL8zX9cV0bN1nM2qW3eR4tT5yU6iI7oO8pP9aS0dF1gG2hH3jJ4kK5lL6zZ7xX8cC9vV0bB1nN2mM3qW4eR5tT6yU7iI8oO9pP0aS1dF2gG3hH4jJ5kK6lL7zZ8xX9cC0vB1nN2mQ3wE4rR5tT6yY7uU8iI9oO0pP1aS2dF3gG4hH5jJ6kK7lL8zX9cV0bN1nM2qW3eR4tT5yU6iI7oO8pP9aS0dF1gG2hH3jJ4kK5lL6zZ7xX8cC9vV0bB1nN2mM3qW4eR5tT6yU7iI8oO9pP0aS1dF2gG3hH4jJ5kK6lL7zZ8xX9cC0vB1nN2mQ3wE4rR5tT6yY7uU8iI9oO0pP1aS2dF3gG4hH5jJ6kK7l4hH5jJ6kK7lL8zX9cV0bN1nM2qW3eR4tT5yU6iI7oO8pP9aS0dF1gG2hH3jJ4kK5lL6zZ7xX8cC9vV0bB1nN2mM3qW4eR5tT6yU7iI8oO9pP0aS1dF2gG3hH4jJ5kK6lL7zZ8xX9cC0vB1nN2mQ3wE4rR5tT6yY7uU8iI9oO0pP1aS2dF3gG4hH5jJ6kK7lL8zX9cV0bN1nM2qW3eR4tT5yU6iI7oO8pP9aS0dF1gG2hH3jJ4kK5lL6zZ7xX8cC9vV0bB1nN2mM3qW4eR5tT6yU7iI8oO9pP0aS1dF2gG3hH4jJ5kK6lL7zZ8xX9cC0vB1nN2mQ3wE4rR5tT6yY7uU8iI9oO0pP1aS2dF3gG4hH5jJ6kK7l4hH5jJ6kK7lL8zX9cV0bN1nM2qW3eR4tT5yU6iI7oO8pP9aS0dF1gG2hH3jJ4kK5lL6zZ7xX8cC9vV0bB1nN2mM3qW4eR5tT6yU7iI8oO9pP0aS1dF2gG3hH4jJ5kK6lL7zZ8xX9cC0vB1nN2mQ3wE4rR5tT6yY7uU8iI9oO0pP1aS2dF3gG4hH5jJ6kK7lL8zX9cV0bN1nM2qW3eR4tT5yU6iI7oO8pP9aS0dF1gG2hH3jJ4kK5lL6zZ7xX8cC9vV0bB1nN2mM3qW4eR5tT6yU7iI8oO9pP0aS1dF2gG3hH4jJ5kK6lL7zZ8xX9cC0vB1nN2mQ3wE4rR5tT6yY7uU8iI9oO0pP1aS2dF3gG4hH5jJ6kK7l4hH5jJ6kK7lL8zX9cV0bN1nM2qW3eR4tT5yU6iI7oO8pP9aS0dF1gG2hH3jJ4kK5lL6zZ7xX8cC9vV0bB1nN2mM3qW4eR5tT6yU7iI8oO9pP0aS1dF2gG3hH4jJ5kK6lL7zZ8xX9cC0vB1nN2mQ3wE4rR5tT6yY7uU8iI9oO0pP1aS2dF3gG4hH5jJ6kK7lL8zX9cV0bN1nM2qW3eR4tT5yU6iI7oO8pP9aS0dF1gG2hH3jJ4kK5lL6zZ7xX8cC9vV0bB1nN2mM3qW4eR5tT6yU7iI8oO9pP0aS1dF2gG3hH4jJ5kK6lL7zZ8xX9cC0vB1nN2mQ3wE4rR5tT6yY7uU8iI9oO0pP1aS2dF3gG4hH5jJ6kK7l4hH5jJ6kK7lL8zX9cV0bN1nM2qW3eR4tT5yU6iI7oO8pP9aS0dF1gG2hH3jJ4kK5lL6zZ7xX8cC9vV0bB1nN2mM3qW4eR5tT6yU7iI8oO9pP0aS1dF2gG3hH4jJ5kK6lL7zZ8xX9cC0vB1nN2mQ3wE4rR5tT6yY7uU8iI9oO0pP1aS2dF3gG4hH5jJ6kK7lL8zX9cV0bN1nM2qW3eR4tT5yU6iI7oO8pP9aS0dF1gG2hH3jJ4kK5lL6zZ7xX8cC9vV0bB1nN2mM3qW4eR5tT6yU7iI8oO9pP0aS1dF2gG3hH4jJ5kK6lL7zZ8xX9cC0vB1nN2mQ3wE4rR5tT6yY7uU8iI9oO0pP1aS2dF3gG4hH5jJ6kK7l4hH5jJ6kK7lL8zX9cV0bN1nM2qW3eR4tT5yU6iI7oO8pP9aS0dF1gG2hH3jJ4kK5lL6zZ7xX8cC9vV0bB1nN2mM3qW4eR5tT6yU7iI8oO9pP0aS1dF2gG3hH4jJ5kK6lL7zZ8xX9cC0vB1nN2mQ3wE4rR5tT6yY7uU8iI9oO0pP1aS2dF3gG4hH5jJ6kK7lL8zX9cV0bN1nM2qW3eR4tT5yU6iI7oO8pP9aS0dF1gG2hH3jJ4kK5lL6zZ7xX8cC9vV0bB1nN2mM3qW4eR5tT6yU7iI8oO9pP0aS1dF2gG3hH4jJ5kK6lL7zZ8xX9cC0vB1nN2mQ3wE4rR5tT6yY7uU8iI9oO0pP1aS2dF3gG4hH5jJ6kK7l4hH5jJ6kK7lL8zX9cV0bN1nM2qW3eR4tT5yU6iI7oO8pP9aS0dF1gG2hH3jJ4kK5lL6z7nB9vR2mX8kLp4QjW3tY5zH1aG6sF9dD0fS8gA7hJ6kL5mN4bV3vC2xZ1oP9iU8uY7tT6rR5eE4wW3qQ2aZ1sX2dC3fV4gB5hN6jM7kL8pO9iU0yT1rE2wQ3aS4dF5gG6hH7jJ8kK9lL0zZ1xX2cC3vV4bB5nN6mM7qQ8wW9eE0rR1tT2yY3uU4iI5oO6pP7aA8sS9dD0fF1gG2hH3jJ4kK5lL6zZ7xX8cC9vV0bB1nN2mM3qW4eR5tT6yU7iI8oO9pP0aS1dF2gG3hH4jJ5kK6lL7zZ8xX9cC0vB1nN2mQ3wE4rR5tT6yY7uU8iI9oO0pP1aS2dF3gG4hH5jJ6kK7lL8zX9cV0bN1nM2qW3eR4tT5yU6iI7oO8pP9aS0dF1gG2hH3jJ4kK5lL6zZ7xX8cC9vV0bB1nN2mM3qW4eR5tT6yU7iI8oO9pP0aS1dF2gG3hH4jJ5kK6lL7zZ8xX9cC0vB1nN2mQ3wE4rR5tT6yY7uU8iI9oO0pP1aS2dF3gG4hH5jJ6kK7lL8zX9cV0bN1nM2qW3eR4tT5yU6iI7oO8pP9aS0dF1gG2hH3jJ4kK5lL6zZ7xX8cC9vV0bB1nN2mM3qW4eR5tT6yU7iI8oO9pP0aS1dF2gG3hH4jJ5kK6lL7zZ8xX9cC0vB1nN2mQ3wE4rR5tT6yY7uU8iI9oO0pP1aS2dF3gG4hH5jJ6kK7lL8zX9cV0bN1nM2qW3eR4tT5yU6iI7oO8pP9aS0dF1gG2hH3jJ4kK5lL6zZ7xX8cC9vV0bB1nN2mM3qW4eR5tT6yU7iI8oO9pP0aS1dF2gG3hH4jJ5kK6lL7zZ8xX9cC0vB1nN2mQ3wE4rR5tT6yY7uU8iI9oO0pP1aS2dF3gG4hH5jJ6kK7lL8zX9cV0bN1nM2qW3eR4tT5yU6iI7oO8pP9aS0dF1gG2hH3jJ4kK5lL6zZ7xX8cC9vV0bB1nN2mM3qW4eR5tT6yU7iI8oO9pP0aS1dF2gG3hH4jJ5kK6lL7zZ8xX9cC0vB1nN2mQ3wE4rR5tT6yY7uU8iI9oO0pP1aS2dF3gG4hH5jJ6kK7l4hH5jJ6kK7lL8zX9cV0bN1nM2qW3eR4tT5yU6iI7oO8pP9aS0dF1gG2hH3jJ4kK5lL6zZ7xX8cC9vV0bB1nN2mM3qW4eR5tT6yU7iI8oO9pP0aS1dF2gG3hH4jJ5kK6lL7zZ8xX9cC0vB1nN2mQ3wE4rR5tT6yY7uU8iI9oO0pP1aS2dF3gG4hH5jJ6kK7lL8zX9cV0bN1nM2qW3eR4tT5yU6iI7oO8pP9aS0dF1gG2hH3jJ4kK5lL6zZ7xX8cC9vV0bB1nN2mM3qW4eR5tT6yU7iI8oO9pP0aS1dF2gG3hH4jJ5kK6lL7zZ8xX9cC0vB1nN2mQ3wE4rR5tT6yY7uU8iI9oO0pP1aS2dF3gG4hH5jJ6kK7l4hH5jJ6kK7lL8zX9cV0bN1nM2qW3eR4tT5yU6iI7oO8pP9aS0dF1gG2hH3jJ4kK5lL6zZ7xX8cC9vV0bB1nN2mM3qW4eR5tT6yU7iI8oO9pP0aS1dF2gG3hH4jJ5kK6lL7zZ8xX9cC0vB1nN2mQ3wE4rR5tT6yY7uU8iI9oO0pP1aS2dF3gG4hH5jJ6kK7lL8zX9cV0bN1nM2qW3eR4tT5yU6iI7oO8pP9aS0dF1gG2hH3jJ4kK5lL6zZ7xX8cC9vV0bB1nN2mM3qW4eR5tT6yU7iI8oO9pP0aS1dF2gG3hH4jJ5kK6lL7zZ8xX9cC0vB1nN2mQ3wE4rR5tT6yY7uU8iI9oO0pP1aS2dF3gG4hH5jJ6kK7l4hH5jJ6kK7lL8zX9cV0bN1nM2qW3eR4tT5yU6iI7oO8pP9aS0dF1gG2hH3jJ4kK5lL6zZ7xX8cC9vV0bB1nN2mM3qW4eR5tT6yU7iI8oO9pP0aS1dF2gG3hH4jJ5kK6lL7zZ8xX9cC0vB1nN2mQ3wE4rR5tT6yY7uU8iI9oO0pP1aS2dF3gG4hH5jJ6kK7lL8zX9cV0bN1nM2qW3eR4tT5yU6iI7oO8pP9aS0dF1gG2hH3jJ4kK5lL6zZ7xX8cC9vV0bB1nN2mM3qW4eR5tT6yU7iI8oO9pP0aS1dF2gG3hH4jJ5kK6lL7zZ8xX9cC0vB1nN2mQ3wE4rR5tT6yY7uU8iI9oO0pP1aS2dF3gG4hH5jJ6kK7l4hH5jJ6kK7lL8zX9cV0bN1nM2qW3eR4tT5yU6iI7oO8pP9aS0dF1gG2hH3jJ4kK5lL6zZ7xX8cC9vV0bB1nN2mM3qW4eR5tT6yU7iI8oO9pP0aS1dF2gG3hH4jJ5kK6lL7zZ8xX9cC0vB1nN2mQ3wE4rR5tT6yY7uU8iI9oO0pP1aS2dF3gG4hH5jJ6kK7lL8zX9cV0bN1nM2qW3eR4tT5yU6iI7oO8pP9aS0dF1gG2hH3jJ4kK5lL6zZ7xX8cC9vV0bB1nN2mM3qW4eR5tT6yU7iI8oO9pP0aS1dF2gG3hH4jJ5kK6lL7zZ8xX9cC0vB1nN2mQ3wE4rR5tT6yY7uU8iI9oO0pP1aS2dF3gG4hH5jJ6kK7l4hH5jJ6kK7lL8zX9cV0bN1nM2qW3eR4tT5yU6iI7oO8pP9aS0dF1gG2hH3jJ4kK5lL6zZ7xX8cC9vV0bB1nN2mM3qW4eR5tT6yU7iI8oO9pP0aS1dF2gG3hH4jJ5kK6lL7zZ8xX9cC0vB1nN2mQ3wE4rR5tT6yY7uU8iI9oO0pP1aS2dF3gG4hH5jJ6kK7lL8zX9cV0bN1nM2qW3eR4tT5yU6iI7oO8pP9aS0dF1gG2hH3jJ4kK5lL6zZ7xX8cC9vV0bB1nN2mM3qW4eR5tT6yU7iI8oO9pP0aS1dF2gG3hH4jJ5kK6lL7zZ8xX9cC0vB1nN2mQ3wE4rR5tT6yY7uU8iI9oO0pP1aS2dF3gG4hH5jJ6kK7l4hH5jJ6kK7lL8zX9cV0bN1nM2qW3eR4tT5yU6iI7oO8pP9aS0dF1gG2hH3jJ4kK5lL6zZ7xX8cC9vV0bB1nN2mM3qW4eR5tT6yU7iI8oO9pP0aS1dF2gG3hH4jJ5kK6lL7zZ8xX9cC0vB1nN2mQ3wE4rR5tT6yY7uU8iI9oO0pP1aS2dF3gG4hH5jJ6kK7lL8zX9cV0bN1nM2qW3eR4tT5yU6iI7oO8pP9aS0dF1gG2hH3jJ4kK5lL6zZ7xX8cC9vV0bB1nN2mM3qW4eR5tT6yU7iI8oO9pP0aS1dF2gG3hH4jJ5kK6lL7zZ8xX9cC0vB1nN2mQ3wE4rR5tT6yY7uU8iI9oO0pP1aS2dF3gG4hH5jJ6kK7l4hH5jJ6kK7lL8zX9cV0bN1nM2qW3eR4tT5yU6iI7oO8pP9aS0dF1gG2hH3jJ4kK5lL6zZ7xX8cC9vV0bB1nN2mM3qW4eR5tT6yU7iI8oO9pP0aS1dF2gG3hH4jJ5kK6lL7zZ8xX9cC0vB1nN2mQ3wE4rR5tT6yY7uU8iI9oO0pP1aS2dF3gG4hH5jJ6kK7lL8zX9cV0bN1nM2qW3eR4tT5yU6iI7oO8pP9aS0dF1gG2hH3jJ4kK5lL6zZ7xX8cC9vV0bB1nN2mM3qW4eR5tT6yU7iI8oO9pP0aS1dF2gG3hH4jJ5kK6lL7zZ8xX9cC0vB1nN2mQ3wE4rR5tT6yY7uU8iI9oO0pP1aS2dF3gG4hH5jJ6kK7l4hH5jJ6kK7lL8zX9cV0bN1nM2qW3eR4tT5yU6iI7oO8pP9aS0dF1gG2hH3jJ4kK5lL6z7nB9vR2mX8kLp4QjW3tY5zH1aG6sF9dD0fS8gA7hJ6kL5mN4bV3vC2xZ1oP9iU8uY7tT6rR5eE4wW3qQ2aZ1sX2dC3fV4gB5hN6jM7kL8pO9iU0yT1rE2wQ3aS4dF5gG6hH7jJ8kK9lL0zZ1xX2cC3vV4bB5nN6mM7qQ8wW9eE0rR1tT2yY3uU4iI5oO6pP7aA8sS9dD0fF1gG2hH3jJ4kK5lL6zZ7xX8cC9vV0bB1nN2mM3qW4eR5tT6yU7iI8oO9pP0aS1dF2gG3hH4jJ5kK6lL7zZ8xX9cC0vB1nN2mQ3wE4rR5tT6yY7uU8iI9oO0pP1aS2dF3gG4hH5jJ6kK7lL8zX9cV0bN1nM2qW3eR4tT5yU6iI7oO8pP9aS0dF1gG2hH3jJ4kK5lL6zZ7xX8cC9vV0bB1nN2mM3qW4eR5tT6yU7iI8oO9pP0aS1dF2gG3hH4jJ5kK6lL7zZ8xX9cC0vB1nN2mQ3wE4rR5tT6yY7uU8iI9oO0pP1aS2dF3gG4hH5jJ6kK7lL8zX9cV0bN1nM2qW3eR4tT5yU6iI7oO8pP9aS0dF1gG2hH3jJ4kK5lL6zZ7xX8cC9vV0bB1nN2mM3qW4eR5tT6yU7iI8oO9pP0aS1dF2gG3hH4jJ5kK6lL7zZ8xX9cC0vB1nN2mQ3wE4rR5tT6yY7uU8iI9oO0pP1aS2dF3gG4hH5jJ6kK7lL8zX9cV0bN1nM2qW3eR4tT5yU6iI7oO8pP9aS0dF1gG2hH3jJ4kK5lL6zZ7xX8cC9vV0bB1nN2mM3qW4eR5tT6yU7iI8oO9pP0aS1dF2gG3hH4jJ5kK6lL7zZ8xX9cC0vB1nN2mQ3wE4rR5tT6yY7uU8iI9oO0pP1aS2dF3gG4hH5jJ6kK7lL8zX9cV0bN1nM2qW3eR4tT5yU6iI7oO8pP9aS0dF1gG2hH3jJ4kK5lL6zZ7xX8cC9vV0bB1nN2mM3qW4eR5tT6yU7iI8oO9pP0aS1dF2gG3hH4jJ5kK6lL7zZ8xX9cC0vB1nN2mQ3wE4rR5tT6yY7uU8iI9oO0pP1aS2dF3gG4hH5jJ6kK7l4hH5jJ6kK7lL8zX9cV0bN1nM2qW3eR4tT5yU6iI7oO8pP9aS0dF1gG2hH3jJ4kK5lL6zZ7xX8cC9vV0bB1nN2mM3qW4eR5tT6yU7iI8oO9pP0aS1dF2gG3hH4jJ5kK6lL7zZ8xX9cC0vB1nN2mQ3wE4rR5tT6yY7uU8iI9oO0pP1aS2dF3gG4hH5jJ6kK7lL8zX9cV0bN1nM2qW3eR4tT5yU6iI7oO8pP9aS0dF1gG2hH3jJ4kK5lL6zZ7xX8cC9vV0bB1nN2mM3qW4eR5tT6yU7iI8oO9pP0aS1dF2gG3hH4jJ5kK6lL7zZ8xX9cC0vB1nN2mQ3wE4rR5tT6yY7uU8iI9oO0pP1aS2dF3gG4hH5jJ6kK7l4hH5jJ6kK7lL8zX9cV0bN1nM2qW3eR4tT5yU6iI7oO8pP9aS0dF1gG2hH3jJ4kK5lL6zZ7xX8cC9vV0bB1nN2mM3qW4eR5tT6yU7iI8oO9pP0aS1dF2gG3hH4jJ5kK6lL7zZ8xX9cC0vB1nN2mQ3wE4rR5tT6yY7uU8iI9oO0pP1aS2dF3gG4hH5jJ6kK7lL8zX9cV0bN1nM2qW3eR4tT5yU6iI7oO8pP9aS0dF1gG2hH3jJ4kK5lL6zZ7xX8cC9vV0bB1nN2mM3qW4eR5tT6yU7iI8oO9pP0aS1dF2gG3hH4jJ5kK6lL7zZ8xX9cC0vB1nN2mQ3wE4rR5tT6yY7uU8iI9oO0pP1aS2dF3gG4hH5jJ6kK7l4hH5jJ6kK7lL8zX9cV0bN1nM2qW3eR4tT5yU6iI7oO8pP9aS0dF1gG2hH3jJ4kK5lL6zZ7xX8cC9vV0bB1nN2mM3qW4eR5tT6yU7iI8oO9pP0aS1dF2gG3hH4jJ5kK6lL7zZ8xX9cC0vB1nN2mQ3wE4rR5tT6yY7uU8iI9oO0pP1aS2dF3gG4hH5jJ6kK7lL8zX9cV0bN1nM2qW3eR4tT5yU6iI7oO8pP9aS0dF1gG2hH3jJ4kK5lL6zZ7xX8cC9vV0bB1nN2mM3qW4eR5tT6yU7iI8oO9pP0aS1dF2gG3hH4jJ5kK6lL7zZ8xX9cC0vB1nN2mQ3wE4rR5tT6yY7uU8iI9oO0pP1aS2dF3gG4hH5jJ6kK7l4hH5jJ6kK7lL8zX9cV0bN1nM2qW3eR4tT5yU6iI7oO8pP9aS0dF1gG2hH3jJ4kK5lL6zZ7xX8cC9vV0bB1nN2mM3qW4eR5tT6yU7iI8oO9pP0aS1dF2gG3hH4jJ5kK6lL7zZ8xX9cC0vB1nN2mQ3wE4rR5tT6yY7uU8iI9oO0pP1aS2dF3gG4hH5jJ6kK7lL8zX9cV0bN1nM2qW3eR4tT5yU6iI7oO8pP9aS0dF1gG2hH3jJ4kK5lL6zZ7xX8cC9vV0bB1nN2mM3qW4eR5tT6yU7iI8oO9pP0aS1dF2gG3hH4jJ5kK6lL7zZ8xX9cC0vB1nN2mQ3wE4rR5tT6yY7uU8iI9oO0pP1aS2dF3gG4hH5jJ6kK7l4hH5jJ6kK7lL8zX9cV0bN1nM2qW3eR4tT5yU6iI7oO8pP9aS0dF1gG2hH3jJ4kK5lL6zZ7xX8cC9vV0bB1nN2mM3qW4eR5tT6yU7iI8oO9pP0aS1dF2gG3hH4jJ5kK6lL7zZ8xX9cC0vB1nN2mQ3wE4rR5tT6yY7uU8iI9oO0pP1aS2dF3gG4hH5jJ6kK7lL8zX9cV0bN1nM2qW3eR4tT5yU6iI7oO8pP9aS0dF1gG2hH3jJ4kK5lL6zZ7xX8cC9vV0bB1nN2mM3qW4eR5tT6yU7iI8oO9pP0aS1dF2gG3hH4jJ5kK6lL7zZ8xX9cC0vB1nN2mQ3wE4rR5tT6yY7uU8iI9oO0pP1aS2dF3gG4hH5jJ6kK7l4hH5jJ6kK7lL8zX9cV0bN1nM2qW3eR4tT5yU6iI7oO8pP9aS0dF1gG2hH3jJ4kK5lL6zZ7xX8cC9vV0bB1nN2mM3qW4eR5tT6yU7iI8oO9pP0aS1dF2gG3hH4jJ5kK6lL7zZ8xX9cC0vB1nN2mQ3wE4rR5tT6yY7uU8iI9oO0pP1aS2dF3gG4hH5jJ6kK7lL8zX9cV0bN1nM2qW3eR4tT5yU6iI7oO8pP9aS0dF1gG2hH3jJ4kK5lL6zZ7xX8cC9vV0bB1nN2mM3qW4eR5tT6yU7iI8oO9pP0aS1dF2gG3hH4jJ5kK6lL7zZ8xX9cC0vB1nN2mQ3wE4rR5tT6yY7uU8iI9oO0pP1aS2dF3gG4hH5jJ6kK7l4hH5jJ6kK7lL8zX9cV0bN1nM2qW3eR4tT5yU6iI7oO8pP9aS0dF1gG2hH3jJ4kK5lL6zZ7xX8cC9vV0bB1nN2mM3qW4eR5tT6yU7iI8oO9pP0aS1dF2gG3hH4jJ5kK6lL7zZ8xX9cC0vB1nN2mQ3wE4rR5tT6yY7uU8iI9oO0pP1aS2dF3gG4hH5jJ6kK7lL8zX9cV0bN1nM2qW3eR4tT5yU6iI7oO8pP9aS0dF1gG2hH3jJ4kK5lL6zZ7xX8cC9vV0bB1nN2mM3qW4eR5tT6yU7iI8oO9pP0aS1dF2gG3hH4jJ5kK6lL7zZ8xX9cC0vB1nN2mQ3wE4rR5tT6yY7uU8iI9oO0pP1aS2dF3gG4hH5jJ6kK7l4hH5jJ6kK7lL8zX9cV0bN1nM2qW3eR4tT5yU6iI7oO8pP9aS0dF1gG2hH3jJ4kK5lL6z7nB9vR2mX8kLp4QjW3tY5zH1aG6sF9dD0fS8gA7hJ6kL5mN4bV3vC2xZ1oP9iU8uY7tT6rR5eE4wW3qQ2aZ1sX2dC3fV4gB5hN6jM7kL8pO9iU0yT1rE2wQ3aS4dF5gG6hH7jJ8kK9lL0zZ1xX2cC3vV4bB5nN6mM7qQ8wW9eE0rR1tT2yY3uU4iI5oO6pP7aA8sS9dD0fF1gG2hH3jJ4kK5lL6zZ7xX8cC9vV0bB1nN2mM3qW4eR5tT6yU7iI8oO9pP0aS1dF2gG3hH4jJ5kK6lL7zZ8xX9cC0vB1nN2mQ3wE4rR5tT6yY7uU8iI9oO0pP1aS2dF3gG4hH5jJ6kK7lL8zX9cV0bN1nM2qW3eR4tT5yU6iI7oO8pP9aS0dF1gG2hH3jJ4kK5lL6zZ7xX8cC9vV0bB1nN2mM3qW4eR5tT6yU7iI8oO9pP0aS1dF2gG3hH4jJ5kK6lL7zZ8xX9cC0vB1nN2mQ3wE4rR5tT6yY7uU8iI9oO0pP1aS2dF3gG4hH5jJ6kK7lL8zX9cV0bN1nM2qW3eR4tT5yU6iI7oO8pP9aS0dF1gG2hH3jJ4kK5lL6zZ7xX8cC9vV0bB1nN2mM3qW4eR5tT6yU7iI8oO9pP0aS1dF2gG3hH4jJ5kK6lL7zZ8xX9cC0vB1nN2mQ3wE4rR5tT6yY7uU8iI9oO0pP1aS2dF3gG4hH5jJ6kK7lL8zX9cV0bN1nM2qW3eR4tT5yU6iI7oO8pP9aS0dF1gG2hH3jJ4kK5lL6zZ7xX8cC9vV0bB1nN2mM3qW4eR5tT6yU7iI8oO9pP0aS1dF2gG3hH4jJ5kK6lL7zZ8xX9cC0vB1nN2mQ3wE4rR5tT6yY7uU8iI9oO0pP1aS2dF3gG4hH5jJ6kK7lL8zX9cV0bN1nM2qW3eR4tT5yU6iI7oO8pP9aS0dF1gG2hH3jJ4kK5lL6zZ7xX8cC9vV0bB1nN2mM3qW4eR5tT6yU7iI8oO9pP0aS1dF2gG3hH4jJ5kK6lL7zZ8xX9cC0vB1nN2mQ3wE4rR5tT6yY7uU8iI9oO0pP1aS2dF3gG4hH5jJ6kK7l4hH5jJ6kK7lL8zX9cV0bN1nM2qW3eR4tT5yU6iI7oO8pP9aS0dF1gG2hH3jJ4kK5lL6zZ7xX8cC9vV0bB1nN2mM3qW4eR5tT6yU7iI8oO9pP0aS1dF2gG3hH4jJ5kK6lL7zZ8xX9cC0vB1nN2mQ3wE4rR5tT6yY7uU8iI9oO0pP1aS2dF3gG4hH5jJ6kK7lL8zX9cV0bN1nM2qW3eR4tT5yU6iI7oO8pP9aS0dF1gG2hH3jJ4kK5lL6zZ7xX8cC9vV0bB1nN2mM3qW4eR5tT6yU7iI8oO9pP0aS1dF2gG3hH4jJ5kK6lL7zZ8xX9cC0vB1nN2mQ3wE4rR5tT6yY7uU8iI9oO0pP1aS2dF3gG4hH5jJ6kK7l4hH5jJ6kK7lL8zX9cV0bN1nM2qW3eR4tT5yU6iI7oO8pP9aS0dF1gG2hH3jJ4kK5lL6zZ7xX8cC9vV0bB1nN2mM3qW4eR5tT6yU7iI8oO9pP0aS1dF2gG3hH4jJ5kK6lL7zZ8xX9cC0vB1nN2mQ3wE4rR5tT6yY7uU8iI9oO0pP1aS2dF3gG4hH5jJ6kK7lL8zX9cV0bN1nM2qW3eR4tT5yU6iI7oO8pP9aS0dF1gG2hH3jJ4kK5lL6zZ7xX8cC9vV0bB1nN2mM3qW4eR5tT6yU7iI8oO9pP0aS1dF2gG3hH4jJ5kK6lL7zZ8xX9cC0vB1nN2mQ3wE4rR5tT6yY7uU8iI9oO0pP1aS2dF3gG4hH5jJ6kK7l4hH5jJ6kK7lL8zX9cV0bN1nM2qW3eR4tT5yU6iI7oO8pP9aS0dF1gG2hH3jJ4kK5lL6zZ7xX8cC9vV0bB1nN2mM3qW4eR5tT6yU7iI8oO9pP0aS1dF2gG3hH4jJ5kK6lL7zZ8xX9cC0vB1nN2mQ3wE4rR5tT6yY7uU8iI9oO0pP1aS2dF3gG4hH5jJ6kK7lL8zX9cV0bN1nM2qW3eR4tT5yU6iI7oO8pP9aS0dF1gG2hH3jJ4kK5lL6zZ7xX8cC9vV0bB1nN2mM3qW4eR5tT6yU7iI8oO9pP0aS1dF2gG3hH4jJ5kK6lL7zZ8xX9cC0vB1nN2mQ3wE4rR5tT6yY7uU8iI9oO0pP1aS2dF3gG4hH5jJ6kK7l4hH5jJ6kK7lL8zX9cV0bN1nM2qW3eR4tT5yU6iI7oO8pP9aS0dF1gG2hH3jJ4kK5lL6zZ7xX8cC9vV0bB1nN2mM3qW4eR5tT6yU7iI8oO9pP0aS1dF2gG3hH4jJ5kK6lL7zZ8xX9cC0vB1nN2mQ3wE4rR5tT6yY7uU8iI9oO0pP1aS2dF3gG4hH5jJ6kK7lL8zX9cV0bN1nM2qW3eR4tT5yU6iI7oO8pP9aS0dF1gG2hH3jJ4kK5lL6zZ7xX8cC9vV0bB1nN2mM3qW4eR5tT6yU7iI8oO9pP0aS1dF2gG3hH4jJ5kK6lL7zZ8xX9cC0vB1nN2mQ3wE4rR5tT6yY7uU8iI9oO0pP1aS2dF3gG4hH5jJ6kK7l4hH5jJ6kK7lL8zX9cV0bN1nM2qW3eR4tT5yU6iI7oO8pP9aS0dF1gG2hH3jJ4kK5lL6zZ7xX8cC9vV0bB1nN2mM3qW4eR5tT6yU7iI8oO9pP0aS1dF2gG3hH4jJ5kK6lL7zZ8xX9cC0vB1nN2mQ3wE4rR5tT6yY7uU8iI9oO0pP1aS2dF3gG4hH5jJ6kK7lL8zX9cV0bN1nM2qW3eR4tT5yU6iI7oO8pP9aS0dF1gG2hH3jJ4kK5lL6zZ7xX8cC9vV0bB1nN2mM3qW4eR5tT6yU7iI8oO9pP0aS1dF2gG3hH4jJ5kK6lL7zZ8xX9cC0vB1nN2mQ3wE4rR5tT6yY7uU8iI9oO0pP1aS2dF3gG4hH5jJ6kK7l4hH5jJ6kK7lL8zX9cV0bN1nM2qW3eR4tT5yU6iI7oO8pP9aS0dF1gG2hH3jJ4kK5lL6zZ7xX8cC9vV0bB1nN2mM3qW4eR5tT6yU7iI8oO9pP0aS1dF2gG3hH4jJ5kK6lL7zZ8xX9cC0vB1nN2mQ3wE4rR5tT6yY7uU8iI9oO0pP1aS2dF3gG4hH5jJ6kK7lL8zX9cV0bN1nM2qW3eR4tT5yU6iI7oO8pP9aS0dF1gG2hH3jJ4kK5lL6zZ7xX8cC9vV0bB1nN2mM3qW4eR5tT6yU7iI8oO9pP0aS1dF2gG3hH4jJ5kK6lL7zZ8xX9cC0vB1nN2mQ3wE4rR5tT6yY7uU8iI9oO0pP1aS2dF3gG4hH5jJ6kK7l4hH5jJ6kK7lL8zX9cV0bN1nM2qW3eR4tT5yU6iI7oO8pP9aS0dF1gG2hH3jJ4kK5lL6zZ7xX8cC9vV0bB1nN2mM3qW4eR5tT6yU7iI8oO9pP0aS1dF2gG3hH4jJ5kK6lL7zZ8xX9cC0vB1nN2mQ3wE4rR5tT6yY7uU8iI9oO0pP1aS2dF3gG4hH5jJ6kK7lL8zX9cV0bN1nM2qW3eR4tT5yU6iI7oO8pP9aS0dF1gG2hH3jJ4kK5lL6zZ7xX8cC9vV0bB1nN2mM3qW4eR5tT6yU7iI8oO9pP0aS1dF2gG3hH4jJ5kK6lL7zZ8xX9cC0vB1nN2mQ3wE4rR5tT6yY7uU8iI9oO0pP1aS2dF3gG4hH5jJ6kK7l4hH5jJ6kK7lL8zX9cV0bN1nM2qW3eR4tT5yU6iI7oO8pP9aS0dF1gG2hH3jJ4kK5lL6z7nB9vR2mX8kLp4QjW3tY5zH1aG6sF9dD0fS8gA7hJ6kL5mN4bV3vC2xZ1oP9iU8uY7tT6rR5eE4wW3qQ2aZ1sX2dC3fV4gB5hN6jM7kL8pO9iU0yT1rE2wQ3aS4dF5gG6hH7jJ8kK9lL0zZ1xX2cC3vV4bB5nN6mM7qQ8wW9eE0rR1tT2yY3uU4iI5oO6pP7aA8sS9dD0fF1gG2hH3jJ4kK5lL6zZ7xX8cC9vV0bB1nN2mM3qW4eR5tT6yU7iI8oO9pP0aS1dF2gG3hH4jJ5kK6lL7zZ8xX9cC0vB1nN2mQ3wE4rR5tT6yY7uU8iI9oO0pP1aS2dF3gG4hH5jJ6kK7lL8zX9cV0bN1nM2qW3eR4tT5yU6iI7oO8pP9aS0dF1gG2hH3jJ4kK5lL6zZ7xX8cC9vV0bB1nN2mM3qW4eR5tT6yU7iI8oO9pP0aS1dF2gG3hH4jJ5kK6lL7zZ8xX9cC0vB1nN2mQ3wE4rR5tT6yY7uU8iI9oO0pP1aS2dF3gG4hH5jJ6kK7lL8zX9cV0bN1nM2qW3eR4tT5yU6iI7oO8pP9aS0dF1gG2hH3jJ4kK5lL6zZ7xX8cC9vV0bB1nN2mM3qW4eR5tT6yU7iI8oO9pP0aS1dF2gG3hH4jJ5kK6lL7zZ8xX9cC0vB1nN2mQ3wE4rR5tT6yY7uU8iI9oO0pP1aS2dF3gG4hH5jJ6kK7lL8zX9cV0bN1nM2qW3eR4tT5yU6iI7oO8pP9aS0dF1gG2hH3jJ4kK5lL6zZ7xX8cC9vV0bB1nN2mM3qW4eR5tT6yU7iI8oO9pP0aS1dF2gG3hH4jJ5kK6lL7zZ8xX9cC0vB1nN2mQ3wE4rR5tT6yY7uU8iI9oO0pP1aS2dF3gG4hH5jJ6kK7lL8zX9cV0bN1nM2qW3eR4tT5yU6iI7oO8pP9aS0dF1gG2hH3jJ4kK5lL6zZ7xX8cC9vV0bB1nN2mM3qW4eR5tT6yU7iI8oO9pP0aS1dF2gG3hH4jJ5kK6lL7zZ8xX9cC0vB1nN2mQ3wE4rR5tT6yY7uU8iI9oO0pP1aS2dF3gG4hH5jJ6kK7l4hH5jJ6kK7lL8zX9cV0bN1nM2qW3eR4tT5yU6iI7oO8pP9aS0dF1gG2hH3jJ4kK5lL6zZ7xX8cC9vV0bB1nN2mM3qW4eR5tT6yU7iI8oO9pP0aS1dF2gG3hH4jJ5kK6lL7zZ8xX9cC0vB1nN2mQ3wE4rR5tT6yY7uU8iI9oO0pP1aS2dF3gG4hH5jJ6kK7lL8zX9cV0bN1nM2qW3eR4tT5yU6iI7oO8pP9aS0dF1gG2hH3jJ4kK5lL6zZ7xX8cC9vV0bB1nN2mM3qW4eR5tT6yU7iI8oO9pP0aS1dF2gG3hH4jJ5kK6lL7zZ8xX9cC0vB1nN2mQ3wE4rR5tT6yY7uU8iI9oO0pP1aS2dF3gG4hH5jJ6kK7l4hH5jJ6kK7lL8zX9cV0bN1nM2qW3eR4tT5yU6iI7oO8pP9aS0dF1gG2hH3jJ4kK5lL6zZ7xX8cC9vV0bB1nN2mM3qW4eR5tT6yU7iI8oO9pP0aS1dF2gG3hH4jJ5kK6lL7zZ8xX9cC0vB1nN2mQ3wE4rR5tT6yY7uU8iI9oO0pP1aS2dF3gG4hH5jJ6kK7lL8zX9cV0bN1nM2qW3eR4tT5yU6iI7oO8pP9aS0dF1gG2hH3jJ4kK5lL6zZ7xX8cC9vV0bB1nN2mM3qW4eR5tT6yU7iI8oO9pP0aS1dF2gG3hH4jJ5kK6lL7zZ8xX9cC0vB1nN2mQ3wE4rR5tT6yY7uU8iI9oO0pP1aS2dF3gG4hH5jJ6kK7l4hH5jJ6kK7lL8zX9cV0bN1nM2qW3eR4tT5yU6iI7oO8pP9aS0dF1gG2hH3jJ4kK5lL6zZ7xX8cC9vV0bB1nN2mM3qW4eR5tT6yU7iI8oO9pP0aS1dF2gG3hH4jJ5kK6lL7zZ8xX9cC0vB1nN2mQ3wE4rR5tT6yY7uU8iI9oO0pP1aS2dF3gG4hH5jJ6kK7lL8zX9cV0bN1nM2qW3eR4tT5yU6iI7oO8pP9aS0dF1gG2hH3jJ4kK5lL6zZ7xX8cC9vV0bB1nN2mM3qW4eR5tT6yU7iI8oO9pP0aS1dF2gG3hH4jJ5kK6lL7zZ8xX9cC0vB1nN2mQ3wE4rR5tT6yY7uU8iI9oO0pP1aS2dF3gG4hH5jJ6kK7l4hH5jJ6kK7lL8zX9cV0bN1nM2qW3eR4tT5yU6iI7oO8pP9aS0dF1gG2hH3jJ4kK5lL6zZ7xX8cC9vV0bB1nN2mM3qW4eR5tT6yU7iI8oO9pP0aS1dF2gG3hH4jJ5kK6lL7zZ8xX9cC0vB1nN2mQ3wE4rR5tT6yY7uU8iI9oO0pP1aS2dF3gG4hH5jJ6kK7lL8zX9cV0bN1nM2qW3eR4tT5yU6iI7oO8pP9aS0dF1gG2hH3jJ4kK5lL6zZ7xX8cC9vV0bB1nN2mM3qW4eR5tT6yU7iI8oO9pP0aS1dF2gG3hH4jJ5kK6lL7zZ8xX9cC0vB1nN2mQ3wE4rR5tT6yY7uU8iI9oO0pP1aS2dF3gG4hH5jJ6kK7l4hH5jJ6kK7lL8zX9cV0bN1nM2qW3eR4tT5yU6iI7oO8pP9aS0dF1gG2hH3jJ4kK5lL6zZ7xX8cC9vV0bB1nN2mM3qW4eR5tT6yU7iI8oO9pP0aS1dF2gG3hH4jJ5kK6lL7zZ8xX9cC0vB1nN2mQ3wE4rR5tT6yY7uU8iI9oO0pP1aS2dF3gG4hH5jJ6kK7lL8zX9cV0bN1nM2qW3eR4tT5yU6iI7oO8pP9aS0dF1gG2hH3jJ4kK5lL6zZ7xX8cC9vV0bB1nN2mM3qW4eR5tT6yU7iI8oO9pP0aS1dF2gG3hH4jJ5kK6lL7zZ8xX9cC0vB1nN2mQ3wE4rR5tT6yY7uU8iI9oO0pP1aS2dF3gG4hH5jJ6kK7l4hH5jJ6kK7lL8zX9cV0bN1nM2qW3eR4tT5yU6iI7oO8pP9aS0dF1gG2hH3jJ4kK5lL6zZ7xX8cC9vV0bB1nN2mM3qW4eR5tT6yU7iI8oO9pP0aS1dF2gG3hH4jJ5kK6lL7zZ8xX9cC0vB1nN2mQ3wE4rR5tT6yY7uU8iI9oO0pP1aS2dF3gG4hH5jJ6kK7lL8zX9cV0bN1nM2qW3eR4tT5yU6iI7oO8pP9aS0dF1gG2hH3jJ4kK5lL6zZ7xX8cC9vV0bB1nN2mM3qW4eR5tT6yU7iI8oO9pP0aS1dF2gG3hH4jJ5kK6lL7zZ8xX9cC0vB1nN2mQ3wE4rR5tT6yY7uU8iI9oO0pP1aS2dF3gG4hH5jJ6kK7l4hH5jJ6kK7lL8zX9cV0bN1nM2qW3eR4tT5yU6iI7oO8pP9aS0dF1gG2hH3jJ4kK5lL6zZ7xX8cC9vV0bB1nN2mM3qW4eR5tT6yU7iI8oO9pP0aS1dF2gG3hH4jJ5kK6lL7zZ8xX9cC0vB1nN2mQ3wE4rR5tT6yY7uU8iI9oO0pP1aS2dF3gG4hH5jJ6kK7lL8zX9cV0bN1nM2qW3eR4tT5yU6iI7oO8pP9aS0dF1gG2hH3jJ4kK5lL6zZ7xX8cC9vV0bB1nN2mM3qW4eR5tT6yU7iI8oO9pP0aS1dF2gG3hH4jJ5kK6lL7zZ8xX9cC0vB1nN2mQ3wE4rR5tT6yY7uU8iI9oO0pP1aS2dF3gG4hH5jJ6kK7l4hH5jJ6kK7lL8zX9cV0bN1nM2qW3eR4tT5yU6iI7oO8pP9aS0dF1gG2hH3jJ4kK5lL6z7nB9vR2mX8kLp4QjW3tY5zH1aG6sF9dD0fS8gA7hJ6kL5mN4bV3vC2xZ1oP9iU8uY7tT6rR5eE4wW3qQ2aZ1sX2dC3fV4gB5hN6jM7kL8pO9iU0yT1rE2wQ3aS4dF5gG6hH7jJ8kK9lL0zZ1xX2cC3vV4bB5nN6mM7qQ8wW9eE0rR1tT2yY3uU4iI5oO6pP7aA8sS9dD0fF1gG2hH3jJ4kK5lL6zZ7xX8cC9vV0bB1nN2mM3qW4eR5tT6yU7iI8oO9pP0aS1dF2gG3hH4jJ5kK6lL7zZ8xX9cC0vB1nN2mQ3wE4rR5tT6yY7uU8iI9oO0pP1aS2dF3gG4hH5jJ6kK7lL8zX9cV0bN1nM2qW3eR4tT5yU6iI7oO8pP9aS0dF1gG2hH3jJ4kK5lL6zZ7xX8cC9vV0bB1nN2mM3qW4eR5tT6yU7iI8oO9pP0aS1dF2gG3hH4jJ5kK6lL7zZ8xX9cC0vB1nN2mQ3wE4rR5tT6yY7uU8iI9oO0pP1aS2dF3gG4hH5jJ6kK7lL8zX9cV0bN1nM2qW3eR4tT5yU6iI7oO8pP9aS0dF1gG2hH3jJ4kK5lL6zZ7xX8cC9vV0bB1nN2mM3qW4eR5tT6yU7iI8oO9pP0aS1dF2gG3hH4jJ5kK6lL7zZ8xX9cC0vB1nN2mQ3wE4rR5tT6yY7uU8iI9oO0pP1aS2dF3gG4hH5jJ6kK7lL8zX9cV0bN1nM2qW3eR4tT5yU6iI7oO8pP9aS0dF1gG2hH3jJ4kK5lL6zZ7xX8cC9vV0bB1nN2mM3qW4eR5tT6yU7iI8oO9pP0aS1dF2gG3hH4jJ5kK6lL7zZ8xX9cC0vB1nN2mQ3wE4rR5tT6yY7uU8iI9oO0pP1aS2dF3gG4hH5jJ6kK7lL8zX9cV0bN1nM2qW3eR4tT5yU6iI7oO8pP9aS0dF1gG2hH3jJ4kK5lL6zZ7xX8cC9vV0bB1nN2mM3qW4eR5tT6yU7iI8oO9pP0aS1dF2gG3hH4jJ5kK6lL7zZ8xX9cC0vB1nN2mQ3wE4rR5tT6yY7uU8iI9oO0pP1aS2dF3gG4hH5jJ6kK7l4hH5jJ6kK7lL8zX9cV0bN1nM2qW3eR4tT5yU6iI7oO8pP9aS0dF1gG2hH3jJ4kK5lL6zZ7xX8cC9vV0bB1nN2mM3qW4eR5tT6yU7iI8oO9pP0aS1dF2gG3hH4jJ5kK6lL7zZ8xX9cC0vB1nN2mQ3wE4rR5tT6yY7uU8iI9oO0pP1aS2dF3gG4hH5jJ6kK7lL8zX9cV0bN1nM2qW3eR4tT5yU6iI7oO8pP9aS0dF1gG2hH3jJ4kK5lL6zZ7xX8cC9vV0bB1nN2mM3qW4eR5tT6yU7iI8oO9pP0aS1dF2gG3hH4jJ5kK6lL7zZ8xX9cC0vB1nN2mQ3wE4rR5tT6yY7uU8iI9oO0pP1aS2dF3gG4hH5jJ6kK7l4hH5jJ6kK7lL8zX9cV0bN1nM2qW3eR4tT5yU6iI7oO8pP9aS0dF1gG2hH3jJ4kK5lL6zZ7xX8cC9vV0bB1nN2mM3qW4eR5tT6yU7iI8oO9pP0aS1dF2gG3hH4jJ5kK6lL7zZ8xX9cC0vB1nN2mQ3wE4rR5tT6yY7uU8iI9oO0pP1aS2dF3gG4hH5jJ6kK7lL8zX9cV0bN1nM2qW3eR4tT5yU6iI7oO8pP9aS0dF1gG2hH3jJ4kK5lL6zZ7xX8cC9vV0bB1nN2mM3qW4eR5tT6yU7iI8oO9pP0aS1dF2gG3hH4jJ5kK6lL7zZ8xX9cC0vB1nN2mQ3wE4rR5tT6yY7uU8iI9oO0pP1aS2dF3gG4hH5jJ6kK7l4hH5jJ6kK7lL8zX9cV0bN1nM2qW3eR4tT5yU6iI7oO8pP9aS0dF1gG2hH3jJ4kK5lL6zZ7xX8cC9vV0bB1nN2mM3qW4eR5tT6yU7iI8oO9pP0aS1dF2gG3hH4jJ5kK6lL7zZ8xX9cC0vB1nN2mQ3wE4rR5tT6yY7uU8iI9oO0pP1aS2dF3gG4hH5jJ6kK7lL8zX9cV0bN1nM2qW3eR4tT5yU6iI7oO8pP9aS0dF1gG2hH3jJ4kK5lL6zZ7xX8cC9vV0bB1nN2mM3qW4eR5tT6yU7iI8oO9pP0aS1dF2gG3hH4jJ5kK6lL7zZ8xX9cC0vB1nN2mQ3wE4rR5tT6yY7uU8iI9oO0pP1aS2dF3gG4hH5jJ6kK7l4hH5jJ6kK7lL8zX9cV0bN1nM2qW3eR4tT5yU6iI7oO8pP9aS0dF1gG2hH3jJ4kK5lL6zZ7xX8cC9vV0bB1nN2mM3qW4eR5tT6yU7iI8oO9pP0aS1dF2gG3hH4jJ5kK6lL7zZ8xX9cC0vB1nN2mQ3wE4rR5tT6yY7uU8iI9oO0pP1aS2dF3gG4hH5jJ6kK7lL8zX9cV0bN1nM2qW3eR4tT5yU6iI7oO8pP9aS0dF1gG2hH3jJ4kK5lL6zZ7xX8cC9vV0bB1nN2mM3qW4eR5tT6yU7iI8oO9pP0aS1dF2gG3hH4jJ5kK6lL7zZ8xX9cC0vB1nN2mQ3wE4rR5tT6yY7uU8iI9oO0pP1aS2dF3gG4hH5jJ6kK7l4hH5jJ6kK7lL8zX9cV0bN1nM2qW3eR4tT5yU6iI7oO8pP9aS0dF1gG2hH3jJ4kK5lL6zZ7xX8cC9vV0bB1nN2mM3qW4eR5tT6yU7iI8oO9pP0aS1dF2gG3hH4jJ5kK6lL7zZ8xX9cC0vB1nN2mQ3wE4rR5tT6yY7uU8iI9oO0pP1aS2dF3gG4hH5jJ6kK7lL8zX9cV0bN1nM2qW3eR4tT5yU6iI7oO8pP9aS0dF1gG2hH3jJ4kK5lL6zZ7xX8cC9vV0bB1nN2mM3qW4eR5tT6yU7iI8oO9pP0aS1dF2gG3hH4jJ5kK6lL7zZ8xX9cC0vB1nN2mQ3wE4rR5tT6yY7uU8iI9oO0pP1aS2dF3gG4hH5jJ6kK7l4hH5jJ6kK7lL8zX9cV0bN1nM2qW3eR4tT5yU6iI7oO8pP9aS0dF1gG2hH3jJ4kK5lL6zZ7xX8cC9vV0bB1nN2mM3qW4eR5tT6yU7iI8oO9pP0aS1dF2gG3hH4jJ5kK6lL7zZ8xX9cC0vB1nN2mQ3wE4rR5tT6yY7uU8iI9oO0pP1aS2dF3gG4hH5jJ6kK7lL8zX9cV0bN1nM2qW3eR4tT5yU6iI7oO8pP9aS0dF1gG2hH3jJ4kK5lL6zZ7xX8cC9vV0bB1nN2mM3qW4eR5tT6yU7iI8oO9pP0aS1dF2gG3hH4jJ5kK6lL7zZ8xX9cC0vB1nN2mQ3wE4rR5tT6yY7uU8iI9oO0pP1aS2dF3gG4hH5jJ6kK7l4hH5jJ6kK7lL8zX9cV0bN1nM2qW3eR4tT5yU6iI7oO8pP9aS0dF1gG2hH3jJ4kK5lL6zZ7xX8cC9vV0bB1nN2mM3qW4eR5tT6yU7iI8oO9pP0aS1dF2gG3hH4jJ5kK6lL7zZ8xX9cC0vB1nN2mQ3wE4rR5tT6yY7uU8iI9oO0pP1aS2dF3gG4hH5jJ6kK7lL8zX9cV0bN1nM2qW3eR4tT5yU6iI7oO8pP9aS0dF1gG2hH3jJ4kK5lL6zZ7xX8cC9vV0bB1nN2mM3qW4eR5tT6yU7iI8oO9pP0aS1dF2gG3hH4jJ5kK6lL7zZ8xX9cC0vB1nN2mQ3wE4rR5tT6yY7uU8iI9oO0pP1aS2dF3gG4hH5jJ6kK7l4hH5jJ6kK7lL8zX9cV0bN1nM2qW3eR4tT5yU6iI7oO8pP9aS0dF1gG2hH3jJ4kK5lL6z7nB9vR2mX8kLp4QjW3tY5zH1aG6sF9dD0fS8gA7hJ6kL5mN4bV3vC2xZ1oP9iU8uY7tT6rR5eE4wW3qQ2aZ1sX2dC3fV4gB5hN6jM7kL8pO9iU0yT1rE2wQ3aS4dF5gG6hH7jJ8kK9lL0zZ1xX2cC3vV4bB5nN6mM7qQ8wW9eE0rR1tT2yY3uU4iI5oO6pP7aA8sS9dD0fF1gG2hH3jJ4kK5lL6zZ7xX8cC9vV0bB1nN2mM3qW4eR5tT6yU7iI8oO9pP0aS1dF2gG3hH4jJ5kK6lL7zZ8xX9cC0vB1nN2mQ3wE4rR5tT6yY7uU8iI9oO0pP1aS2dF3gG4hH5jJ6kK7lL8zX9cV0bN1nM2qW3eR4tT5yU6iI7oO8pP9aS0dF1gG2hH3jJ4kK5lL6zZ7xX8cC9vV0bB1nN2mM3qW4eR5tT6yU7iI8oO9pP0aS1dF2gG3hH4jJ5kK6lL7zZ8xX9cC0vB1nN2mQ3wE4rR5tT6yY7uU8iI9oO0pP1aS2dF3gG4hH5jJ6kK7lL8zX9cV0bN1nM2qW3eR4tT5yU6iI7oO8pP9aS0dF1gG2hH3jJ4kK5lL6zZ7xX8cC9vV0bB1nN2mM3qW4eR5tT6yU7iI8oO9pP0aS1dF2gG3hH4jJ5kK6lL7zZ8xX9cC0vB1nN2mQ3wE4rR5tT6yY7uU8iI9oO0pP1aS2dF3gG4hH5jJ6kK7lL8zX9cV0bN1nM2qW3eR4tT5yU6iI7oO8pP9aS0dF1gG2hH3jJ4kK5lL6zZ7xX8cC9vV0bB1nN2mM3qW4eR5tT6yU7iI8oO9pP0aS1dF2gG3hH4jJ5kK6lL7zZ8xX9cC0vB1nN2mQ3wE4rR5tT6yY7uU8iI9oO0pP1aS2dF3gG4hH5jJ6kK7lL8zX9cV0bN1nM2qW3eR4tT5yU6iI7oO8pP9aS0dF1gG2hH3jJ4kK5lL6zZ7xX8cC9vV0bB1nN2mM3qW4eR5tT6yU7iI8oO9pP0aS1dF2gG3hH4jJ5kK6lL7zZ8xX9cC0vB1nN2mQ3wE4rR5tT6yY7uU8iI9oO0pP1aS2dF3gG4hH5jJ6kK7l4hH5jJ6kK7lL8zX9cV0bN1nM2qW3eR4tT5yU6iI7oO8pP9aS0dF1gG2hH3jJ4kK5lL6zZ7xX8cC9vV0bB1nN2mM3qW4eR5tT6yU7iI8oO9pP0aS1dF2gG3hH4jJ5kK6lL7zZ8xX9cC0vB1nN2mQ3wE4rR5tT6yY7uU8iI9oO0pP1aS2dF3gG4hH5jJ6kK7lL8zX9cV0bN1nM2qW3eR4tT5yU6iI7oO8pP9aS0dF1gG2hH3jJ4kK5lL6zZ7xX8cC9vV0bB1nN2mM3qW4eR5tT6yU7iI8oO9pP0aS1dF2gG3hH4jJ5kK6lL7zZ8xX9cC0vB1nN2mQ3wE4rR5tT6yY7uU8iI9oO0pP1aS2dF3gG4hH5jJ6kK7l4hH5jJ6kK7lL8zX9cV0bN1nM2qW3eR4tT5yU6iI7oO8pP9aS0dF1gG2hH3jJ4kK5lL6zZ7xX8cC9vV0bB1nN2mM3qW4eR5tT6yU7iI8oO9pP0aS1dF2gG3hH4jJ5kK6lL7zZ8xX9cC0vB1nN2mQ3wE4rR5tT6yY7uU8iI9oO0pP1aS2dF3gG4hH5jJ6kK7lL8zX9cV0bN1nM2qW3eR4tT5yU6iI7oO8pP9aS0dF1gG2hH3jJ4kK5lL6zZ7xX8cC9vV0bB1nN2mM3qW4eR5tT6yU7iI8oO9pP0aS1dF2gG3hH4jJ5kK6lL7zZ8xX9cC0vB1nN2mQ3wE4rR5tT6yY7uU8iI9oO0pP1aS2dF3gG4hH5jJ6kK7l4hH5jJ6kK7lL8zX9cV0bN1nM2qW3eR4tT5yU6iI7oO8pP9aS0dF1gG2hH3jJ4kK5lL6zZ7xX8cC9vV0bB1nN2mM3qW4eR5tT6yU7iI8oO9pP0aS1dF2gG3hH4jJ5kK6lL7zZ8xX9cC0vB1nN2mQ3wE4rR5tT6yY7uU8iI9oO0pP1aS2dF3gG4hH5jJ6kK7lL8zX9cV0bN1nM2qW3eR4tT5yU6iI7oO8pP9aS0dF1gG2hH3jJ4kK5lL6zZ7xX8cC9vV0bB1nN2mM3qW4eR5tT6yU7iI8oO9pP0aS1dF2gG3hH4jJ5kK6lL7zZ8xX9cC0vB1nN2mQ3wE4rR5tT6yY7uU8iI9oO0pP1aS2dF3gG4hH5jJ6kK7l4hH5jJ6kK7lL8zX9cV0bN1nM2qW3eR4tT5yU6iI7oO8pP9aS0dF1gG2hH3jJ4kK5lL6zZ7xX8cC9vV0bB1nN2mM3qW4eR5tT6yU7iI8oO9pP0aS1dF2gG3hH4jJ5kK6lL7zZ8xX9cC0vB1nN2mQ3wE4rR5tT6yY7uU8iI9oO0pP1aS2dF3gG4hH5jJ6kK7lL8zX9cV0bN1nM2qW3eR4tT5yU6iI7oO8pP9aS0dF1gG2hH3jJ4kK5lL6zZ7xX8cC9vV0bB1nN2mM3qW4eR5tT6yU7iI8oO9pP0aS1dF2gG3hH4jJ5kK6lL7zZ8xX9cC0vB1nN2mQ3wE4rR5tT6yY7uU8iI9oO0pP1aS2dF3gG4hH5jJ6kK7l4hH5jJ6kK7lL8zX9cV0bN1nM2qW3eR4tT5yU6iI7oO8pP9aS0dF1gG2hH3jJ4kK5lL6zZ7xX8cC9vV0bB1nN2mM3qW4eR5tT6yU7iI8oO9pP0aS1dF2gG3hH4jJ5kK6lL7zZ8xX9cC0vB1nN2mQ3wE4rR5tT6yY7uU8iI9oO0pP1aS2dF3gG4hH5jJ6kK7lL8zX9cV0bN1nM2qW3eR4tT5yU6iI7oO8pP9aS0dF1gG2hH3jJ4kK5lL6zZ7xX8cC9vV0bB1nN2mM3qW4eR5tT6yU7iI8oO9pP0aS1dF2gG3hH4jJ5kK6lL7zZ8xX9cC0vB1nN2mQ3wE4rR5tT6yY7uU8iI9oO0pP1aS2dF3gG4hH5jJ6kK7l4hH5jJ6kK7lL8zX9cV0bN1nM2qW3eR4tT5yU6iI7oO8pP9aS0dF1gG2hH3jJ4kK5lL6zZ7xX8cC9vV0bB1nN2mM3qW4eR5tT6yU7iI8oO9pP0aS1dF2gG3hH4jJ5kK6lL7zZ8xX9cC0vB1nN2mQ3wE4rR5tT6yY7uU8iI9oO0pP1aS2dF3gG4hH5jJ6kK7lL8zX9cV0bN1nM2qW3eR4tT5yU6iI7oO8pP9aS0dF1gG2hH3jJ4kK5lL6zZ7xX8cC9vV0bB1nN2mM3qW4eR5tT6yU7iI8oO9pP0aS1dF2gG3hH4jJ5kK6lL7zZ8xX9cC0vB1nN2mQ3wE4rR5tT6yY7uU8iI9oO0pP1aS2dF3gG4hH5jJ6kK7l4hH5jJ6kK7lL8zX9cV0bN1nM2qW3eR4tT5yU6iI7oO8pP9aS0dF1gG2hH3jJ4kK5lL6zZ7xX8cC9vV0bB1nN2mM3qW4eR5tT6yU7iI8oO9pP0aS1dF2gG3hH4jJ5kK6lL7zZ8xX9cC0vB1nN2mQ3wE4rR5tT6yY7uU8iI9oO0pP1aS2dF3gG4hH5jJ6kK7lL8zX9cV0bN1nM2qW3eR4tT5yU6iI7oO8pP9aS0dF1gG2hH3jJ4kK5lL6zZ7xX8cC9vV0bB1nN2mM3qW4eR5tT6yU7iI8oO9pP0aS1dF2gG3hH4jJ5kK6lL7zZ8xX9cC0vB1nN2mQ3wE4rR5tT6yY7uU8iI9oO0pP1aS2dF3gG4hH5jJ6kK7l4hH5jJ6kK7lL8zX9cV0bN1nM2qW3eR4tT5yU6iI7oO8pP9aS0dF1gG2hH3jJ4kK5lL6z7nB9vR2mX8kLp4QjW3tY5zH1aG6sF9dD0fS8gA7hJ6kL5mN4bV3vC2xZ1oP9iU8uY7tT6rR5eE4wW3qQ2aZ1sX2dC3fV4gB5hN6jM7kL8pO9iU0yT1rE2wQ3aS4dF5gG6hH7jJ8kK9lL0zZ1xX2cC3vV4bB5nN6mM7qQ8wW9eE0rR1tT2yY3uU4iI5oO6pP7aA8sS9dD0fF1gG2hH3jJ4kK5lL6zZ7xX8cC9vV0bB1nN2mM3qW4eR5tT6yU7iI8oO9pP0aS1dF2gG3hH4jJ5kK6lL7zZ8xX9cC0vB1nN2mQ3wE4rR5tT6yY7uU8iI9oO0pP1aS2dF3gG4hH5jJ6kK7lL8zX9cV0bN1nM2qW3eR4tT5yU6iI7oO8pP9aS0dF1gG2hH3jJ4kK5lL6zZ7xX8cC9vV0bB1nN2mM3qW4eR5tT6yU7iI8oO9pP0aS1dF2gG3hH4jJ5kK6lL7zZ8xX9cC0vB1nN2mQ3wE4rR5tT6yY7uU8iI9oO0pP1aS2dF3gG4hH5jJ6kK7lL8zX9cV0bN1nM2qW3eR4tT5yU6iI7oO8pP9aS0dF1gG2hH3jJ4kK5lL6zZ7xX8cC9vV0bB1nN2mM3qW4eR5tT6yU7iI8oO9pP0aS1dF2gG3hH4jJ5kK6lL7zZ8xX9cC0vB1nN2mQ3wE4rR5tT6yY7uU8iI9oO0pP1aS2dF3gG4hH5jJ6kK7lL8zX9cV0bN1nM2qW3eR4tT5yU6iI7oO8pP9aS0dF1gG2hH3jJ4kK5lL6zZ7xX8cC9vV0bB1nN2mM3qW4eR5tT6yU7iI8oO9pP0aS1dF2gG3hH4jJ5kK6lL7zZ8xX9cC0vB1nN2mQ3wE4rR5tT6yY7uU8iI9oO0pP1aS2dF3gG4hH5jJ6kK7lL8zX9cV0bN1nM2qW3eR4tT5yU6iI7oO8pP9aS0dF1gG2hH3jJ4kK5lL6zZ7xX8cC9vV0bB1nN2mM3qW4eR5tT6yU7iI8oO9pP0aS1dF2gG3hH4jJ5kK6lL7zZ8xX9cC0vB1nN2mQ3wE4rR5tT6yY7uU8iI9oO0pP1aS2dF3gG4hH5jJ6kK7l4hH5jJ6kK7lL8zX9cV0bN1nM2qW3eR4tT5yU6iI7oO8pP9aS0dF1gG2hH3jJ4kK5lL6zZ7xX8cC9vV0bB1nN2mM3qW4eR5tT6yU7iI8oO9pP0aS1dF2gG3hH4jJ5kK6lL7zZ8xX9cC0vB1nN2mQ3wE4rR5tT6yY7uU8iI9oO0pP1aS2dF3gG4hH5jJ6kK7lL8zX9cV0bN1nM2qW3eR4tT5yU6iI7oO8pP9aS0dF1gG2hH3jJ4kK5lL6zZ7xX8cC9vV0bB1nN2mM3qW4eR5tT6yU7iI8oO9pP0aS1dF2gG3hH4jJ5kK6lL7zZ8xX9cC0vB1nN2mQ3wE4rR5tT6yY7uU8iI9oO0pP1aS2dF3gG4hH5jJ6kK7l4hH5jJ6kK7lL8zX9cV0bN1nM2qW3eR4tT5yU6iI7oO8pP9aS0dF1gG2hH3jJ4kK5lL6zZ7xX8cC9vV0bB1nN2mM3qW4eR5tT6yU7iI8oO9pP0aS1dF2gG3hH4jJ5kK6lL7zZ8xX9cC0vB1nN2mQ3wE4rR5tT6yY7uU8iI9oO0pP1aS2dF3gG4hH5jJ6kK7lL8zX9cV0bN1nM2qW3eR4tT5yU6iI7oO8pP9aS0dF1gG2hH3jJ4kK5lL6zZ7xX8cC9vV0bB1nN2mM3qW4eR5tT6yU7iI8oO9pP0aS1dF2gG3hH4jJ5kK6lL7zZ8xX9cC0vB1nN2mQ3wE4rR5tT6yY7uU8iI9oO0pP1aS2dF3gG4hH5jJ6kK7l4hH5jJ6kK7lL8zX9cV0bN1nM2qW3eR4tT5yU6iI7oO8pP9aS0dF1gG2hH3jJ4kK5lL6zZ7xX8cC9vV0bB1nN2mM3qW4eR5tT6yU7iI8oO9pP0aS1dF2gG3hH4jJ5kK6lL7zZ8xX9cC0vB1nN2mQ3wE4rR5tT6yY7uU8iI9oO0pP1aS2dF3gG4hH5jJ6kK7lL8zX9cV0bN1nM2qW3eR4tT5yU6iI7oO8pP9aS0dF1gG2hH3jJ4kK5lL6zZ7xX8cC9vV0bB1nN2mM3qW4eR5tT6yU7iI8oO9pP0aS1dF2gG3hH4jJ5kK6lL7zZ8xX9cC0vB1nN2mQ3wE4rR5tT6yY7uU8iI9oO0pP1aS2dF3gG4hH5jJ6kK7l4hH5jJ6kK7lL8zX9cV0bN1nM2qW3eR4tT5yU6iI7oO8pP9aS0dF1gG2hH3jJ4kK5lL6zZ7xX8cC9vV0bB1nN2mM3qW4eR5tT6yU7iI8oO9pP0aS1dF2gG3hH4jJ5kK6lL7zZ8xX9cC0vB1nN2mQ3wE4rR5tT6yY7uU8iI9oO0pP1aS2dF3gG4hH5jJ6kK7lL8zX9cV0bN1nM2qW3eR4tT5yU6iI7oO8pP9aS0dF1gG2hH3jJ4kK5lL6zZ7xX8cC9vV0bB1nN2mM3qW4eR5tT6yU7iI8oO9pP0aS1dF2gG3hH4jJ5kK6lL7zZ8xX9cC0vB1nN2mQ3wE4rR5tT6yY7uU8iI9oO0pP1aS2dF3gG4hH5jJ6kK7l4hH5jJ6kK7lL8zX9cV0bN1nM2qW3eR4tT5yU6iI7oO8pP9aS0dF1gG2hH3jJ4kK5lL6zZ7xX8cC9vV0bB1nN2mM3qW4eR5tT6yU7iI8oO9pP0aS1dF2gG3hH4jJ5kK6lL7zZ8xX9cC0vB1nN2mQ3wE4rR5tT6yY7uU8iI9oO0pP1aS2dF3gG4hH5jJ6kK7lL8zX9cV0bN1nM2qW3eR4tT5yU6iI7oO8pP9aS0dF1gG2hH3jJ4kK5lL6zZ7xX8cC9vV0bB1nN2mM3qW4eR5tT6yU7iI8oO9pP0aS1dF2gG3hH4jJ5kK6lL7zZ8xX9cC0vB1nN2mQ3wE4rR5tT6yY7uU8iI9oO0pP1aS2dF3gG4hH5jJ6kK7l4hH5jJ6kK7lL8zX9cV0bN1nM2qW3eR4tT5yU6iI7oO8pP9aS0dF1gG2hH3jJ4kK5lL6zZ7xX8cC9vV0bB1nN2mM3qW4eR5tT6yU7iI8oO9pP0aS1dF2gG3hH4jJ5kK6lL7zZ8xX9cC0vB1nN2mQ3wE4rR5tT6yY7uU8iI9oO0pP1aS2dF3gG4hH5jJ6kK7lL8zX9cV0bN1nM2qW3eR4tT5yU6iI7oO8pP9aS0dF1gG2hH3jJ4kK5lL6zZ7xX8cC9vV0bB1nN2mM3qW4eR5tT6yU7iI8oO9pP0aS1dF2gG3hH4jJ5kK6lL7zZ8xX9cC0vB1nN2mQ3wE4rR5tT6yY7uU8iI9oO0pP1aS2dF3gG4hH5jJ6kK7l4hH5jJ6kK7lL8zX9cV0bN1nM2qW3eR4tT5yU6iI7oO8pP9aS0dF1gG2hH3jJ4kK5lL6zZ7xX8cC9vV0bB1nN2mM3qW4eR5tT6yU7iI8oO9pP0aS1dF2gG3hH4jJ5kK6lL7zZ8xX9cC0vB1nN2mQ3wE4rR5tT6yY7uU8iI9oO0pP1aS2dF3gG4hH5jJ6kK7lL8zX9cV0bN1nM2qW3eR4tT5yU6iI7oO8pP9aS0dF1gG2hH3jJ4kK5lL6zZ7xX8cC9vV0bB1nN2mM3qW4eR5tT6yU7iI8oO9pP0aS1dF2gG3hH4jJ5kK6lL7zZ8xX9cC0vB1nN2mQ3wE4rR5tT6yY7uU8iI9oO0pP1aS2dF3gG4hH5jJ6kK7l4hH5jJ6kK7lL8zX9cV0bN1nM2qW3eR4tT5yU6iI7oO8pP9aS0dF1gG2hH3jJ4kK5lL6z7nB9vR2mX8kLp4QjW3tY5zH1aG6sF9dD0fS8gA7hJ6kL5mN4bV3vC2xZ1oP9iU8uY7tT6rR5eE4wW3qQ2aZ1sX2dC3fV4gB5hN6jM7kL8pO9iU0yT1rE2wQ3aS4dF5gG6hH7jJ8kK9lL0zZ1xX2cC3vV4bB5nN6mM7qQ8wW9eE0rR1tT2yY3uU4iI5oO6pP7aA8sS9dD0fF1gG2hH3jJ4kK5lL6zZ7xX8cC9vV0bB1nN2mM3qW4eR5tT6yU7iI8oO9pP0aS1dF2gG3hH4jJ5kK6lL7zZ8xX9cC0vB1nN2mQ3wE4rR5tT6yY7uU8iI9oO0pP1aS2dF3gG4hH5jJ6kK7lL8zX9cV0bN1nM2qW3eR4tT5yU6iI7oO8pP9aS0dF1gG2hH3jJ4kK5lL6zZ7xX8cC9vV0bB1nN2mM3qW4eR5tT6yU7iI8oO9pP0aS1dF2gG3hH4jJ5kK6lL7zZ8xX9cC0vB1nN2mQ3wE4rR5tT6yY7uU8iI9oO0pP1aS2dF3gG4hH5jJ6kK7lL8zX9cV0bN1nM2qW3eR4tT5yU6iI7oO8pP9aS0dF1gG2hH3jJ4kK5lL6zZ7xX8cC9vV0bB1nN2mM3qW4eR5tT6yU7iI8oO9pP0aS1dF2gG3hH4jJ5kK6lL7zZ8xX9cC0vB1nN2mQ3wE4rR5tT6yY7uU8iI9oO0pP1aS2dF3gG4hH5jJ6kK7lL8zX9cV0bN1nM2qW3eR4tT5yU6iI7oO8pP9aS0dF1gG2hH3jJ4kK5lL6zZ7xX8cC9vV0bB1nN2mM3qW4eR5tT6yU7iI8oO9pP0aS1dF2gG3hH4jJ5kK6lL7zZ8xX9cC0vB1nN2mQ3wE4rR5tT6yY7uU8iI9oO0pP1aS2dF3gG4hH5jJ6kK7lL8zX9cV0bN1nM2qW3eR4tT5yU6iI7oO8pP9aS0dF1gG2hH3jJ4kK5lL6zZ7xX8cC9vV0bB1nN2mM3qW4eR5tT6yU7iI8oO9pP0aS1dF2gG3hH4jJ5kK6lL7zZ8xX9cC0vB1nN2mQ3wE4rR5tT6yY7uU8iI9oO0pP1aS2dF3gG4hH5jJ6kK7l4hH5jJ6kK7lL8zX9cV0bN1nM2qW3eR4tT5yU6iI7oO8pP9aS0dF1gG2hH3jJ4kK5lL6zZ7xX8cC9vV0bB1nN2mM3qW4eR5tT6yU7iI8oO9pP0aS1dF2gG3hH4jJ5kK6lL7zZ8xX9cC0vB1nN2mQ3wE4rR5tT6yY7uU8iI9oO0pP1aS2dF3gG4hH5jJ6kK7lL8zX9cV0bN1nM2qW3eR4tT5yU6iI7oO8pP9aS0dF1gG2hH3jJ4kK5lL6zZ7xX8cC9vV0bB1nN2mM3qW4eR5tT6yU7iI8oO9pP0aS1dF2gG3hH4jJ5kK6lL7zZ8xX9cC0vB1nN2mQ3wE4rR5tT6yY7uU8iI9oO0pP1aS2dF3gG4hH5jJ6kK7l4hH5jJ6kK7lL8zX9cV0bN1nM2qW3eR4tT5yU6iI7oO8pP9aS0dF1gG2hH3jJ4kK5lL6zZ7xX8cC9vV0bB1nN2mM3qW4eR5tT6yU7iI8oO9pP0aS1dF2gG3hH4jJ5kK6lL7zZ8xX9cC0vB1nN2mQ3wE4rR5tT6yY7uU8iI9oO0pP1aS2dF3gG4hH5jJ6kK7lL8zX9cV0bN1nM2qW3eR4tT5yU6iI7oO8pP9aS0dF1gG2hH3jJ4kK5lL6zZ7xX8cC9vV0bB1nN2mM3qW4eR5tT6yU7iI8oO9pP0aS1dF2gG3hH4jJ5kK6lL7zZ8xX9cC0vB1nN2mQ3wE4rR5tT6yY7uU8iI9oO0pP1aS2dF3gG4hH5jJ6kK7l4hH5jJ6kK7lL8zX9cV0bN1nM2qW3eR4tT5yU6iI7oO8pP9aS0dF1gG2hH3jJ4kK5lL6zZ7xX8cC9vV0bB1nN2mM3qW4eR5tT6yU7iI8oO9pP0aS1dF2gG3hH4jJ5kK6lL7zZ8xX9cC0vB1nN2mQ3wE4rR5tT6yY7uU8iI9oO0pP1aS2dF3gG4hH5jJ6kK7lL8zX9cV0bN1nM2qW3eR4tT5yU6iI7oO8pP9aS0dF1gG2hH3jJ4kK5lL6zZ7xX8cC9vV0bB1nN2mM3qW4eR5tT6yU7iI8oO9pP0aS1dF2gG3hH4jJ5kK6lL7zZ8xX9cC0vB1nN2mQ3wE4rR5tT6yY7uU8iI9oO0pP1aS2dF3gG4hH5jJ6kK7l4hH5jJ6kK7lL8zX9cV0bN1nM2qW3eR4tT5yU6iI7oO8pP9aS0dF1gG2hH3jJ4kK5lL6zZ7xX8cC9vV0bB1nN2mM3qW4eR5tT6yU7iI8oO9pP0aS1dF2gG3hH4jJ5kK6lL7zZ8xX9cC0vB1nN2mQ3wE4rR5tT6yY7uU8iI9oO0pP1aS2dF3gG4hH5jJ6kK7lL8zX9cV0bN1nM2qW3eR4tT5yU6iI7oO8pP9aS0dF1gG2hH3jJ4kK5lL6zZ7xX8cC9vV0bB1nN2mM3qW4eR5tT6yU7iI8oO9pP0aS1dF2gG3hH4jJ5kK6lL7zZ8xX9cC0vB1nN2mQ3wE4rR5tT6yY7uU8iI9oO0pP1aS2dF3gG4hH5jJ6kK7l4hH5jJ6kK7lL8zX9cV0bN1nM2qW3eR4tT5yU6iI7oO8pP9aS0dF1gG2hH3jJ4kK5lL6zZ7xX8cC9vV0bB1nN2mM3qW4eR5tT6yU7iI8oO9pP0aS1dF2gG3hH4jJ5kK6lL7zZ8xX9cC0vB1nN2mQ3wE4rR5tT6yY7uU8iI9oO0pP1aS2dF3gG4hH5jJ6kK7lL8zX9cV0bN1nM2qW3eR4tT5yU6iI7oO8pP9aS0dF1gG2hH3jJ4kK5lL6zZ7xX8cC9vV0bB1nN2mM3qW4eR5tT6yU7iI8oO9pP0aS1dF2gG3hH4jJ5kK6lL7zZ8xX9cC0vB1nN2mQ3wE4rR5tT6yY7uU8iI9oO0pP1aS2dF3gG4hH5jJ6kK7l4hH5jJ6kK7lL8zX9cV0bN1nM2qW3eR4tT5yU6iI7oO8pP9aS0dF1gG2hH3jJ4kK5lL6zZ7xX8cC9vV0bB1nN2mM3qW4eR5tT6yU7iI8oO9pP0aS1dF2gG3hH4jJ5kK6lL7zZ8xX9cC0vB1nN2mQ3wE4rR5tT6yY7uU8iI9oO0pP1aS2dF3gG4hH5jJ6kK7lL8zX9cV0bN1nM2qW3eR4tT5yU6iI7oO8pP9aS0dF1gG2hH3jJ4kK5lL6zZ7xX8cC9vV0bB1nN2mM3qW4eR5tT6yU7iI8oO9pP0aS1dF2gG3hH4jJ5kK6lL7zZ8xX9cC0vB1nN2mQ3wE4rR5tT6yY7uU8iI9oO0pP1aS2dF3gG4hH5jJ6kK7l4hH5jJ6kK7lL8zX9cV0bN1nM2qW3eR4tT5yU6iI7oO8pP9aS0dF1gG2hH3jJ4kK5lL6zZ7xX8cC9vV0bB1nN2mM3qW4eR5tT6yU7iI8oO9pP0aS1dF2gG3hH4jJ5kK6lL7zZ8xX9cC0vB1nN2mQ3wE4rR5tT6yY7uU8iI9oO0pP1aS2dF3gG4hH5jJ6kK7lL8zX9cV0bN1nM2qW3eR4tT5yU6iI7oO8pP9aS0dF1gG2hH3jJ4kK5lL6zZ7xX8cC9vV0bB1nN2mM3qW4eR5tT6yU7iI8oO9pP0aS1dF2gG3hH4jJ5kK6lL7zZ8xX9cC0vB1nN2mQ3wE4rR5tT6yY7uU8iI9oO0pP1aS2dF3gG4hH5jJ6kK7l4hH5jJ6kK7lL8zX9cV0bN1nM2qW3eR4tT5yU6iI7oO8pP9aS0dF1gG2hH3jJ4kK5lL6z8zX9cV0bN1nM2qW3eR4tT5yU6iI7oO8pP9aS0dF1gG2hH3jJ4kK5lL6zZ7xX8cC9vV0bB1nN2mM3qW4eR5tT6yU7iI8oO9pP0aS1dF2gG3hH4jJ5kK6lL7zZ8xX9cC0vB1nN2mQ3wE4rR5tT6yY7uU8iI9oO0pP1aS2dF3gG4hH5jJ6kK7l4hH5jJ6kK7lL8zX9cV0bN1nM2qW3eR4tT5yU6iI7oO8pP9aS0dF1gG2hH3jJ4kK5lL6zZ7xX8cC9vV0bB1nN2mM3qW4eR5tT6yU7iI8oO9pP0aS1dF2gG3hH4jJ5kK6lL7zZ8xX9cC0vB1nN2mQ3wE4rR5tT6yY7uU8iI9oO0pP1aS2dF3gG4hH5jJ6kK7lL8zX9cV0bN1nM2qW3eR4tT5yU6iI7oO8pP9aS0dF1gG2hH3jJ4kK5lL6zZ7xX8cC9vV0bB1nN2mM3qW4eR5tT6yU7iI8oO9pP0aS1dF2gG3hH4jJ5kK6lL7zZ8xX9cC0vB1nN2mQ3wE4rR5tT6yY7uU8iI9oO0pP1aS2dF3gG4hH5jJ6kK7l4hH5jJ6kK7lL8zX9cV0bN1nM2qW3eR4tT5yU6iI7oO8pP9aS0dF1gG2hH3jJ4kK5lL6zZ7xX8cC9vV0bB1nN2mM3qW4eR5tT6yU7iI8oO9pP0aS1dF2gG3hH4jJ5kK6lL7zZ8xX9cC0vB1nN2mQ3wE4rR5tT6yY7uU8iI9oO0pP1aS2dF3gG4hH5jJ6kK7lL8zX9cV0bN1nM2qW3eR4tT5yU6iI7oO8pP9aS0dF1gG2hH3jJ4kK5lL6zZ7xX8cC9vV0bB1nN2mM3qW4eR5tT6yU7iI8oO9pP0aS1dFzX9cV0bN1nM2qW3eR4tT5yU6iI7oO8pP9aS0dF1gG2hH3jJ4kK5lL6zZ7xX8cC9vV0bB1nN2mM3qW4eR5tT6yU7iI8oO9pP0aS1dF2gG3hH4jJ5kK6lL7zZ8xX9cC0vB1nN2mQ3wE4rR5tT6yY7uU8iI9oO0pP1aS2dF3gG4hH5jJ6kK7lL8zX9cV0bN1nM2qW3eR4tT5yU6iI7oO8pP9aS0dF1gG2hH3jJ4kK5lL6zZ7xX8cC9vV0bB1nN2mM3qW4eR5tT6yU7iI8oO9pP0aS1dF2gG3hH4jJ5kK6lL7zZ8xX9cC0vB1nN2mQ3wE4rR5tT6yY7uU8iI9oO0pP1aS2dF3gG4hH5jJ6kK7l4hH5jJ6kK7lL8zX9cV0bN1nM2qW3eR4tT5yU6iI7oO8pP9aS0dF1gG2hH3jJ4kK5lL6zZ7xX8cC9vV0bB1nN2mM3qW4eR5tT6yU7iI8oO9pP0aS1dF2gG3hH4jJ5kK6lL7zZ8xX9cC0vB1nN2mQ3wE4rR5tT6yY7uU8iI9oO0pP1aS2dF3gG4hH5jJ6kK7lL8zX9cV0bN1nM2qW3eR4tT5yU6iI7oO8pP9aS0dF1gG2hH3jJ4kK5lL6zZ7xX8cC9vV0bB1nN2mM3qW4eR5tT6yU7iI8oO9pP0aS1dF2gG3hH4jJ5kK6lL7zZ8xX9cC0vB1nN2mQ3wE4rR5tT6yY7uU8iI9oO0pP1aS2dF3gG4hH5jJ6kK7l4hH5jJ6kK7lL8zX9cV0bN1nM2qW3eR4tT5yU6iI7oO8pP9aS0dF1gG2hH3jJ4kK5lL6zZ7xX8cC9vV0bB1nN2mM3qW4eR5tT6yU7iI8oO9pP0aS1dF2gG3hH4jJ5kK6lL7zZ8xX9cC0vB1nN2mQ3wE4rR5tT6yY7uU8iI9oO0pP1aS2dF3gG4hH5jJ6kK7lL8zX9cV0bN1nM2qW3eR4tT5yU6iI7oO8pP9aS0dF1gG2hH3jJ4kK5lL6zZ7xX8cC9vV0bB1nN2mM3qW4eR5tT6yU7iI8oO9pP0aS1dF2gG3hH4jJ5kK6lL7zZ8xX9cC0vB1nN2mQ3wE4rR5tT6yY7uU8iI9oO0pP1aS2dF3gG4hH5jJ6kK7l4hH5jJ6kK7lL8zX9cV0bN1nM2qW3eR4tT5yU6iI7oO8pP9aS0dF1gG2hH3jJ4kK5lL6zZ7xX8cC9vV0bB1nN2mM3qW4eR5tT6yU7iI8oO9pP0aS1dF2gG3hH4jJ5kK6lL7zZ8xX9cC0vB1nN2mQ3wE4rR5tT6yY7uU8iI9oO0pP1aS2dF3gG4hH5jJ6kK7lL8zX9cV0bN1nM2qW3eR4tT5yU6iI7oO8pP9aS0dF1gG2hH3jJ4kK5lL6zZ7xX8cC9vV0bB1nN2mM3qW4eR5tT6yU7iI8oO9pP0aS1dF2gG3hH4jJ5kK6lL7zZ8xX9cC0vB1nN2mQ3wE4rR5tT6yY7uU8iI9oO0pP1aS2dF3gG4hH5jJ6kK7l4hH5jJ6kK7lL8zX9cV0bN1nM2qW3eR4tT5yU6iI7oO8pP9aS0dF1gG2hH3jJ4kK5lL6zZ7xX8cC9vV0bB1nN2mM3qW4eR5tT6yU7iI8oO9pP0aS1dF2gG3hH4jJ5kK6lL7zZ8xX9cC0vB1nN2mQ3wE4rR5tT6yY7uU8iI9oO0pP1aS2dF3gG4hH5jJ6kK7lL8zX9cV0bN1nM2qW3eR4tT5yU6iI7oO8pP9aS0dF1gG2hH3jJ4kK5lL6zZ7xX8cC9vV0bB1nN2mM3qW4eR5tT6yU7iI8oO9pP0aS1dF2gG3hH4jJ5kK6lL7zZ8xX9cC0vB1nN2mQ3wE4rR5tT6yY7uU8iI9oO0pP1aS2dF3gG4hH5jJ6kK7l4hH5jJ6kK7lL8zX9cV0bN1nM2qW3eR4tT5yU6iI7oO8pP9aS0dF1gG2hH3jJ4kK5lL6z7nB9vR2mX8kLp4QjW3tY5zH1aG6sF9dD0fS8gA7hJ6kL5mN4bV3vC2xZ1oP9iU8uY7tT6rR5eE4wW3qQ2aZ1sX2dC3fV4gB5hN6jM7kL8pO9iU0yT1rE2wQ3aS4dF5gG6hH7jJ8kK9lL0zZ1xX2cC3vV4bB5nN6mM7qQ8wW9eE0rR1tT2yY3uU4iI5oO6pP7aA8sS9dD0fF1gG2hH3jJ4kK5lL6zZ7xX8cC9vV0bB1nN2mM3qW4eR5tT6yU7iI8oO9pP0aS1dF2gG3hH4jJ5kK6lL7zZ8xX9cC0vB1nN2mQ3wE4rR5tT6yY7uU8iI9oO0pP1aS2dF3gG4hH5jJ6kK7lL8zX9cV0bN1nM2qW3eR4tT5yU6iI7oO8pP9aS0dF1gG2hH3jJ4kK5lL6zZ7xX8cC9vV0bB1nN2mM3qW4eR5tT6yU7iI8oO9pP0aS1dF2gG3hH4jJ5kK6lL7zZ8xX9cC0vB1nN2mQ3wE4rR5tT6yY7uU8iI9oO0pP1aS2dF3gG4hH5jJ6kK7lL8zX9cV0bN1nM2qW3eR4tT5yU6iI7oO8pP9aS0dF1gG2hH3jJ4kK5lL6zZ7xX8cC9vV0bB1nN2mM3qW4eR5tT6yU7iI8oO9pP0aS1dF2gG3hH4jJ5kK6lL7zZ8xX9cC0vB1nN2mQ3wE4rR5tT6yY7uU8iI9oO0pP1aS2dF3gG4hH5jJ6kK7lL8zX9cV0bN1nM2qW3eR4tT5yU6iI7oO8pP9aS0dF1gG2hH3jJ4kK5lL6zZ7xX8cC9vV0bB1nN2mM3qW4eR5tT6yU7iI8oO9pP0aS1dF2gG3hH4jJ5kK6lL7zZ8xX9cC0vB1nN2mQ3wE4rR5tT6yY7uU8iI9oO0pP1aS2dF3gG4hH5jJ6kK7lL8zX9cV0bN1nM2qW3eR4tT5yU6iI7oO8pP9aS0dF1gG2hH3jJ4kK5lL6zZ7xX8cC9vV0bB1nN2mM3qW4eR5tT6yU7iI8oO9pP0aS1dF2gG3hH4jJ5kK6lL7zZ8xX9cC0vB1nN2mQ3wE4rR5tT6yY7uU8iI9oO0pP1aS2dF3gG4hH5jJ6kK7l4hH5jJ6kK7lL8zX9cV0bN1nM2qW3eR4tT5yU6iI7oO8pP9aS0dF1gG2hH3jJ4kK5lL6zZ7xX8cC9vV0bB1nN2mM3qW4eR5tT6yU7iI8oO9pP0aS1dF2gG3hH4jJ5kK6lL7zZ8xX9cC0vB1nN2mQ3wE4rR5tT6yY7uU8iI9oO0pP1aS2dF3gG4hH5jJ6kK7lL8zX9cV0bN1nM2qW3eR4tT5yU6iI7oO8pP9aS0dF1gG2hH3jJ4kK5lL6zZ7xX8cC9vV0bB1nN2mM3qW4eR5tT6yU7iI8oO9pP0aS1dF2gG3hH4jJ5kK6lL7zZ8xX9cC0vB1nN2mQ3wE4rR5tT6yY7uU8iI9oO0pP1aS2dF3gG4hH5jJ6kK7l4hH5jJ6kK7lL8zX9cV0bN1nM2qW3eR4tT5yU6iI7oO8pP9aS0dF1gG2hH3jJ4kK5lL6zZ7xX8cC9vV0bB1nN2mM3qW4eR5tT6yU7iI8oO9pP0aS1dF2gG3hH4jJ5kK6lL7zZ8xX9cC0vB1nN2mQ3wE4rR5tT6yY7uU8iI9oO0pP1aS2dF3gG4hH5jJ6kK7lL8zX9cV0bN1nM2qW3eR4tT5yU6iI7oO8pP9aS0dF1gG2hH3jJ4kK5lL6zZ7xX8cC9vV0bB1nN2mM3qW4eR5tT6yU7iI8oO9pP0aS1dF2gG3hH4jJ5kK6lL7zZ8xX9cC0vB1nN2mQ3wE4rR5tT6yY7uU8iI9oO0pP1aS2dF3gG4hH5jJ6kK7l4hH5jJ6kK7lL8zX9cV0bN1nM2qW3eR4tT5yU6iI7oO8pP9aS0dF1gG2hH3jJ4kK5lL6zZ7xX8cC9vV0bB1nN2mM3qW4eR5tT6yU7iI8oO9pP0aS1dF2gG3hH4jJ5kK6lL7zZ8xX9cC0vB1nN2mQ3wE4rR5tT6yY7uU8iI9oO0pP1aS2dF3gG4hH5jJ6kK7lL8zX9cV0bN1nM2qW3eR4tT5yU6iI7oO8pP9aS0dF1gG2hH3jJ4kK5lL6zZ7xX8cC9vV0bB1nN2mM3qW4eR5tT6yU7iI8oO9pP0aS1dF2gG3hH4jJ5kK6lL7zZ8xX9cC0vB1nN2mQ3wE4rR5tT6yY7uU8iI9oO0pP1aS2dF3gG4hH5jJ6kK7l4hH5jJ6kK7lL8zX9cV0bN1nM2qW3eR4tT5yU6iI7oO8pP9aS0dF1gG2hH3jJ4kK5lL6zZ7xX8cC9vV0bB1nN2mM3qW4eR5tT6yU7iI8oO9pP0aS1dF2gG3hH4jJ5kK6lL7zZ8xX9cC0vB1nN2mQ3wE4rR5tT6yY7uU8iI9oO0pP1aS2dF3gG4hH5jJ6kK7lL8zX9cV0bN1nM2qW3eR4tT5yU6iI7oO8pP9aS0dF1gG2hH3jJ4kK5lL6zZ7xX8cC9vV0bB1nN2mM3qW4eR5tT6yU7iI8oO9pP0aS1dF2gG3hH4jJ5kK6lL7zZ8xX9cC0vB1nN2mQ3wE4rR5tT6yY7uU8iI9oO0pP1aS2dF3gG4hH5jJ6kK7l4hH5jJ6kK7lL8zX9cV0bN1nM2qW3eR4tT5yU6iI7oO8pP9aS0dF1gG2hH3jJ4kK5lL6zZ7xX8cC9vV0bB1nN2mM3qW4eR5tT6yU7iI8oO9pP0aS1dF2gG3hH4jJ5kK6lL7zZ8xX9cC0vB1nN2mQ3wE4rR5tT6yY7uU8iI9oO0pP1aS2dF3gG4hH5jJ6kK7lL8zX9cV0bN1nM2qW3eR4tT5yU6iI7oO8pP9aS0dF1gG2hH3jJ4kK5lL6zZ7xX8cC9vV0bB1nN2mM3qW4eR5tT6yU7iI8oO9pP0aS1dF2gG3hH4jJ5kK6lL7zZ8xX9cC0vB1nN2mQ3wE4rR5tT6yY7uU8iI9oO0pP1aS2dF3gG4hH5jJ6kK7l4hH5jJ6kK7lL8zX9cV0bN1nM2qW3eR4tT5yU6iI7oO8pP9aS0dF1gG2hH3jJ4kK5lL6zZ7xX8cC9vV0bB1nN2mM3qW4eR5tT6yU7iI8oO9pP0aS1dF2gG3hH4jJ5kK6lL7zZ8xX9cC0vB1nN2mQ3wE4rR5tT6yY7uU8iI9oO0pP1aS2dF3gG4hH5jJ6kK7lL8zX9cV0bN1nM2qW3eR4tT5yU6iI7oO8pP9aS0dF1gG2hH3jJ4kK5lL6zZ7xX8cC9vV0bB1nN2mM3qW4eR5tT6yU7iI8oO9pP0aS1dF2gG3hH4jJ5kK6lL7zZ8xX9cC0vB1nN2mQ3wE4rR5tT6yY7uU8iI9oO0pP1aS2dF3gG4hH5jJ6kK7l4hH5jJ6kK7lL8zX9cV0bN1nM2qW3eR4tT5yU6iI7oO8pP9aS0dF1gG2hH3jJ4kK5lL6zZ7xX8cC9vV0bB1nN2mM3qW4eR5tT6yU7iI8oO9pP0aS1dF2gG3hH4jJ5kK6lL7zZ8xX9cC0vB1nN2mQ3wE4rR5tT6yY7uU8iI9oO0pP1aS2dF3gG4hH5jJ6kK7lL8zX9cV0bN1nM2qW3eR4tT5yU6iI7oO8pP9aS0dF1gG2hH3jJ4kK5lL6zZ7xX8cC9vV0bB1nN2mM3qW4eR5tT6yU7iI8oO9pP0aS1dF2gG3hH4jJ5kK6lL7zZ8xX9cC0vB1nN2mQ3wE4rR5tT6yY7uU8iI9oO0pP1aS2dF3gG4hH5jJ6kK7l4hH5jJ6kK7lL8zX9cV0bN1nM2qW3eR4tT5yU6iI7oO8pP9aS0dF1gG2hH3jJ4kK5lL6z7nB9vR2mX8kLp4QjW3tY5zH1aG6sF9dD0fS8gA7hJ6kL5mN4bV3vC2xZ1oP9iU8uY7tT6rR5eE4wW3qQ2aZ1sX2dC3fV4gB5hN6jM7kL8pO9iU0yT1rE2wQ3aS4dF5gG6hH7jJ8kK9lL0zZ1xX2cC3vV4bB5nN6mM7qQ8wW9eE0rR1tT2yY3uU4iI5oO6pP7aA8sS9dD0fF1gG2hH3jJ4kK5lL6zZ7xX8cC9vV0bB1nN2mM3qW4eR5tT6yU7iI8oO9pP0aS1dF2gG3hH4jJ5kK6lL7zZ8xX9cC0vB1nN2mQ3wE4rR5tT6yY7uU8iI9oO0pP1aS2dF3gG4hH5jJ6kK7lL8zX9cV0bN1nM2qW3eR4tT5yU6iI7oO8pP9aS0dF1gG2hH3jJ4kK5lL6zZ7xX8cC9vV0bB1nN2mM3qW4eR5tT6yU7iI8oO9pP0aS1dF2gG3hH4jJ5kK6lL7zZ8xX9cC0vB1nN2mQ3wE4rR5tT6yY7uU8iI9oO0pP1aS2dF3gG4hH5jJ6kK7lL8zX9cV0bN1nM2qW3eR4tT5yU6iI7oO8pP9aS0dF1gG2hH3jJ4kK5lL6zZ7xX8cC9vV0bB1nN2mM3qW4eR5tT6yU7iI8oO9pP0aS1dF2gG3hH4jJ5kK6lL7zZ8xX9cC0vB1nN2mQ3wE4rR5tT6yY7uU8iI9oO0pP1aS2dF3gG4hH5jJ6kK7lL8zX9cV0bN1nM2qW3eR4tT5yU6iI7oO8pP9aS0dF1gG2hH3jJ4kK5lL6zZ7xX8cC9vV0bB1nN2mM3qW4eR5tT6yU7iI8oO9pP0aS1dF2gG3hH4jJ5kK6lL7zZ8xX9cC0vB1nN2mQ3wE4rR5tT6yY7uU8iI9oO0pP1aS2dF3gG4hH5jJ6kK7lL8zX9cV0bN1nM2qW3eR4tT5yU6iI7oO8pP9aS0dF1gG2hH3jJ4kK5lL6zZ7xX8cC9vV0bB1nN2mM3qW4eR5tT6yU7iI8oO9pP0aS1dF2gG3hH4jJ5kK6lL7zZ8xX9cC0vB1nN2mQ3wE4rR5tT6yY7uU8iI9oO0pP1aS2dF3gG4hH5jJ6kK7l4hH5jJ6kK7lL8zX9cV0bN1nM2qW3eR4tT5yU6iI7oO8pP9aS0dF1gG2hH3jJ4kK5lL6zZ7xX8cC9vV0bB1nN2mM3qW4eR5tT6yU7iI8oO9pP0aS1dF2gG3hH4jJ5kK6lL7zZ8xX9cC0vB1nN2mQ3wE4rR5tT6yY7uU8iI9oO0pP1aS2dF3gG4hH5jJ6kK7lL8zX9cV0bN1nM2qW3eR4tT5yU6iI7oO8pP9aS0dF1gG2hH3jJ4kK5lL6zZ7xX8cC9vV0bB1nN2mM3qW4eR5tT6yU7iI8oO9pP0aS1dF2gG3hH4jJ5kK6lL7zZ8xX9cC0vB1nN2mQ3wE4rR5tT6yY7uU8iI9oO0pP1aS2dF3gG4hH5jJ6kK7l4hH5jJ6kK7lL8zX9cV0bN1nM2qW3eR4tT5yU6iI7oO8pP9aS0dF1gG2hH3jJ4kK5lL6zZ7xX8cC9vV0bB1nN2mM3qW4eR5tT6yU7iI8oO9pP0aS1dF2gG3hH4jJ5kK6lL7zZ8xX9cC0vB1nN2mQ3wE4rR5tT6yY7uU8iI9oO0pP1aS2dF3gG4hH5jJ6kK7lL8zX9cV0bN1nM2qW3eR4tT5yU6iI7oO8pP9aS0dF1gG2hH3jJ4kK5lL6zZ7xX8cC9vV0bB1nN2mM3qW4eR5tT6yU7iI8oO9pP0aS1dF2gG3hH4jJ5kK6lL7zZ8xX9cC0vB1nN2mQ3wE4rR5tT6yY7uU8iI9oO0pP1aS2dF3gG4hH5jJ6kK7l4hH5jJ6kK7lL8zX9cV0bN1nM2qW3eR4tT5yU6iI7oO8pP9aS0dF1gG2hH3jJ4kK5lL6zZ7xX8cC9vV0bB1nN2mM3qW4eR5tT6yU7iI8oO9pP0aS1dF2gG3hH4jJ5kK6lL7zZ8xX9cC0vB1nN2mQ3wE4rR5tT6yY7uU8iI9oO0pP1aS2dF3gG4hH5jJ6kK7lL8zX9cV0bN1nM2qW3eR4tT5yU6iI7oO8pP9aS0dF1gG2hH3jJ4kK5lL6zZ7xX8cC9vV0bB1nN2mM3qW4eR5tT6yU7iI8oO9pP0aS1dF2gG3hH4jJ5kK6lL7zZ8xX9cC0vB1nN2mQ3wE4rR5tT6yY7uU8iI9oO0pP1aS2dF3gG4hH5jJ6kK7l4hH5jJ6kK7lL8zX9cV0bN1nM2qW3eR4tT5yU6iI7oO8pP9aS0dF1gG2hH3jJ4kK5lL6zZ7xX8cC9vV0bB1nN2mM3qW4eR5tT6yU7iI8oO9pP0aS1dF2gG3hH4jJ5kK6lL7zZ8xX9cC0vB1nN2mQ3wE4rR5tT6yY7uU8iI9oO0pP1aS2dF3gG4hH5jJ6kK7lL8zX9cV0bN1nM2qW3eR4tT5yU6iI7oO8pP9aS0dF1gG2hH3jJ4kK5lL6zZ7xX8cC9vV0bB1nN2mM3qW4eR5tT6yU7iI8oO9pP0aS1dF2gG3hH4jJ5kK6lL7zZ8xX9cC0vB1nN2mQ3wE4rR5tT6yY7uU8iI9oO0pP1aS2dF3gG4hH5jJ6kK7l4hH5jJ6kK7lL8zX9cV0bN1nM2qW3eR4tT5yU6iI7oO8pP9aS0dF1gG2hH3jJ4kK5lL6zZ7xX8cC9vV0bB1nN2mM3qW4eR5tT6yU7iI8oO9pP0aS1dF2gG3hH4jJ5kK6lL7zZ8xX9cC0vB1nN2mQ3wE4rR5tT6yY7uU8iI9oO0pP1aS2dF3gG4hH5jJ6kK7lL8zX9cV0bN1nM2qW3eR4tT5yU6iI7oO8pP9aS0dF1gG2hH3jJ4kK5lL6zZ7xX8cC9vV0bB1nN2mM3qW4eR5tT6yU7iI8oO9pP0aS1dF2gG3hH4jJ5kK6lL7zZ8xX9cC0vB1nN2mQ3wE4rR5tT6yY7uU8iI9oO0pP1aS2dF3gG4hH5jJ6kK7l4hH5jJ6kK7lL8zX9cV0bN1nM2qW3eR4tT5yU6iI7oO8pP9aS0dF1gG2hH3jJ4kK5lL6zZ7xX8cC9vV0bB1nN2mM3qW4eR5tT6yU7iI8oO9pP0aS1dF2gG3hH4jJ5kK6lL7zZ8xX9cC0vB1nN2mQ3wE4rR5tT6yY7uU8iI9oO0pP1aS2dF3gG4hH5jJ6kK7lL8zX9cV0bN1nM2qW3eR4tT5yU6iI7oO8pP9aS0dF1gG2hH3jJ4kK5lL6zZ7xX8cC9vV0bB1nN2mM3qW4eR5tT6yU7iI8oO9pP0aS1dF2gG3hH4jJ5kK6lL7zZ8xX9cC0vB1nN2mQ3wE4rR5tT6yY7uU8iI9oO0pP1aS2dF3gG4hH5jJ6kK7l4hH5jJ6kK7lL8zX9cV0bN1nM2qW3eR4tT5yU6iI7oO8pP9aS0dF1gG2hH3jJ4kK5lL6zZ7xX8cC9vV0bB1nN2mM3qW4eR5tT6yU7iI8oO9pP0aS1dF2gG3hH4jJ5kK6lL7zZ8xX9cC0vB1nN2mQ3wE4rR5tT6yY7uU8iI9oO0pP1aS2dF3gG4hH5jJ6kK7lL8zX9cV0bN1nM2qW3eR4tT5yU6iI7oO8pP9aS0dF1gG2hH3jJ4kK5lL6zZ7xX8cC9vV0bB1nN2mM3qW4eR5tT6yU7iI8oO9pP0aS1dF2gG3hH4jJ5kK6lL7zZ8xX9cC0vB1nN2mQ3wE4rR5tT6yY7uU8iI9oO0pP1aS2dF3gG4hH5jJ6kK7l4hH5jJ6kK7lL8zX9cV0bN1nM2qW3eR4tT5yU6iI7oO8pP9aS0dF1gG2hH3jJ4kK5lL6z7nB9vR2mX8kLp4QjW3tY5zH1aG6sF9dD0fS8gA7hJ6kL5mN4bV3vC2xZ1oP9iU8uY7tT6rR5eE4wW3qQ2aZ1sX2dC3fV4gB5hN6jM7kL8pO9iU0yT1rE2wQ3aS4dF5gG6hH7jJ8kK9lL0zZ1xX2cC3vV4bB5nN6mM7qQ8wW9eE0rR1tT2yY3uU4iI5oO6pP7aA8sS9dD0fF1gG2hH3jJ4kK5lL6zZ7xX8cC9vV0bB1nN2mM3qW4eR5tT6yU7iI8oO9pP0aS1dF2gG3hH4jJ5kK6lL7zZ8xX9cC0vB1nN2mQ3wE4rR5tT6yY7uU8iI9oO0pP1aS2dF3gG4hH5jJ6kK7lL8zX9cV0bN1nM2qW3eR4tT5yU6iI7oO8pP9aS0dF1gG2hH3jJ4kK5lL6zZ7xX8cC9vV0bB1nN2mM3qW4eR5tT6yU7iI8oO9pP0aS1dF2gG3hH4jJ5kK6lL7zZ8xX9cC0vB1nN2mQ3wE4rR5tT6yY7uU8iI9oO0pP1aS2dF3gG4hH5jJ6kK7lL8zX9cV0bN1nM2qW3eR4tT5yU6iI7oO8pP9aS0dF1gG2hH3jJ4kK5lL6zZ7xX8cC9vV0bB1nN2mM3qW4eR5tT6yU7iI8oO9pP0aS1dF2gG3hH4jJ5kK6lL7zZ8xX9cC0vB1nN2mQ3wE4rR5tT6yY7uU8iI9oO0pP1aS2dF3gG4hH5jJ6kK7lL8zX9cV0bN1nM2qW3eR4tT5yU6iI7oO8pP9aS0dF1gG2hH3jJ4kK5lL6zZ7xX8cC9vV0bB1nN2mM3qW4eR5tT6yU7iI8oO9pP0aS1dF2gG3hH4jJ5kK6lL7zZ8xX9cC0vB1nN2mQ3wE4rR5tT6yY7uU8iI9oO0pP1aS2dF3gG4hH5jJ6kK7lL8zX9cV0bN1nM2qW3eR4tT5yU6iI7oO8pP9aS0dF1gG2hH3jJ4kK5lL6zZ7xX8cC9vV0bB1nN2mM3qW4eR5tT6yU7iI8oO9pP0aS1dF2gG3hH4jJ5kK6lL7zZ8xX9cC0vB1nN2mQ3wE4rR5tT6yY7uU8iI9oO0pP1aS2dF3gG4hH5jJ6kK7l4hH5jJ6kK7lL8zX9cV0bN1nM2qW3eR4tT5yU6iI7oO8pP9aS0dF1gG2hH3jJ4kK5lL6zZ7xX8cC9vV0bB1nN2mM3qW4eR5tT6yU7iI8oO9pP0aS1dF2gG3hH4jJ5kK6lL7zZ8xX9cC0vB1nN2mQ3wE4rR5tT6yY7uU8iI9oO0pP1aS2dF3gG4hH5jJ6kK7lL8zX9cV0bN1nM2qW3eR4tT5yU6iI7oO8pP9aS0dF1gG2hH3jJ4kK5lL6zZ7xX8cC9vV0bB1nN2mM3qW4eR5tT6yU7iI8oO9pP0aS1dF2gG3hH4jJ5kK6lL7zZ8xX9cC0vB1nN2mQ3wE4rR5tT6yY7uU8iI9oO0pP1aS2dF3gG4hH5jJ6kK7l4hH5jJ6kK7lL8zX9cV0bN1nM2qW3eR4tT5yU6iI7oO8pP9aS0dF1gG2hH3jJ4kK5lL6zZ7xX8cC9vV0bB1nN2mM3qW4eR5tT6yU7iI8oO9pP0aS1dF2gG3hH4jJ5kK6lL7zZ8xX9cC0vB1nN2mQ3wE4rR5tT6yY7uU8iI9oO0pP1aS2dF3gG4hH5jJ6kK7lL8zX9cV0bN1nM2qW3eR4tT5yU6iI7oO8pP9aS0dF1gG2hH3jJ4kK5lL6zZ7xX8cC9vV0bB1nN2mM3qW4eR5tT6yU7iI8oO9pP0aS1dF2gG3hH4jJ5kK6lL7zZ8xX9cC0vB1nN2mQ3wE4rR5tT6yY7uU8iI9oO0pP1aS2dF3gG4hH5jJ6kK7l4hH5jJ6kK7lL8zX9cV0bN1nM2qW3eR4tT5yU6iI7oO8pP9aS0dF1gG2hH3jJ4kK5lL6zZ7xX8cC9vV0bB1nN2mM3qW4eR5tT6yU7iI8oO9pP0aS1dF2gG3hH4jJ5kK6lL7zZ8xX9cC0vB1nN2mQ3wE4rR5tT6yY7uU8iI9oO0pP1aS2dF3gG4hH5jJ6kK7lL8zX9cV0bN1nM2qW3eR4tT5yU6iI7oO8pP9aS0dF1gG2hH3jJ4kK5lL6zZ7xX8cC9vV0bB1nN2mM3qW4eR5tT6yU7iI8oO9pP0aS1dF2gG3hH4jJ5kK6lL7zZ8xX9cC0vB1nN2mQ3wE4rR5tT6yY7uU8iI9oO0pP1aS2dF3gG4hH5jJ6kK7l4hH5jJ6kK7lL8zX9cV0bN1nM2qW3eR4tT5yU6iI7oO8pP9aS0dF1gG2hH3jJ4kK5lL6zZ7xX8cC9vV0bB1nN2mM3qW4eR5tT6yU7iI8oO9pP0aS1dF2gG3hH4jJ5kK6lL7zZ8xX9cC0vB1nN2mQ3wE4rR5tT6yY7uU8iI9oO0pP1aS2dF3gG4hH5jJ6kK7lL8zX9cV0bN1nM2qW3eR4tT5yU6iI7oO8pP9aS0dF1gG2hH3jJ4kK5lL6zZ7xX8cC9vV0bB1nN2mM3qW4eR5tT6yU7iI8oO9pP0aS1dF2gG3hH4jJ5kK6lL7zZ8xX9cC0vB1nN2mQ3wE4rR5tT6yY7uU8iI9oO0pP1aS2dF3gG4hH5jJ6kK7l4hH5jJ6kK7lL8zX9cV0bN1nM2qW3eR4tT5yU6iI7oO8pP9aS0dF1gG2hH3jJ4kK5lL6zZ7xX8cC9vV0bB1nN2mM3qW4eR5tT6yU7iI8oO9pP0aS1dF2gG3hH4jJ5kK6lL7zZ8xX9cC0vB1nN2mQ3wE4rR5tT6yY7uU8iI9oO0pP1aS2dF3gG4hH5jJ6kK7lL8zX9cV0bN1nM2qW3eR4tT5yU6iI7oO8pP9aS0dF1gG2hH3jJ4kK5lL6zZ7xX8cC9vV0bB1nN2mM3qW4eR5tT6yU7iI8oO9pP0aS1dF2gG3hH4jJ5kK6lL7zZ8xX9cC0vB1nN2mQ3wE4rR5tT6yY7uU8iI9oO0pP1aS2dF3gG4hH5jJ6kK7l4hH5jJ6kK7lL8zX9cV0bN1nM2qW3eR4tT5yU6iI7oO8pP9aS0dF1gG2hH3jJ4kK5lL6zZ7xX8cC9vV0bB1nN2mM3qW4eR5tT6yU7iI8oO9pP0aS1dF2gG3hH4jJ5kK6lL7zZ8xX9cC0vB1nN2mQ3wE4rR5tT6yY7uU8iI9oO0pP1aS2dF3gG4hH5jJ6kK7lL8zX9cV0bN1nM2qW3eR4tT5yU6iI7oO8pP9aS0dF1gG2hH3jJ4kK5lL6zZ7xX8cC9vV0bB1nN2mM3qW4eR5tT6yU7iI8oO9pP0aS1dF2gG3hH4jJ5kK6lL7zZ8xX9cC0vB1nN2mQ3wE4rR5tT6yY7uU8iI9oO0pP1aS2dF3gG4hH5jJ6kK7l4hH5jJ6kK7lL8zX9cV0bN1nM2qW3eR4tT5yU6iI7oO8pP9aS0dF1gG2hH3jJ4kK5lL6zZ7xX8cC9vV0bB1nN2mM3qW4eR5tT6yU7iI8oO9pP0aS1dF2gG3hH4jJ5kK6lL7zZ8xX9cC0vB1nN2mQ3wE4rR5tT6yY7uU8iI9oO0pP1aS2dF3gG4hH5jJ6kK7lL8zX9cV0bN1nM2qW3eR4tT5yU6iI7oO8pP9aS0dF1gG2hH3jJ4kK5lL6zZ7xX8cC9vV0bB1nN2mM3qW4eR5tT6yU7iI8oO9pP0aS1dF2gG3hH4jJ5kK6lL7zZ8xX9cC0vB1nN2mQ3wE4rR5tT6yY7uU8iI9oO0pP1aS2dF3gG4hH5jJ6kK7l4hH5jJ6kK7lL8zX9cV0bN1nM2qW3eR4tT5yU6iI7oO8pP9aS0dF1gG2hH3jJ4kK5lL6z7nB9vR2mX8kLp4QjW3tY5zH1aG6sF9dD0fS8gA7hJ6kL5mN4bV3vC2xZ1oP9iU8uY7tT6rR5eE4wW3qQ2aZ1sX2dC3fV4gB5hN6jM7kL8pO9iU0yT1rE2wQ3aS4dF5gG6hH7jJ8kK9lL0zZ1xX2cC3vV4bB5nN6mM7qQ8wW9eE0rR1tT2yY3uU4iI5oO6pP7aA8sS9dD0fF1gG2hH3jJ4kK5lL6zZ7xX8cC9vV0bB1nN2mM3qW4eR5tT6yU7iI8oO9pP0aS1dF2gG3hH4jJ5kK6lL7zZ8xX9cC0vB1nN2mQ3wE4rR5tT6yY7uU8iI9oO0pP1aS2dF3gG4hH5jJ6kK7lL8zX9cV0bN1nM2qW3eR4tT5yU6iI7oO8pP9aS0dF1gG2hH3jJ4kK5lL6zZ7xX8cC9vV0bB1nN2mM3qW4eR5tT6yU7iI8oO9pP0aS1dF2gG3hH4jJ5kK6lL7zZ8xX9cC0vB1nN2mQ3wE4rR5tT6yY7uU8iI9oO0pP1aS2dF3gG4hH5jJ6kK7lL8zX9cV0bN1nM2qW3eR4tT5yU6iI7oO8pP9aS0dF1gG2hH3jJ4kK5lL6zZ7xX8cC9vV0bB1nN2mM3qW4eR5tT6yU7iI8oO9pP0aS1dF2gG3hH4jJ5kK6lL7zZ8xX9cC0vB1nN2mQ3wE4rR5tT6yY7uU8iI9oO0pP1aS2dF3gG4hH5jJ6kK7lL8zX9cV0bN1nM2qW3eR4tT5yU6iI7oO8pP9aS0dF1gG2hH3jJ4kK5lL6zZ7xX8cC9vV0bB1nN2mM3qW4eR5tT6yU7iI8oO9pP0aS1dF2gG3hH4jJ5kK6lL7zZ8xX9cC0vB1nN2mQ3wE4rR5tT6yY7uU8iI9oO0pP1aS2dF3gG4hH5jJ6kK7lL8zX9cV0bN1nM2qW3eR4tT5yU6iI7oO8pP9aS0dF1gG2hH3jJ4kK5lL6zZ7xX8cC9vV0bB1nN2mM3qW4eR5tT6yU7iI8oO9pP0aS1dF2gG3hH4jJ5kK6lL7zZ8xX9cC0vB1nN2mQ3wE4rR5tT6yY7uU8iI9oO0pP1aS2dF3gG4hH5jJ6kK7l4hH5jJ6kK7lL8zX9cV0bN1nM2qW3eR4tT5yU6iI7oO8pP9aS0dF1gG2hH3jJ4kK5lL6zZ7xX8cC9vV0bB1nN2mM3qW4eR5tT6yU7iI8oO9pP0aS1dF2gG3hH4jJ5kK6lL7zZ8xX9cC0vB1nN2mQ3wE4rR5tT6yY7uU8iI9oO0pP1aS2dF3gG4hH5jJ6kK7lL8zX9cV0bN1nM2qW3eR4tT5yU6iI7oO8pP9aS0dF1gG2hH3jJ4kK5lL6zZ7xX8cC9vV0bB1nN2mM3qW4eR5tT6yU7iI8oO9pP0aS1dF2gG3hH4jJ5kK6lL7zZ8xX9cC0vB1nN2mQ3wE4rR5tT6yY7uU8iI9oO0pP1aS2dF3gG4hH5jJ6kK7l4hH5jJ6kK7lL8zX9cV0bN1nM2qW3eR4tT5yU6iI7oO8pP9aS0dF1gG2hH3jJ4kK5lL6zZ7xX8cC9vV0bB1nN2mM3qW4eR5tT6yU7iI8oO9pP0aS1dF2gG3hH4jJ5kK6lL7zZ8xX9cC0vB1nN2mQ3wE4rR5tT6yY7uU8iI9oO0pP1aS2dF3gG4hH5jJ6kK7lL8zX9cV0bN1nM2qW3eR4tT5yU6iI7oO8pP9aS0dF1gG2hH3jJ4kK5lL6zZ7xX8cC9vV0bB1nN2mM3qW4eR5tT6yU7iI8oO9pP0aS1dF2gG3hH4jJ5kK6lL7zZ8xX9cC0vB1nN2mQ3wE4rR5tT6yY7uU8iI9oO0pP1aS2dF3gG4hH5jJ6kK7l4hH5jJ6kK7lL8zX9cV0bN1nM2qW3eR4tT5yU6iI7oO8pP9aS0dF1gG2hH3jJ4kK5lL6zZ7xX8cC9vV0bB1nN2mM3qW4eR5tT6yU7iI8oO9pP0aS1dF2gG3hH4jJ5kK6lL7zZ8xX9cC0vB1nN2mQ3wE4rR5tT6yY7uU8iI9oO0pP1aS2dF3gG4hH5jJ6kK7lL8zX9cV0bN1nM2qW3eR4tT5yU6iI7oO8pP9aS0dF1gG2hH3jJ4kK5lL6zZ7xX8cC9vV0bB1nN2mM3qW4eR5tT6yU7iI8oO9pP0aS1dF2gG3hH4jJ5kK6lL7zZ8xX9cC0vB1nN2mQ3wE4rR5tT6yY7uU8iI9oO0pP1aS2dF3gG4hH5jJ6kK7l4hH5jJ6kK7lL8zX9cV0bN1nM2qW3eR4tT5yU6iI7oO8pP9aS0dF1gG2hH3jJ4kK5lL6zZ7xX8cC9vV0bB1nN2mM3qW4eR5tT6yU7iI8oO9pP0aS1dF2gG3hH4jJ5kK6lL7zZ8xX9cC0vB1nN2mQ3wE4rR5tT6yY7uU8iI9oO0pP1aS2dF3gG4hH5jJ6kK7lL8zX9cV0bN1nM2qW3eR4tT5yU6iI7oO8pP9aS0dF1gG2hH3jJ4kK5lL6zZ7xX8cC9vV0bB1nN2mM3qW4eR5tT6yU7iI8oO9pP0aS1dF2gG3hH4jJ5kK6lL7zZ8xX9cC0vB1nN2mQ3wE4rR5tT6yY7uU8iI9oO0pP1aS2dF3gG4hH5jJ6kK7l4hH5jJ6kK7lL8zX9cV0bN1nM2qW3eR4tT5yU6iI7oO8pP9aS0dF1gG2hH3jJ4kK5lL6zZ7xX8cC9vV0bB1nN2mM3qW4eR5tT6yU7iI8oO9pP0aS1dF2gG3hH4jJ5kK6lL7zZ8xX9cC0vB1nN2mQ3wE4rR5tT6yY7uU8iI9oO0pP1aS2dF3gG4hH5jJ6kK7lL8zX9cV0bN1nM2qW3eR4tT5yU6iI7oO8pP9aS0dF1gG2hH3jJ4kK5lL6zZ7xX8cC9vV0bB1nN2mM3qW4eR5tT6yU7iI8oO9pP0aS1dF2gG3hH4jJ5kK6lL7zZ8xX9cC0vB1nN2mQ3wE4rR5tT6yY7uU8iI9oO0pP1aS2dF3gG4hH5jJ6kK7l4hH5jJ6kK7lL8zX9cV0bN1nM2qW3eR4tT5yU6iI7oO8pP9aS0dF1gG2hH3jJ4kK5lL6zZ7xX8cC9vV0bB1nN2mM3qW4eR5tT6yU7iI8oO9pP0aS1dF2gG3hH4jJ5kK6lL7zZ8xX9cC0vB1nN2mQ3wE4rR5tT6yY7uU8iI9oO0pP1aS2dF3gG4hH5jJ6kK7lL8zX9cV0bN1nM2qW3eR4tT5yU6iI7oO8pP9aS0dF1gG2hH3jJ4kK5lL6zZ7xX8cC9vV0bB1nN2mM3qW4eR5tT6yU7iI8oO9pP0aS1dF2gG3hH4jJ5kK6lL7zZ8xX9cC0vB1nN2mQ3wE4rR5tT6yY7uU8iI9oO0pP1aS2dF3gG4hH5jJ6kK7l4hH5jJ6kK7lL8zX9cV0bN1nM2qW3eR4tT5yU6iI7oO8pP9aS0dF1gG2hH3jJ4kK5lL6zZ7xX8cC9vV0bB1nN2mM3qW4eR5tT6yU7iI8oO9pP0aS1dF2gG3hH4jJ5kK6lL7zZ8xX9cC0vB1nN2mQ3wE4rR5tT6yY7uU8iI9oO0pP1aS2dF3gG4hH5jJ6kK7lL8zX9cV0bN1nM2qW3eR4tT5yU6iI7oO8pP9aS0dF1gG2hH3jJ4kK5lL6zZ7xX8cC9vV0bB1nN2mM3qW4eR5tT6yU7iI8oO9pP0aS1dF2gG3hH4jJ5kK6lL7zZ8xX9cC0vB1nN2mQ3wE4rR5tT6yY7uU8iI9oO0pP1aS2dF3gG4hH5jJ6kK7l4hH5jJ6kK7lL8zX9cV0bN1nM2qW3eR4tT5yU6iI7oO8pP9aS0dF1gG2hH3jJ4kK5lL6z7nB9vR2mX8kLp4QjW3tY5zH1aG6sF9dD0fS8gA7hJ6kL5mN4bV3vC2xZ1oP9iU8uY7tT6rR5eE4wW3qQ2aZ1sX2dC3fV4gB5hN6jM7kL8pO9iU0yT1rE2wQ3aS4dF5gG6hH7jJ8kK9lL0zZ1xX2cC3vV4bB5nN6mM7qQ8wW9eE0rR1tT2yY3uU4iI5oO6pP7aA8sS9dD0fF1gG2hH3jJ4kK5lL6zZ7xX8cC9vV0bB1nN2mM3qW4eR5tT6yU7iI8oO9pP0aS1dF2gG3hH4jJ5kK6lL7zZ8xX9cC0vB1nN2mQ3wE4rR5tT6yY7uU8iI9oO0pP1aS2dF3gG4hH5jJ6kK7lL8zX9cV0bN1nM2qW3eR4tT5yU6iI7oO8pP9aS0dF1gG2hH3jJ4kK5lL6zZ7xX8cC9vV0bB1nN2mM3qW4eR5tT6yU7iI8oO9pP0aS1dF2gG3hH4jJ5kK6lL7zZ8xX9cC0vB1nN2mQ3wE4rR5tT6yY7uU8iI9oO0pP1aS2dF3gG4hH5jJ6kK7lL8zX9cV0bN1nM2qW3eR4tT5yU6iI7oO8pP9aS0dF1gG2hH3jJ4kK5lL6zZ7xX8cC9vV0bB1nN2mM3qW4eR5tT6yU7iI8oO9pP0aS1dF2gG3hH4jJ5kK6lL7zZ8xX9cC0vB1nN2mQ3wE4rR5tT6yY7uU8iI9oO0pP1aS2dF3gG4hH5jJ6kK7lL8zX9cV0bN1nM2qW3eR4tT5yU6iI7oO8pP9aS0dF1gG2hH3jJ4kK5lL6zZ7xX8cC9vV0bB1nN2mM3qW4eR5tT6yU7iI8oO9pP0aS1dF2gG3hH4jJ5kK6lL7zZ8xX9cC0vB1nN2mQ3wE4rR5tT6yY7uU8iI9oO0pP1aS2dF3gG4hH5jJ6kK7lL8zX9cV0bN1nM2qW3eR4tT5yU6iI7oO8pP9aS0dF1gG2hH3jJ4kK5lL6zZ7xX8cC9vV0bB1nN2mM3qW4eR5tT6yU7iI8oO9pP0aS1dF2gG3hH4jJ5kK6lL7zZ8xX9cC0vB1nN2mQ3wE4rR5tT6yY7uU8iI9oO0pP1aS2dF3gG4hH5jJ6kK7l4hH5jJ6kK7lL8zX9cV0bN1nM2qW3eR4tT5yU6iI7oO8pP9aS0dF1gG2hH3jJ4kK5lL6zZ7xX8cC9vV0bB1nN2mM3qW4eR5tT6yU7iI8oO9pP0aS1dF2gG3hH4jJ5kK6lL7zZ8xX9cC0vB1nN2mQ3wE4rR5tT6yY7uU8iI9oO0pP1aS2dF3gG4hH5jJ6kK7lL8zX9cV0bN1nM2qW3eR4tT5yU6iI7oO8pP9aS0dF1gG2hH3jJ4kK5lL6zZ7xX8cC9vV0bB1nN2mM3qW4eR5tT6yU7iI8oO9pP0aS1dF2gG3hH4jJ5kK6lL7zZ8xX9cC0vB1nN2mQ3wE4rR5tT6yY7uU8iI9oO0pP1aS2dF3gG4hH5jJ6kK7l4hH5jJ6kK7lL8zX9cV0bN1nM2qW3eR4tT5yU6iI7oO8pP9aS0dF1gG2hH3jJ4kK5lL6zZ7xX8cC9vV0bB1nN2mM3qW4eR5tT6yU7iI8oO9pP0aS1dF2gG3hH4jJ5kK6lL7zZ8xX9cC0vB1nN2mQ3wE4rR5tT6yY7uU8iI9oO0pP1aS2dF3gG4hH5jJ6kK7lL8zX9cV0bN1nM2qW3eR4tT5yU6iI7oO8pP9aS0dF1gG2hH3jJ4kK5lL6zZ7xX8cC9vV0bB1nN2mM3qW4eR5tT6yU7iI8oO9pP0aS1dF2gG3hH4jJ5kK6lL7zZ8xX9cC0vB1nN2mQ3wE4rR5tT6yY7uU8iI9oO0pP1aS2dF3gG4hH5jJ6kK7l4hH5jJ6kK7lL8zX9cV0bN1nM2qW3eR4tT5yU6iI7oO8pP9aS0dF1gG2hH3jJ4kK5lL6zZ7xX8cC9vV0bB1nN2mM3qW4eR5tT6yU7iI8oO9pP0aS1dF2gG3hH4jJ5kK6lL7zZ8xX9cC0vB1nN2mQ3wE4rR5tT6yY7uU8iI9oO0pP1aS2dF3gG4hH5jJ6kK7lL8zX9cV0bN1nM2qW3eR4tT5yU6iI7oO8pP9aS0dF1gG2hH3jJ4kK5lL6zZ7xX8cC9vV0bB1nN2mM3qW4eR5tT6yU7iI8oO9pP0aS1dF2gG3hH4jJ5kK6lL7zZ8xX9cC0vB1nN2mQ3wE4rR5tT6yY7uU8iI9oO0pP1aS2dF3gG4hH5jJ6kK7l4hH5jJ6kK7lL8zX9cV0bN1nM2qW3eR4tT5yU6iI7oO8pP9aS0dF1gG2hH3jJ4kK5lL6zZ7xX8cC9vV0bB1nN2mM3qW4eR5tT6yU7iI8oO9pP0aS1dF2gG3hH4jJ5kK6lL7zZ8xX9cC0vB1nN2mQ3wE4rR5tT6yY7uU8iI9oO0pP1aS2dF3gG4hH5jJ6kK7lL8zX9cV0bN1nM2qW3eR4tT5yU6iI7oO8pP9aS0dF1gG2hH3jJ4kK5lL6zZ7xX8cC9vV0bB1nN2mM3qW4eR5tT6yU7iI8oO9pP0aS1dF2gG3hH4jJ5kK6lL7zZ8xX9cC0vB1nN2mQ3wE4rR5tT6yY7uU8iI9oO0pP1aS2dF3gG4hH5jJ6kK7l4hH5jJ6kK7lL8zX9cV0bN1nM2qW3eR4tT5yU6iI7oO8pP9aS0dF1gG2hH3jJ4kK5lL6zZ7xX8cC9vV0bB1nN2mM3qW4eR5tT6yU7iI8oO9pP0aS1dF2gG3hH4jJ5kK6lL7zZ8xX9cC0vB1nN2mQ3wE4rR5tT6yY7uU8iI9oO0pP1aS2dF3gG4hH5jJ6kK7lL8zX9cV0bN1nM2qW3eR4tT5yU6iI7oO8pP9aS0dF1gG2hH3jJ4kK5lL6zZ7xX8cC9vV0bB1nN2mM3qW4eR5tT6yU7iI8oO9pP0aS1dF2gG3hH4jJ5kK6lL7zZ8xX9cC0vB1nN2mQ3wE4rR5tT6yY7uU8iI9oO0pP1aS2dF3gG4hH5jJ6kK7l4hH5jJ6kK7lL8zX9cV0bN1nM2qW3eR4tT5yU6iI7oO8pP9aS0dF1gG2hH3jJ4kK5lL6zZ7xX8cC9vV0bB1nN2mM3qW4eR5tT6yU7iI8oO9pP0aS1dF2gG3hH4jJ5kK6lL7zZ8xX9cC0vB1nN2mQ3wE4rR5tT6yY7uU8iI9oO0pP1aS2dF3gG4hH5jJ6kK7lL8zX9cV0bN1nM2qW3eR4tT5yU6iI7oO8pP9aS0dF1gG2hH3jJ4kK5lL6zZ7xX8cC9vV0bB1nN2mM3qW4eR5tT6yU7iI8oO9pP0aS1dF2gG3hH4jJ5kK6lL7zZ8xX9cC0vB1nN2mQ3wE4rR5tT6yY7uU8iI9oO0pP1aS2dF3gG4hH5jJ6kK7l4hH5jJ6kK7lL8zX9cV0bN1nM2qW3eR4tT5yU6iI7oO8pP9aS0dF1gG2hH3jJ4kK5lL6zZ7xX8cC9vV0bB1nN2mM3qW4eR5tT6yU7iI8oO9pP0aS1dF2gG3hH4jJ5kK6lL7zZ8xX9cC0vB1nN2mQ3wE4rR5tT6yY7uU8iI9oO0pP1aS2dF3gG4hH5jJ6kK7lL8zX9cV0bN1nM2qW3eR4tT5yU6iI7oO8pP9aS0dF1gG2hH3jJ4kK5lL6zZ7xX8cC9vV0bB1nN2mM3qW4eR5tT6yU7iI8oO9pP0aS1dF2gG3hH4jJ5kK6lL7zZ8xX9cC0vB1nN2mQ3wE4rR5tT6yY7uU8iI9oO0pP1aS2dF3gG4hH5jJ6kK7l4hH5jJ6kK7lL8zX9cV0bN1nM2qW3eR4tT5yU6iI7oO8pP9aS0dF1gG2hH3jJ4kK5lL6z7nB9vR2mX8kLp4QjW3tY5zH1aG6sF9dD0fS8gA7hJ6kL5mN4bV3vC2xZ1oP9iU8uY7tT6rR5eE4wW3qQ2aZ1sX2dC3fV4gB5hN6jM7kL8pO9iU0yT1rE2wQ3aS4dF5gG6hH7jJ8kK9lL0zZ1xX2cC3vV4bB5nN6mM7qQ8wW9eE0rR1tT2yY3uU4iI5oO6pP7aA8sS9dD0fF1gG2hH3jJ4kK5lL6zZ7xX8cC9vV0bB1nN2mM3qW4eR5tT6yU7iI8oO9pP0aS1dF2gG3hH4jJ5kK6lL7zZ8xX9cC0vB1nN2mQ3wE4rR5tT6yY7uU8iI9oO0pP1aS2dF3gG4hH5jJ6kK7lL8zX9cV0bN1nM2qW3eR4tT5yU6iI7oO8pP9aS0dF1gG2hH3jJ4kK5lL6zZ7xX8cC9vV0bB1nN2mM3qW4eR5tT6yU7iI8oO9pP0aS1dF2gG3hH4jJ5kK6lL7zZ8xX9cC0vB1nN2mQ3wE4rR5tT6yY7uU8iI9oO0pP1aS2dF3gG4hH5jJ6kK7lL8zX9cV0bN1nM2qW3eR4tT5yU6iI7oO8pP9aS0dF1gG2hH3jJ4kK5lL6zZ7xX8cC9vV0bB1nN2mM3qW4eR5tT6yU7iI8oO9pP0aS1dF2gG3hH4jJ5kK6lL7zZ8xX9cC0vB1nN2mQ3wE4rR5tT6yY7uU8iI9oO0pP1aS2dF3gG4hH5jJ6kK7lL8zX9cV0bN1nM2qW3eR4tT5yU6iI7oO8pP9aS0dF1gG2hH3jJ4kK5lL6zZ7xX8cC9vV0bB1nN2mM3qW4eR5tT6yU7iI8oO9pP0aS1dF2gG3hH4jJ5kK6lL7zZ8xX9cC0vB1nN2mQ3wE4rR5tT6yY7uU8iI9oO0pP1aS2dF3gG4hH5jJ6kK7lL8zX9cV0bN1nM2qW3eR4tT5yU6iI7oO8pP9aS0dF1gG2hH3jJ4kK5lL6zZ7xX8cC9vV0bB1nN2mM3qW4eR5tT6yU7iI8oO9pP0aS1dF2gG3hH4jJ5kK6lL7zZ8xX9cC0vB1nN2mQ3wE4rR5tT6yY7uU8iI9oO0pP1aS2dF3gG4hH5jJ6kK7l4hH5jJ6kK7lL8zX9cV0bN1nM2qW3eR4tT5yU6iI7oO8pP9aS0dF1gG2hH3jJ4kK5lL6zZ7xX8cC9vV0bB1nN2mM3qW4eR5tT6yU7iI8oO9pP0aS1dF2gG3hH4jJ5kK6lL7zZ8xX9cC0vB1nN2mQ3wE4rR5tT6yY7uU8iI9oO0pP1aS2dF3gG4hH5jJ6kK7lL8zX9cV0bN1nM2qW3eR4tT5yU6iI7oO8pP9aS0dF1gG2hH3jJ4kK5lL6zZ7xX8cC9vV0bB1nN2mM3qW4eR5tT6yU7iI8oO9pP0aS1dF2gG3hH4jJ5kK6lL7zZ8xX9cC0vB1nN2mQ3wE4rR5tT6yY7uU8iI9oO0pP1aS2dF3gG4hH5jJ6kK7l4hH5jJ6kK7lL8zX9cV0bN1nM2qW3eR4tT5yU6iI7oO8pP9aS0dF1gG2hH3jJ4kK5lL6zZ7xX8cC9vV0bB1nN2mM3qW4eR5tT6yU7iI8oO9pP0aS1dF2gG3hH4jJ5kK6lL7zZ8xX9cC0vB1nN2mQ3wE4rR5tT6yY7uU8iI9oO0pP1aS2dF3gG4hH5jJ6kK7lL8zX9cV0bN1nM2qW3eR4tT5yU6iI7oO8pP9aS0dF1gG2hH3jJ4kK5lL6zZ7xX8cC9vV0bB1nN2mM3qW4eR5tT6yU7iI8oO9pP0aS1dF2gG3hH4jJ5kK6lL7zZ8xX9cC0vB1nN2mQ3wE4rR5tT6yY7uU8iI9oO0pP1aS2dF3gG4hH5jJ6kK7l4hH5jJ6kK7lL8zX9cV0bN1nM2qW3eR4tT5yU6iI7oO8pP9aS0dF1gG2hH3jJ4kK5lL6zZ7xX8cC9vV0bB1nN2mM3qW4eR5tT6yU7iI8oO9pP0aS1dF2gG3hH4jJ5kK6lL7zZ8xX9cC0vB1nN2mQ3wE4rR5tT6yY7uU8iI9oO0pP1aS2dF3gG4hH5jJ6kK7lL8zX9cV0bN1nM2qW3eR4tT5yU6iI7oO8pP9aS0dF1gG2hH3jJ4kK5lL6zZ7xX8cC9vV0bB1nN2mM3qW4eR5tT6yU7iI8oO9pP0aS1dF2gG3hH4jJ5kK6lL7zZ8xX9cC0vB1nN2mQ3wE4rR5tT6yY7uU8iI9oO0pP1aS2dF3gG4hH5jJ6kK7l4hH5jJ6kK7lL8zX9cV0bN1nM2qW3eR4tT5yU6iI7oO8pP9aS0dF1gG2hH3jJ4kK5lL6zZ7xX8cC9vV0bB1nN2mM3qW4eR5tT6yU7iI8oO9pP0aS1dF2gG3hH4jJ5kK6lL7zZ8xX9cC0vB1nN2mQ3wE4rR5tT6yY7uU8iI9oO0pP1aS2dF3gG4hH5jJ6kK7lL8zX9cV0bN1nM2qW3eR4tT5yU6iI7oO8pP9aS0dF1gG2hH3jJ4kK5lL6zZ7xX8cC9vV0bB1nN2mM3qW4eR5tT6yU7iI8oO9pP0aS1dF2gG3hH4jJ5kK6lL7zZ8xX9cC0vB1nN2mQ3wE4rR5tT6yY7uU8iI9oO0pP1aS2dF3gG4hH5jJ6kK7l4hH5jJ6kK7lL8zX9cV0bN1nM2qW3eR4tT5yU6iI7oO8pP9aS0dF1gG2hH3jJ4kK5lL6zZ7xX8cC9vV0bB1nN2mM3qW4eR5tT6yU7iI8oO9pP0aS1dF2gG3hH4jJ5kK6lL7zZ8xX9cC0vB1nN2mQ3wE4rR5tT6yY7uU8iI9oO0pP1aS2dF3gG4hH5jJ6kK7lL8zX9cV0bN1nM2qW3eR4tT5yU6iI7oO8pP9aS0dF1gG2hH3jJ4kK5lL6zZ7xX8cC9vV0bB1nN2mM3qW4eR5tT6yU7iI8oO9pP0aS1dF2gG3hH4jJ5kK6lL7zZ8xX9cC0vB1nN2mQ3wE4rR5tT6yY7uU8iI9oO0pP1aS2dF3gG4hH5jJ6kK7l4hH5jJ6kK7lL8zX9cV0bN1nM2qW3eR4tT5yU6iI7oO8pP9aS0dF1gG2hH3jJ4kK5lL6zZ7xX8cC9vV0bB1nN2mM3qW4eR5tT6yU7iI8oO9pP0aS1dF2gG3hH4jJ5kK6lL7zZ8xX9cC0vB1nN2mQ3wE4rR5tT6yY7uU8iI9oO0pP1aS2dF3gG4hH5jJ6kK7lL8zX9cV0bN1nM2qW3eR4tT5yU6iI7oO8pP9aS0dF1gG2hH3jJ4kK5lL6zZ7xX8cC9vV0bB1nN2mM3qW4eR5tT6yU7iI8oO9pP0aS1dF2gG3hH4jJ5kK6lL7zZ8xX9cC0vB1nN2mQ3wE4rR5tT6yY7uU8iI9oO0pP1aS2dF3gG4hH5jJ6kK7l4hH5jJ6kK7lL8zX9cV0bN1nM2qW3eR4tT5yU6iI7oO8pP9aS0dF1gG2hH3jJ4kK5lL6zZ7xX8cC9vV0bB1nN2mM3qW4eR5tT6yU7iI8oO9pP0aS1dF2gG3hH4jJ5kK6lL7zZ8xX9cC0vB1nN2mQ3wE4rR5tT6yY7uU8iI9oO0pP1aS2dF3gG4hH5jJ6kK7lL8zX9cV0bN1nM2qW3eR4tT5yU6iI7oO8pP9aS0dF1gG2hH3jJ4kK5lL6zZ7xX8cC9vV0bB1nN2mM3qW4eR5tT6yU7iI8oO9pP0aS1dF2gG3hH4jJ5kK6lL7zZ8xX9cC0vB1nN2mQ3wE4rR5tT6yY7uU8iI9oO0pP1aS2dF3gG4hH5jJ6kK7l4hH5jJ6kK7lL8zX9cV0bN1nM2qW3eR4tT5yU6iI7oO8pP9aS0dF1gG2hH3jJ4kK5lL6z7nB9vR2mX8kLp4QjW3tY5zH1aG6sF9dD0fS8gA7hJ6kL5mN4bV3vC2xZ1oP9iU8uY7tT6rR5eE4wW3qQ2aZ1sX2dC3fV4gB5hN6jM7kL8pO9iU0yT1rE2wQ3aS4dF5gG6hH7jJ8kK9lL0zZ1xX2cC3vV4bB5nN6mM7qQ8wW9eE0rR1tT2yY3uU4iI5oO6pP7aA8sS9dD0fF1gG2hH3jJ4kK5lL6zZ7xX8cC9vV0bB1nN2mM3qW4eR5tT6yU7iI8oO9pP0aS1dF2gG3hH4jJ5kK6lL7zZ8xX9cC0vB1nN2mQ3wE4rR5tT6yY7uU8iI9oO0pP1aS2dF3gG4hH5jJ6kK7lL8zX9cV0bN1nM2qW3eR4tT5yU6iI7oO8pP9aS0dF1gG2hH3jJ4kK5lL6zZ7xX8cC9vV0bB1nN2mM3qW4eR5tT6yU7iI8oO9pP0aS1dF2gG3hH4jJ5kK6lL7zZ8xX9cC0vB1nN2mQ3wE4rR5tT6yY7uU8iI9oO0pP1aS2dF3gG4hH5jJ6kK7lL8zX9cV0bN1nM2qW3eR4tT5yU6iI7oO8pP9aS0dF1gG2hH3jJ4kK5lL6zZ7xX8cC9vV0bB1nN2mM3qW4eR5tT6yU7iI8oO9pP0aS1dF2gG3hH4jJ5kK6lL7zZ8xX9cC0vB1nN2mQ3wE4rR5tT6yY7uU8iI9oO0pP1aS2dF3gG4hH5jJ6kK7lL8zX9cV0bN1nM2qW3eR4tT5yU6iI7oO8pP9aS0dF1gG2hH3jJ4kK5lL6zZ7xX8cC9vV0bB1nN2mM3qW4eR5tT6yU7iI8oO9pP0aS1dF2gG3hH4jJ5kK6lL7zZ8xX9cC0vB1nN2mQ3wE4rR5tT6yY7uU8iI9oO0pP1aS2dF3gG4hH5jJ6kK7lL8zX9cV0bN1nM2qW3eR4tT5yU6iI7oO8pP9aS0dF1gG2hH3jJ4kK5lL6zZ7xX8cC9vV0bB1nN2mM3qW4eR5tT6yU7iI8oO9pP0aS1dF2gG3hH4jJ5kK6lL7zZ8xX9cC0vB1nN2mQ3wE4rR5tT6yY7uU8iI9oO0pP1aS2dF3gG4hH5jJ6kK7l4hH5jJ6kK7lL8zX9cV0bN1nM2qW3eR4tT5yU6iI7oO8pP9aS0dF1gG2hH3jJ4kK5lL6zZ7xX8cC9vV0bB1nN2mM3qW4eR5tT6yU7iI8oO9pP0aS1dF2gG3hH4jJ5kK6lL7zZ8xX9cC0vB1nN2mQ3wE4rR5tT6yY7uU8iI9oO0pP1aS2dF3gG4hH5jJ6kK7lL8zX9cV0bN1nM2qW3eR4tT5yU6iI7oO8pP9aS0dF1gG2hH3jJ4kK5lL6zZ7xX8cC9vV0bB1nN2mM3qW4eR5tT6yU7iI8oO9pP0aS1dF2gG3hH4jJ5kK6lL7zZ8xX9cC0vB1nN2mQ3wE4rR5tT6yY7uU8iI9oO0pP1aS2dF3gG4hH5jJ6kK7l4hH5jJ6kK7lL8zX9cV0bN1nM2qW3eR4tT5yU6iI7oO8pP9aS0dF1gG2hH3jJ4kK5lL6zZ7xX8cC9vV0bB1nN2mM3qW4eR5tT6yU7iI8oO9pP0aS1dF2gG3hH4jJ5kK6lL7zZ8xX9cC0vB1nN2mQ3wE4rR5tT6yY7uU8iI9oO0pP1aS2dF3gG4hH5jJ6kK7lL8zX9cV0bN1nM2qW3eR4tT5yU6iI7oO8pP9aS0dF1gG2hH3jJ4kK5lL6zZ7xX8cC9vV0bB1nN2mM3qW4eR5tT6yU7iI8oO9pP0aS1dF2gG3hH4jJ5kK6lL7zZ8xX9cC0vB1nN2mQ3wE4rR5tT6yY7uU8iI9oO0pP1aS2dF3gG4hH5jJ6kK7l4hH5jJ6kK7lL8zX9cV0bN1nM2qW3eR4tT5yU6iI7oO8pP9aS0dF1gG2hH3jJ4kK5lL6zZ7xX8cC9vV0bB1nN2mM3qW4eR5tT6yU7iI8oO9pP0aS1dF2gG3hH4jJ5kK6lL7zZ8xX9cC0vB1nN2mQ3wE4rR5tT6yY7uU8iI9oO0pP1aS2dF3gG4hH5jJ6kK7lL8zX9cV0bN1nM2qW3eR4tT5yU6iI7oO8pP9aS0dF1gG2hH3jJ4kK5lL6zZ7xX8cC9vV0bB1nN2mM3qW4eR5tT6yU7iI8oO9pP0aS1dF2gG3hH4jJ5kK6lL7zZ8xX9cC0vB1nN2mQ3wE4rR5tT6yY7uU8iI9oO0pP1aS2dF3gG4hH5jJ6kK7l4hH5jJ6kK7lL8zX9cV0bN1nM2qW3eR4tT5yU6iI7oO8pP9aS0dF1gG2hH3jJ4kK5lL6zZ7xX8cC9vV0bB1nN2mM3qW4eR5tT6yU7iI8oO9pP0aS1dF2gG3hH4jJ5kK6lL7zZ8xX9cC0vB1nN2mQ3wE4rR5tT6yY7uU8iI9oO0pP1aS2dF3gG4hH5jJ6kK7lL8zX9cV0bN1nM2qW3eR4tT5yU6iI7oO8pP9aS0dF1gG2hH3jJ4kK5lL6zZ7xX8cC9vV0bB1nN2mM3qW4eR5tT6yU7iI8oO9pP0aS1dF2gG3hH4jJ5kK6lL7zZ8xX9cC0vB1nN2mQ3wE4rR5tT6yY7uU8iI9oO0pP1aS2dF3gG4hH5jJ6kK7l4hH5jJ6kK7lL8zX9cV0bN1nM2qW3eR4tT5yU6iI7oO8pP9aS0dF1gG2hH3jJ4kK5lL6zZ7xX8cC9vV0bB1nN2mM3qW4eR5tT6yU7iI8oO9pP0aS1dF2gG3hH4jJ5kK6lL7zZ8xX9cC0vB1nN2mQ3wE4rR5tT6yY7uU8iI9oO0pP1aS2dF3gG4hH5jJ6kK7lL8zX9cV0bN1nM2qW3eR4tT5yU6iI7oO8pP9aS0dF1gG2hH3jJ4kK5lL6zZ7xX8cC9vV0bB1nN2mM3qW4eR5tT6yU7iI8oO9pP0aS1dF2gG3hH4jJ5kK6lL7zZ8xX9cC0vB1nN2mQ3wE4rR5tT6yY7uU8iI9oO0pP1aS2dF3gG4hH5jJ6kK7l4hH5jJ6kK7lL8zX9cV0bN1nM2qW3eR4tT5yU6iI7oO8pP9aS0dF1gG2hH3jJ4kK5lL6zZ7xX8cC9vV0bB1nN2mM3qW4eR5tT6yU7iI8oO9pP0aS1dF2gG3hH4jJ5kK6lL7zZ8xX9cC0vB1nN2mQ3wE4rR5tT6yY7uU8iI9oO0pP1aS2dF3gG4hH5jJ6kK7lL8zX9cV0bN1nM2qW3eR4tT5yU6iI7oO8pP9aS0dF1gG2hH3jJ4kK5lL6zZ7xX8cC9vV0bB1nN2mM3qW4eR5tT6yU7iI8oO9pP0aS1dF2gG3hH4jJ5kK6lL7zZ8xX9cC0vB1nN2mQ3wE4rR5tT6yY7uU8iI9oO0pP1aS2dF3gG4hH5jJ6kK7l4hH5jJ6kK7lL8zX9cV0bN1nM2qW3eR4tT5yU6iI7oO8pP9aS0dF1gG2hH3jJ4kK5lL6zZ7xX8cC9vV0bB1nN2mM3qW4eR5tT6yU7iI8oO9pP0aS1dF2gG3hH4jJ5kK6lL7zZ8xX9cC0vB1nN2mQ3wE4rR5tT6yY7uU8iI9oO0pP1aS2dF3gG4hH5jJ6kK7lL8zX9cV0bN1nM2qW3eR4tT5yU6iI7oO8pP9aS0dF1gG2hH3jJ4kK5lL6zZ7xX8cC9vV0bB1nN2mM3qW4eR5tT6yU7iI8oO9pP0aS1dF2gG3hH4jJ5kK6lL7zZ8xX9cC0vB1nN2mQ3wE4rR5tT6yY7uU8iI9oO0pP1aS2dF3gG4hH5jJ6kK7l4hH5jJ6kK7lL8zX9cV0bN1nM2qW3eR4tT5yU6iI7oO8pP9aS0dF1gG2hH3jJ4kK5lL6z7nB9vR2mX8kLp4QjW3tY5zH1aG6sF9dD0fS8gA7hJ6kL5mN4bV3vC2xZ1oP9iU8uY7tT6rR5eE4wW3qQ2aZ1sX2dC3fV4gB5hN6jM7kL8pO9iU0yT1rE2wQ3aS4dF5gG6hH7jJ8kK9lL0zZ1xX2cC3vV4bB5nN6mM7qQ8wW9eE0rR1tT2yY3uU4iI5oO6pP7aA8sS9dD0fF1gG2hH3jJ4kK5lL6zZ7xX8cC9vV0bB1nN2mM3qW4eR5tT6yU7iI8oO9pP0aS1dF2gG3hH4jJ5kK6lL7zZ8xX9cC0vB1nN2mQ3wE4rR5tT6yY7uU8iI9oO0pP1aS2dF3gG4hH5jJ6kK7lL8zX9cV0bN1nM2qW3eR4tT5yU6iI7oO8pP9aS0dF1gG2hH3jJ4kK5lL6zZ7xX8cC9vV0bB1nN2mM3qW4eR5tT6yU7iI8oO9pP0aS1dF2gG3hH4jJ5kK6lL7zZ8xX9cC0vB1nN2mQ3wE4rR5tT6yY7uU8iI9oO0pP1aS2dF3gG4hH5jJ6kK7lL8zX9cV0bN1nM2qW3eR4tT5yU6iI7oO8pP9aS0dF1gG2hH3jJ4kK5lL6zZ7xX8cC9vV0bB1nN2mM3qW4eR5tT6yU7iI8oO9pP0aS1dF2gG3hH4jJ5kK6lL7zZ8xX9cC0vB1nN2mQ3wE4rR5tT6yY7uU8iI9oO0pP1aS2dF3gG4hH5jJ6kK7lL8zX9cV0bN1nM2qW3eR4tT5yU6iI7oO8pP9aS0dF1gG2hH3jJ4kK5lL6zZ7xX8cC9vV0bB1nN2mM3qW4eR5tT6yU7iI8oO9pP0aS1dF2gG3hH4jJ5kK6lL7zZ8xX9cC0vB1nN2mQ3wE4rR5tT6yY7uU8iI9oO0pP1aS2dF3gG4hH5jJ6kK7lL8zX9cV0bN1nM2qW3eR4tT5yU6iI7oO8pP9aS0dF1gG2hH3jJ4kK5lL6zZ7xX8cC9vV0bB1nN2mM3qW4eR5tT6yU7iI8oO9pP0aS1dF2gG3hH4jJ5kK6lL7zZ8xX9cC0vB1nN2mQ3wE4rR5tT6yY7uU8iI9oO0pP1aS2dF3gG4hH5jJ6kK7l4hH5jJ6kK7lL8zX9cV0bN1nM2qW3eR4tT5yU6iI7oO8pP9aS0dF1gG2hH3jJ4kK5lL6zZ7xX8cC9vV0bB1nN2mM3qW4eR5tT6yU7iI8oO9pP0aS1dF2gG3hH4jJ5kK6lL7zZ8xX9cC0vB1nN2mQ3wE4rR5tT6yY7uU8iI9oO0pP1aS2dF3gG4hH5jJ6kK7lL8zX9cV0bN1nM2qW3eR4tT5yU6iI7oO8pP9aS0dF1gG2hH3jJ4kK5lL6zZ7xX8cC9vV0bB1nN2mM3qW4eR5tT6yU7iI8oO9pP0aS1dF2gG3hH4jJ5kK6lL7zZ8xX9cC0vB1nN2mQ3wE4rR5tT6yY7uU8iI9oO0pP1aS2dF3gG4hH5jJ6kK7l4hH5jJ6kK7lL8zX9cV0bN1nM2qW3eR4tT5yU6iI7oO8pP9aS0dF1gG2hH3jJ4kK5lL6zZ7xX8cC9vV0bB1nN2mM3qW4eR5tT6yU7iI8oO9pP0aS1dF2gG3hH4jJ5kK6lL7zZ8xX9cC0vB1nN2mQ3wE4rR5tT6yY7uU8iI9oO0pP1aS2dF3gG4hH5jJ6kK7lL8zX9cV0bN1nM2qW3eR4tT5yU6iI7oO8pP9aS0dF1gG2hH3jJ4kK5lL6zZ7xX8cC9vV0bB1nN2mM3qW4eR5tT6yU7iI8oO9pP0aS1dF2gG3hH4jJ5kK6lL7zZ8xX9cC0vB1nN2mQ3wE4rR5tT6yY7uU8iI9oO0pP1aS2dF3gG4hH5jJ6kK7l4hH5jJ6kK7lL8zX9cV0bN1nM2qW3eR4tT5yU6iI7oO8pP9aS0dF1gG2hH3jJ4kK5lL6zZ7xX8cC9vV0bB1nN2mM3qW4eR5tT6yU7iI8oO9pP0aS1dF2gG3hH4jJ5kK6lL7zZ8xX9cC0vB1nN2mQ3wE4rR5tT6yY7uU8iI9oO0pP1aS2dF3gG4hH5jJ6kK7lL8zX9cV0bN1nM2qW3eR4tT5yU6iI7oO8pP9aS0dF1gG2hH3jJ4kK5lL6zZ7xX8cC9vV0bB1nN2mM3qW4eR5tT6yU7iI8oO9pP0aS1dF2gG3hH4jJ5kK6lL7zZ8xX9cC0vB1nN2mQ3wE4rR5tT6yY7uU8iI9oO0pP1aS2dF3gG4hH5jJ6kK7l4hH5jJ6kK7lL8zX9cV0bN1nM2qW3eR4tT5yU6iI7oO8pP9aS0dF1gG2hH3jJ4kK5lL6zZ7xX8cC9vV0bB1nN2mM3qW4eR5tT6yU7iI8oO9pP0aS1dF2gG3hH4jJ5kK6lL7zZ8xX9cC0vB1nN2mQ3wE4rR5tT6yY7uU8iI9oO0pP1aS2dF3gG4hH5jJ6kK7lL8zX9cV0bN1nM2qW3eR4tT5yU6iI7oO8pP9aS0dF1gG2hH3jJ4kK5lL6zZ7xX8cC9vV0bB1nN2mM3qW4eR5tT6yU7iI8oO9pP0aS1dF2gG3hH4jJ5kK6lL7zZ8xX9cC0vB1nN2mQ3wE4rR5tT6yY7uU8iI9oO0pP1aS2dF3gG4hH5jJ6kK7l4hH5jJ6kK7lL8zX9cV0bN1nM2qW3eR4tT5yU6iI7oO8pP9aS0dF1gG2hH3jJ4kK5lL6zZ7xX8cC9vV0bB1nN2mM3qW4eR5tT6yU7iI8oO9pP0aS1dF2gG3hH4jJ5kK6lL7zZ8xX9cC0vB1nN2mQ3wE4rR5tT6yY7uU8iI9oO0pP1aS2dF3gG4hH5jJ6kK7lL8zX9cV0bN1nM2qW3eR4tT5yU6iI7oO8pP9aS0dF1gG2hH3jJ4kK5lL6zZ7xX8cC9vV0bB1nN2mM3qW4eR5tT6yU7iI8oO9pP0aS1dF2gG3hH4jJ5kK6lL7zZ8xX9cC0vB1nN2mQ3wE4rR5tT6yY7uU8iI9oO0pP1aS2dF3gG4hH5jJ6kK7l4hH5jJ6kK7lL8zX9cV0bN1nM2qW3eR4tT5yU6iI7oO8pP9aS0dF1gG2hH3jJ4kK5lL6zZ7xX8cC9vV0bB1nN2mM3qW4eR5tT6yU7iI8oO9pP0aS1dF2gG3hH4jJ5kK6lL7zZ8xX9cC0vB1nN2mQ3wE4rR5tT6yY7uU8iI9oO0pP1aS2dF3gG4hH5jJ6kK7lL8zX9cV0bN1nM2qW3eR4tT5yU6iI7oO8pP9aS0dF1gG2hH3jJ4kK5lL6zZ7xX8cC9vV0bB1nN2mM3qW4eR5tT6yU7iI8oO9pP0aS1dF2gG3hH4jJ5kK6lL7zZ8xX9cC0vB1nN2mQ3wE4rR5tT6yY7uU8iI9oO0pP1aS2dF3gG4hH5jJ6kK7l4hH5jJ6kK7lL8zX9cV0bN1nM2qW3eR4tT5yU6iI7oO8pP9aS0dF1gG2hH3jJ4kK5lL6zZ7xX8cC9vV0bB1nN2mM3qW4eR5tT6yU7iI8oO9pP0aS1dF2gG3hH4jJ5kK6lL7zZ8xX9cC0vB1nN2mQ3wE4rR5tT6yY7uU8iI9oO0pP1aS2dF3gG4hH5jJ6kK7lL8zX9cV0bN1nM2qW3eR4tT5yU6iI7oO8pP9aS0dF1gG2hH3jJ4kK5lL6zZ7xX8cC9vV0bB1nN2mM3qW4eR5tT6yU7iI8oO9pP0aS1dF2gG3hH4jJ5kK6lL7zZ8xX9cC0vB1nN2mQ3wE4rR5tT6yY7uU8iI9oO0pP1aS2dF3gG4hH5jJ6kK7l4hH5jJ6kK7lL8zX9cV0bN1nM2qW3eR4tT5yU6iI7oO8pP9aS0dF1gG2hH3jJ4kK5lL6z7nB9vR2mX8kLp4QjW3tY5zH1aG6sF9dD0fS8gA7hJ6kL5mN4bV3vC2xZ1oP9iU8uY7tT6rR5eE4wW3qQ2aZ1sX2dC3fV4gB5hN6jM7kL8pO9iU0yT1rE2wQ3aS4dF5gG6hH7jJ8kK9lL0zZ1xX2cC3vV4bB5nN6mM7qQ8wW9eE0rR1tT2yY3uU4iI5oO6pP7aA8sS9dD0fF1gG2hH3jJ4kK5lL6zZ7xX8cC9vV0bB1nN2mM3qW4eR5tT6yU7iI8oO9pP0aS1dF2gG3hH4jJ5kK6lL7zZ8xX9cC0vB1nN2mQ3wE4rR5tT6yY7uU8iI9oO0pP1aS2dF3gG4hH5jJ6kK7lL8zX9cV0bN1nM2qW3eR4tT5yU6iI7oO8pP9aS0dF1gG2hH3jJ4kK5lL6zZ7xX8cC9vV0bB1nN2mM3qW4eR5tT6yU7iI8oO9pP0aS1dF2gG3hH4jJ5kK6lL7zZ8xX9cC0vB1nN2mQ3wE4rR5tT6yY7uU8iI9oO0pP1aS2dF3gG4hH5jJ6kK7lL8zX9cV0bN1nM2qW3eR4tT5yU6iI7oO8pP9aS0dF1gG2hH3jJ4kK5lL6zZ7xX8cC9vV0bB1nN2mM3qW4eR5tT6yU7iI8oO9pP0aS1dF2gG3hH4jJ5kK6lL7zZ8xX9cC0vB1nN2mQ3wE4rR5tT6yY7uU8iI9oO0pP1aS2dF3gG4hH5jJ6kK7lL8zX9cV0bN1nM2qW3eR4tT5yU6iI7oO8pP9aS0dF1gG2hH3jJ4kK5lL6zZ7xX8cC9vV0bB1nN2mM3qW4eR5tT6yU7iI8oO9pP0aS1dF2gG3hH4jJ5kK6lL7zZ8xX9cC0vB1nN2mQ3wE4rR5tT6yY7uU8iI9oO0pP1aS2dF3gG4hH5jJ6kK7lL8zX9cV0bN1nM2qW3eR4tT5yU6iI7oO8pP9aS0dF1gG2hH3jJ4kK5lL6zZ7xX8cC9vV0bB1nN2mM3qW4eR5tT6yU7iI8oO9pP0aS1dF2gG3hH4jJ5kK6lL7zZ8xX9cC0vB1nN2mQ3wE4rR5tT6yY7uU8iI9oO0pP1aS2dF3gG4hH5jJ6kK7l4hH5jJ6kK7lL8zX9cV0bN1nM2qW3eR4tT5yU6iI7oO8pP9aS0dF1gG2hH3jJ4kK5lL6zZ7xX8cC9vV0bB1nN2mM3qW4eR5tT6yU7iI8oO9pP0aS1dF2gG3hH4jJ5kK6lL7zZ8xX9cC0vB1nN2mQ3wE4rR5tT6yY7uU8iI9oO0pP1aS2dF3gG4hH5jJ6kK7lL8zX9cV0bN1nM2qW3eR4tT5yU6iI7oO8pP9aS0dF1gG2hH3jJ4kK5lL6zZ7xX8cC9vV0bB1nN2mM3qW4eR5tT6yU7iI8oO9pP0aS1dF2gG3hH4jJ5kK6lL7zZ8xX9cC0vB1nN2mQ3wE4rR5tT6yY7uU8iI9oO0pP1aS2dF3gG4hH5jJ6kK7l4hH5jJ6kK7lL8zX9cV0bN1nM2qW3eR4tT5yU6iI7oO8pP9aS0dF1gG2hH3jJ4kK5lL6zZ7xX8cC9vV0bB1nN2mM3qW4eR5tT6yU7iI8oO9pP0aS1dF2gG3hH4jJ5kK6lL7zZ8xX9cC0vB1nN2mQ3wE4rR5tT6yY7uU8iI9oO0pP1aS2dF3gG4hH5jJ6kK7lL8zX9cV0bN1nM2qW3eR4tT5yU6iI7oO8pP9aS0dF1gG2hH3jJ4kK5lL6zZ7xX8cC9vV0bB1nN2mM3qW4eR5tT6yU7iI8oO9pP0aS1dF2gG3hH4jJ5kK6lL7zZ8xX9cC0vB1nN2mQ3wE4rR5tT6yY7uU8iI9oO0pP1aS2dF3gG4hH5jJ6kK7l4hH5jJ6kK7lL8zX9cV0bN1nM2qW3eR4tT5yU6iI7oO8pP9aS0dF1gG2hH3jJ4kK5lL6zZ7xX8cC9vV0bB1nN2mM3qW4eR5tT6yU7iI8oO9pP0aS1dF2gG3hH4jJ5kK6lL7zZ8xX9cC0vB1nN2mQ3wE4rR5tT6yY7uU8iI9oO0pP1aS2dF3gG4hH5jJ6kK7lL8zX9cV0bN1nM2qW3eR4tT5yU6iI7oO8pP9aS0dF1gG2hH3jJ4kK5lL6zZ7xX8cC9vV0bB1nN2mM3qW4eR5tT6yU7iI8oO9pP0aS1dF2gG3hH4jJ5kK6lL7zZ8xX9cC0vB1nN2mQ3wE4rR5tT6yY7uU8iI9oO0pP1aS2dF3gG4hH5jJ6kK7l4hH5jJ6kK7lL8zX9cV0bN1nM2qW3eR4tT5yU6iI7oO8pP9aS0dF1gG2hH3jJ4kK5lL6zZ7xX8cC9vV0bB1nN2mM3qW4eR5tT6yU7iI8oO9pP0aS1dF2gG3hH4jJ5kK6lL7zZ8xX9cC0vB1nN2mQ3wE4rR5tT6yY7uU8iI9oO0pP1aS2dF3gG4hH5jJ6kK7lL8zX9cV0bN1nM2qW3eR4tT5yU6iI7oO8pP9aS0dF1gG2hH3jJ4kK5lL6zZ7xX8cC9vV0bB1nN2mM3qW4eR5tT6yU7iI8oO9pP0aS1dF2gG3hH4jJ5kK6lL7zZ8xX9cC0vB1nN2mQ3wE4rR5tT6yY7uU8iI9oO0pP1aS2dF3gG4hH5jJ6kK7l4hH5jJ6kK7lL8zX9cV0bN1nM2qW3eR4tT5yU6iI7oO8pP9aS0dF1gG2hH3jJ4kK5lL6zZ7xX8cC9vV0bB1nN2mM3qW4eR5tT6yU7iI8oO9pP0aS1dF2gG3hH4jJ5kK6lL7zZ8xX9cC0vB1nN2mQ3wE4rR5tT6yY7uU8iI9oO0pP1aS2dF3gG4hH5jJ6kK7lL8zX9cV0bN1nM2qW3eR4tT5yU6iI7oO8pP9aS0dF1gG2hH3jJ4kK5lL6zZ7xX8cC9vV0bB1nN2mM3qW4eR5tT6yU7iI8oO9pP0aS1dF2gG3hH4jJ5kK6lL7zZ8xX9cC0vB1nN2mQ3wE4rR5tT6yY7uU8iI9oO0pP1aS2dF3gG4hH5jJ6kK7l4hH5jJ6kK7lL8zX9cV0bN1nM2qW3eR4tT5yU6iI7oO8pP9aS0dF1gG2hH3jJ4kK5lL6zZ7xX8cC9vV0bB1nN2mM3qW4eR5tT6yU7iI8oO9pP0aS1dF2gG3hH4jJ5kK6lL7zZ8xX9cC0vB1nN2mQ3wE4rR5tT6yY7uU8iI9oO0pP1aS2dF3gG4hH5jJ6kK7lL8zX9cV0bN1nM2qW3eR4tT5yU6iI7oO8pP9aS0dF1gG2hH3jJ4kK5lL6zZ7xX8cC9vV0bB1nN2mM3qW4eR5tT6yU7iI8oO9pP0aS1dF2gG3hH4jJ5kK6lL7zZ8xX9cC0vB1nN2mQ3wE4rR5tT6yY7uU8iI9oO0pP1aS2dF3gG4hH5jJ6kK7l4hH5jJ6kK7lL8zX9cV0bN1nM2qW3eR4tT5yU6iI7oO8pP9aS0dF1gG2hH3jJ4kK5lL6zZ7xX8cC9vV0bB1nN2mM3qW4eR5tT6yU7iI8oO9pP0aS1dF2gG3hH4jJ5kK6lL7zZ8xX9cC0vB1nN2mQ3wE4rR5tT6yY7uU8iI9oO0pP1aS2dF3gG4hH5jJ6kK7lL8zX9cV0bN1nM2qW3eR4tT5yU6iI7oO8pP9aS0dF1gG2hH3jJ4kK5lL6zZ7xX8cC9vV0bB1nN2mM3qW4eR5tT6yU7iI8oO9pP0aS1dF2gG3hH4jJ5kK6lL7zZ8xX9cC0vB1nN2mQ3wE4rR5tT6yY7uU8iI9oO0pP1aS2dF3gG4hH5jJ6kK7l4hH5jJ6kK7lL8zX9cV0bN1nM2qW3eR4tT5yU6iI7oO8pP9aS0dF1gG2hH3jJ4kK5lL6z7nB9vR2mX8kLp4QjW3tY5zH1aG6sF9dD0fS8gA7hJ6kL5mN4bV3vC2xZ1oP9iU8uY7tT6rR5eE4wW3qQ2aZ1sX2dC3fV4gB5hN6jM7kL8pO9iU0yT1rE2wQ3aS4dF5gG6hH7jJ8kK9lL0zZ1xX2cC3vV4bB5nN6mM7qQ8wW9eE0rR1tT2yY3uU4iI5oO6pP7aA8sS9dD0fF1gG2hH3jJ4kK5lL6zZ7xX8cC9vV0bB1nN2mM3qW4eR5tT6yU7iI8oO9pP0aS1dF2gG3hH4jJ5kK6lL7zZ8xX9cC0vB1nN2mQ3wE4rR5tT6yY7uU8iI9oO0pP1aS2dF3gG4hH5jJ6kK7lL8zX9cV0bN1nM2qW3eR4tT5yU6iI7oO8pP9aS0dF1gG2hH3jJ4kK5lL6zZ7xX8cC9vV0bB1nN2mM3qW4eR5tT6yU7iI8oO9pP0aS1dF2gG3hH4jJ5kK6lL7zZ8xX9cC0vB1nN2mQ3wE4rR5tT6yY7uU8iI9oO0pP1aS2dF3gG4hH5jJ6kK7lL8zX9cV0bN1nM2qW3eR4tT5yU6iI7oO8pP9aS0dF1gG2hH3jJ4kK5lL6zZ7xX8cC9vV0bB1nN2mM3qW4eR5tT6yU7iI8oO9pP0aS1dF2gG3hH4jJ5kK6lL7zZ8xX9cC0vB1nN2mQ3wE4rR5tT6yY7uU8iI9oO0pP1aS2dF3gG4hH5jJ6kK7lL8zX9cV0bN1nM2qW3eR4tT5yU6iI7oO8pP9aS0dF1gG2hH3jJ4kK5lL6zZ7xX8cC9vV0bB1nN2mM3qW4eR5tT6yU7iI8oO9pP0aS1dF2gG3hH4jJ5kK6lL7zZ8xX9cC0vB1nN2mQ3wE4rR5tT6yY7uU8iI9oO0pP1aS2dF3gG4hH5jJ6kK7lL8zX9cV0bN1nM2qW3eR4tT5yU6iI7oO8pP9aS0dF1gG2hH3jJ4kK5lL6zZ7xX8cC9vV0bB1nN2mM3qW4eR5tT6yU7iI8oO9pP0aS1dF2gG3hH4jJ5kK6lL7zZ8xX9cC0vB1nN2mQ3wE4rR5tT6yY7uU8iI9oO0pP1aS2dF3gG4hH5jJ6kK7l4hH5jJ6kK7lL8zX9cV0bN1nM2qW3eR4tT5yU6iI7oO8pP9aS0dF1gG2hH3jJ4kK5lL6zZ7xX8cC9vV0bB1nN2mM3qW4eR5tT6yU7iI8oO9pP0aS1dF2gG3hH4jJ5kK6lL7zZ8xX9cC0vB1nN2mQ3wE4rR5tT6yY7uU8iI9oO0pP1aS2dF3gG4hH5jJ6kK7lL8zX9cV0bN1nM2qW3eR4tT5yU6iI7oO8pP9aS0dF1gG2hH3jJ4kK5lL6zZ7xX8cC9vV0bB1nN2mM3qW4eR5tT6yU7iI8oO9pP0aS1dF2gG3hH4jJ5kK6lL7zZ8xX9cC0vB1nN2mQ3wE4rR5tT6yY7uU8iI9oO0pP1aS2dF3gG4hH5jJ6kK7l4hH5jJ6kK7lL8zX9cV0bN1nM2qW3eR4tT5yU6iI7oO8pP9aS0dF1gG2hH3jJ4kK5lL6zZ7xX8cC9vV0bB1nN2mM3qW4eR5tT6yU7iI8oO9pP0aS1dF2gG3hH4jJ5kK6lL7zZ8xX9cC0vB1nN2mQ3wE4rR5tT6yY7uU8iI9oO0pP1aS2dF3gG4hH5jJ6kK7lL8zX9cV0bN1nM2qW3eR4tT5yU6iI7oO8pP9aS0dF1gG2hH3jJ4kK5lL6zZ7xX8cC9vV0bB1nN2mM3qW4eR5tT6yU7iI8oO9pP0aS1dF2gG3hH4jJ5kK6lL7zZ8xX9cC0vB1nN2mQ3wE4rR5tT6yY7uU8iI9oO0pP1aS2dF3gG4hH5jJ6kK7l4hH5jJ6kK7lL8zX9cV0bN1nM2qW3eR4tT5yU6iI7oO8pP9aS0dF1gG2hH3jJ4kK5lL6zZ7xX8cC9vV0bB1nN2mM3qW4eR5tT6yU7iI8oO9pP0aS1dF2gG3hH4jJ5kK6lL7zZ8xX9cC0vB1nN2mQ3wE4rR5tT6yY7uU8iI9oO0pP1aS2dF3gG4hH5jJ6kK7lL8zX9cV0bN1nM2qW3eR4tT5yU6iI7oO8pP9aS0dF1gG2hH3jJ4kK5lL6zZ7xX8cC9vV0bB1nN2mM3qW4eR5tT6yU7iI8oO9pP0aS1dF2gG3hH4jJ5kK6lL7zZ8xX9cC0vB1nN2mQ3wE4rR5tT6yY7uU8iI9oO0pP1aS2dF3gG4hH5jJ6kK7l4hH5jJ6kK7lL8zX9cV0bN1nM2qW3eR4tT5yU6iI7oO8pP9aS0dF1gG2hH3jJ4kK5lL6zZ7xX8cC9vV0bB1nN2mM3qW4eR5tT6yU7iI8oO9pP0aS1dF2gG3hH4jJ5kK6lL7zZ8xX9cC0vB1nN2mQ3wE4rR5tT6yY7uU8iI9oO0pP1aS2dF3gG4hH5jJ6kK7lL8zX9cV0bN1nM2qW3eR4tT5yU6iI7oO8pP9aS0dF1gG2hH3jJ4kK5lL6zZ7xX8cC9vV0bB1nN2mM3qW4eR5tT6yU7iI8oO9pP0aS1dF2gG3hH4jJ5kK6lL7zZ8xX9cC0vB1nN2mQ3wE4rR5tT6yY7uU8iI9oO0pP1aS2dF3gG4hH5jJ6kK7l4hH5jJ6kK7lL8zX9cV0bN1nM2qW3eR4tT5yU6iI7oO8pP9aS0dF1gG2hH3jJ4kK5lL6zZ7xX8cC9vV0bB1nN2mM3qW4eR5tT6yU7iI8oO9pP0aS1dF2gG3hH4jJ5kK6lL7zZ8xX9cC0vB1nN2mQ3wE4rR5tT6yY7uU8iI9oO0pP1aS2dF3gG4hH5jJ6kK7lL8zX9cV0bN1nM2qW3eR4tT5yU6iI7oO8pP9aS0dF1gG2hH3jJ4kK5lL6zZ7xX8cC9vV0bB1nN2mM3qW4eR5tT6yU7iI8oO9pP0aS1dF2gG3hH4jJ5kK6lL7zZ8xX9cC0vB1nN2mQ3wE4rR5tT6yY7uU8iI9oO0pP1aS2dF3gG4hH5jJ6kK7l4hH5jJ6kK7lL8zX9cV0bN1nM2qW3eR4tT5yU6iI7oO8pP9aS0dF1gG2hH3jJ4kK5lL6zZ7xX8cC9vV0bB1nN2mM3qW4eR5tT6yU7iI8oO9pP0aS1dF2gG3hH4jJ5kK6lL7zZ8xX9cC0vB1nN2mQ3wE4rR5tT6yY7uU8iI9oO0pP1aS2dF3gG4hH5jJ6kK7lL8zX9cV0bN1nM2qW3eR4tT5yU6iI7oO8pP9aS0dF1gG2hH3jJ4kK5lL6zZ7xX8cC9vV0bB1nN2mM3qW4eR5tT6yU7iI8oO9pP0aS1dF2gG3hH4jJ5kK6lL7zZ8xX9cC0vB1nN2mQ3wE4rR5tT6yY7uU8iI9oO0pP1aS2dF3gG4hH5jJ6kK7l4hH5jJ6kK7lL8zX9cV0bN1nM2qW3eR4tT5yU6iI7oO8pP9aS0dF1gG2hH3jJ4kK5lL6zZ7xX8cC9vV0bB1nN2mM3qW4eR5tT6yU7iI8oO9pP0aS1dF2gG3hH4jJ5kK6lL7zZ8xX9cC0vB1nN2mQ3wE4rR5tT6yY7uU8iI9oO0pP1aS2dF3gG4hH5jJ6kK7lL8zX9cV0bN1nM2qW3eR4tT5yU6iI7oO8pP9aS0dF1gG2hH3jJ4kK5lL6zZ7xX8cC9vV0bB1nN2mM3qW4eR5tT6yU7iI8oO9pP0aS1dF2gG3hH4jJ5kK6lL7zZ8xX9cC0vB1nN2mQ3wE4rR5tT6yY7uU8iI9oO0pP1aS2dF3gG4hH5jJ6kK7l4hH5jJ6kK7lL8zX9cV0bN1nM2qW3eR4tT5yU6iI7oO8pP9aS0dF1gG2hH3jJ4kK5lL6z7nB9vR2mX8kLp4QjW3tY5zH1aG6sF9dD0fS8gA7hJ6kL5mN4bV3vC2xZ1oP9iU8uY7tT6rR5eE4wW3qQ2aZ1sX2dC3fV4gB5hN6jM7kL8pO9iU0yT1rE2wQ3aS4dF5gG6hH7jJ8kK9lL0zZ1xX2cC3vV4bB5nN6mM7qQ8wW9eE0rR1tT2yY3uU4iI5oO6pP7aA8sS9dD0fF1gG2hH3jJ4kK5lL6zZ7xX8cC9vV0bB1nN2mM3qW4eR5tT6yU7iI8oO9pP0aS1dF2gG3hH4jJ5kK6lL7zZ8xX9cC0vB1nN2mQ3wE4rR5tT6yY7uU8iI9oO0pP1aS2dF3gG4hH5jJ6kK7lL8zX9cV0bN1nM2qW3eR4tT5yU6iI7oO8pP9aS0dF1gG2hH3jJ4kK5lL6zZ7xX8cC9vV0bB1nN2mM3qW4eR5tT6yU7iI8oO9pP0aS1dF2gG3hH4jJ5kK6lL7zZ8xX9cC0vB1nN2mQ3wE4rR5tT6yY7uU8iI9oO0pP1aS2dF3gG4hH5jJ6kK7lL8zX9cV0bN1nM2qW3eR4tT5yU6iI7oO8pP9aS0dF1gG2hH3jJ4kK5lL6zZ7xX8cC9vV0bB1nN2mM3qW4eR5tT6yU7iI8oO9pP0aS1dF2gG3hH4jJ5kK6lL7zZ8xX9cC0vB1nN2mQ3wE4rR5tT6yY7uU8iI9oO0pP1aS2dF3gG4hH5jJ6kK7lL8zX9cV0bN1nM2qW3eR4tT5yU6iI7oO8pP9aS0dF1gG2hH3jJ4kK5lL6zZ7xX8cC9vV0bB1nN2mM3qW4eR5tT6yU7iI8oO9pP0aS1dF2gG3hH4jJ5kK6lL7zZ8xX9cC0vB1nN2mQ3wE4rR5tT6yY7uU8iI9oO0pP1aS2dF3gG4hH5jJ6kK7lL8zX9cV0bN1nM2qW3eR4tT5yU6iI7oO8pP9aS0dF1gG2hH3jJ4kK5lL6zZ7xX8cC9vV0bB1nN2mM3qW4eR5tT6yU7iI8oO9pP0aS1dF2gG3hH4jJ5kK6lL7zZ8xX9cC0vB1nN2mQ3wE4rR5tT6yY7uU8iI9oO0pP1aS2dF3gG4hH5jJ6kK7l4hH5jJ6kK7lL8zX9cV0bN1nM2qW3eR4tT5yU6iI7oO8pP9aS0dF1gG2hH3jJ4kK5lL6zZ7xX8cC9vV0bB1nN2mM3qW4eR5tT6yU7iI8oO9pP0aS1dF2gG3hH4jJ5kK6lL7zZ8xX9cC0vB1nN2mQ3wE4rR5tT6yY7uU8iI9oO0pP1aS2dF3gG4hH5jJ6kK7lL8zX9cV0bN1nM2qW3eR4tT5yU6iI7oO8pP9aS0dF1gG2hH3jJ4kK5lL6zZ7xX8cC9vV0bB1nN2mM3qW4eR5tT6yU7iI8oO9pP0aS1dF2gG3hH4jJ5kK6lL7zZ8xX9cC0vB1nN2mQ3wE4rR5tT6yY7uU8iI9oO0pP1aS2dF3gG4hH5jJ6kK7l4hH5jJ6kK7lL8zX9cV0bN1nM2qW3eR4tT5yU6iI7oO8pP9aS0dF1gG2hH3jJ4kK5lL6zZ7xX8cC9vV0bB1nN2mM3qW4eR5tT6yU7iI8oO9pP0aS1dF2gG3hH4jJ5kK6lL7zZ8xX9cC0vB1nN2mQ3wE4rR5tT6yY7uU8iI9oO0pP1aS2dF3gG4hH5jJ6kK7lL8zX9cV0bN1nM2qW3eR4tT5yU6iI7oO8pP9aS0dF1gG2hH3jJ4kK5lL6zZ7xX8cC9vV0bB1nN2mM3qW4eR5tT6yU7iI8oO9pP0aS1dF2gG3hH4jJ5kK6lL7zZ8xX9cC0vB1nN2mQ3wE4rR5tT6yY7uU8iI9oO0pP1aS2dF3gG4hH5jJ6kK7l4hH5jJ6kK7lL8zX9cV0bN1nM2qW3eR4tT5yU6iI7oO8pP9aS0dF1gG2hH3jJ4kK5lL6zZ7xX8cC9vV0bB1nN2mM3qW4eR5tT6yU7iI8oO9pP0aS1dF2gG3hH4jJ5kK6lL7zZ8xX9cC0vB1nN2mQ3wE4rR5tT6yY7uU8iI9oO0pP1aS2dF3gG4hH5jJ6kK7lL8zX9cV0bN1nM2qW3eR4tT5yU6iI7oO8pP9aS0dF1gG2hH3jJ4kK5lL6zZ7xX8cC9vV0bB1nN2mM3qW4eR5tT6yU7iI8oO9pP0aS1dF2gG3hH4jJ5kK6lL7zZ8xX9cC0vB1nN2mQ3wE4rR5tT6yY7uU8iI9oO0pP1aS2dF3gG4hH5jJ6kK7l4hH5jJ6kK7lL8zX9cV0bN1nM2qW3eR4tT5yU6iI7oO8pP9aS0dF1gG2hH3jJ4kK5lL6zZ7xX8cC9vV0bB1nN2mM3qW4eR5tT6yU7iI8oO9pP0aS1dF2gG3hH4jJ5kK6lL7zZ8xX9cC0vB1nN2mQ3wE4rR5tT6yY7uU8iI9oO0pP1aS2dF3gG4hH5jJ6kK7lL8zX9cV0bN1nM2qW3eR4tT5yU6iI7oO8pP9aS0dF1gG2hH3jJ4kK5lL6zZ7xX8cC9vV0bB1nN2mM3qW4eR5tT6yU7iI8oO9pP0aS1dF2gG3hH4jJ5kK6lL7zZ8xX9cC0vB1nN2mQ3wE4rR5tT6yY7uU8iI9oO0pP1aS2dF3gG4hH5jJ6kK7l4hH5jJ6kK7lL8zX9cV0bN1nM2qW3eR4tT5yU6iI7oO8pP9aS0dF1gG2hH3jJ4kK5lL6zZ7xX8cC9vV0bB1nN2mM3qW4eR5tT6yU7iI8oO9pP0aS1dF2gG3hH4jJ5kK6lL7zZ8xX9cC0vB1nN2mQ3wE4rR5tT6yY7uU8iI9oO0pP1aS2dF3gG4hH5jJ6kK7lL8zX9cV0bN1nM2qW3eR4tT5yU6iI7oO8pP9aS0dF1gG2hH3jJ4kK5lL6zZ7xX8cC9vV0bB1nN2mM3qW4eR5tT6yU7iI8oO9pP0aS1dF2gG3hH4jJ5kK6lL7zZ8xX9cC0vB1nN2mQ3wE4rR5tT6yY7uU8iI9oO0pP1aS2dF3gG4hH5jJ6kK7l4hH5jJ6kK7lL8zX9cV0bN1nM2qW3eR4tT5yU6iI7oO8pP9aS0dF1gG2hH3jJ4kK5lL6zZ7xX8cC9vV0bB1nN2mM3qW4eR5tT6yU7iI8oO9pP0aS1dF2gG3hH4jJ5kK6lL7zZ8xX9cC0vB1nN2mQ3wE4rR5tT6yY7uU8iI9oO0pP1aS2dF3gG4hH5jJ6kK7lL8zX9cV0bN1nM2qW3eR4tT5yU6iI7oO8pP9aS0dF1gG2hH3jJ4kK5lL6zZ7xX8cC9vV0bB1nN2mM3qW4eR5tT6yU7iI8oO9pP0aS1dF2gG3hH4jJ5kK6lL7zZ8xX9cC0vB1nN2mQ3wE4rR5tT6yY7uU8iI9oO0pP1aS2dF3gG4hH5jJ6kK7l4hH5jJ6kK7lL8zX9cV0bN1nM2qW3eR4tT5yU6iI7oO8pP9aS0dF1gG2hH3jJ4kK5lL6zZ7xX8cC9vV0bB1nN2mM3qW4eR5tT6yU7iI8oO9pP0aS1dF2gG3hH4jJ5kK6lL7zZ8xX9cC0vB1nN2mQ3wE4rR5tT6yY7uU8iI9oO0pP1aS2dF3gG4hH5jJ6kK7lL8zX9cV0bN1nM2qW3eR4tT5yU6iI7oO8pP9aS0dF1gG2hH3jJ4kK5lL6zZ7xX8cC9vV0bB1nN2mM3qW4eR5tT6yU7iI8oO9pP0aS1dF2gG3hH4jJ5kK6lL7zZ8xX9cC0vB1nN2mQ3wE4rR5tT6yY7uU8iI9oO0pP1aS2dF3gG4hH5jJ6kK7l4hH5jJ6kK7lL8zX9cV0bN1nM2qW3eR4tT5yU6iI7oO8pP9aS0dF1gG2hH3jJ4kK5lL6z7nB9vR2mX8kLp4QjW3tY5zH1aG6sF9dD0fS8gA7hJ6kL5mN4bV3vC2xZ1oP9iU8uY7tT6rR5eE4wW3qQ2aZ1sX2dC3fV4gB5hN6jM7kL8pO9iU0yT1rE2wQ3aS4dF5gG6hH7jJ8kK9lL0zZ1xX2cC3vV4bB5nN6mM7qQ8wW9eE0rR1tT2yY3uU4iI5oO6pP7aA8sS9dD0fF1gG2hH3jJ4kK5lL6zZ7xX8cC9vV0bB1nN2mM3qW4eR5tT6yU7iI8oO9pP0aS1dF2gG3hH4jJ5kK6lL7zZ8xX9cC0vB1nN2mQ3wE4rR5tT6yY7uU8iI9oO0pP1aS2dF3gG4hH5jJ6kK7lL8zX9cV0bN1nM2qW3eR4tT5yU6iI7oO8pP9aS0dF1gG2hH3jJ4kK5lL6zZ7xX8cC9vV0bB1nN2mM3qW4eR5tT6yU7iI8oO9pP0aS1dF2gG3hH4jJ5kK6lL7zZ8xX9cC0vB1nN2mQ3wE4rR5tT6yY7uU8iI9oO0pP1aS2dF3gG4hH5jJ6kK7lL8zX9cV0bN1nM2qW3eR4tT5yU6iI7oO8pP9aS0dF1gG2hH3jJ4kK5lL6zZ7xX8cC9vV0bB1nN2mM3qW4eR5tT6yU7iI8oO9pP0aS1dF2gG3hH4jJ5kK6lL7zZ8xX9cC0vB1nN2mQ3wE4rR5tT6yY7uU8iI9oO0pP1aS2dF3gG4hH5jJ6kK7lL8zX9cV0bN1nM2qW3eR4tT5yU6iI7oO8pP9aS0dF1gG2hH3jJ4kK5lL6zZ7xX8cC9vV0bB1nN2mM3qW4eR5tT6yU7iI8oO9pP0aS1dF2gG3hH4jJ5kK6lL7zZ8xX9cC0vB1nN2mQ3wE4rR5tT6yY7uU8iI9oO0pP1aS2dF3gG4hH5jJ6kK7lL8zX9cV0bN1nM2qW3eR4tT5yU6iI7oO8pP9aS0dF1gG2hH3jJ4kK5lL6zZ7xX8cC9vV0bB1nN2mM3qW4eR5tT6yU7iI8oO9pP0aS1dF2gG3hH4jJ5kK6lL7zZ8xX9cC0vB1nN2mQ3wE4rR5tT6yY7uU8iI9oO0pP1aS2dF3gG4hH5jJ6kK7l4hH5jJ6kK7lL8zX9cV0bN1nM2qW3eR4tT5yU6iI7oO8pP9aS0dF1gG2hH3jJ4kK5lL6zZ7xX8cC9vV0bB1nN2mM3qW4eR5tT6yU7iI8oO9pP0aS1dF2gG3hH4jJ5kK6lL7zZ8xX9cC0vB1nN2mQ3wE4rR5tT6yY7uU8iI9oO0pP1aS2dF3gG4hH5jJ6kK7lL8zX9cV0bN1nM2qW3eR4tT5yU6iI7oO8pP9aS0dF1gG2hH3jJ4kK5lL6zZ7xX8cC9vV0bB1nN2mM3qW4eR5tT6yU7iI8oO9pP0aS1dF2gG3hH4jJ5kK6lL7zZ8xX9cC0vB1nN2mQ3wE4rR5tT6yY7uU8iI9oO0pP1aS2dF3gG4hH5jJ6kK7l4hH5jJ6kK7lL8zX9cV0bN1nM2qW3eR4tT5yU6iI7oO8pP9aS0dF1gG2hH3jJ4kK5lL6zZ7xX8cC9vV0bB1nN2mM3qW4eR5tT6yU7iI8oO9pP0aS1dF2gG3hH4jJ5kK6lL7zZ8xX9cC0vB1nN2mQ3wE4rR5tT6yY7uU8iI9oO0pP1aS2dF3gG4hH5jJ6kK7lL8zX9cV0bN1nM2qW3eR4tT5yU6iI7oO8pP9aS0dF1gG2hH3jJ4kK5lL6zZ7xX8cC9vV0bB1nN2mM3qW4eR5tT6yU7iI8oO9pP0aS1dF2gG3hH4jJ5kK6lL7zZ8xX9cC0vB1nN2mQ3wE4rR5tT6yY7uU8iI9oO0pP1aS2dF3gG4hH5jJ6kK7l4hH5jJ6kK7lL8zX9cV0bN1nM2qW3eR4tT5yU6iI7oO8pP9aS0dF1gG2hH3jJ4kK5lL6zZ7xX8cC9vV0bB1nN2mM3qW4eR5tT6yU7iI8oO9pP0aS1dF2gG3hH4jJ5kK6lL7zZ8xX9cC0vB1nN2mQ3wE4rR5tT6yY7uU8iI9oO0pP1aS2dF3gG4hH5jJ6kK7lL8zX9cV0bN1nM2qW3eR4tT5yU6iI7oO8pP9aS0dF1gG2hH3jJ4kK5lL6zZ7xX8cC9vV0bB1nN2mM3qW4eR5tT6yU7iI8oO9pP0aS1dF2gG3hH4jJ5kK6lL7zZ8xX9cC0vB1nN2mQ3wE4rR5tT6yY7uU8iI9oO0pP1aS2dF3gG4hH5jJ6kK7l4hH5jJ6kK7lL8zX9cV0bN1nM2qW3eR4tT5yU6iI7oO8pP9aS0dF1gG2hH3jJ4kK5lL6zZ7xX8cC9vV0bB1nN2mM3qW4eR5tT6yU7iI8oO9pP0aS1dF2gG3hH4jJ5kK6lL7zZ8xX9cC0vB1nN2mQ3wE4rR5tT6yY7uU8iI9oO0pP1aS2dF3gG4hH5jJ6kK7lL8zX9cV0bN1nM2qW3eR4tT5yU6iI7oO8pP9aS0dF1gG2hH3jJ4kK5lL6zZ7xX8cC9vV0bB1nN2mM3qW4eR5tT6yU7iI8oO9pP0aS1dF2gG3hH4jJ5kK6lL7zZ8xX9cC0vB1nN2mQ3wE4rR5tT6yY7uU8iI9oO0pP1aS2dF3gG4hH5jJ6kK7l4hH5jJ6kK7lL8zX9cV0bN1nM2qW3eR4tT5yU6iI7oO8pP9aS0dF1gG2hH3jJ4kK5lL6zZ7xX8cC9vV0bB1nN2mM3qW4eR5tT6yU7iI8oO9pP0aS1dF2gG3hH4jJ5kK6lL7zZ8xX9cC0vB1nN2mQ3wE4rR5tT6yY7uU8iI9oO0pP1aS2dF3gG4hH5jJ6kK7lL8zX9cV0bN1nM2qW3eR4tT5yU6iI7oO8pP9aS0dF1gG2hH3jJ4kK5lL6zZ7xX8cC9vV0bB1nN2mM3qW4eR5tT6yU7iI8oO9pP0aS1dF2gG3hH4jJ5kK6lL7zZ8xX9cC0vB1nN2mQ3wE4rR5tT6yY7uU8iI9oO0pP1aS2dF3gG4hH5jJ6kK7l4hH5jJ6kK7lL8zX9cV0bN1nM2qW3eR4tT5yU6iI7oO8pP9aS0dF1gG2hH3jJ4kK5lL6zZ7xX8cC9vV0bB1nN2mM3qW4eR5tT6yU7iI8oO9pP0aS1dF2gG3hH4jJ5kK6lL7zZ8xX9cC0vB1nN2mQ3wE4rR5tT6yY7uU8iI9oO0pP1aS2dF3gG4hH5jJ6kK7lL8zX9cV0bN1nM2qW3eR4tT5yU6iI7oO8pP9aS0dF1gG2hH3jJ4kK5lL6zZ7xX8cC9vV0bB1nN2mM3qW4eR5tT6yU7iI8oO9pP0aS1dF2gG3hH4jJ5kK6lL7zZ8xX9cC0vB1nN2mQ3wE4rR5tT6yY7uU8iI9oO0pP1aS2dF3gG4hH5jJ6kK7l4hH5jJ6kK7lL8zX9cV0bN1nM2qW3eR4tT5yU6iI7oO8pP9aS0dF1gG2hH3jJ4kK5lL6zZ7xX8cC9vV0bB1nN2mM3qW4eR5tT6yU7iI8oO9pP0aS1dF2gG3hH4jJ5kK6lL7zZ8xX9cC0vB1nN2mQ3wE4rR5tT6yY7uU8iI9oO0pP1aS2dF3gG4hH5jJ6kK7lL8zX9cV0bN1nM2qW3eR4tT5yU6iI7oO8pP9aS0dF1gG2hH3jJ4kK5lL6zZ7xX8cC9vV0bB1nN2mM3qW4eR5tT6yU7iI8oO9pP0aS1dF2gG3hH4jJ5kK6lL7zZ8xX9cC0vB1nN2mQ3wE4rR5tT6yY7uU8iI9oO0pP1aS2dF3gG4hH5jJ6kK7l4hH5jJ6kK7lL8zX9cV0bN1nM2qW3eR4tT5yU6iI7oO8pP9aS0dF1gG2hH3jJ4kK5lL6z7nB9vR2mX8kLp4QjW3tY5zH1aG6sF9dD0fS8gA7hJ6kL5mN4bV3vC2xZ1oP9iU8uY7tT6rR5eE4wW3qQ2aZ1sX2dC3fV4gB5hN6jM7kL8pO9iU0yT1rE2wQ3aS4dF5gG6hH7jJ8kK9lL0zZ1xX2cC3vV4bB5nN6mM7qQ8wW9eE0rR1tT2yY3uU4iI5oO6pP7aA8sS9dD0fF1gG2hH3jJ4kK5lL6zZ7xX8cC9vV0bB1nN2mM3qW4eR5tT6yU7iI8oO9pP0aS1dF2gG3hH4jJ5kK6lL7zZ8xX9cC0vB1nN2mQ3wE4rR5tT6yY7uU8iI9oO0pP1aS2dF3gG4hH5jJ6kK7lL8zX9cV0bN1nM2qW3eR4tT5yU6iI7oO8pP9aS0dF1gG2hH3jJ4kK5lL6zZ7xX8cC9vV0bB1nN2mM3qW4eR5tT6yU7iI8oO9pP0aS1dF2gG3hH4jJ5kK6lL7zZ8xX9cC0vB1nN2mQ3wE4rR5tT6yY7uU8iI9oO0pP1aS2dF3gG4hH5jJ6kK7lL8zX9cV0bN1nM2qW3eR4tT5yU6iI7oO8pP9aS0dF1gG2hH3jJ4kK5lL6zZ7xX8cC9vV0bB1nN2mM3qW4eR5tT6yU7iI8oO9pP0aS1dF2gG3hH4jJ5kK6lL7zZ8xX9cC0vB1nN2mQ3wE4rR5tT6yY7uU8iI9oO0pP1aS2dF3gG4hH5jJ6kK7lL8zX9cV0bN1nM2qW3eR4tT5yU6iI7oO8pP9aS0dF1gG2hH3jJ4kK5lL6zZ7xX8cC9vV0bB1nN2mM3qW4eR5tT6yU7iI8oO9pP0aS1dF2gG3hH4jJ5kK6lL7zZ8xX9cC0vB1nN2mQ3wE4rR5tT6yY7uU8iI9oO0pP1aS2dF3gG4hH5jJ6kK7lL8zX9cV0bN1nM2qW3eR4tT5yU6iI7oO8pP9aS0dF1gG2hH3jJ4kK5lL6zZ7xX8cC9vV0bB1nN2mM3qW4eR5tT6yU7iI8oO9pP0aS1dF2gG3hH4jJ5kK6lL7zZ8xX9cC0vB1nN2mQ3wE4rR5tT6yY7uU8iI9oO0pP1aS2dF3gG4hH5jJ6kK7l4hH5jJ6kK7lL8zX9cV0bN1nM2qW3eR4tT5yU6iI7oO8pP9aS0dF1gG2hH3jJ4kK5lL6zZ7xX8cC9vV0bB1nN2mM3qW4eR5tT6yU7iI8oO9pP0aS1dF2gG3hH4jJ5kK6lL7zZ8xX9cC0vB1nN2mQ3wE4rR5tT6yY7uU8iI9oO0pP1aS2dF3gG4hH5jJ6kK7lL8zX9cV0bN1nM2qW3eR4tT5yU6iI7oO8pP9aS0dF1gG2hH3jJ4kK5lL6zZ7xX8cC9vV0bB1nN2mM3qW4eR5tT6yU7iI8oO9pP0aS1dF2gG3hH4jJ5kK6lL7zZ8xX9cC0vB1nN2mQ3wE4rR5tT6yY7uU8iI9oO0pP1aS2dF3gG4hH5jJ6kK7l4hH5jJ6kK7lL8zX9cV0bN1nM2qW3eR4tT5yU6iI7oO8pP9aS0dF1gG2hH3jJ4kK5lL6zZ7xX8cC9vV0bB1nN2mM3qW4eR5tT6yU7iI8oO9pP0aS1dF2gG3hH4jJ5kK6lL7zZ8xX9cC0vB1nN2mQ3wE4rR5tT6yY7uU8iI9oO0pP1aS2dF3gG4hH5jJ6kK7lL8zX9cV0bN1nM2qW3eR4tT5yU6iI7oO8pP9aS0dF1gG2hH3jJ4kK5lL6zZ7xX8cC9vV0bB1nN2mM3qW4eR5tT6yU7iI8oO9pP0aS1dF2gG3hH4jJ5kK6lL7zZ8xX9cC0vB1nN2mQ3wE4rR5tT6yY7uU8iI9oO0pP1aS2dF3gG4hH5jJ6kK7l4hH5jJ6kK7lL8zX9cV0bN1nM2qW3eR4tT5yU6iI7oO8pP9aS0dF1gG2hH3jJ4kK5lL6zZ7xX8cC9vV0bB1nN2mM3qW4eR5tT6yU7iI8oO9pP0aS1dF2gG3hH4jJ5kK6lL7zZ8xX9cC0vB1nN2mQ3wE4rR5tT6yY7uU8iI9oO0pP1aS2dF3gG4hH5jJ6kK7lL8zX9cV0bN1nM2qW3eR4tT5yU6iI7oO8pP9aS0dF1gG2hH3jJ4kK5lL6zZ7xX8cC9vV0bB1nN2mM3qW4eR5tT6yU7iI8oO9pP0aS1dF2gG3hH4jJ5kK6lL7zZ8xX9cC0vB1nN2mQ3wE4rR5tT6yY7uU8iI9oO0pP1aS2dF3gG4hH5jJ6kK7l4hH5jJ6kK7lL8zX9cV0bN1nM2qW3eR4tT5yU6iI7oO8pP9aS0dF1gG2hH3jJ4kK5lL6zZ7xX8cC9vV0bB1nN2mM3qW4eR5tT6yU7iI8oO9pP0aS1dF2gG3hH4jJ5kK6lL7zZ8xX9cC0vB1nN2mQ3wE4rR5tT6yY7uU8iI9oO0pP1aS2dF3gG4hH5jJ6kK7lL8zX9cV0bN1nM2qW3eR4tT5yU6iI7oO8pP9aS0dF1gG2hH3jJ4kK5lL6zZ7xX8cC9vV0bB1nN2mM3qW4eR5tT6yU7iI8oO9pP0aS1dF2gG3hH4jJ5kK6lL7zZ8xX9cC0vB1nN2mQ3wE4rR5tT6yY7uU8iI9oO0pP1aS2dF3gG4hH5jJ6kK7l4hH5jJ6kK7lL8zX9cV0bN1nM2qW3eR4tT5yU6iI7oO8pP9aS0dF1gG2hH3jJ4kK5lL6zZ7xX8cC9vV0bB1nN2mM3qW4eR5tT6yU7iI8oO9pP0aS1dF2gG3hH4jJ5kK6lL7zZ8xX9cC0vB1nN2mQ3wE4rR5tT6yY7uU8iI9oO0pP1aS2dF3gG4hH5jJ6kK7lL8zX9cV0bN1nM2qW3eR4tT5yU6iI7oO8pP9aS0dF1gG2hH3jJ4kK5lL6zZ7xX8cC9vV0bB1nN2mM3qW4eR5tT6yU7iI8oO9pP0aS1dF2gG3hH4jJ5kK6lL7zZ8xX9cC0vB1nN2mQ3wE4rR5tT6yY7uU8iI9oO0pP1aS2dF3gG4hH5jJ6kK7l4hH5jJ6kK7lL8zX9cV0bN1nM2qW3eR4tT5yU6iI7oO8pP9aS0dF1gG2hH3jJ4kK5lL6zZ7xX8cC9vV0bB1nN2mM3qW4eR5tT6yU7iI8oO9pP0aS1dF2gG3hH4jJ5kK6lL7zZ8xX9cC0vB1nN2mQ3wE4rR5tT6yY7uU8iI9oO0pP1aS2dF3gG4hH5jJ6kK7lL8zX9cV0bN1nM2qW3eR4tT5yU6iI7oO8pP9aS0dF1gG2hH3jJ4kK5lL6zZ7xX8cC9vV0bB1nN2mM3qW4eR5tT6yU7iI8oO9pP0aS1dF2gG3hH4jJ5kK6lL7zZ8xX9cC0vB1nN2mQ3wE4rR5tT6yY7uU8iI9oO0pP1aS2dF3gG4hH5jJ6kK7l4hH5jJ6kK7lL8zX9cV0bN1nM2qW3eR4tT5yU6iI7oO8pP9aS0dF1gG2hH3jJ4kK5lL6zZ7xX8cC9vV0bB1nN2mM3qW4eR5tT6yU7iI8oO9pP0aS1dF2gG3hH4jJ5kK6lL7zZ8xX9cC0vB1nN2mQ3wE4rR5tT6yY7uU8iI9oO0pP1aS2dF3gG4hH5jJ6kK7lL8zX9cV0bN1nM2qW3eR4tT5yU6iI7oO8pP9aS0dF1gG2hH3jJ4kK5lL6zZ7xX8cC9vV0bB1nN2mM3qW4eR5tT6yU7iI8oO9pP0aS1dF2gG3hH4jJ5kK6lL7zZ8xX9cC0vB1nN2mQ3wE4rR5tT6yY7uU8iI9oO0pP1aS2dF3gG4hH5jJ6kK7l4hH5jJ6kK7lL8zX9cV0bN1nM2qW3eR4tT5yU6iI7oO8pP9aS0dF1gG2hH3jJ4kK5lL6z7nB9vR2mX8kLp4QjW3tY5zH1aG6sF9dD0fS8gA7hJ6kL5mN4bV3vC2xZ1oP9iU8uY7tT6rR5eE4wW3qQ2aZ1sX2dC3fV4gB5hN6jM7kL8pO9iU0yT1rE2wQ3aS4dF5gG6hH7jJ8kK9lL0zZ1xX2cC3vV4bB5nN6mM7qQ8wW9eE0rR1tT2yY3uU4iI5oO6pP7aA8sS9dD0fF1gG2hH3jJ4kK5lL6zZ7xX8cC9vV0bB1nN2mM3qW4eR5tT6yU7iI8oO9pP0aS1dF2gG3hH4jJ5kK6lL7zZ8xX9cC0vB1nN2mQ3wE4rR5tT6yY7uU8iI9oO0pP1aS2dF3gG4hH5jJ6kK7lL8zX9cV0bN1nM2qW3eR4tT5yU6iI7oO8pP9aS0dF1gG2hH3jJ4kK5lL6zZ7xX8cC9vV0bB1nN2mM3qW4eR5tT6yU7iI8oO9pP0aS1dF2gG3hH4jJ5kK6lL7zZ8xX9cC0vB1nN2mQ3wE4rR5tT6yY7uU8iI9oO0pP1aS2dF3gG4hH5jJ6kK7lL8zX9cV0bN1nM2qW3eR4tT5yU6iI7oO8pP9aS0dF1gG2hH3jJ4kK5lL6zZ7xX8cC9vV0bB1nN2mM3qW4eR5tT6yU7iI8oO9pP0aS1dF2gG3hH4jJ5kK6lL7zZ8xX9cC0vB1nN2mQ3wE4rR5tT6yY7uU8iI9oO0pP1aS2dF3gG4hH5jJ6kK7lL8zX9cV0bN1nM2qW3eR4tT5yU6iI7oO8pP9aS0dF1gG2hH3jJ4kK5lL6zZ7xX8cC9vV0bB1nN2mM3qW4eR5tT6yU7iI8oO9pP0aS1dF2gG3hH4jJ5kK6lL7zZ8xX9cC0vB1nN2mQ3wE4rR5tT6yY7uU8iI9oO0pP1aS2dF3gG4hH5jJ6kK7lL8zX9cV0bN1nM2qW3eR4tT5yU6iI7oO8pP9aS0dF1gG2hH3jJ4kK5lL6zZ7xX8cC9vV0bB1nN2mM3qW4eR5tT6yU7iI8oO9pP0aS1dF2gG3hH4jJ5kK6lL7zZ8xX9cC0vB1nN2mQ3wE4rR5tT6yY7uU8iI9oO0pP1aS2dF3gG4hH5jJ6kK7l4hH5jJ6kK7lL8zX9cV0bN1nM2qW3eR4tT5yU6iI7oO8pP9aS0dF1gG2hH3jJ4kK5lL6zZ7xX8cC9vV0bB1nN2mM3qW4eR5tT6yU7iI8oO9pP0aS1dF2gG3hH4jJ5kK6lL7zZ8xX9cC0vB1nN2mQ3wE4rR5tT6yY7uU8iI9oO0pP1aS2dF3gG4hH5jJ6kK7lL8zX9cV0bN1nM2qW3eR4tT5yU6iI7oO8pP9aS0dF1gG2hH3jJ4kK5lL6zZ7xX8cC9vV0bB1nN2mM3qW4eR5tT6yU7iI8oO9pP0aS1dF2gG3hH4jJ5kK6lL7zZ8xX9cC0vB1nN2mQ3wE4rR5tT6yY7uU8iI9oO0pP1aS2dF3gG4hH5jJ6kK7l4hH5jJ6kK7lL8zX9cV0bN1nM2qW3eR4tT5yU6iI7oO8pP9aS0dF1gG2hH3jJ4kK5lL6zZ7xX8cC9vV0bB1nN2mM3qW4eR5tT6yU7iI8oO9pP0aS1dF2gG3hH4jJ5kK6lL7zZ8xX9cC0vB1nN2mQ3wE4rR5tT6yY7uU8iI9oO0pP1aS2dF3gG4hH5jJ6kK7lL8zX9cV0bN1nM2qW3eR4tT5yU6iI7oO8pP9aS0dF1gG2hH3jJ4kK5lL6zZ7xX8cC9vV0bB1nN2mM3qW4eR5tT6yU7iI8oO9pP0aS1dF2gG3hH4jJ5kK6lL7zZ8xX9cC0vB1nN2mQ3wE4rR5tT6yY7uU8iI9oO0pP1aS2dF3gG4hH5jJ6kK7l4hH5jJ6kK7lL8zX9cV0bN1nM2qW3eR4tT5yU6iI7oO8pP9aS0dF1gG2hH3jJ4kK5lL6zZ7xX8cC9vV0bB1nN2mM3qW4eR5tT6yU7iI8oO9pP0aS1dF2gG3hH4jJ5kK6lL7zZ8xX9cC0vB1nN2mQ3wE4rR5tT6yY7uU8iI9oO0pP1aS2dF3gG4hH5jJ6kK7lL8zX9cV0bN1nM2qW3eR4tT5yU6iI7oO8pP9aS0dF1gG2hH3jJ4kK5lL6zZ7xX8cC9vV0bB1nN2mM3qW4eR5tT6yU7iI8oO9pP0aS1dF2gG3hH4jJ5kK6lL7zZ8xX9cC0vB1nN2mQ3wE4rR5tT6yY7uU8iI9oO0pP1aS2dF3gG4hH5jJ6kK7l4hH5jJ6kK7lL8zX9cV0bN1nM2qW3eR4tT5yU6iI7oO8pP9aS0dF1gG2hH3jJ4kK5lL6zZ7xX8cC9vV0bB1nN2mM3qW4eR5tT6yU7iI8oO9pP0aS1dF2gG3hH4jJ5kK6lL7zZ8xX9cC0vB1nN2mQ3wE4rR5tT6yY7uU8iI9oO0pP1aS2dF3gG4hH5jJ6kK7lL8zX9cV0bN1nM2qW3eR4tT5yU6iI7oO8pP9aS0dF1gG2hH3jJ4kK5lL6zZ7xX8cC9vV0bB1nN2mM3qW4eR5tT6yU7iI8oO9pP0aS1dF2gG3hH4jJ5kK6lL7zZ8xX9cC0vB1nN2mQ3wE4rR5tT6yY7uU8iI9oO0pP1aS2dF3gG4hH5jJ6kK7l4hH5jJ6kK7lL8zX9cV0bN1nM2qW3eR4tT5yU6iI7oO8pP9aS0dF1gG2hH3jJ4kK5lL6zZ7xX8cC9vV0bB1nN2mM3qW4eR5tT6yU7iI8oO9pP0aS1dF2gG3hH4jJ5kK6lL7zZ8xX9cC0vB1nN2mQ3wE4rR5tT6yY7uU8iI9oO0pP1aS2dF3gG4hH5jJ6kK7lL8zX9cV0bN1nM2qW3eR4tT5yU6iI7oO8pP9aS0dF1gG2hH3jJ4kK5lL6zZ7xX8cC9vV0bB1nN2mM3qW4eR5tT6yU7iI8oO9pP0aS1dF2gG3hH4jJ5kK6lL7zZ8xX9cC0vB1nN2mQ3wE4rR5tT6yY7uU8iI9oO0pP1aS2dF3gG4hH5jJ6kK7l4hH5jJ6kK7lL8zX9cV0bN1nM2qW3eR4tT5yU6iI7oO8pP9aS0dF1gG2hH3jJ4kK5lL6zZ7xX8cC9vV0bB1nN2mM3qW4eR5tT6yU7iI8oO9pP0aS1dF2gG3hH4jJ5kK6lL7zZ8xX9cC0vB1nN2mQ3wE4rR5tT6yY7uU8iI9oO0pP1aS2dF3gG4hH5jJ6kK7lL8zX9cV0bN1nM2qW3eR4tT5yU6iI7oO8pP9aS0dF1gG2hH3jJ4kK5lL6zZ7xX8cC9vV0bB1nN2mM3qW4eR5tT6yU7iI8oO9pP0aS1dF2gG3hH4jJ5kK6lL7zZ8xX9cC0vB1nN2mQ3wE4rR5tT6yY7uU8iI9oO0pP1aS2dF3gG4hH5jJ6kK7l4hH5jJ6kK7lL8zX9cV0bN1nM2qW3eR4tT5yU6iI7oO8pP9aS0dF1gG2hH3jJ4kK5lL6zZ7xX8cC9vV0bB1nN2mM3qW4eR5tT6yU7iI8oO9pP0aS1dF2gG3hH4jJ5kK6lL7zZ8xX9cC0vB1nN2mQ3wE4rR5tT6yY7uU8iI9oO0pP1aS2dF3gG4hH5jJ6kK7lL8zX9cV0bN1nM2qW3eR4tT5yU6iI7oO8pP9aS0dF1gG2hH3jJ4kK5lL6zZ7xX8cC9vV0bB1nN2mM3qW4eR5tT6yU7iI8oO9pP0aS1dF2gG3hH4jJ5kK6lL7zZ8xX9cC0vB1nN2mQ3wE4rR5tT6yY7uU8iI9oO0pP1aS2dF3gG4hH5jJ6kK7l4hH5jJ6kK7lL8zX9cV0bN1nM2qW3eR4tT5yU6iI7oO8pP9aS0dF1gG2hH3jJ4kK5lL6z7nB9vR2mX8kLp4QjW3tY5zH1aG6sF9dD0fS8gA7hJ6kL5mN4bV3vC2xZ1oP9iU8uY7tT6rR5eE4wW3qQ2aZ1sX2dC3fV4gB5hN6jM7kL8pO9iU0yT1rE2wQ3aS4dF5gG6hH7jJ8kK9lL0zZ1xX2cC3vV4bB5nN6mM7qQ8wW9eE0rR1tT2yY3uU4iI5oO6pP7aA8sS9dD0fF1gG2hH3jJ4kK5lL6zZ7xX8cC9vV0bB1nN2mM3qW4eR5tT6yU7iI8oO9pP0aS1dF2gG3hH4jJ5kK6lL7zZ8xX9cC0vB1nN2mQ3wE4rR5tT6yY7uU8iI9oO0pP1aS2dF3gG4hH5jJ6kK7lL8zX9cV0bN1nM2qW3eR4tT5yU6iI7oO8pP9aS0dF1gG2hH3jJ4kK5lL6zZ7xX8cC9vV0bB1nN2mM3qW4eR5tT6yU7iI8oO9pP0aS1dF2gG3hH4jJ5kK6lL7zZ8xX9cC0vB1nN2mQ3wE4rR5tT6yY7uU8iI9oO0pP1aS2dF3gG4hH5jJ6kK7lL8zX9cV0bN1nM2qW3eR4tT5yU6iI7oO8pP9aS0dF1gG2hH3jJ4kK5lL6zZ7xX8cC9vV0bB1nN2mM3qW4eR5tT6yU7iI8oO9pP0aS1dF2gG3hH4jJ5kK6lL7zZ8xX9cC0vB1nN2mQ3wE4rR5tT6yY7uU8iI9oO0pP1aS2dF3gG4hH5jJ6kK7lL8zX9cV0bN1nM2qW3eR4tT5yU6iI7oO8pP9aS0dF1gG2hH3jJ4kK5lL6zZ7xX8cC9vV0bB1nN2mM3qW4eR5tT6yU7iI8oO9pP0aS1dF2gG3hH4jJ5kK6lL7zZ8xX9cC0vB1nN2mQ3wE4rR5tT6yY7uU8iI9oO0pP1aS2dF3gG4hH5jJ6kK7lL8zX9cV0bN1nM2qW3eR4tT5yU6iI7oO8pP9aS0dF1gG2hH3jJ4kK5lL6zZ7xX8cC9vV0bB1nN2mM3qW4eR5tT6yU7iI8oO9pP0aS1dF2gG3hH4jJ5kK6lL7zZ8xX9cC0vB1nN2mQ3wE4rR5tT6yY7uU8iI9oO0pP1aS2dF3gG4hH5jJ6kK7l4hH5jJ6kK7lL8zX9cV0bN1nM2qW3eR4tT5yU6iI7oO8pP9aS0dF1gG2hH3jJ4kK5lL6zZ7xX8cC9vV0bB1nN2mM3qW4eR5tT6yU7iI8oO9pP0aS1dF2gG3hH4jJ5kK6lL7zZ8xX9cC0vB1nN2mQ3wE4rR5tT6yY7uU8iI9oO0pP1aS2dF3gG4hH5jJ6kK7lL8zX9cV0bN1nM2qW3eR4tT5yU6iI7oO8pP9aS0dF1gG2hH3jJ4kK5lL6zZ7xX8cC9vV0bB1nN2mM3qW4eR5tT6yU7iI8oO9pP0aS1dF2gG3hH4jJ5kK6lL7zZ8xX9cC0vB1nN2mQ3wE4rR5tT6yY7uU8iI9oO0pP1aS2dF3gG4hH5jJ6kK7l4hH5jJ6kK7lL8zX9cV0bN1nM2qW3eR4tT5yU6iI7oO8pP9aS0dF1gG2hH3jJ4kK5lL6zZ7xX8cC9vV0bB1nN2mM3qW4eR5tT6yU7iI8oO9pP0aS1dF2gG3hH4jJ5kK6lL7zZ8xX9cC0vB1nN2mQ3wE4rR5tT6yY7uU8iI9oO0pP1aS2dF3gG4hH5jJ6kK7lL8zX9cV0bN1nM2qW3eR4tT5yU6iI7oO8pP9aS0dF1gG2hH3jJ4kK5lL6zZ7xX8cC9vV0bB1nN2mM3qW4eR5tT6yU7iI8oO9pP0aS1dF2gG3hH4jJ5kK6lL7zZ8xX9cC0vB1nN2mQ3wE4rR5tT6yY7uU8iI9oO0pP1aS2dF3gG4hH5jJ6kK7l4hH5jJ6kK7lL8zX9cV0bN1nM2qW3eR4tT5yU6iI7oO8pP9aS0dF1gG2hH3jJ4kK5lL6zZ7xX8cC9vV0bB1nN2mM3qW4eR5tT6yU7iI8oO9pP0aS1dF2gG3hH4jJ5kK6lL7zZ8xX9cC0vB1nN2mQ3wE4rR5tT6yY7uU8iI9oO0pP1aS2dF3gG4hH5jJ6kK7lL8zX9cV0bN1nM2qW3eR4tT5yU6iI7oO8pP9aS0dF1gG2hH3jJ4kK5lL6zZ7xX8cC9vV0bB1nN2mM3qW4eR5tT6yU7iI8oO9pP0aS1dF2gG3hH4jJ5kK6lL7zZ8xX9cC0vB1nN2mQ3wE4rR5tT6yY7uU8iI9oO0pP1aS2dF3gG4hH5jJ6kK7l4hH5jJ6kK7lL8zX9cV0bN1nM2qW3eR4tT5yU6iI7oO8pP9aS0dF1gG2hH3jJ4kK5lL6zZ7xX8cC9vV0bB1nN2mM3qW4eR5tT6yU7iI8oO9pP0aS1dF2gG3hH4jJ5kK6lL7zZ8xX9cC0vB1nN2mQ3wE4rR5tT6yY7uU8iI9oO0pP1aS2dF3gG4hH5jJ6kK7lL8zX9cV0bN1nM2qW3eR4tT5yU6iI7oO8pP9aS0dF1gG2hH3jJ4kK5lL6zZ7xX8cC9vV0bB1nN2mM3qW4eR5tT6yU7iI8oO9pP0aS1dF2gG3hH4jJ5kK6lL7zZ8xX9cC0vB1nN2mQ3wE4rR5tT6yY7uU8iI9oO0pP1aS2dF3gG4hH5jJ6kK7l4hH5jJ6kK7lL8zX9cV0bN1nM2qW3eR4tT5yU6iI7oO8pP9aS0dF1gG2hH3jJ4kK5lL6zZ7xX8cC9vV0bB1nN2mM3qW4eR5tT6yU7iI8oO9pP0aS1dF2gG3hH4jJ5kK6lL7zZ8xX9cC0vB1nN2mQ3wE4rR5tT6yY7uU8iI9oO0pP1aS2dF3gG4hH5jJ6kK7lL8zX9cV0bN1nM2qW3eR4tT5yU6iI7oO8pP9aS0dF1gG2hH3jJ4kK5lL6zZ7xX8cC9vV0bB1nN2mM3qW4eR5tT6yU7iI8oO9pP0aS1dF2gG3hH4jJ5kK6lL7zZ8xX9cC0vB1nN2mQ3wE4rR5tT6yY7uU8iI9oO0pP1aS2dF3gG4hH5jJ6kK7l4hH5jJ6kK7lL8zX9cV0bN1nM2qW3eR4tT5yU6iI7oO8pP9aS0dF1gG2hH3jJ4kK5lL6zZ7xX8cC9vV0bB1nN2mM3qW4eR5tT6yU7iI8oO9pP0aS1dF2gG3hH4jJ5kK6lL7zZ8xX9cC0vB1nN2mQ3wE4rR5tT6yY7uU8iI9oO0pP1aS2dF3gG4hH5jJ6kK7lL8zX9cV0bN1nM2qW3eR4tT5yU6iI7oO8pP9aS0dF1gG2hH3jJ4kK5lL6zZ7xX8cC9vV0bB1nN2mM3qW4eR5tT6yU7iI8oO9pP0aS1dF2gG3hH4jJ5kK6lL7zZ8xX9cC0vB1nN2mQ3wE4rR5tT6yY7uU8iI9oO0pP1aS2dF3gG4hH5jJ6kK7l4hH5jJ6kK7lL8zX9cV0bN1nM2qW3eR4tT5yU6iI7oO8pP9aS0dF1gG2hH3jJ4kK5lL6zZ7xX8cC9vV0bB1nN2mM3qW4eR5tT6yU7iI8oO9pP0aS1dF2gG3hH4jJ5kK6lL7zZ8xX9cC0vB1nN2mQ3wE4rR5tT6yY7uU8iI9oO0pP1aS2dF3gG4hH5jJ6kK7lL8zX9cV0bN1nM2qW3eR4tT5yU6iI7oO8pP9aS0dF1gG2hH3jJ4kK5lL6zZ7xX8cC9vV0bB1nN2mM3qW4eR5tT6yU7iI8oO9pP0aS1dF2gG3hH4jJ5kK6lL7zZ8xX9cC0vB1nN2mQ3wE4rR5tT6yY7uU8iI9oO0pP1aS2dF3gG4hH5jJ6kK7l4hH5jJ6kK7lL8zX9cV0bN1nM2qW3eR4tT5yU6iI7oO8pP9aS0dF1gG2hH3jJ4kK5lL6z7nB9vR2mX8kLp4QjW3tY5zH1aG6sF9dD0fS8gA7hJ6kL5mN4bV3vC2xZ1oP9iU8uY7tT6rR5eE4wW3qQ2aZ1sX2dC3fV4gB5hN6jM7kL8pO9iU0yT1rE2wQ3aS4dF5gG6hH7jJ8kK9lL0zZ1xX2cC3vV4bB5nN6mM7qQ8wW9eE0rR1tT2yY3uU4iI5oO6pP7aA8sS9dD0fF1gG2hH3jJ4kK5lL6zZ7xX8cC9vV0bB1nN2mM3qW4eR5tT6yU7iI8oO9pP0aS1dF2gG3hH4jJ5kK6lL7zZ8xX9cC0vB1nN2mQ3wE4rR5tT6yY7uU8iI9oO0pP1aS2dF3gG4hH5jJ6kK7lL8zX9cV0bN1nM2qW3eR4tT5yU6iI7oO8pP9aS0dF1gG2hH3jJ4kK5lL6zZ7xX8cC9vV0bB1nN2mM3qW4eR5tT6yU7iI8oO9pP0aS1dF2gG3hH4jJ5kK6lL7zZ8xX9cC0vB1nN2mQ3wE4rR5tT6yY7uU8iI9oO0pP1aS2dF3gG4hH5jJ6kK7lL8zX9cV0bN1nM2qW3eR4tT5yU6iI7oO8pP9aS0dF1gG2hH3jJ4kK5lL6zZ7xX8cC9vV0bB1nN2mM3qW4eR5tT6yU7iI8oO9pP0aS1dF2gG3hH4jJ5kK6lL7zZ8xX9cC0vB1nN2mQ3wE4rR5tT6yY7uU8iI9oO0pP1aS2dF3gG4hH5jJ6kK7lL8zX9cV0bN1nM2qW3eR4tT5yU6iI7oO8pP9aS0dF1gG2hH3jJ4kK5lL6zZ7xX8cC9vV0bB1nN2mM3qW4eR5tT6yU7iI8oO9pP0aS1dF2gG3hH4jJ5kK6lL7zZ8xX9cC0vB1nN2mQ3wE4rR5tT6yY7uU8iI9oO0pP1aS2dF3gG4hH5jJ6kK7lL8zX9cV0bN1nM2qW3eR4tT5yU6iI7oO8pP9aS0dF1gG2hH3jJ4kK5lL6zZ7xX8cC9vV0bB1nN2mM3qW4eR5tT6yU7iI8oO9pP0aS1dF2gG3hH4jJ5kK6lL7zZ8xX9cC0vB1nN2mQ3wE4rR5tT6yY7uU8iI9oO0pP1aS2dF3gG4hH5jJ6kK7l4hH5jJ6kK7lL8zX9cV0bN1nM2qW3eR4tT5yU6iI7oO8pP9aS0dF1gG2hH3jJ4kK5lL6zZ7xX8cC9vV0bB1nN2mM3qW4eR5tT6yU7iI8oO9pP0aS1dF2gG3hH4jJ5kK6lL7zZ8xX9cC0vB1nN2mQ3wE4rR5tT6yY7uU8iI9oO0pP1aS2dF3gG4hH5jJ6kK7lL8zX9cV0bN1nM2qW3eR4tT5yU6iI7oO8pP9aS0dF1gG2hH3jJ4kK5lL6zZ7xX8cC9vV0bB1nN2mM3qW4eR5tT6yU7iI8oO9pP0aS1dF2gG3hH4jJ5kK6lL7zZ8xX9cC0vB1nN2mQ3wE4rR5tT6yY7uU8iI9oO0pP1aS2dF3gG4hH5jJ6kK7l4hH5jJ6kK7lL8zX9cV0bN1nM2qW3eR4tT5yU6iI7oO8pP9aS0dF1gG2hH3jJ4kK5lL6zZ7xX8cC9vV0bB1nN2mM3qW4eR5tT6yU7iI8oO9pP0aS1dF2gG3hH4jJ5kK6lL7zZ8xX9cC0vB1nN2mQ3wE4rR5tT6yY7uU8iI9oO0pP1aS2dF3gG4hH5jJ6kK7lL8zX9cV0bN1nM2qW3eR4tT5yU6iI7oO8pP9aS0dF1gG2hH3jJ4kK5lL6zZ7xX8cC9vV0bB1nN2mM3qW4eR5tT6yU7iI8oO9pP0aS1dF2gG3hH4jJ5kK6lL7zZ8xX9cC0vB1nN2mQ3wE4rR5tT6yY7uU8iI9oO0pP1aS2dF3gG4hH5jJ6kK7l4hH5jJ6kK7lL8zX9cV0bN1nM2qW3eR4tT5yU6iI7oO8pP9aS0dF1gG2hH3jJ4kK5lL6zZ7xX8cC9vV0bB1nN2mM3qW4eR5tT6yU7iI8oO9pP0aS1dF2gG3hH4jJ5kK6lL7zZ8xX9cC0vB1nN2mQ3wE4rR5tT6yY7uU8iI9oO0pP1aS2dF3gG4hH5jJ6kK7lL8zX9cV0bN1nM2qW3eR4tT5yU6iI7oO8pP9aS0dF1gG2hH3jJ4kK5lL6zZ7xX8cC9vV0bB1nN2mM3qW4eR5tT6yU7iI8oO9pP0aS1dF2gG3hH4jJ5kK6lL7zZ8xX9cC0vB1nN2mQ3wE4rR5tT6yY7uU8iI9oO0pP1aS2dF3gG4hH5jJ6kK7l4hH5jJ6kK7lL8zX9cV0bN1nM2qW3eR4tT5yU6iI7oO8pP9aS0dF1gG2hH3jJ4kK5lL6zZ7xX8cC9vV0bB1nN2mM3qW4eR5tT6yU7iI8oO9pP0aS1dF2gG3hH4jJ5kK6lL7zZ8xX9cC0vB1nN2mQ3wE4rR5tT6yY7uU8iI9oO0pP1aS2dF3gG4hH5jJ6kK7lL8zX9cV0bN1nM2qW3eR4tT5yU6iI7oO8pP9aS0dF1gG2hH3jJ4kK5lL6zZ7xX8cC9vV0bB1nN2mM3qW4eR5tT6yU7iI8oO9pP0aS1dF2gG3hH4jJ5kK6lL7zZ8xX9cC0vB1nN2mQ3wE4rR5tT6yY7uU8iI9oO0pP1aS2dF3gG4hH5jJ6kK7l4hH5jJ6kK7lL8zX9cV0bN1nM2qW3eR4tT5yU6iI7oO8pP9aS0dF1gG2hH3jJ4kK5lL6zZ7xX8cC9vV0bB1nN2mM3qW4eR5tT6yU7iI8oO9pP0aS1dF2gG3hH4jJ5kK6lL7zZ8xX9cC0vB1nN2mQ3wE4rR5tT6yY7uU8iI9oO0pP1aS2dF3gG4hH5jJ6kK7lL8zX9cV0bN1nM2qW3eR4tT5yU6iI7oO8pP9aS0dF1gG2hH3jJ4kK5lL6zZ7xX8cC9vV0bB1nN2mM3qW4eR5tT6yU7iI8oO9pP0aS1dF2gG3hH4jJ5kK6lL7zZ8xX9cC0vB1nN2mQ3wE4rR5tT6yY7uU8iI9oO0pP1aS2dF3gG4hH5jJ6kK7l4hH5jJ6kK7lL8zX9cV0bN1nM2qW3eR4tT5yU6iI7oO8pP9aS0dF1gG2hH3jJ4kK5lL6zZ7xX8cC9vV0bB1nN2mM3qW4eR5tT6yU7iI8oO9pP0aS1dF2gG3hH4jJ5kK6lL7zZ8xX9cC0vB1nN2mQ3wE4rR5tT6yY7uU8iI9oO0pP1aS2dF3gG4hH5jJ6kK7lL8zX9cV0bN1nM2qW3eR4tT5yU6iI7oO8pP9aS0dF1gG2hH3jJ4kK5lL6zZ7xX8cC9vV0bB1nN2mM3qW4eR5tT6yU7iI8oO9pP0aS1dF2gG3hH4jJ5kK6lL7zZ8xX9cC0vB1nN2mQ3wE4rR5tT6yY7uU8iI9oO0pP1aS2dF3gG4hH5jJ6kK7l4hH5jJ6kK7lL8zX9cV0bN1nM2qW3eR4tT5yU6iI7oO8pP9aS0dF1gG2hH3jJ4kK5lL6zZ7xX8cC9vV0bB1nN2mM3qW4eR5tT6yU7iI8oO9pP0aS1dF2gG3hH4jJ5kK6lL7zZ8xX9cC0vB1nN2mQ3wE4rR5tT6yY7uU8iI9oO0pP1aS2dF3gG4hH5jJ6kK7lL8zX9cV0bN1nM2qW3eR4tT5yU6iI7oO8pP9aS0dF1gG2hH3jJ4kK5lL6zZ7xX8cC9vV0bB1nN2mM3qW4eR5tT6yU7iI8oO9pP0aS1dF2gG3hH4jJ5kK6lL7zZ8xX9cC0vB1nN2mQ3wE4rR5tT6yY7uU8iI9oO0pP1aS2dF3gG4hH5jJ6kK7l4hH5jJ6kK7lL8zX9cV0bN1nM2qW3eR4tT5yU6iI7oO8pP9aS0dF1gG2hH3jJ4kK5lL6z7nB9vR2mX8kLp4QjW3tY5zH1aG6sF9dD0fS8gA7hJ6kL5mN4bV3vC2xZ1oP9iU8uY7tT6rR5eE4wW3qQ2aZ1sX2dC3fV4gB5hN6jM7kL8pO9iU0yT1rE2wQ3aS4dF5gG6hH7jJ8kK9lL0zZ1xX2cC3vV4bB5nN6mM7qQ8wW9eE0rR1tT2yY3uU4iI5oO6pP7aA8sS9dD0fF1gG2hH3jJ4kK5lL6zZ7xX8cC9vV0bB1nN2mM3qW4eR5tT6yU7iI8oO9pP0aS1dF2gG3hH4jJ5kK6lL7zZ8xX9cC0vB1nN2mQ3wE4rR5tT6yY7uU8iI9oO0pP1aS2dF3gG4hH5jJ6kK7lL8zX9cV0bN1nM2qW3eR4tT5yU6iI7oO8pP9aS0dF1gG2hH3jJ4kK5lL6zZ7xX8cC9vV0bB1nN2mM3qW4eR5tT6yU7iI8oO9pP0aS1dF2gG3hH4jJ5kK6lL7zZ8xX9cC0vB1nN2mQ3wE4rR5tT6yY7uU8iI9oO0pP1aS2dF3gG4hH5jJ6kK7lL8zX9cV0bN1nM2qW3eR4tT5yU6iI7oO8pP9aS0dF1gG2hH3jJ4kK5lL6zZ7xX8cC9vV0bB1nN2mM3qW4eR5tT6yU7iI8oO9pP0aS1dF2gG3hH4jJ5kK6lL7zZ8xX9cC0vB1nN2mQ3wE4rR5tT6yY7uU8iI9oO0pP1aS2dF3gG4hH5jJ6kK7lL8zX9cV0bN1nM2qW3eR4tT5yU6iI7oO8pP9aS0dF1gG2hH3jJ4kK5lL6zZ7xX8cC9vV0bB1nN2mM3qW4eR5tT6yU7iI8oO9pP0aS1dF2gG3hH4jJ5kK6lL7zZ8xX9cC0vB1nN2mQ3wE4rR5tT6yY7uU8iI9oO0pP1aS2dF3gG4hH5jJ6kK7lL8zX9cV0bN1nM2qW3eR4tT5yU6iI7oO8pP9aS0dF1gG2hH3jJ4kK5lL6zZ7xX8cC9vV0bB1nN2mM3qW4eR5tT6yU7iI8oO9pP0aS1dF2gG3hH4jJ5kK6lL7zZ8xX9cC0vB1nN2mQ3wE4rR5tT6yY7uU8iI9oO0pP1aS2dF3gG4hH5jJ6kK7l4hH5jJ6kK7lL8zX9cV0bN1nM2qW3eR4tT5yU6iI7oO8pP9aS0dF1gG2hH3jJ4kK5lL6zZ7xX8cC9vV0bB1nN2mM3qW4eR5tT6yU7iI8oO9pP0aS1dF2gG3hH4jJ5kK6lL7zZ8xX9cC0vB1nN2mQ3wE4rR5tT6yY7uU8iI9oO0pP1aS2dF3gG4hH5jJ6kK7lL8zX9cV0bN1nM2qW3eR4tT5yU6iI7oO8pP9aS0dF1gG2hH3jJ4kK5lL6zZ7xX8cC9vV0bB1nN2mM3qW4eR5tT6yU7iI8oO9pP0aS1dF2gG3hH4jJ5kK6lL7zZ8xX9cC0vB1nN2mQ3wE4rR5tT6yY7uU8iI9oO0pP1aS2dF3gG4hH5jJ6kK7l4hH5jJ6kK7lL8zX9cV0bN1nM2qW3eR4tT5yU6iI7oO8pP9aS0dF1gG2hH3jJ4kK5lL6zZ7xX8cC9vV0bB1nN2mM3qW4eR5tT6yU7iI8oO9pP0aS1dF2gG3hH4jJ5kK6lL7zZ8xX9cC0vB1nN2mQ3wE4rR5tT6yY7uU8iI9oO0pP1aS2dF3gG4hH5jJ6kK7lL8zX9cV0bN1nM2qW3eR4tT5yU6iI7oO8pP9aS0dF1gG2hH3jJ4kK5lL6zZ7xX8cC9vV0bB1nN2mM3qW4eR5tT6yU7iI8oO9pP0aS1dF2gG3hH4jJ5kK6lL7zZ8xX9cC0vB1nN2mQ3wE4rR5tT6yY7uU8iI9oO0pP1aS2dF3gG4hH5jJ6kK7l4hH5jJ6kK7lL8zX9cV0bN1nM2qW3eR4tT5yU6iI7oO8pP9aS0dF1gG2hH3jJ4kK5lL6zZ7xX8cC9vV0bB1nN2mM3qW4eR5tT6yU7iI8oO9pP0aS1dF2gG3hH4jJ5kK6lL7zZ8xX9cC0vB1nN2mQ3wE4rR5tT6yY7uU8iI9oO0pP1aS2dF3gG4hH5jJ6kK7lL8zX9cV0bN1nM2qW3eR4tT5yU6iI7oO8pP9aS0dF1gG2hH3jJ4kK5lL6zZ7xX8cC9vV0bB1nN2mM3qW4eR5tT6yU7iI8oO9pP0aS1dF2gG3hH4jJ5kK6lL7zZ8xX9cC0vB1nN2mQ3wE4rR5tT6yY7uU8iI9oO0pP1aS2dF3gG4hH5jJ6kK7l4hH5jJ6kK7lL8zX9cV0bN1nM2qW3eR4tT5yU6iI7oO8pP9aS0dF1gG2hH3jJ4kK5lL6zZ7xX8cC9vV0bB1nN2mM3qW4eR5tT6yU7iI8oO9pP0aS1dF2gG3hH4jJ5kK6lL7zZ8xX9cC0vB1nN2mQ3wE4rR5tT6yY7uU8iI9oO0pP1aS2dF3gG4hH5jJ6kK7lL8zX9cV0bN1nM2qW3eR4tT5yU6iI7oO8pP9aS0dF1gG2hH3jJ4kK5lL6zZ7xX8cC9vV0bB1nN2mM3qW4eR5tT6yU7iI8oO9pP0aS1dF2gG3hH4jJ5kK6lL7zZ8xX9cC0vB1nN2mQ3wE4rR5tT6yY7uU8iI9oO0pP1aS2dF3gG4hH5jJ6kK7l4hH5jJ6kK7lL8zX9cV0bN1nM2qW3eR4tT5yU6iI7oO8pP9aS0dF1gG2hH3jJ4kK5lL6zZ7xX8cC9vV0bB1nN2mM3qW4eR5tT6yU7iI8oO9pP0aS1dF2gG3hH4jJ5kK6lL7zZ8xX9cC0vB1nN2mQ3wE4rR5tT6yY7uU8iI9oO0pP1aS2dF3gG4hH5jJ6kK7lL8zX9cV0bN1nM2qW3eR4tT5yU6iI7oO8pP9aS0dF1gG2hH3jJ4kK5lL6zZ7xX8cC9vV0bB1nN2mM3qW4eR5tT6yU7iI8oO9pP0aS1dF2gG3hH4jJ5kK6lL7zZ8xX9cC0vB1nN2mQ3wE4rR5tT6yY7uU8iI9oO0pP1aS2dF3gG4hH5jJ6kK7l4hH5jJ6kK7lL8zX9cV0bN1nM2qW3eR4tT5yU6iI7oO8pP9aS0dF1gG2hH3jJ4kK5lL6zZ7xX8cC9vV0bB1nN2mM3qW4eR5tT6yU7iI8oO9pP0aS1dF2gG3hH4jJ5kK6lL7zZ8xX9cC0vB1nN2mQ3wE4rR5tT6yY7uU8iI9oO0pP1aS2dF3gG4hH5jJ6kK7lL8zX9cV0bN1nM2qW3eR4tT5yU6iI7oO8pP9aS0dF1gG2hH3jJ4kK5lL6zZ7xX8cC9vV0bB1nN2mM3qW4eR5tT6yU7iI8oO9pP0aS1dF2gG3hH4jJ5kK6lL7zZ8xX9cC0vB1nN2mQ3wE4rR5tT6yY7uU8iI9oO0pP1aS2dF3gG4hH5jJ6kK7l4hH5jJ6kK7lL8zX9cV0bN1nM2qW3eR4tT5yU6iI7oO8pP9aS0dF1gG2hH3jJ4kK5lL6zZ7xX8cC9vV0bB1nN2mM3qW4eR5tT6yU7iI8oO9pP0aS1dF2gG3hH4jJ5kK6lL7zZ8xX9cC0vB1nN2mQ3wE4rR5tT6yY7uU8iI9oO0pP1aS2dF3gG4hH5jJ6kK7lL8zX9cV0bN1nM2qW3eR4tT5yU6iI7oO8pP9aS0dF1gG2hH3jJ4kK5lL6zZ7xX8cC9vV0bB1nN2mM3qW4eR5tT6yU7iI8oO9pP0aS1dF2gG3hH4jJ5kK6lL7zZ8xX9cC0vB1nN2mQ3wE4rR5tT6yY7uU8iI9oO0pP1aS2dF3gG4hH5jJ6kK7l4hH5jJ6kK7lL8zX9cV0bN1nM2qW3eR4tT5yU6iI7oO8pP9aS0dF1gG2hH3jJ4kK5lL6z7nB9vR2mX8kLp4QjW3tY5zH1aG6sF9dD0fS8gA7hJ6kL5mN4bV3vC2xZ1oP9iU8uY7tT6rR5eE4wW3qQ2aZ1sX2dC3fV4gB5hN6jM7kL8pO9iU0yT1rE2wQ3aS4dF5gG6hH7jJ8kK9lL0zZ1xX2cC3vV4bB5nN6mM7qQ8wW9eE0rR1tT2yY3uU4iI5oO6pP7aA8sS9dD0fF1gG2hH3jJ4kK5lL6zZ7xX8cC9vV0bB1nN2mM3qW4eR5tT6yU7iI8oO9pP0aS1dF2gG3hH4jJ5kK6lL7zZ8xX9cC0vB1nN2mQ3wE4rR5tT6yY7uU8iI9oO0pP1aS2dF3gG4hH5jJ6kK7lL8zX9cV0bN1nM2qW3eR4tT5yU6iI7oO8pP9aS0dF1gG2hH3jJ4kK5lL6zZ7xX8cC9vV0bB1nN2mM3qW4eR5tT6yU7iI8oO9pP0aS1dF2gG3hH4jJ5kK6lL7zZ8xX9cC0vB1nN2mQ3wE4rR5tT6yY7uU8iI9oO0pP1aS2dF3gG4hH5jJ6kK7lL8zX9cV0bN1nM2qW3eR4tT5yU6iI7oO8pP9aS0dF1gG2hH3jJ4kK5lL6zZ7xX8cC9vV0bB1nN2mM3qW4eR5tT6yU7iI8oO9pP0aS1dF2gG3hH4jJ5kK6lL7zZ8xX9cC0vB1nN2mQ3wE4rR5tT6yY7uU8iI9oO0pP1aS2dF3gG4hH5jJ6kK7lL8zX9cV0bN1nM2qW3eR4tT5yU6iI7oO8pP9aS0dF1gG2hH3jJ4kK5lL6zZ7xX8cC9vV0bB1nN2mM3qW4eR5tT6yU7iI8oO9pP0aS1dF2gG3hH4jJ5kK6lL7zZ8xX9cC0vB1nN2mQ3wE4rR5tT6yY7uU8iI9oO0pP1aS2dF3gG4hH5jJ6kK7lL8zX9cV0bN1nM2qW3eR4tT5yU6iI7oO8pP9aS0dF1gG2hH3jJ4kK5lL6zZ7xX8cC9vV0bB1nN2mM3qW4eR5tT6yU7iI8oO9pP0aS1dF2gG3hH4jJ5kK6lL7zZ8xX9cC0vB1nN2mQ3wE4rR5tT6yY7uU8iI9oO0pP1aS2dF3gG4hH5jJ6kK7l4hH5jJ6kK7lL8zX9cV0bN1nM2qW3eR4tT5yU6iI7oO8pP9aS0dF1gG2hH3jJ4kK5lL6zZ7xX8cC9vV0bB1nN2mM3qW4eR5tT6yU7iI8oO9pP0aS1dF2gG3hH4jJ5kK6lL7zZ8xX9cC0vB1nN2mQ3wE4rR5tT6yY7uU8iI9oO0pP1aS2dF3gG4hH5jJ6kK7lL8zX9cV0bN1nM2qW3eR4tT5yU6iI7oO8pP9aS0dF1gG2hH3jJ4kK5lL6zZ7xX8cC9vV0bB1nN2mM3qW4eR5tT6yU7iI8oO9pP0aS1dF2gG3hH4jJ5kK6lL7zZ8xX9cC0vB1nN2mQ3wE4rR5tT6yY7uU8iI9oO0pP1aS2dF3gG4hH5jJ6kK7l4hH5jJ6kK7lL8zX9cV0bN1nM2qW3eR4tT5yU6iI7oO8pP9aS0dF1gG2hH3jJ4kK5lL6zZ7xX8cC9vV0bB1nN2mM3qW4eR5tT6yU7iI8oO9pP0aS1dF2gG3hH4jJ5kK6lL7zZ8xX9cC0vB1nN2mQ3wE4rR5tT6yY7uU8iI9oO0pP1aS2dF3gG4hH5jJ6kK7lL8zX9cV0bN1nM2qW3eR4tT5yU6iI7oO8pP9aS0dF1gG2hH3jJ4kK5lL6zZ7xX8cC9vV0bB1nN2mM3qW4eR5tT6yU7iI8oO9pP0aS1dF2gG3hH4jJ5kK6lL7zZ8xX9cC0vB1nN2mQ3wE4rR5tT6yY7uU8iI9oO0pP1aS2dF3gG4hH5jJ6kK7l4hH5jJ6kK7lL8zX9cV0bN1nM2qW3eR4tT5yU6iI7oO8pP9aS0dF1gG2hH3jJ4kK5lL6zZ7xX8cC9vV0bB1nN2mM3qW4eR5tT6yU7iI8oO9pP0aS1dF2gG3hH4jJ5kK6lL7zZ8xX9cC0vB1nN2mQ3wE4rR5tT6yY7uU8iI9oO0pP1aS2dF3gG4hH5jJ6kK7lL8zX9cV0bN1nM2qW3eR4tT5yU6iI7oO8pP9aS0dF1gG2hH3jJ4kK5lL6zZ7xX8cC9vV0bB1nN2mM3qW4eR5tT6yU7iI8oO9pP0aS1dF2gG3hH4jJ5kK6lL7zZ8xX9cC0vB1nN2mQ3wE4rR5tT6yY7uU8iI9oO0pP1aS2dF3gG4hH5jJ6kK7l4hH5jJ6kK7lL8zX9cV0bN1nM2qW3eR4tT5yU6iI7oO8pP9aS0dF1gG2hH3jJ4kK5lL6zZ7xX8cC9vV0bB1nN2mM3qW4eR5tT6yU7iI8oO9pP0aS1dF2gG3hH4jJ5kK6lL7zZ8xX9cC0vB1nN2mQ3wE4rR5tT6yY7uU8iI9oO0pP1aS2dF3gG4hH5jJ6kK7lL8zX9cV0bN1nM2qW3eR4tT5yU6iI7oO8pP9aS0dF1gG2hH3jJ4kK5lL6zZ7xX8cC9vV0bB1nN2mM3qW4eR5tT6yU7iI8oO9pP0aS1dF2gG3hH4jJ5kK6lL7zZ8xX9cC0vB1nN2mQ3wE4rR5tT6yY7uU8iI9oO0pP1aS2dF3gG4hH5jJ6kK7l4hH5jJ6kK7lL8zX9cV0bN1nM2qW3eR4tT5yU6iI7oO8pP9aS0dF1gG2hH3jJ4kK5lL6zZ7xX8cC9vV0bB1nN2mM3qW4eR5tT6yU7iI8oO9pP0aS1dF2gG3hH4jJ5kK6lL7zZ8xX9cC0vB1nN2mQ3wE4rR5tT6yY7uU8iI9oO0pP1aS2dF3gG4hH5jJ6kK7lL8zX9cV0bN1nM2qW3eR4tT5yU6iI7oO8pP9aS0dF1gG2hH3jJ4kK5lL6zZ7xX8cC9vV0bB1nN2mM3qW4eR5tT6yU7iI8oO9pP0aS1dF2gG3hH4jJ5kK6lL7zZ8xX9cC0vB1nN2mQ3wE4rR5tT6yY7uU8iI9oO0pP1aS2dF3gG4hH5jJ6kK7l4hH5jJ6kK7lL8zX9cV0bN1nM2qW3eR4tT5yU6iI7oO8pP9aS0dF1gG2hH3jJ4kK5lL6zZ7xX8cC9vV0bB1nN2mM3qW4eR5tT6yU7iI8oO9pP0aS1dF2gG3hH4jJ5kK6lL7zZ8xX9cC0vB1nN2mQ3wE4rR5tT6yY7uU8iI9oO0pP1aS2dF3gG4hH5jJ6kK7lL8zX9cV0bN1nM2qW3eR4tT5yU6iI7oO8pP9aS0dF1gG2hH3jJ4kK5lL6zZ7xX8cC9vV0bB1nN2mM3qW4eR5tT6yU7iI8oO9pP0aS1dF2gG3hH4jJ5kK6lL7zZ8xX9cC0vB1nN2mQ3wE4rR5tT6yY7uU8iI9oO0pP1aS2dF3gG4hH5jJ6kK7l4hH5jJ6kK7lL8zX9cV0bN1nM2qW3eR4tT5yU6iI7oO8pP9aS0dF1gG2hH3jJ4kK5lL6zZ7xX8cC9vV0bB1nN2mM3qW4eR5tT6yU7iI8oO9pP0aS1dF2gG3hH4jJ5kK6lL7zZ8xX9cC0vB1nN2mQ3wE4rR5tT6yY7uU8iI9oO0pP1aS2dF3gG4hH5jJ6kK7lL8zX9cV0bN1nM2qW3eR4tT5yU6iI7oO8pP9aS0dF1gG2hH3jJ4kK5lL6zZ7xX8cC9vV0bB1nN2mM3qW4eR5tT6yU7iI8oO9pP0aS1dF2gG3hH4jJ5kK6lL7zZ8xX9cC0vB1nN2mQ3wE4rR5tT6yY7uU8iI9oO0pP1aS2dF3gG4hH5jJ6kK7l4hH5jJ6kK7lL8zX9cV0bN1nM2qW3eR4tT5yU6iI7oO8pP9aS0dF1gG2hH3jJ4kK5lL6z7nB9vR2mX8kLp4QjW3tY5zH1aG6sF9dD0fS8gA7hJ6kL5mN4bV3vC2xZ1oP9iU8uY7tT6rR5eE4wW3qQ2aZ1sX2dC3fV4gB5hN6jM7kL8pO9iU0yT1rE2wQ3aS4dF5gG6hH7jJ8kK9lL0zZ1xX2cC3vV4bB5nN6mM7qQ8wW9eE0rR1tT2yY3uU4iI5oO6pP7aA8sS9dD0fF1gG2hH3jJ4kK5lL6zZ7xX8cC9vV0bB1nN2mM3qW4eR5tT6yU7iI8oO9pP0aS1dF2gG3hH4jJ5kK6lL7zZ8xX9cC0vB1nN2mQ3wE4rR5tT6yY7uU8iI9oO0pP1aS2dF3gG4hH5jJ6kK7lL8zX9cV0bN1nM2qW3eR4tT5yU6iI7oO8pP9aS0dF1gG2hH3jJ4kK5lL6zZ7xX8cC9vV0bB1nN2mM3qW4eR5tT6yU7iI8oO9pP0aS1dF2gG3hH4jJ5kK6lL7zZ8xX9cC0vB1nN2mQ3wE4rR5tT6yY7uU8iI9oO0pP1aS2dF3gG4hH5jJ6kK7lL8zX9cV0bN1nM2qW3eR4tT5yU6iI7oO8pP9aS0dF1gG2hH3jJ4kK5lL6zZ7xX8cC9vV0bB1nN2mM3qW4eR5tT6yU7iI8oO9pP0aS1dF2gG3hH4jJ5kK6lL7zZ8xX9cC0vB1nN2mQ3wE4rR5tT6yY7uU8iI9oO0pP1aS2dF3gG4hH5jJ6kK7lL8zX9cV0bN1nM2qW3eR4tT5yU6iI7oO8pP9aS0dF1gG2hH3jJ4kK5lL6zZ7xX8cC9vV0bB1nN2mM3qW4eR5tT6yU7iI8oO9pP0aS1dF2gG3hH4jJ5kK6lL7zZ8xX9cC0vB1nN2mQ3wE4rR5tT6yY7uU8iI9oO0pP1aS2dF3gG4hH5jJ6kK7lL8zX9cV0bN1nM2qW3eR4tT5yU6iI7oO8pP9aS0dF1gG2hH3jJ4kK5lL6zZ7xX8cC9vV0bB1nN2mM3qW4eR5tT6yU7iI8oO9pP0aS1dF2gG3hH4jJ5kK6lL7zZ8xX9cC0vB1nN2mQ3wE4rR5tT6yY7uU8iI9oO0pP1aS2dF3gG4hH5jJ6kK7l4hH5jJ6kK7lL8zX9cV0bN1nM2qW3eR4tT5yU6iI7oO8pP9aS0dF1gG2hH3jJ4kK5lL6zZ7xX8cC9vV0bB1nN2mM3qW4eR5tT6yU7iI8oO9pP0aS1dF2gG3hH4jJ5kK6lL7zZ8xX9cC0vB1nN2mQ3wE4rR5tT6yY7uU8iI9oO0pP1aS2dF3gG4hH5jJ6kK7lL8zX9cV0bN1nM2qW3eR4tT5yU6iI7oO8pP9aS0dF1gG2hH3jJ4kK5lL6zZ7xX8cC9vV0bB1nN2mM3qW4eR5tT6yU7iI8oO9pP0aS1dF2gG3hH4jJ5kK6lL7zZ8xX9cC0vB1nN2mQ3wE4rR5tT6yY7uU8iI9oO0pP1aS2dF3gG4hH5jJ6kK7l4hH5jJ6kK7lL8zX9cV0bN1nM2qW3eR4tT5yU6iI7oO8pP9aS0dF1gG2hH3jJ4kK5lL6zZ7xX8cC9vV0bB1nN2mM3qW4eR5tT6yU7iI8oO9pP0aS1dF2gG3hH4jJ5kK6lL7zZ8xX9cC0vB1nN2mQ3wE4rR5tT6yY7uU8iI9oO0pP1aS2dF3gG4hH5jJ6kK7lL8zX9cV0bN1nM2qW3eR4tT5yU6iI7oO8pP9aS0dF1gG2hH3jJ4kK5lL6zZ7xX8cC9vV0bB1nN2mM3qW4eR5tT6yU7iI8oO9pP0aS1dF2gG3hH4jJ5kK6lL7zZ8xX9cC0vB1nN2mQ3wE4rR5tT6yY7uU8iI9oO0pP1aS2dF3gG4hH5jJ6kK7l4hH5jJ6kK7lL8zX9cV0bN1nM2qW3eR4tT5yU6iI7oO8pP9aS0dF1gG2hH3jJ4kK5lL6zZ7xX8cC9vV0bB1nN2mM3qW4eR5tT6yU7iI8oO9pP0aS1dF2gG3hH4jJ5kK6lL7zZ8xX9cC0vB1nN2mQ3wE4rR5tT6yY7uU8iI9oO0pP1aS2dF3gG4hH5jJ6kK7lL8zX9cV0bN1nM2qW3eR4tT5yU6iI7oO8pP9aS0dF1gG2hH3jJ4kK5lL6zZ7xX8cC9vV0bB1nN2mM3qW4eR5tT6yU7iI8oO9pP0aS1dF2gG3hH4jJ5kK6lL7zZ8xX9cC0vB1nN2mQ3wE4rR5tT6yY7uU8iI9oO0pP1aS2dF3gG4hH5jJ6kK7l4hH5jJ6kK7lL8zX9cV0bN1nM2qW3eR4tT5yU6iI7oO8pP9aS0dF1gG2hH3jJ4kK5lL6zZ7xX8cC9vV0bB1nN2mM3qW4eR5tT6yU7iI8oO9pP0aS1dF2gG3hH4jJ5kK6lL7zZ8xX9cC0vB1nN2mQ3wE4rR5tT6yY7uU8iI9oO0pP1aS2dF3gG4hH5jJ6kK7lL8zX9cV0bN1nM2qW3eR4tT5yU6iI7oO8pP9aS0dF1gG2hH3jJ4kK5lL6zZ7xX8cC9vV0bB1nN2mM3qW4eR5tT6yU7iI8oO9pP0aS1dF2gG3hH4jJ5kK6lL7zZ8xX9cC0vB1nN2mQ3wE4rR5tT6yY7uU8iI9oO0pP1aS2dF3gG4hH5jJ6kK7l4hH5jJ6kK7lL8zX9cV0bN1nM2qW3eR4tT5yU6iI7oO8pP9aS0dF1gG2hH3jJ4kK5lL6zZ7xX8cC9vV0bB1nN2mM3qW4eR5tT6yU7iI8oO9pP0aS1dF2gG3hH4jJ5kK6lL7zZ8xX9cC0vB1nN2mQ3wE4rR5tT6yY7uU8iI9oO0pP1aS2dF3gG4hH5jJ6kK7lL8zX9cV0bN1nM2qW3eR4tT5yU6iI7oO8pP9aS0dF1gG2hH3jJ4kK5lL6zZ7xX8cC9vV0bB1nN2mM3qW4eR5tT6yU7iI8oO9pP0aS1dF2gG3hH4jJ5kK6lL7zZ8xX9cC0vB1nN2mQ3wE4rR5tT6yY7uU8iI9oO0pP1aS2dF3gG4hH5jJ6kK7l4hH5jJ6kK7lL8zX9cV0bN1nM2qW3eR4tT5yU6iI7oO8pP9aS0dF1gG2hH3jJ4kK5lL6zZ7xX8cC9vV0bB1nN2mM3qW4eR5tT6yU7iI8oO9pP0aS1dF2gG3hH4jJ5kK6lL7zZ8xX9cC0vB1nN2mQ3wE4rR5tT6yY7uU8iI9oO0pP1aS2dF3gG4hH5jJ6kK7lL8zX9cV0bN1nM2qW3eR4tT5yU6iI7oO8pP9aS0dF1gG2hH3jJ4kK5lL6zZ7xX8cC9vV0bB1nN2mM3qW4eR5tT6yU7iI8oO9pP0aS1dF2gG3hH4jJ5kK6lL7zZ8xX9cC0vB1nN2mQ3wE4rR5tT6yY7uU8iI9oO0pP1aS2dF3gG4hH5jJ6kK7l4hH5jJ6kK7lL8zX9cV0bN1nM2qW3eR4tT5yU6iI7oO8pP9aS0dF1gG2hH3jJ4kK5lL6zZ7xX8cC9vV0bB1nN2mM3qW4eR5tT6yU7iI8oO9pP0aS1dF2gG3hH4jJ5kK6lL7zZ8xX9cC0vB1nN2mQ3wE4rR5tT6yY7uU8iI9oO0pP1aS2dF3gG4hH5jJ6kK7lL8zX9cV0bN1nM2qW3eR4tT5yU6iI7oO8pP9aS0dF1gG2hH3jJ4kK5lL6zZ7xX8cC9vV0bB1nN2mM3qW4eR5tT6yU7iI8oO9pP0aS1dF2gG3hH4jJ5kK6lL7zZ8xX9cC0vB1nN2mQ3wE4rR5tT6yY7uU8iI9oO0pP1aS2dF3gG4hH5jJ6kK7l4hH5jJ6kK7lL8zX9cV0bN1nM2qW3eR4tT5yU6iI7oO8pP9aS0dF1gG2hH3jJ4kK5lL6z7nB9vR2mX8kLp4QjW3tY5zH1aG6sF9dD0fS8gA7hJ6kL5mN4bV3vC2xZ1oP9iU8uY7tT6rR5eE4wW3qQ2aZ1sX2dC3fV4gB5hN6jM7kL8pO9iU0yT1rE2wQ3aS4dF5gG6hH7jJ8kK9lL0zZ1xX2cC3vV4bB5nN6mM7qQ8wW9eE0rR1tT2yY3uU4iI5oO6pP7aA8sS9dD0fF1gG2hH3jJ4kK5lL6zZ7xX8cC9vV0bB1nN2mM3qW4eR5tT6yU7iI8oO9pP0aS1dF2gG3hH4jJ5kK6lL7zZ8xX9cC0vB1nN2mQ3wE4rR5tT6yY7uU8iI9oO0pP1aS2dF3gG4hH5jJ6kK7lL8zX9cV0bN1nM2qW3eR4tT5yU6iI7oO8pP9aS0dF1gG2hH3jJ4kK5lL6zZ7xX8cC9vV0bB1nN2mM3qW4eR5tT6yU7iI8oO9pP0aS1dF2gG3hH4jJ5kK6lL7zZ8xX9cC0vB1nN2mQ3wE4rR5tT6yY7uU8iI9oO0pP1aS2dF3gG4hH5jJ6kK7lL8zX9cV0bN1nM2qW3eR4tT5yU6iI7oO8pP9aS0dF1gG2hH3jJ4kK5lL6zZ7xX8cC9vV0bB1nN2mM3qW4eR5tT6yU7iI8oO9pP0aS1dF2gG3hH4jJ5kK6lL7zZ8xX9cC0vB1nN2mQ3wE4rR5tT6yY7uU8iI9oO0pP1aS2dF3gG4hH5jJ6kK7lL8zX9cV0bN1nM2qW3eR4tT5yU6iI7oO8pP9aS0dF1gG2hH3jJ4kK5lL6zZ7xX8cC9vV0bB1nN2mM3qW4eR5tT6yU7iI8oO9pP0aS1dF2gG3hH4jJ5kK6lL7zZ8xX9cC0vB1nN2mQ3wE4rR5tT6yY7uU8iI9oO0pP1aS2dF3gG4hH5jJ6kK7lL8zX9cV0bN1nM2qW3eR4tT5yU6iI7oO8pP9aS0dF1gG2hH3jJ4kK5lL6zZ7xX8cC9vV0bB1nN2mM3qW4eR5tT6yU7iI8oO9pP0aS1dF2gG3hH4jJ5kK6lL7zZ8xX9cC0vB1nN2mQ3wE4rR5tT6yY7uU8iI9oO0pP1aS2dF3gG4hH5jJ6kK7l4hH5jJ6kK7lL8zX9cV0bN1nM2qW3eR4tT5yU6iI7oO8pP9aS0dF1gG2hH3jJ4kK5lL6zZ7xX8cC9vV0bB1nN2mM3qW4eR5tT6yU7iI8oO9pP0aS1dF2gG3hH4jJ5kK6lL7zZ8xX9cC0vB1nN2mQ3wE4rR5tT6yY7uU8iI9oO0pP1aS2dF3gG4hH5jJ6kK7lL8zX9cV0bN1nM2qW3eR4tT5yU6iI7oO8pP9aS0dF1gG2hH3jJ4kK5lL6zZ7xX8cC9vV0bB1nN2mM3qW4eR5tT6yU7iI8oO9pP0aS1dF2gG3hH4jJ5kK6lL7zZ8xX9cC0vB1nN2mQ3wE4rR5tT6yY7uU8iI9oO0pP1aS2dF3gG4hH5jJ6kK7l4hH5jJ6kK7lL8zX9cV0bN1nM2qW3eR4tT5yU6iI7oO8pP9aS0dF1gG2hH3jJ4kK5lL6zZ7xX8cC9vV0bB1nN2mM3qW4eR5tT6yU7iI8oO9pP0aS1dF2gG3hH4jJ5kK6lL7zZ8xX9cC0vB1nN2mQ3wE4rR5tT6yY7uU8iI9oO0pP1aS2dF3gG4hH5jJ6kK7lL8zX9cV0bN1nM2qW3eR4tT5yU6iI7oO8pP9aS0dF1gG2hH3jJ4kK5lL6zZ7xX8cC9vV0bB1nN2mM3qW4eR5tT6yU7iI8oO9pP0aS1dF2gG3hH4jJ5kK6lL7zZ8xX9cC0vB1nN2mQ3wE4rR5tT6yY7uU8iI9oO0pP1aS2dF3gG4hH5jJ6kK7l4hH5jJ6kK7lL8zX9cV0bN1nM2qW3eR4tT5yU6iI7oO8pP9aS0dF1gG2hH3jJ4kK5lL6zZ7xX8cC9vV0bB1nN2mM3qW4eR5tT6yU7iI8oO9pP0aS1dF2gG3hH4jJ5kK6lL7zZ8xX9cC0vB1nN2mQ3wE4rR5tT6yY7uU8iI9oO0pP1aS2dF3gG4hH5jJ6kK7lL8zX9cV0bN1nM2qW3eR4tT5yU6iI7oO8pP9aS0dF1gG2hH3jJ4kK5lL6zZ7xX8cC9vV0bB1nN2mM3qW4eR5tT6yU7iI8oO9pP0aS1dF2gG3hH4jJ5kK6lL7zZ8xX9cC0vB1nN2mQ3wE4rR5tT6yY7uU8iI9oO0pP1aS2dF3gG4hH5jJ6kK7l4hH5jJ6kK7lL8zX9cV0bN1nM2qW3eR4tT5yU6iI7oO8pP9aS0dF1gG2hH3jJ4kK5lL6zZ7xX8cC9vV0bB1nN2mM3qW4eR5tT6yU7iI8oO9pP0aS1dF2gG3hH4jJ5kK6lL7zZ8xX9cC0vB1nN2mQ3wE4rR5tT6yY7uU8iI9oO0pP1aS2dF3gG4hH5jJ6kK7lL8zX9cV0bN1nM2qW3eR4tT5yU6iI7oO8pP9aS0dF1gG2hH3jJ4kK5lL6zZ7xX8cC9vV0bB1nN2mM3qW4eR5tT6yU7iI8oO9pP0aS1dF2gG3hH4jJ5kK6lL7zZ8xX9cC0vB1nN2mQ3wE4rR5tT6yY7uU8iI9oO0pP1aS2dF3gG4hH5jJ6kK7l4hH5jJ6kK7lL8zX9cV0bN1nM2qW3eR4tT5yU6iI7oO8pP9aS0dF1gG2hH3jJ4kK5lL6zZ7xX8cC9vV0bB1nN2mM3qW4eR5tT6yU7iI8oO9pP0aS1dF2gG3hH4jJ5kK6lL7zZ8xX9cC0vB1nN2mQ3wE4rR5tT6yY7uU8iI9oO0pP1aS2dF3gG4hH5jJ6kK7lL8zX9cV0bN1nM2qW3eR4tT5yU6iI7oO8pP9aS0dF1gG2hH3jJ4kK5lL6zZ7xX8cC9vV0bB1nN2mM3qW4eR5tT6yU7iI8oO9pP0aS1dF2gG3hH4jJ5kK6lL7zZ8xX9cC0vB1nN2mQ3wE4rR5tT6yY7uU8iI9oO0pP1aS2dF3gG4hH5jJ6kK7l4hH5jJ6kK7lL8zX9cV0bN1nM2qW3eR4tT5yU6iI7oO8pP9aS0dF1gG2hH3jJ4kK5lL6zZ7xX8cC9vV0bB1nN2mM3qW4eR5tT6yU7iI8oO9pP0aS1dF2gG3hH4jJ5kK6lL7zZ8xX9cC0vB1nN2mQ3wE4rR5tT6yY7uU8iI9oO0pP1aS2dF3gG4hH5jJ6kK7lL8zX9cV0bN1nM2qW3eR4tT5yU6iI7oO8pP9aS0dF1gG2hH3jJ4kK5lL6zZ7xX8cC9vV0bB1nN2mM3qW4eR5tT6yU7iI8oO9pP0aS1dF2gG3hH4jJ5kK6lL7zZ8xX9cC0vB1nN2mQ3wE4rR5tT6yY7uU8iI9oO0pP1aS2dF3gG4hH5jJ6kK7l4hH5jJ6kK7lL8zX9cV0bN1nM2qW3eR4tT5yU6iI7oO8pP9aS0dF1gG2hH3jJ4kK5lL6zZ7xX8cC9vV0bB1nN2mM3qW4eR5tT6yU7iI8oO9pP0aS1dF2gG3hH4jJ5kK6lL7zZ8xX9cC0vB1nN2mQ3wE4rR5tT6yY7uU8iI9oO0pP1aS2dF3gG4hH5jJ6kK7lL8zX9cV0bN1nM2qW3eR4tT5yU6iI7oO8pP9aS0dF1gG2hH3jJ4kK5lL6zZ7xX8cC9vV0bB1nN2mM3qW4eR5tT6yU7iI8oO9pP0aS1dF2gG3hH4jJ5kK6lL7zZ8xX9cC0vB1nN2mQ3wE4rR5tT6yY7uU8iI9oO0pP1aS2dF3gG4hH5jJ6kK7l4hH5jJ6kK7lL8zX9cV0bN1nM2qW3eR4tT5yU6iI7oO8pP9aS0dF1gG2hH3jJ4kK5lL6z7nB9vR2mX8kLp4QjW3tY5zH1aG6sF9dD0fS8gA7hJ6kL5mN4bV3vC2xZ1oP9iU8uY7tT6rR5eE4wW3qQ2aZ1sX2dC3fV4gB5hN6jM7kL8pO9iU0yT1rE2wQ3aS4dF5gG6hH7jJ8kK9lL0zZ1xX2cC3vV4bB5nN6mM7qQ8wW9eE0rR1tT2yY3uU4iI5oO6pP7aA8sS9dD0fF1gG2hH3jJ4kK5lL6zZ7xX8cC9vV0bB1nN2mM3qW4eR5tT6yU7iI8oO9pP0aS1dF2gG3hH4jJ5kK6lL7zZ8xX9cC0vB1nN2mQ3wE4rR5tT6yY7uU8iI9oO0pP1aS2dF3gG4hH5jJ6kK7lL8zX9cV0bN1nM2qW3eR4tT5yU6iI7oO8pP9aS0dF1gG2hH3jJ4kK5lL6zZ7xX8cC9vV0bB1nN2mM3qW4eR5tT6yU7iI8oO9pP0aS1dF2gG3hH4jJ5kK6lL7zZ8xX9cC0vB1nN2mQ3wE4rR5tT6yY7uU8iI9oO0pP1aS2dF3gG4hH5jJ6kK7lL8zX9cV0bN1nM2qW3eR4tT5yU6iI7oO8pP9aS0dF1gG2hH3jJ4kK5lL6zZ7xX8cC9vV0bB1nN2mM3qW4eR5tT6yU7iI8oO9pP0aS1dF2gG3hH4jJ5kK6lL7zZ8xX9cC0vB1nN2mQ3wE4rR5tT6yY7uU8iI9oO0pP1aS2dF3gG4hH5jJ6kK7lL8zX9cV0bN1nM2qW3eR4tT5yU6iI7oO8pP9aS0dF1gG2hH3jJ4kK5lL6zZ7xX8cC9vV0bB1nN2mM3qW4eR5tT6yU7iI8oO9pP0aS1dF2gG3hH4jJ5kK6lL7zZ8xX9cC0vB1nN2mQ3wE4rR5tT6yY7uU8iI9oO0pP1aS2dF3gG4hH5jJ6kK7lL8zX9cV0bN1nM2qW3eR4tT5yU6iI7oO8pP9aS0dF1gG2hH3jJ4kK5lL6zZ7xX8cC9vV0bB1nN2mM3qW4eR5tT6yU7iI8oO9pP0aS1dF2gG3hH4jJ5kK6lL7zZ8xX9cC0vB1nN2mQ3wE4rR5tT6yY7uU8iI9oO0pP1aS2dF3gG4hH5jJ6kK7l4hH5jJ6kK7lL8zX9cV0bN1nM2qW3eR4tT5yU6iI7oO8pP9aS0dF1gG2hH3jJ4kK5lL6zZ7xX8cC9vV0bB1nN2mM3qW4eR5tT6yU7iI8oO9pP0aS1dF2gG3hH4jJ5kK6lL7zZ8xX9cC0vB1nN2mQ3wE4rR5tT6yY7uU8iI9oO0pP1aS2dF3gG4hH5jJ6kK7lL8zX9cV0bN1nM2qW3eR4tT5yU6iI7oO8pP9aS0dF1gG2hH3jJ4kK5lL6zZ7xX8cC9vV0bB1nN2mM3qW4eR5tT6yU7iI8oO9pP0aS1dF2gG3hH4jJ5kK6lL7zZ8xX9cC0vB1nN2mQ3wE4rR5tT6yY7uU8iI9oO0pP1aS2dF3gG4hH5jJ6kK7l4hH5jJ6kK7lL8zX9cV0bN1nM2qW3eR4tT5yU6iI7oO8pP9aS0dF1gG2hH3jJ4kK5lL6zZ7xX8cC9vV0bB1nN2mM3qW4eR5tT6yU7iI8oO9pP0aS1dF2gG3hH4jJ5kK6lL7zZ8xX9cC0vB1nN2mQ3wE4rR5tT6yY7uU8iI9oO0pP1aS2dF3gG4hH5jJ6kK7lL8zX9cV0bN1nM2qW3eR4tT5yU6iI7oO8pP9aS0dF1gG2hH3jJ4kK5lL6zZ7xX8cC9vV0bB1nN2mM3qW4eR5tT6yU7iI8oO9pP0aS1dF2gG3hH4jJ5kK6lL7zZ8xX9cC0vB1nN2mQ3wE4rR5tT6yY7uU8iI9oO0pP1aS2dF3gG4hH5jJ6kK7l4hH5jJ6kK7lL8zX9cV0bN1nM2qW3eR4tT5yU6iI7oO8pP9aS0dF1gG2hH3jJ4kK5lL6zZ7xX8cC9vV0bB1nN2mM3qW4eR5tT6yU7iI8oO9pP0aS1dF2gG3hH4jJ5kK6lL7zZ8xX9cC0vB1nN2mQ3wE4rR5tT6yY7uU8iI9oO0pP1aS2dF3gG4hH5jJ6kK7lL8zX9cV0bN1nM2qW3eR4tT5yU6iI7oO8pP9aS0dF1gG2hH3jJ4kK5lL6zZ7xX8cC9vV0bB1nN2mM3qW4eR5tT6yU7iI8oO9pP0aS1dF2gG3hH4jJ5kK6lL7zZ8xX9cC0vB1nN2mQ3wE4rR5tT6yY7uU8iI9oO0pP1aS2dF3gG4hH5jJ6kK7l4hH5jJ6kK7lL8zX9cV0bN1nM2qW3eR4tT5yU6iI7oO8pP9aS0dF1gG2hH3jJ4kK5lL6zZ7xX8cC9vV0bB1nN2mM3qW4eR5tT6yU7iI8oO9pP0aS1dF2gG3hH4jJ5kK6lL7zZ8xX9cC0vB1nN2mQ3wE4rR5tT6yY7uU8iI9oO0pP1aS2dF3gG4hH5jJ6kK7lL8zX9cV0bN1nM2qW3eR4tT5yU6iI7oO8pP9aS0dF1gG2hH3jJ4kK5lL6zZ7xX8cC9vV0bB1nN2mM3qW4eR5tT6yU7iI8oO9pP0aS1dF2gG3hH4jJ5kK6lL7zZ8xX9cC0vB1nN2mQ3wE4rR5tT6yY7uU8iI9oO0pP1aS2dF3gG4hH5jJ6kK7l4hH5jJ6kK7lL8zX9cV0bN1nM2qW3eR4tT5yU6iI7oO8pP9aS0dF1gG2hH3jJ4kK5lL6zZ7xX8cC9vV0bB1nN2mM3qW4eR5tT6yU7iI8oO9pP0aS1dF2gG3hH4jJ5kK6lL7zZ8xX9cC0vB1nN2mQ3wE4rR5tT6yY7uU8iI9oO0pP1aS2dF3gG4hH5jJ6kK7lL8zX9cV0bN1nM2qW3eR4tT5yU6iI7oO8pP9aS0dF1gG2hH3jJ4kK5lL6zZ7xX8cC9vV0bB1nN2mM3qW4eR5tT6yU7iI8oO9pP0aS1dF2gG3hH4jJ5kK6lL7zZ8xX9cC0vB1nN2mQ3wE4rR5tT6yY7uU8iI9oO0pP1aS2dF3gG4hH5jJ6kK7l4hH5jJ6kK7lL8zX9cV0bN1nM2qW3eR4tT5yU6iI7oO8pP9aS0dF1gG2hH3jJ4kK5lL6zZ7xX8cC9vV0bB1nN2mM3qW4eR5tT6yU7iI8oO9pP0aS1dF2gG3hH4jJ5kK6lL7zZ8xX9cC0vB1nN2mQ3wE4rR5tT6yY7uU8iI9oO0pP1aS2dF3gG4hH5jJ6kK7lL8zX9cV0bN1nM2qW3eR4tT5yU6iI7oO8pP9aS0dF1gG2hH3jJ4kK5lL6zZ7xX8cC9vV0bB1nN2mM3qW4eR5tT6yU7iI8oO9pP0aS1dF2gG3hH4jJ5kK6lL7zZ8xX9cC0vB1nN2mQ3wE4rR5tT6yY7uU8iI9oO0pP1aS2dF3gG4hH5jJ6kK7l4hH5jJ6kK7lL8zX9cV0bN1nM2qW3eR4tT5yU6iI7oO8pP9aS0dF1gG2hH3jJ4kK5lL6zZ7xX8cC9vV0bB1nN2mM3qW4eR5tT6yU7iI8oO9pP0aS1dF2gG3hH4jJ5kK6lL7zZ8xX9cC0vB1nN2mQ3wE4rR5tT6yY7uU8iI9oO0pP1aS2dF3gG4hH5jJ6kK7lL8zX9cV0bN1nM2qW3eR4tT5yU6iI7oO8pP9aS0dF1gG2hH3jJ4kK5lL6zZ7xX8cC9vV0bB1nN2mM3qW4eR5tT6yU7iI8oO9pP0aS1dF2gG3hH4jJ5kK6lL7zZ8xX9cC0vB1nN2mQ3wE4rR5tT6yY7uU8iI9oO0pP1aS2dF3gG4hH5jJ6kK7l4hH5jJ6kK7lL8zX9cV0bN1nM2qW3eR4tT5yU6iI7oO8pP9aS0dF1gG2hH3jJ4kK5lL6z7nB9vR2mX8kLp4QjW3tY5zH1aG6sF9dD0fS8gA7hJ6kL5mN4bV3vC2xZ1oP9iU8uY7tT6rR5eE4wW3qQ2aZ1sX2dC3fV4gB5hN6jM7kL8pO9iU0yT1rE2wQ3aS4dF5gG6hH7jJ8kK9lL0zZ1xX2cC3vV4bB5nN6mM7qQ8wW9eE0rR1tT2yY3uU4iI5oO6pP7aA8sS9dD0fF1gG2hH3jJ4kK5lL6zZ7xX8cC9vV0bB1nN2mM3qW4eR5tT6yU7iI8oO9pP0aS1dF2gG3hH4jJ5kK6lL7zZ8xX9cC0vB1nN2mQ3wE4rR5tT6yY7uU8iI9oO0pP1aS2dF3gG4hH5jJ6kK7lL8zX9cV0bN1nM2qW3eR4tT5yU6iI7oO8pP9aS0dF1gG2hH3jJ4kK5lL6zZ7xX8cC9vV0bB1nN2mM3qW4eR5tT6yU7iI8oO9pP0aS1dF2gG3hH4jJ5kK6lL7zZ8xX9cC0vB1nN2mQ3wE4rR5tT6yY7uU8iI9oO0pP1aS2dF3gG4hH5jJ6kK7lL8zX9cV0bN1nM2qW3eR4tT5yU6iI7oO8pP9aS0dF1gG2hH3jJ4kK5lL6zZ7xX8cC9vV0bB1nN2mM3qW4eR5tT6yU7iI8oO9pP0aS1dF2gG3hH4jJ5kK6lL7zZ8xX9cC0vB1nN2mQ3wE4rR5tT6yY7uU8iI9oO0pP1aS2dF3gG4hH5jJ6kK7lL8zX9cV0bN1nM2qW3eR4tT5yU6iI7oO8pP9aS0dF1gG2hH3jJ4kK5lL6zZ7xX8cC9vV0bB1nN2mM3qW4eR5tT6yU7iI8oO9pP0aS1dF2gG3hH4jJ5kK6lL7zZ8xX9cC0vB1nN2mQ3wE4rR5tT6yY7uU8iI9oO0pP1aS2dF3gG4hH5jJ6kK7lL8zX9cV0bN1nM2qW3eR4tT5yU6iI7oO8pP9aS0dF1gG2hH3jJ4kK5lL6zZ7xX8cC9vV0bB1nN2mM3qW4eR5tT6yU7iI8oO9pP0aS1dF2gG3hH4jJ5kK6lL7zZ8xX9cC0vB1nN2mQ3wE4rR5tT6yY7uU8iI9oO0pP1aS2dF3gG4hH5jJ6kK7l4hH5jJ6kK7lL8zX9cV0bN1nM2qW3eR4tT5yU6iI7oO8pP9aS0dF1gG2hH3jJ4kK5lL6zZ7xX8cC9vV0bB1nN2mM3qW4eR5tT6yU7iI8oO9pP0aS1dF2gG3hH4jJ5kK6lL7zZ8xX9cC0vB1nN2mQ3wE4rR5tT6yY7uU8iI9oO0pP1aS2dF3gG4hH5jJ6kK7lL8zX9cV0bN1nM2qW3eR4tT5yU6iI7oO8pP9aS0dF1gG2hH3jJ4kK5lL6zZ7xX8cC9vV0bB1nN2mM3qW4eR5tT6yU7iI8oO9pP0aS1dF2gG3hH4jJ5kK6lL7zZ8xX9cC0vB1nN2mQ3wE4rR5tT6yY7uU8iI9oO0pP1aS2dF3gG4hH5jJ6kK7l4hH5jJ6kK7lL8zX9cV0bN1nM2qW3eR4tT5yU6iI7oO8pP9aS0dF1gG2hH3jJ4kK5lL6zZ7xX8cC9vV0bB1nN2mM3qW4eR5tT6yU7iI8oO9pP0aS1dF2gG3hH4jJ5kK6lL7zZ8xX9cC0vB1nN2mQ3wE4rR5tT6yY7uU8iI9oO0pP1aS2dF3gG4hH5jJ6kK7lL8zX9cV0bN1nM2qW3eR4tT5yU6iI7oO8pP9aS0dF1gG2hH3jJ4kK5lL6zZ7xX8cC9vV0bB1nN2mM3qW4eR5tT6yU7iI8oO9pP0aS1dF2gG3hH4jJ5kK6lL7zZ8xX9cC0vB1nN2mQ3wE4rR5tT6yY7uU8iI9oO0pP1aS2dF3gG4hH5jJ6kK7l4hH5jJ6kK7lL8zX9cV0bN1nM2qW3eR4tT5yU6iI7oO8pP9aS0dF1gG2hH3jJ4kK5lL6zZ7xX8cC9vV0bB1nN2mM3qW4eR5tT6yU7iI8oO9pP0aS1dF2gG3hH4jJ5kK6lL7zZ8xX9cC0vB1nN2mQ3wE4rR5tT6yY7uU8iI9oO0pP1aS2dF3gG4hH5jJ6kK7lL8zX9cV0bN1nM2qW3eR4tT5yU6iI7oO8pP9aS0dF1gG2hH3jJ4kK5lL6zZ7xX8cC9vV0bB1nN2mM3qW4eR5tT6yU7iI8oO9pP0aS1dF2gG3hH4jJ5kK6lL7zZ8xX9cC0vB1nN2mQ3wE4rR5tT6yY7uU8iI9oO0pP1aS2dF3gG4hH5jJ6kK7l4hH5jJ6kK7lL8zX9cV0bN1nM2qW3eR4tT5yU6iI7oO8pP9aS0dF1gG2hH3jJ4kK5lL6zZ7xX8cC9vV0bB1nN2mM3qW4eR5tT6yU7iI8oO9pP0aS1dF2gG3hH4jJ5kK6lL7zZ8xX9cC0vB1nN2mQ3wE4rR5tT6yY7uU8iI9oO0pP1aS2dF3gG4hH5jJ6kK7lL8zX9cV0bN1nM2qW3eR4tT5yU6iI7oO8pP9aS0dF1gG2hH3jJ4kK5lL6zZ7xX8cC9vV0bB1nN2mM3qW4eR5tT6yU7iI8oO9pP0aS1dF2gG3hH4jJ5kK6lL7zZ8xX9cC0vB1nN2mQ3wE4rR5tT6yY7uU8iI9oO0pP1aS2dF3gG4hH5jJ6kK7l4hH5jJ6kK7lL8zX9cV0bN1nM2qW3eR4tT5yU6iI7oO8pP9aS0dF1gG2hH3jJ4kK5lL6zZ7xX8cC9vV0bB1nN2mM3qW4eR5tT6yU7iI8oO9pP0aS1dF2gG3hH4jJ5kK6lL7zZ8xX9cC0vB1nN2mQ3wE4rR5tT6yY7uU8iI9oO0pP1aS2dF3gG4hH5jJ6kK7lL8zX9cV0bN1nM2qW3eR4tT5yU6iI7oO8pP9aS0dF1gG2hH3jJ4kK5lL6zZ7xX8cC9vV0bB1nN2mM3qW4eR5tT6yU7iI8oO9pP0aS1dF2gG3hH4jJ5kK6lL7zZ8xX9cC0vB1nN2mQ3wE4rR5tT6yY7uU8iI9oO0pP1aS2dF3gG4hH5jJ6kK7l4hH5jJ6kK7lL8zX9cV0bN1nM2qW3eR4tT5yU6iI7oO8pP9aS0dF1gG2hH3jJ4kK5lL6zZ7xX8cC9vV0bB1nN2mM3qW4eR5tT6yU7iI8oO9pP0aS1dF2gG3hH4jJ5kK6lL7zZ8xX9cC0vB1nN2mQ3wE4rR5tT6yY7uU8iI9oO0pP1aS2dF3gG4hH5jJ6kK7lL8zX9cV0bN1nM2qW3eR4tT5yU6iI7oO8pP9aS0dF1gG2hH3jJ4kK5lL6zZ7xX8cC9vV0bB1nN2mM3qW4eR5tT6yU7iI8oO9pP0aS1dF2gG3hH4jJ5kK6lL7zZ8xX9cC0vB1nN2mQ3wE4rR5tT6yY7uU8iI9oO0pP1aS2dF3gG4hH5jJ6kK7l4hH5jJ6kK7lL8zX9cV0bN1nM2qW3eR4tT5yU6iI7oO8pP9aS0dF1gG2hH3jJ4kK5lL6zZ7xX8cC9vV0bB1nN2mM3qW4eR5tT6yU7iI8oO9pP0aS1dF2gG3hH4jJ5kK6lL7zZ8xX9cC0vB1nN2mQ3wE4rR5tT6yY7uU8iI9oO0pP1aS2dF3gG4hH5jJ6kK7lL8zX9cV0bN1nM2qW3eR4tT5yU6iI7oO8pP9aS0dF1gG2hH3jJ4kK5lL6zZ7xX8cC9vV0bB1nN2mM3qW4eR5tT6yU7iI8oO9pP0aS1dF2gG3hH4jJ5kK6lL7zZ8xX9cC0vB1nN2mQ3wE4rR5tT6yY7uU8iI9oO0pP1aS2dF3gG4hH5jJ6kK7l4hH5jJ6kK7lL8zX9cV0bN1nM2qW3eR4tT5yU6iI7oO8pP9aS0dF1gG2hH3jJ4kK5lL6z7nB9vR2mX8kLp4QjW3tY5zH1aG6sF9dD0fS8gA7hJ6kL5mN4bV3vC2xZ1oP9iU8uY7tT6rR5eE4wW3qQ2aZ1sX2dC3fV4gB5hN6jM7kL8pO9iU0yT1rE2wQ3aS4dF5gG6hH7jJ8kK9lL0zZ1xX2cC3vV4bB5nN6mM7qQ8wW9eE0rR1tT2yY3uU4iI5oO6pP7aA8sS9dD0fF1gG2hH3jJ4kK5lL6zZ7xX8cC9vV0bB1nN2mM3qW4eR5tT6yU7iI8oO9pP0aS1dF2gG3hH4jJ5kK6lL7zZ8xX9cC0vB1nN2mQ3wE4rR5tT6yY7uU8iI9oO0pP1aS2dF3gG4hH5jJ6kK7lL8zX9cV0bN1nM2qW3eR4tT5yU6iI7oO8pP9aS0dF1gG2hH3jJ4kK5lL6zZ7xX8cC9vV0bB1nN2mM3qW4eR5tT6yU7iI8oO9pP0aS1dF2gG3hH4jJ5kK6lL7zZ8xX9cC0vB1nN2mQ3wE4rR5tT6yY7uU8iI9oO0pP1aS2dF3gG4hH5jJ6kK7lL8zX9cV0bN1nM2qW3eR4tT5yU6iI7oO8pP9aS0dF1gG2hH3jJ4kK5lL6zZ7xX8cC9vV0bB1nN2mM3qW4eR5tT6yU7iI8oO9pP0aS1dF2gG3hH4jJ5kK6lL7zZ8xX9cC0vB1nN2mQ3wE4rR5tT6yY7uU8iI9oO0pP1aS2dF3gG4hH5jJ6kK7lL8zX9cV0bN1nM2qW3eR4tT5yU6iI7oO8pP9aS0dF1gG2hH3jJ4kK5lL6zZ7xX8cC9vV0bB1nN2mM3qW4eR5tT6yU7iI8oO9pP0aS1dF2gG3hH4jJ5kK6lL7zZ8xX9cC0vB1nN2mQ3wE4rR5tT6yY7uU8iI9oO0pP1aS2dF3gG4hH5jJ6kK7lL8zX9cV0bN1nM2qW3eR4tT5yU6iI7oO8pP9aS0dF1gG2hH3jJ4kK5lL6zZ7xX8cC9vV0bB1nN2mM3qW4eR5tT6yU7iI8oO9pP0aS1dF2gG3hH4jJ5kK6lL7zZ8xX9cC0vB1nN2mQ3wE4rR5tT6yY7uU8iI9oO0pP1aS2dF3gG4hH5jJ6kK7l4hH5jJ6kK7lL8zX9cV0bN1nM2qW3eR4tT5yU6iI7oO8pP9aS0dF1gG2hH3jJ4kK5lL6zZ7xX8cC9vV0bB1nN2mM3qW4eR5tT6yU7iI8oO9pP0aS1dF2gG3hH4jJ5kK6lL7zZ8xX9cC0vB1nN2mQ3wE4rR5tT6yY7uU8iI9oO0pP1aS2dF3gG4hH5jJ6kK7lL8zX9cV0bN1nM2qW3eR4tT5yU6iI7oO8pP9aS0dF1gG2hH3jJ4kK5lL6zZ7xX8cC9vV0bB1nN2mM3qW4eR5tT6yU7iI8oO9pP0aS1dF2gG3hH4jJ5kK6lL7zZ8xX9cC0vB1nN2mQ3wE4rR5tT6yY7uU8iI9oO0pP1aS2dF3gG4hH5jJ6kK7l4hH5jJ6kK7lL8zX9cV0bN1nM2qW3eR4tT5yU6iI7oO8pP9aS0dF1gG2hH3jJ4kK5lL6zZ7xX8cC9vV0bB1nN2mM3qW4eR5tT6yU7iI8oO9pP0aS1dF2gG3hH4jJ5kK6lL7zZ8xX9cC0vB1nN2mQ3wE4rR5tT6yY7uU8iI9oO0pP1aS2dF3gG4hH5jJ6kK7lL8zX9cV0bN1nM2qW3eR4tT5yU6iI7oO8pP9aS0dF1gG2hH3jJ4kK5lL6zZ7xX8cC9vV0bB1nN2mM3qW4eR5tT6yU7iI8oO9pP0aS1dF2gG3hH4jJ5kK6lL7zZ8xX9cC0vB1nN2mQ3wE4rR5tT6yY7uU8iI9oO0pP1aS2dF3gG4hH5jJ6kK7l4hH5jJ6kK7lL8zX9cV0bN1nM2qW3eR4tT5yU6iI7oO8pP9aS0dF1gG2hH3jJ4kK5lL6zZ7xX8cC9vV0bB1nN2mM3qW4eR5tT6yU7iI8oO9pP0aS1dF2gG3hH4jJ5kK6lL7zZ8xX9cC0vB1nN2mQ3wE4rR5tT6yY7uU8iI9oO0pP1aS2dF3gG4hH5jJ6kK7lL8zX9cV0bN1nM2qW3eR4tT5yU6iI7oO8pP9aS0dF1gG2hH3jJ4kK5lL6zZ7xX8cC9vV0bB1nN2mM3qW4eR5tT6yU7iI8oO9pP0aS1dF2gG3hH4jJ5kK6lL7zZ8xX9cC0vB1nN2mQ3wE4rR5tT6yY7uU8iI9oO0pP1aS2dF3gG4hH5jJ6kK7l4hH5jJ6kK7lL8zX9cV0bN1nM2qW3eR4tT5yU6iI7oO8pP9aS0dF1gG2hH3jJ4kK5lL6zZ7xX8cC9vV0bB1nN2mM3qW4eR5tT6yU7iI8oO9pP0aS1dF2gG3hH4jJ5kK6lL7zZ8xX9cC0vB1nN2mQ3wE4rR5tT6yY7uU8iI9oO0pP1aS2dF3gG4hH5jJ6kK7lL8zX9cV0bN1nM2qW3eR4tT5yU6iI7oO8pP9aS0dF1gG2hH3jJ4kK5lL6zZ7xX8cC9vV0bB1nN2mM3qW4eR5tT6yU7iI8oO9pP0aS1dF2gG3hH4jJ5kK6lL7zZ8xX9cC0vB1nN2mQ3wE4rR5tT6yY7uU8iI9oO0pP1aS2dF3gG4hH5jJ6kK7l4hH5jJ6kK7lL8zX9cV0bN1nM2qW3eR4tT5yU6iI7oO8pP9aS0dF1gG2hH3jJ4kK5lL6zZ7xX8cC9vV0bB1nN2mM3qW4eR5tT6yU7iI8oO9pP0aS1dF2gG3hH4jJ5kK6lL7zZ8xX9cC0vB1nN2mQ3wE4rR5tT6yY7uU8iI9oO0pP1aS2dF3gG4hH5jJ6kK7lL8zX9cV0bN1nM2qW3eR4tT5yU6iI7oO8pP9aS0dF1gG2hH3jJ4kK5lL6zZ7xX8cC9vV0bB1nN2mM3qW4eR5tT6yU7iI8oO9pP0aS1dF2gG3hH4jJ5kK6lL7zZ8xX9cC0vB1nN2mQ3wE4rR5tT6yY7uU8iI9oO0pP1aS2dF3gG4hH5jJ6kK7l4hH5jJ6kK7lL8zX9cV0bN1nM2qW3eR4tT5yU6iI7oO8pP9aS0dF1gG2hH3jJ4kK5lL6zZ7xX8cC9vV0bB1nN2mM3qW4eR5tT6yU7iI8oO9pP0aS1dF2gG3hH4jJ5kK6lL7zZ8xX9cC0vB1nN2mQ3wE4rR5tT6yY7uU8iI9oO0pP1aS2dF3gG4hH5jJ6kK7lL8zX9cV0bN1nM2qW3eR4tT5yU6iI7oO8pP9aS0dF1gG2hH3jJ4kK5lL6zZ7xX8cC9vV0bB1nN2mM3qW4eR5tT6yU7iI8oO9pP0aS1dF2gG3hH4jJ5kK6lL7zZ8xX9cC0vB1nN2mQ3wE4rR5tT6yY7uU8iI9oO0pP1aS2dF3gG4hH5jJ6kK7l4hH5jJ6kK7lL8zX9cV0bN1nM2qW3eR4tT5yU6iI7oO8pP9aS0dF1gG2hH3jJ4kK5lL6zZ7xX8cC9vV0bB1nN2mM3qW4eR5tT6yU7iI8oO9pP0aS1dF2gG3hH4jJ5kK6lL7zZ8xX9cC0vB1nN2mQ3wE4rR5tT6yY7uU8iI9oO0pP1aS2dF3gG4hH5jJ6kK7lL8zX9cV0bN1nM2qW3eR4tT5yU6iI7oO8pP9aS0dF1gG2hH3jJ4kK5lL6zZ7xX8cC9vV0bB1nN2mM3qW4eR5tT6yU7iI8oO9pP0aS1dF2gG3hH4jJ5kK6lL7zZ8xX9cC0vB1nN2mQ3wE4rR5tT6yY7uU8iI9oO0pP1aS2dF3gG4hH5jJ6kK7l4hH5jJ6kK7lL8zX9cV0bN1nM2qW3eR4tT5yU6iI7oO8pP9aS0dF1gG2hH3jJ4kK5lL6z7nB9vR2mX8kLp4QjW3tY5zH1aG6sF9dD0fS8gA7hJ6kL5mN4bV3vC2xZ1oP9iU8uY7tT6rR5eE4wW3qQ2aZ1sX2dC3fV4gB5hN6jM7kL8pO9iU0yT1rE2wQ3aS4dF5gG6hH7jJ8kK9lL0zZ1xX2cC3vV4bB5nN6mM7qQ8wW9eE0rR1tT2yY3uU4iI5oO6pP7aA8sS9dD0fF1gG2hH3jJ4kK5lL6zZ7xX8cC9vV0bB1nN2mM3qW4eR5tT6yU7iI8oO9pP0aS1dF2gG3hH4jJ5kK6lL7zZ8xX9cC0vB1nN2mQ3wE4rR5tT6yY7uU8iI9oO0pP1aS2dF3gG4hH5jJ6kK7lL8zX9cV0bN1nM2qW3eR4tT5yU6iI7oO8pP9aS0dF1gG2hH3jJ4kK5lL6zZ7xX8cC9vV0bB1nN2mM3qW4eR5tT6yU7iI8oO9pP0aS1dF2gG3hH4jJ5kK6lL7zZ8xX9cC0vB1nN2mQ3wE4rR5tT6yY7uU8iI9oO0pP1aS2dF3gG4hH5jJ6kK7lL8zX9cV0bN1nM2qW3eR4tT5yU6iI7oO8pP9aS0dF1gG2hH3jJ4kK5lL6zZ7xX8cC9vV0bB1nN2mM3qW4eR5tT6yU7iI8oO9pP0aS1dF2gG3hH4jJ5kK6lL7zZ8xX9cC0vB1nN2mQ3wE4rR5tT6yY7uU8iI9oO0pP1aS2dF3gG4hH5jJ6kK7lL8zX9cV0bN1nM2qW3eR4tT5yU6iI7oO8pP9aS0dF1gG2hH3jJ4kK5lL6zZ7xX8cC9vV0bB1nN2mM3qW4eR5tT6yU7iI8oO9pP0aS1dF2gG3hH4jJ5kK6lL7zZ8xX9cC0vB1nN2mQ3wE4rR5tT6yY7uU8iI9oO0pP1aS2dF3gG4hH5jJ6kK7lL8zX9cV0bN1nM2qW3eR4tT5yU6iI7oO8pP9aS0dF1gG2hH3jJ4kK5lL6zZ7xX8cC9vV0bB1nN2mM3qW4eR5tT6yU7iI8oO9pP0aS1dF2gG3hH4jJ5kK6lL7zZ8xX9cC0vB1nN2mQ3wE4rR5tT6yY7uU8iI9oO0pP1aS2dF3gG4hH5jJ6kK7l4hH5jJ6kK7lL8zX9cV0bN1nM2qW3eR4tT5yU6iI7oO8pP9aS0dF1gG2hH3jJ4kK5lL6zZ7xX8cC9vV0bB1nN2mM3qW4eR5tT6yU7iI8oO9pP0aS1dF2gG3hH4jJ5kK6lL7zZ8xX9cC0vB1nN2mQ3wE4rR5tT6yY7uU8iI9oO0pP1aS2dF3gG4hH5jJ6kK7lL8zX9cV0bN1nM2qW3eR4tT5yU6iI7oO8pP9aS0dF1gG2hH3jJ4kK5lL6zZ7xX8cC9vV0bB1nN2mM3qW4eR5tT6yU7iI8oO9pP0aS1dF2gG3hH4jJ5kK6lL7zZ8xX9cC0vB1nN2mQ3wE4rR5tT6yY7uU8iI9oO0pP1aS2dF3gG4hH5jJ6kK7l4hH5jJ6kK7lL8zX9cV0bN1nM2qW3eR4tT5yU6iI7oO8pP9aS0dF1gG2hH3jJ4kK5lL6zZ7xX8cC9vV0bB1nN2mM3qW4eR5tT6yU7iI8oO9pP0aS1dF2gG3hH4jJ5kK6lL7zZ8xX9cC0vB1nN2mQ3wE4rR5tT6yY7uU8iI9oO0pP1aS2dF3gG4hH5jJ6kK7lL8zX9cV0bN1nM2qW3eR4tT5yU6iI7oO8pP9aS0dF1gG2hH3jJ4kK5lL6zZ7xX8cC9vV0bB1nN2mM3qW4eR5tT6yU7iI8oO9pP0aS1dF2gG3hH4jJ5kK6lL7zZ8xX9cC0vB1nN2mQ3wE4rR5tT6yY7uU8iI9oO0pP1aS2dF3gG4hH5jJ6kK7l4hH5jJ6kK7lL8zX9cV0bN1nM2qW3eR4tT5yU6iI7oO8pP9aS0dF1gG2hH3jJ4kK5lL6zZ7xX8cC9vV0bB1nN2mM3qW4eR5tT6yU7iI8oO9pP0aS1dF2gG3hH4jJ5kK6lL7zZ8xX9cC0vB1nN2mQ3wE4rR5tT6yY7uU8iI9oO0pP1aS2dF3gG4hH5jJ6kK7lL8zX9cV0bN1nM2qW3eR4tT5yU6iI7oO8pP9aS0dF1gG2hH3jJ4kK5lL6zZ7xX8cC9vV0bB1nN2mM3qW4eR5tT6yU7iI8oO9pP0aS1dF2gG3hH4jJ5kK6lL7zZ8xX9cC0vB1nN2mQ3wE4rR5tT6yY7uU8iI9oO0pP1aS2dF3gG4hH5jJ6kK7l4hH5jJ6kK7lL8zX9cV0bN1nM2qW3eR4tT5yU6iI7oO8pP9aS0dF1gG2hH3jJ4kK5lL6zZ7xX8cC9vV0bB1nN2mM3qW4eR5tT6yU7iI8oO9pP0aS1dF2gG3hH4jJ5kK6lL7zZ8xX9cC0vB1nN2mQ3wE4rR5tT6yY7uU8iI9oO0pP1aS2dF3gG4hH5jJ6kK7lL8zX9cV0bN1nM2qW3eR4tT5yU6iI7oO8pP9aS0dF1gG2hH3jJ4kK5lL6zZ7xX8cC9vV0bB1nN2mM3qW4eR5tT6yU7iI8oO9pP0aS1dF2gG3hH4jJ5kK6lL7zZ8xX9cC0vB1nN2mQ3wE4rR5tT6yY7uU8iI9oO0pP1aS2dF3gG4hH5jJ6kK7l4hH5jJ6kK7lL8zX9cV0bN1nM2qW3eR4tT5yU6iI7oO8pP9aS0dF1gG2hH3jJ4kK5lL6zZ7xX8cC9vV0bB1nN2mM3qW4eR5tT6yU7iI8oO9pP0aS1dF2gG3hH4jJ5kK6lL7zZ8xX9cC0vB1nN2mQ3wE4rR5tT6yY7uU8iI9oO0pP1aS2dF3gG4hH5jJ6kK7lL8zX9cV0bN1nM2qW3eR4tT5yU6iI7oO8pP9aS0dF1gG2hH3jJ4kK5lL6zZ7xX8cC9vV0bB1nN2mM3qW4eR5tT6yU7iI8oO9pP0aS1dF2gG3hH4jJ5kK6lL7zZ8xX9cC0vB1nN2mQ3wE4rR5tT6yY7uU8iI9oO0pP1aS2dF3gG4hH5jJ6kK7l4hH5jJ6kK7lL8zX9cV0bN1nM2qW3eR4tT5yU6iI7oO8pP9aS0dF1gG2hH3jJ4kK5lL6zZ7xX8cC9vV0bB1nN2mM3qW4eR5tT6yU7iI8oO9pP0aS1dF2gG3hH4jJ5kK6lL7zZ8xX9cC0vB1nN2mQ3wE4rR5tT6yY7uU8iI9oO0pP1aS2dF3gG4hH5jJ6kK7lL8zX9cV0bN1nM2qW3eR4tT5yU6iI7oO8pP9aS0dF1gG2hH3jJ4kK5lL6zZ7xX8cC9vV0bB1nN2mM3qW4eR5tT6yU7iI8oO9pP0aS1dF2gG3hH4jJ5kK6lL7zZ8xX9cC0vB1nN2mQ3wE4rR5tT6yY7uU8iI9oO0pP1aS2dF3gG4hH5jJ6kK7l4hH5jJ6kK7lL8zX9cV0bN1nM2qW3eR4tT5yU6iI7oO8pP9aS0dF1gG2hH3jJ4kK5lL6zZ7xX8cC9vV0bB1nN2mM3qW4eR5tT6yU7iI8oO9pP0aS1dF2gG3hH4jJ5kK6lL7zZ8xX9cC0vB1nN2mQ3wE4rR5tT6yY7uU8iI9oO0pP1aS2dF3gG4hH5jJ6kK7lL8zX9cV0bN1nM2qW3eR4tT5yU6iI7oO8pP9aS0dF1gG2hH3jJ4kK5lL6zZ7xX8cC9vV0bB1nN2mM3qW4eR5tT6yU7iI8oO9pP0aS1dF2gG3hH4jJ5kK6lL7zZ8xX9cC0vB1nN2mQ3wE4rR5tT6yY7uU8iI9oO0pP1aS2dF3gG4hH5jJ6kK7l4hH5jJ6kK7lL8zX9cV0bN1nM2qW3eR4tT5yU6iI7oO8pP9aS0dF1gG2hH3jJ4kK5lL6z8zX9cV0bN1nM2qW3eR4tT5yU6iI7oO8pP9aS0dF1gG2hH3jJ4kK5lL6zZ7xX8cC9vV0bB1nN2mM3qW4eR5tT6yU7iI8oO9pP0aS1dF2gG3hH4jJ5kK6lL7zZ8xX9cC0vB1nN2mQ3wE4rR5tT6yY7uU8iI9oO0pP1aS2dF3gG4hH5jJ6kK7l4hH5jJ6kK7lL8zX9cV0bN1nM2qW3eR4tT5yU6iI7oO8pP9aS0dF1gG2hH3jJ4kK5lL6zZ7xX8cC9vV0bB1nN2mM3qW4eR5tT6yU7iI8oO9pP0aS1dF2gG3hH4jJ5kK6lL7zZ8xX9cC0vB1nN2mQ3wE4rR5tT6yY7uU8iI9oO0pP1aS2dF3gG4hH5jJ6kK7lL8zX9cV0bN1nM2qW3eR4tT5yU6iI7oO8pP9aS0dF1gG2hH3jJ4kK5lL6zZ7xX8cC9vV0bB1nN2mM3qW4eR5tT6yU7iI8oO9pP0aS1dF2gG3hH4jJ5kK6lL7zZ8xX9cC0vB1nN2mQ3wE4rR5tT6yY7uU8iI9oO0pP1aS2dF3gG4hH5jJ6kK7l4hH5jJ6kK7lL8zX9cV0bN1nM2qW3eR4tT5yU6iI7oO8pP9aS0dF1gG2hH3jJ4kK5lL6zZ7xX8cC9vV0bB1nN2mM3qW4eR5tT6yU7iI8oO9pP0aS1dF2gG3hH4jJ5kK6lL7zZ8xX9cC0vB1nN2mQ3wE4rR5tT6yY7uU8iI9oO0pP1aS2dF3gG4hH5jJ6kK7lL8zX9cV0bN1nM2qW3eR4tT5yU6iI7oO8pP9aS0dF1gG2hH3jJ4kK5lL6zZ7xX8cC9vV0bB1nN2mM3qW4eR5tT6yU7iI8oO9pP0aS1dF8oO9pP0aS1dF2gG3hH4jJ5kK6lL7zZ8xX9cC0vB1nN2mQ3wE4rR5tT6yY7uU8iI9oO0pP1aS2dF3gG4hH5jJ6kK7lL8zX9cV0bN1nM2qW3eR4tT5yU6iI7oO8pP9aS0dF1gG2hH3jJ4kK5lL6zZ7xX8cC9vV0bB1nN2mM3qW4eR5tT6yU7iI8oO9pP0aS1dF2gG3hH4jJ5kK6lL7zZ8xX9cC0vB1nN2mQ3wE4rR5tT6yY7uU8iI9oO0pP1aS2dF3gG4hH5jJ6kK7lL8zX9cV0bN1nM2qW3eR4tT5yU6iI7oO8pP9aS0dF1gG2hH3jJ4kK5lL6zZ7xX8cC9vV0bB1nN2mM3qW4eR5tT6yU7iI8oO9pP0aS1dF2gG3hH4jJ5kK6lL7zZ8xX9cC0vB1nN2mQ3wE4rR5tT6yY7uU8iI9oO0pP1aS2dF3gG4hH5jJ6kK7l4hH5jJ6kK7lL8zX9cV0bN1nM2qW3eR4tT5yU6iI7oO8pP9aS0dF1gG2hH3jJ4kK5lL6zZ7xX8cC9vV0bB1nN2mM3qW4eR5tT6yU7iI8oO9pP0aS1dF2gG3hH4jJ5kK6lL7zZ8xX9cC0vB1nN2mQ3wE4rR5tT6yY7uU8iI9oO0pP1aS2dF3gG4hH5jJ6kK7lL8zX9cV0bN1nM2qW3eR4tT5yU6iI7oO8pP9aS0dF1gG2hH3jJ4kK5lL6zZ7xX8cC9vV0bB1nN2mM3qW4eR5tT6yU7iI8oO9pP0aS1dF2gG3hH4jJ5kK6lL7zZ8xX9cC0vB1nN2mQ3wE4rR5tT6yY7uU8iI9oO0pP1aS2dF3gG4hH5jJ6kK7l4hH5jJ6kK7lL8zX9cV0bN1nM2qW3eR4tT5yU6iI7oO8pP9aS0dF1gG2hH3jJ4kK5lL6zZ7xX8cC9vV0bB1nN2mM3qW4eR5tT6yU7iI8oO9pP0aS1dF2gG3hH4jJ5kK6lL7zZ8xX9cC0vB1nN2mQ3wE4rR5tT6yY7uU8iI9oO0pP1aS2dF3gG4hH5jJ6kK7lL8zX9cV0bN1nM2qW3eR4tT5yU6iI7oO8pP9aS0dF1gG2hH3jJ4kK5lL6zZ7xX8cC9vV0bB1nN2mM3qW4eR5tT6yU7iI8oO9pP0aS1dF2gG3hH4jJ5kK6lL7zZ8xX9cC0vB1nN2mQ3wE4rR5tT6yY7uU8iI9oO0pP1aS2dF3gG4hH5jJ6kK7l4hH5jJ6kK7lL8zX9cV0bN1nM2qW3eR4tT5yU6iI7oO8pP9aS0dF1gG2hH3jJ4kK5lL6zZ7xX8cC9vV0bB1nN2mM3qW4eR5tT6yU7iI8oO9pP0aS1dF2gG3hH4jJ5kK6lL7zZ8xX9cC0vB1nN2mQ3wE4rR5tT6yY7uU8iI9oO0pP1aS2dF3gG4hH5jJ6kK7lL8zX9cV0bN1nM2qW3eR4tT5yU6iI7oO8pP9aS0dF1gG2hH3jJ4kK5lL6zZ7xX8cC9vV0bB1nN2mM3qW4eR5tT6yU7iI8oO9pP0aS1dF2gG3hH4jJ5kK6lL7zZ8xX9cC0vB1nN2mQ3wE4rR5tT6yY7uU8iI9oO0pP1aS2dF3gG4hH5jJ6kK7l4hH5jJ6kK7lL8zX9cV0bN1nM2qW3eR4tT5yU6iI7oO8pP9aS0dF1gG2hH3jJ4kK5lL6zZ7xX8cC9vV0bB1nN2mM3qW4eR5tT6yU7iI8oO9pP0aS1dF2gG3hH4jJ5kK6lL7zZ8xX9cC0vB1nN2mQ3wE4rR5tT6yY7uU8iI9oO0pP1aS2dF3gG4hH5jJ6kK7lL8zX9cV0bN1nM2qW3eR4tT5yU6iI7oO8pP9aS0dF1gG2hH3jJ4kK5lL6zZ7xX8cC9vV0bB1nN2mM3qW4eR5tT6yU7iI8oO9pP0aS1dF2gG3hH4jJ5kK6lL7zZ8xX9cC0vB1nN2mQ3wE4rR5tT6yY7uU8iI9oO0pP1aS2dF3gG4hH5jJ6kK7l4hH5jJ6kK7lL8zX9cV0bN1nM2qW3eR4tT5yU6iI7oO8pP9aS0dF1gG2hH3jJ4kK5lL6zZ7xX8cC9vV0bB1nN2mM3qW4eR5tT6yU7iI8oO9pP0aS1dF2gG3hH4jJ5kK6lL7zZ8xX9cC0vB1nN2mQ3wE4rR5tT6yY7uU8iI9oO0pP1aS2dF3gG4hH5jJ6kK7lL8zX9cV0bN1nM2qW3eR4tT5yU6iI7oO8pP9aS0dF1gG2hH3jJ4kK5lL6zZ7xX8cC9vV0bB1nN2mM3qW4eR5tT6yU7iI8oO9pP0aS1dF2gG3hH4jJ5kK6lL7zZ8xX9cC0vB1nN2mQ3wE4rR5tT6yY7uU8iI9oO0pP1aS2dF3gG4hH5jJ6kK7l4hH5jJ6kK7lL8zX9cV0bN1nM2qW3eR4tT5yU6iI7oO8pP9aS0dF1gG2hH3jJ4kK5lL6zZ7xX8cC9vV0bB1nN2mM3qW4eR5tT6yU7iI8oO9pP0aS1dF2gG3hH4jJ5kK6lL7zZ8xX9cC0vB1nN2mQ3wE4rR5tT6yY7uU8iI9oO0pP1aS2dF3gG4hH5jJ6kK7lL8zX9cV0bN1nM2qW3eR4tT5yU6iI7oO8pP9aS0dF1gG2hH3jJ4kK5lL6zZ7xX8cC9vV0bB1nN2mM3qW4eR5tT6yU7iI8oO9pP0aS1dF2gG3hH4jJ5kK6lL7zZ8xX9cC0vB1nN2mQ3wE4rR5tT6yY7uU8iI9oO0pP1aS2dF3gG4hH5jJ6kK7l4hH5jJ6kK7lL8zX9cV0bN1nM2qW3eR4tT5yU6iI7oO8pP9aS0dF1gG2hH3jJ4kK5lL6zZ7xX8cC9vV0bB1nN2mM3qW4eR5tT6yU7iI8oO9pP0aS1dF2gG3hH4jJ5kK6lL7zZ8xX9cC0vB1nN2mQ3wE4rR5tT6yY7uU8iI9oO0pP1aS2dF3gG4hH5jJ6kK7lL8zX9cV0bN1nM2qW3eR4tT5yU6iI7oO8pP9aS0dF1gG2hH3jJ4kK5lL6zZ7xX8cC9vV0bB1nN2mM3qW4eR5tT6yU7iI8oO9pP0aS1dF2gG3hH4jJ5kK6lL7zZ8xX9cC0vB1nN2mQ3wE4rR5tT6yY7uU8iI9oO0pP1aS2dF3gG4hH5jJ6kK7l4hH5jJ6kK7lL8zX9cV0bN1nM2qW3eR4tT5yU6iI7oO8pP9aS0dF1gG2hH3jJ4kK5lL6z7nB9vR2mX8kLp4QjW3tY5zH1aG6sF9dD0fS8gA7hJ6kL5mN4bV3vC2xZ1oP9iU8uY7tT6rR5eE4wW3qQ2aZ1sX2dC3fV4gB5hN6jM7kL8pO9iU0yT1rE2wQ3aS4dF5gG6hH7jJ8kK9lL0zZ1xX2cC3vV4bB5nN6mM7qQ8wW9eE0rR1tT2yY3uU4iI5oO6pP7aA8sS9dD0fF1gG2hH3jJ4kK5lL6zZ7xX8cC9vV0bB1nN2mM3qW4eR5tT6yU7iI8oO9pP0aS1dF2gG3hH4jJ5kK6lL7zZ8xX9cC0vB1nN2mQ3wE4rR5tT6yY7uU8iI9oO0pP1aS2dF3gG4hH5jJ6kK7lL8zX9cV0bN1nM2qW3eR4tT5yU6iI7oO8pP9aS0dF1gG2hH3jJ4kK5lL6zZ7xX8cC9vV0bB1nN2mM3qW4eR5tT6yU7iI8oO9pP0aS1dF2gG3hH4jJ5kK6lL7zZ8xX9cC0vB1nN2mQ3wE4rR5tT6yY7uU8iI9oO0pP1aS2dF3gG4hH5jJ6kK7lL8zX9cV0bN1nM2qW3eR4tT5yU6iI7oO8pP9aS0dF1gG2hH3jJ4kK5lL6zZ7xX8cC9vV0bB1nN2mM3qW4eR5tT6yU7iI8oO9pP0aS1dF2gG3hH4jJ5kK6lL7zZ8xX9cC0vB1nN2mQ3wE4rR5tT6yY7uU8iI9oO0pP1aS2dF3gG4hH5jJ6kK7lL8zX9cV0bN1nM2qW3eR4tT5yU6iI7oO8pP9aS0dF1gG2hH3jJ4kK5lL6zZ7xX8cC9vV0bB1nN2mM3qW4eR5tT6yU7iI8oO9pP0aS1dF2gG3hH4jJ5kK6lL7zZ8xX9cC0vB1nN2mQ3wE4rR5tT6yY7uU8iI9oO0pP1aS2dF3gG4hH5jJ6kK7lL8zX9cV0bN1nM2qW3eR4tT5yU6iI7oO8pP9aS0dF1gG2hH3jJ4kK5lL6zZ7xX8cC9vV0bB1nN2mM3qW4eR5tT6yU7iI8oO9pP0aS1dF2gG3hH4jJ5kK6lL7zZ8xX9cC0vB1nN2mQ3wE4rR5tT6yY7uU8iI9oO0pP1aS2dF3gG4hH5jJ6kK7l4hH5jJ6kK7lL8zX9cV0bN1nM2qW3eR4tT5yU6iI7oO8pP9aS0dF1gG2hH3jJ4kK5lL6zZ7xX8cC9vV0bB1nN2mM3qW4eR5tT6yU7iI8oO9pP0aS1dF2gG3hH4jJ5kK6lL7zZ8xX9cC0vB1nN2mQ3wE4rR5tT6yY7uU8iI9oO0pP1aS2dF3gG4hH5jJ6kK7lL8zX9cV0bN1nM2qW3eR4tT5yU6iI7oO8pP9aS0dF1gG2hH3jJ4kK5lL6zZ7xX8cC9vV0bB1nN2mM3qW4eR5tT6yU7iI8oO9pP0aS1dF2gG3hH4jJ5kK6lL7zZ8xX9cC0vB1nN2mQ3wE4rR5tT6yY7uU8iI9oO0pP1aS2dF3gG4hH5jJ6kK7l4hH5jJ6kK7lL8zX9cV0bN1nM2qW3eR4tT5yU6iI7oO8pP9aS0dF1gG2hH3jJ4kK5lL6zZ7xX8cC9vV0bB1nN2mM3qW4eR5tT6yU7iI8oO9pP0aS1dF2gG3hH4jJ5kK6lL7zZ8xX9cC0vB1nN2mQ3wE4rR5tT6yY7uU8iI9oO0pP1aS2dF3gG4hH5jJ6kK7lL8zX9cV0bN1nM2qW3eR4tT5yU6iI7oO8pP9aS0dF1gG2hH3jJ4kK5lL6zZ7xX8cC9vV0bB1nN2mM3qW4eR5tT6yU7iI8oO9pP0aS1dF2gG3hH4jJ5kK6lL7zZ8xX9cC0vB1nN2mQ3wE4rR5tT6yY7uU8iI9oO0pP1aS2dF3gG4hH5jJ6kK7l4hH5jJ6kK7lL8zX9cV0bN1nM2qW3eR4tT5yU6iI7oO8pP9aS0dF1gG2hH3jJ4kK5lL6zZ7xX8cC9vV0bB1nN2mM3qW4eR5tT6yU7iI8oO9pP0aS1dF2gG3hH4jJ5kK6lL7zZ8xX9cC0vB1nN2mQ3wE4rR5tT6yY7uU8iI9oO0pP1aS2dF3gG4hH5jJ6kK7lL8zX9cV0bN1nM2qW3eR4tT5yU6iI7oO8pP9aS0dF1gG2hH3jJ4kK5lL6zZ7xX8cC9vV0bB1nN2mM3qW4eR5tT6yU7iI8oO9pP0aS1dF2gG3hH4jJ5kK6lL7zZ8xX9cC0vB1nN2mQ3wE4rR5tT6yY7uU8iI9oO0pP1aS2dF3gG4hH5jJ6kK7l4hH5jJ6kK7lL8zX9cV0bN1nM2qW3eR4tT5yU6iI7oO8pP9aS0dF1gG2hH3jJ4kK5lL6zZ7xX8cC9vV0bB1nN2mM3qW4eR5tT6yU7iI8oO9pP0aS1dF2gG3hH4jJ5kK6lL7zZ8xX9cC0vB1nN2mQ3wE4rR5tT6yY7uU8iI9oO0pP1aS2dF3gG4hH5jJ6kK7lL8zX9cV0bN1nM2qW3eR4tT5yU6iI7oO8pP9aS0dF1gG2hH3jJ4kK5lL6zZ7xX8cC9vV0bB1nN2mM3qW4eR5tT6yU7iI8oO9pP0aS1dF2gG3hH4jJ5kK6lL7zZ8xX9cC0vB1nN2mQ3wE4rR5tT6yY7uU8iI9oO0pP1aS2dF3gG4hH5jJ6kK7l4hH5jJ6kK7lL8zX9cV0bN1nM2qW3eR4tT5yU6iI7oO8pP9aS0dF1gG2hH3jJ4kK5lL6zZ7xX8cC9vV0bB1nN2mM3qW4eR5tT6yU7iI8oO9pP0aS1dF2gG3hH4jJ5kK6lL7zZ8xX9cC0vB1nN2mQ3wE4rR5tT6yY7uU8iI9oO0pP1aS2dF3gG4hH5jJ6kK7lL8zX9cV0bN1nM2qW3eR4tT5yU6iI7oO8pP9aS0dF1gG2hH3jJ4kK5lL6zZ7xX8cC9vV0bB1nN2mM3qW4eR5tT6yU7iI8oO9pP0aS1dF2gG3hH4jJ5kK6lL7zZ8xX9cC0vB1nN2mQ3wE4rR5tT6yY7uU8iI9oO0pP1aS2dF3gG4hH5jJ6kK7l4hH5jJ6kK7lL8zX9cV0bN1nM2qW3eR4tT5yU6iI7oO8pP9aS0dF1gG2hH3jJ4kK5lL6zZ7xX8cC9vV0bB1nN2mM3qW4eR5tT6yU7iI8oO9pP0aS1dF2gG3hH4jJ5kK6lL7zZ8xX9cC0vB1nN2mQ3wE4rR5tT6yY7uU8iI9oO0pP1aS2dF3gG4hH5jJ6kK7lL8zX9cV0bN1nM2qW3eR4tT5yU6iI7oO8pP9aS0dF1gG2hH3jJ4kK5lL6zZ7xX8cC9vV0bB1nN2mM3qW4eR5tT6yU7iI8oO9pP0aS1dF2gG3hH4jJ5kK6lL7zZ8xX9cC0vB1nN2mQ3wE4rR5tT6yY7uU8iI9oO0pP1aS2dF3gG4hH5jJ6kK7l4hH5jJ6kK7lL8zX9cV0bN1nM2qW3eR4tT5yU6iI7oO8pP9aS0dF1gG2hH3jJ4kK5lL6zZ7xX8cC9vV0bB1nN2mM3qW4eR5tT6yU7iI8oO9pP0aS1dF2gG3hH4jJ5kK6lL7zZ8xX9cC0vB1nN2mQ3wE4rR5tT6yY7uU8iI9oO0pP1aS2dF3gG4hH5jJ6kK7lL8zX9cV0bN1nM2qW3eR4tT5yU6iI7oO8pP9aS0dF1gG2hH3jJ4kK5lL6zZ7xX8cC9vV0bB1nN2mM3qW4eR5tT6yU7iI8oO9pP0aS1dF2gG3hH4jJ5kK6lL7zZ8xX9cC0vB1nN2mQ3wE4rR5tT6yY7uU8iI9oO0pP1aS2dF3gG4hH5jJ6kK7l4hH5jJ6kK7lL8zX9cV0bN1nM2qW3eR4tT5yU6iI7oO8pP9aS0dF1gG2hH3jJ4kK5lL6z7nB9vR2mX8kLp4QjW3tY5zH1aG6sF9dD0fS8gA7hJ6kL5mN4bV3vC2xZ1oP9iU8uY7tT6rR5eE4wW3qQ2aZ1sX2dC3fV4gB5hN6jM7kL8pO9iU0yT1rE2wQ3aS4dF5gG6hH7jJ8kK9lL0zZ1xX2cC3vV4bB5nN6mM7qQ8wW9eE0rR1tT2yY3uU4iI5oO6pP7aA8sS9dD0fF1gG2hH3jJ4kK5lL6zZ7xX8cC9vV0bB1nN2mM3qW4eR5tT6yU7iI8oO9pP0aS1dF2gG3hH4jJ5kK6lL7zZ8xX9cC0vB1nN2mQ3wE4rR5tT6yY7uU8iI9oO0pP1aS2dF3gG4hH5jJ6kK7lL8zX9cV0bN1nM2qW3eR4tT5yU6iI7oO8pP9aS0dF1gG2hH3jJ4kK5lL6zZ7xX8cC9vV0bB1nN2mM3qW4eR5tT6yU7iI8oO9pP0aS1dF2gG3hH4jJ5kK6lL7zZ8xX9cC0vB1nN2mQ3wE4rR5tT6yY7uU8iI9oO0pP1aS2dF3gG4hH5jJ6kK7lL8zX9cV0bN1nM2qW3eR4tT5yU6iI7oO8pP9aS0dF1gG2hH3jJ4kK5lL6zZ7xX8cC9vV0bB1nN2mM3qW4eR5tT6yU7iI8oO9pP0aS1dF2gG3hH4jJ5kK6lL7zZ8xX9cC0vB1nN2mQ3wE4rR5tT6yY7uU8iI9oO0pP1aS2dF3gG4hH5jJ6kK7lL8zX9cV0bN1nM2qW3eR4tT5yU6iI7oO8pP9aS0dF1gG2hH3jJ4kK5lL6zZ7xX8cC9vV0bB1nN2mM3qW4eR5tT6yU7iI8oO9pP0aS1dF2gG3hH4jJ5kK6lL7zZ8xX9cC0vB1nN2mQ3wE4rR5tT6yY7uU8iI9oO0pP1aS2dF3gG4hH5jJ6kK7lL8zX9cV0bN1nM2qW3eR4tT5yU6iI7oO8pP9aS0dF1gG2hH3jJ4kK5lL6zZ7xX8cC9vV0bB1nN2mM3qW4eR5tT6yU7iI8oO9pP0aS1dF2gG3hH4jJ5kK6lL7zZ8xX9cC0vB1nN2mQ3wE4rR5tT6yY7uU8iI9oO0pP1aS2dF3gG4hH5jJ6kK7l4hH5jJ6kK7lL8zX9cV0bN1nM2qW3eR4tT5yU6iI7oO8pP9aS0dF1gG2hH3jJ4kK5lL6zZ7xX8cC9vV0bB1nN2mM3qW4eR5tT6yU7iI8oO9pP0aS1dF2gG3hH4jJ5kK6lL7zZ8xX9cC0vB1nN2mQ3wE4rR5tT6yY7uU8iI9oO0pP1aS2dF3gG4hH5jJ6kK7lL8zX9cV0bN1nM2qW3eR4tT5yU6iI7oO8pP9aS0dF1gG2hH3jJ4kK5lL6zZ7xX8cC9vV0bB1nN2mM3qW4eR5tT6yU7iI8oO9pP0aS1dF2gG3hH4jJ5kK6lL7zZ8xX9cC0vB1nN2mQ3wE4rR5tT6yY7uU8iI9oO0pP1aS2dF3gG4hH5jJ6kK7l4hH5jJ6kK7lL8zX9cV0bN1nM2qW3eR4tT5yU6iI7oO8pP9aS0dF1gG2hH3jJ4kK5lL6zZ7xX8cC9vV0bB1nN2mM3qW4eR5tT6yU7iI8oO9pP0aS1dF2gG3hH4jJ5kK6lL7zZ8xX9cC0vB1nN2mQ3wE4rR5tT6yY7uU8iI9oO0pP1aS2dF3gG4hH5jJ6kK7lL8zX9cV0bN1nM2qW3eR4tT5yU6iI7oO8pP9aS0dF1gG2hH3jJ4kK5lL6zZ7xX8cC9vV0bB1nN2mM3qW4eR5tT6yU7iI8oO9pP0aS1dF2gG3hH4jJ5kK6lL7zZ8xX9cC0vB1nN2mQ3wE4rR5tT6yY7uU8iI9oO0pP1aS2dF3gG4hH5jJ6kK7l4hH5jJ6kK7lL8zX9cV0bN1nM2qW3eR4tT5yU6iI7oO8pP9aS0dF1gG2hH3jJ4kK5lL6zZ7xX8cC9vV0bB1nN2mM3qW4eR5tT6yU7iI8oO9pP0aS1dF2gG3hH4jJ5kK6lL7zZ8xX9cC0vB1nN2mQ3wE4rR5tT6yY7uU8iI9oO0pP1aS2dF3gG4hH5jJ6kK7lL8zX9cV0bN1nM2qW3eR4tT5yU6iI7oO8pP9aS0dF1gG2hH3jJ4kK5lL6zZ7xX8cC9vV0bB1nN2mM3qW4eR5tT6yU7iI8oO9pP0aS1dF2gG3hH4jJ5kK6lL7zZ8xX9cC0vB1nN2mQ3wE4rR5tT6yY7uU8iI9oO0pP1aS2dF3gG4hH5jJ6kK7l4hH5jJ6kK7lL8zX9cV0bN1nM2qW3eR4tT5yU6iI7oO8pP9aS0dF1gG2hH3jJ4kK5lL6zZ7xX8cC9vV0bB1nN2mM3qW4eR5tT6yU7iI8oO9pP0aS1dF2gG3hH4jJ5kK6lL7zZ8xX9cC0vB1nN2mQ3wE4rR5tT6yY7uU8iI9oO0pP1aS2dF3gG4hH5jJ6kK7lL8zX9cV0bN1nM2qW3eR4tT5yU6iI7oO8pP9aS0dF1gG2hH3jJ4kK5lL6zZ7xX8cC9vV0bB1nN2mM3qW4eR5tT6yU7iI8oO9pP0aS1dF2gG3hH4jJ5kK6lL7zZ8xX9cC0vB1nN2mQ3wE4rR5tT6yY7uU8iI9oO0pP1aS2dF3gG4hH5jJ6kK7l4hH5jJ6kK7lL8zX9cV0bN1nM2qW3eR4tT5yU6iI7oO8pP9aS0dF1gG2hH3jJ4kK5lL6zZ7xX8cC9vV0bB1nN2mM3qW4eR5tT6yU7iI8oO9pP0aS1dF2gG3hH4jJ5kK6lL7zZ8xX9cC0vB1nN2mQ3wE4rR5tT6yY7uU8iI9oO0pP1aS2dF3gG4hH5jJ6kK7lL8zX9cV0bN1nM2qW3eR4tT5yU6iI7oO8pP9aS0dF1gG2hH3jJ4kK5lL6zZ7xX8cC9vV0bB1nN2mM3qW4eR5tT6yU7iI8oO9pP0aS1dF2gG3hH4jJ5kK6lL7zZ8xX9cC0vB1nN2mQ3wE4rR5tT6yY7uU8iI9oO0pP1aS2dF3gG4hH5jJ6kK7l4hH5jJ6kK7lL8zX9cV0bN1nM2qW3eR4tT5yU6iI7oO8pP9aS0dF1gG2hH3jJ4kK5lL6zZ7xX8cC9vV0bB1nN2mM3qW4eR5tT6yU7iI8oO9pP0aS1dF2gG3hH4jJ5kK6lL7zZ8xX9cC0vB1nN2mQ3wE4rR5tT6yY7uU8iI9oO0pP1aS2dF3gG4hH5jJ6kK7lL8zX9cV0bN1nM2qW3eR4tT5yU6iI7oO8pP9aS0dF1gG2hH3jJ4kK5lL6zZ7xX8cC9vV0bB1nN2mM3qW4eR5tT6yU7iI8oO9pP0aS1dF2gG3hH4jJ5kK6lL7zZ8xX9cC0vB1nN2mQ3wE4rR5tT6yY7uU8iI9oO0pP1aS2dF3gG4hH5jJ6kK7l4hH5jJ6kK7lL8zX9cV0bN1nM2qW3eR4tT5yU6iI7oO8pP9aS0dF1gG2hH3jJ4kK5lL6zZ7xX8cC9vV0bB1nN2mM3qW4eR5tT6yU7iI8oO9pP0aS1dF2gG3hH4jJ5kK6lL7zZ8xX9cC0vB1nN2mQ3wE4rR5tT6yY7uU8iI9oO0pP1aS2dF3gG4hH5jJ6kK7lL8zX9cV0bN1nM2qW3eR4tT5yU6iI7oO8pP9aS0dF1gG2hH3jJ4kK5lL6zZ7xX8cC9vV0bB1nN2mM3qW4eR5tT6yU7iI8oO9pP0aS1dF2gG3hH4jJ5kK6lL7zZ8xX9cC0vB1nN2mQ3wE4rR5tT6yY7uU8iI9oO0pP1aS2dF3gG4hH5jJ6kK7l4hH5jJ6kK7lL8zX9cV0bN1nM2qW3eR4tT5yU6iI7oO8pP9aS0dF1gG2hH3jJ4kK5lL6z7nB9vR2mX8kLp4QjW3tY5zH1aG6sF9dD0fS8gA7hJ6kL5mN4bV3vC2xZ1oP9iU8uY7tT6rR5eE4wW3qQ2aZ1sX2dC3fV4gB5hN6jM7kL8pO9iU0yT1rE2wQ3aS4dF5gG6hH7jJ8kK9lL0zZ1xX2cC3vV4bB5nN6mM7qQ8wW9eE0rR1tT2yY3uU4iI5oO6pP7aA8sS9dD0fF1gG2hH3jJ4kK5lL6zZ7xX8cC9vV0bB1nN2mM3qW4eR5tT6yU7iI8oO9pP0aS1dF2gG3hH4jJ5kK6lL7zZ8xX9cC0vB1nN2mQ3wE4rR5tT6yY7uU8iI9oO0pP1aS2dF3gG4hH5jJ6kK7lL8zX9cV0bN1nM2qW3eR4tT5yU6iI7oO8pP9aS0dF1gG2hH3jJ4kK5lL6zZ7xX8cC9vV0bB1nN2mM3qW4eR5tT6yU7iI8oO9pP0aS1dF2gG3hH4jJ5kK6lL7zZ8xX9cC0vB1nN2mQ3wE4rR5tT6yY7uU8iI9oO0pP1aS2dF3gG4hH5jJ6kK7lL8zX9cV0bN1nM2qW3eR4tT5yU6iI7oO8pP9aS0dF1gG2hH3jJ4kK5lL6zZ7xX8cC9vV0bB1nN2mM3qW4eR5tT6yU7iI8oO9pP0aS1dF2gG3hH4jJ5kK6lL7zZ8xX9cC0vB1nN2mQ3wE4rR5tT6yY7uU8iI9oO0pP1aS2dF3gG4hH5jJ6kK7lL8zX9cV0bN1nM2qW3eR4tT5yU6iI7oO8pP9aS0dF1gG2hH3jJ4kK5lL6zZ7xX8cC9vV0bB1nN2mM3qW4eR5tT6yU7iI8oO9pP0aS1dF2gG3hH4jJ5kK6lL7zZ8xX9cC0vB1nN2mQ3wE4rR5tT6yY7uU8iI9oO0pP1aS2dF3gG4hH5jJ6kK7lL8zX9cV0bN1nM2qW3eR4tT5yU6iI7oO8pP9aS0dF1gG2hH3jJ4kK5lL6zZ7xX8cC9vV0bB1nN2mM3qW4eR5tT6yU7iI8oO9pP0aS1dF2gG3hH4jJ5kK6lL7zZ8xX9cC0vB1nN2mQ3wE4rR5tT6yY7uU8iI9oO0pP1aS2dF3gG4hH5jJ6kK7l4hH5jJ6kK7lL8zX9cV0bN1nM2qW3eR4tT5yU6iI7oO8pP9aS0dF1gG2hH3jJ4kK5lL6zZ7xX8cC9vV0bB1nN2mM3qW4eR5tT6yU7iI8oO9pP0aS1dF2gG3hH4jJ5kK6lL7zZ8xX9cC0vB1nN2mQ3wE4rR5tT6yY7uU8iI9oO0pP1aS2dF3gG4hH5jJ6kK7lL8zX9cV0bN1nM2qW3eR4tT5yU6iI7oO8pP9aS0dF1gG2hH3jJ4kK5lL6zZ7xX8cC9vV0bB1nN2mM3qW4eR5tT6yU7iI8oO9pP0aS1dF2gG3hH4jJ5kK6lL7zZ8xX9cC0vB1nN2mQ3wE4rR5tT6yY7uU8iI9oO0pP1aS2dF3gG4hH5jJ6kK7l4hH5jJ6kK7lL8zX9cV0bN1nM2qW3eR4tT5yU6iI7oO8pP9aS0dF1gG2hH3jJ4kK5lL6zZ7xX8cC9vV0bB1nN2mM3qW4eR5tT6yU7iI8oO9pP0aS1dF2gG3hH4jJ5kK6lL7zZ8xX9cC0vB1nN2mQ3wE4rR5tT6yY7uU8iI9oO0pP1aS2dF3gG4hH5jJ6kK7lL8zX9cV0bN1nM2qW3eR4tT5yU6iI7oO8pP9aS0dF1gG2hH3jJ4kK5lL6zZ7xX8cC9vV0bB1nN2mM3qW4eR5tT6yU7iI8oO9pP0aS1dF2gG3hH4jJ5kK6lL7zZ8xX9cC0vB1nN2mQ3wE4rR5tT6yY7uU8iI9oO0pP1aS2dF3gG4hH5jJ6kK7l4hH5jJ6kK7lL8zX9cV0bN1nM2qW3eR4tT5yU6iI7oO8pP9aS0dF1gG2hH3jJ4kK5lL6zZ7xX8cC9vV0bB1nN2mM3qW4eR5tT6yU7iI8oO9pP0aS1dF2gG3hH4jJ5kK6lL7zZ8xX9cC0vB1nN2mQ3wE4rR5tT6yY7uU8iI9oO0pP1aS2dF3gG4hH5jJ6kK7lL8zX9cV0bN1nM2qW3eR4tT5yU6iI7oO8pP9aS0dF1gG2hH3jJ4kK5lL6zZ7xX8cC9vV0bB1nN2mM3qW4eR5tT6yU7iI8oO9pP0aS1dF2gG3hH4jJ5kK6lL7zZ8xX9cC0vB1nN2mQ3wE4rR5tT6yY7uU8iI9oO0pP1aS2dF3gG4hH5jJ6kK7l4hH5jJ6kK7lL8zX9cV0bN1nM2qW3eR4tT5yU6iI7oO8pP9aS0dF1gG2hH3jJ4kK5lL6zZ7xX8cC9vV0bB1nN2mM3qW4eR5tT6yU7iI8oO9pP0aS1dF2gG3hH4jJ5kK6lL7zZ8xX9cC0vB1nN2mQ3wE4rR5tT6yY7uU8iI9oO0pP1aS2dF3gG4hH5jJ6kK7lL8zX9cV0bN1nM2qW3eR4tT5yU6iI7oO8pP9aS0dF1gG2hH3jJ4kK5lL6zZ7xX8cC9vV0bB1nN2mM3qW4eR5tT6yU7iI8oO9pP0aS1dF2gG3hH4jJ5kK6lL7zZ8xX9cC0vB1nN2mQ3wE4rR5tT6yY7uU8iI9oO0pP1aS2dF3gG4hH5jJ6kK7l4hH5jJ6kK7lL8zX9cV0bN1nM2qW3eR4tT5yU6iI7oO8pP9aS0dF1gG2hH3jJ4kK5lL6zZ7xX8cC9vV0bB1nN2mM3qW4eR5tT6yU7iI8oO9pP0aS1dF2gG3hH4jJ5kK6lL7zZ8xX9cC0vB1nN2mQ3wE4rR5tT6yY7uU8iI9oO0pP1aS2dF3gG4hH5jJ6kK7lL8zX9cV0bN1nM2qW3eR4tT5yU6iI7oO8pP9aS0dF1gG2hH3jJ4kK5lL6zZ7xX8cC9vV0bB1nN2mM3qW4eR5tT6yU7iI8oO9pP0aS1dF2gG3hH4jJ5kK6lL7zZ8xX9cC0vB1nN2mQ3wE4rR5tT6yY7uU8iI9oO0pP1aS2dF3gG4hH5jJ6kK7l4hH5jJ6kK7lL8zX9cV0bN1nM2qW3eR4tT5yU6iI7oO8pP9aS0dF1gG2hH3jJ4kK5lL6zZ7xX8cC9vV0bB1nN2mM3qW4eR5tT6yU7iI8oO9pP0aS1dF2gG3hH4jJ5kK6lL7zZ8xX9cC0vB1nN2mQ3wE4rR5tT6yY7uU8iI9oO0pP1aS2dF3gG4hH5jJ6kK7lL8zX9cV0bN1nM2qW3eR4tT5yU6iI7oO8pP9aS0dF1gG2hH3jJ4kK5lL6zZ7xX8cC9vV0bB1nN2mM3qW4eR5tT6yU7iI8oO9pP0aS1dF2gG3hH4jJ5kK6lL7zZ8xX9cC0vB1nN2mQ3wE4rR5tT6yY7uU8iI9oO0pP1aS2dF3gG4hH5jJ6kK7l4hH5jJ6kK7lL8zX9cV0bN1nM2qW3eR4tT5yU6iI7oO8pP9aS0dF1gG2hH3jJ4kK5lL6zZ7xX8cC9vV0bB1nN2mM3qW4eR5tT6yU7iI8oO9pP0aS1dF2gG3hH4jJ5kK6lL7zZ8xX9cC0vB1nN2mQ3wE4rR5tT6yY7uU8iI9oO0pP1aS2dF3gG4hH5jJ6kK7lL8zX9cV0bN1nM2qW3eR4tT5yU6iI7oO8pP9aS0dF1gG2hH3jJ4kK5lL6zZ7xX8cC9vV0bB1nN2mM3qW4eR5tT6yU7iI8oO9pP0aS1dF2gG3hH4jJ5kK6lL7zZ8xX9cC0vB1nN2mQ3wE4rR5tT6yY7uU8iI9oO0pP1aS2dF3gG4hH5jJ6kK7l4hH5jJ6kK7lL8zX9cV0bN1nM2qW3eR4tT5yU6iI7oO8pP9aS0dF1gG2hH3jJ4kK5lL6z7nB9vR2mX8kLp4QjW3tY5zH1aG6sF9dD0fS8gA7hJ6kL5mN4bV3vC2xZ1oP9iU8uY7tT6rR5eE4wW3qQ2aZ1sX2dC3fV4gB5hN6jM7kL8pO9iU0yT1rE2wQ3aS4dF5gG6hH7jJ8kK9lL0zZ1xX2cC3vV4bB5nN6mM7qQ8wW9eE0rR1tT2yY3uU4iI5oO6pP7aA8sS9dD0fF1gG2hH3jJ4kK5lL6zZ7xX8cC9vV0bB1nN2mM3qW4eR5tT6yU7iI8oO9pP0aS1dF2gG3hH4jJ5kK6lL7zZ8xX9cC0vB1nN2mQ3wE4rR5tT6yY7uU8iI9oO0pP1aS2dF3gG4hH5jJ6kK7lL8zX9cV0bN1nM2qW3eR4tT5yU6iI7oO8pP9aS0dF1gG2hH3jJ4kK5lL6zZ7xX8cC9vV0bB1nN2mM3qW4eR5tT6yU7iI8oO9pP0aS1dF2gG3hH4jJ5kK6lL7zZ8xX9cC0vB1nN2mQ3wE4rR5tT6yY7uU8iI9oO0pP1aS2dF3gG4hH5jJ6kK7lL8zX9cV0bN1nM2qW3eR4tT5yU6iI7oO8pP9aS0dF1gG2hH3jJ4kK5lL6zZ7xX8cC9vV0bB1nN2mM3qW4eR5tT6yU7iI8oO9pP0aS1dF2gG3hH4jJ5kK6lL7zZ8xX9cC0vB1nN2mQ3wE4rR5tT6yY7uU8iI9oO0pP1aS2dF3gG4hH5jJ6kK7lL8zX9cV0bN1nM2qW3eR4tT5yU6iI7oO8pP9aS0dF1gG2hH3jJ4kK5lL6zZ7xX8cC9vV0bB1nN2mM3qW4eR5tT6yU7iI8oO9pP0aS1dF2gG3hH4jJ5kK6lL7zZ8xX9cC0vB1nN2mQ3wE4rR5tT6yY7uU8iI9oO0pP1aS2dF3gG4hH5jJ6kK7lL8zX9cV0bN1nM2qW3eR4tT5yU6iI7oO8pP9aS0dF1gG2hH3jJ4kK5lL6zZ7xX8cC9vV0bB1nN2mM3qW4eR5tT6yU7iI8oO9pP0aS1dF2gG3hH4jJ5kK6lL7zZ8xX9cC0vB1nN2mQ3wE4rR5tT6yY7uU8iI9oO0pP1aS2dF3gG4hH5jJ6kK7l4hH5jJ6kK7lL8zX9cV0bN1nM2qW3eR4tT5yU6iI7oO8pP9aS0dF1gG2hH3jJ4kK5lL6zZ7xX8cC9vV0bB1nN2mM3qW4eR5tT6yU7iI8oO9pP0aS1dF2gG3hH4jJ5kK6lL7zZ8xX9cC0vB1nN2mQ3wE4rR5tT6yY7uU8iI9oO0pP1aS2dF3gG4hH5jJ6kK7lL8zX9cV0bN1nM2qW3eR4tT5yU6iI7oO8pP9aS0dF1gG2hH3jJ4kK5lL6zZ7xX8cC9vV0bB1nN2mM3qW4eR5tT6yU7iI8oO9pP0aS1dF2gG3hH4jJ5kK6lL7zZ8xX9cC0vB1nN2mQ3wE4rR5tT6yY7uU8iI9oO0pP1aS2dF3gG4hH5jJ6kK7l4hH5jJ6kK7lL8zX9cV0bN1nM2qW3eR4tT5yU6iI7oO8pP9aS0dF1gG2hH3jJ4kK5lL6zZ7xX8cC9vV0bB1nN2mM3qW4eR5tT6yU7iI8oO9pP0aS1dF2gG3hH4jJ5kK6lL7zZ8xX9cC0vB1nN2mQ3wE4rR5tT6yY7uU8iI9oO0pP1aS2dF3gG4hH5jJ6kK7lL8zX9cV0bN1nM2qW3eR4tT5yU6iI7oO8pP9aS0dF1gG2hH3jJ4kK5lL6zZ7xX8cC9vV0bB1nN2mM3qW4eR5tT6yU7iI8oO9pP0aS1dF2gG3hH4jJ5kK6lL7zZ8xX9cC0vB1nN2mQ3wE4rR5tT6yY7uU8iI9oO0pP1aS2dF3gG4hH5jJ6kK7l4hH5jJ6kK7lL8zX9cV0bN1nM2qW3eR4tT5yU6iI7oO8pP9aS0dF1gG2hH3jJ4kK5lL6zZ7xX8cC9vV0bB1nN2mM3qW4eR5tT6yU7iI8oO9pP0aS1dF2gG3hH4jJ5kK6lL7zZ8xX9cC0vB1nN2mQ3wE4rR5tT6yY7uU8iI9oO0pP1aS2dF3gG4hH5jJ6kK7lL8zX9cV0bN1nM2qW3eR4tT5yU6iI7oO8pP9aS0dF1gG2hH3jJ4kK5lL6zZ7xX8cC9vV0bB1nN2mM3qW4eR5tT6yU7iI8oO9pP0aS1dF2gG3hH4jJ5kK6lL7zZ8xX9cC0vB1nN2mQ3wE4rR5tT6yY7uU8iI9oO0pP1aS2dF3gG4hH5jJ6kK7l4hH5jJ6kK7lL8zX9cV0bN1nM2qW3eR4tT5yU6iI7oO8pP9aS0dF1gG2hH3jJ4kK5lL6zZ7xX8cC9vV0bB1nN2mM3qW4eR5tT6yU7iI8oO9pP0aS1dF2gG3hH4jJ5kK6lL7zZ8xX9cC0vB1nN2mQ3wE4rR5tT6yY7uU8iI9oO0pP1aS2dF3gG4hH5jJ6kK7lL8zX9cV0bN1nM2qW3eR4tT5yU6iI7oO8pP9aS0dF1gG2hH3jJ4kK5lL6zZ7xX8cC9vV0bB1nN2mM3qW4eR5tT6yU7iI8oO9pP0aS1dF2gG3hH4jJ5kK6lL7zZ8xX9cC0vB1nN2mQ3wE4rR5tT6yY7uU8iI9oO0pP1aS2dF3gG4hH5jJ6kK7l4hH5jJ6kK7lL8zX9cV0bN1nM2qW3eR4tT5yU6iI7oO8pP9aS0dF1gG2hH3jJ4kK5lL6zZ7xX8cC9vV0bB1nN2mM3qW4eR5tT6yU7iI8oO9pP0aS1dF2gG3hH4jJ5kK6lL7zZ8xX9cC0vB1nN2mQ3wE4rR5tT6yY7uU8iI9oO0pP1aS2dF3gG4hH5jJ6kK7lL8zX9cV0bN1nM2qW3eR4tT5yU6iI7oO8pP9aS0dF1gG2hH3jJ4kK5lL6zZ7xX8cC9vV0bB1nN2mM3qW4eR5tT6yU7iI8oO9pP0aS1dF2gG3hH4jJ5kK6lL7zZ8xX9cC0vB1nN2mQ3wE4rR5tT6yY7uU8iI9oO0pP1aS2dF3gG4hH5jJ6kK7l4hH5jJ6kK7lL8zX9cV0bN1nM2qW3eR4tT5yU6iI7oO8pP9aS0dF1gG2hH3jJ4kK5lL6zZ7xX8cC9vV0bB1nN2mM3qW4eR5tT6yU7iI8oO9pP0aS1dF2gG3hH4jJ5kK6lL7zZ8xX9cC0vB1nN2mQ3wE4rR5tT6yY7uU8iI9oO0pP1aS2dF3gG4hH5jJ6kK7lL8zX9cV0bN1nM2qW3eR4tT5yU6iI7oO8pP9aS0dF1gG2hH3jJ4kK5lL6zZ7xX8cC9vV0bB1nN2mM3qW4eR5tT6yU7iI8oO9pP0aS1dF2gG3hH4jJ5kK6lL7zZ8xX9cC0vB1nN2mQ3wE4rR5tT6yY7uU8iI9oO0pP1aS2dF3gG4hH5jJ6kK7l4hH5jJ6kK7lL8zX9cV0bN1nM2qW3eR4tT5yU6iI7oO8pP9aS0dF1gG2hH3jJ4kK5lL6zZ7xX8cC9vV0bB1nN2mM3qW4eR5tT6yU7iI8oO9pP0aS1dF2gG3hH4jJ5kK6lL7zZ8xX9cC0vB1nN2mQ3wE4rR5tT6yY7uU8iI9oO0pP1aS2dF3gG4hH5jJ6kK7lL8zX9cV0bN1nM2qW3eR4tT5yU6iI7oO8pP9aS0dF1gG2hH3jJ4kK5lL6zZ7xX8cC9vV0bB1nN2mM3qW4eR5tT6yU7iI8oO9pP0aS1dF2gG3hH4jJ5kK6lL7zZ8xX9cC0vB1nN2mQ3wE4rR5tT6yY7uU8iI9oO0pP1aS2dF3gG4hH5jJ6kK7l4hH5jJ6kK7lL8zX9cV0bN1nM2qW3eR4tT5yU6iI7oO8pP9aS0dF1gG2hH3jJ4kK5lL6z7nB9vR2mX8kLp4QjW3tY5zH1aG6sF9dD0fS8gA7hJ6kL5mN4bV3vC2xZ1oP9iU8uY7tT6rR5eE4wW3qQ2aZ1sX2dC3fV4gB5hN6jM7kL8pO9iU0yT1rE2wQ3aS4dF5gG6hH7jJ8kK9lL0zZ1xX2cC3vV4bB5nN6mM7qQ8wW9eE0rR1tT2yY3uU4iI5oO6pP7aA8sS9dD0fF1gG2hH3jJ4kK5lL6zZ7xX8cC9vV0bB1nN2mM3qW4eR5tT6yU7iI8oO9pP0aS1dF2gG3hH4jJ5kK6lL7zZ8xX9cC0vB1nN2mQ3wE4rR5tT6yY7uU8iI9oO0pP1aS2dF3gG4hH5jJ6kK7lL8zX9cV0bN1nM2qW3eR4tT5yU6iI7oO8pP9aS0dF1gG2hH3jJ4kK5lL6zZ7xX8cC9vV0bB1nN2mM3qW4eR5tT6yU7iI8oO9pP0aS1dF2gG3hH4jJ5kK6lL7zZ8xX9cC0vB1nN2mQ3wE4rR5tT6yY7uU8iI9oO0pP1aS2dF3gG4hH5jJ6kK7lL8zX9cV0bN1nM2qW3eR4tT5yU6iI7oO8pP9aS0dF1gG2hH3jJ4kK5lL6zZ7xX8cC9vV0bB1nN2mM3qW4eR5tT6yU7iI8oO9pP0aS1dF2gG3hH4jJ5kK6lL7zZ8xX9cC0vB1nN2mQ3wE4rR5tT6yY7uU8iI9oO0pP1aS2dF3gG4hH5jJ6kK7lL8zX9cV0bN1nM2qW3eR4tT5yU6iI7oO8pP9aS0dF1gG2hH3jJ4kK5lL6zZ7xX8cC9vV0bB1nN2mM3qW4eR5tT6yU7iI8oO9pP0aS1dF2gG3hH4jJ5kK6lL7zZ8xX9cC0vB1nN2mQ3wE4rR5tT6yY7uU8iI9oO0pP1aS2dF3gG4hH5jJ6kK7lL8zX9cV0bN1nM2qW3eR4tT5yU6iI7oO8pP9aS0dF1gG2hH3jJ4kK5lL6zZ7xX8cC9vV0bB1nN2mM3qW4eR5tT6yU7iI8oO9pP0aS1dF2gG3hH4jJ5kK6lL7zZ8xX9cC0vB1nN2mQ3wE4rR5tT6yY7uU8iI9oO0pP1aS2dF3gG4hH5jJ6kK7l4hH5jJ6kK7lL8zX9cV0bN1nM2qW3eR4tT5yU6iI7oO8pP9aS0dF1gG2hH3jJ4kK5lL6zZ7xX8cC9vV0bB1nN2mM3qW4eR5tT6yU7iI8oO9pP0aS1dF2gG3hH4jJ5kK6lL7zZ8xX9cC0vB1nN2mQ3wE4rR5tT6yY7uU8iI9oO0pP1aS2dF3gG4hH5jJ6kK7lL8zX9cV0bN1nM2qW3eR4tT5yU6iI7oO8pP9aS0dF1gG2hH3jJ4kK5lL6zZ7xX8cC9vV0bB1nN2mM3qW4eR5tT6yU7iI8oO9pP0aS1dF2gG3hH4jJ5kK6lL7zZ8xX9cC0vB1nN2mQ3wE4rR5tT6yY7uU8iI9oO0pP1aS2dF3gG4hH5jJ6kK7l4hH5jJ6kK7lL8zX9cV0bN1nM2qW3eR4tT5yU6iI7oO8pP9aS0dF1gG2hH3jJ4kK5lL6zZ7xX8cC9vV0bB1nN2mM3qW4eR5tT6yU7iI8oO9pP0aS1dF2gG3hH4jJ5kK6lL7zZ8xX9cC0vB1nN2mQ3wE4rR5tT6yY7uU8iI9oO0pP1aS2dF3gG4hH5jJ6kK7lL8zX9cV0bN1nM2qW3eR4tT5yU6iI7oO8pP9aS0dF1gG2hH3jJ4kK5lL6zZ7xX8cC9vV0bB1nN2mM3qW4eR5tT6yU7iI8oO9pP0aS1dF2gG3hH4jJ5kK6lL7zZ8xX9cC0vB1nN2mQ3wE4rR5tT6yY7uU8iI9oO0pP1aS2dF3gG4hH5jJ6kK7l4hH5jJ6kK7lL8zX9cV0bN1nM2qW3eR4tT5yU6iI7oO8pP9aS0dF1gG2hH3jJ4kK5lL6zZ7xX8cC9vV0bB1nN2mM3qW4eR5tT6yU7iI8oO9pP0aS1dF2gG3hH4jJ5kK6lL7zZ8xX9cC0vB1nN2mQ3wE4rR5tT6yY7uU8iI9oO0pP1aS2dF3gG4hH5jJ6kK7lL8zX9cV0bN1nM2qW3eR4tT5yU6iI7oO8pP9aS0dF1gG2hH3jJ4kK5lL6zZ7xX8cC9vV0bB1nN2mM3qW4eR5tT6yU7iI8oO9pP0aS1dF2gG3hH4jJ5kK6lL7zZ8xX9cC0vB1nN2mQ3wE4rR5tT6yY7uU8iI9oO0pP1aS2dF3gG4hH5jJ6kK7l4hH5jJ6kK7lL8zX9cV0bN1nM2qW3eR4tT5yU6iI7oO8pP9aS0dF1gG2hH3jJ4kK5lL6zZ7xX8cC9vV0bB1nN2mM3qW4eR5tT6yU7iI8oO9pP0aS1dF2gG3hH4jJ5kK6lL7zZ8xX9cC0vB1nN2mQ3wE4rR5tT6yY7uU8iI9oO0pP1aS2dF3gG4hH5jJ6kK7lL8zX9cV0bN1nM2qW3eR4tT5yU6iI7oO8pP9aS0dF1gG2hH3jJ4kK5lL6zZ7xX8cC9vV0bB1nN2mM3qW4eR5tT6yU7iI8oO9pP0aS1dF2gG3hH4jJ5kK6lL7zZ8xX9cC0vB1nN2mQ3wE4rR5tT6yY7uU8iI9oO0pP1aS2dF3gG4hH5jJ6kK7l4hH5jJ6kK7lL8zX9cV0bN1nM2qW3eR4tT5yU6iI7oO8pP9aS0dF1gG2hH3jJ4kK5lL6zZ7xX8cC9vV0bB1nN2mM3qW4eR5tT6yU7iI8oO9pP0aS1dF2gG3hH4jJ5kK6lL7zZ8xX9cC0vB1nN2mQ3wE4rR5tT6yY7uU8iI9oO0pP1aS2dF3gG4hH5jJ6kK7lL8zX9cV0bN1nM2qW3eR4tT5yU6iI7oO8pP9aS0dF1gG2hH3jJ4kK5lL6zZ7xX8cC9vV0bB1nN2mM3qW4eR5tT6yU7iI8oO9pP0aS1dF2gG3hH4jJ5kK6lL7zZ8xX9cC0vB1nN2mQ3wE4rR5tT6yY7uU8iI9oO0pP1aS2dF3gG4hH5jJ6kK7l4hH5jJ6kK7lL8zX9cV0bN1nM2qW3eR4tT5yU6iI7oO8pP9aS0dF1gG2hH3jJ4kK5lL6zZ7xX8cC9vV0bB1nN2mM3qW4eR5tT6yU7iI8oO9pP0aS1dF2gG3hH4jJ5kK6lL7zZ8xX9cC0vB1nN2mQ3wE4rR5tT6yY7uU8iI9oO0pP1aS2dF3gG4hH5jJ6kK7lL8zX9cV0bN1nM2qW3eR4tT5yU6iI7oO8pP9aS0dF1gG2hH3jJ4kK5lL6zZ7xX8cC9vV0bB1nN2mM3qW4eR5tT6yU7iI8oO9pP0aS1dF2gG3hH4jJ5kK6lL7zZ8xX9cC0vB1nN2mQ3wE4rR5tT6yY7uU8iI9oO0pP1aS2dF3gG4hH5jJ6kK7l4hH5jJ6kK7lL8zX9cV0bN1nM2qW3eR4tT5yU6iI7oO8pP9aS0dF1gG2hH3jJ4kK5lL6zZ7xX8cC9vV0bB1nN2mM3qW4eR5tT6yU7iI8oO9pP0aS1dF2gG3hH4jJ5kK6lL7zZ8xX9cC0vB1nN2mQ3wE4rR5tT6yY7uU8iI9oO0pP1aS2dF3gG4hH5jJ6kK7lL8zX9cV0bN1nM2qW3eR4tT5yU6iI7oO8pP9aS0dF1gG2hH3jJ4kK5lL6zZ7xX8cC9vV0bB1nN2mM3qW4eR5tT6yU7iI8oO9pP0aS1dF2gG3hH4jJ5kK6lL7zZ8xX9cC0vB1nN2mQ3wE4rR5tT6yY7uU8iI9oO0pP1aS2dF3gG4hH5jJ6kK7l4hH5jJ6kK7lL8zX9cV0bN1nM2qW3eR4tT5yU6iI7oO8pP9aS0dF1gG2hH3jJ4kK5lL6z7nB9vR2mX8kLp4QjW3tY5zH1aG6sF9dD0fS8gA7hJ6kL5mN4bV3vC2xZ1oP9iU8uY7tT6rR5eE4wW3qQ2aZ1sX2dC3fV4gB5hN6jM7kL8pO9iU0yT1rE2wQ3aS4dF5gG6hH7jJ8kK9lL0zZ1xX2cC3vV4bB5nN6mM7qQ8wW9eE0rR1tT2yY3uU4iI5oO6pP7aA8sS9dD0fF1gG2hH3jJ4kK5lL6zZ7xX8cC9vV0bB1nN2mM3qW4eR5tT6yU7iI8oO9pP0aS1dF2gG3hH4jJ5kK6lL7zZ8xX9cC0vB1nN2mQ3wE4rR5tT6yY7uU8iI9oO0pP1aS2dF3gG4hH5jJ6kK7lL8zX9cV0bN1nM2qW3eR4tT5yU6iI7oO8pP9aS0dF1gG2hH3jJ4kK5lL6zZ7xX8cC9vV0bB1nN2mM3qW4eR5tT6yU7iI8oO9pP0aS1dF2gG3hH4jJ5kK6lL7zZ8xX9cC0vB1nN2mQ3wE4rR5tT6yY7uU8iI9oO0pP1aS2dF3gG4hH5jJ6kK7lL8zX9cV0bN1nM2qW3eR4tT5yU6iI7oO8pP9aS0dF1gG2hH3jJ4kK5lL6zZ7xX8cC9vV0bB1nN2mM3qW4eR5tT6yU7iI8oO9pP0aS1dF2gG3hH4jJ5kK6lL7zZ8xX9cC0vB1nN2mQ3wE4rR5tT6yY7uU8iI9oO0pP1aS2dF3gG4hH5jJ6kK7lL8zX9cV0bN1nM2qW3eR4tT5yU6iI7oO8pP9aS0dF1gG2hH3jJ4kK5lL6zZ7xX8cC9vV0bB1nN2mM3qW4eR5tT6yU7iI8oO9pP0aS1dF2gG3hH4jJ5kK6lL7zZ8xX9cC0vB1nN2mQ3wE4rR5tT6yY7uU8iI9oO0pP1aS2dF3gG4hH5jJ6kK7lL8zX9cV0bN1nM2qW3eR4tT5yU6iI7oO8pP9aS0dF1gG2hH3jJ4kK5lL6zZ7xX8cC9vV0bB1nN2mM3qW4eR5tT6yU7iI8oO9pP0aS1dF2gG3hH4jJ5kK6lL7zZ8xX9cC0vB1nN2mQ3wE4rR5tT6yY7uU8iI9oO0pP1aS2dF3gG4hH5jJ6kK7l4hH5jJ6kK7lL8zX9cV0bN1nM2qW3eR4tT5yU6iI7oO8pP9aS0dF1gG2hH3jJ4kK5lL6zZ7xX8cC9vV0bB1nN2mM3qW4eR5tT6yU7iI8oO9pP0aS1dF2gG3hH4jJ5kK6lL7zZ8xX9cC0vB1nN2mQ3wE4rR5tT6yY7uU8iI9oO0pP1aS2dF3gG4hH5jJ6kK7lL8zX9cV0bN1nM2qW3eR4tT5yU6iI7oO8pP9aS0dF1gG2hH3jJ4kK5lL6zZ7xX8cC9vV0bB1nN2mM3qW4eR5tT6yU7iI8oO9pP0aS1dF2gG3hH4jJ5kK6lL7zZ8xX9cC0vB1nN2mQ3wE4rR5tT6yY7uU8iI9oO0pP1aS2dF3gG4hH5jJ6kK7l4hH5jJ6kK7lL8zX9cV0bN1nM2qW3eR4tT5yU6iI7oO8pP9aS0dF1gG2hH3jJ4kK5lL6zZ7xX8cC9vV0bB1nN2mM3qW4eR5tT6yU7iI8oO9pP0aS1dF2gG3hH4jJ5kK6lL7zZ8xX9cC0vB1nN2mQ3wE4rR5tT6yY7uU8iI9oO0pP1aS2dF3gG4hH5jJ6kK7lL8zX9cV0bN1nM2qW3eR4tT5yU6iI7oO8pP9aS0dF1gG2hH3jJ4kK5lL6zZ7xX8cC9vV0bB1nN2mM3qW4eR5tT6yU7iI8oO9pP0aS1dF2gG3hH4jJ5kK6lL7zZ8xX9cC0vB1nN2mQ3wE4rR5tT6yY7uU8iI9oO0pP1aS2dF3gG4hH5jJ6kK7l4hH5jJ6kK7lL8zX9cV0bN1nM2qW3eR4tT5yU6iI7oO8pP9aS0dF1gG2hH3jJ4kK5lL6zZ7xX8cC9vV0bB1nN2mM3qW4eR5tT6yU7iI8oO9pP0aS1dF2gG3hH4jJ5kK6lL7zZ8xX9cC0vB1nN2mQ3wE4rR5tT6yY7uU8iI9oO0pP1aS2dF3gG4hH5jJ6kK7lL8zX9cV0bN1nM2qW3eR4tT5yU6iI7oO8pP9aS0dF1gG2hH3jJ4kK5lL6zZ7xX8cC9vV0bB1nN2mM3qW4eR5tT6yU7iI8oO9pP0aS1dF2gG3hH4jJ5kK6lL7zZ8xX9cC0vB1nN2mQ3wE4rR5tT6yY7uU8iI9oO0pP1aS2dF3gG4hH5jJ6kK7l4hH5jJ6kK7lL8zX9cV0bN1nM2qW3eR4tT5yU6iI7oO8pP9aS0dF1gG2hH3jJ4kK5lL6zZ7xX8cC9vV0bB1nN2mM3qW4eR5tT6yU7iI8oO9pP0aS1dF2gG3hH4jJ5kK6lL7zZ8xX9cC0vB1nN2mQ3wE4rR5tT6yY7uU8iI9oO0pP1aS2dF3gG4hH5jJ6kK7lL8zX9cV0bN1nM2qW3eR4tT5yU6iI7oO8pP9aS0dF1gG2hH3jJ4kK5lL6zZ7xX8cC9vV0bB1nN2mM3qW4eR5tT6yU7iI8oO9pP0aS1dF2gG3hH4jJ5kK6lL7zZ8xX9cC0vB1nN2mQ3wE4rR5tT6yY7uU8iI9oO0pP1aS2dF3gG4hH5jJ6kK7l4hH5jJ6kK7lL8zX9cV0bN1nM2qW3eR4tT5yU6iI7oO8pP9aS0dF1gG2hH3jJ4kK5lL6zZ7xX8cC9vV0bB1nN2mM3qW4eR5tT6yU7iI8oO9pP0aS1dF2gG3hH4jJ5kK6lL7zZ8xX9cC0vB1nN2mQ3wE4rR5tT6yY7uU8iI9oO0pP1aS2dF3gG4hH5jJ6kK7lL8zX9cV0bN1nM2qW3eR4tT5yU6iI7oO8pP9aS0dF1gG2hH3jJ4kK5lL6zZ7xX8cC9vV0bB1nN2mM3qW4eR5tT6yU7iI8oO9pP0aS1dF2gG3hH4jJ5kK6lL7zZ8xX9cC0vB1nN2mQ3wE4rR5tT6yY7uU8iI9oO0pP1aS2dF3gG4hH5jJ6kK7l4hH5jJ6kK7lL8zX9cV0bN1nM2qW3eR4tT5yU6iI7oO8pP9aS0dF1gG2hH3jJ4kK5lL6zZ7xX8cC9vV0bB1nN2mM3qW4eR5tT6yU7iI8oO9pP0aS1dF2gG3hH4jJ5kK6lL7zZ8xX9cC0vB1nN2mQ3wE4rR5tT6yY7uU8iI9oO0pP1aS2dF3gG4hH5jJ6kK7lL8zX9cV0bN1nM2qW3eR4tT5yU6iI7oO8pP9aS0dF1gG2hH3jJ4kK5lL6zZ7xX8cC9vV0bB1nN2mM3qW4eR5tT6yU7iI8oO9pP0aS1dF2gG3hH4jJ5kK6lL7zZ8xX9cC0vB1nN2mQ3wE4rR5tT6yY7uU8iI9oO0pP1aS2dF3gG4hH5jJ6kK7l4hH5jJ6kK7lL8zX9cV0bN1nM2qW3eR4tT5yU6iI7oO8pP9aS0dF1gG2hH3jJ4kK5lL6zZ7xX8cC9vV0bB1nN2mM3qW4eR5tT6yU7iI8oO9pP0aS1dF2gG3hH4jJ5kK6lL7zZ8xX9cC0vB1nN2mQ3wE4rR5tT6yY7uU8iI9oO0pP1aS2dF3gG4hH5jJ6kK7lL8zX9cV0bN1nM2qW3eR4tT5yU6iI7oO8pP9aS0dF1gG2hH3jJ4kK5lL6zZ7xX8cC9vV0bB1nN2mM3qW4eR5tT6yU7iI8oO9pP0aS1dF2gG3hH4jJ5kK6lL7zZ8xX9cC0vB1nN2mQ3wE4rR5tT6yY7uU8iI9oO0pP1aS2dF3gG4hH5jJ6kK7l4hH5jJ6kK7lL8zX9cV0bN1nM2qW3eR4tT5yU6iI7oO8pP9aS0dF1gG2hH3jJ4kK5lL6z7nB9vR2mX8kLp4QjW3tY5zH1aG6sF9dD0fS8gA7hJ6kL5mN4bV3vC2xZ1oP9iU8uY7tT6rR5eE4wW3qQ2aZ1sX2dC3fV4gB5hN6jM7kL8pO9iU0yT1rE2wQ3aS4dF5gG6hH7jJ8kK9lL0zZ1xX2cC3vV4bB5nN6mM7qQ8wW9eE0rR1tT2yY3uU4iI5oO6pP7aA8sS9dD0fF1gG2hH3jJ4kK5lL6zZ7xX8cC9vV0bB1nN2mM3qW4eR5tT6yU7iI8oO9pP0aS1dF2gG3hH4jJ5kK6lL7zZ8xX9cC0vB1nN2mQ3wE4rR5tT6yY7uU8iI9oO0pP1aS2dF3gG4hH5jJ6kK7lL8zX9cV0bN1nM2qW3eR4tT5yU6iI7oO8pP9aS0dF1gG2hH3jJ4kK5lL6zZ7xX8cC9vV0bB1nN2mM3qW4eR5tT6yU7iI8oO9pP0aS1dF2gG3hH4jJ5kK6lL7zZ8xX9cC0vB1nN2mQ3wE4rR5tT6yY7uU8iI9oO0pP1aS2dF3gG4hH5jJ6kK7lL8zX9cV0bN1nM2qW3eR4tT5yU6iI7oO8pP9aS0dF1gG2hH3jJ4kK5lL6zZ7xX8cC9vV0bB1nN2mM3qW4eR5tT6yU7iI8oO9pP0aS1dF2gG3hH4jJ5kK6lL7zZ8xX9cC0vB1nN2mQ3wE4rR5tT6yY7uU8iI9oO0pP1aS2dF3gG4hH5jJ6kK7lL8zX9cV0bN1nM2qW3eR4tT5yU6iI7oO8pP9aS0dF1gG2hH3jJ4kK5lL6zZ7xX8cC9vV0bB1nN2mM3qW4eR5tT6yU7iI8oO9pP0aS1dF2gG3hH4jJ5kK6lL7zZ8xX9cC0vB1nN2mQ3wE4rR5tT6yY7uU8iI9oO0pP1aS2dF3gG4hH5jJ6kK7lL8zX9cV0bN1nM2qW3eR4tT5yU6iI7oO8pP9aS0dF1gG2hH3jJ4kK5lL6zZ7xX8cC9vV0bB1nN2mM3qW4eR5tT6yU7iI8oO9pP0aS1dF2gG3hH4jJ5kK6lL7zZ8xX9cC0vB1nN2mQ3wE4rR5tT6yY7uU8iI9oO0pP1aS2dF3gG4hH5jJ6kK7l4hH5jJ6kK7lL8zX9cV0bN1nM2qW3eR4tT5yU6iI7oO8pP9aS0dF1gG2hH3jJ4kK5lL6zZ7xX8cC9vV0bB1nN2mM3qW4eR5tT6yU7iI8oO9pP0aS1dF2gG3hH4jJ5kK6lL7zZ8xX9cC0vB1nN2mQ3wE4rR5tT6yY7uU8iI9oO0pP1aS2dF3gG4hH5jJ6kK7lL8zX9cV0bN1nM2qW3eR4tT5yU6iI7oO8pP9aS0dF1gG2hH3jJ4kK5lL6zZ7xX8cC9vV0bB1nN2mM3qW4eR5tT6yU7iI8oO9pP0aS1dF2gG3hH4jJ5kK6lL7zZ8xX9cC0vB1nN2mQ3wE4rR5tT6yY7uU8iI9oO0pP1aS2dF3gG4hH5jJ6kK7l4hH5jJ6kK7lL8zX9cV0bN1nM2qW3eR4tT5yU6iI7oO8pP9aS0dF1gG2hH3jJ4kK5lL6zZ7xX8cC9vV0bB1nN2mM3qW4eR5tT6yU7iI8oO9pP0aS1dF2gG3hH4jJ5kK6lL7zZ8xX9cC0vB1nN2mQ3wE4rR5tT6yY7uU8iI9oO0pP1aS2dF3gG4hH5jJ6kK7lL8zX9cV0bN1nM2qW3eR4tT5yU6iI7oO8pP9aS0dF1gG2hH3jJ4kK5lL6zZ7xX8cC9vV0bB1nN2mM3qW4eR5tT6yU7iI8oO9pP0aS1dF2gG3hH4jJ5kK6lL7zZ8xX9cC0vB1nN2mQ3wE4rR5tT6yY7uU8iI9oO0pP1aS2dF3gG4hH5jJ6kK7l4hH5jJ6kK7lL8zX9cV0bN1nM2qW3eR4tT5yU6iI7oO8pP9aS0dF1gG2hH3jJ4kK5lL6zZ7xX8cC9vV0bB1nN2mM3qW4eR5tT6yU7iI8oO9pP0aS1dF2gG3hH4jJ5kK6lL7zZ8xX9cC0vB1nN2mQ3wE4rR5tT6yY7uU8iI9oO0pP1aS2dF3gG4hH5jJ6kK7lL8zX9cV0bN1nM2qW3eR4tT5yU6iI7oO8pP9aS0dF1gG2hH3jJ4kK5lL6zZ7xX8cC9vV0bB1nN2mM3qW4eR5tT6yU7iI8oO9pP0aS1dF2gG3hH4jJ5kK6lL7zZ8xX9cC0vB1nN2mQ3wE4rR5tT6yY7uU8iI9oO0pP1aS2dF3gG4hH5jJ6kK7l4hH5jJ6kK7lL8zX9cV0bN1nM2qW3eR4tT5yU6iI7oO8pP9aS0dF1gG2hH3jJ4kK5lL6zZ7xX8cC9vV0bB1nN2mM3qW4eR5tT6yU7iI8oO9pP0aS1dF2gG3hH4jJ5kK6lL7zZ8xX9cC0vB1nN2mQ3wE4rR5tT6yY7uU8iI9oO0pP1aS2dF3gG4hH5jJ6kK7lL8zX9cV0bN1nM2qW3eR4tT5yU6iI7oO8pP9aS0dF1gG2hH3jJ4kK5lL6zZ7xX8cC9vV0bB1nN2mM3qW4eR5tT6yU7iI8oO9pP0aS1dF2gG3hH4jJ5kK6lL7zZ8xX9cC0vB1nN2mQ3wE4rR5tT6yY7uU8iI9oO0pP1aS2dF3gG4hH5jJ6kK7l4hH5jJ6kK7lL8zX9cV0bN1nM2qW3eR4tT5yU6iI7oO8pP9aS0dF1gG2hH3jJ4kK5lL6zZ7xX8cC9vV0bB1nN2mM3qW4eR5tT6yU7iI8oO9pP0aS1dF2gG3hH4jJ5kK6lL7zZ8xX9cC0vB1nN2mQ3wE4rR5tT6yY7uU8iI9oO0pP1aS2dF3gG4hH5jJ6kK7lL8zX9cV0bN1nM2qW3eR4tT5yU6iI7oO8pP9aS0dF1gG2hH3jJ4kK5lL6zZ7xX8cC9vV0bB1nN2mM3qW4eR5tT6yU7iI8oO9pP0aS1dF2gG3hH4jJ5kK6lL7zZ8xX9cC0vB1nN2mQ3wE4rR5tT6yY7uU8iI9oO0pP1aS2dF3gG4hH5jJ6kK7l4hH5jJ6kK7lL8zX9cV0bN1nM2qW3eR4tT5yU6iI7oO8pP9aS0dF1gG2hH3jJ4kK5lL6zZ7xX8cC9vV0bB1nN2mM3qW4eR5tT6yU7iI8oO9pP0aS1dF2gG3hH4jJ5kK6lL7zZ8xX9cC0vB1nN2mQ3wE4rR5tT6yY7uU8iI9oO0pP1aS2dF3gG4hH5jJ6kK7lL8zX9cV0bN1nM2qW3eR4tT5yU6iI7oO8pP9aS0dF1gG2hH3jJ4kK5lL6zZ7xX8cC9vV0bB1nN2mM3qW4eR5tT6yU7iI8oO9pP0aS1dF2gG3hH4jJ5kK6lL7zZ8xX9cC0vB1nN2mQ3wE4rR5tT6yY7uU8iI9oO0pP1aS2dF3gG4hH5jJ6kK7l4hH5jJ6kK7lL8zX9cV0bN1nM2qW3eR4tT5yU6iI7oO8pP9aS0dF1gG2hH3jJ4kK5lL6zZ7xX8cC9vV0bB1nN2mM3qW4eR5tT6yU7iI8oO9pP0aS1dF2gG3hH4jJ5kK6lL7zZ8xX9cC0vB1nN2mQ3wE4rR5tT6yY7uU8iI9oO0pP1aS2dF3gG4hH5jJ6kK7lL8zX9cV0bN1nM2qW3eR4tT5yU6iI7oO8pP9aS0dF1gG2hH3jJ4kK5lL6zZ7xX8cC9vV0bB1nN2mM3qW4eR5tT6yU7iI8oO9pP0aS1dF2gG3hH4jJ5kK6lL7zZ8xX9cC0vB1nN2mQ3wE4rR5tT6yY7uU8iI9oO0pP1aS2dF3gG4hH5jJ6kK7l4hH5jJ6kK7lL8zX9cV0bN1nM2qW3eR4tT5yU6iI7oO8pP9aS0dF1gG2hH3jJ4kK5lL6z7nB9vR2mX8kLp4QjW3tY5zH1aG6sF9dD0fS8gA7hJ6kL5mN4bV3vC2xZ1oP9iU8uY7tT6rR5eE4wW3qQ2aZ1sX2dC3fV4gB5hN6jM7kL8pO9iU0yT1rE2wQ3aS4dF5gG6hH7jJ8kK9lL0zZ1xX2cC3vV4bB5nN6mM7qQ8wW9eE0rR1tT2yY3uU4iI5oO6pP7aA8sS9dD0fF1gG2hH3jJ4kK5lL6zZ7xX8cC9vV0bB1nN2mM3qW4eR5tT6yU7iI8oO9pP0aS1dF2gG3hH4jJ5kK6lL7zZ8xX9cC0vB1nN2mQ3wE4rR5tT6yY7uU8iI9oO0pP1aS2dF3gG4hH5jJ6kK7lL8zX9cV0bN1nM2qW3eR4tT5yU6iI7oO8pP9aS0dF1gG2hH3jJ4kK5lL6zZ7xX8cC9vV0bB1nN2mM3qW4eR5tT6yU7iI8oO9pP0aS1dF2gG3hH4jJ5kK6lL7zZ8xX9cC0vB1nN2mQ3wE4rR5tT6yY7uU8iI9oO0pP1aS2dF3gG4hH5jJ6kK7lL8zX9cV0bN1nM2qW3eR4tT5yU6iI7oO8pP9aS0dF1gG2hH3jJ4kK5lL6zZ7xX8cC9vV0bB1nN2mM3qW4eR5tT6yU7iI8oO9pP0aS1dF2gG3hH4jJ5kK6lL7zZ8xX9cC0vB1nN2mQ3wE4rR5tT6yY7uU8iI9oO0pP1aS2dF3gG4hH5jJ6kK7lL8zX9cV0bN1nM2qW3eR4tT5yU6iI7oO8pP9aS0dF1gG2hH3jJ4kK5lL6zZ7xX8cC9vV0bB1nN2mM3qW4eR5tT6yU7iI8oO9pP0aS1dF2gG3hH4jJ5kK6lL7zZ8xX9cC0vB1nN2mQ3wE4rR5tT6yY7uU8iI9oO0pP1aS2dF3gG4hH5jJ6kK7lL8zX9cV0bN1nM2qW3eR4tT5yU6iI7oO8pP9aS0dF1gG2hH3jJ4kK5lL6zZ7xX8cC9vV0bB1nN2mM3qW4eR5tT6yU7iI8oO9pP0aS1dF2gG3hH4jJ5kK6lL7zZ8xX9cC0vB1nN2mQ3wE4rR5tT6yY7uU8iI9oO0pP1aS2dF3gG4hH5jJ6kK7l4hH5jJ6kK7lL8zX9cV0bN1nM2qW3eR4tT5yU6iI7oO8pP9aS0dF1gG2hH3jJ4kK5lL6zZ7xX8cC9vV0bB1nN2mM3qW4eR5tT6yU7iI8oO9pP0aS1dF2gG3hH4jJ5kK6lL7zZ8xX9cC0vB1nN2mQ3wE4rR5tT6yY7uU8iI9oO0pP1aS2dF3gG4hH5jJ6kK7lL8zX9cV0bN1nM2qW3eR4tT5yU6iI7oO8pP9aS0dF1gG2hH3jJ4kK5lL6zZ7xX8cC9vV0bB1nN2mM3qW4eR5tT6yU7iI8oO9pP0aS1dF2gG3hH4jJ5kK6lL7zZ8xX9cC0vB1nN2mQ3wE4rR5tT6yY7uU8iI9oO0pP1aS2dF3gG4hH5jJ6kK7l4hH5jJ6kK7lL8zX9cV0bN1nM2qW3eR4tT5yU6iI7oO8pP9aS0dF1gG2hH3jJ4kK5lL6zZ7xX8cC9vV0bB1nN2mM3qW4eR5tT6yU7iI8oO9pP0aS1dF2gG3hH4jJ5kK6lL7zZ8xX9cC0vB1nN2mQ3wE4rR5tT6yY7uU8iI9oO0pP1aS2dF3gG4hH5jJ6kK7lL8zX9cV0bN1nM2qW3eR4tT5yU6iI7oO8pP9aS0dF1gG2hH3jJ4kK5lL6zZ7xX8cC9vV0bB1nN2mM3qW4eR5tT6yU7iI8oO9pP0aS1dF2gG3hH4jJ5kK6lL7zZ8xX9cC0vB1nN2mQ3wE4rR5tT6yY7uU8iI9oO0pP1aS2dF3gG4hH5jJ6kK7l4hH5jJ6kK7lL8zX9cV0bN1nM2qW3eR4tT5yU6iI7oO8pP9aS0dF1gG2hH3jJ4kK5lL6zZ7xX8cC9vV0bB1nN2mM3qW4eR5tT6yU7iI8oO9pP0aS1dF2gG3hH4jJ5kK6lL7zZ8xX9cC0vB1nN2mQ3wE4rR5tT6yY7uU8iI9oO0pP1aS2dF3gG4hH5jJ6kK7lL8zX9cV0bN1nM2qW3eR4tT5yU6iI7oO8pP9aS0dF1gG2hH3jJ4kK5lL6zZ7xX8cC9vV0bB1nN2mM3qW4eR5tT6yU7iI8oO9pP0aS1dF2gG3hH4jJ5kK6lL7zZ8xX9cC0vB1nN2mQ3wE4rR5tT6yY7uU8iI9oO0pP1aS2dF3gG4hH5jJ6kK7l4hH5jJ6kK7lL8zX9cV0bN1nM2qW3eR4tT5yU6iI7oO8pP9aS0dF1gG2hH3jJ4kK5lL6zZ7xX8cC9vV0bB1nN2mM3qW4eR5tT6yU7iI8oO9pP0aS1dF2gG3hH4jJ5kK6lL7zZ8xX9cC0vB1nN2mQ3wE4rR5tT6yY7uU8iI9oO0pP1aS2dF3gG4hH5jJ6kK7lL8zX9cV0bN1nM2qW3eR4tT5yU6iI7oO8pP9aS0dF1gG2hH3jJ4kK5lL6zZ7xX8cC9vV0bB1nN2mM3qW4eR5tT6yU7iI8oO9pP0aS1dF2gG3hH4jJ5kK6lL7zZ8xX9cC0vB1nN2mQ3wE4rR5tT6yY7uU8iI9oO0pP1aS2dF3gG4hH5jJ6kK7l4hH5jJ6kK7lL8zX9cV0bN1nM2qW3eR4tT5yU6iI7oO8pP9aS0dF1gG2hH3jJ4kK5lL6zZ7xX8cC9vV0bB1nN2mM3qW4eR5tT6yU7iI8oO9pP0aS1dF2gG3hH4jJ5kK6lL7zZ8xX9cC0vB1nN2mQ3wE4rR5tT6yY7uU8iI9oO0pP1aS2dF3gG4hH5jJ6kK7lL8zX9cV0bN1nM2qW3eR4tT5yU6iI7oO8pP9aS0dF1gG2hH3jJ4kK5lL6zZ7xX8cC9vV0bB1nN2mM3qW4eR5tT6yU7iI8oO9pP0aS1dF2gG3hH4jJ5kK6lL7zZ8xX9cC0vB1nN2mQ3wE4rR5tT6yY7uU8iI9oO0pP1aS2dF3gG4hH5jJ6kK7l4hH5jJ6kK7lL8zX9cV0bN1nM2qW3eR4tT5yU6iI7oO8pP9aS0dF1gG2hH3jJ4kK5lL6zZ7xX8cC9vV0bB1nN2mM3qW4eR5tT6yU7iI8oO9pP0aS1dF2gG3hH4jJ5kK6lL7zZ8xX9cC0vB1nN2mQ3wE4rR5tT6yY7uU8iI9oO0pP1aS2dF3gG4hH5jJ6kK7lL8zX9cV0bN1nM2qW3eR4tT5yU6iI7oO8pP9aS0dF1gG2hH3jJ4kK5lL6zZ7xX8cC9vV0bB1nN2mM3qW4eR5tT6yU7iI8oO9pP0aS1dF2gG3hH4jJ5kK6lL7zZ8xX9cC0vB1nN2mQ3wE4rR5tT6yY7uU8iI9oO0pP1aS2dF3gG4hH5jJ6kK7l4hH5jJ6kK7lL8zX9cV0bN1nM2qW3eR4tT5yU6iI7oO8pP9aS0dF1gG2hH3jJ4kK5lL6zZ7xX8cC9vV0bB1nN2mM3qW4eR5tT6yU7iI8oO9pP0aS1dF2gG3hH4jJ5kK6lL7zZ8xX9cC0vB1nN2mQ3wE4rR5tT6yY7uU8iI9oO0pP1aS2dF3gG4hH5jJ6kK7lL8zX9cV0bN1nM2qW3eR4tT5yU6iI7oO8pP9aS0dF1gG2hH3jJ4kK5lL6zZ7xX8cC9vV0bB1nN2mM3qW4eR5tT6yU7iI8oO9pP0aS1dF2gG3hH4jJ5kK6lL7zZ8xX9cC0vB1nN2mQ3wE4rR5tT6yY7uU8iI9oO0pP1aS2dF3gG4hH5jJ6kK7l4hH5jJ6kK7lL8zX9cV0bN1nM2qW3eR4tT5yU6iI7oO8pP9aS0dF1gG2hH3jJ4kK5lL6z7nB9vR2mX8kLp4QjW3tY5zH1aG6sF9dD0fS8gA7hJ6kL5mN4bV3vC2xZ1oP9iU8uY7tT6rR5eE4wW3qQ2aZ1sX2dC3fV4gB5hN6jM7kL8pO9iU0yT1rE2wQ3aS4dF5gG6hH7jJ8kK9lL0zZ1xX2cC3vV4bB5nN6mM7qQ8wW9eE0rR1tT2yY3uU4iI5oO6pP7aA8sS9dD0fF1gG2hH3jJ4kK5lL6zZ7xX8cC9vV0bB1nN2mM3qW4eR5tT6yU7iI8oO9pP0aS1dF2gG3hH4jJ5kK6lL7zZ8xX9cC0vB1nN2mQ3wE4rR5tT6yY7uU8iI9oO0pP1aS2dF3gG4hH5jJ6kK7lL8zX9cV0bN1nM2qW3eR4tT5yU6iI7oO8pP9aS0dF1gG2hH3jJ4kK5lL6zZ7xX8cC9vV0bB1nN2mM3qW4eR5tT6yU7iI8oO9pP0aS1dF2gG3hH4jJ5kK6lL7zZ8xX9cC0vB1nN2mQ3wE4rR5tT6yY7uU8iI9oO0pP1aS2dF3gG4hH5jJ6kK7lL8zX9cV0bN1nM2qW3eR4tT5yU6iI7oO8pP9aS0dF1gG2hH3jJ4kK5lL6zZ7xX8cC9vV0bB1nN2mM3qW4eR5tT6yU7iI8oO9pP0aS1dF2gG3hH4jJ5kK6lL7zZ8xX9cC0vB1nN2mQ3wE4rR5tT6yY7uU8iI9oO0pP1aS2dF3gG4hH5jJ6kK7lL8zX9cV0bN1nM2qW3eR4tT5yU6iI7oO8pP9aS0dF1gG2hH3jJ4kK5lL6zZ7xX8cC9vV0bB1nN2mM3qW4eR5tT6yU7iI8oO9pP0aS1dF2gG3hH4jJ5kK6lL7zZ8xX9cC0vB1nN2mQ3wE4rR5tT6yY7uU8iI9oO0pP1aS2dF3gG4hH5jJ6kK7lL8zX9cV0bN1nM2qW3eR4tT5yU6iI7oO8pP9aS0dF1gG2hH3jJ4kK5lL6zZ7xX8cC9vV0bB1nN2mM3qW4eR5tT6yU7iI8oO9pP0aS1dF2gG3hH4jJ5kK6lL7zZ8xX9cC0vB1nN2mQ3wE4rR5tT6yY7uU8iI9oO0pP1aS2dF3gG4hH5jJ6kK7l4hH5jJ6kK7lL8zX9cV0bN1nM2qW3eR4tT5yU6iI7oO8pP9aS0dF1gG2hH3jJ4kK5lL6zZ7xX8cC9vV0bB1nN2mM3qW4eR5tT6yU7iI8oO9pP0aS1dF2gG3hH4jJ5kK6lL7zZ8xX9cC0vB1nN2mQ3wE4rR5tT6yY7uU8iI9oO0pP1aS2dF3gG4hH5jJ6kK7lL8zX9cV0bN1nM2qW3eR4tT5yU6iI7oO8pP9aS0dF1gG2hH3jJ4kK5lL6zZ7xX8cC9vV0bB1nN2mM3qW4eR5tT6yU7iI8oO9pP0aS1dF2gG3hH4jJ5kK6lL7zZ8xX9cC0vB1nN2mQ3wE4rR5tT6yY7uU8iI9oO0pP1aS2dF3gG4hH5jJ6kK7l4hH5jJ6kK7lL8zX9cV0bN1nM2qW3eR4tT5yU6iI7oO8pP9aS0dF1gG2hH3jJ4kK5lL6zZ7xX8cC9vV0bB1nN2mM3qW4eR5tT6yU7iI8oO9pP0aS1dF2gG3hH4jJ5kK6lL7zZ8xX9cC0vB1nN2mQ3wE4rR5tT6yY7uU8iI9oO0pP1aS2dF3gG4hH5jJ6kK7lL8zX9cV0bN1nM2qW3eR4tT5yU6iI7oO8pP9aS0dF1gG2hH3jJ4kK5lL6zZ7xX8cC9vV0bB1nN2mM3qW4eR5tT6yU7iI8oO9pP0aS1dF2gG3hH4jJ5kK6lL7zZ8xX9cC0vB1nN2mQ3wE4rR5tT6yY7uU8iI9oO0pP1aS2dF3gG4hH5jJ6kK7l4hH5jJ6kK7lL8zX9cV0bN1nM2qW3eR4tT5yU6iI7oO8pP9aS0dF1gG2hH3jJ4kK5lL6zZ7xX8cC9vV0bB1nN2mM3qW4eR5tT6yU7iI8oO9pP0aS1dF2gG3hH4jJ5kK6lL7zZ8xX9cC0vB1nN2mQ3wE4rR5tT6yY7uU8iI9oO0pP1aS2dF3gG4hH5jJ6kK7lL8zX9cV0bN1nM2qW3eR4tT5yU6iI7oO8pP9aS0dF1gG2hH3jJ4kK5lL6zZ7xX8cC9vV0bB1nN2mM3qW4eR5tT6yU7iI8oO9pP0aS1dF2gG3hH4jJ5kK6lL7zZ8xX9cC0vB1nN2mQ3wE4rR5tT6yY7uU8iI9oO0pP1aS2dF3gG4hH5jJ6kK7l4hH5jJ6kK7lL8zX9cV0bN1nM2qW3eR4tT5yU6iI7oO8pP9aS0dF1gG2hH3jJ4kK5lL6zZ7xX8cC9vV0bB1nN2mM3qW4eR5tT6yU7iI8oO9pP0aS1dF2gG3hH4jJ5kK6lL7zZ8xX9cC0vB1nN2mQ3wE4rR5tT6yY7uU8iI9oO0pP1aS2dF3gG4hH5jJ6kK7lL8zX9cV0bN1nM2qW3eR4tT5yU6iI7oO8pP9aS0dF1gG2hH3jJ4kK5lL6zZ7xX8cC9vV0bB1nN2mM3qW4eR5tT6yU7iI8oO9pP0aS1dF2gG3hH4jJ5kK6lL7zZ8xX9cC0vB1nN2mQ3wE4rR5tT6yY7uU8iI9oO0pP1aS2dF3gG4hH5jJ6kK7l4hH5jJ6kK7lL8zX9cV0bN1nM2qW3eR4tT5yU6iI7oO8pP9aS0dF1gG2hH3jJ4kK5lL6zZ7xX8cC9vV0bB1nN2mM3qW4eR5tT6yU7iI8oO9pP0aS1dF2gG3hH4jJ5kK6lL7zZ8xX9cC0vB1nN2mQ3wE4rR5tT6yY7uU8iI9oO0pP1aS2dF3gG4hH5jJ6kK7lL8zX9cV0bN1nM2qW3eR4tT5yU6iI7oO8pP9aS0dF1gG2hH3jJ4kK5lL6zZ7xX8cC9vV0bB1nN2mM3qW4eR5tT6yU7iI8oO9pP0aS1dF2gG3hH4jJ5kK6lL7zZ8xX9cC0vB1nN2mQ3wE4rR5tT6yY7uU8iI9oO0pP1aS2dF3gG4hH5jJ6kK7l4hH5jJ6kK7lL8zX9cV0bN1nM2qW3eR4tT5yU6iI7oO8pP9aS0dF1gG2hH3jJ4kK5lL6zZ7xX8cC9vV0bB1nN2mM3qW4eR5tT6yU7iI8oO9pP0aS1dF2gG3hH4jJ5kK6lL7zZ8xX9cC0vB1nN2mQ3wE4rR5tT6yY7uU8iI9oO0pP1aS2dF3gG4hH5jJ6kK7lL8zX9cV0bN1nM2qW3eR4tT5yU6iI7oO8pP9aS0dF1gG2hH3jJ4kK5lL6zZ7xX8cC9vV0bB1nN2mM3qW4eR5tT6yU7iI8oO9pP0aS1dF2gG3hH4jJ5kK6lL7zZ8xX9cC0vB1nN2mQ3wE4rR5tT6yY7uU8iI9oO0pP1aS2dF3gG4hH5jJ6kK7l4hH5jJ6kK7lL8zX9cV0bN1nM2qW3eR4tT5yU6iI7oO8pP9aS0dF1gG2hH3jJ4kK5lL6zZ7xX8cC9vV0bB1nN2mM3qW4eR5tT6yU7iI8oO9pP0aS1dF2gG3hH4jJ5kK6lL7zZ8xX9cC0vB1nN2mQ3wE4rR5tT6yY7uU8iI9oO0pP1aS2dF3gG4hH5jJ6kK7lL8zX9cV0bN1nM2qW3eR4tT5yU6iI7oO8pP9aS0dF1gG2hH3jJ4kK5lL6zZ7xX8cC9vV0bB1nN2mM3qW4eR5tT6yU7iI8oO9pP0aS1dF2gG3hH4jJ5kK6lL7zZ8xX9cC0vB1nN2mQ3wE4rR5tT6yY7uU8iI9oO0pP1aS2dF3gG4hH5jJ6kK7l4hH5jJ6kK7lL8zX9cV0bN1nM2qW3eR4tT5yU6iI7oO8pP9aS0dF1gG2hH3jJ4kK5lL6z7nB9vR2mX8kLp4QjW3tY5zH1aG6sF9dD0fS8gA7hJ6kL5mN4bV3vC2xZ1oP9iU8uY7tT6rR5eE4wW3qQ2aZ1sX2dC3fV4gB5hN6jM7kL8pO9iU0yT1rE2wQ3aS4dF5gG6hH7jJ8kK9lL0zZ1xX2cC3vV4bB5nN6mM7qQ8wW9eE0rR1tT2yY3uU4iI5oO6pP7aA8sS9dD0fF1gG2hH3jJ4kK5lL6zZ7xX8cC9vV0bB1nN2mM3qW4eR5tT6yU7iI8oO9pP0aS1dF2gG3hH4jJ5kK6lL7zZ8xX9cC0vB1nN2mQ3wE4rR5tT6yY7uU8iI9oO0pP1aS2dF3gG4hH5jJ6kK7lL8zX9cV0bN1nM2qW3eR4tT5yU6iI7oO8pP9aS0dF1gG2hH3jJ4kK5lL6zZ7xX8cC9vV0bB1nN2mM3qW4eR5tT6yU7iI8oO9pP0aS1dF2gG3hH4jJ5kK6lL7zZ8xX9cC0vB1nN2mQ3wE4rR5tT6yY7uU8iI9oO0pP1aS2dF3gG4hH5jJ6kK7lL8zX9cV0bN1nM2qW3eR4tT5yU6iI7oO8pP9aS0dF1gG2hH3jJ4kK5lL6zZ7xX8cC9vV0bB1nN2mM3qW4eR5tT6yU7iI8oO9pP0aS1dF2gG3hH4jJ5kK6lL7zZ8xX9cC0vB1nN2mQ3wE4rR5tT6yY7uU8iI9oO0pP1aS2dF3gG4hH5jJ6kK7lL8zX9cV0bN1nM2qW3eR4tT5yU6iI7oO8pP9aS0dF1gG2hH3jJ4kK5lL6zZ7xX8cC9vV0bB1nN2mM3qW4eR5tT6yU7iI8oO9pP0aS1dF2gG3hH4jJ5kK6lL7zZ8xX9cC0vB1nN2mQ3wE4rR5tT6yY7uU8iI9oO0pP1aS2dF3gG4hH5jJ6kK7lL8zX9cV0bN1nM2qW3eR4tT5yU6iI7oO8pP9aS0dF1gG2hH3jJ4kK5lL6zZ7xX8cC9vV0bB1nN2mM3qW4eR5tT6yU7iI8oO9pP0aS1dF2gG3hH4jJ5kK6lL7zZ8xX9cC0vB1nN2mQ3wE4rR5tT6yY7uU8iI9oO0pP1aS2dF3gG4hH5jJ6kK7l4hH5jJ6kK7lL8zX9cV0bN1nM2qW3eR4tT5yU6iI7oO8pP9aS0dF1gG2hH3jJ4kK5lL6zZ7xX8cC9vV0bB1nN2mM3qW4eR5tT6yU7iI8oO9pP0aS1dF2gG3hH4jJ5kK6lL7zZ8xX9cC0vB1nN2mQ3wE4rR5tT6yY7uU8iI9oO0pP1aS2dF3gG4hH5jJ6kK7lL8zX9cV0bN1nM2qW3eR4tT5yU6iI7oO8pP9aS0dF1gG2hH3jJ4kK5lL6zZ7xX8cC9vV0bB1nN2mM3qW4eR5tT6yU7iI8oO9pP0aS1dF2gG3hH4jJ5kK6lL7zZ8xX9cC0vB1nN2mQ3wE4rR5tT6yY7uU8iI9oO0pP1aS2dF3gG4hH5jJ6kK7l4hH5jJ6kK7lL8zX9cV0bN1nM2qW3eR4tT5yU6iI7oO8pP9aS0dF1gG2hH3jJ4kK5lL6zZ7xX8cC9vV0bB1nN2mM3qW4eR5tT6yU7iI8oO9pP0aS1dF2gG3hH4jJ5kK6lL7zZ8xX9cC0vB1nN2mQ3wE4rR5tT6yY7uU8iI9oO0pP1aS2dF3gG4hH5jJ6kK7lL8zX9cV0bN1nM2qW3eR4tT5yU6iI7oO8pP9aS0dF1gG2hH3jJ4kK5lL6zZ7xX8cC9vV0bB1nN2mM3qW4eR5tT6yU7iI8oO9pP0aS1dF2gG3hH4jJ5kK6lL7zZ8xX9cC0vB1nN2mQ3wE4rR5tT6yY7uU8iI9oO0pP1aS2dF3gG4hH5jJ6kK7l4hH5jJ6kK7lL8zX9cV0bN1nM2qW3eR4tT5yU6iI7oO8pP9aS0dF1gG2hH3jJ4kK5lL6zZ7xX8cC9vV0bB1nN2mM3qW4eR5tT6yU7iI8oO9pP0aS1dF2gG3hH4jJ5kK6lL7zZ8xX9cC0vB1nN2mQ3wE4rR5tT6yY7uU8iI9oO0pP1aS2dF3gG4hH5jJ6kK7lL8zX9cV0bN1nM2qW3eR4tT5yU6iI7oO8pP9aS0dF1gG2hH3jJ4kK5lL6zZ7xX8cC9vV0bB1nN2mM3qW4eR5tT6yU7iI8oO9pP0aS1dF2gG3hH4jJ5kK6lL7zZ8xX9cC0vB1nN2mQ3wE4rR5tT6yY7uU8iI9oO0pP1aS2dF3gG4hH5jJ6kK7l4hH5jJ6kK7lL8zX9cV0bN1nM2qW3eR4tT5yU6iI7oO8pP9aS0dF1gG2hH3jJ4kK5lL6zZ7xX8cC9vV0bB1nN2mM3qW4eR5tT6yU7iI8oO9pP0aS1dF2gG3hH4jJ5kK6lL7zZ8xX9cC0vB1nN2mQ3wE4rR5tT6yY7uU8iI9oO0pP1aS2dF3gG4hH5jJ6kK7lL8zX9cV0bN1nM2qW3eR4tT5yU6iI7oO8pP9aS0dF1gG2hH3jJ4kK5lL6zZ7xX8cC9vV0bB1nN2mM3qW4eR5tT6yU7iI8oO9pP0aS1dF2gG3hH4jJ5kK6lL7zZ8xX9cC0vB1nN2mQ3wE4rR5tT6yY7uU8iI9oO0pP1aS2dF3gG4hH5jJ6kK7l4hH5jJ6kK7lL8zX9cV0bN1nM2qW3eR4tT5yU6iI7oO8pP9aS0dF1gG2hH3jJ4kK5lL6zZ7xX8cC9vV0bB1nN2mM3qW4eR5tT6yU7iI8oO9pP0aS1dF2gG3hH4jJ5kK6lL7zZ8xX9cC0vB1nN2mQ3wE4rR5tT6yY7uU8iI9oO0pP1aS2dF3gG4hH5jJ6kK7lL8zX9cV0bN1nM2qW3eR4tT5yU6iI7oO8pP9aS0dF1gG2hH3jJ4kK5lL6zZ7xX8cC9vV0bB1nN2mM3qW4eR5tT6yU7iI8oO9pP0aS1dF2gG3hH4jJ5kK6lL7zZ8xX9cC0vB1nN2mQ3wE4rR5tT6yY7uU8iI9oO0pP1aS2dF3gG4hH5jJ6kK7l4hH5jJ6kK7lL8zX9cV0bN1nM2qW3eR4tT5yU6iI7oO8pP9aS0dF1gG2hH3jJ4kK5lL6zZ7xX8cC9vV0bB1nN2mM3qW4eR5tT6yU7iI8oO9pP0aS1dF2gG3hH4jJ5kK6lL7zZ8xX9cC0vB1nN2mQ3wE4rR5tT6yY7uU8iI9oO0pP1aS2dF3gG4hH5jJ6kK7lL8zX9cV0bN1nM2qW3eR4tT5yU6iI7oO8pP9aS0dF1gG2hH3jJ4kK5lL6zZ7xX8cC9vV0bB1nN2mM3qW4eR5tT6yU7iI8oO9pP0aS1dF2gG3hH4jJ5kK6lL7zZ8xX9cC0vB1nN2mQ3wE4rR5tT6yY7uU8iI9oO0pP1aS2dF3gG4hH5jJ6kK7l4hH5jJ6kK7lL8zX9cV0bN1nM2qW3eR4tT5yU6iI7oO8pP9aS0dF1gG2hH3jJ4kK5lL6zZ7xX8cC9vV0bB1nN2mM3qW4eR5tT6yU7iI8oO9pP0aS1dF2gG3hH4jJ5kK6lL7zZ8xX9cC0vB1nN2mQ3wE4rR5tT6yY7uU8iI9oO0pP1aS2dF3gG4hH5jJ6kK7lL8zX9cV0bN1nM2qW3eR4tT5yU6iI7oO8pP9aS0dF1gG2hH3jJ4kK5lL6zZ7xX8cC9vV0bB1nN2mM3qW4eR5tT6yU7iI8oO9pP0aS1dF2gG3hH4jJ5kK6lL7zZ8xX9cC0vB1nN2mQ3wE4rR5tT6yY7uU8iI9oO0pP1aS2dF3gG4hH5jJ6kK7l4hH5jJ6kK7lL8zX9cV0bN1nM2qW3eR4tT5yU6iI7oO8pP9aS0dF1gG2hH3jJ4kK5lL6z7nB9vR2mX8kLp4QjW3tY5zH1aG6sF9dD0fS8gA7hJ6kL5mN4bV3vC2xZ1oP9iU8uY7tT6rR5eE4wW3qQ2aZ1sX2dC3fV4gB5hN6jM7kL8pO9iU0yT1rE2wQ3aS4dF5gG6hH7jJ8kK9lL0zZ1xX2cC3vV4bB5nN6mM7qQ8wW9eE0rR1tT2yY3uU4iI5oO6pP7aA8sS9dD0fF1gG2hH3jJ4kK5lL6zZ7xX8cC9vV0bB1nN2mM3qW4eR5tT6yU7iI8oO9pP0aS1dF2gG3hH4jJ5kK6lL7zZ8xX9cC0vB1nN2mQ3wE4rR5tT6yY7uU8iI9oO0pP1aS2dF3gG4hH5jJ6kK7lL8zX9cV0bN1nM2qW3eR4tT5yU6iI7oO8pP9aS0dF1gG2hH3jJ4kK5lL6zZ7xX8cC9vV0bB1nN2mM3qW4eR5tT6yU7iI8oO9pP0aS1dF2gG3hH4jJ5kK6lL7zZ8xX9cC0vB1nN2mQ3wE4rR5tT6yY7uU8iI9oO0pP1aS2dF3gG4hH5jJ6kK7lL8zX9cV0bN1nM2qW3eR4tT5yU6iI7oO8pP9aS0dF1gG2hH3jJ4kK5lL6zZ7xX8cC9vV0bB1nN2mM3qW4eR5tT6yU7iI8oO9pP0aS1dF2gG3hH4jJ5kK6lL7zZ8xX9cC0vB1nN2mQ3wE4rR5tT6yY7uU8iI9oO0pP1aS2dF3gG4hH5jJ6kK7lL8zX9cV0bN1nM2qW3eR4tT5yU6iI7oO8pP9aS0dF1gG2hH3jJ4kK5lL6zZ7xX8cC9vV0bB1nN2mM3qW4eR5tT6yU7iI8oO9pP0aS1dF2gG3hH4jJ5kK6lL7zZ8xX9cC0vB1nN2mQ3wE4rR5tT6yY7uU8iI9oO0pP1aS2dF3gG4hH5jJ6kK7lL8zX9cV0bN1nM2qW3eR4tT5yU6iI7oO8pP9aS0dF1gG2hH3jJ4kK5lL6zZ7xX8cC9vV0bB1nN2mM3qW4eR5tT6yU7iI8oO9pP0aS1dF2gG3hH4jJ5kK6lL7zZ8xX9cC0vB1nN2mQ3wE4rR5tT6yY7uU8iI9oO0pP1aS2dF3gG4hH5jJ6kK7l4hH5jJ6kK7lL8zX9cV0bN1nM2qW3eR4tT5yU6iI7oO8pP9aS0dF1gG2hH3jJ4kK5lL6zZ7xX8cC9vV0bB1nN2mM3qW4eR5tT6yU7iI8oO9pP0aS1dF2gG3hH4jJ5kK6lL7zZ8xX9cC0vB1nN2mQ3wE4rR5tT6yY7uU8iI9oO0pP1aS2dF3gG4hH5jJ6kK7lL8zX9cV0bN1nM2qW3eR4tT5yU6iI7oO8pP9aS0dF1gG2hH3jJ4kK5lL6zZ7xX8cC9vV0bB1nN2mM3qW4eR5tT6yU7iI8oO9pP0aS1dF2gG3hH4jJ5kK6lL7zZ8xX9cC0vB1nN2mQ3wE4rR5tT6yY7uU8iI9oO0pP1aS2dF3gG4hH5jJ6kK7l4hH5jJ6kK7lL8zX9cV0bN1nM2qW3eR4tT5yU6iI7oO8pP9aS0dF1gG2hH3jJ4kK5lL6zZ7xX8cC9vV0bB1nN2mM3qW4eR5tT6yU7iI8oO9pP0aS1dF2gG3hH4jJ5kK6lL7zZ8xX9cC0vB1nN2mQ3wE4rR5tT6yY7uU8iI9oO0pP1aS2dF3gG4hH5jJ6kK7lL8zX9cV0bN1nM2qW3eR4tT5yU6iI7oO8pP9aS0dF1gG2hH3jJ4kK5lL6zZ7xX8cC9vV0bB1nN2mM3qW4eR5tT6yU7iI8oO9pP0aS1dF2gG3hH4jJ5kK6lL7zZ8xX9cC0vB1nN2mQ3wE4rR5tT6yY7uU8iI9oO0pP1aS2dF3gG4hH5jJ6kK7l4hH5jJ6kK7lL8zX9cV0bN1nM2qW3eR4tT5yU6iI7oO8pP9aS0dF1gG2hH3jJ4kK5lL6zZ7xX8cC9vV0bB1nN2mM3qW4eR5tT6yU7iI8oO9pP0aS1dF2gG3hH4jJ5kK6lL7zZ8xX9cC0vB1nN2mQ3wE4rR5tT6yY7uU8iI9oO0pP1aS2dF3gG4hH5jJ6kK7lL8zX9cV0bN1nM2qW3eR4tT5yU6iI7oO8pP9aS0dF1gG2hH3jJ4kK5lL6zZ7xX8cC9vV0bB1nN2mM3qW4eR5tT6yU7iI8oO9pP0aS1dF2gG3hH4jJ5kK6lL7zZ8xX9cC0vB1nN2mQ3wE4rR5tT6yY7uU8iI9oO0pP1aS2dF3gG4hH5jJ6kK7l4hH5jJ6kK7lL8zX9cV0bN1nM2qW3eR4tT5yU6iI7oO8pP9aS0dF1gG2hH3jJ4kK5lL6zZ7xX8cC9vV0bB1nN2mM3qW4eR5tT6yU7iI8oO9pP0aS1dF2gG3hH4jJ5kK6lL7zZ8xX9cC0vB1nN2mQ3wE4rR5tT6yY7uU8iI9oO0pP1aS2dF3gG4hH5jJ6kK7lL8zX9cV0bN1nM2qW3eR4tT5yU6iI7oO8pP9aS0dF1gG2hH3jJ4kK5lL6zZ7xX8cC9vV0bB1nN2mM3qW4eR5tT6yU7iI8oO9pP0aS1dF2gG3hH4jJ5kK6lL7zZ8xX9cC0vB1nN2mQ3wE4rR5tT6yY7uU8iI9oO0pP1aS2dF3gG4hH5jJ6kK7l4hH5jJ6kK7lL8zX9cV0bN1nM2qW3eR4tT5yU6iI7oO8pP9aS0dF1gG2hH3jJ4kK5lL6zZ7xX8cC9vV0bB1nN2mM3qW4eR5tT6yU7iI8oO9pP0aS1dF2gG3hH4jJ5kK6lL7zZ8xX9cC0vB1nN2mQ3wE4rR5tT6yY7uU8iI9oO0pP1aS2dF3gG4hH5jJ6kK7lL8zX9cV0bN1nM2qW3eR4tT5yU6iI7oO8pP9aS0dF1gG2hH3jJ4kK5lL6zZ7xX8cC9vV0bB1nN2mM3qW4eR5tT6yU7iI8oO9pP0aS1dF2gG3hH4jJ5kK6lL7zZ8xX9cC0vB1nN2mQ3wE4rR5tT6yY7uU8iI9oO0pP1aS2dF3gG4hH5jJ6kK7l4hH5jJ6kK7lL8zX9cV0bN1nM2qW3eR4tT5yU6iI7oO8pP9aS0dF1gG2hH3jJ4kK5lL6zZ7xX8cC9vV0bB1nN2mM3qW4eR5tT6yU7iI8oO9pP0aS1dF2gG3hH4jJ5kK6lL7zZ8xX9cC0vB1nN2mQ3wE4rR5tT6yY7uU8iI9oO0pP1aS2dF3gG4hH5jJ6kK7lL8zX9cV0bN1nM2qW3eR4tT5yU6iI7oO8pP9aS0dF1gG2hH3jJ4kK5lL6zZ7xX8cC9vV0bB1nN2mM3qW4eR5tT6yU7iI8oO9pP0aS1dF2gG3hH4jJ5kK6lL7zZ8xX9cC0vB1nN2mQ3wE4rR5tT6yY7uU8iI9oO0pP1aS2dF3gG4hH5jJ6kK7l4hH5jJ6kK7lL8zX9cV0bN1nM2qW3eR4tT5yU6iI7oO8pP9aS0dF1gG2hH3jJ4kK5lL6zZ7xX8cC9vV0bB1nN2mM3qW4eR5tT6yU7iI8oO9pP0aS1dF2gG3hH4jJ5kK6lL7zZ8xX9cC0vB1nN2mQ3wE4rR5tT6yY7uU8iI9oO0pP1aS2dF3gG4hH5jJ6kK7lL8zX9cV0bN1nM2qW3eR4tT5yU6iI7oO8pP9aS0dF1gG2hH3jJ4kK5lL6zZ7xX8cC9vV0bB1nN2mM3qW4eR5tT6yU7iI8oO9pP0aS1dF2gG3hH4jJ5kK6lL7zZ8xX9cC0vB1nN2mQ3wE4rR5tT6yY7uU8iI9oO0pP1aS2dF3gG4hH5jJ6kK7l4hH5jJ6kK7lL8zX9cV0bN1nM2qW3eR4tT5yU6iI7oO8pP9aS0dF1gG2hH3jJ4kK5lL6z7nB9vR2mX8kLp4QjW3tY5zH1aG6sF9dD0fS8gA7hJ6kL5mN4bV3vC2xZ1oP9iU8uY7tT6rR5eE4wW3qQ2aZ1sX2dC3fV4gB5hN6jM7kL8pO9iU0yT1rE2wQ3aS4dF5gG6hH7jJ8kK9lL0zZ1xX2cC3vV4bB5nN6mM7qQ8wW9eE0rR1tT2yY3uU4iI5oO6pP7aA8sS9dD0fF1gG2hH3jJ4kK5lL6zZ7xX8cC9vV0bB1nN2mM3qW4eR5tT6yU7iI8oO9pP0aS1dF2gG3hH4jJ5kK6lL7zZ8xX9cC0vB1nN2mQ3wE4rR5tT6yY7uU8iI9oO0pP1aS2dF3gG4hH5jJ6kK7lL8zX9cV0bN1nM2qW3eR4tT5yU6iI7oO8pP9aS0dF1gG2hH3jJ4kK5lL6zZ7xX8cC9vV0bB1nN2mM3qW4eR5tT6yU7iI8oO9pP0aS1dF2gG3hH4jJ5kK6lL7zZ8xX9cC0vB1nN2mQ3wE4rR5tT6yY7uU8iI9oO0pP1aS2dF3gG4hH5jJ6kK7lL8zX9cV0bN1nM2qW3eR4tT5yU6iI7oO8pP9aS0dF1gG2hH3jJ4kK5lL6zZ7xX8cC9vV0bB1nN2mM3qW4eR5tT6yU7iI8oO9pP0aS1dF2gG3hH4jJ5kK6lL7zZ8xX9cC0vB1nN2mQ3wE4rR5tT6yY7uU8iI9oO0pP1aS2dF3gG4hH5jJ6kK7lL8zX9cV0bN1nM2qW3eR4tT5yU6iI7oO8pP9aS0dF1gG2hH3jJ4kK5lL6zZ7xX8cC9vV0bB1nN2mM3qW4eR5tT6yU7iI8oO9pP0aS1dF2gG3hH4jJ5kK6lL7zZ8xX9cC0vB1nN2mQ3wE4rR5tT6yY7uU8iI9oO0pP1aS2dF3gG4hH5jJ6kK7lL8zX9cV0bN1nM2qW3eR4tT5yU6iI7oO8pP9aS0dF1gG2hH3jJ4kK5lL6zZ7xX8cC9vV0bB1nN2mM3qW4eR5tT6yU7iI8oO9pP0aS1dF2gG3hH4jJ5kK6lL7zZ8xX9cC0vB1nN2mQ3wE4rR5tT6yY7uU8iI9oO0pP1aS2dF3gG4hH5jJ6kK7l4hH5jJ6kK7lL8zX9cV0bN1nM2qW3eR4tT5yU6iI7oO8pP9aS0dF1gG2hH3jJ4kK5lL6zZ7xX8cC9vV0bB1nN2mM3qW4eR5tT6yU7iI8oO9pP0aS1dF2gG3hH4jJ5kK6lL7zZ8xX9cC0vB1nN2mQ3wE4rR5tT6yY7uU8iI9oO0pP1aS2dF3gG4hH5jJ6kK7lL8zX9cV0bN1nM2qW3eR4tT5yU6iI7oO8pP9aS0dF1gG2hH3jJ4kK5lL6zZ7xX8cC9vV0bB1nN2mM3qW4eR5tT6yU7iI8oO9pP0aS1dF2gG3hH4jJ5kK6lL7zZ8xX9cC0vB1nN2mQ3wE4rR5tT6yY7uU8iI9oO0pP1aS2dF3gG4hH5jJ6kK7l4hH5jJ6kK7lL8zX9cV0bN1nM2qW3eR4tT5yU6iI7oO8pP9aS0dF1gG2hH3jJ4kK5lL6zZ7xX8cC9vV0bB1nN2mM3qW4eR5tT6yU7iI8oO9pP0aS1dF2gG3hH4jJ5kK6lL7zZ8xX9cC0vB1nN2mQ3wE4rR5tT6yY7uU8iI9oO0pP1aS2dF3gG4hH5jJ6kK7lL8zX9cV0bN1nM2qW3eR4tT5yU6iI7oO8pP9aS0dF1gG2hH3jJ4kK5lL6zZ7xX8cC9vV0bB1nN2mM3qW4eR5tT6yU7iI8oO9pP0aS1dF2gG3hH4jJ5kK6lL7zZ8xX9cC0vB1nN2mQ3wE4rR5tT6yY7uU8iI9oO0pP1aS2dF3gG4hH5jJ6kK7l4hH5jJ6kK7lL8zX9cV0bN1nM2qW3eR4tT5yU6iI7oO8pP9aS0dF1gG2hH3jJ4kK5lL6zZ7xX8cC9vV0bB1nN2mM3qW4eR5tT6yU7iI8oO9pP0aS1dF2gG3hH4jJ5kK6lL7zZ8xX9cC0vB1nN2mQ3wE4rR5tT6yY7uU8iI9oO0pP1aS2dF3gG4hH5jJ6kK7lL8zX9cV0bN1nM2qW3eR4tT5yU6iI7oO8pP9aS0dF1gG2hH3jJ4kK5lL6zZ7xX8cC9vV0bB1nN2mM3qW4eR5tT6yU7iI8oO9pP0aS1dF2gG3hH4jJ5kK6lL7zZ8xX9cC0vB1nN2mQ3wE4rR5tT6yY7uU8iI9oO0pP1aS2dF3gG4hH5jJ6kK7l4hH5jJ6kK7lL8zX9cV0bN1nM2qW3eR4tT5yU6iI7oO8pP9aS0dF1gG2hH3jJ4kK5lL6zZ7xX8cC9vV0bB1nN2mM3qW4eR5tT6yU7iI8oO9pP0aS1dF2gG3hH4jJ5kK6lL7zZ8xX9cC0vB1nN2mQ3wE4rR5tT6yY7uU8iI9oO0pP1aS2dF3gG4hH5jJ6kK7lL8zX9cV0bN1nM2qW3eR4tT5yU6iI7oO8pP9aS0dF1gG2hH3jJ4kK5lL6zZ7xX8cC9vV0bB1nN2mM3qW4eR5tT6yU7iI8oO9pP0aS1dF2gG3hH4jJ5kK6lL7zZ8xX9cC0vB1nN2mQ3wE4rR5tT6yY7uU8iI9oO0pP1aS2dF3gG4hH5jJ6kK7l4hH5jJ6kK7lL8zX9cV0bN1nM2qW3eR4tT5yU6iI7oO8pP9aS0dF1gG2hH3jJ4kK5lL6zZ7xX8cC9vV0bB1nN2mM3qW4eR5tT6yU7iI8oO9pP0aS1dF2gG3hH4jJ5kK6lL7zZ8xX9cC0vB1nN2mQ3wE4rR5tT6yY7uU8iI9oO0pP1aS2dF3gG4hH5jJ6kK7lL8zX9cV0bN1nM2qW3eR4tT5yU6iI7oO8pP9aS0dF1gG2hH3jJ4kK5lL6zZ7xX8cC9vV0bB1nN2mM3qW4eR5tT6yU7iI8oO9pP0aS1dF2gG3hH4jJ5kK6lL7zZ8xX9cC0vB1nN2mQ3wE4rR5tT6yY7uU8iI9oO0pP1aS2dF3gG4hH5jJ6kK7l4hH5jJ6kK7lL8zX9cV0bN1nM2qW3eR4tT5yU6iI7oO8pP9aS0dF1gG2hH3jJ4kK5lL6zZ7xX8cC9vV0bB1nN2mM3qW4eR5tT6yU7iI8oO9pP0aS1dF2gG3hH4jJ5kK6lL7zZ8xX9cC0vB1nN2mQ3wE4rR5tT6yY7uU8iI9oO0pP1aS2dF3gG4hH5jJ6kK7lL8zX9cV0bN1nM2qW3eR4tT5yU6iI7oO8pP9aS0dF1gG2hH3jJ4kK5lL6zZ7xX8cC9vV0bB1nN2mM3qW4eR5tT6yU7iI8oO9pP0aS1dF2gG3hH4jJ5kK6lL7zZ8xX9cC0vB1nN2mQ3wE4rR5tT6yY7uU8iI9oO0pP1aS2dF3gG4hH5jJ6kK7l4hH5jJ6kK7lL8zX9cV0bN1nM2qW3eR4tT5yU6iI7oO8pP9aS0dF1gG2hH3jJ4kK5lL6zZ7xX8cC9vV0bB1nN2mM3qW4eR5tT6yU7iI8oO9pP0aS1dF2gG3hH4jJ5kK6lL7zZ8xX9cC0vB1nN2mQ3wE4rR5tT6yY7uU8iI9oO0pP1aS2dF3gG4hH5jJ6kK7lL8zX9cV0bN1nM2qW3eR4tT5yU6iI7oO8pP9aS0dF1gG2hH3jJ4kK5lL6zZ7xX8cC9vV0bB1nN2mM3qW4eR5tT6yU7iI8oO9pP0aS1dF2gG3hH4jJ5kK6lL7zZ8xX9cC0vB1nN2mQ3wE4rR5tT6yY7uU8iI9oO0pP1aS2dF3gG4hH5jJ6kK7l4hH5jJ6kK7lL8zX9cV0bN1nM2qW3eR4tT5yU6iI7oO8pP9aS0dF1gG2hH3jJ4kK5lL6z7nB9vR2mX8kLp4QjW3tY5zH1aG6sF9dD0fS8gA7hJ6kL5mN4bV3vC2xZ1oP9iU8uY7tT6rR5eE4wW3qQ2aZ1sX2dC3fV4gB5hN6jM7kL8pO9iU0yT1rE2wQ3aS4dF5gG6hH7jJ8kK9lL0zZ1xX2cC3vV4bB5nN6mM7qQ8wW9eE0rR1tT2yY3uU4iI5oO6pP7aA8sS9dD0fF1gG2hH3jJ4kK5lL6zZ7xX8cC9vV0bB1nN2mM3qW4eR5tT6yU7iI8oO9pP0aS1dF2gG3hH4jJ5kK6lL7zZ8xX9cC0vB1nN2mQ3wE4rR5tT6yY7uU8iI9oO0pP1aS2dF3gG4hH5jJ6kK7lL8zX9cV0bN1nM2qW3eR4tT5yU6iI7oO8pP9aS0dF1gG2hH3jJ4kK5lL6zZ7xX8cC9vV0bB1nN2mM3qW4eR5tT6yU7iI8oO9pP0aS1dF2gG3hH4jJ5kK6lL7zZ8xX9cC0vB1nN2mQ3wE4rR5tT6yY7uU8iI9oO0pP1aS2dF3gG4hH5jJ6kK7lL8zX9cV0bN1nM2qW3eR4tT5yU6iI7oO8pP9aS0dF1gG2hH3jJ4kK5lL6zZ7xX8cC9vV0bB1nN2mM3qW4eR5tT6yU7iI8oO9pP0aS1dF2gG3hH4jJ5kK6lL7zZ8xX9cC0vB1nN2mQ3wE4rR5tT6yY7uU8iI9oO0pP1aS2dF3gG4hH5jJ6kK7lL8zX9cV0bN1nM2qW3eR4tT5yU6iI7oO8pP9aS0dF1gG2hH3jJ4kK5lL6zZ7xX8cC9vV0bB1nN2mM3qW4eR5tT6yU7iI8oO9pP0aS1dF2gG3hH4jJ5kK6lL7zZ8xX9cC0vB1nN2mQ3wE4rR5tT6yY7uU8iI9oO0pP1aS2dF3gG4hH5jJ6kK7lL8zX9cV0bN1nM2qW3eR4tT5yU6iI7oO8pP9aS0dF1gG2hH3jJ4kK5lL6zZ7xX8cC9vV0bB1nN2mM3qW4eR5tT6yU7iI8oO9pP0aS1dF2gG3hH4jJ5kK6lL7zZ8xX9cC0vB1nN2mQ3wE4rR5tT6yY7uU8iI9oO0pP1aS2dF3gG4hH5jJ6kK7l4hH5jJ6kK7lL8zX9cV0bN1nM2qW3eR4tT5yU6iI7oO8pP9aS0dF1gG2hH3jJ4kK5lL6zZ7xX8cC9vV0bB1nN2mM3qW4eR5tT6yU7iI8oO9pP0aS1dF2gG3hH4jJ5kK6lL7zZ8xX9cC0vB1nN2mQ3wE4rR5tT6yY7uU8iI9oO0pP1aS2dF3gG4hH5jJ6kK7lL8zX9cV0bN1nM2qW3eR4tT5yU6iI7oO8pP9aS0dF1gG2hH3jJ4kK5lL6zZ7xX8cC9vV0bB1nN2mM3qW4eR5tT6yU7iI8oO9pP0aS1dF2gG3hH4jJ5kK6lL7zZ8xX9cC0vB1nN2mQ3wE4rR5tT6yY7uU8iI9oO0pP1aS2dF3gG4hH5jJ6kK7l4hH5jJ6kK7lL8zX9cV0bN1nM2qW3eR4tT5yU6iI7oO8pP9aS0dF1gG2hH3jJ4kK5lL6zZ7xX8cC9vV0bB1nN2mM3qW4eR5tT6yU7iI8oO9pP0aS1dF2gG3hH4jJ5kK6lL7zZ8xX9cC0vB1nN2mQ3wE4rR5tT6yY7uU8iI9oO0pP1aS2dF3gG4hH5jJ6kK7lL8zX9cV0bN1nM2qW3eR4tT5yU6iI7oO8pP9aS0dF1gG2hH3jJ4kK5lL6zZ7xX8cC9vV0bB1nN2mM3qW4eR5tT6yU7iI8oO9pP0aS1dF2gG3hH4jJ5kK6lL7zZ8xX9cC0vB1nN2mQ3wE4rR5tT6yY7uU8iI9oO0pP1aS2dF3gG4hH5jJ6kK7l4hH5jJ6kK7lL8zX9cV0bN1nM2qW3eR4tT5yU6iI7oO8pP9aS0dF1gG2hH3jJ4kK5lL6zZ7xX8cC9vV0bB1nN2mM3qW4eR5tT6yU7iI8oO9pP0aS1dF2gG3hH4jJ5kK6lL7zZ8xX9cC0vB1nN2mQ3wE4rR5tT6yY7uU8iI9oO0pP1aS2dF3gG4hH5jJ6kK7lL8zX9cV0bN1nM2qW3eR4tT5yU6iI7oO8pP9aS0dF1gG2hH3jJ4kK5lL6zZ7xX8cC9vV0bB1nN2mM3qW4eR5tT6yU7iI8oO9pP0aS1dF2gG3hH4jJ5kK6lL7zZ8xX9cC0vB1nN2mQ3wE4rR5tT6yY7uU8iI9oO0pP1aS2dF3gG4hH5jJ6kK7l4hH5jJ6kK7lL8zX9cV0bN1nM2qW3eR4tT5yU6iI7oO8pP9aS0dF1gG2hH3jJ4kK5lL6zZ7xX8cC9vV0bB1nN2mM3qW4eR5tT6yU7iI8oO9pP0aS1dF2gG3hH4jJ5kK6lL7zZ8xX9cC0vB1nN2mQ3wE4rR5tT6yY7uU8iI9oO0pP1aS2dF3gG4hH5jJ6kK7lL8zX9cV0bN1nM2qW3eR4tT5yU6iI7oO8pP9aS0dF1gG2hH3jJ4kK5lL6zZ7xX8cC9vV0bB1nN2mM3qW4eR5tT6yU7iI8oO9pP0aS1dF2gG3hH4jJ5kK6lL7zZ8xX9cC0vB1nN2mQ3wE4rR5tT6yY7uU8iI9oO0pP1aS2dF3gG4hH5jJ6kK7l4hH5jJ6kK7lL8zX9cV0bN1nM2qW3eR4tT5yU6iI7oO8pP9aS0dF1gG2hH3jJ4kK5lL6zZ7xX8cC9vV0bB1nN2mM3qW4eR5tT6yU7iI8oO9pP0aS1dF2gG3hH4jJ5kK6lL7zZ8xX9cC0vB1nN2mQ3wE4rR5tT6yY7uU8iI9oO0pP1aS2dF3gG4hH5jJ6kK7lL8zX9cV0bN1nM2qW3eR4tT5yU6iI7oO8pP9aS0dF1gG2hH3jJ4kK5lL6zZ7xX8cC9vV0bB1nN2mM3qW4eR5tT6yU7iI8oO9pP0aS1dF2gG3hH4jJ5kK6lL7zZ8xX9cC0vB1nN2mQ3wE4rR5tT6yY7uU8iI9oO0pP1aS2dF3gG4hH5jJ6kK7l4hH5jJ6kK7lL8zX9cV0bN1nM2qW3eR4tT5yU6iI7oO8pP9aS0dF1gG2hH3jJ4kK5lL6zZ7xX8cC9vV0bB1nN2mM3qW4eR5tT6yU7iI8oO9pP0aS1dF2gG3hH4jJ5kK6lL7zZ8xX9cC0vB1nN2mQ3wE4rR5tT6yY7uU8iI9oO0pP1aS2dF3gG4hH5jJ6kK7lL8zX9cV0bN1nM2qW3eR4tT5yU6iI7oO8pP9aS0dF1gG2hH3jJ4kK5lL6zZ7xX8cC9vV0bB1nN2mM3qW4eR5tT6yU7iI8oO9pP0aS1dF2gG3hH4jJ5kK6lL7zZ8xX9cC0vB1nN2mQ3wE4rR5tT6yY7uU8iI9oO0pP1aS2dF3gG4hH5jJ6kK7l4hH5jJ6kK7lL8zX9cV0bN1nM2qW3eR4tT5yU6iI7oO8pP9aS0dF1gG2hH3jJ4kK5lL6zZ7xX8cC9vV0bB1nN2mM3qW4eR5tT6yU7iI8oO9pP0aS1dF2gG3hH4jJ5kK6lL7zZ8xX9cC0vB1nN2mQ3wE4rR5tT6yY7uU8iI9oO0pP1aS2dF3gG4hH5jJ6kK7lL8zX9cV0bN1nM2qW3eR4tT5yU6iI7oO8pP9aS0dF1gG2hH3jJ4kK5lL6zZ7xX8cC9vV0bB1nN2mM3qW4eR5tT6yU7iI8oO9pP0aS1dF2gG3hH4jJ5kK6lL7zZ8xX9cC0vB1nN2mQ3wE4rR5tT6yY7uU8iI9oO0pP1aS2dF3gG4hH5jJ6kK7l4hH5jJ6kK7lL8zX9cV0bN1nM2qW3eR4tT5yU6iI7oO8pP9aS0dF1gG2hH3jJ4kK5lL6z7nB9vR2mX8kLp4QjW3tY5zH1aG6sF9dD0fS8gA7hJ6kL5mN4bV3vC2xZ1oP9iU8uY7tT6rR5eE4wW3qQ2aZ1sX2dC3fV4gB5hN6jM7kL8pO9iU0yT1rE2wQ3aS4dF5gG6hH7jJ8kK9lL0zZ1xX2cC3vV4bB5nN6mM7qQ8wW9eE0rR1tT2yY3uU4iI5oO6pP7aA8sS9dD0fF1gG2hH3jJ4kK5lL6zZ7xX8cC9vV0bB1nN2mM3qW4eR5tT6yU7iI8oO9pP0aS1dF2gG3hH4jJ5kK6lL7zZ8xX9cC0vB1nN2mQ3wE4rR5tT6yY7uU8iI9oO0pP1aS2dF3gG4hH5jJ6kK7lL8zX9cV0bN1nM2qW3eR4tT5yU6iI7oO8pP9aS0dF1gG2hH3jJ4kK5lL6zZ7xX8cC9vV0bB1nN2mM3qW4eR5tT6yU7iI8oO9pP0aS1dF2gG3hH4jJ5kK6lL7zZ8xX9cC0vB1nN2mQ3wE4rR5tT6yY7uU8iI9oO0pP1aS2dF3gG4hH5jJ6kK7lL8zX9cV0bN1nM2qW3eR4tT5yU6iI7oO8pP9aS0dF1gG2hH3jJ4kK5lL6zZ7xX8cC9vV0bB1nN2mM3qW4eR5tT6yU7iI8oO9pP0aS1dF2gG3hH4jJ5kK6lL7zZ8xX9cC0vB1nN2mQ3wE4rR5tT6yY7uU8iI9oO0pP1aS2dF3gG4hH5jJ6kK7lL8zX9cV0bN1nM2qW3eR4tT5yU6iI7oO8pP9aS0dF1gG2hH3jJ4kK5lL6zZ7xX8cC9vV0bB1nN2mM3qW4eR5tT6yU7iI8oO9pP0aS1dF2gG3hH4jJ5kK6lL7zZ8xX9cC0vB1nN2mQ3wE4rR5tT6yY7uU8iI9oO0pP1aS2dF3gG4hH5jJ6kK7lL8zX9cV0bN1nM2qW3eR4tT5yU6iI7oO8pP9aS0dF1gG2hH3jJ4kK5lL6zZ7xX8cC9vV0bB1nN2mM3qW4eR5tT6yU7iI8oO9pP0aS1dF2gG3hH4jJ5kK6lL7zZ8xX9cC0vB1nN2mQ3wE4rR5tT6yY7uU8iI9oO0pP1aS2dF3gG4hH5jJ6kK7l4hH5jJ6kK7lL8zX9cV0bN1nM2qW3eR4tT5yU6iI7oO8pP9aS0dF1gG2hH3jJ4kK5lL6zZ7xX8cC9vV0bB1nN2mM3qW4eR5tT6yU7iI8oO9pP0aS1dF2gG3hH4jJ5kK6lL7zZ8xX9cC0vB1nN2mQ3wE4rR5tT6yY7uU8iI9oO0pP1aS2dF3gG4hH5jJ6kK7lL8zX9cV0bN1nM2qW3eR4tT5yU6iI7oO8pP9aS0dF1gG2hH3jJ4kK5lL6zZ7xX8cC9vV0bB1nN2mM3qW4eR5tT6yU7iI8oO9pP0aS1dF2gG3hH4jJ5kK6lL7zZ8xX9cC0vB1nN2mQ3wE4rR5tT6yY7uU8iI9oO0pP1aS2dF3gG4hH5jJ6kK7l4hH5jJ6kK7lL8zX9cV0bN1nM2qW3eR4tT5yU6iI7oO8pP9aS0dF1gG2hH3jJ4kK5lL6zZ7xX8cC9vV0bB1nN2mM3qW4eR5tT6yU7iI8oO9pP0aS1dF2gG3hH4jJ5kK6lL7zZ8xX9cC0vB1nN2mQ3wE4rR5tT6yY7uU8iI9oO0pP1aS2dF3gG4hH5jJ6kK7lL8zX9cV0bN1nM2qW3eR4tT5yU6iI7oO8pP9aS0dF1gG2hH3jJ4kK5lL6zZ7xX8cC9vV0bB1nN2mM3qW4eR5tT6yU7iI8oO9pP0aS1dF2gG3hH4jJ5kK6lL7zZ8xX9cC0vB1nN2mQ3wE4rR5tT6yY7uU8iI9oO0pP1aS2dF3gG4hH5jJ6kK7l4hH5jJ6kK7lL8zX9cV0bN1nM2qW3eR4tT5yU6iI7oO8pP9aS0dF1gG2hH3jJ4kK5lL6zZ7xX8cC9vV0bB1nN2mM3qW4eR5tT6yU7iI8oO9pP0aS1dF2gG3hH4jJ5kK6lL7zZ8xX9cC0vB1nN2mQ3wE4rR5tT6yY7uU8iI9oO0pP1aS2dF3gG4hH5jJ6kK7lL8zX9cV0bN1nM2qW3eR4tT5yU6iI7oO8pP9aS0dF1gG2hH3jJ4kK5lL6zZ7xX8cC9vV0bB1nN2mM3qW4eR5tT6yU7iI8oO9pP0aS1dF2gG3hH4jJ5kK6lL7zZ8xX9cC0vB1nN2mQ3wE4rR5tT6yY7uU8iI9oO0pP1aS2dF3gG4hH5jJ6kK7l4hH5jJ6kK7lL8zX9cV0bN1nM2qW3eR4tT5yU6iI7oO8pP9aS0dF1gG2hH3jJ4kK5lL6zZ7xX8cC9vV0bB1nN2mM3qW4eR5tT6yU7iI8oO9pP0aS1dF2gG3hH4jJ5kK6lL7zZ8xX9cC0vB1nN2mQ3wE4rR5tT6yY7uU8iI9oO0pP1aS2dF3gG4hH5jJ6kK7lL8zX9cV0bN1nM2qW3eR4tT5yU6iI7oO8pP9aS0dF1gG2hH3jJ4kK5lL6zZ7xX8cC9vV0bB1nN2mM3qW4eR5tT6yU7iI8oO9pP0aS1dF2gG3hH4jJ5kK6lL7zZ8xX9cC0vB1nN2mQ3wE4rR5tT6yY7uU8iI9oO0pP1aS2dF3gG4hH5jJ6kK7l4hH5jJ6kK7lL8zX9cV0bN1nM2qW3eR4tT5yU6iI7oO8pP9aS0dF1gG2hH3jJ4kK5lL6zZ7xX8cC9vV0bB1nN2mM3qW4eR5tT6yU7iI8oO9pP0aS1dF2gG3hH4jJ5kK6lL7zZ8xX9cC0vB1nN2mQ3wE4rR5tT6yY7uU8iI9oO0pP1aS2dF3gG4hH5jJ6kK7lL8zX9cV0bN1nM2qW3eR4tT5yU6iI7oO8pP9aS0dF1gG2hH3jJ4kK5lL6zZ7xX8cC9vV0bB1nN2mM3qW4eR5tT6yU7iI8oO9pP0aS1dF2gG3hH4jJ5kK6lL7zZ8xX9cC0vB1nN2mQ3wE4rR5tT6yY7uU8iI9oO0pP1aS2dF3gG4hH5jJ6kK7l4hH5jJ6kK7lL8zX9cV0bN1nM2qW3eR4tT5yU6iI7oO8pP9aS0dF1gG2hH3jJ4kK5lL6zZ7xX8cC9vV0bB1nN2mM3qW4eR5tT6yU7iI8oO9pP0aS1dF2gG3hH4jJ5kK6lL7zZ8xX9cC0vB1nN2mQ3wE4rR5tT6yY7uU8iI9oO0pP1aS2dF3gG4hH5jJ6kK7lL8zX9cV0bN1nM2qW3eR4tT5yU6iI7oO8pP9aS0dF1gG2hH3jJ4kK5lL6zZ7xX8cC9vV0bB1nN2mM3qW4eR5tT6yU7iI8oO9pP0aS1dF2gG3hH4jJ5kK6lL7zZ8xX9cC0vB1nN2mQ3wE4rR5tT6yY7uU8iI9oO0pP1aS2dF3gG4hH5jJ6kK7l4hH5jJ6kK7lL8zX9cV0bN1nM2qW3eR4tT5yU6iI7oO8pP9aS0dF1gG2hH3jJ4kK5lL6zZ7xX8cC9vV0bB1nN2mM3qW4eR5tT6yU7iI8oO9pP0aS1dF2gG3hH4jJ5kK6lL7zZ8xX9cC0vB1nN2mQ3wE4rR5tT6yY7uU8iI9oO0pP1aS2dF3gG4hH5jJ6kK7lL8zX9cV0bN1nM2qW3eR4tT5yU6iI7oO8pP9aS0dF1gG2hH3jJ4kK5lL6zZ7xX8cC9vV0bB1nN2mM3qW4eR5tT6yU7iI8oO9pP0aS1dF2gG3hH4jJ5kK6lL7zZ8xX9cC0vB1nN2mQ3wE4rR5tT6yY7uU8iI9oO0pP1aS2dF3gG4hH5jJ6kK7l4hH5jJ6kK7lL8zX9cV0bN1nM2qW3eR4tT5yU6iI7oO8pP9aS0dF1gG2hH3jJ4kK5lL6zT6yU7iI8oO9pP0aS1dF2gG3hH4jJ5kK6lL7zZ8xX9cC0vB1nN2mQ3wE4rR5tT6yY7uU8iI9oO0pP1aS2dF3gG4hH5jJ6kK7lL8zX9cV0bN1nM2qW3eR4tT5yU6iI7oO8pP9aS0dF1gG2hH3jJ4kK5lL6zZ7xX8cC9vV0bB1nN2mM3qW4eR5tT6yU7iI8oO9pP0aS1dF2gG3hH4jJ5kK6lL7zZ8xX9cC0vB1nN2mQ3wE4rR5tT6yY7uU8iI9oO0pP1aS2dF3gG4hH5jJ6kK7lL8zX9cV0bN1nM2qW3eR4tT5yU6iI7oO8pP9aS0dF1gG2hH3jJ4kK5lL6zZ7xX8cC9vV0bB1nN2mM3qW4eR5tT6yU7iI8oO9pP0aS1dF2gG3hH4jJ5kK6lL7zZ8xX9cC0vB1nN2mQ3wE4rR5tT6yY7uU8iI9oO0pP1aS2dF3gG4hH5jJ6kK7l4hH5jJ6kK7lL8zX9cV0bN1nM2qW3eR4tT5yU6iI7oO8pP9aS0dF1gG2hH3jJ4kK5lL6zZ7xX8cC9vV0bB1nN2mM3qW4eR5tT6yU7iI8oO9pP0aS1dF2gG3hH4jJ5kK6lL7zZ8xX9cC0vB1nN2mQ3wE4rR5tT6yY7uU8iI9oO0pP1aS2dF3gG4hH5jJ6kK7lL8zX9cV0bN1nM2qW3eR4tT5yU6iI7oO8pP9aS0dF1gG2hH3jJ4kK5lL6zZ7xX8cC9vV0bB1nN2mM3qW4eR5tT6yU7iI8oO9pP0aS1dF2gG3hH4jJ5kK6lL7zZ8xX9cC0vB1nN2mQ3wE4rR5tT6yY7uU8iI9oO0pP1aS2dF3gG4hH5jJ6kK7l4hH5jJ6kK7lL8zX9cV0bN1nM2qW3eR4tT5yU6iI7oO8pP9aS0dF1gG2hH3jJ4kK5lL6zZ7xX8cC9vV0bB1nN2mM3qW4eR5tT6yU7iI8oO9pP0aS1dF2gG3hH4jJ5kK6lL7zZ8xX9cC0vB1nN2mQ3wE4rR5tT6yY7uU8iI9oO0pP1aS2dF3gG4hH5jJ6kK7lL8zX9cV0bN1nM2qW3eR4tT5yU6iI7oO8pP9aS0dF1gG2hH3jJ4kK5lL6zZ7xX8cC9vV0bB1nN2mM3qW4eR5tT6yU7iI8oO9pP0aS1dF2gG3hH4jJ5kK6lL7zZ8xX9cC0vB1nN2mQ3wE4rR5tT6yY7uU8iI9oO0pP1aS2dF3gG4hH5jJ6kK7l4hH5jJ6kK7lL8zX9cV0bN1nM2qW3eR4tT5yU6iI7oO8pP9aS0dF1gG2hH3jJ4kK5lL6zZ7xX8cC9vV0bB1nN2mM3qW4eR5tT6yU7iI8oO9pP0aS1dF2gG3hH4jJ5kK6lL7zZ8xX9cC0vB1nN2mQ3wE4rR5tT6yY7uU8iI9oO0pP1aS2dF3gG4hH5jJ6kK7lL8zX9cV0bN1nM2qW3eR4tT5yU6iI7oO8pP9aS0dF1gG2hH3jJ4kK5lL6zZ7xX8cC9vV0bB1nN2mM3qW4eR5tT6yU7iI8oO9pP0aS1dF2gG3hH4jJ5kK6lL7zZ8xX9cC0vB1nN2mQ3wE4rR5tT6yY7uU8iI9oO0pP1aS2dF3gG4hH5jJ6kK7l4hH5jJ6kK7lL8zX9cV0bN1nM2qW3eR4tT5yU6iI7oO8pP9aS0dF1gG2hH3jJ4kK5lL6zZ7xX8cC9vV0bB1nN2mM3qW4eR5tT6yU7iI8oO9pP0aS1dF2gG3hH4jJ5kK6lL7zZ8xX9cC0vB1nN2mQ3wE4rR5tT6yY7uU8iI9oO0pP1aS2dF3gG4hH5jJ6kK7lL8zX9cV0bN1nM2qW3eR4tT5yU6iI7oO8pP9aS0dF1gG2hH3jJ4kK5lL6zZ7xX8cC9vV0bB1nN2mM3qW4eR5tT6yU7iI8oO9pP0aS1dF2gG3hH4jJ5kK6lL7zZ8xX9cC0vB1nN2mQ3wE4rR5tT6yY7uU8iI9oO0pP1aS2dF3gG4hH5jJ6kK7l4hH5jJ6kK7lL8zX9cV0bN1nM2qW3eR4tT5yU6iI7oO8pP9aS0dF1gG2hH3jJ4kK5lL6zZ7xX8cC9vV0bB1nN2mM3qW4eR5tT6yU7iI8oO9pP0aS1dF2gG3hH4jJ5kK6lL7zZ8xX9cC0vB1nN2mQ3wE4rR5tT6yY7uU8iI9oO0pP1aS2dF3gG4hH5jJ6kK7lL8zX9cV0bN1nM2qW3eR4tT5yU6iI7oO8pP9aS0dF1gG2hH3jJ4kK5lL6zZ7xX8cC9vV0bB1nN2mM3qW4eR5tT6yU7iI8oO9pP0aS1dF2gG3hH4jJ5kK6lL7zZ8xX9cC0vB1nN2mQ3wE4rR5tT6yY7uU8iI9oO0pP1aS2dF3gG4hH5jJ6kK7l4hH5jJ6kK7lL8zX9cV0bN1nM2qW3eR4tT5yU6iI7oO8pP9aS0dF1gG2hH3jJ4kK5lL6zZ7xX8cC9vV0bB1nN2mM3qW4eR5tT6yU7iI8oO9pP0aS1dF2gG3hH4jJ5kK6lL7zZ8xX9cC0vB1nN2mQ3wE4rR5tT6yY7uU8iI9oO0pP1aS2dF3gG4hH5jJ6kK7lL8zX9cV0bN1nM2qW3eR4tT5yU6iI7oO8pP9aS0dF1gG2hH3jJ4kK5lL6zZ7xX8cC9vV0bB1nN2mM3qW4eR5tT6yU7iI8oO9pP0aS1dF2gG3hH4jJ5kK6lL7zZ8xX9cC0vB1nN2mQ3wE4rR5tT6yY7uU8iI9oO0pP1aS2dF3gG4hH5jJ6kK7l4hH5jJ6kK7lL8zX9cV0bN1nM2qW3eR4tT5yU6iI7oO8pP9aS0dF1gG2hH3jJ4kK5lL6zZ7xX8cC9vV0bB1nN2mM3qW4eR5tT6yU7iI8oO9pP0aS1dF2gG3hH4jJ5kK6lL7zZ8xX9cC0vB1nN2mQ3wE4rR5tT6yY7uU8iI9oO0pP1aS2dF3gG4hH5jJ6kK7lL8zX9cV0bN1nM2qW3eR4tT5yU6iI7oO8pP9aS0dF1gG2hH3jJ4kK5lL6zZ7xX8cC9vV0bB1nN2mM3qW4eR5tT6yU7iI8oO9pP0aS1dF2gG3hH4jJ5kK6lL7zZ8xX9cC0vB1nN2mQ3wE4rR5tT6yY7uU8iI9oO0pP1aS2dF3gG4hH5jJ6kK7l4hH5jJ6kK7lL8zX9cV0bN1nM2qW3eR4tT5yU6iI7oO8pP9aS0dF1gG2hH3jJ4kK5lL6zZ7xX8cC9vV0bB1nN2mM3qW4eR5tT6yU7iI8oO9pP0aS1dF2gG3hH4jJ5kK6lL7zZ8xX9cC0vB1nN2mQ3wE4rR5tT6yY7uU8iI9oO0pP1aS2dF3gG4hH5jJ6kK7lL8zX9cV0bN1nM2qW3eR4tT5yU6iI7oO8pP9aS0dF1gG2hH3jJ4kK5lL6zZ7xX8cC9vV0bB1nN2mM3qW4eR5tT6yU7iI8oO9pP0aS1dF2gG3hH4jJ5kK6lL7zZ8xX9cC0vB1nN2mQ3wE4rR5tT6yY7uU8iI9oO0pP1aS2dF3gG4hH5jJ6kK7l4hH5jJ6kK7lL8zX9cV0bN1nM2qW3eR4tT5yU6iI7oO8pP9aS0dF1gG2hH3jJ4kK5lL6zZ7xX8cC9vV0bB1nN2mM3qW4eR5tT6yU7iI8oO9pP0aS1dF2gG3hH4jJ5kK6lL7zZ8xX9cC0vB1nN2mQ3wE4rR5tT6yY7uU8iI9oO0pP1aS2dF3gG4hH5jJ6kK7lL8zX9cV0bN1nM2qW3eR4tT5yU6iI7oO8pP9aS0dF1gG2hH3jJ4kK5lL6zZ7xX8cC9vV0bB1nN2mM3qW4eR5tT6yU7iI8oO9pP0aS1dF2gG3hH4jJ5kK6lL7zZ8xX9cC0vB1nN2mQ3wE4rR5tT6yY7uU8iI9oO0pP1aS2dF3gG4hH5jJ6kK7l4hH5jJ6kK7lL8zX9cV0bN1nM2qW3eR4tT5yU6iI7oO8pP9aS0dF1gG2hH3jJ4kK5lL6zZ7xX8cC9vV0bB1nN2mM3qW4eR5tT6yU7iI8oO9pP0aS1dF2gG3hH4jJ5kK6lL7zZ8xX9cC0vB1nN2mQ3wE4rR5tT6yY7uU8iI9oO0pP1aS2dF3gG4hH5jJ6kK7lL8zX9cV0bN1nM2qW3eR4tT5yU6iI7oO8pP9aS0dF1gG2hH3jJ4kK5lL6zZ7xX8cC9vV0bB1nN2mM3qW4eR5tT6yU7iI8oO9pP0aS1dF2gG3hH4jJ5kK6lL7zZ8xX9cC0vB1nN2mQ3wE4rR5tT6yY7uU8iI9oO0pP1aS2dF3gG4hH5jJ6kK7l4hH5jJ6kK7lL8zX9cV0bN1nM2qW3eR4tT5yU6iI7oO8pP9aS0dF1gG2hH3jJ4kK5lL6zZ7xX8cC9vV0bB1nN2mM3qW4eR5tT6yU7iI8oO9pP0aS1dF2gG3hH4jJ5kK6lL7zZ8xX9cC0vB1nN2mQ3wE4rR5tT6yY7uU8iI9oO0pP1aS2dF3gG4hH5jJ6kK7lL8zX9cV0bN1nM2qW3eR4tT5yU6iI7oO8pP9aS0dF1gG2hH3jJ4kK5lL6zZ7xX8cC9vV0bB1nN2mM3qW4eR5tT6yU7iI8oO9pP0aS1dF2gG3hH4jJ5kK6lL7zZ8xX9cC0vB1nN2mQ3wE4rR5tT6yY7uU8iI9oO0pP1aS2dF3gG4hH5jJ6kK7l4hH5jJ6kK7lL8zX9cV0bN1nM2qW3eR4tT5yU6iI7oO8pP9aS0dF1gG2hH3jJ4kK5lL6zZ7xX8cC9vV0bB1nN2mM3qW4eR5tT6yU7iI8oO9pP0aS1dF2gG3hH4jJ5kK6lL7zZ8xX9cC0vB1nN2mQ3wE4rR5tT6yY7uU8iI9oO0pP1aS2dF3gG4hH5jJ6kK7lL8zX9cV0bN1nM2qW3eR4tT5yU6iI7oO8pP9aS0dF1gG2hH3jJ4kK5lL6zZ7xX8cC9vV0bB1nN2mM3qW4eR5tT6yU7iI8oO9pP0aS1dF2gG3hH4jJ5kK6lL7zZ8xX9cC0vB1nN2mQ3wE4rR5tT6yY7uU8iI9oO0pP1aS2dF3gG4hH5jJ6kK7l4hH5jJ6kK7lL8zX9cV0bN1nM2qW3eR4tT5yU6iI7oO8pP9aS0dF1gG2hH3jJ4kK5lL6zZ7xX8cC9vV0bB1nN2mM3qW4eR5tT6yU7iI8oO9pP0aS1dF2gG3hH4jJ5kK6lL7zZ8xX9cC0vB1nN2mQ3wE4rR5tT6yY7uU8iI9oO0pP1aS2dF3gG4hH5jJ6kK7lL8zX9cV0bN1nM2qW3eR4tT5yU6iI7oO8pP9aS0dF1gG2hH3jJ4kK5lL6zZ7xX8cC9vV0bB1nN2mM3qW4eR5tT6yU7iI8oO9pP0aS1dF2gG3hH4jJ5kK6lL7zZ8xX9cC0vB1nN2mQ3wE4rR5tT6yY7uU8iI9oO0pP1aS2dF3gG4hH5jJ6kK7l4hH5jJ6kK7lL8zX9cV0bN1nM2qW3eR4tT5yU6iI7oO8pP9aS0dF1gG2hH3jJ4kK5lL6zZ7xX8cC9vV0bB1nN2mM3qW4eR5tT6yU7iI8oO9pP0aS1dF2gG3hH4jJ5kK6lL7zZ8xX9cC0vB1nN2mQ3wE4rR5tT6yY7uU8iI9oO0pP1aS2dF3gG4hH5jJ6kK7lL8zX9cV0bN1nM2qW3eR4tT5yU6iI7oO8pP9aS0dF1gG2hH3jJ4kK5lL6zZ7xX8cC9vV0bB1nN2mM3qW4eR5tT6yU7iI8oO9pP0aS1dF2gG3hH4jJ5kK6lL7zZ8xX9cC0vB1nN2mQ3wE4rR5tT6yY7uU8iI9oO0pP1aS2dF3gG4hH5jJ6kK7l4hH5jJ6kK7lL8zX9cV0bN1nM2qW3eR4tT5yU6iI7oO8pP9aS0dF1gG2hH3jJ4kK5lL6zZ7xX8cC9vV0bB1nN2mM3qW4eR5tT6yU7iI8oO9pP0aS1dF2gG3hH4jJ5kK6lL7zZ8xX9cC0vB1nN2mQ3wE4rR5tT6yY7uU8iI9oO0pP1aS2dF3gG4hH5jJ6kK7lL8zX9cV0bN1nM2qW3eR4tT5yU6iI7oO8pP9aS0dF1gG2hH3jJ4kK5lL6zZ7xX8cC9vV0bB1nN2mM3qW4eR5tT6yU7iI8oO9pP0aS1dF2gG3hH4jJ5kK6lL7zZ8xX9cC0vB1nN2mQ3wE4rR5tT6yY7uU8iI9oO0pP1aS2dF3gG4hH5jJ6kK7l4hH5jJ6kK7lL8zX9cV0bN1nM2qW3eR4tT5yU6iI7oO8pP9aS0dF1gG2hH3jJ4kK5lL6zZ7xX8cC9vV0bB1nN2mM3qW4eR5tT6yU7iI8oO9pP0aS1dF2gG3hH4jJ5kK6lL7zZ8xX9cC0vB1nN2mQ3wE4rR5tT6yY7uU8iI9oO0pP1aS2dF3gG4hH5jJ6kK7lL8zX9cV0bN1nM2qW3eR4tT5yU6iI7oO8pP9aS0dF1gG2hH3jJ4kK5lL6zZ7xX8cC9vV0bB1nN2mM3qW4eR5tT6yU7iI8oO9pP0aS1dF2gG3hH4jJ5kK6lL7zZ8xX9cC0vB1nN2mQ3wE4rR5tT6yY7uU8iI9oO0pP1aS2dF3gG4hH5jJ6kK7l4hH5jJ6kK7lL8zX9cV0bN1nM2qW3eR4tT5yU6iI7oO8pP9aS0dF1gG2hH3jJ4kK5lL6zZ7xX8cC9vV0bB1nN2mM3qW4eR5tT6yU7iI8oO9pP0aS1dF2gG3hH4jJ5kK6lL7zZ8xX9cC0vB1nN2mQ3wE4rR5tT6yY7uU8iI9oO0pP1aS2dF3gG4hH5jJ6kK7lL8zX9cV0bN1nM2qW3eR4tT5yU6iI7oO8pP9aS0dF1gG2hH3jJ4kK5lL6zZ7xX8cC9vV0bB1nN2mM3qW4eR5tT6yU7iI8oO9pP0aS1dF2gG3hH4jJ5kK6lL7zZ8xX9cC0vB1nN2mQ3wE4rR5tT6yY7uU8iI9oO0pP1aS2dF3gG4hH5jJ6kK7l4hH5jJ6kK7lL8zX9cV0bN1nM2qW3eR4tT5yU6iI7oO8pP9aS0dF1gG2hH3jJ4kK5lL6zZ7xX8cC9vV0bB1nN2mM3qW4eR5tT6yU7iI8oO9pP0aS1dF2gG3hH4jJ5kK6lL7zZ8xX9cC0vB1nN2mQ3wE4rR5tT6yY7uU8iI9oO0pP1aS2dF3gG4hH5jJ6kK7lL8zX9cV0bN1nM2qW3eR4tT5yU6iI7oO8pP9aS0dF1gG2hH3jJ4kK5lL6zZ7xX8cC9vV0bB1nN2mM3qW4eR5tT6yU7iI8oO9pP0aS1dF2gG3hH4jJ5kK6lL7zZ8xX9cC0vB1nN2mQ3wE4rR5tT6yY7uU8iI9oO0pP1aS2dF3gG4hH5jJ6kK7l4hH5jJ6kK7lL8zX9cV0bN1nM2qW3eR4tT5yU6iI7oO8pP9aS0dF1gG2hH3jJ4kK5lL6zZ7xX8cC9vV0bB1nN2mM3qW4eR5tT6yU7iI8oO9pP0aS1dF2gG3hH4jJ5kK6lL7zZ8xX9cC0vB1nN2mQ3wE4rR5tT6yY7uU8iI9oO0pP1aS2dF3gG4hH5jJ6kK7lL8zX9cV0bN1nM2qW3eR4tT5yU6iI7oO8pP9aS0dF1gG2hH3jJ4kK5lL6zZ7xX8cC9vV0bB1nN2mM3qW4eR5tT6yU7iI8oO9pP0aS1dF2gG3hH4jJ5kK6lL7zZ8xX9cC0vB1nN2mQ3wE4rR5tT6yY7uU8iI9oO0pP1aS2dF3gG4hH5jJ6kK7l4hH5jJ6kK7lL8zX9cV0bN1nM2qW3eR4tT5yU6iI7oO8pP9aS0dF1gG2hH3jJ4kK5lL6zZ7xX8cC9vV0bB1nN2mM3qW4eR5tT6yU7iI8oO9pP0aS1dF2gG3hH4jJ5kK6lL7zZ8xX9cC0vB1nN2mQ3wE4rR5tT6yY7uU8iI9oO0pP1aS2dF3gG4hH5jJ6kK7lL8zX9cV0bN1nM2qW3eR4tT5yU6iI7oO8pP9aS0dF1gG2hH3jJ4kK5lL6zZ7xX8cC9vV0bB1nN2mM3qW4eR5tT6yU7iI8oO9pP0aS1dF2gG3hH4jJ5kK6lL7zZ8xX9cC0vB1nN2mQ3wE4rR5tT6yY7uU8iI9oO0pP1aS2dF3gG4hH5jJ6kK7l4hH5jJ6kK7lL8zX9cV0bN1nM2qW3eR4tT5yU6iI7oO8pP9aS0dF1gG2hH3jJ4kK5lL6zZ7xX8cC9vV0bB1nN2mM3qW4eR5tT6yU7iI8oO9pP0aS1dF2gG3hH4jJ5kK6lL7zZ8xX9cC0vB1nN2mQ3wE4rR5tT6yY7uU8iI9oO0pP1aS2dF3gG4hH5jJ6kK7lL8zX9cV0bN1nM2qW3eR4tT5yU6iI7oO8pP9aS0dF1gG2hH3jJ4kK5lL6zZ7xX8cC9vV0bB1nN2mM3qW4eR5tT6yU7iI8oO9pP0aS1dF2gG3hH4jJ5kK6lL7zZ8xX9cC0vB1nN2mQ3wE4rR5tT6yY7uU8iI9oO0pP1aS2dF3gG4hH5jJ6kK7l4hH5jJ6kK7lL8zX9cV0bN1nM2qW3eR4tT5yU6iI7oO8pP9aS0dF1gG2hH3jJ4kK5lL6zZ7xX8cC9vV0bB1nN2mM3qW4eR5tT6yU7iI8oO9pP0aS1dF2gG3hH4jJ5kK6lL7zZ8xX9cC0vB1nN2mQ3wE4rR5tT6yY7uU8iI9oO0pP1aS2dF3gG4hH5jJ6kK7lL8zX9cV0bN1nM2qW3eR4tT5yU6iI7oO8pP9aS0dF1gG2hH3jJ4kK5lL6zZ7xX8cC9vV0bB1nN2mM3qW4eR5tT6yU7iI8oO9pP0aS1dF2gG3hH4jJ5kK6lL7zZ8xX9cC0vB1nN2mQ3wE4rR5tT6yY7uU8iI9oO0pP1aS2dF3gG4hH5jJ6kK7l4hH5jJ6kK7lL8zX9cV0bN1nM2qW3eR4tT5yU6iI7oO8pP9aS0dF1gG2hH3jJ4kK5lL6zZ7xX8cC9vV0bB1nN2mM3qW4eR5tT6yU7iI8oO9pP0aS1dF2gG3hH4jJ5kK6lL7zZ8xX9cC0vB1nN2mQ3wE4rR5tT6yY7uU8iI9oO0pP1aS2dF3gG4hH5jJ6kK7lL8zX9cV0bN1nM2qW3eR4tT5yU6iI7oO8pP9aS0dF1gG2hH3jJ4kK5lL6zZ7xX8cC9vV0bB1nN2mM3qW4eR5tT6yU7iI8oO9pP0aS1dF2gG3hH4jJ5kK6lL7zZ8xX9cC0vB1nN2mQ3wE4rR5tT6yY7uU8iI9oO0pP1aS2dF3gG4hH5jJ6kK7l4hH5jJ6kK7lL8zX9cV0bN1nM2qW3eR4tT5yU6iI7oO8pP9aS0dF1gG2hH3jJ4kK5lL6zZ7xX8cC9vV0bB1nN2mM3qW4eR5tT6yU7iI8oO9pP0aS1dF2gG3hH4jJ5kK6lL7zZ8xX9cC0vB1nN2mQ3wE4rR5tT6yY7uU8iI9oO0pP1aS2dF3gG4hH5jJ6kK7lL8zX9cV0bN1nM2qW3eR4tT5yU6iI7oO8pP9aS0dF1gG2hH3jJ4kK5lL6zZ7xX8cC9vV0bB1nN2mM3qW4eR5tT6yU7iI8oO9pP0aS1dF2gG3hH4jJ5kK6lL7zZ8xX9cC0vB1nN2mQ3wE4rR5tT6yY7uU8iI9oO0pP1aS2dF3gG4hH5jJ6kK7l4hH5jJ6kK7lL8zX9cV0bN1nM2qW3eR4tT5yU6iI7oO8pP9aS0dF1gG2hH3jJ4kK5lL6zZ7xX8cC9vV0bB1nN2mM3qW4eR5tT6yU7iI8oO9pP0aS1dF2gG3hH4jJ5kK6lL7zZ8xX9cC0vB1nN2mQ3wE4rR5tT6yY7uU8iI9oO0pP1aS2dF3gG4hH5jJ6kK7lL8zX9cV0bN1nM2qW3eR4tT5yU6iI7oO8pP9aS0dF1gG2hH3jJ4kK5lL6zZ7xX8cC9vV0bB1nN2mM3qW4eR5tT6yU7iI8oO9pP0aS1dF2gG3hH4jJ5kK6lL7zZ8xX9cC0vB1nN2mQ3wE4rR5tT6yY7uU8iI9oO0pP1aS2dF3gG4hH5jJ6kK7l4hH5jJ6kK7lL8zX9cV0bN1nM2qW3eR4tT5yU6iI7oO8pP9aS0dF1gG2hH3jJ4kK5lL6zZ7xX8cC9vV0bB1nN2mM3qW4eR5tT6yU7iI8oO9pP0aS1dF2gG3hH4jJ5kK6lL7zZ8xX9cC0vB1nN2mQ3wE4rR5tT6yY7uU8iI9oO0pP1aS2dF3gG4hH5jJ6kK7lL8zX9cV0bN1nM2qW3eR4tT5yU6iI7oO8pP9aS0dF1gG2hH3jJ4kK5lL6zZ7xX8cC9vV0bB1nN2mM3qW4eR5tT6yU7iI8oO9pP0aS1dF2gG3hH4jJ5kK6lL7zZ8xX9cC0vB1nN2mQ3wE4rR5tT6yY7uU8iI9oO0pP1aS2dF3gG4hH5jJ6kK7l4hH5jJ6kK7lL8zX9cV0bN1nM2qW3eR4tT5yU6iI7oO8pP9aS0dF1gG2hH3jJ4kK5lL6zZ7xX8cC9vV0bB1nN2mM3qW4eR5tT6yU7iI8oO9pP0aS1dF2gG3hH4jJ5kK6lL7zZ8xX9cC0vB1nN2mQ3wE4rR5tT6yY7uU8iI9oO0pP1aS2dF3gG4hH5jJ6kK7lL8zX9cV0bN1nM2qW3eR4tT5yU6iI7oO8pP9aS0dF1gG2hH3jJ4kK5lL6zZ7xX8cC9vV0bB1nN2mM3qW4eR5tT6yU7iI8oO9pP0aS1dF2gG3hH4jJ5kK6lL7zZ8xX9cC0vB1nN2mQ3wE4rR5tT6yY7uU8iI9oO0pP1aS2dF3gG4hH5jJ6kK7l4hH5jJ6kK7lL8zX9cV0bN1nM2qW3eR4tT5yU6iI7oO8pP9aS0dF1gG2hH3jJ4kK5lL6zZ7xX8cC9vV0bB1nN2mM3qW4eR5tT6yU7iI8oO9pP0aS1dF2gG3hH4jJ5kK6lL7zZ8xX9cC0vB1nN2mQ3wE4rR5tT6yY7uU8iI9oO0pP1aS2dF3gG4hH5jJ6kK7lL8zX9cV0bN1nM2qW3eR4tT5yU6iI7oO8pP9aS0dF1gG2hH3jJ4kK5lL6zZ7xX8cC9vV0bB1nN2mM3qW4eR5tT6yU7iI8oO9pP0aS1dF2gG3hH4jJ5kK6lL7zZ8xX9cC0vB1nN2mQ3wE4rR5tT6yY7uU8iI9oO0pP1aS2dF3gG4hH5jJ6kK7l4hH5jJ6kK7lL8zX9cV0bN1nM2qW3eR4tT5yU6iI7oO8pP9aS0dF1gG2hH3jJ4kK5lL6zZ7xX8cC9vV0bB1nN2mM3qW4eR5tT6yU7iI8oO9pP0aS1dF2gG3hH4jJ5kK6lL7zZ8xX9cC0vB1nN2mQ3wE4rR5tT6yY7uU8iI9oO0pP1aS2dF3gG4hH5jJ6kK7lL8zX9cV0bN1nM2qW3eR4tT5yU6iI7oO8pP9aS0dF1gG2hH3jJ4kK5lL6zZ7xX8cC9vV0bB1nN2mM3qW4eR5tT6yU7iI8oO9pP0aS1dF2gG3hH4jJ5kK6lL7zZ8xX9cC0vB1nN2mQ3wE4rR5tT6yY7uU8iI9oO0pP1aS2dF3gG4hH5jJ6kK7l4hH5jJ6kK7lL8zX9cV0bN1nM2qW3eR4tT5yU6iI7oO8pP9aS0dF1gG2hH3jJ4kK5lL6zZ7xX8cC9vV0bB1nN2mM3qW4eR5tT6yU7iI8oO9pP0aS1dF2gG3hH4jJ5kK6lL7zZ8xX9cC0vB1nN2mQ3wE4rR5tT6yY7uU8iI9oO0pP1aS2dF3gG4hH5jJ6kK7lL8zX9cV0bN1nM2qW3eR4tT5yU6iI7oO8pP9aS0dF1gG2hH3jJ4kK5lL6zZ7xX8cC9vV0bB1nN2mM3qW4eR5tT6yU7iI8oO9pP0aS1dF2gG3hH4jJ5kK6lL7zZ8xX9cC0vB1nN2mQ3wE4rR5tT6yY7uU8iI9oO0pP1aS2dF3gG4hH5jJ6kK7l4hH5jJ6kK7lL8zX9cV0bN1nM2qW3eR4tT5yU6iI7oO8pP9aS0dF1gG2hH3jJ4kK5lL6zZ7xX8cC9vV0bB1nN2mM3qW4eR5tT6yU7iI8oO9pP0aS1dF2gG3hH4jJ5kK6lL7zZ8xX9cC0vB1nN2mQ3wE4rR5tT6yY7uU8iI9oO0pP1aS2dF3gG4hH5jJ6kK7lL8zX9cV0bN1nM2qW3eR4tT5yU6iI7oO8pP9aS0dF1gG2hH3jJ4kK5lL6zZ7xX8cC9vV0bB1nN2mM3qW4eR5tT6yU7iI8oO9pP0aS1dF2gG3hH4jJ5kK6lL7zZ8xX9cC0vB1nN2mQ3wE4rR5tT6yY7uU8iI9oO0pP1aS2dF3gG4hH5jJ6kK7l4hH5jJ6kK7lL8zX9cV0bN1nM2qW3eR4tT5yU6iI7oO8pP9aS0dF1gG2hH3jJ4kK5lL6zZ7xX8cC9vV0bB1nN2mM3qW4eR5tT6yU7iI8oO9pP0aS1dF2gG3hH4jJ5kK6lL7zZ8xX9cC0vB1nN2mQ3wE4rR5tT6yY7uU8iI9oO0pP1aS2dF3gG4hH5jJ6kK7lL8zX9cV0bN1nM2qW3eR4tT5yU6iI7oO8pP9aS0dF1gG2hH3jJ4kK5lL6zZ7xX8cC9vV0bB1nN2mM3qW4eR5tT6yU7iI8oO9pP0aS1dF2gG3hH4jJ5kK6lL7zZ8xX9cC0vB1nN2mQ3wE4rR5tT6yY7uU8iI9oO0pP1aS2dF3gG4hH5jJ6kK7l4hH5jJ6kK7lL8zX9cV0bN1nM2qW3eR4tT5yU6iI7oO8pP9aS0dF1gG2hH3jJ4kK5lL6zZ7xX8cC9vV0bB1nN2mM3qW4eR5tT6yU7iI8oO9pP0aS1dF2gG3hH4jJ5kK6lL7zZ8xX9cC0vB1nN2mQ3wE4rR5tT6yY7uU8iI9oO0pP1aS2dF3gG4hH5jJ6kK7lL8zX9cV0bN1nM2qW3eR4tT5yU6iI7oO8pP9aS0dF1gG2hH3jJ4kK5lL6zZ7xX8cC9vV0bB1nN2mM3qW4eR5tT6yU7iI8oO9pP0aS1dF2gG3hH4jJ5kK6lL7zZ8xX9cC0vB1nN2mQ3wE4rR5tT6yY7uU8iI9oO0pP1aS2dF3gG4hH5jJ6kK7l4hH5jJ6kK7lL8zX9cV0bN1nM2qW3eR4tT5yU6iI7oO8pP9aS0dF1gG2hH3jJ4kK5lL6zZ7xX8cC9vV0bB1nN2mM3qW4eR5tT6yU7iI8oO9pP0aS1dF2gG3hH4jJ5kK6lL7zZ8xX9cC0vB1nN2mQ3wE4rR5tT6yY7uU8iI9oO0pP1aS2dF3gG4hH5jJ6kK7lL8zX9cV0bN1nM2qW3eR4tT5yU6iI7oO8pP9aS0dF1gG2hH3jJ4kK5lL6zZ7xX8cC9vV0bB1nN2mM3qW4eR5tT6yU7iI8oO9pP0aS1dF2gG3hH4jJ5kK6lL7zZ8xX9cC0vB1nN2mQ3wE4rR5tT6yY7uU8iI9oO0pP1aS2dF3gG4hH5jJ6kK7l4hH5jJ6kK7lL8zX9cV0bN1nM2qW3eR4tT5yU6iI7oO8pP9aS0dF1gG2hH3jJ4kK5lL6zZ7xX8cC9vV0bB1nN2mM3qW4eR5tT6yU7iI8oO9pP0aS1dF2gG3hH4jJ5kK6lL7zZ8xX9cC0vB1nN2mQ3wE4rR5tT6yY7uU8iI9oO0pP1aS2dF3gG4hH5jJ6kK7lL8zX9cV0bN1nM2qW3eR4tT5yU6iI7oO8pP9aS0dF1gG2hH3jJ4kK5lL6zZ7xX8cC9vV0bB1nN2mM3qW4eR5tT6yU7iI8oO9pP0aS1dF2gG3hH4jJ5kK6lL7zZ8xX9cC0vB1nN2mQ3wE4rR5tT6yY7uU8iI9oO0pP1aS2dF3gG4hH5jJ6kK7l4hH5jJ6kK7lL8zX9cV0bN1nM2qW3eR4tT5yU6iI7oO8pP9aS0dF1gG2hH3jJ4kK5lL6zZ7xX8cC9vV0bB1nN2mM3qW4eR5tT6yU7iI8oO9pP0aS1dF2gG3hH4jJ5kK6lL7zZ8xX9cC0vB1nN2mQ3wE4rR5tT6yY7uU8iI9oO0pP1aS2dF3gG4hH5jJ6kK7lL8zX9cV0bN1nM2qW3eR4tT5yU6iI7oO8pP9aS0dF1gG2hH3jJ4kK5lL6zZ7xX8cC9vV0bB1nN2mM3qW4eR5tT6yU7iI8oO9pP0aS1dF2gG3hH4jJ5kK6lL7zZ8xX9cC0vB1nN2mQ3wE4rR5tT6yY7uU8iI9oO0pP1aS2dF3gG4hH5jJ6kK7l4hH5jJ6kK7lL8zX9cV0bN1nM2qW3eR4tT5yU6iI7oO8pP9aS0dF1gG2hH3jJ4kK5lL6zZ7xX8cC9vV0bB1nN2mM3qW4eR5tT6yU7iI8oO9pP0aS1dF2gG3hH4jJ5kK6lL7zZ8xX9cC0vB1nN2mQ3wE4rR5tT6yY7uU8iI9oO0pP1aS2dF3gG4hH5jJ6kK7lL8zX9cV0bN1nM2qW3eR4tT5yU6iI7oO8pP9aS0dF1gG2hH3jJ4kK5lL6zZ7xX8cC9vV0bB1nN2mM3qW4eR5tT6yU7iI8oO9pP0aS1dF2gG3hH4jJ5kK6lL7zZ8xX9cC0vB1nN2mQ3wE4rR5tT6yY7uU8iI9oO0pP1aS2dF3gG4hH5jJ6kK7l4hH5jJ6kK7lL8zX9cV0bN1nM2qW3eR4tT5yU6iI7oO8pP9aS0dF1gG2hH3jJ4kK5lL6zZ7xX8cC9vV0bB1nN2mM3qW4eR5tT6yU7iI8oO9pP0aS1dF2gG3hH4jJ5kK6lL7zZ8xX9cC0vB1nN2mQ3wE4rR5tT6yY7uU8iI9oO0pP1aS2dF3gG4hH5jJ6kK7lL8zX9cV0bN1nM2qW3eR4tT5yU6iI7oO8pP9aS0dF1gG2hH3jJ4kK5lL6THEFINALVALUESARELONDON209457012zZ7xX8cC9vV0bB1nN2mM3qW4eR5tT6yU7iI8oO9pP0aS1dF2gG3hH4jJ5kK6lL7zZ8xX9cC0vB1nN2mQ3wE4rR5tT6yY7uU8iI9oO0pP1aS2dF3gG4hH5jJ6kK7l4hH5jJ6kK7lL8zX9cV0bN1nM2qW3eR4tT5yU6iI7oO8pP9aS0dF1gG2hH3jJ4kK5lL6zZ7xX8cC9vV0bB1nN2mM3qW4eR5tT6yU7iI8oO9pP0aS1dF2gG3hH4jJ5kK6lL7zZ8xX9cC0vB1nN2mQ3wE4rR5tT6yY7uU8iI9oO0pP1aS2dF3gG4hH5jJ6kK7lL8zX9cV0bN1nM2qW3eR4tT5yU6iI7oO8pP9aS0dF1gG2hH3jJ4kK5lL6zZ7xX8cC9vV0bB1nN2mM3qW4eR5tT6yU7iI8oO9pP0aS1dF2gG3hH4jJ5kK6lL7zZ8xX9cC0vB1nN2mQ3wE4rR5tT6yY7uU8iI9oO0pP1aS2dF3gG4hH5jJ6kK7l4hH5jJ6kK7lL8zX9cV0bN1nM2qW3eR4tT5yU6iI7oO8pP9aS0dF1gG2hH3jJ4kK5lL6zZ7xX8cC9vV0bB1nN2mM3qW4eR5tT6yU7iI8oO9pP0aS1dF2gG3hH4jJ5kK6lL7zZ8xX9cC0vB1nN2mQ3wE4rR5tT6yY7uU8iI9oO0pP1aS2dF3gG4hH5jJ6kK7lL8zX9cV0bN1nM2qW3eR4tT5yU6iI7oO8pP9aS0dF1gG2hH3jJ4kK5lL6zZ7xX8cC9vV0bB1nN2mM3qW4eR5tT6yU7iI8oO9pP0aS1dF2gG3hH4jJ5kK6lL7zZ8xX9cC0vB1nN2mQ3wE4rR5tT6yY7uU8iI9oO0pP1aS2dF3gG4hH5jJ6kK7l4hH5jJ6kK7lL8zX9cV0bN1nM2qW3eR4tT5yU6iI7oO8pP9aS0dF1gG2hH3jJ4kK5lL6zZ7xX8cC9vV0bB1nN2mM3qW4eR5tT6yU7iI8oO9pP0aS1dF2gG3hH4jJ5kK6lL7zZ8xX9cC0vB1nN2mQ3wE4rR5tT6yY7uU8iI9oO0pP1aS2dF3gG4hH5jJ6kK7lL8zX9cV0bN1nM2qW3eR4tT5yU6iI7oO8pP9aS0dF1gG2hH3jJ4kK5lL6zZ7xX8cC9vV0bB1nN2mM3qW4eR5tT6yU7iI8oO9pP0aS1dF2gG3hH4jJ5kK6lL7zZ8xX9cC0vB1nN2mQ3wE4rR5tT6yY7uU8iI9oO0pP1aS2dF3gG4hH5jJ6kK7l4hH5jJ6kK7lL8zX9cV0bN1nM2qW3eR4tT5yU6iI7oO8pP9aS0dF1gG2hH3jJ4kK5lL6zZ7xX8cC9vV0bB1nN2mM3qW4eR5tT6yU7iI8oO9pP0aS1dF2gG3hH4jJ5kK6lL7zZ8xX9cC0vB1nN2mQ3wE4rR5tT6yY7uU8iI9oO0pP1aS2dF3gG4hH5jJ6kK7lL8zX9cV0bN1nM2qW3eR4tT5yU6iI7oO8pP9aS0dF1gG2hH3jJ4kK5lL6zZ7xX8cC9vV0bB1nN2mM3qW4eR5tT6yU7iI8oO9pP0aS1dF2gG3hH4jJ5kK6lL7zZ8xX9cC0vB1nN2mQ3wE4rR5tT6yY7uU8iI9oO0pP1aS2dF3gG4hH5jJ6kK7l4hH5jJ6kK7lL8zX9cV0bN1nM2qW3eR4tT5yU6iI7oO8pP9aS0dF1gG2hH3jJ4kK5lL6zZ7xX8cC9vV0bB1nN2mM3qW4eR5tT6yU7iI8oO9pP0aS1dF2gG3hH4jJ5kK6lL7zZ8xX9cC0vB1nN2mQ3wE4rR5tT6yY7uU8iI9oO0pP1aS2dF3gG4hH5jJ6kK7lL8zX9cV0bN1nM2qW3eR4tT5yU6iI7oO8pP9aS0dF1gG2hH3jJ4kK5lL6zZ7xX8cC9vV0bB1nN2mM3qW4eR5tT6yU7iI8oO9pP0aS1dF2gG3hH4jJ5kK6lL7zZ8xX9cC0vB1nN2mQ3wE4rR5tT6yY7uU8iI9oO0pP1aS2dF3gG4hH5jJ6kK7l4hH5jJ6kK7lL8zX9cV0bN1nM2qW3eR4tT5yU6iI7oO8pP9aS0dF1gG2hH3jJ4kK5lL6zZ7xX8cC9vV0bB1nN2mM3qW4eR5tT6yU7iI8oO9pP0aS1dF2gG3hH4jJ5kK6lL7zZ8xX9cC0vB1nN2mQ3wE4rR5tT6yY7uU8iI9oO0pP1aS2dF3gG4hH5jJ6kK7lL8zX9cV0bN1nM2qW3eR4tT5yU6iI7oO8pP9aS0dF1gG2hH3jJ4kK5lL6zZ7xX8cC9vV0bB1nN2mM3qW4eR5tT6yU7iI8oO9pP0aS1dF2gG3hH4jJ5kK6lL7zZ8xX9cC0vB1nN2mQ3wE4rR5tT6yY7uU8iI9oO0pP1aS2dF3gG4hH5jJ6kK7l4hH5jJ6kK7lL8zX9cV0bN1nM2qW3eR4tT5yU6iI7oO8pP9aS0dF1gG2hH3jJ4kK5lL6zZ7xX8cC9vV0bB1nN2mM3qW4eR5tT6yU7iI8oO9pP0aS1dF2gG3hH4jJ5kK6lL7zZ8xX9cC0vB1nN2mQ3wE4rR5tT6yY7uU8iI9oO0pP1aS2dF3gG4hH5jJ6kK7lL8zX9cV0bN1nM2qW3eR4tT5yU6iI7oO8pP9aS0dF1gG2hH3jJ4kK5lL6zZ7xX8cC9vV0bB1nN2mM3qW4eR5tT6yU7iI8oO9pP0aS1dF2gG3hH4jJ5kK6lL7zZ8xX9cC0vB1nN2mQ3wE4rR5tT6yY7uU8iI9oO0pP1aS2dF3gG4hH5jJ6kK7l4hH5jJ6kK7lL8zX9cV0bN1nM2qW3eR4tT5yU6iI7oO8pP9aS0dF1gG2hH3jJ4kK5lL6zZ7xX8cC9vV0bB1nN2mM3qW4eR5tT6yU7iI8oO9pP0aS1dF2gG3hH4jJ5kK6lL7zZ8xX9cC0vB1nN2mQ3wE4rR5tT6yY7uU8iI9oO0pP1aS2dF3gG4hH5jJ6kK7lL8zX9cV0bN1nM2qW3eR4tT5yU6iI7oO8pP9aS0dF1gG2hH3jJ4kK5lL6zZ7xX8cC9vV0bB1nN2mM3qW4eR5tT6yU7iI8oO9pP0aS1dF2gG3hH4jJ5kK6lL7zZ8xX9cC0vB1nN2mQ3wE4rR5tT6yY7uU8iI9oO0pP1aS2dF3gG4hH5jJ6kK7l4hH5jJ6kK7lL8zX9cV0bN1nM2qW3eR4tT5yU6iI7oO8pP9aS0dF1gG2hH3jJ4kK5lL6zZ7xX8cC9vV0bB1nN2mM3qW4eR5tT6yU7iI8oO9pP0aS1dF2gG3hH4jJ5kK6lL7zZ8xX9cC0vB1nN2mQ3wE4rR5tT6yY7uU8iI9oO0pP1aS2dF3gG4hH5jJ6kK7lL8zX9cV0bN1nM2qW3eR4tT5yU6iI7oO8pP9aS0dF1gG2hH3jJ4kK5lL6zZ7xX8cC9vV0bB1nN2mM3qW4eR5tT6yU7iI8oO9pP0aS1dF2gG3hH4jJ5kK6lL7zZ8xX9cC0vB1nN2mQ3wE4rR5tT6yY7uU8iI9oO0pP1aS2dF3gG4hH5jJ6kK7l4hH5jJ6kK7lL8zX9cV0bN1nM2qW3eR4tT5yU6iI7oO8pP9aS0dF1gG2hH3jJ4kK5lL6zZ7xX8cC9vV0bB1nN2mM3qW4eR5tT6yU7iI8oO9pP0aS1dF2gG3hH4jJ5kK6lL7zZ8xX9cC0vB1nN2mQ3wE4rR5tT6yY7uU8iI9oO0pP1aS2dF3gG4hH5jJ6kK7lL8zX9cV0bN1nM2qW3eR4tT5yU6iI7oO8pP9aS0dF1gG2hH3jJ4kK5lL6zZ7xX8cC9vV0bB1nN2mM3qW4eR5tT6yU7iI8oO9pP0aS1dF2gG3hH4jJ5kK6lL7zZ8xX9cC0vB1nN2mQ3wE4rR5tT6yY7uU8iI9oO0pP1aS2dF3gG4hH5jJ6kK7l4hH5jJ6kK7lL8zX9cV0bN1nM2qW3eR4tT5yU6iI7oO8pP9aS0dF1gG2hH3jJ4kK5lL6zZ7xX8cC9vV0bB1nN2mM3qW4eR5tT6yU7iI8oO9pP0aS1dF2gG3hH4jJ5kK6lL7zZ8xX9cC0vB1nN2mQ3wE4rR5tT6yY7uU8iI9oO0pP1aS2dF3gG4hH5jJ6kK7lL8zX9cV0bN1nM2qW3eR4tT5yU6iI7oO8pP9aS0dF1gG2hH3jJ4kK5lL6zZ7xX8cC9vV0bB1nN2mM3qW4eR5tT6yU7iI8oO9pP0aS1dF2gG3hH4jJ5kK6lL7zZ8xX9cC0vB1nN2mQ3wE4rR5tT6yY7uU8iI9oO0pP1aS2dF3gG4hH5jJ6kK7l4hH5jJ6kK7lL8zX9cV0bN1nM2qW3eR4tT5yU6iI7oO8pP9aS0dF1gG2hH3jJ4kK5lL6zZ7xX8cC9vV0bB1nN2mM3qW4eR5tT6yU7iI8oO9pP0aS1dF2gG3hH4jJ5kK6lL7zZ8xX9cC0vB1nN2mQ3wE4rR5tT6yY7uU8iI9oO0pP1aS2dF3gG4hH5jJ6kK7lL8zX9cV0bN1nM2qW3eR4tT5yU6iI7oO8pP9aS0dF1gG2hH3jJ4kK5lL6zZ7xX8cC9vV0bB1nN2mM3qW4eR5tT6yU7iI8oO9pP0aS1dF2gG3hH4jJ5kK6lL7zZ8xX9cC0vB1nN2mQ3wE4rR5tT6yY7uU8iI9oO0pP1aS2dF3gG4hH5jJ6kK7l4hH5jJ6kK7lL8zX9cV0bN1nM2qW3eR4tT5yU6iI7oO8pP9aS0dF1gG2hH3jJ4kK5lL6zZ7xX8cC9vV0bB1nN2mM3qW4eR5tT6yU7iI8oO9pP0aS1dF2gG3hH4jJ5kK6lL7zZ8xX9cC0vB1nN2mQ3wE4rR5tT6yY7uU8iI9oO0pP1aS2dF3gG4hH5jJ6kK7lL8zX9cV0bN1nM2qW3eR4tT5yU6iI7oO8pP9aS0dF1gG2hH3jJ4kK5lL6zZ7xX8cC9vV0bB1nN2mM3qW4eR5tT6yU7iI8oO9pP0aS1dF2gG3hH4jJ5kK6lL7zZ8xX9cC0vB1nN2mQ3wE4rR5tT6yY7uU8iI9oO0pP1aS2dF3gG4hH5jJ6kK7l4hH5jJ6kK7lL8zX9cV0bN1nM2qW3eR4tT5yU6iI7oO8pP9aS0dF1gG2hH3jJ4kK5lL6zZ7xX8cC9vV0bB1nN2mM3qW4eR5tT6yU7iI8oO9pP0aS1dF2gG3hH4jJ5kK6lL7zZ8xX9cC0vB1nN2mQ3wE4rR5tT6yY7uU8iI9oO0pP1aS2dF3gG4hH5jJ6kK7lL8zX9cV0bN1nM2qW3eR4tT5yU6iI7oO8pP9aS0dF1gG2hH3jJ4kK5lL6zZ7xX8cC9vV0bB1nN2mM3qW4eR5tT6yU7iI8oO9pP0aS1dF2gG3hH4jJ5kK6lL7zZ8xX9cC0vB1nN2mQ3wE4rR5tT6yY7uU8iI9oO0pP1aS2dF3gG4hH5jJ6kK7l4hH5jJ6kK7lL8zX9cV0bN1nM2qW3eR4tT5yU6iI7oO8pP9aS0dF1gG2hH3jJ4kK5lL6zZ7xX8cC9vV0bB1nN2mM3qW4eR5tT6yU7iI8oO9pP0aS1dF2gG3hH4jJ5kK6lL7zZ8xX9cC0vB1nN2mQ3wE4rR5tT6yY7uU8iI9oO0pP1aS2dF3gG4hH5jJ6kK7lL8zX9cV0bN1nM2qW3eR4tT5yU6iI7oO8pP9aS0dF1gG2hH3jJ4kK5lL6zZ7xX8cC9vV0bB1nN2mM3qW4eR5tT6yU7iI8oO9pP0aS1dF2gG3hH4jJ5kK6lL7zZ8xX9cC0vB1nN2mQ3wE4rR5tT6yY7uU8iI9oO0pP1aS2dF3gG4hH5jJ6kK7l4hH5jJ6kK7lL8zX9cV0bN1nM2qW3eR4tT5yU6iI7oO8pP9aS0dF1gG2hH3jJ4kK5lL6zZ7xX8cC9vV0bB1nN2mM3qW4eR5tT6yU7iI8oO9pP0aS1dF2gG3hH4jJ5kK6lL7zZ8xX9cC0vB1nN2mQ3wE4rR5tT6yY7uU8iI9oO0pP1aS2dF3gG4hH5jJ6kK7lL8zX9cV0bN1nM2qW3eR4tT5yU6iI7oO8pP9aS0dF1gG2hH3jJ4kK5lL6zZ7xX8cC9vV0bB1nN2mM3qW4eR5tT6yU7iI8oO9pP0aS1dF2gG3hH4jJ5kK6lL7zZ8xX9cC0vB1nN2mQ3wE4rR5tT6yY7uU8iI9oO0pP1aS2dF3gG4hH5jJ6kK7l4hH5jJ6kK7lL8zX9cV0bN1nM2qW3eR4tT5yU6iI7oO8pP9aS0dF1gG2hH3jJ4kK5lL6zZ7xX8cC9vV0bB1nN2mM3qW4eR5tT6yU7iI8oO9pP0aS1dF2gG3hH4jJ5kK6lL7zZ8xX9cC0vB1nN2mQ3wE4rR5tT6yY7uU8iI9oO0pP1aS2dF3gG4hH5jJ6kK7lL8zX9cV0bN1nM2qW3eR4tT5yU6iI7oO8pP9aS0dF1gG2hH3jJ4kK5lL6zZ7xX8cC9vV0bB1nN2mM3qW4eR5tT6yU7iI8oO9pP0aS1dF2gG3hH4jJ5kK6lL7zZ8xX9cC0vB1nN2mQ3wE4rR5tT6yY7uU8iI9oO0pP1aS2dF3gG4hH5jJ6kK7l4hH5jJ6kK7lL8zX9cV0bN1nM2qW3eR4tT5yU6iI7oO8pP9aS0dF1gG2hH3jJ4kK5lL6zZ7xX8cC9vV0bB1nN2mM3qW4eR5tT6yU7iI8oO9pP0aS1dF2gG3hH4jJ5kK6lL7zZ8xX9cC0vB1nN2mQ3wE4rR5tT6yY7uU8iI9oO0pP1aS2dF3gG4hH5jJ6kK7lL8zX9cV0bN1nM2qW3eR4tT5yU6iI7oO8pP9aS0dF1gG2hH3jJ4kK5lL6zZ7xX8cC9vV0bB1nN2mM3qW4eR5tT6yU7iI8oO9pP0aS1dF2gG3hH4jJ5kK6lL7zZ8xX9cC0vB1nN2mQ3wE4rR5tT6yY7uU8iI9oO0pP1aS2dF3gG4hH5jJ6kK7l4hH5jJ6kK7lL8zX9cV0bN1nM2qW3eR4tT5yU6iI7oO8pP9aS0dF1gG2hH3jJ4kK5lL6zZ7xX8cC9vV0bB1nN2mM3qW4eR5tT6yU7iI8oO9pP0aS1dF2gG3hH4jJ5kK6lL7zZ8xX9cC0vB1nN2mQ3wE4rR5tT6yY7uU8iI9oO0pP1aS2dF3gG4hH5jJ6kK7lL7nB9vR2mX8kLp4QjW3tY5zH1aG6sF9dD0fS8gA7hJ6kL5mN4bV3vC2xZ1oP9iU8uY7tT6rR5eE4wW3qQ2aZ1sX2dC3fV4gB5hN6jM7kL8pO9iU0yT1rE2wQ3aS4dF5gG6hH7jJ8kK9lL0zZ1xX2cC3vV4bB5nN6mM7qQ8wW9eE0rR1tT2yY3uU4iI5oO6pP7aA8sS9dD0fF1gG2hH3jJ4kK5lL6zZ7xX8cC9vV0bB1nN2mM3qW4eR5tT6yU7iI8oO9pP0aS1dF2gG3hH4jJ5kK6lL7zZ8xX9cC0vB1nN2mQ3wE4rR5tT6yY7uU8iI9oO0pP1aS2dF3gG4hH5jJ6kK7lL8zX9cV0bN1nM2qW3eR4tT5yU6iI7oO8pP9aS0dF1gG2hH3jJ4kK5lL6zZ7xX8cC9vV0bB1nN2mM3qW4eR5tT6yU7iI8oO9pP0aS1dF2gG3hH4jJ5kK6lL7zZ8xX9cC0vB1nN2mQ3wE4rR5tT6yY7uU8iI9oO0pP1aS2dF3gG4hH5jJ6kK7lL8zX9cV0bN1nM2qW3eR4tT5yU6iI7oO8pP9aS0dF1gG2hH3jJ4kK5lL6zZ7xX8cC9vV0bB1nN2mM3qW4eR5tT6yU7iI8oO9pP0aS1dF2gG3hH4jJ5kK6lL7zZ8xX9cC0vB1nN2mQ3wE4rR5tT6yY7uU8iI9oO0pP1aS2dF3gG4hH5jJ6kK7lL8zX9cV0bN1nM2qW3eR4tT5yU6iI7oO8pP9aS0dF1gG2hH3jJ4kK5lL6zZ7xX8cC9vV0bB1nN2mM3qW4eR5tT6yU7iI8oO9pP0aS1dF2gG3hH4jJ5kK6lL7zZ8xX9cC0vB1nN2mQ3wE4rR5tT6yY7uU8iI9oO0pP1aS2dF3gG4hH5jJ6kK7lL8zX9cV0bN1nM2qW3eR4tT5yU6iI7oO8pP9aS0dF1gG2hH3jJ4kK5lL6zZ7xX8cC9vV0bB1nN2mM3qW4eR5tT6yU7iI8oO9pP0aS1dF2gG3hH4jJ5kK6lL7zZ8xX9cC0vB1nN2mQ3wE4rR5tT6yY7uU8iI9oO0pP1aS2dF3gG4hH5jJ6kK7l4hH5jJ6kK7lL8zX9cV0bN1nM2qW3eR4tT5yU6iI7oO8pP9aS0dF1gG2hH3jJ4kK5lL6zZ7xX8cC9vV0bB1nN2mM3qW4eR5tT6yU7iI8oO9pP0aS1dF2gG3hH4jJ5kK6lL7zZ8xX9cC0vB1nN2mQ3wE4rR5tT6yY7uU8iI9oO0pP1aS2dF3gG4hH5jJ6kK7lL8zX9cV0bN1nM2qW3eR4tT5yU6iI7oO8pP9aS0dF1gG2hH3jJ4kK5lL6zZ7xX8cC9vV0bB1nN2mM3qW4eR5tT6yU7iI8oO9pP0aS1dF2gG3hH4jJ5kK6lL7zZ8xX9cC0vB1nN2mQ3wE4rR5tT6yY7uU8iI9oO0pP1aS2dF3gG4hH5jJ6kK7l4hH5jJ6kK7lL8zX9cV0bN1nM2qW3eR4tT5yU6iI7oO8pP9aS0dF1gG2hH3jJ4kK5lL6zZ7xX8cC9vV0bB1nN2mM3qW4eR5tT6yU7iI8oO9pP0aS1dF2gG3hH4jJ5kK6lL7zZ8xX9cC0vB1nN2mQ3wE4rR5tT6yY7uU8iI9oO0pP1aS2dF3gG4hH5jJ6kK7lL8zX9cV0bN1nM2qW3eR4tT5yU6iI7oO8pP9aS0dF1gG2hH3jJ4kK5lL6zZ7xX8cC9vV0bB1nN2mM3qW4eR5tT6yU7iI8oO9pP0aS1dF2gG3hH4jJ5kK6lL7zZ8xX9cC0vB1nN2mQ3wE4rR5tT6yY7uU8iI9oO0pP1aS2dF3gG4hH5jJ6kK7l4hH5jJ6kK7lL8zX9cV0bN1nM2qW3eR4tT5yU6iI7oO8pP9aS0dF1gG2hH3jJ4kK5lL6zZ7xX8cC9vV0bB1nN2mM3qW4eR5tT6yU7iI8oO9pP0aS1dF2gG3hH4jJ5kK6lL7zZ8xX9cC0vB1nN2mQ3wE4rR5tT6yY7uU8iI9oO0pP1aS2dF3gG4hH5jJ6kK7lL8zX9cV0bN1nM2qW3eR4tT5yU6iI7oO8pP9aS0dF1gG2hH3jJ4kK5lL6zZ7xX8cC9vV0bB1nN2mM3qW4eR5tT6yU7iI8oO9pP0aS1dF2gG3hH4jJ5kK6lL7zZ8xX9cC0vB1nN2mQ3wE4rR5tT6yY7uU8iI9oO0pP1aS2dF3gG4hH5jJ6kK7l4hH5jJ6kK7lL8zX9cV0bN1nM2qW3eR4tT5yU6iI7oO8pP9aS0dF1gG2hH3jJ4kK5lL6zZ7xX8cC9vV0bB1nN2mM3qW4eR5tT6yU7iI8oO9pP0aS1dF2gG3hH4jJ5kK6lL7zZ8xX9cC0vB1nN2mQ3wE4rR5tT6yY7uU8iI9oO0pP1aS2dF3gG4hH5jJ6kK7lL8zX9cV0bN1nM2qW3eR4tT5yU6iI7oO8pP9aS0dF1gG2hH3jJ4kK5lL6zZ7xX8cC9vV0bB1nN2mM3qW4eR5tT6yU7iI8oO9pP0aS1dF2gG3hH4jJ5kK6lL7zZ8xX9cC0vB1nN2mQ3wE4rR5tT6yY7uU8iI9oO0pP1aS2dF3gG4hH5jJ6kK7l4hH5jJ6kK7lL8zX9cV0bN1nM2qW3eR4tT5yU6iI7oO8pP9aS0dF1gG2hH3jJ4kK5lL6zZ7xX8cC9vV0bB1nN2mM3qW4eR5tT6yU7iI8oO9pP0aS1dF2gG3hH4jJ5kK6lL7zZ8xX9cC0vB1nN2mQ3wE4rR5tT6yY7uU8iI9oO0pP1aS2dF3gG4hH5jJ6kK7lL8zX9cV0bN1nM2qW3eR4tT5yU6iI7oO8pP9aS0dF1gG2hH3jJ4kK5lL6zZ7xX8cC9vV0bB1nN2mM3qW4eR5tT6yU7iI8oO9pP0aS1dF2gG3hH4jJ5kK6lL7zZ8xX9cC0vB1nN2mQ3wE4rR5tT6yY7uU8iI9oO0pP1aS2dF3gG4hH5jJ6kK7l4hH5jJ6kK7lL8zX9cV0bN1nM2qW3eR4tT5yU6iI7oO8pP9aS0dF1gG2hH3jJ4kK5lL6zZ7xX8cC9vV0bB1nN2mM3qW4eR5tT6yU7iI8oO9pP0aS1dF2gG3hH4jJ5kK6lL7zZ8xX9cC0vB1nN2mQ3wE4rR5tT6yY7uU8iI9oO0pP1aS2dF3gG4hH5jJ6kK7lL8zX9cV0bN1nM2qW3eR4tT5yU6iI7oO8pP9aS0dF1gG2hH3jJ4kK5lL6zZ7xX8cC9vV0bB1nN2mM3qW4eR5tT6yU7iI8oO9pP0aS1dF2gG3hH4jJ5kK6lL7zZ8xX9cC0vB1nN2mQ3wE4rR5tT6yY7uU8iI9oO0pP1aS2dF3gG4hH5jJ6kK7l4hH5jJ6kK7lL8zX9cV0bN1nM2qW3eR4tT5yU6iI7oO8pP9aS0dF1gG2hH3jJ4kK5lL6zZ7xX8cC9vV0bB1nN2mM3qW4eR5tT6yU7iI8oO9pP0aS1dF2gG3hH4jJ5kK6lL7zZ8xX9cC0vB1nN2mQ3wE4rR5tT6yY7uU8iI9oO0pP1aS2dF3gG4hH5jJ6kK7lL8zX9cV0bN1nM2qW3eR4tT5yU6iI7oO8pP9aS0dF1gG2hH3jJ4kK5lL6zZ7xX8cC9vV0bB1nN2mM3qW4eR5tT6yU7iI8oO9pP0aS1dF2gG3hH4jJ5kK6lL7zZ8xX9cC0vB1nN2mQ3wE4rR5tT6yY7uU8iI9oO0pP1aS2dF3gG4hH5jJ6kK7l4hH5jJ6kK7lL8zX9cV0bN1nM2qW3eR4tT5yU6iI7oO8pP9aS0dF1gG2hH3jJ4kK5lL6z7nB9vR2mX8kLp4QjW3tY5zH1aG6sF9dD0fS8gA7hJ6kL5mN4bV3vC2xZ1oP9iU8uY7tT6rR5eE4wW3qQ2aZ1sX2dC3fV4gB5hN6jM7kL8pO9iU0yT1rE2wQ3aS4dF5gG6hH7jJ8kK9lL0zZ1xX2cC3vV4bB5nN6mM7qQ8wW9eE0rR1tT2yY3uU4iI5oO6pP7aA8sS9dD0fF1gG2hH3jJ4kK5lL6zZ7xX8cC9vV0bB1nN2mM3qW4eR5tT6yU7iI8oO9pP0aS1dF2gG3hH4jJ5kK6lL7zZ8xX9cC0vB1nN2mQ3wE4rR5tT6yY7uU8iI9oO0pP1aS2dF3gG4hH5jJ6kK7lL8zX9cV0bN1nM2qW3eR4tT5yU6iI7oO8pP9aS0dF1gG2hH3jJ4kK5lL6zZ7xX8cC9vV0bB1nN2mM3qW4eR5tT6yU7iI8oO9pP0aS1dF2gG3hH4jJ5kK6lL7zZ8xX9cC0vB1nN2mQ3wE4rR5tT6yY7uU8iI9oO0pP1aS2dF3gG4hH5jJ6kK7lL8zX9cV0bN1nM2qW3eR4tT5yU6iI7oO8pP9aS0dF1gG2hH3jJ4kK5lL6zZ7xX8cC9vV0bB1nN2mM3qW4eR5tT6yU7iI8oO9pP0aS1dF2gG3hH4jJ5kK6lL7zZ8xX9cC0vB1nN2mQ3wE4rR5tT6yY7uU8iI9oO0pP1aS2dF3gG4hH5jJ6kK7lL8zX9cV0bN1nM2qW3eR4tT5yU6iI7oO8pP9aS0dF1gG2hH3jJ4kK5lL6zZ7xX8cC9vV0bB1nN2mM3qW4eR5tT6yU7iI8oO9pP0aS1dF2gG3hH4jJ5kK6lL7zZ8xX9cC0vB1nN2mQ3wE4rR5tT6yY7uU8iI9oO0pP1aS2dF3gG4hH5jJ6kK7lL8zX9cV0bN1nM2qW3eR4tT5yU6iI7oO8pP9aS0dF1gG2hH3jJ4kK5lL6zZ7xX8cC9vV0bB1nN2mM3qW4eR5tT6yU7iI8oO9pP0aS1dF2gG3hH4jJ5kK6lL7zZ8xX9cC0vB1nN2mQ3wE4rR5tT6yY7uU8iI9oO0pP1aS2dF3gG4hH5jJ6kK7l4hH5jJ6kK7lL8zX9cV0bN1nM2qW3eR4tT5yU6iI7oO8pP9aS0dF1gG2hH3jJ4kK5lL6zZ7xX8cC9vV0bB1nN2mM3qW4eR5tT6yU7iI8oO9pP0aS1dF2gG3hH4jJ5kK6lL7zZ8xX9cC0vB1nN2mQ3wE4rR5tT6yY7uU8iI9oO0pP1aS2dF3gG4hH5jJ6kK7lL8zX9cV0bN1nM2qW3eR4tT5yU6iI7oO8pP9aS0dF1gG2hH3jJ4kK5lL6zZ7xX8cC9vV0bB1nN2mM3qW4eR5tT6yU7iI8oO9pP0aS1dF2gG3hH4jJ5kK6lL7zZ8xX9cC0vB1nN2mQ3wE4rR5tT6yY7uU8iI9oO0pP1aS2dF3gG4hH5jJ6kK7l4hH5jJ6kK7lL8zX9cV0bN1nM2qW3eR4tT5yU6iI7oO8pP9aS0dF1gG2hH3jJ4kK5lL6zZ7xX8cC9vV0bB1nN2mM3qW4eR5tT6yU7iI8oO9pP0aS1dF2gG3hH4jJ5kK6lL7zZ8xX9cC0vB1nN2mQ3wE4rR5tT6yY7uU8iI9oO0pP1aS2dF3gG4hH5jJ6kK7lL8zX9cV0bN1nM2qW3eR4tT5yU6iI7oO8pP9aS0dF1gG2hH3jJ4kK5lL6zZ7xX8cC9vV0bB1nN2mM3qW4eR5tT6yU7iI8oO9pP0aS1dF2gG3hH4jJ5kK6lL7zZ8xX9cC0vB1nN2mQ3wE4rR5tT6yY7uU8iI9oO0pP1aS2dF3gG4hH5jJ6kK7l4hH5jJ6kK7lL8zX9cV0bN1nM2qW3eR4tT5yU6iI7oO8pP9aS0dF1gG2hH3jJ4kK5lL6zZ7xX8cC9vV0bB1nN2mM3qW4eR5tT6yU7iI8oO9pP0aS1dF2gG3hH4jJ5kK6lL7zZ8xX9cC0vB1nN2mQ3wE4rR5tT6yY7uU8iI9oO0pP1aS2dF3gG4hH5jJ6kK7lL8zX9cV0bN1nM2qW3eR4tT5yU6iI7oO8pP9aS0dF1gG2hH3jJ4kK5lL6zZ7xX8cC9vV0bB1nN2mM3qW4eR5tT6yU7iI8oO9pP0aS1dF2gG3hH4jJ5kK6lL7zZ8xX9cC0vB1nN2mQ3wE4rR5tT6yY7uU8iI9oO0pP1aS2dF3gG4hH5jJ6kK7l4hH5jJ6kK7lL8zX9cV0bN1nM2qW3eR4tT5yU6iI7oO8pP9aS0dF1gG2hH3jJ4kK5lL6zZ7xX8cC9vV0bB1nN2mM3qW4eR5tT6yU7iI8oO9pP0aS1dF2gG3hH4jJ5kK6lL7zZ8xX9cC0vB1nN2mQ3wE4rR5tT6yY7uU8iI9oO0pP1aS2dF3gG4hH5jJ6kK7lL8zX9cV0bN1nM2qW3eR4tT5yU6iI7oO8pP9aS0dF1gG2hH3jJ4kK5lL6zZ7xX8cC9vV0bB1nN2mM3qW4eR5tT6yU7iI8oO9pP0aS1dF2gG3hH4jJ5kK6lL7zZ8xX9cC0vB1nN2mQ3wE4rR5tT6yY7uU8iI9oO0pP1aS2dF3gG4hH5jJ6kK7l4hH5jJ6kK7lL8zX9cV0bN1nM2qW3eR4tT5yU6iI7oO8pP9aS0dF1gG2hH3jJ4kK5lL6zZ7xX8cC9vV0bB1nN2mM3qW4eR5tT6yU7iI8oO9pP0aS1dF2gG3hH4jJ5kK6lL7zZ8xX9cC0vB1nN2mQ3wE4rR5tT6yY7uU8iI9oO0pP1aS2dF3gG4hH5jJ6kK7lL8zX9cV0bN1nM2qW3eR4tT5yU6iI7oO8pP9aS0dF1gG2hH3jJ4kK5lL6zZ7xX8cC9vV0bB1nN2mM3qW4eR5tT6yU7iI8oO9pP0aS1dF2gG3hH4jJ5kK6lL7zZ8xX9cC0vB1nN2mQ3wE4rR5tT6yY7uU8iI9oO0pP1aS2dF3gG4hH5jJ6kK7l4hH5jJ6kK7lL8zX9cV0bN1nM2qW3eR4tT5yU6iI7oO8pP9aS0dF1gG2hH3jJ4kK5lL6zZ7xX8cC9vV0bB1nN2mM3qW4eR5tT6yU7iI8oO9pP0aS1dF2gG3hH4jJ5kK6lL7zZ8xX9cC0vB1nN2mQ3wE4rR5tT6yY7uU8iI9oO0pP1aS2dF3gG4hH5jJ6kK7lL8zX9cV0bN1nM2qW3eR4tT5yU6iI7oO8pP9aS0dF1gG2hH3jJ4kK5lL6zZ7xX8cC9vV0bB1nN2mM3qW4eR5tT6yU7iI8oO9pP0aS1dF2gG3hH4jJ5kK6lL7zZ8xX9cC0vB1nN2mQ3wE4rR5tT6yY7uU8iI9oO0pP1aS2dF3gG4hH5jJ6kK7l4hH5jJ6kK7lL8zX9cV0bN1nM2qW3eR4tT5yU6iI7oO8pP9aS0dF1gG2hH3jJ4kK5lL6zZ7xX8cC9vV0bB1nN2mM3qW4eR5tT6yU7iI8oO9pP0aS1dF2gG3hH4jJ5kK6lL7zZ8xX9cC0vB1nN2mQ3wE4rR5tT6yY7uU8iI9oO0pP1aS2dF3gG4hH5jJ6kK7lL8zX9cV0bN1nM2qW3eR4tT5yU6iI7oO8pP9aS0dF1gG2hH3jJ4kK5lL6zZ7xX8cC9vV0bB1nN2mM3qW4eR5tT6yU7iI8oO9pP0aS1dF2gG3hH4jJ5kK6lL7zZ8xX9cC0vB1nN2mQ3wE4rR5tT6yY7uU8iI9oO0pP1aS2dF3gG4hH5jJ6kK7l4hH5jJ6kK7lL8zX9cV0bN1nM2qW3eR4tT5yU6iI7oO8pP9aS0dF1gG2hH3jJ4kK5lL6z7nB9vR2mX8kLp4QjW3tY5zH1aG6sF9dD0fS8gA7hJ6kL5mN4bV3vC2xZ1oP9iU8uY7tT6rR5eE4wW3qQ2aZ1sX2dC3fV4gB5hN6jM7kL8pO9iU0yT1rE2wQ3aS4dF5gG6hH7jJ8kK9lL0zZ1xX2cC3vV4bB5nN6mM7qQ8wW9eE0rR1tT2yY3uU4iI5oO6pP7aA8sS9dD0fF1gG2hH3jJ4kK5lL6zZ7xX8cC9vV0bB1nN2mM3qW4eR5tT6yU7iI8oO9pP0aS1dF2gG3hH4jJ5kK6lL7zZ8xX9cC0vB1nN2mQ3wE4rR5tT6yY7uU8iI9oO0pP1aS2dF3gG4hH5jJ6kK7lL8zX9cV0bN1nM2qW3eR4tT5yU6iI7oO8pP9aS0dF1gG2hH3jJ4kK5lL6zZ7xX8cC9vV0bB1nN2mM3qW4eR5tT6yU7iI8oO9pP0aS1dF2gG3hH4jJ5kK6lL7zZ8xX9cC0vB1nN2mQ3wE4rR5tT6yY7uU8iI9oO0pP1aS2dF3gG4hH5jJ6kK7lL8zX9cV0bN1nM2qW3eR4tT5yU6iI7oO8pP9aS0dF1gG2hH3jJ4kK5lL6zZ7xX8cC9vV0bB1nN2mM3qW4eR5tT6yU7iI8oO9pP0aS1dF2gG3hH4jJ5kK6lL7zZ8xX9cC0vB1nN2mQ3wE4rR5tT6yY7uU8iI9oO0pP1aS2dF3gG4hH5jJ6kK7lL8zX9cV0bN1nM2qW3eR4tT5yU6iI7oO8pP9aS0dF1gG2hH3jJ4kK5lL6zZ7xX8cC9vV0bB1nN2mM3qW4eR5tT6yU7iI8oO9pP0aS1dF2gG3hH4jJ5kK6lL7zZ8xX9cC0vB1nN2mQ3wE4rR5tT6yY7uU8iI9oO0pP1aS2dF3gG4hH5jJ6kK7lL8zX9cV0bN1nM2qW3eR4tT5yU6iI7oO8pP9aS0dF1gG2hH3jJ4kK5lL6zZ7xX8cC9vV0bB1nN2mM3qW4eR5tT6yU7iI8oO9pP0aS1dF2gG3hH4jJ5kK6lL7zZ8xX9cC0vB1nN2mQ3wE4rR5tT6yY7uU8iI9oO0pP1aS2dF3gG4hH5jJ6kK7l4hH5jJ6kK7lL8zX9cV0bN1nM2qW3eR4tT5yU6iI7oO8pP9aS0dF1gG2hH3jJ4kK5lL6zZ7xX8cC9vV0bB1nN2mM3qW4eR5tT6yU7iI8oO9pP0aS1dF2gG3hH4jJ5kK6lL7zZ8xX9cC0vB1nN2mQ3wE4rR5tT6yY7uU8iI9oO0pP1aS2dF3gG4hH5jJ6kK7lL8zX9cV0bN1nM2qW3eR4tT5yU6iI7oO8pP9aS0dF1gG2hH3jJ4kK5lL6zZ7xX8cC9vV0bB1nN2mM3qW4eR5tT6yU7iI8oO9pP0aS1dF2gG3hH4jJ5kK6lL7zZ8xX9cC0vB1nN2mQ3wE4rR5tT6yY7uU8iI9oO0pP1aS2dF3gG4hH5jJ6kK7l4hH5jJ6kK7lL8zX9cV0bN1nM2qW3eR4tT5yU6iI7oO8pP9aS0dF1gG2hH3jJ4kK5lL6zZ7xX8cC9vV0bB1nN2mM3qW4eR5tT6yU7iI8oO9pP0aS1dF2gG3hH4jJ5kK6lL7zZ8xX9cC0vB1nN2mQ3wE4rR5tT6yY7uU8iI9oO0pP1aS2dF3gG4hH5jJ6kK7lL8zX9cV0bN1nM2qW3eR4tT5yU6iI7oO8pP9aS0dF1gG2hH3jJ4kK5lL6zZ7xX8cC9vV0bB1nN2mM3qW4eR5tT6yU7iI8oO9pP0aS1dF2gG3hH4jJ5kK6lL7zZ8xX9cC0vB1nN2mQ3wE4rR5tT6yY7uU8iI9oO0pP1aS2dF3gG4hH5jJ6kK7l4hH5jJ6kK7lL8zX9cV0bN1nM2qW3eR4tT5yU6iI7oO8pP9aS0dF1gG2hH3jJ4kK5lL6zZ7xX8cC9vV0bB1nN2mM3qW4eR5tT6yU7iI8oO9pP0aS1dF2gG3hH4jJ5kK6lL7zZ8xX9cC0vB1nN2mQ3wE4rR5tT6yY7uU8iI9oO0pP1aS2dF3gG4hH5jJ6kK7lL8zX9cV0bN1nM2qW3eR4tT5yU6iI7oO8pP9aS0dF1gG2hH3jJ4kK5lL6zZ7xX8cC9vV0bB1nN2mM3qW4eR5tT6yU7iI8oO9pP0aS1dF2gG3hH4jJ5kK6lL7zZ8xX9cC0vB1nN2mQ3wE4rR5tT6yY7uU8iI9oO0pP1aS2dF3gG4hH5jJ6kK7l4hH5jJ6kK7lL8zX9cV0bN1nM2qW3eR4tT5yU6iI7oO8pP9aS0dF1gG2hH3jJ4kK5lL6zZ7xX8cC9vV0bB1nN2mM3qW4eR5tT6yU7iI8oO9pP0aS1dF2gG3hH4jJ5kK6lL7zZ8xX9cC0vB1nN2mQ3wE4rR5tT6yY7uU8iI9oO0pP1aS2dF3gG4hH5jJ6kK7lL8zX9cV0bN1nM2qW3eR4tT5yU6iI7oO8pP9aS0dF1gG2hH3jJ4kK5lL6zZ7xX8cC9vV0bB1nN2mM3qW4eR5tT6yU7iI8oO9pP0aS1dF2gG3hH4jJ5kK6lL7zZ8xX9cC0vB1nN2mQ3wE4rR5tT6yY7uU8iI9oO0pP1aS2dF3gG4hH5jJ6kK7l4hH5jJ6kK7lL8zX9cV0bN1nM2qW3eR4tT5yU6iI7oO8pP9aS0dF1gG2hH3jJ4kK5lL6zZ7xX8cC9vV0bB1nN2mM3qW4eR5tT6yU7iI8oO9pP0aS1dF2gG3hH4jJ5kK6lL7zZ8xX9cC0vB1nN2mQ3wE4rR5tT6yY7uU8iI9oO0pP1aS2dF3gG4hH5jJ6kK7lL8zX9cV0bN1nM2qW3eR4tT5yU6iI7oO8pP9aS0dF1gG2hH3jJ4kK5lL6zZ7xX8cC9vV0bB1nN2mM3qW4eR5tT6yU7iI8oO9pP0aS1dF2gG3hH4jJ5kK6lL7zZ8xX9cC0vB1nN2mQ3wE4rR5tT6yY7uU8iI9oO0pP1aS2dF3gG4hH5jJ6kK7l4hH5jJ6kK7lL8zX9cV0bN1nM2qW3eR4tT5yU6iI7oO8pP9aS0dF1gG2hH3jJ4kK5lL6zZ7xX8cC9vV0bB1nN2mM3qW4eR5tT6yU7iI8oO9pP0aS1dF2gG3hH4jJ5kK6lL7zZ8xX9cC0vB1nN2mQ3wE4rR5tT6yY7uU8iI9oO0pP1aS2dF3gG4hH5jJ6kK7lL8zX9cV0bN1nM2qW3eR4tT5yU6iI7oO8pP9aS0dF1gG2hH3jJ4kK5lL6zZ7xX8cC9vV0bB1nN2mM3qW4eR5tT6yU7iI8oO9pP0aS1dF2gG3hH4jJ5kK6lL7zZ8xX9cC0vB1nN2mQ3wE4rR5tT6yY7uU8iI9oO0pP1aS2dF3gG4hH5jJ6kK7l4hH5jJ6kK7lL8zX9cV0bN1nM2qW3eR4tT5yU6iI7oO8pP9aS0dF1gG2hH3jJ4kK5lL6zZ7xX8cC9vV0bB1nN2mM3qW4eR5tT6yU7iI8oO9pP0aS1dF2gG3hH4jJ5kK6lL7zZ8xX9cC0vB1nN2mQ3wE4rR5tT6yY7uU8iI9oO0pP1aS2dF3gG4hH5jJ6kK7lL8zX9cV0bN1nM2qW3eR4tT5yU6iI7oO8pP9aS0dF1gG2hH3jJ4kK5lL6zZ7xX8cC9vV0bB1nN2mM3qW4eR5tT6yU7iI8oO9pP0aS1dF2gG3hH4jJ5kK6lL7zZ8xX9cC0vB1nN2mQ3wE4rR5tT6yY7uU8iI9oO0pP1aS2dF3gG4hH5jJ6kK7l4hH5jJ6kK7lL8zX9cV0bN1nM2qW3eR4tT5yU6iI7oO8pP9aS0dF1gG2hH3jJ4kK5lL6z7nB9vR2mX8kLp4QjW3tY5zH1aG6sF9dD0fS8gA7hJ6kL5mN4bV3vC2xZ1oP9iU8uY7tT6rR5eE4wW3qQ2aZ1sX2dC3fV4gB5hN6jM7kL8pO9iU0yT1rE2wQ3aS4dF5gG6hH7jJ8kK9lL0zZ1xX2cC3vV4bB5nN6mM7qQ8wW9eE0rR1tT2yY3uU4iI5oO6pP7aA8sS9dD0fF1gG2hH3jJ4kK5lL6zZ7xX8cC9vV0bB1nN2mM3qW4eR5tT6yU7iI8oO9pP0aS1dF2gG3hH4jJ5kK6lL7zZ8xX9cC0vB1nN2mQ3wE4rR5tT6yY7uU8iI9oO0pP1aS2dF3gG4hH5jJ6kK7lL8zX9cV0bN1nM2qW3eR4tT5yU6iI7oO8pP9aS0dF1gG2hH3jJ4kK5lL6zZ7xX8cC9vV0bB1nN2mM3qW4eR5tT6yU7iI8oO9pP0aS1dF2gG3hH4jJ5kK6lL7zZ8xX9cC0vB1nN2mQ3wE4rR5tT6yY7uU8iI9oO0pP1aS2dF3gG4hH5jJ6kK7lL8zX9cV0bN1nM2qW3eR4tT5yU6iI7oO8pP9aS0dF1gG2hH3jJ4kK5lL6zZ7xX8cC9vV0bB1nN2mM3qW4eR5tT6yU7iI8oO9pP0aS1dF2gG3hH4jJ5kK6lL7zZ8xX9cC0vB1nN2mQ3wE4rR5tT6yY7uU8iI9oO0pP1aS2dF3gG4hH5jJ6kK7lL8zX9cV0bN1nM2qW3eR4tT5yU6iI7oO8pP9aS0dF1gG2hH3jJ4kK5lL6zZ7xX8cC9vV0bB1nN2mM3qW4eR5tT6yU7iI8oO9pP0aS1dF2gG3hH4jJ5kK6lL7zZ8xX9cC0vB1nN2mQ3wE4rR5tT6yY7uU8iI9oO0pP1aS2dF3gG4hH5jJ6kK7lL8zX9cV0bN1nM2qW3eR4tT5yU6iI7oO8pP9aS0dF1gG2hH3jJ4kK5lL6zZ7xX8cC9vV0bB1nN2mM3qW4eR5tT6yU7iI8oO9pP0aS1dF2gG3hH4jJ5kK6lL7zZ8xX9cC0vB1nN2mQ3wE4rR5tT6yY7uU8iI9oO0pP1aS2dF3gG4hH5jJ6kK7l4hH5jJ6kK7lL8zX9cV0bN1nM2qW3eR4tT5yU6iI7oO8pP9aS0dF1gG2hH3jJ4kK5lL6zZ7xX8cC9vV0bB1nN2mM3qW4eR5tT6yU7iI8oO9pP0aS1dF2gG3hH4jJ5kK6lL7zZ8xX9cC0vB1nN2mQ3wE4rR5tT6yY7uU8iI9oO0pP1aS2dF3gG4hH5jJ6kK7lL8zX9cV0bN1nM2qW3eR4tT5yU6iI7oO8pP9aS0dF1gG2hH3jJ4kK5lL6zZ7xX8cC9vV0bB1nN2mM3qW4eR5tT6yU7iI8oO9pP0aS1dF2gG3hH4jJ5kK6lL7zZ8xX9cC0vB1nN2mQ3wE4rR5tT6yY7uU8iI9oO0pP1aS2dF3gG4hH5jJ6kK7l4hH5jJ6kK7lL8zX9cV0bN1nM2qW3eR4tT5yU6iI7oO8pP9aS0dF1gG2hH3jJ4kK5lL6zZ7xX8cC9vV0bB1nN2mM3qW4eR5tT6yU7iI8oO9pP0aS1dF2gG3hH4jJ5kK6lL7zZ8xX9cC0vB1nN2mQ3wE4rR5tT6yY7uU8iI9oO0pP1aS2dF3gG4hH5jJ6kK7lL8zX9cV0bN1nM2qW3eR4tT5yU6iI7oO8pP9aS0dF1gG2hH3jJ4kK5lL6zZ7xX8cC9vV0bB1nN2mM3qW4eR5tT6yU7iI8oO9pP0aS1dF2gG3hH4jJ5kK6lL7zZ8xX9cC0vB1nN2mQ3wE4rR5tT6yY7uU8iI9oO0pP1aS2dF3gG4hH5jJ6kK7l4hH5jJ6kK7lL8zX9cV0bN1nM2qW3eR4tT5yU6iI7oO8pP9aS0dF1gG2hH3jJ4kK5lL6zZ7xX8cC9vV0bB1nN2mM3qW4eR5tT6yU7iI8oO9pP0aS1dF2gG3hH4jJ5kK6lL7zZ8xX9cC0vB1nN2mQ3wE4rR5tT6yY7uU8iI9oO0pP1aS2dF3gG4hH5jJ6kK7lL8zX9cV0bN1nM2qW3eR4tT5yU6iI7oO8pP9aS0dF1gG2hH3jJ4kK5lL6zZ7xX8cC9vV0bB1nN2mM3qW4eR5tT6yU7iI8oO9pP0aS1dF2gG3hH4jJ5kK6lL7zZ8xX9cC0vB1nN2mQ3wE4rR5tT6yY7uU8iI9oO0pP1aS2dF3gG4hH5jJ6kK7l4hH5jJ6kK7lL8zX9cV0bN1nM2qW3eR4tT5yU6iI7oO8pP9aS0dF1gG2hH3jJ4kK5lL6zZ7xX8cC9vV0bB1nN2mM3qW4eR5tT6yU7iI8oO9pP0aS1dF2gG3hH4jJ5kK6lL7zZ8xX9cC0vB1nN2mQ3wE4rR5tT6yY7uU8iI9oO0pP1aS2dF3gG4hH5jJ6kK7lL8zX9cV0bN1nM2qW3eR4tT5yU6iI7oO8pP9aS0dF1gG2hH3jJ4kK5lL6zZ7xX8cC9vV0bB1nN2mM3qW4eR5tT6yU7iI8oO9pP0aS1dF2gG3hH4jJ5kK6lL7zZ8xX9cC0vB1nN2mQ3wE4rR5tT6yY7uU8iI9oO0pP1aS2dF3gG4hH5jJ6kK7l4hH5jJ6kK7lL8zX9cV0bN1nM2qW3eR4tT5yU6iI7oO8pP9aS0dF1gG2hH3jJ4kK5lL6zZ7xX8cC9vV0bB1nN2mM3qW4eR5tT6yU7iI8oO9pP0aS1dF2gG3hH4jJ5kK6lL7zZ8xX9cC0vB1nN2mQ3wE4rR5tT6yY7uU8iI9oO0pP1aS2dF3gG4hH5jJ6kK7lL8zX9cV0bN1nM2qW3eR4tT5yU6iI7oO8pP9aS0dF1gG2hH3jJ4kK5lL6zZ7xX8cC9vV0bB1nN2mM3qW4eR5tT6yU7iI8oO9pP0aS1dF2gG3hH4jJ5kK6lL7zZ8xX9cC0vB1nN2mQ3wE4rR5tT6yY7uU8iI9oO0pP1aS2dF3gG4hH5jJ6kK7l4hH5jJ6kK7lL8zX9cV0bN1nM2qW3eR4tT5yU6iI7oO8pP9aS0dF1gG2hH3jJ4kK5lL6zZ7xX8cC9vV0bB1nN2mM3qW4eR5tT6yU7iI8oO9pP0aS1dF2gG3hH4jJ5kK6lL7zZ8xX9cC0vB1nN2mQ3wE4rR5tT6yY7uU8iI9oO0pP1aS2dF3gG4hH5jJ6kK7lL8zX9cV0bN1nM2qW3eR4tT5yU6iI7oO8pP9aS0dF1gG2hH3jJ4kK5lL6zZ7xX8cC9vV0bB1nN2mM3qW4eR5tT6yU7iI8oO9pP0aS1dF2gG3hH4jJ5kK6lL7zZ8xX9cC0vB1nN2mQ3wE4rR5tT6yY7uU8iI9oO0pP1aS2dF3gG4hH5jJ6kK7l4hH5jJ6kK7lL8zX9cV0bN1nM2qW3eR4tT5yU6iI7oO8pP9aS0dF1gG2hH3jJ4kK5lL6zZ7xX8cC9vV0bB1nN2mM3qW4eR5tT6yU7iI8oO9pP0aS1dF2gG3hH4jJ5kK6lL7zZ8xX9cC0vB1nN2mQ3wE4rR5tT6yY7uU8iI9oO0pP1aS2dF3gG4hH5jJ6kK7lL8zX9cV0bN1nM2qW3eR4tT5yU6iI7oO8pP9aS0dF1gG2hH3jJ4kK5lL6zZ7xX8cC9vV0bB1nN2mM3qW4eR5tT6yU7iI8oO9pP0aS1dF2gG3hH4jJ5kK6lL7zZ8xX9cC0vB1nN2mQ3wE4rR5tT6yY7uU8iI9oO0pP1aS2dF3gG4hH5jJ6kK7l4hH5jJ6kK7lL8zX9cV0bN1nM2qW3eR4tT5yU6iI7oO8pP9aS0dF1gG2hH3jJ4kK5lL6z7nB9vR2mX8kLp4QjW3tY5zH1aG6sF9dD0fS8gA7hJ6kL5mN4bV3vC2xZ1oP9iU8uY7tT6rR5eE4wW3qQ2aZ1sX2dC3fV4gB5hN6jM7kL8pO9iU0yT1rE2wQ3aS4dF5gG6hH7jJ8kK9lL0zZ1xX2cC3vV4bB5nN6mM7qQ8wW9eE0rR1tT2yY3uU4iI5oO6pP7aA8sS9dD0fF1gG2hH3jJ4kK5lL6zZ7xX8cC9vV0bB1nN2mM3qW4eR5tT6yU7iI8oO9pP0aS1dF2gG3hH4jJ5kK6lL7zZ8xX9cC0vB1nN2mQ3wE4rR5tT6yY7uU8iI9oO0pP1aS2dF3gG4hH5jJ6kK7lL8zX9cV0bN1nM2qW3eR4tT5yU6iI7oO8pP9aS0dF1gG2hH3jJ4kK5lL6zZ7xX8cC9vV0bB1nN2mM3qW4eR5tT6yU7iI8oO9pP0aS1dF2gG3hH4jJ5kK6lL7zZ8xX9cC0vB1nN2mQ3wE4rR5tT6yY7uU8iI9oO0pP1aS2dF3gG4hH5jJ6kK7lL8zX9cV0bN1nM2qW3eR4tT5yU6iI7oO8pP9aS0dF1gG2hH3jJ4kK5lL6zZ7xX8cC9vV0bB1nN2mM3qW4eR5tT6yU7iI8oO9pP0aS1dF2gG3hH4jJ5kK6lL7zZ8xX9cC0vB1nN2mQ3wE4rR5tT6yY7uU8iI9oO0pP1aS2dF3gG4hH5jJ6kK7lL8zX9cV0bN1nM2qW3eR4tT5yU6iI7oO8pP9aS0dF1gG2hH3jJ4kK5lL6zZ7xX8cC9vV0bB1nN2mM3qW4eR5tT6yU7iI8oO9pP0aS1dF2gG3hH4jJ5kK6lL7zZ8xX9cC0vB1nN2mQ3wE4rR5tT6yY7uU8iI9oO0pP1aS2dF3gG4hH5jJ6kK7lL8zX9cV0bN1nM2qW3eR4tT5yU6iI7oO8pP9aS0dF1gG2hH3jJ4kK5lL6zZ7xX8cC9vV0bB1nN2mM3qW4eR5tT6yU7iI8oO9pP0aS1dF2gG3hH4jJ5kK6lL7zZ8xX9cC0vB1nN2mQ3wE4rR5tT6yY7uU8iI9oO0pP1aS2dF3gG4hH5jJ6kK7l4hH5jJ6kK7lL8zX9cV0bN1nM2qW3eR4tT5yU6iI7oO8pP9aS0dF1gG2hH3jJ4kK5lL6zZ7xX8cC9vV0bB1nN2mM3qW4eR5tT6yU7iI8oO9pP0aS1dF2gG3hH4jJ5kK6lL7zZ8xX9cC0vB1nN2mQ3wE4rR5tT6yY7uU8iI9oO0pP1aS2dF3gG4hH5jJ6kK7lL8zX9cV0bN1nM2qW3eR4tT5yU6iI7oO8pP9aS0dF1gG2hH3jJ4kK5lL6zZ7xX8cC9vV0bB1nN2mM3qW4eR5tT6yU7iI8oO9pP0aS1dF2gG3hH4jJ5kK6lL7zZ8xX9cC0vB1nN2mQ3wE4rR5tT6yY7uU8iI9oO0pP1aS2dF3gG4hH5jJ6kK7l4hH5jJ6kK7lL8zX9cV0bN1nM2qW3eR4tT5yU6iI7oO8pP9aS0dF1gG2hH3jJ4kK5lL6zZ7xX8cC9vV0bB1nN2mM3qW4eR5tT6yU7iI8oO9pP0aS1dF2gG3hH4jJ5kK6lL7zZ8xX9cC0vB1nN2mQ3wE4rR5tT6yY7uU8iI9oO0pP1aS2dF3gG4hH5jJ6kK7lL8zX9cV0bN1nM2qW3eR4tT5yU6iI7oO8pP9aS0dF1gG2hH3jJ4kK5lL6zZ7xX8cC9vV0bB1nN2mM3qW4eR5tT6yU7iI8oO9pP0aS1dF2gG3hH4jJ5kK6lL7zZ8xX9cC0vB1nN2mQ3wE4rR5tT6yY7uU8iI9oO0pP1aS2dF3gG4hH5jJ6kK7l4hH5jJ6kK7lL8zX9cV0bN1nM2qW3eR4tT5yU6iI7oO8pP9aS0dF1gG2hH3jJ4kK5lL6zZ7xX8cC9vV0bB1nN2mM3qW4eR5tT6yU7iI8oO9pP0aS1dF2gG3hH4jJ5kK6lL7zZ8xX9cC0vB1nN2mQ3wE4rR5tT6yY7uU8iI9oO0pP1aS2dF3gG4hH5jJ6kK7lL8zX9cV0bN1nM2qW3eR4tT5yU6iI7oO8pP9aS0dF1gG2hH3jJ4kK5lL6zZ7xX8cC9vV0bB1nN2mM3qW4eR5tT6yU7iI8oO9pP0aS1dF2gG3hH4jJ5kK6lL7zZ8xX9cC0vB1nN2mQ3wE4rR5tT6yY7uU8iI9oO0pP1aS2dF3gG4hH5jJ6kK7l4hH5jJ6kK7lL8zX9cV0bN1nM2qW3eR4tT5yU6iI7oO8pP9aS0dF1gG2hH3jJ4kK5lL6zZ7xX8cC9vV0bB1nN2mM3qW4eR5tT6yU7iI8oO9pP0aS1dF2gG3hH4jJ5kK6lL7zZ8xX9cC0vB1nN2mQ3wE4rR5tT6yY7uU8iI9oO0pP1aS2dF3gG4hH5jJ6kK7lL8zX9cV0bN1nM2qW3eR4tT5yU6iI7oO8pP9aS0dF1gG2hH3jJ4kK5lL6zZ7xX8cC9vV0bB1nN2mM3qW4eR5tT6yU7iI8oO9pP0aS1dF2gG3hH4jJ5kK6lL7zZ8xX9cC0vB1nN2mQ3wE4rR5tT6yY7uU8iI9oO0pP1aS2dF3gG4hH5jJ6kK7l4hH5jJ6kK7lL8zX9cV0bN1nM2qW3eR4tT5yU6iI7oO8pP9aS0dF1gG2hH3jJ4kK5lL6zZ7xX8cC9vV0bB1nN2mM3qW4eR5tT6yU7iI8oO9pP0aS1dF2gG3hH4jJ5kK6lL7zZ8xX9cC0vB1nN2mQ3wE4rR5tT6yY7uU8iI9oO0pP1aS2dF3gG4hH5jJ6kK7lL8zX9cV0bN1nM2qW3eR4tT5yU6iI7oO8pP9aS0dF1gG2hH3jJ4kK5lL6zZ7xX8cC9vV0bB1nN2mM3qW4eR5tT6yU7iI8oO9pP0aS1dF2gG3hH4jJ5kK6lL7zZ8xX9cC0vB1nN2mQ3wE4rR5tT6yY7uU8iI9oO0pP1aS2dF3gG4hH5jJ6kK7l4hH5jJ6kK7lL8zX9cV0bN1nM2qW3eR4tT5yU6iI7oO8pP9aS0dF1gG2hH3jJ4kK5lL6zZ7xX8cC9vV0bB1nN2mM3qW4eR5tT6yU7iI8oO9pP0aS1dF2gG3hH4jJ5kK6lL7zZ8xX9cC0vB1nN2mQ3wE4rR5tT6yY7uU8iI9oO0pP1aS2dF3gG4hH5jJ6kK7lL8zX9cV0bN1nM2qW3eR4tT5yU6iI7oO8pP9aS0dF1gG2hH3jJ4kK5lL6zZ7xX8cC9vV0bB1nN2mM3qW4eR5tT6yU7iI8oO9pP0aS1dF2gG3hH4jJ5kK6lL7zZ8xX9cC0vB1nN2mQ3wE4rR5tT6yY7uU8iI9oO0pP1aS2dF3gG4hH5jJ6kK7l4hH5jJ6kK7lL8zX9cV0bN1nM2qW3eR4tT5yU6iI7oO8pP9aS0dF1gG2hH3jJ4kK5lL6zZ7xX8cC9vV0bB1nN2mM3qW4eR5tT6yU7iI8oO9pP0aS1dF2gG3hH4jJ5kK6lL7zZ8xX9cC0vB1nN2mQ3wE4rR5tT6yY7uU8iI9oO0pP1aS2dF3gG4hH5jJ6kK7lL8zX9cV0bN1nM2qW3eR4tT5yU6iI7oO8pP9aS0dF1gG2hH3jJ4kK5lL6zZ7xX8cC9vV0bB1nN2mM3qW4eR5tT6yU7iI8oO9pP0aS1dF2gG3hH4jJ5kK6lL7zZ8xX9cC0vB1nN2mQ3wE4rR5tT6yY7uU8iI9oO0pP1aS2dF3gG4hH5jJ6kK7l4hH5jJ6kK7lL8zX9cV0bN1nM2qW3eR4tT5yU6iI7oO8pP9aS0dF1gG2hH3jJ4kK5lL6z7nB9vR2mX8kLp4QjW3tY5zH1aG6sF9dD0fS8gA7hJ6kL5mN4bV3vC2xZ1oP9iU8uY7tT6rR5eE4wW3qQ2aZ1sX2dC3fV4gB5hN6jM7kL8pO9iU0yT1rE2wQ3aS4dF5gG6hH7jJ8kK9lL0zZ1xX2cC3vV4bB5nN6mM7qQ8wW9eE0rR1tT2yY3uU4iI5oO6pP7aA8sS9dD0fF1gG2hH3jJ4kK5lL6zZ7xX8cC9vV0bB1nN2mM3qW4eR5tT6yU7iI8oO9pP0aS1dF2gG3hH4jJ5kK6lL7zZ8xX9cC0vB1nN2mQ3wE4rR5tT6yY7uU8iI9oO0pP1aS2dF3gG4hH5jJ6kK7lL8zX9cV0bN1nM2qW3eR4tT5yU6iI7oO8pP9aS0dF1gG2hH3jJ4kK5lL6zZ7xX8cC9vV0bB1nN2mM3qW4eR5tT6yU7iI8oO9pP0aS1dF2gG3hH4jJ5kK6lL7zZ8xX9cC0vB1nN2mQ3wE4rR5tT6yY7uU8iI9oO0pP1aS2dF3gG4hH5jJ6kK7lL8zX9cV0bN1nM2qW3eR4tT5yU6iI7oO8pP9aS0dF1gG2hH3jJ4kK5lL6zZ7xX8cC9vV0bB1nN2mM3qW4eR5tT6yU7iI8oO9pP0aS1dF2gG3hH4jJ5kK6lL7zZ8xX9cC0vB1nN2mQ3wE4rR5tT6yY7uU8iI9oO0pP1aS2dF3gG4hH5jJ6kK7lL8zX9cV0bN1nM2qW3eR4tT5yU6iI7oO8pP9aS0dF1gG2hH3jJ4kK5lL6zZ7xX8cC9vV0bB1nN2mM3qW4eR5tT6yU7iI8oO9pP0aS1dF2gG3hH4jJ5kK6lL7zZ8xX9cC0vB1nN2mQ3wE4rR5tT6yY7uU8iI9oO0pP1aS2dF3gG4hH5jJ6kK7lL8zX9cV0bN1nM2qW3eR4tT5yU6iI7oO8pP9aS0dF1gG2hH3jJ4kK5lL6zZ7xX8cC9vV0bB1nN2mM3qW4eR5tT6yU7iI8oO9pP0aS1dF2gG3hH4jJ5kK6lL7zZ8xX9cC0vB1nN2mQ3wE4rR5tT6yY7uU8iI9oO0pP1aS2dF3gG4hH5jJ6kK7l4hH5jJ6kK7lL8zX9cV0bN1nM2qW3eR4tT5yU6iI7oO8pP9aS0dF1gG2hH3jJ4kK5lL6zZ7xX8cC9vV0bB1nN2mM3qW4eR5tT6yU7iI8oO9pP0aS1dF2gG3hH4jJ5kK6lL7zZ8xX9cC0vB1nN2mQ3wE4rR5tT6yY7uU8iI9oO0pP1aS2dF3gG4hH5jJ6kK7lL8zX9cV0bN1nM2qW3eR4tT5yU6iI7oO8pP9aS0dF1gG2hH3jJ4kK5lL6zZ7xX8cC9vV0bB1nN2mM3qW4eR5tT6yU7iI8oO9pP0aS1dF2gG3hH4jJ5kK6lL7zZ8xX9cC0vB1nN2mQ3wE4rR5tT6yY7uU8iI9oO0pP1aS2dF3gG4hH5jJ6kK7l4hH5jJ6kK7lL8zX9cV0bN1nM2qW3eR4tT5yU6iI7oO8pP9aS0dF1gG2hH3jJ4kK5lL6zZ7xX8cC9vV0bB1nN2mM3qW4eR5tT6yU7iI8oO9pP0aS1dF2gG3hH4jJ5kK6lL7zZ8xX9cC0vB1nN2mQ3wE4rR5tT6yY7uU8iI9oO0pP1aS2dF3gG4hH5jJ6kK7lL8zX9cV0bN1nM2qW3eR4tT5yU6iI7oO8pP9aS0dF1gG2hH3jJ4kK5lL6zZ7xX8cC9vV0bB1nN2mM3qW4eR5tT6yU7iI8oO9pP0aS1dF2gG3hH4jJ5kK6lL7zZ8xX9cC0vB1nN2mQ3wE4rR5tT6yY7uU8iI9oO0pP1aS2dF3gG4hH5jJ6kK7l4hH5jJ6kK7lL8zX9cV0bN1nM2qW3eR4tT5yU6iI7oO8pP9aS0dF1gG2hH3jJ4kK5lL6zZ7xX8cC9vV0bB1nN2mM3qW4eR5tT6yU7iI8oO9pP0aS1dF2gG3hH4jJ5kK6lL7zZ8xX9cC0vB1nN2mQ3wE4rR5tT6yY7uU8iI9oO0pP1aS2dF3gG4hH5jJ6kK7lL8zX9cV0bN1nM2qW3eR4tT5yU6iI7oO8pP9aS0dF1gG2hH3jJ4kK5lL6zZ7xX8cC9vV0bB1nN2mM3qW4eR5tT6yU7iI8oO9pP0aS1dF2gG3hH4jJ5kK6lL7zZ8xX9cC0vB1nN2mQ3wE4rR5tT6yY7uU8iI9oO0pP1aS2dF3gG4hH5jJ6kK7l4hH5jJ6kK7lL8zX9cV0bN1nM2qW3eR4tT5yU6iI7oO8pP9aS0dF1gG2hH3jJ4kK5lL6zZ7xX8cC9vV0bB1nN2mM3qW4eR5tT6yU7iI8oO9pP0aS1dF2gG3hH4jJ5kK6lL7zZ8xX9cC0vB1nN2mQ3wE4rR5tT6yY7uU8iI9oO0pP1aS2dF3gG4hH5jJ6kK7lL8zX9cV0bN1nM2qW3eR4tT5yU6iI7oO8pP9aS0dF1gG2hH3jJ4kK5lL6zZ7xX8cC9vV0bB1nN2mM3qW4eR5tT6yU7iI8oO9pP0aS1dF2gG3hH4jJ5kK6lL7zZ8xX9cC0vB1nN2mQ3wE4rR5tT6yY7uU8iI9oO0pP1aS2dF3gG4hH5jJ6kK7l4hH5jJ6kK7lL8zX9cV0bN1nM2qW3eR4tT5yU6iI7oO8pP9aS0dF1gG2hH3jJ4kK5lL6zZ7xX8cC9vV0bB1nN2mM3qW4eR5tT6yU7iI8oO9pP0aS1dF2gG3hH4jJ5kK6lL7zZ8xX9cC0vB1nN2mQ3wE4rR5tT6yY7uU8iI9oO0pP1aS2dF3gG4hH5jJ6kK7lL8zX9cV0bN1nM2qW3eR4tT5yU6iI7oO8pP9aS0dF1gG2hH3jJ4kK5lL6zZ7xX8cC9vV0bB1nN2mM3qW4eR5tT6yU7iI8oO9pP0aS1dF2gG3hH4jJ5kK6lL7zZ8xX9cC0vB1nN2mQ3wE4rR5tT6yY7uU8iI9oO0pP1aS2dF3gG4hH5jJ6kK7l4hH5jJ6kK7lL8zX9cV0bN1nM2qW3eR4tT5yU6iI7oO8pP9aS0dF1gG2hH3jJ4kK5lL6zZ7xX8cC9vV0bB1nN2mM3qW4eR5tT6yU7iI8oO9pP0aS1dF2gG3hH4jJ5kK6lL7zZ8xX9cC0vB1nN2mQ3wE4rR5tT6yY7uU8iI9oO0pP1aS2dF3gG4hH5jJ6kK7lL8zX9cV0bN1nM2qW3eR4tT5yU6iI7oO8pP9aS0dF1gG2hH3jJ4kK5lL6zZ7xX8cC9vV0bB1nN2mM3qW4eR5tT6yU7iI8oO9pP0aS1dF2gG3hH4jJ5kK6lL7zZ8xX9cC0vB1nN2mQ3wE4rR5tT6yY7uU8iI9oO0pP1aS2dF3gG4hH5jJ6kK7l4hH5jJ6kK7lL8zX9cV0bN1nM2qW3eR4tT5yU6iI7oO8pP9aS0dF1gG2hH3jJ4kK5lL6zZ7xX8cC9vV0bB1nN2mM3qW4eR5tT6yU7iI8oO9pP0aS1dF2gG3hH4jJ5kK6lL7zZ8xX9cC0vB1nN2mQ3wE4rR5tT6yY7uU8iI9oO0pP1aS2dF3gG4hH5jJ6kK7lL8zX9cV0bN1nM2qW3eR4tT5yU6iI7oO8pP9aS0dF1gG2hH3jJ4kK5lL6zZ7xX8cC9vV0bB1nN2mM3qW4eR5tT6yU7iI8oO9pP0aS1dF2gG3hH4jJ5kK6lL7zZ8xX9cC0vB1nN2mQ3wE4rR5tT6yY7uU8iI9oO0pP1aS2dF3gG4hH5jJ6kK7l4hH5jJ6kK7lL8zX9cV0bN1nM2qW3eR4tT5yU6iI7oO8pP9aS0dF1gG2hH3jJ4kK5lL6z7nB9vR2mX8kLp4QjW3tY5zH1aG6sF9dD0fS8gA7hJ6kL5mN4bV3vC2xZ1oP9iU8uY7tT6rR5eE4wW3qQ2aZ1sX2dC3fV4gB5hN6jM7kL8pO9iU0yT1rE2wQ3aS4dF5gG6hH7jJ8kK9lL0zZ1xX2cC3vV4bB5nN6mM7qQ8wW9eE0rR1tT2yY3uU4iI5oO6pP7aA8sS9dD0fF1gG2hH3jJ4kK5lL6zZ7xX8cC9vV0bB1nN2mM3qW4eR5tT6yU7iI8oO9pP0aS1dF2gG3hH4jJ5kK6lL7zZ8xX9cC0vB1nN2mQ3wE4rR5tT6yY7uU8iI9oO0pP1aS2dF3gG4hH5jJ6kK7lL8zX9cV0bN1nM2qW3eR4tT5yU6iI7oO8pP9aS0dF1gG2hH3jJ4kK5lL6zZ7xX8cC9vV0bB1nN2mM3qW4eR5tT6yU7iI8oO9pP0aS1dF2gG3hH4jJ5kK6lL7zZ8xX9cC0vB1nN2mQ3wE4rR5tT6yY7uU8iI9oO0pP1aS2dF3gG4hH5jJ6kK7lL8zX9cV0bN1nM2qW3eR4tT5yU6iI7oO8pP9aS0dF1gG2hH3jJ4kK5lL6zZ7xX8cC9vV0bB1nN2mM3qW4eR5tT6yU7iI8oO9pP0aS1dF2gG3hH4jJ5kK6lL7zZ8xX9cC0vB1nN2mQ3wE4rR5tT6yY7uU8iI9oO0pP1aS2dF3gG4hH5jJ6kK7lL8zX9cV0bN1nM2qW3eR4tT5yU6iI7oO8pP9aS0dF1gG2hH3jJ4kK5lL6zZ7xX8cC9vV0bB1nN2mM3qW4eR5tT6yU7iI8oO9pP0aS1dF2gG3hH4jJ5kK6lL7zZ8xX9cC0vB1nN2mQ3wE4rR5tT6yY7uU8iI9oO0pP1aS2dF3gG4hH5jJ6kK7lL8zX9cV0bN1nM2qW3eR4tT5yU6iI7oO8pP9aS0dF1gG2hH3jJ4kK5lL6zZ7xX8cC9vV0bB1nN2mM3qW4eR5tT6yU7iI8oO9pP0aS1dF2gG3hH4jJ5kK6lL7zZ8xX9cC0vB1nN2mQ3wE4rR5tT6yY7uU8iI9oO0pP1aS2dF3gG4hH5jJ6kK7l4hH5jJ6kK7lL8zX9cV0bN1nM2qW3eR4tT5yU6iI7oO8pP9aS0dF1gG2hH3jJ4kK5lL6zZ7xX8cC9vV0bB1nN2mM3qW4eR5tT6yU7iI8oO9pP0aS1dF2gG3hH4jJ5kK6lL7zZ8xX9cC0vB1nN2mQ3wE4rR5tT6yY7uU8iI9oO0pP1aS2dF3gG4hH5jJ6kK7lL8zX9cV0bN1nM2qW3eR4tT5yU6iI7oO8pP9aS0dF1gG2hH3jJ4kK5lL6zZ7xX8cC9vV0bB1nN2mM3qW4eR5tT6yU7iI8oO9pP0aS1dF2gG3hH4jJ5kK6lL7zZ8xX9cC0vB1nN2mQ3wE4rR5tT6yY7uU8iI9oO0pP1aS2dF3gG4hH5jJ6kK7l4hH5jJ6kK7lL8zX9cV0bN1nM2qW3eR4tT5yU6iI7oO8pP9aS0dF1gG2hH3jJ4kK5lL6zZ7xX8cC9vV0bB1nN2mM3qW4eR5tT6yU7iI8oO9pP0aS1dF2gG3hH4jJ5kK6lL7zZ8xX9cC0vB1nN2mQ3wE4rR5tT6yY7uU8iI9oO0pP1aS2dF3gG4hH5jJ6kK7lL8zX9cV0bN1nM2qW3eR4tT5yU6iI7oO8pP9aS0dF1gG2hH3jJ4kK5lL6zZ7xX8cC9vV0bB1nN2mM3qW4eR5tT6yU7iI8oO9pP0aS1dF2gG3hH4jJ5kK6lL7zZ8xX9cC0vB1nN2mQ3wE4rR5tT6yY7uU8iI9oO0pP1aS2dF3gG4hH5jJ6kK7l4hH5jJ6kK7lL8zX9cV0bN1nM2qW3eR4tT5yU6iI7oO8pP9aS0dF1gG2hH3jJ4kK5lL6zZ7xX8cC9vV0bB1nN2mM3qW4eR5tT6yU7iI8oO9pP0aS1dF2gG3hH4jJ5kK6lL7zZ8xX9cC0vB1nN2mQ3wE4rR5tT6yY7uU8iI9oO0pP1aS2dF3gG4hH5jJ6kK7lL8zX9cV0bN1nM2qW3eR4tT5yU6iI7oO8pP9aS0dF1gG2hH3jJ4kK5lL6zZ7xX8cC9vV0bB1nN2mM3qW4eR5tT6yU7iI8oO9pP0aS1dF2gG3hH4jJ5kK6lL7zZ8xX9cC0vB1nN2mQ3wE4rR5tT6yY7uU8iI9oO0pP1aS2dF3gG4hH5jJ6kK7l4hH5jJ6kK7lL8zX9cV0bN1nM2qW3eR4tT5yU6iI7oO8pP9aS0dF1gG2hH3jJ4kK5lL6zZ7xX8cC9vV0bB1nN2mM3qW4eR5tT6yU7iI8oO9pP0aS1dF2gG3hH4jJ5kK6lL7zZ8xX9cC0vB1nN2mQ3wE4rR5tT6yY7uU8iI9oO0pP1aS2dF3gG4hH5jJ6kK7lL8zX9cV0bN1nM2qW3eR4tT5yU6iI7oO8pP9aS0dF1gG2hH3jJ4kK5lL6zZ7xX8cC9vV0bB1nN2mM3qW4eR5tT6yU7iI8oO9pP0aS1dF2gG3hH4jJ5kK6lL7zZ8xX9cC0vB1nN2mQ3wE4rR5tT6yY7uU8iI9oO0pP1aS2dF3gG4hH5jJ6kK7l4hH5jJ6kK7lL8zX9cV0bN1nM2qW3eR4tT5yU6iI7oO8pP9aS0dF1gG2hH3jJ4kK5lL6zZ7xX8cC9vV0bB1nN2mM3qW4eR5tT6yU7iI8oO9pP0aS1dF2gG3hH4jJ5kK6lL7zZ8xX9cC0vB1nN2mQ3wE4rR5tT6yY7uU8iI9oO0pP1aS2dF3gG4hH5jJ6kK7lL8zX9cV0bN1nM2qW3eR4tT5yU6iI7oO8pP9aS0dF1gG2hH3jJ4kK5lL6zZ7xX8cC9vV0bB1nN2mM3qW4eR5tT6yU7iI8oO9pP0aS1dF2gG3hH4jJ5kK6lL7zZ8xX9cC0vB1nN2mQ3wE4rR5tT6yY7uU8iI9oO0pP1aS2dF3gG4hH5jJ6kK7l4hH5jJ6kK7lL8zX9cV0bN1nM2qW3eR4tT5yU6iI7oO8pP9aS0dF1gG2hH3jJ4kK5lL6zZ7xX8cC9vV0bB1nN2mM3qW4eR5tT6yU7iI8oO9pP0aS1dF2gG3hH4jJ5kK6lL7zZ8xX9cC0vB1nN2mQ3wE4rR5tT6yY7uU8iI9oO0pP1aS2dF3gG4hH5jJ6kK7lL8zX9cV0bN1nM2qW3eR4tT5yU6iI7oO8pP9aS0dF1gG2hH3jJ4kK5lL6zZ7xX8cC9vV0bB1nN2mM3qW4eR5tT6yU7iI8oO9pP0aS1dF2gG3hH4jJ5kK6lL7zZ8xX9cC0vB1nN2mQ3wE4rR5tT6yY7uU8iI9oO0pP1aS2dF3gG4hH5jJ6kK7l4hH5jJ6kK7lL8zX9cV0bN1nM2qW3eR4tT5yU6iI7oO8pP9aS0dF1gG2hH3jJ4kK5lL6zZ7xX8cC9vV0bB1nN2mM3qW4eR5tT6yU7iI8oO9pP0aS1dF2gG3hH4jJ5kK6lL7zZ8xX9cC0vB1nN2mQ3wE4rR5tT6yY7uU8iI9oO0pP1aS2dF3gG4hH5jJ6kK7lL8zX9cV0bN1nM2qW3eR4tT5yU6iI7oO8pP9aS0dF1gG2hH3jJ4kK5lL6zZ7xX8cC9vV0bB1nN2mM3qW4eR5tT6yU7iI8oO9pP0aS1dF2gG3hH4jJ5kK6lL7zZ8xX9cC0vB1nN2mQ3wE4rR5tT6yY7uU8iI9oO0pP1aS2dF3gG4hH5jJ6kK7l4hH5jJ6kK7lL8zX9cV0bN1nM2qW3eR4tT5yU6iI7oO8pP9aS0dF1gG2hH3jJ4kK5lL6z7nB9vR2mX8kLp4QjW3tY5zH1aG6sF9dD0fS8gA7hJ6kL5mN4bV3vC2xZ1oP9iU8uY7tT6rR5eE4wW3qQ2aZ1sX2dC3fV4gB5hN6jM7kL8pO9iU0yT1rE2wQ3aS4dF5gG6hH7jJ8kK9lL0zZ1xX2cC3vV4bB5nN6mM7qQ8wW9eE0rR1tT2yY3uU4iI5oO6pP7aA8sS9dD0fF1gG2hH3jJ4kK5lL6zZ7xX8cC9vV0bB1nN2mM3qW4eR5tT6yU7iI8oO9pP0aS1dF2gG3hH4jJ5kK6lL7zZ8xX9cC0vB1nN2mQ3wE4rR5tT6yY7uU8iI9oO0pP1aS2dF3gG4hH5jJ6kK7lL8zX9cV0bN1nM2qW3eR4tT5yU6iI7oO8pP9aS0dF1gG2hH3jJ4kK5lL6zZ7xX8cC9vV0bB1nN2mM3qW4eR5tT6yU7iI8oO9pP0aS1dF2gG3hH4jJ5kK6lL7zZ8xX9cC0vB1nN2mQ3wE4rR5tT6yY7uU8iI9oO0pP1aS2dF3gG4hH5jJ6kK7lL8zX9cV0bN1nM2qW3eR4tT5yU6iI7oO8pP9aS0dF1gG2hH3jJ4kK5lL6zZ7xX8cC9vV0bB1nN2mM3qW4eR5tT6yU7iI8oO9pP0aS1dF2gG3hH4jJ5kK6lL7zZ8xX9cC0vB1nN2mQ3wE4rR5tT6yY7uU8iI9oO0pP1aS2dF3gG4hH5jJ6kK7lL8zX9cV0bN1nM2qW3eR4tT5yU6iI7oO8pP9aS0dF1gG2hH3jJ4kK5lL6zZ7xX8cC9vV0bB1nN2mM3qW4eR5tT6yU7iI8oO9pP0aS1dF2gG3hH4jJ5kK6lL7zZ8xX9cC0vB1nN2mQ3wE4rR5tT6yY7uU8iI9oO0pP1aS2dF3gG4hH5jJ6kK7lL8zX9cV0bN1nM2qW3eR4tT5yU6iI7oO8pP9aS0dF1gG2hH3jJ4kK5lL6zZ7xX8cC9vV0bB1nN2mM3qW4eR5tT6yU7iI8oO9pP0aS1dF2gG3hH4jJ5kK6lL7zZ8xX9cC0vB1nN2mQ3wE4rR5tT6yY7uU8iI9oO0pP1aS2dF3gG4hH5jJ6kK7l4hH5jJ6kK7lL8zX9cV0bN1nM2qW3eR4tT5yU6iI7oO8pP9aS0dF1gG2hH3jJ4kK5lL6zZ7xX8cC9vV0bB1nN2mM3qW4eR5tT6yU7iI8oO9pP0aS1dF2gG3hH4jJ5kK6lL7zZ8xX9cC0vB1nN2mQ3wE4rR5tT6yY7uU8iI9oO0pP1aS2dF3gG4hH5jJ6kK7lL8zX9cV0bN1nM2qW3eR4tT5yU6iI7oO8pP9aS0dF1gG2hH3jJ4kK5lL6zZ7xX8cC9vV0bB1nN2mM3qW4eR5tT6yU7iI8oO9pP0aS1dF2gG3hH4jJ5kK6lL7zZ8xX9cC0vB1nN2mQ3wE4rR5tT6yY7uU8iI9oO0pP1aS2dF3gG4hH5jJ6kK7l4hH5jJ6kK7lL8zX9cV0bN1nM2qW3eR4tT5yU6iI7oO8pP9aS0dF1gG2hH3jJ4kK5lL6zZ7xX8cC9vV0bB1nN2mM3qW4eR5tT6yU7iI8oO9pP0aS1dF2gG3hH4jJ5kK6lL7zZ8xX9cC0vB1nN2mQ3wE4rR5tT6yY7uU8iI9oO0pP1aS2dF3gG4hH5jJ6kK7lL8zX9cV0bN1nM2qW3eR4tT5yU6iI7oO8pP9aS0dF1gG2hH3jJ4kK5lL6zZ7xX8cC9vV0bB1nN2mM3qW4eR5tT6yU7iI8oO9pP0aS1dF2gG3hH4jJ5kK6lL7zZ8xX9cC0vB1nN2mQ3wE4rR5tT6yY7uU8iI9oO0pP1aS2dF3gG4hH5jJ6kK7l4hH5jJ6kK7lL8zX9cV0bN1nM2qW3eR4tT5yU6iI7oO8pP9aS0dF1gG2hH3jJ4kK5lL6zZ7xX8cC9vV0bB1nN2mM3qW4eR5tT6yU7iI8oO9pP0aS1dF2gG3hH4jJ5kK6lL7zZ8xX9cC0vB1nN2mQ3wE4rR5tT6yY7uU8iI9oO0pP1aS2dF3gG4hH5jJ6kK7lL8zX9cV0bN1nM2qW3eR4tT5yU6iI7oO8pP9aS0dF1gG2hH3jJ4kK5lL6zZ7xX8cC9vV0bB1nN2mM3qW4eR5tT6yU7iI8oO9pP0aS1dF2gG3hH4jJ5kK6lL7zZ8xX9cC0vB1nN2mQ3wE4rR5tT6yY7uU8iI9oO0pP1aS2dF3gG4hH5jJ6kK7l4hH5jJ6kK7lL8zX9cV0bN1nM2qW3eR4tT5yU6iI7oO8pP9aS0dF1gG2hH3jJ4kK5lL6zZ7xX8cC9vV0bB1nN2mM3qW4eR5tT6yU7iI8oO9pP0aS1dF2gG3hH4jJ5kK6lL7zZ8xX9cC0vB1nN2mQ3wE4rR5tT6yY7uU8iI9oO0pP1aS2dF3gG4hH5jJ6kK7lL8zX9cV0bN1nM2qW3eR4tT5yU6iI7oO8pP9aS0dF1gG2hH3jJ4kK5lL6zZ7xX8cC9vV0bB1nN2mM3qW4eR5tT6yU7iI8oO9pP0aS1dF2gG3hH4jJ5kK6lL7zZ8xX9cC0vB1nN2mQ3wE4rR5tT6yY7uU8iI9oO0pP1aS2dF3gG4hH5jJ6kK7l4hH5jJ6kK7lL8zX9cV0bN1nM2qW3eR4tT5yU6iI7oO8pP9aS0dF1gG2hH3jJ4kK5lL6zZ7xX8cC9vV0bB1nN2mM3qW4eR5tT6yU7iI8oO9pP0aS1dF2gG3hH4jJ5kK6lL7zZ8xX9cC0vB1nN2mQ3wE4rR5tT6yY7uU8iI9oO0pP1aS2dF3gG4hH5jJ6kK7lL8zX9cV0bN1nM2qW3eR4tT5yU6iI7oO8pP9aS0dF1gG2hH3jJ4kK5lL6zZ7xX8cC9vV0bB1nN2mM3qW4eR5tT6yU7iI8oO9pP0aS1dF2gG3hH4jJ5kK6lL7zZ8xX9cC0vB1nN2mQ3wE4rR5tT6yY7uU8iI9oO0pP1aS2dF3gG4hH5jJ6kK7l4hH5jJ6kK7lL8zX9cV0bN1nM2qW3eR4tT5yU6iI7oO8pP9aS0dF1gG2hH3jJ4kK5lL6zZ7xX8cC9vV0bB1nN2mM3qW4eR5tT6yU7iI8oO9pP0aS1dF2gG3hH4jJ5kK6lL7zZ8xX9cC0vB1nN2mQ3wE4rR5tT6yY7uU8iI9oO0pP1aS2dF3gG4hH5jJ6kK7lL8zX9cV0bN1nM2qW3eR4tT5yU6iI7oO8pP9aS0dF1gG2hH3jJ4kK5lL6zZ7xX8cC9vV0bB1nN2mM3qW4eR5tT6yU7iI8oO9pP0aS1dF2gG3hH4jJ5kK6lL7zZ8xX9cC0vB1nN2mQ3wE4rR5tT6yY7uU8iI9oO0pP1aS2dF3gG4hH5jJ6kK7l4hH5jJ6kK7lL8zX9cV0bN1nM2qW3eR4tT5yU6iI7oO8pP9aS0dF1gG2hH3jJ4kK5lL6zZ7xX8cC9vV0bB1nN2mM3qW4eR5tT6yU7iI8oO9pP0aS1dF2gG3hH4jJ5kK6lL7zZ8xX9cC0vB1nN2mQ3wE4rR5tT6yY7uU8iI9oO0pP1aS2dF3gG4hH5jJ6kK7lL8zX9cV0bN1nM2qW3eR4tT5yU6iI7oO8pP9aS0dF1gG2hH3jJ4kK5lL6zZ7xX8cC9vV0bB1nN2mM3qW4eR5tT6yU7iI8oO9pP0aS1dF2gG3hH4jJ5kK6lL7zZ8xX9cC0vB1nN2mQ3wE4rR5tT6yY7uU8iI9oO0pP1aS2dF3gG4hH5jJ6kK7l4hH5jJ6kK7lL8zX9cV0bN1nM2qW3eR4tT5yU6iI7oO8pP9aS0dF1gG2hH3jJ4kK5lL6z7nB9vR2mX8kLp4QjW3tY5zH1aG6sF9dD0fS8gA7hJ6kL5mN4bV3vC2xZ1oP9iU8uY7tT6rR5eE4wW3qQ2aZ1sX2dC3fV4gB5hN6jM7kL8pO9iU0yT1rE2wQ3aS4dF5gG6hH7jJ8kK9lL0zZ1xX2cC3vV4bB5nN6mM7qQ8wW9eE0rR1tT2yY3uU4iI5oO6pP7aA8sS9dD0fF1gG2hH3jJ4kK5lL6zZ7xX8cC9vV0bB1nN2mM3qW4eR5tT6yU7iI8oO9pP0aS1dF2gG3hH4jJ5kK6lL7zZ8xX9cC0vB1nN2mQ3wE4rR5tT6yY7uU8iI9oO0pP1aS2dF3gG4hH5jJ6kK7lL8zX9cV0bN1nM2qW3eR4tT5yU6iI7oO8pP9aS0dF1gG2hH3jJ4kK5lL6zZ7xX8cC9vV0bB1nN2mM3qW4eR5tT6yU7iI8oO9pP0aS1dF2gG3hH4jJ5kK6lL7zZ8xX9cC0vB1nN2mQ3wE4rR5tT6yY7uU8iI9oO0pP1aS2dF3gG4hH5jJ6kK7lL8zX9cV0bN1nM2qW3eR4tT5yU6iI7oO8pP9aS0dF1gG2hH3jJ4kK5lL6zZ7xX8cC9vV0bB1nN2mM3qW4eR5tT6yU7iI8oO9pP0aS1dF2gG3hH4jJ5kK6lL7zZ8xX9cC0vB1nN2mQ3wE4rR5tT6yY7uU8iI9oO0pP1aS2dF3gG4hH5jJ6kK7lL8zX9cV0bN1nM2qW3eR4tT5yU6iI7oO8pP9aS0dF1gG2hH3jJ4kK5lL6zZ7xX8cC9vV0bB1nN2mM3qW4eR5tT6yU7iI8oO9pP0aS1dF2gG3hH4jJ5kK6lL7zZ8xX9cC0vB1nN2mQ3wE4rR5tT6yY7uU8iI9oO0pP1aS2dF3gG4hH5jJ6kK7lL8zX9cV0bN1nM2qW3eR4tT5yU6iI7oO8pP9aS0dF1gG2hH3jJ4kK5lL6zZ7xX8cC9vV0bB1nN2mM3qW4eR5tT6yU7iI8oO9pP0aS1dF2gG3hH4jJ5kK6lL7zZ8xX9cC0vB1nN2mQ3wE4rR5tT6yY7uU8iI9oO0pP1aS2dF3gG4hH5jJ6kK7l4hH5jJ6kK7lL8zX9cV0bN1nM2qW3eR4tT5yU6iI7oO8pP9aS0dF1gG2hH3jJ4kK5lL6zZ7xX8cC9vV0bB1nN2mM3qW4eR5tT6yU7iI8oO9pP0aS1dF2gG3hH4jJ5kK6lL7zZ8xX9cC0vB1nN2mQ3wE4rR5tT6yY7uU8iI9oO0pP1aS2dF3gG4hH5jJ6kK7lL8zX9cV0bN1nM2qW3eR4tT5yU6iI7oO8pP9aS0dF1gG2hH3jJ4kK5lL6zZ7xX8cC9vV0bB1nN2mM3qW4eR5tT6yU7iI8oO9pP0aS1dF2gG3hH4jJ5kK6lL7zZ8xX9cC0vB1nN2mQ3wE4rR5tT6yY7uU8iI9oO0pP1aS2dF3gG4hH5jJ6kK7l4hH5jJ6kK7lL8zX9cV0bN1nM2qW3eR4tT5yU6iI7oO8pP9aS0dF1gG2hH3jJ4kK5lL6zZ7xX8cC9vV0bB1nN2mM3qW4eR5tT6yU7iI8oO9pP0aS1dF2gG3hH4jJ5kK6lL7zZ8xX9cC0vB1nN2mQ3wE4rR5tT6yY7uU8iI9oO0pP1aS2dF3gG4hH5jJ6kK7lL8zX9cV0bN1nM2qW3eR4tT5yU6iI7oO8pP9aS0dF1gG2hH3jJ4kK5lL6zZ7xX8cC9vV0bB1nN2mM3qW4eR5tT6yU7iI8oO9pP0aS1dF2gG3hH4jJ5kK6lL7zZ8xX9cC0vB1nN2mQ3wE4rR5tT6yY7uU8iI9oO0pP1aS2dF3gG4hH5jJ6kK7l4hH5jJ6kK7lL8zX9cV0bN1nM2qW3eR4tT5yU6iI7oO8pP9aS0dF1gG2hH3jJ4kK5lL6zZ7xX8cC9vV0bB1nN2mM3qW4eR5tT6yU7iI8oO9pP0aS1dF2gG3hH4jJ5kK6lL7zZ8xX9cC0vB1nN2mQ3wE4rR5tT6yY7uU8iI9oO0pP1aS2dF3gG4hH5jJ6kK7lL8zX9cV0bN1nM2qW3eR4tT5yU6iI7oO8pP9aS0dF1gG2hH3jJ4kK5lL6zZ7xX8cC9vV0bB1nN2mM3qW4eR5tT6yU7iI8oO9pP0aS1dF2gG3hH4jJ5kK6lL7zZ8xX9cC0vB1nN2mQ3wE4rR5tT6yY7uU8iI9oO0pP1aS2dF3gG4hH5jJ6kK7l4hH5jJ6kK7lL8zX9cV0bN1nM2qW3eR4tT5yU6iI7oO8pP9aS0dF1gG2hH3jJ4kK5lL6zZ7xX8cC9vV0bB1nN2mM3qW4eR5tT6yU7iI8oO9pP0aS1dF2gG3hH4jJ5kK6lL7zZ8xX9cC0vB1nN2mQ3wE4rR5tT6yY7uU8iI9oO0pP1aS2dF3gG4hH5jJ6kK7lL8zX9cV0bN1nM2qW3eR4tT5yU6iI7oO8pP9aS0dF1gG2hH3jJ4kK5lL6zZ7xX8cC9vV0bB1nN2mM3qW4eR5tT6yU7iI8oO9pP0aS1dF2gG3hH4jJ5kK6lL7zZ8xX9cC0vB1nN2mQ3wE4rR5tT6yY7uU8iI9oO0pP1aS2dF3gG4hH5jJ6kK7l4hH5jJ6kK7lL8zX9cV0bN1nM2qW3eR4tT5yU6iI7oO8pP9aS0dF1gG2hH3jJ4kK5lL6zZ7xX8cC9vV0bB1nN2mM3qW4eR5tT6yU7iI8oO9pP0aS1dF2gG3hH4jJ5kK6lL7zZ8xX9cC0vB1nN2mQ3wE4rR5tT6yY7uU8iI9oO0pP1aS2dF3gG4hH5jJ6kK7lL8zX9cV0bN1nM2qW3eR4tT5yU6iI7oO8pP9aS0dF1gG2hH3jJ4kK5lL6zZ7xX8cC9vV0bB1nN2mM3qW4eR5tT6yU7iI8oO9pP0aS1dF2gG3hH4jJ5kK6lL7zZ8xX9cC0vB1nN2mQ3wE4rR5tT6yY7uU8iI9oO0pP1aS2dF3gG4hH5jJ6kK7l4hH5jJ6kK7lL8zX9cV0bN1nM2qW3eR4tT5yU6iI7oO8pP9aS0dF1gG2hH3jJ4kK5lL6zZ7xX8cC9vV0bB1nN2mM3qW4eR5tT6yU7iI8oO9pP0aS1dF2gG3hH4jJ5kK6lL7zZ8xX9cC0vB1nN2mQ3wE4rR5tT6yY7uU8iI9oO0pP1aS2dF3gG4hH5jJ6kK7lL8zX9cV0bN1nM2qW3eR4tT5yU6iI7oO8pP9aS0dF1gG2hH3jJ4kK5lL6zZ7xX8cC9vV0bB1nN2mM3qW4eR5tT6yU7iI8oO9pP0aS1dF2gG3hH4jJ5kK6lL7zZ8xX9cC0vB1nN2mQ3wE4rR5tT6yY7uU8iI9oO0pP1aS2dF3gG4hH5jJ6kK7l4hH5jJ6kK7lL8zX9cV0bN1nM2qW3eR4tT5yU6iI7oO8pP9aS0dF1gG2hH3jJ4kK5lL6zZ7xX8cC9vV0bB1nN2mM3qW4eR5tT6yU7iI8oO9pP0aS1dF2gG3hH4jJ5kK6lL7zZ8xX9cC0vB1nN2mQ3wE4rR5tT6yY7uU8iI9oO0pP1aS2dF3gG4hH5jJ6kK7lL8zX9cV0bN1nM2qW3eR4tT5yU6iI7oO8pP9aS0dF1gG2hH3jJ4kK5lL6zZ7xX8cC9vV0bB1nN2mM3qW4eR5tT6yU7iI8oO9pP0aS1dF2gG3hH4jJ5kK6lL7zZ8xX9cC0vB1nN2mQ3wE4rR5tT6yY7uU8iI9oO0pP1aS2dF3gG4hH5jJ6kK7l4hH5jJ6kK7lL8zX9cV0bN1nM2qW3eR4tT5yU6iI7oO8pP9aS0dF1gG2hH3jJ4kK5lL6z7nB9vR2mX8kLp4QjW3tY5zH1aG6sF9dD0fS8gA7hJ6kL5mN4bV3vC2xZ1oP9iU8uY7tT6rR5eE4wW3qQ2aZ1sX2dC3fV4gB5hN6jM7kL8pO9iU0yT1rE2wQ3aS4dF5gG6hH7jJ8kK9lL0zZ1xX2cC3vV4bB5nN6mM7qQ8wW9eE0rR1tT2yY3uU4iI5oO6pP7aA8sS9dD0fF1gG2hH3jJ4kK5lL6zZ7xX8cC9vV0bB1nN2mM3qW4eR5tT6yU7iI8oO9pP0aS1dF2gG3hH4jJ5kK6lL7zZ8xX9cC0vB1nN2mQ3wE4rR5tT6yY7uU8iI9oO0pP1aS2dF3gG4hH5jJ6kK7lL8zX9cV0bN1nM2qW3eR4tT5yU6iI7oO8pP9aS0dF1gG2hH3jJ4kK5lL6zZ7xX8cC9vV0bB1nN2mM3qW4eR5tT6yU7iI8oO9pP0aS1dF2gG3hH4jJ5kK6lL7zZ8xX9cC0vB1nN2mQ3wE4rR5tT6yY7uU8iI9oO0pP1aS2dF3gG4hH5jJ6kK7lL8zX9cV0bN1nM2qW3eR4tT5yU6iI7oO8pP9aS0dF1gG2hH3jJ4kK5lL6zZ7xX8cC9vV0bB1nN2mM3qW4eR5tT6yU7iI8oO9pP0aS1dF2gG3hH4jJ5kK6lL7zZ8xX9cC0vB1nN2mQ3wE4rR5tT6yY7uU8iI9oO0pP1aS2dF3gG4hH5jJ6kK7lL8zX9cV0bN1nM2qW3eR4tT5yU6iI7oO8pP9aS0dF1gG2hH3jJ4kK5lL6zZ7xX8cC9vV0bB1nN2mM3qW4eR5tT6yU7iI8oO9pP0aS1dF2gG3hH4jJ5kK6lL7zZ8xX9cC0vB1nN2mQ3wE4rR5tT6yY7uU8iI9oO0pP1aS2dF3gG4hH5jJ6kK7lL8zX9cV0bN1nM2qW3eR4tT5yU6iI7oO8pP9aS0dF1gG2hH3jJ4kK5lL6zZ7xX8cC9vV0bB1nN2mM3qW4eR5tT6yU7iI8oO9pP0aS1dF2gG3hH4jJ5kK6lL7zZ8xX9cC0vB1nN2mQ3wE4rR5tT6yY7uU8iI9oO0pP1aS2dF3gG4hH5jJ6kK7l4hH5jJ6kK7lL8zX9cV0bN1nM2qW3eR4tT5yU6iI7oO8pP9aS0dF1gG2hH3jJ4kK5lL6zZ7xX8cC9vV0bB1nN2mM3qW4eR5tT6yU7iI8oO9pP0aS1dF2gG3hH4jJ5kK6lL7zZ8xX9cC0vB1nN2mQ3wE4rR5tT6yY7uU8iI9oO0pP1aS2dF3gG4hH5jJ6kK7lL8zX9cV0bN1nM2qW3eR4tT5yU6iI7oO8pP9aS0dF1gG2hH3jJ4kK5lL6zZ7xX8cC9vV0bB1nN2mM3qW4eR5tT6yU7iI8oO9pP0aS1dF2gG3hH4jJ5kK6lL7zZ8xX9cC0vB1nN2mQ3wE4rR5tT6yY7uU8iI9oO0pP1aS2dF3gG4hH5jJ6kK7l4hH5jJ6kK7lL8zX9cV0bN1nM2qW3eR4tT5yU6iI7oO8pP9aS0dF1gG2hH3jJ4kK5lL6zZ7xX8cC9vV0bB1nN2mM3qW4eR5tT6yU7iI8oO9pP0aS1dF2gG3hH4jJ5kK6lL7zZ8xX9cC0vB1nN2mQ3wE4rR5tT6yY7uU8iI9oO0pP1aS2dF3gG4hH5jJ6kK7lL8zX9cV0bN1nM2qW3eR4tT5yU6iI7oO8pP9aS0dF1gG2hH3jJ4kK5lL6zZ7xX8cC9vV0bB1nN2mM3qW4eR5tT6yU7iI8oO9pP0aS1dF2gG3hH4jJ5kK6lL7zZ8xX9cC0vB1nN2mQ3wE4rR5tT6yY7uU8iI9oO0pP1aS2dF3gG4hH5jJ6kK7l4hH5jJ6kK7lL8zX9cV0bN1nM2qW3eR4tT5yU6iI7oO8pP9aS0dF1gG2hH3jJ4kK5lL6zZ7xX8cC9vV0bB1nN2mM3qW4eR5tT6yU7iI8oO9pP0aS1dF2gG3hH4jJ5kK6lL7zZ8xX9cC0vB1nN2mQ3wE4rR5tT6yY7uU8iI9oO0pP1aS2dF3gG4hH5jJ6kK7lL8zX9cV0bN1nM2qW3eR4tT5yU6iI7oO8pP9aS0dF1gG2hH3jJ4kK5lL6zZ7xX8cC9vV0bB1nN2mM3qW4eR5tT6yU7iI8oO9pP0aS1dF2gG3hH4jJ5kK6lL7zZ8xX9cC0vB1nN2mQ3wE4rR5tT6yY7uU8iI9oO0pP1aS2dF3gG4hH5jJ6kK7l4hH5jJ6kK7lL8zX9cV0bN1nM2qW3eR4tT5yU6iI7oO8pP9aS0dF1gG2hH3jJ4kK5lL6zZ7xX8cC9vV0bB1nN2mM3qW4eR5tT6yU7iI8oO9pP0aS1dF2gG3hH4jJ5kK6lL7zZ8xX9cC0vB1nN2mQ3wE4rR5tT6yY7uU8iI9oO0pP1aS2dF3gG4hH5jJ6kK7lL8zX9cV0bN1nM2qW3eR4tT5yU6iI7oO8pP9aS0dF1gG2hH3jJ4kK5lL6zZ7xX8cC9vV0bB1nN2mM3qW4eR5tT6yU7iI8oO9pP0aS1dF2gG3hH4jJ5kK6lL7zZ8xX9cC0vB1nN2mQ3wE4rR5tT6yY7uU8iI9oO0pP1aS2dF3gG4hH5jJ6kK7l4hH5jJ6kK7lL8zX9cV0bN1nM2qW3eR4tT5yU6iI7oO8pP9aS0dF1gG2hH3jJ4kK5lL6zZ7xX8cC9vV0bB1nN2mM3qW4eR5tT6yU7iI8oO9pP0aS1dF2gG3hH4jJ5kK6lL7zZ8xX9cC0vB1nN2mQ3wE4rR5tT6yY7uU8iI9oO0pP1aS2dF3gG4hH5jJ6kK7lL8zX9cV0bN1nM2qW3eR4tT5yU6iI7oO8pP9aS0dF1gG2hH3jJ4kK5lL6zZ7xX8cC9vV0bB1nN2mM3qW4eR5tT6yU7iI8oO9pP0aS1dF2gG3hH4jJ5kK6lL7zZ8xX9cC0vB1nN2mQ3wE4rR5tT6yY7uU8iI9oO0pP1aS2dF3gG4hH5jJ6kK7l4hH5jJ6kK7lL8zX9cV0bN1nM2qW3eR4tT5yU6iI7oO8pP9aS0dF1gG2hH3jJ4kK5lL6zZ7xX8cC9vV0bB1nN2mM3qW4eR5tT6yU7iI8oO9pP0aS1dF2gG3hH4jJ5kK6lL7zZ8xX9cC0vB1nN2mQ3wE4rR5tT6yY7uU8iI9oO0pP1aS2dF3gG4hH5jJ6kK7lL8zX9cV0bN1nM2qW3eR4tT5yU6iI7oO8pP9aS0dF1gG2hH3jJ4kK5lL6zZ7xX8cC9vV0bB1nN2mM3qW4eR5tT6yU7iI8oO9pP0aS1dF2gG3hH4jJ5kK6lL7zZ8xX9cC0vB1nN2mQ3wE4rR5tT6yY7uU8iI9oO0pP1aS2dF3gG4hH5jJ6kK7l4hH5jJ6kK7lL8zX9cV0bN1nM2qW3eR4tT5yU6iI7oO8pP9aS0dF1gG2hH3jJ4kK5lL6zZ7xX8cC9vV0bB1nN2mM3qW4eR5tT6yU7iI8oO9pP0aS1dF2gG3hH4jJ5kK6lL7zZ8xX9cC0vB1nN2mQ3wE4rR5tT6yY7uU8iI9oO0pP1aS2dF3gG4hH5jJ6kK7lL8zX9cV0bN1nM2qW3eR4tT5yU6iI7oO8pP9aS0dF1gG2hH3jJ4kK5lL6zZ7xX8cC9vV0bB1nN2mM3qW4eR5tT6yU7iI8oO9pP0aS1dF2gG3hH4jJ5kK6lL7zZ8xX9cC0vB1nN2mQ3wE4rR5tT6yY7uU8iI9oO0pP1aS2dF3gG4hH5jJ6kK7l4hH5jJ6kK7lL8zX9cV0bN1nM2qW3eR4tT5yU6iI7oO8pP9aS0dF1gG2hH3jJ4kK5lL6z7nB9vR2mX8kLp4QjW3tY5zH1aG6sF9dD0fS8gA7hJ6kL5mN4bV3vC2xZ1oP9iU8uY7tT6rR5eE4wW3qQ2aZ1sX2dC3fV4gB5hN6jM7kL8pO9iU0yT1rE2wQ3aS4dF5gG6hH7jJ8kK9lL0zZ1xX2cC3vV4bB5nN6mM7qQ8wW9eE0rR1tT2yY3uU4iI5oO6pP7aA8sS9dD0fF1gG2hH3jJ4kK5lL6zZ7xX8cC9vV0bB1nN2mM3qW4eR5tT6yU7iI8oO9pP0aS1dF2gG3hH4jJ5kK6lL7zZ8xX9cC0vB1nN2mQ3wE4rR5tT6yY7uU8iI9oO0pP1aS2dF3gG4hH5jJ6kK7lL8zX9cV0bN1nM2qW3eR4tT5yU6iI7oO8pP9aS0dF1gG2hH3jJ4kK5lL6zZ7xX8cC9vV0bB1nN2mM3qW4eR5tT6yU7iI8oO9pP0aS1dF2gG3hH4jJ5kK6lL7zZ8xX9cC0vB1nN2mQ3wE4rR5tT6yY7uU8iI9oO0pP1aS2dF3gG4hH5jJ6kK7lL8zX9cV0bN1nM2qW3eR4tT5yU6iI7oO8pP9aS0dF1gG2hH3jJ4kK5lL6zZ7xX8cC9vV0bB1nN2mM3qW4eR5tT6yU7iI8oO9pP0aS1dF2gG3hH4jJ5kK6lL7zZ8xX9cC0vB1nN2mQ3wE4rR5tT6yY7uU8iI9oO0pP1aS2dF3gG4hH5jJ6kK7lL8zX9cV0bN1nM2qW3eR4tT5yU6iI7oO8pP9aS0dF1gG2hH3jJ4kK5lL6zZ7xX8cC9vV0bB1nN2mM3qW4eR5tT6yU7iI8oO9pP0aS1dF2gG3hH4jJ5kK6lL7zZ8xX9cC0vB1nN2mQ3wE4rR5tT6yY7uU8iI9oO0pP1aS2dF3gG4hH5jJ6kK7lL8zX9cV0bN1nM2qW3eR4tT5yU6iI7oO8pP9aS0dF1gG2hH3jJ4kK5lL6zZ7xX8cC9vV0bB1nN2mM3qW4eR5tT6yU7iI8oO9pP0aS1dF2gG3hH4jJ5kK6lL7zZ8xX9cC0vB1nN2mQ3wE4rR5tT6yY7uU8iI9oO0pP1aS2dF3gG4hH5jJ6kK7l4hH5jJ6kK7lL8zX9cV0bN1nM2qW3eR4tT5yU6iI7oO8pP9aS0dF1gG2hH3jJ4kK5lL6zZ7xX8cC9vV0bB1nN2mM3qW4eR5tT6yU7iI8oO9pP0aS1dF2gG3hH4jJ5kK6lL7zZ8xX9cC0vB1nN2mQ3wE4rR5tT6yY7uU8iI9oO0pP1aS2dF3gG4hH5jJ6kK7lL8zX9cV0bN1nM2qW3eR4tT5yU6iI7oO8pP9aS0dF1gG2hH3jJ4kK5lL6zZ7xX8cC9vV0bB1nN2mM3qW4eR5tT6yU7iI8oO9pP0aS1dF2gG3hH4jJ5kK6lL7zZ8xX9cC0vB1nN2mQ3wE4rR5tT6yY7uU8iI9oO0pP1aS2dF3gG4hH5jJ6kK7l4hH5jJ6kK7lL8zX9cV0bN1nM2qW3eR4tT5yU6iI7oO8pP9aS0dF1gG2hH3jJ4kK5lL6zZ7xX8cC9vV0bB1nN2mM3qW4eR5tT6yU7iI8oO9pP0aS1dF2gG3hH4jJ5kK6lL7zZ8xX9cC0vB1nN2mQ3wE4rR5tT6yY7uU8iI9oO0pP1aS2dF3gG4hH5jJ6kK7lL8zX9cV0bN1nM2qW3eR4tT5yU6iI7oO8pP9aS0dF1gG2hH3jJ4kK5lL6zZ7xX8cC9vV0bB1nN2mM3qW4eR5tT6yU7iI8oO9pP0aS1dF2gG3hH4jJ5kK6lL7zZ8xX9cC0vB1nN2mQ3wE4rR5tT6yY7uU8iI9oO0pP1aS2dF3gG4hH5jJ6kK7l4hH5jJ6kK7lL8zX9cV0bN1nM2qW3eR4tT5yU6iI7oO8pP9aS0dF1gG2hH3jJ4kK5lL6zZ7xX8cC9vV0bB1nN2mM3qW4eR5tT6yU7iI8oO9pP0aS1dF2gG3hH4jJ5kK6lL7zZ8xX9cC0vB1nN2mQ3wE4rR5tT6yY7uU8iI9oO0pP1aS2dF3gG4hH5jJ6kK7lL8zX9cV0bN1nM2qW3eR4tT5yU6iI7oO8pP9aS0dF1gG2hH3jJ4kK5lL6zZ7xX8cC9vV0bB1nN2mM3qW4eR5tT6yU7iI8oO9pP0aS1dF2gG3hH4jJ5kK6lL7zZ8xX9cC0vB1nN2mQ3wE4rR5tT6yY7uU8iI9oO0pP1aS2dF3gG4hH5jJ6kK7l4hH5jJ6kK7lL8zX9cV0bN1nM2qW3eR4tT5yU6iI7oO8pP9aS0dF1gG2hH3jJ4kK5lL6zZ7xX8cC9vV0bB1nN2mM3qW4eR5tT6yU7iI8oO9pP0aS1dF2gG3hH4jJ5kK6lL7zZ8xX9cC0vB1nN2mQ3wE4rR5tT6yY7uU8iI9oO0pP1aS2dF3gG4hH5jJ6kK7lL8zX9cV0bN1nM2qW3eR4tT5yU6iI7oO8pP9aS0dF1gG2hH3jJ4kK5lL6zZ7xX8cC9vV0bB1nN2mM3qW4eR5tT6yU7iI8oO9pP0aS1dF2gG3hH4jJ5kK6lL7zZ8xX9cC0vB1nN2mQ3wE4rR5tT6yY7uU8iI9oO0pP1aS2dF3gG4hH5jJ6kK7l4hH5jJ6kK7lL8zX9cV0bN1nM2qW3eR4tT5yU6iI7oO8pP9aS0dF1gG2hH3jJ4kK5lL6zZ7xX8cC9vV0bB1nN2mM3qW4eR5tT6yU7iI8oO9pP0aS1dF2gG3hH4jJ5kK6lL7zZ8xX9cC0vB1nN2mQ3wE4rR5tT6yY7uU8iI9oO0pP1aS2dF3gG4hH5jJ6kK7lL8zX9cV0bN1nM2qW3eR4tT5yU6iI7oO8pP9aS0dF1gG2hH3jJ4kK5lL6zZ7xX8cC9vV0bB1nN2mM3qW4eR5tT6yU7iI8oO9pP0aS1dF2gG3hH4jJ5kK6lL7zZ8xX9cC0vB1nN2mQ3wE4rR5tT6yY7uU8iI9oO0pP1aS2dF3gG4hH5jJ6kK7l4hH5jJ6kK7lL8zX9cV0bN1nM2qW3eR4tT5yU6iI7oO8pP9aS0dF1gG2hH3jJ4kK5lL6zZ7xX8cC9vV0bB1nN2mM3qW4eR5tT6yU7iI8oO9pP0aS1dF2gG3hH4jJ5kK6lL7zZ8xX9cC0vB1nN2mQ3wE4rR5tT6yY7uU8iI9oO0pP1aS2dF3gG4hH5jJ6kK7lL8zX9cV0bN1nM2qW3eR4tT5yU6iI7oO8pP9aS0dF1gG2hH3jJ4kK5lL6zZ7xX8cC9vV0bB1nN2mM3qW4eR5tT6yU7iI8oO9pP0aS1dF2gG3hH4jJ5kK6lL7zZ8xX9cC0vB1nN2mQ3wE4rR5tT6yY7uU8iI9oO0pP1aS2dF3gG4hH5jJ6kK7l4hH5jJ6kK7lL8zX9cV0bN1nM2qW3eR4tT5yU6iI7oO8pP9aS0dF1gG2hH3jJ4kK5lL6zZ7xX8cC9vV0bB1nN2mM3qW4eR5tT6yU7iI8oO9pP0aS1dF2gG3hH4jJ5kK6lL7zZ8xX9cC0vB1nN2mQ3wE4rR5tT6yY7uU8iI9oO0pP1aS2dF3gG4hH5jJ6kK7lL8zX9cV0bN1nM2qW3eR4tT5yU6iI7oO8pP9aS0dF1gG2hH3jJ4kK5lL6zZ7xX8cC9vV0bB1nN2mM3qW4eR5tT6yU7iI8oO9pP0aS1dF2gG3hH4jJ5kK6lL7zZ8xX9cC0vB1nN2mQ3wE4rR5tT6yY7uU8iI9oO0pP1aS2dF3gG4hH5jJ6kK7l4hH5jJ6kK7lL8zX9cV0bN1nM2qW3eR4tT5yU6iI7oO8pP9aS0dF1gG2hH3jJ4kK5lL6z7nB9vR2mX8kLp4QjW3tY5zH1aG6sF9dD0fS8gA7hJ6kL5mN4bV3vC2xZ1oP9iU8uY7tT6rR5eE4wW3qQ2aZ1sX2dC3fV4gB5hN6jM7kL8pO9iU0yT1rE2wQ3aS4dF5gG6hH7jJ8kK9lL0zZ1xX2cC3vV4bB5nN6mM7qQ8wW9eE0rR1tT2yY3uU4iI5oO6pP7aA8sS9dD0fF1gG2hH3jJ4kK5lL6zZ7xX8cC9vV0bB1nN2mM3qW4eR5tT6yU7iI8oO9pP0aS1dF2gG3hH4jJ5kK6lL7zZ8xX9cC0vB1nN2mQ3wE4rR5tT6yY7uU8iI9oO0pP1aS2dF3gG4hH5jJ6kK7lL8zX9cV0bN1nM2qW3eR4tT5yU6iI7oO8pP9aS0dF1gG2hH3jJ4kK5lL6zZ7xX8cC9vV0bB1nN2mM3qW4eR5tT6yU7iI8oO9pP0aS1dF2gG3hH4jJ5kK6lL7zZ8xX9cC0vB1nN2mQ3wE4rR5tT6yY7uU8iI9oO0pP1aS2dF3gG4hH5jJ6kK7lL8zX9cV0bN1nM2qW3eR4tT5yU6iI7oO8pP9aS0dF1gG2hH3jJ4kK5lL6zZ7xX8cC9vV0bB1nN2mM3qW4eR5tT6yU7iI8oO9pP0aS1dF2gG3hH4jJ5kK6lL7zZ8xX9cC0vB1nN2mQ3wE4rR5tT6yY7uU8iI9oO0pP1aS2dF3gG4hH5jJ6kK7lL8zX9cV0bN1nM2qW3eR4tT5yU6iI7oO8pP9aS0dF1gG2hH3jJ4kK5lL6zZ7xX8cC9vV0bB1nN2mM3qW4eR5tT6yU7iI8oO9pP0aS1dF2gG3hH4jJ5kK6lL7zZ8xX9cC0vB1nN2mQ3wE4rR5tT6yY7uU8iI9oO0pP1aS2dF3gG4hH5jJ6kK7lL8zX9cV0bN1nM2qW3eR4tT5yU6iI7oO8pP9aS0dF1gG2hH3jJ4kK5lL6zZ7xX8cC9vV0bB1nN2mM3qW4eR5tT6yU7iI8oO9pP0aS1dF2gG3hH4jJ5kK6lL7zZ8xX9cC0vB1nN2mQ3wE4rR5tT6yY7uU8iI9oO0pP1aS2dF3gG4hH5jJ6kK7l4hH5jJ6kK7lL8zX9cV0bN1nM2qW3eR4tT5yU6iI7oO8pP9aS0dF1gG2hH3jJ4kK5lL6zZ7xX8cC9vV0bB1nN2mM3qW4eR5tT6yU7iI8oO9pP0aS1dF2gG3hH4jJ5kK6lL7zZ8xX9cC0vB1nN2mQ3wE4rR5tT6yY7uU8iI9oO0pP1aS2dF3gG4hH5jJ6kK7lL8zX9cV0bN1nM2qW3eR4tT5yU6iI7oO8pP9aS0dF1gG2hH3jJ4kK5lL6zZ7xX8cC9vV0bB1nN2mM3qW4eR5tT6yU7iI8oO9pP0aS1dF2gG3hH4jJ5kK6lL7zZ8xX9cC0vB1nN2mQ3wE4rR5tT6yY7uU8iI9oO0pP1aS2dF3gG4hH5jJ6kK7l4hH5jJ6kK7lL8zX9cV0bN1nM2qW3eR4tT5yU6iI7oO8pP9aS0dF1gG2hH3jJ4kK5lL6zZ7xX8cC9vV0bB1nN2mM3qW4eR5tT6yU7iI8oO9pP0aS1dF2gG3hH4jJ5kK6lL7zZ8xX9cC0vB1nN2mQ3wE4rR5tT6yY7uU8iI9oO0pP1aS2dF3gG4hH5jJ6kK7lL8zX9cV0bN1nM2qW3eR4tT5yU6iI7oO8pP9aS0dF1gG2hH3jJ4kK5lL6zZ7xX8cC9vV0bB1nN2mM3qW4eR5tT6yU7iI8oO9pP0aS1dF2gG3hH4jJ5kK6lL7zZ8xX9cC0vB1nN2mQ3wE4rR5tT6yY7uU8iI9oO0pP1aS2dF3gG4hH5jJ6kK7l4hH5jJ6kK7lL8zX9cV0bN1nM2qW3eR4tT5yU6iI7oO8pP9aS0dF1gG2hH3jJ4kK5lL6zZ7xX8cC9vV0bB1nN2mM3qW4eR5tT6yU7iI8oO9pP0aS1dF2gG3hH4jJ5kK6lL7zZ8xX9cC0vB1nN2mQ3wE4rR5tT6yY7uU8iI9oO0pP1aS2dF3gG4hH5jJ6kK7lL8zX9cV0bN1nM2qW3eR4tT5yU6iI7oO8pP9aS0dF1gG2hH3jJ4kK5lL6zZ7xX8cC9vV0bB1nN2mM3qW4eR5tT6yU7iI8oO9pP0aS1dF2gG3hH4jJ5kK6lL7zZ8xX9cC0vB1nN2mQ3wE4rR5tT6yY7uU8iI9oO0pP1aS2dF3gG4hH5jJ6kK7l4hH5jJ6kK7lL8zX9cV0bN1nM2qW3eR4tT5yU6iI7oO8pP9aS0dF1gG2hH3jJ4kK5lL6zZ7xX8cC9vV0bB1nN2mM3qW4eR5tT6yU7iI8oO9pP0aS1dF2gG3hH4jJ5kK6lL7zZ8xX9cC0vB1nN2mQ3wE4rR5tT6yY7uU8iI9oO0pP1aS2dF3gG4hH5jJ6kK7lL8zX9cV0bN1nM2qW3eR4tT5yU6iI7oO8pP9aS0dF1gG2hH3jJ4kK5lL6zZ7xX8cC9vV0bB1nN2mM3qW4eR5tT6yU7iI8oO9pP0aS1dF2gG3hH4jJ5kK6lL7zZ8xX9cC0vB1nN2mQ3wE4rR5tT6yY7uU8iI9oO0pP1aS2dF3gG4hH5jJ6kK7l4hH5jJ6kK7lL8zX9cV0bN1nM2qW3eR4tT5yU6iI7oO8pP9aS0dF1gG2hH3jJ4kK5lL6zZ7xX8cC9vV0bB1nN2mM3qW4eR5tT6yU7iI8oO9pP0aS1dF2gG3hH4jJ5kK6lL7zZ8xX9cC0vB1nN2mQ3wE4rR5tT6yY7uU8iI9oO0pP1aS2dF3gG4hH5jJ6kK7lL8zX9cV0bN1nM2qW3eR4tT5yU6iI7oO8pP9aS0dF1gG2hH3jJ4kK5lL6zZ7xX8cC9vV0bB1nN2mM3qW4eR5tT6yU7iI8oO9pP0aS1dF2gG3hH4jJ5kK6lL7zZ8xX9cC0vB1nN2mQ3wE4rR5tT6yY7uU8iI9oO0pP1aS2dF3gG4hH5jJ6kK7l4hH5jJ6kK7lL8zX9cV0bN1nM2qW3eR4tT5yU6iI7oO8pP9aS0dF1gG2hH3jJ4kK5lL6zZ7xX8cC9vV0bB1nN2mM3qW4eR5tT6yU7iI8oO9pP0aS1dF2gG3hH4jJ5kK6lL7zZ8xX9cC0vB1nN2mQ3wE4rR5tT6yY7uU8iI9oO0pP1aS2dF3gG4hH5jJ6kK7lL8zX9cV0bN1nM2qW3eR4tT5yU6iI7oO8pP9aS0dF1gG2hH3jJ4kK5lL6zZ7xX8cC9vV0bB1nN2mM3qW4eR5tT6yU7iI8oO9pP0aS1dF2gG3hH4jJ5kK6lL7zZ8xX9cC0vB1nN2mQ3wE4rR5tT6yY7uU8iI9oO0pP1aS2dF3gG4hH5jJ6kK7l4hH5jJ6kK7lL8zX9cV0bN1nM2qW3eR4tT5yU6iI7oO8pP9aS0dF1gG2hH3jJ4kK5lL6zZ7xX8cC9vV0bB1nN2mM3qW4eR5tT6yU7iI8oO9pP0aS1dF2gG3hH4jJ5kK6lL7zZ8xX9cC0vB1nN2mQ3wE4rR5tT6yY7uU8iI9oO0pP1aS2dF3gG4hH5jJ6kK7lL8zX9cV0bN1nM2qW3eR4tT5yU6iI7oO8pP9aS0dF1gG2hH3jJ4kK5lL6zZ7xX8cC9vV0bB1nN2mM3qW4eR5tT6yU7iI8oO9pP0aS1dF2gG3hH4jJ5kK6lL7zZ8xX9cC0vB1nN2mQ3wE4rR5tT6yY7uU8iI9oO0pP1aS2dF3gG4hH5jJ6kK7l4hH5jJ6kK7lL8zX9cV0bN1nM2qW3eR4tT5yU6iI7oO8pP9aS0dF1gG2hH3jJ4kK5lL6z7nB9vR2mX8kLp4QjW3tY5zH1aG6sF9dD0fS8gA7hJ6kL5mN4bV3vC2xZ1oP9iU8uY7tT6rR5eE4wW3qQ2aZ1sX2dC3fV4gB5hN6jM7kL8pO9iU0yT1rE2wQ3aS4dF5gG6hH7jJ8kK9lL0zZ1xX2cC3vV4bB5nN6mM7qQ8wW9eE0rR1tT2yY3uU4iI5oO6pP7aA8sS9dD0fF1gG2hH3jJ4kK5lL6zZ7xX8cC9vV0bB1nN2mM3qW4eR5tT6yU7iI8oO9pP0aS1dF2gG3hH4jJ5kK6lL7zZ8xX9cC0vB1nN2mQ3wE4rR5tT6yY7uU8iI9oO0pP1aS2dF3gG4hH5jJ6kK7lL8zX9cV0bN1nM2qW3eR4tT5yU6iI7oO8pP9aS0dF1gG2hH3jJ4kK5lL6zZ7xX8cC9vV0bB1nN2mM3qW4eR5tT6yU7iI8oO9pP0aS1dF2gG3hH4jJ5kK6lL7zZ8xX9cC0vB1nN2mQ3wE4rR5tT6yY7uU8iI9oO0pP1aS2dF3gG4hH5jJ6kK7lL8zX9cV0bN1nM2qW3eR4tT5yU6iI7oO8pP9aS0dF1gG2hH3jJ4kK5lL6zZ7xX8cC9vV0bB1nN2mM3qW4eR5tT6yU7iI8oO9pP0aS1dF2gG3hH4jJ5kK6lL7zZ8xX9cC0vB1nN2mQ3wE4rR5tT6yY7uU8iI9oO0pP1aS2dF3gG4hH5jJ6kK7lL8zX9cV0bN1nM2qW3eR4tT5yU6iI7oO8pP9aS0dF1gG2hH3jJ4kK5lL6zZ7xX8cC9vV0bB1nN2mM3qW4eR5tT6yU7iI8oO9pP0aS1dF2gG3hH4jJ5kK6lL7zZ8xX9cC0vB1nN2mQ3wE4rR5tT6yY7uU8iI9oO0pP1aS2dF3gG4hH5jJ6kK7lL8zX9cV0bN1nM2qW3eR4tT5yU6iI7oO8pP9aS0dF1gG2hH3jJ4kK5lL6zZ7xX8cC9vV0bB1nN2mM3qW4eR5tT6yU7iI8oO9pP0aS1dF2gG3hH4jJ5kK6lL7zZ8xX9cC0vB1nN2mQ3wE4rR5tT6yY7uU8iI9oO0pP1aS2dF3gG4hH5jJ6kK7l4hH5jJ6kK7lL8zX9cV0bN1nM2qW3eR4tT5yU6iI7oO8pP9aS0dF1gG2hH3jJ4kK5lL6zZ7xX8cC9vV0bB1nN2mM3qW4eR5tT6yU7iI8oO9pP0aS1dF2gG3hH4jJ5kK6lL7zZ8xX9cC0vB1nN2mQ3wE4rR5tT6yY7uU8iI9oO0pP1aS2dF3gG4hH5jJ6kK7lL8zX9cV0bN1nM2qW3eR4tT5yU6iI7oO8pP9aS0dF1gG2hH3jJ4kK5lL6zZ7xX8cC9vV0bB1nN2mM3qW4eR5tT6yU7iI8oO9pP0aS1dF2gG3hH4jJ5kK6lL7zZ8xX9cC0vB1nN2mQ3wE4rR5tT6yY7uU8iI9oO0pP1aS2dF3gG4hH5jJ6kK7l4hH5jJ6kK7lL8zX9cV0bN1nM2qW3eR4tT5yU6iI7oO8pP9aS0dF1gG2hH3jJ4kK5lL6zZ7xX8cC9vV0bB1nN2mM3qW4eR5tT6yU7iI8oO9pP0aS1dF2gG3hH4jJ5kK6lL7zZ8xX9cC0vB1nN2mQ3wE4rR5tT6yY7uU8iI9oO0pP1aS2dF3gG4hH5jJ6kK7lL8zX9cV0bN1nM2qW3eR4tT5yU6iI7oO8pP9aS0dF1gG2hH3jJ4kK5lL6zZ7xX8cC9vV0bB1nN2mM3qW4eR5tT6yU7iI8oO9pP0aS1dF2gG3hH4jJ5kK6lL7zZ8xX9cC0vB1nN2mQ3wE4rR5tT6yY7uU8iI9oO0pP1aS2dF3gG4hH5jJ6kK7l4hH5jJ6kK7lL8zX9cV0bN1nM2qW3eR4tT5yU6iI7oO8pP9aS0dF1gG2hH3jJ4kK5lL6zZ7xX8cC9vV0bB1nN2mM3qW4eR5tT6yU7iI8oO9pP0aS1dF2gG3hH4jJ5kK6lL7zZ8xX9cC0vB1nN2mQ3wE4rR5tT6yY7uU8iI9oO0pP1aS2dF3gG4hH5jJ6kK7lL8zX9cV0bN1nM2qW3eR4tT5yU6iI7oO8pP9aS0dF1gG2hH3jJ4kK5lL6zZ7xX8cC9vV0bB1nN2mM3qW4eR5tT6yU7iI8oO9pP0aS1dF2gG3hH4jJ5kK6lL7zZ8xX9cC0vB1nN2mQ3wE4rR5tT6yY7uU8iI9oO0pP1aS2dF3gG4hH5jJ6kK7l4hH5jJ6kK7lL8zX9cV0bN1nM2qW3eR4tT5yU6iI7oO8pP9aS0dF1gG2hH3jJ4kK5lL6zZ7xX8cC9vV0bB1nN2mM3qW4eR5tT6yU7iI8oO9pP0aS1dF2gG3hH4jJ5kK6lL7zZ8xX9cC0vB1nN2mQ3wE4rR5tT6yY7uU8iI9oO0pP1aS2dF3gG4hH5jJ6kK7lL8zX9cV0bN1nM2qW3eR4tT5yU6iI7oO8pP9aS0dF1gG2hH3jJ4kK5lL6zZ7xX8cC9vV0bB1nN2mM3qW4eR5tT6yU7iI8oO9pP0aS1dF2gG3hH4jJ5kK6lL7zZ8xX9cC0vB1nN2mQ3wE4rR5tT6yY7uU8iI9oO0pP1aS2dF3gG4hH5jJ6kK7l4hH5jJ6kK7lL8zX9cV0bN1nM2qW3eR4tT5yU6iI7oO8pP9aS0dF1gG2hH3jJ4kK5lL6zZ7xX8cC9vV0bB1nN2mM3qW4eR5tT6yU7iI8oO9pP0aS1dF2gG3hH4jJ5kK6lL7zZ8xX9cC0vB1nN2mQ3wE4rR5tT6yY7uU8iI9oO0pP1aS2dF3gG4hH5jJ6kK7lL8zX9cV0bN1nM2qW3eR4tT5yU6iI7oO8pP9aS0dF1gG2hH3jJ4kK5lL6zZ7xX8cC9vV0bB1nN2mM3qW4eR5tT6yU7iI8oO9pP0aS1dF2gG3hH4jJ5kK6lL7zZ8xX9cC0vB1nN2mQ3wE4rR5tT6yY7uU8iI9oO0pP1aS2dF3gG4hH5jJ6kK7l4hH5jJ6kK7lL8zX9cV0bN1nM2qW3eR4tT5yU6iI7oO8pP9aS0dF1gG2hH3jJ4kK5lL6zZ7xX8cC9vV0bB1nN2mM3qW4eR5tT6yU7iI8oO9pP0aS1dF2gG3hH4jJ5kK6lL7zZ8xX9cC0vB1nN2mQ3wE4rR5tT6yY7uU8iI9oO0pP1aS2dF3gG4hH5jJ6kK7lL8zX9cV0bN1nM2qW3eR4tT5yU6iI7oO8pP9aS0dF1gG2hH3jJ4kK5lL6zZ7xX8cC9vV0bB1nN2mM3qW4eR5tT6yU7iI8oO9pP0aS1dF2gG3hH4jJ5kK6lL7zZ8xX9cC0vB1nN2mQ3wE4rR5tT6yY7uU8iI9oO0pP1aS2dF3gG4hH5jJ6kK7l4hH5jJ6kK7lL8zX9cV0bN1nM2qW3eR4tT5yU6iI7oO8pP9aS0dF1gG2hH3jJ4kK5lL6zZ7xX8cC9vV0bB1nN2mM3qW4eR5tT6yU7iI8oO9pP0aS1dF2gG3hH4jJ5kK6lL7zZ8xX9cC0vB1nN2mQ3wE4rR5tT6yY7uU8iI9oO0pP1aS2dF3gG4hH5jJ6kK7lL8zX9cV0bN1nM2qW3eR4tT5yU6iI7oO8pP9aS0dF1gG2hH3jJ4kK5lL6zZ7xX8cC9vV0bB1nN2mM3qW4eR5tT6yU7iI8oO9pP0aS1dF2gG3hH4jJ5kK6lL7zZ8xX9cC0vB1nN2mQ3wE4rR5tT6yY7uU8iI9oO0pP1aS2dF3gG4hH5jJ6kK7l4hH5jJ6kK7lL8zX9cV0bN1nM2qW3eR4tT5yU6iI7oO8pP9aS0dF1gG2hH3jJ4kK5lL6z7nB9vR2mX8kLp4QjW3tY5zH1aG6sF9dD0fS8gA7hJ6kL5mN4bV3vC2xZ1oP9iU8uY7tT6rR5eE4wW3qQ2aZ1sX2dC3fV4gB5hN6jM7kL8pO9iU0yT1rE2wQ3aS4dF5gG6hH7jJ8kK9lL0zZ1xX2cC3vV4bB5nN6mM7qQ8wW9eE0rR1tT2yY3uU4iI5oO6pP7aA8sS9dD0fF1gG2hH3jJ4kK5lL6zZ7xX8cC9vV0bB1nN2mM3qW4eR5tT6yU7iI8oO9pP0aS1dF2gG3hH4jJ5kK6lL7zZ8xX9cC0vB1nN2mQ3wE4rR5tT6yY7uU8iI9oO0pP1aS2dF3gG4hH5jJ6kK7lL8zX9cV0bN1nM2qW3eR4tT5yU6iI7oO8pP9aS0dF1gG2hH3jJ4kK5lL6zZ7xX8cC9vV0bB1nN2mM3qW4eR5tT6yU7iI8oO9pP0aS1dF2gG3hH4jJ5kK6lL7zZ8xX9cC0vB1nN2mQ3wE4rR5tT6yY7uU8iI9oO0pP1aS2dF3gG4hH5jJ6kK7lL8zX9cV0bN1nM2qW3eR4tT5yU6iI7oO8pP9aS0dF1gG2hH3jJ4kK5lL6zZ7xX8cC9vV0bB1nN2mM3qW4eR5tT6yU7iI8oO9pP0aS1dF2gG3hH4jJ5kK6lL7zZ8xX9cC0vB1nN2mQ3wE4rR5tT6yY7uU8iI9oO0pP1aS2dF3gG4hH5jJ6kK7lL8zX9cV0bN1nM2qW3eR4tT5yU6iI7oO8pP9aS0dF1gG2hH3jJ4kK5lL6zZ7xX8cC9vV0bB1nN2mM3qW4eR5tT6yU7iI8oO9pP0aS1dF2gG3hH4jJ5kK6lL7zZ8xX9cC0vB1nN2mQ3wE4rR5tT6yY7uU8iI9oO0pP1aS2dF3gG4hH5jJ6kK7lL8zX9cV0bN1nM2qW3eR4tT5yU6iI7oO8pP9aS0dF1gG2hH3jJ4kK5lL6zZ7xX8cC9vV0bB1nN2mM3qW4eR5tT6yU7iI8oO9pP0aS1dF2gG3hH4jJ5kK6lL7zZ8xX9cC0vB1nN2mQ3wE4rR5tT6yY7uU8iI9oO0pP1aS2dF3gG4hH5jJ6kK7l4hH5jJ6kK7lL8zX9cV0bN1nM2qW3eR4tT5yU6iI7oO8pP9aS0dF1gG2hH3jJ4kK5lL6zZ7xX8cC9vV0bB1nN2mM3qW4eR5tT6yU7iI8oO9pP0aS1dF2gG3hH4jJ5kK6lL7zZ8xX9cC0vB1nN2mQ3wE4rR5tT6yY7uU8iI9oO0pP1aS2dF3gG4hH5jJ6kK7lL8zX9cV0bN1nM2qW3eR4tT5yU6iI7oO8pP9aS0dF1gG2hH3jJ4kK5lL6zZ7xX8cC9vV0bB1nN2mM3qW4eR5tT6yU7iI8oO9pP0aS1dF2gG3hH4jJ5kK6lL7zZ8xX9cC0vB1nN2mQ3wE4rR5tT6yY7uU8iI9oO0pP1aS2dF3gG4hH5jJ6kK7l4hH5jJ6kK7lL8zX9cV0bN1nM2qW3eR4tT5yU6iI7oO8pP9aS0dF1gG2hH3jJ4kK5lL6zZ7xX8cC9vV0bB1nN2mM3qW4eR5tT6yU7iI8oO9pP0aS1dF2gG3hH4jJ5kK6lL7zZ8xX9cC0vB1nN2mQ3wE4rR5tT6yY7uU8iI9oO0pP1aS2dF3gG4hH5jJ6kK7lL8zX9cV0bN1nM2qW3eR4tT5yU6iI7oO8pP9aS0dF1gG2hH3jJ4kK5lL6zZ7xX8cC9vV0bB1nN2mM3qW4eR5tT6yU7iI8oO9pP0aS1dF2gG3hH4jJ5kK6lL7zZ8xX9cC0vB1nN2mQ3wE4rR5tT6yY7uU8iI9oO0pP1aS2dF3gG4hH5jJ6kK7l4hH5jJ6kK7lL8zX9cV0bN1nM2qW3eR4tT5yU6iI7oO8pP9aS0dF1gG2hH3jJ4kK5lL6zZ7xX8cC9vV0bB1nN2mM3qW4eR5tT6yU7iI8oO9pP0aS1dF2gG3hH4jJ5kK6lL7zZ8xX9cC0vB1nN2mQ3wE4rR5tT6yY7uU8iI9oO0pP1aS2dF3gG4hH5jJ6kK7lL8zX9cV0bN1nM2qW3eR4tT5yU6iI7oO8pP9aS0dF1gG2hH3jJ4kK5lL6zZ7xX8cC9vV0bB1nN2mM3qW4eR5tT6yU7iI8oO9pP0aS1dF2gG3hH4jJ5kK6lL7zZ8xX9cC0vB1nN2mQ3wE4rR5tT6yY7uU8iI9oO0pP1aS2dF3gG4hH5jJ6kK7l4hH5jJ6kK7lL8zX9cV0bN1nM2qW3eR4tT5yU6iI7oO8pP9aS0dF1gG2hH3jJ4kK5lL6zZ7xX8cC9vV0bB1nN2mM3qW4eR5tT6yU7iI8oO9pP0aS1dF2gG3hH4jJ5kK6lL7zZ8xX9cC0vB1nN2mQ3wE4rR5tT6yY7uU8iI9oO0pP1aS2dF3gG4hH5jJ6kK7lL8zX9cV0bN1nM2qW3eR4tT5yU6iI7oO8pP9aS0dF1gG2hH3jJ4kK5lL6zZ7xX8cC9vV0bB1nN2mM3qW4eR5tT6yU7iI8oO9pP0aS1dF2gG3hH4jJ5kK6lL7zZ8xX9cC0vB1nN2mQ3wE4rR5tT6yY7uU8iI9oO0pP1aS2dF3gG4hH5jJ6kK7l4hH5jJ6kK7lL8zX9cV0bN1nM2qW3eR4tT5yU6iI7oO8pP9aS0dF1gG2hH3jJ4kK5lL6zZ7xX8cC9vV0bB1nN2mM3qW4eR5tT6yU7iI8oO9pP0aS1dF2gG3hH4jJ5kK6lL7zZ8xX9cC0vB1nN2mQ3wE4rR5tT6yY7uU8iI9oO0pP1aS2dF3gG4hH5jJ6kK7lL8zX9cV0bN1nM2qW3eR4tT5yU6iI7oO8pP9aS0dF1gG2hH3jJ4kK5lL6zZ7xX8cC9vV0bB1nN2mM3qW4eR5tT6yU7iI8oO9pP0aS1dF2gG3hH4jJ5kK6lL7zZ8xX9cC0vB1nN2mQ3wE4rR5tT6yY7uU8iI9oO0pP1aS2dF3gG4hH5jJ6kK7l4hH5jJ6kK7lL8zX9cV0bN1nM2qW3eR4tT5yU6iI7oO8pP9aS0dF1gG2hH3jJ4kK5lL6zZ7xX8cC9vV0bB1nN2mM3qW4eR5tT6yU7iI8oO9pP0aS1dF2gG3hH4jJ5kK6lL7zZ8xX9cC0vB1nN2mQ3wE4rR5tT6yY7uU8iI9oO0pP1aS2dF3gG4hH5jJ6kK7lL8zX9cV0bN1nM2qW3eR4tT5yU6iI7oO8pP9aS0dF1gG2hH3jJ4kK5lL6zZ7xX8cC9vV0bB1nN2mM3qW4eR5tT6yU7iI8oO9pP0aS1dF2gG3hH4jJ5kK6lL7zZ8xX9cC0vB1nN2mQ3wE4rR5tT6yY7uU8iI9oO0pP1aS2dF3gG4hH5jJ6kK7l4hH5jJ6kK7lL8zX9cV0bN1nM2qW3eR4tT5yU6iI7oO8pP9aS0dF1gG2hH3jJ4kK5lL6zZ7xX8cC9vV0bB1nN2mM3qW4eR5tT6yU7iI8oO9pP0aS1dF2gG3hH4jJ5kK6lL7zZ8xX9cC0vB1nN2mQ3wE4rR5tT6yY7uU8iI9oO0pP1aS2dF3gG4hH5jJ6kK7lL8zX9cV0bN1nM2qW3eR4tT5yU6iI7oO8pP9aS0dF1gG2hH3jJ4kK5lL6zZ7xX8cC9vV0bB1nN2mM3qW4eR5tT6yU7iI8oO9pP0aS1dF2gG3hH4jJ5kK6lL7zZ8xX9cC0vB1nN2mQ3wE4rR5tT6yY7uU8iI9oO0pP1aS2dF3gG4hH5jJ6kK7l4hH5jJ6kK7lL8zX9cV0bN1nM2qW3eR4tT5yU6iI7oO8pP9aS0dF1gG2hH3jJ4kK5lL6z7nB9vR2mX8kLp4QjW3tY5zH1aG6sF9dD0fS8gA7hJ6kL5mN4bV3vC2xZ1oP9iU8uY7tT6rR5eE4wW3qQ2aZ1sX2dC3fV4gB5hN6jM7kL8pO9iU0yT1rE2wQ3aS4dF5gG6hH7jJ8kK9lL0zZ1xX2cC3vV4bB5nN6mM7qQ8wW9eE0rR1tT2yY3uU4iI5oO6pP7aA8sS9dD0fF1gG2hH3jJ4kK5lL6zZ7xX8cC9vV0bB1nN2mM3qW4eR5tT6yU7iI8oO9pP0aS1dF2gG3hH4jJ5kK6lL7zZ8xX9cC0vB1nN2mQ3wE4rR5tT6yY7uU8iI9oO0pP1aS2dF3gG4hH5jJ6kK7lL8zX9cV0bN1nM2qW3eR4tT5yU6iI7oO8pP9aS0dF1gG2hH3jJ4kK5lL6zZ7xX8cC9vV0bB1nN2mM3qW4eR5tT6yU7iI8oO9pP0aS1dF2gG3hH4jJ5kK6lL7zZ8xX9cC0vB1nN2mQ3wE4rR5tT6yY7uU8iI9oO0pP1aS2dF3gG4hH5jJ6kK7lL8zX9cV0bN1nM2qW3eR4tT5yU6iI7oO8pP9aS0dF1gG2hH3jJ4kK5lL6zZ7xX8cC9vV0bB1nN2mM3qW4eR5tT6yU7iI8oO9pP0aS1dF2gG3hH4jJ5kK6lL7zZ8xX9cC0vB1nN2mQ3wE4rR5tT6yY7uU8iI9oO0pP1aS2dF3gG4hH5jJ6kK7lL8zX9cV0bN1nM2qW3eR4tT5yU6iI7oO8pP9aS0dF1gG2hH3jJ4kK5lL6zZ7xX8cC9vV0bB1nN2mM3qW4eR5tT6yU7iI8oO9pP0aS1dF2gG3hH4jJ5kK6lL7zZ8xX9cC0vB1nN2mQ3wE4rR5tT6yY7uU8iI9oO0pP1aS2dF3gG4hH5jJ6kK7lL8zX9cV0bN1nM2qW3eR4tT5yU6iI7oO8pP9aS0dF1gG2hH3jJ4kK5lL6zZ7xX8cC9vV0bB1nN2mM3qW4eR5tT6yU7iI8oO9pP0aS1dF2gG3hH4jJ5kK6lL7zZ8xX9cC0vB1nN2mQ3wE4rR5tT6yY7uU8iI9oO0pP1aS2dF3gG4hH5jJ6kK7l4hH5jJ6kK7lL8zX9cV0bN1nM2qW3eR4tT5yU6iI7oO8pP9aS0dF1gG2hH3jJ4kK5lL6zZ7xX8cC9vV0bB1nN2mM3qW4eR5tT6yU7iI8oO9pP0aS1dF2gG3hH4jJ5kK6lL7zZ8xX9cC0vB1nN2mQ3wE4rR5tT6yY7uU8iI9oO0pP1aS2dF3gG4hH5jJ6kK7lL8zX9cV0bN1nM2qW3eR4tT5yU6iI7oO8pP9aS0dF1gG2hH3jJ4kK5lL6zZ7xX8cC9vV0bB1nN2mM3qW4eR5tT6yU7iI8oO9pP0aS1dF2gG3hH4jJ5kK6lL7zZ8xX9cC0vB1nN2mQ3wE4rR5tT6yY7uU8iI9oO0pP1aS2dF3gG4hH5jJ6kK7l4hH5jJ6kK7lL8zX9cV0bN1nM2qW3eR4tT5yU6iI7oO8pP9aS0dF1gG2hH3jJ4kK5lL6zZ7xX8cC9vV0bB1nN2mM3qW4eR5tT6yU7iI8oO9pP0aS1dF2gG3hH4jJ5kK6lL7zZ8xX9cC0vB1nN2mQ3wE4rR5tT6yY7uU8iI9oO0pP1aS2dF3gG4hH5jJ6kK7lL8zX9cV0bN1nM2qW3eR4tT5yU6iI7oO8pP9aS0dF1gG2hH3jJ4kK5lL6zZ7xX8cC9vV0bB1nN2mM3qW4eR5tT6yU7iI8oO9pP0aS1dF2gG3hH4jJ5kK6lL7zZ8xX9cC0vB1nN2mQ3wE4rR5tT6yY7uU8iI9oO0pP1aS2dF3gG4hH5jJ6kK7l4hH5jJ6kK7lL8zX9cV0bN1nM2qW3eR4tT5yU6iI7oO8pP9aS0dF1gG2hH3jJ4kK5lL6zZ7xX8cC9vV0bB1nN2mM3qW4eR5tT6yU7iI8oO9pP0aS1dF2gG3hH4jJ5kK6lL7zZ8xX9cC0vB1nN2mQ3wE4rR5tT6yY7uU8iI9oO0pP1aS2dF3gG4hH5jJ6kK7lL8zX9cV0bN1nM2qW3eR4tT5yU6iI7oO8pP9aS0dF1gG2hH3jJ4kK5lL6zZ7xX8cC9vV0bB1nN2mM3qW4eR5tT6yU7iI8oO9pP0aS1dF2gG3hH4jJ5kK6lL7zZ8xX9cC0vB1nN2mQ3wE4rR5tT6yY7uU8iI9oO0pP1aS2dF3gG4hH5jJ6kK7l4hH5jJ6kK7lL8zX9cV0bN1nM2qW3eR4tT5yU6iI7oO8pP9aS0dF1gG2hH3jJ4kK5lL6zZ7xX8cC9vV0bB1nN2mM3qW4eR5tT6yU7iI8oO9pP0aS1dF2gG3hH4jJ5kK6lL7zZ8xX9cC0vB1nN2mQ3wE4rR5tT6yY7uU8iI9oO0pP1aS2dF3gG4hH5jJ6kK7lL8zX9cV0bN1nM2qW3eR4tT5yU6iI7oO8pP9aS0dF1gG2hH3jJ4kK5lL6zZ7xX8cC9vV0bB1nN2mM3qW4eR5tT6yU7iI8oO9pP0aS1dF2gG3hH4jJ5kK6lL7zZ8xX9cC0vB1nN2mQ3wE4rR5tT6yY7uU8iI9oO0pP1aS2dF3gG4hH5jJ6kK7l4hH5jJ6kK7lL8zX9cV0bN1nM2qW3eR4tT5yU6iI7oO8pP9aS0dF1gG2hH3jJ4kK5lL6zZ7xX8cC9vV0bB1nN2mM3qW4eR5tT6yU7iI8oO9pP0aS1dF2gG3hH4jJ5kK6lL7zZ8xX9cC0vB1nN2mQ3wE4rR5tT6yY7uU8iI9oO0pP1aS2dF3gG4hH5jJ6kK7lL8zX9cV0bN1nM2qW3eR4tT5yU6iI7oO8pP9aS0dF1gG2hH3jJ4kK5lL6zZ7xX8cC9vV0bB1nN2mM3qW4eR5tT6yU7iI8oO9pP0aS1dF2gG3hH4jJ5kK6lL7zZ8xX9cC0vB1nN2mQ3wE4rR5tT6yY7uU8iI9oO0pP1aS2dF3gG4hH5jJ6kK7l4hH5jJ6kK7lL8zX9cV0bN1nM2qW3eR4tT5yU6iI7oO8pP9aS0dF1gG2hH3jJ4kK5lL6zZ7xX8cC9vV0bB1nN2mM3qW4eR5tT6yU7iI8oO9pP0aS1dF2gG3hH4jJ5kK6lL7zZ8xX9cC0vB1nN2mQ3wE4rR5tT6yY7uU8iI9oO0pP1aS2dF3gG4hH5jJ6kK7lL8zX9cV0bN1nM2qW3eR4tT5yU6iI7oO8pP9aS0dF1gG2hH3jJ4kK5lL6zZ7xX8cC9vV0bB1nN2mM3qW4eR5tT6yU7iI8oO9pP0aS1dF2gG3hH4jJ5kK6lL7zZ8xX9cC0vB1nN2mQ3wE4rR5tT6yY7uU8iI9oO0pP1aS2dF3gG4hH5jJ6kK7l4hH5jJ6kK7lL8zX9cV0bN1nM2qW3eR4tT5yU6iI7oO8pP9aS0dF1gG2hH3jJ4kK5lL6zZ7xX8cC9vV0bB1nN2mM3qW4eR5tT6yU7iI8oO9pP0aS1dF2gG3hH4jJ5kK6lL7zZ8xX9cC0vB1nN2mQ3wE4rR5tT6yY7uU8iI9oO0pP1aS2dF3gG4hH5jJ6kK7lL8zX9cV0bN1nM2qW3eR4tT5yU6iI7oO8pP9aS0dF1gG2hH3jJ4kK5lL6zZ7xX8cC9vV0bB1nN2mM3qW4eR5tT6yU7iI8oO9pP0aS1dF2gG3hH4jJ5kK6lL7zZ8xX9cC0vB1nN2mQ3wE4rR5tT6yY7uU8iI9oO0pP1aS2dF3gG4hH5jJ6kK7l4hH5jJ6kK7lL8zX9cV0bN1nM2qW3eR4tT5yU6iI7oO8pP9aS0dF1gG2hH3jJ4kK5lL6z7nB9vR2mX8kLp4QjW3tY5zH1aG6sF9dD0fS8gA7hJ6kL5mN4bV3vC2xZ1oP9iU8uY7tT6rR5eE4wW3qQ2aZ1sX2dC3fV4gB5hN6jM7kL8pO9iU0yT1rE2wQ3aS4dF5gG6hH7jJ8kK9lL0zZ1xX2cC3vV4bB5nN6mM7qQ8wW9eE0rR1tT2yY3uU4iI5oO6pP7aA8sS9dD0fF1gG2hH3jJ4kK5lL6zZ7xX8cC9vV0bB1nN2mM3qW4eR5tT6yU7iI8oO9pP0aS1dF2gG3hH4jJ5kK6lL7zZ8xX9cC0vB1nN2mQ3wE4rR5tT6yY7uU8iI9oO0pP1aS2dF3gG4hH5jJ6kK7lL8zX9cV0bN1nM2qW3eR4tT5yU6iI7oO8pP9aS0dF1gG2hH3jJ4kK5lL6zZ7xX8cC9vV0bB1nN2mM3qW4eR5tT6yU7iI8oO9pP0aS1dF2gG3hH4jJ5kK6lL7zZ8xX9cC0vB1nN2mQ3wE4rR5tT6yY7uU8iI9oO0pP1aS2dF3gG4hH5jJ6kK7lL8zX9cV0bN1nM2qW3eR4tT5yU6iI7oO8pP9aS0dF1gG2hH3jJ4kK5lL6zZ7xX8cC9vV0bB1nN2mM3qW4eR5tT6yU7iI8oO9pP0aS1dF2gG3hH4jJ5kK6lL7zZ8xX9cC0vB1nN2mQ3wE4rR5tT6yY7uU8iI9oO0pP1aS2dF3gG4hH5jJ6kK7lL8zX9cV0bN1nM2qW3eR4tT5yU6iI7oO8pP9aS0dF1gG2hH3jJ4kK5lL6zZ7xX8cC9vV0bB1nN2mM3qW4eR5tT6yU7iI8oO9pP0aS1dF2gG3hH4jJ5kK6lL7zZ8xX9cC0vB1nN2mQ3wE4rR5tT6yY7uU8iI9oO0pP1aS2dF3gG4hH5jJ6kK7lL8zX9cV0bN1nM2qW3eR4tT5yU6iI7oO8pP9aS0dF1gG2hH3jJ4kK5lL6zZ7xX8cC9vV0bB1nN2mM3qW4eR5tT6yU7iI8oO9pP0aS1dF2gG3hH4jJ5kK6lL7zZ8xX9cC0vB1nN2mQ3wE4rR5tT6yY7uU8iI9oO0pP1aS2dF3gG4hH5jJ6kK7l4hH5jJ6kK7lL8zX9cV0bN1nM2qW3eR4tT5yU6iI7oO8pP9aS0dF1gG2hH3jJ4kK5lL6zZ7xX8cC9vV0bB1nN2mM3qW4eR5tT6yU7iI8oO9pP0aS1dF2gG3hH4jJ5kK6lL7zZ8xX9cC0vB1nN2mQ3wE4rR5tT6yY7uU8iI9oO0pP1aS2dF3gG4hH5jJ6kK7lL8zX9cV0bN1nM2qW3eR4tT5yU6iI7oO8pP9aS0dF1gG2hH3jJ4kK5lL6zZ7xX8cC9vV0bB1nN2mM3qW4eR5tT6yU7iI8oO9pP0aS1dF2gG3hH4jJ5kK6lL7zZ8xX9cC0vB1nN2mQ3wE4rR5tT6yY7uU8iI9oO0pP1aS2dF3gG4hH5jJ6kK7l4hH5jJ6kK7lL8zX9cV0bN1nM2qW3eR4tT5yU6iI7oO8pP9aS0dF1gG2hH3jJ4kK5lL6zZ7xX8cC9vV0bB1nN2mM3qW4eR5tT6yU7iI8oO9pP0aS1dF2gG3hH4jJ5kK6lL7zZ8xX9cC0vB1nN2mQ3wE4rR5tT6yY7uU8iI9oO0pP1aS2dF3gG4hH5jJ6kK7lL8zX9cV0bN1nM2qW3eR4tT5yU6iI7oO8pP9aS0dF1gG2hH3jJ4kK5lL6zZ7xX8cC9vV0bB1nN2mM3qW4eR5tT6yU7iI8oO9pP0aS1dF2gG3hH4jJ5kK6lL7zZ8xX9cC0vB1nN2mQ3wE4rR5tT6yY7uU8iI9oO0pP1aS2dF3gG4hH5jJ6kK7l4hH5jJ6kK7lL8zX9cV0bN1nM2qW3eR4tT5yU6iI7oO8pP9aS0dF1gG2hH3jJ4kK5lL6zZ7xX8cC9vV0bB1nN2mM3qW4eR5tT6yU7iI8oO9pP0aS1dF2gG3hH4jJ5kK6lL7zZ8xX9cC0vB1nN2mQ3wE4rR5tT6yY7uU8iI9oO0pP1aS2dF3gG4hH5jJ6kK7lL8zX9cV0bN1nM2qW3eR4tT5yU6iI7oO8pP9aS0dF1gG2hH3jJ4kK5lL6zZ7xX8cC9vV0bB1nN2mM3qW4eR5tT6yU7iI8oO9pP0aS1dF2gG3hH4jJ5kK6lL7zZ8xX9cC0vB1nN2mQ3wE4rR5tT6yY7uU8iI9oO0pP1aS2dF3gG4hH5jJ6kK7l4hH5jJ6kK7lL8zX9cV0bN1nM2qW3eR4tT5yU6iI7oO8pP9aS0dF1gG2hH3jJ4kK5lL6zZ7xX8cC9vV0bB1nN2mM3qW4eR5tT6yU7iI8oO9pP0aS1dF2gG3hH4jJ5kK6lL7zZ8xX9cC0vB1nN2mQ3wE4rR5tT6yY7uU8iI9oO0pP1aS2dF3gG4hH5jJ6kK7lL8zX9cV0bN1nM2qW3eR4tT5yU6iI7oO8pP9aS0dF1gG2hH3jJ4kK5lL6zZ7xX8cC9vV0bB1nN2mM3qW4eR5tT6yU7iI8oO9pP0aS1dF2gG3hH4jJ5kK6lL7zZ8xX9cC0vB1nN2mQ3wE4rR5tT6yY7uU8iI9oO0pP1aS2dF3gG4hH5jJ6kK7l4hH5jJ6kK7lL8zX9cV0bN1nM2qW3eR4tT5yU6iI7oO8pP9aS0dF1gG2hH3jJ4kK5lL6zZ7xX8cC9vV0bB1nN2mM3qW4eR5tT6yU7iI8oO9pP0aS1dF2gG3hH4jJ5kK6lL7zZ8xX9cC0vB1nN2mQ3wE4rR5tT6yY7uU8iI9oO0pP1aS2dF3gG4hH5jJ6kK7lL8zX9cV0bN1nM2qW3eR4tT5yU6iI7oO8pP9aS0dF1gG2hH3jJ4kK5lL6zZ7xX8cC9vV0bB1nN2mM3qW4eR5tT6yU7iI8oO9pP0aS1dF2gG3hH4jJ5kK6lL7zZ8xX9cC0vB1nN2mQ3wE4rR5tT6yY7uU8iI9oO0pP1aS2dF3gG4hH5jJ6kK7l4hH5jJ6kK7lL8zX9cV0bN1nM2qW3eR4tT5yU6iI7oO8pP9aS0dF1gG2hH3jJ4kK5lL6zZ7xX8cC9vV0bB1nN2mM3qW4eR5tT6yU7iI8oO9pP0aS1dF2gG3hH4jJ5kK6lL7zZ8xX9cC0vB1nN2mQ3wE4rR5tT6yY7uU8iI9oO0pP1aS2dF3gG4hH5jJ6kK7lL8zX9cV0bN1nM2qW3eR4tT5yU6iI7oO8pP9aS0dF1gG2hH3jJ4kK5lL6zZ7xX8cC9vV0bB1nN2mM3qW4eR5tT6yU7iI8oO9pP0aS1dF2gG3hH4jJ5kK6lL7zZ8xX9cC0vB1nN2mQ3wE4rR5tT6yY7uU8iI9oO0pP1aS2dF3gG4hH5jJ6kK7l4hH5jJ6kK7lL8zX9cV0bN1nM2qW3eR4tT5yU6iI7oO8pP9aS0dF1gG2hH3jJ4kK5lL6zZ7xX8cC9vV0bB1nN2mM3qW4eR5tT6yU7iI8oO9pP0aS1dF2gG3hH4jJ5kK6lL7zZ8xX9cC0vB1nN2mQ3wE4rR5tT6yY7uU8iI9oO0pP1aS2dF3gG4hH5jJ6kK7lL8zX9cV0bN1nM2qW3eR4tT5yU6iI7oO8pP9aS0dF1gG2hH3jJ4kK5lL6zZ7xX8cC9vV0bB1nN2mM3qW4eR5tT6yU7iI8oO9pP0aS1dF2gG3hH4jJ5kK6lL7zZ8xX9cC0vB1nN2mQ3wE4rR5tT6yY7uU8iI9oO0pP1aS2dF3gG4hH5jJ6kK7l4hH5jJ6kK7lL8zX9cV0bN1nM2qW3eR4tT5yU6iI7oO8pP9aS0dF1gG2hH3jJ4kK5lL6z7nB9vR2mX8kLp4QjW3tY5zH1aG6sF9dD0fS8gA7hJ6kL5mN4bV3vC2xZ1oP9iU8uY7tT6rR5eE4wW3qQ2aZ1sX2dC3fV4gB5hN6jM7kL8pO9iU0yT1rE2wQ3aS4dF5gG6hH7jJ8kK9lL0zZ1xX2cC3vV4bB5nN6mM7qQ8wW9eE0rR1tT2yY3uU4iI5oO6pP7aA8sS9dD0fF1gG2hH3jJ4kK5lL6zZ7xX8cC9vV0bB1nN2mM3qW4eR5tT6yU7iI8oO9pP0aS1dF2gG3hH4jJ5kK6lL7zZ8xX9cC0vB1nN2mQ3wE4rR5tT6yY7uU8iI9oO0pP1aS2dF3gG4hH5jJ6kK7lL8zX9cV0bN1nM2qW3eR4tT5yU6iI7oO8pP9aS0dF1gG2hH3jJ4kK5lL6zZ7xX8cC9vV0bB1nN2mM3qW4eR5tT6yU7iI8oO9pP0aS1dF2gG3hH4jJ5kK6lL7zZ8xX9cC0vB1nN2mQ3wE4rR5tT6yY7uU8iI9oO0pP1aS2dF3gG4hH5jJ6kK7lL8zX9cV0bN1nM2qW3eR4tT5yU6iI7oO8pP9aS0dF1gG2hH3jJ4kK5lL6zZ7xX8cC9vV0bB1nN2mM3qW4eR5tT6yU7iI8oO9pP0aS1dF2gG3hH4jJ5kK6lL7zZ8xX9cC0vB1nN2mQ3wE4rR5tT6yY7uU8iI9oO0pP1aS2dF3gG4hH5jJ6kK7lL8zX9cV0bN1nM2qW3eR4tT5yU6iI7oO8pP9aS0dF1gG2hH3jJ4kK5lL6zZ7xX8cC9vV0bB1nN2mM3qW4eR5tT6yU7iI8oO9pP0aS1dF2gG3hH4jJ5kK6lL7zZ8xX9cC0vB1nN2mQ3wE4rR5tT6yY7uU8iI9oO0pP1aS2dF3gG4hH5jJ6kK7lL8zX9cV0bN1nM2qW3eR4tT5yU6iI7oO8pP9aS0dF1gG2hH3jJ4kK5lL6zZ7xX8cC9vV0bB1nN2mM3qW4eR5tT6yU7iI8oO9pP0aS1dF2gG3hH4jJ5kK6lL7zZ8xX9cC0vB1nN2mQ3wE4rR5tT6yY7uU8iI9oO0pP1aS2dF3gG4hH5jJ6kK7l4hH5jJ6kK7lL8zX9cV0bN1nM2qW3eR4tT5yU6iI7oO8pP9aS0dF1gG2hH3jJ4kK5lL6zZ7xX8cC9vV0bB1nN2mM3qW4eR5tT6yU7iI8oO9pP0aS1dF2gG3hH4jJ5kK6lL7zZ8xX9cC0vB1nN2mQ3wE4rR5tT6yY7uU8iI9oO0pP1aS2dF3gG4hH5jJ6kK7lL8zX9cV0bN1nM2qW3eR4tT5yU6iI7oO8pP9aS0dF1gG2hH3jJ4kK5lL6zZ7xX8cC9vV0bB1nN2mM3qW4eR5tT6yU7iI8oO9pP0aS1dF2gG3hH4jJ5kK6lL7zZ8xX9cC0vB1nN2mQ3wE4rR5tT6yY7uU8iI9oO0pP1aS2dF3gG4hH5jJ6kK7l4hH5jJ6kK7lL8zX9cV0bN1nM2qW3eR4tT5yU6iI7oO8pP9aS0dF1gG2hH3jJ4kK5lL6zZ7xX8cC9vV0bB1nN2mM3qW4eR5tT6yU7iI8oO9pP0aS1dF2gG3hH4jJ5kK6lL7zZ8xX9cC0vB1nN2mQ3wE4rR5tT6yY7uU8iI9oO0pP1aS2dF3gG4hH5jJ6kK7lL8zX9cV0bN1nM2qW3eR4tT5yU6iI7oO8pP9aS0dF1gG2hH3jJ4kK5lL6zZ7xX8cC9vV0bB1nN2mM3qW4eR5tT6yU7iI8oO9pP0aS1dF2gG3hH4jJ5kK6lL7zZ8xX9cC0vB1nN2mQ3wE4rR5tT6yY7uU8iI9oO0pP1aS2dF3gG4hH5jJ6kK7l4hH5jJ6kK7lL8zX9cV0bN1nM2qW3eR4tT5yU6iI7oO8pP9aS0dF1gG2hH3jJ4kK5lL6zZ7xX8cC9vV0bB1nN2mM3qW4eR5tT6yU7iI8oO9pP0aS1dF2gG3hH4jJ5kK6lL7zZ8xX9cC0vB1nN2mQ3wE4rR5tT6yY7uU8iI9oO0pP1aS2dF3gG4hH5jJ6kK7lL8zX9cV0bN1nM2qW3eR4tT5yU6iI7oO8pP9aS0dF1gG2hH3jJ4kK5lL6zZ7xX8cC9vV0bB1nN2mM3qW4eR5tT6yU7iI8oO9pP0aS1dF2gG3hH4jJ5kK6lL7zZ8xX9cC0vB1nN2mQ3wE4rR5tT6yY7uU8iI9oO0pP1aS2dF3gG4hH5jJ6kK7l4hH5jJ6kK7lL8zX9cV0bN1nM2qW3eR4tT5yU6iI7oO8pP9aS0dF1gG2hH3jJ4kK5lL6zZ7xX8cC9vV0bB1nN2mM3qW4eR5tT6yU7iI8oO9pP0aS1dF2gG3hH4jJ5kK6lL7zZ8xX9cC0vB1nN2mQ3wE4rR5tT6yY7uU8iI9oO0pP1aS2dF3gG4hH5jJ6kK7lL8zX9cV0bN1nM2qW3eR4tT5yU6iI7oO8pP9aS0dF1gG2hH3jJ4kK5lL6zZ7xX8cC9vV0bB1nN2mM3qW4eR5tT6yU7iI8oO9pP0aS1dF2gG3hH4jJ5kK6lL7zZ8xX9cC0vB1nN2mQ3wE4rR5tT6yY7uU8iI9oO0pP1aS2dF3gG4hH5jJ6kK7l4hH5jJ6kK7lL8zX9cV0bN1nM2qW3eR4tT5yU6iI7oO8pP9aS0dF1gG2hH3jJ4kK5lL6zZ7xX8cC9vV0bB1nN2mM3qW4eR5tT6yU7iI8oO9pP0aS1dF2gG3hH4jJ5kK6lL7zZ8xX9cC0vB1nN2mQ3wE4rR5tT6yY7uU8iI9oO0pP1aS2dF3gG4hH5jJ6kK7lL8zX9cV0bN1nM2qW3eR4tT5yU6iI7oO8pP9aS0dF1gG2hH3jJ4kK5lL6zZ7xX8cC9vV0bB1nN2mM3qW4eR5tT6yU7iI8oO9pP0aS1dF2gG3hH4jJ5kK6lL7zZ8xX9cC0vB1nN2mQ3wE4rR5tT6yY7uU8iI9oO0pP1aS2dF3gG4hH5jJ6kK7l4hH5jJ6kK7lL8zX9cV0bN1nM2qW3eR4tT5yU6iI7oO8pP9aS0dF1gG2hH3jJ4kK5lL6zZ7xX8cC9vV0bB1nN2mM3qW4eR5tT6yU7iI8oO9pP0aS1dF2gG3hH4jJ5kK6lL7zZ8xX9cC0vB1nN2mQ3wE4rR5tT6yY7uU8iI9oO0pP1aS2dF3gG4hH5jJ6kK7lL8zX9cV0bN1nM2qW3eR4tT5yU6iI7oO8pP9aS0dF1gG2hH3jJ4kK5lL6zZ7xX8cC9vV0bB1nN2mM3qW4eR5tT6yU7iI8oO9pP0aS1dF2gG3hH4jJ5kK6lL7zZ8xX9cC0vB1nN2mQ3wE4rR5tT6yY7uU8iI9oO0pP1aS2dF3gG4hH5jJ6kK7l4hH5jJ6kK7lL8zX9cV0bN1nM2qW3eR4tT5yU6iI7oO8pP9aS0dF1gG2hH3jJ4kK5lL6zZ7xX8cC9vV0bB1nN2mM3qW4eR5tT6yU7iI8oO9pP0aS1dF2gG3hH4jJ5kK6lL7zZ8xX9cC0vB1nN2mQ3wE4rR5tT6yY7uU8iI9oO0pP1aS2dF3gG4hH5jJ6kK7lL8zX9cV0bN1nM2qW3eR4tT5yU6iI7oO8pP9aS0dF1gG2hH3jJ4kK5lL6zZ7xX8cC9vV0bB1nN2mM3qW4eR5tT6yU7iI8oO9pP0aS1dF2gG3hH4jJ5kK6lL7zZ8xX9cC0vB1nN2mQ3wE4rR5tT6yY7uU8iI9oO0pP1aS2dF3gG4hH5jJ6kK7l4hH5jJ6kK7lL8zX9cV0bN1nM2qW3eR4tT5yU6iI7oO8pP9aS0dF1gG2hH3jJ4kK5lL6z7nB9vR2mX8kLp4QjW3tY5zH1aG6sF9dD0fS8gA7hJ6kL5mN4bV3vC2xZ1oP9iU8uY7tT6rR5eE4wW3qQ2aZ1sX2dC3fV4gB5hN6jM7kL8pO9iU0yT1rE2wQ3aS4dF5gG6hH7jJ8kK9lL0zZ1xX2cC3vV4bB5nN6mM7qQ8wW9eE0rR1tT2yY3uU4iI5oO6pP7aA8sS9dD0fF1gG2hH3jJ4kK5lL6zZ7xX8cC9vV0bB1nN2mM3qW4eR5tT6yU7iI8oO9pP0aS1dF2gG3hH4jJ5kK6lL7zZ8xX9cC0vB1nN2mQ3wE4rR5tT6yY7uU8iI9oO0pP1aS2dF3gG4hH5jJ6kK7lL8zX9cV0bN1nM2qW3eR4tT5yU6iI7oO8pP9aS0dF1gG2hH3jJ4kK5lL6zZ7xX8cC9vV0bB1nN2mM3qW4eR5tT6yU7iI8oO9pP0aS1dF2gG3hH4jJ5kK6lL7zZ8xX9cC0vB1nN2mQ3wE4rR5tT6yY7uU8iI9oO0pP1aS2dF3gG4hH5jJ6kK7lL8zX9cV0bN1nM2qW3eR4tT5yU6iI7oO8pP9aS0dF1gG2hH3jJ4kK5lL6zZ7xX8cC9vV0bB1nN2mM3qW4eR5tT6yU7iI8oO9pP0aS1dF2gG3hH4jJ5kK6lL7zZ8xX9cC0vB1nN2mQ3wE4rR5tT6yY7uU8iI9oO0pP1aS2dF3gG4hH5jJ6kK7lL8zX9cV0bN1nM2qW3eR4tT5yU6iI7oO8pP9aS0dF1gG2hH3jJ4kK5lL6zZ7xX8cC9vV0bB1nN2mM3qW4eR5tT6yU7iI8oO9pP0aS1dF2gG3hH4jJ5kK6lL7zZ8xX9cC0vB1nN2mQ3wE4rR5tT6yY7uU8iI9oO0pP1aS2dF3gG4hH5jJ6kK7lL8zX9cV0bN1nM2qW3eR4tT5yU6iI7oO8pP9aS0dF1gG2hH3jJ4kK5lL6zZ7xX8cC9vV0bB1nN2mM3qW4eR5tT6yU7iI8oO9pP0aS1dF2gG3hH4jJ5kK6lL7zZ8xX9cC0vB1nN2mQ3wE4rR5tT6yY7uU8iI9oO0pP1aS2dF3gG4hH5jJ6kK7l4hH5jJ6kK7lL8zX9cV0bN1nM2qW3eR4tT5yU6iI7oO8pP9aS0dF1gG2hH3jJ4kK5lL6zZ7xX8cC9vV0bB1nN2mM3qW4eR5tT6yU7iI8oO9pP0aS1dF2gG3hH4jJ5kK6lL7zZ8xX9cC0vB1nN2mQ3wE4rR5tT6yY7uU8iI9oO0pP1aS2dF3gG4hH5jJ6kK7lL8zX9cV0bN1nM2qW3eR4tT5yU6iI7oO8pP9aS0dF1gG2hH3jJ4kK5lL6zZ7xX8cC9vV0bB1nN2mM3qW4eR5tT6yU7iI8oO9pP0aS1dF2gG3hH4jJ5kK6lL7zZ8xX9cC0vB1nN2mQ3wE4rR5tT6yY7uU8iI9oO0pP1aS2dF3gG4hH5jJ6kK7l4hH5jJ6kK7lL8zX9cV0bN1nM2qW3eR4tT5yU6iI7oO8pP9aS0dF1gG2hH3jJ4kK5lL6zZ7xX8cC9vV0bB1nN2mM3qW4eR5tT6yU7iI8oO9pP0aS1dF2gG3hH4jJ5kK6lL7zZ8xX9cC0vB1nN2mQ3wE4rR5tT6yY7uU8iI9oO0pP1aS2dF3gG4hH5jJ6kK7lL8zX9cV0bN1nM2qW3eR4tT5yU6iI7oO8pP9aS0dF1gG2hH3jJ4kK5lL6zZ7xX8cC9vV0bB1nN2mM3qW4eR5tT6yU7iI8oO9pP0aS1dF2gG3hH4jJ5kK6lL7zZ8xX9cC0vB1nN2mQ3wE4rR5tT6yY7uU8iI9oO0pP1aS2dF3gG4hH5jJ6kK7l4hH5jJ6kK7lL8zX9cV0bN1nM2qW3eR4tT5yU6iI7oO8pP9aS0dF1gG2hH3jJ4kK5lL6zZ7xX8cC9vV0bB1nN2mM3qW4eR5tT6yU7iI8oO9pP0aS1dF2gG3hH4jJ5kK6lL7zZ8xX9cC0vB1nN2mQ3wE4rR5tT6yY7uU8iI9oO0pP1aS2dF3gG4hH5jJ6kK7lL8zX9cV0bN1nM2qW3eR4tT5yU6iI7oO8pP9aS0dF1gG2hH3jJ4kK5lL6zZ7xX8cC9vV0bB1nN2mM3qW4eR5tT6yU7iI8oO9pP0aS1dF2gG3hH4jJ5kK6lL7zZ8xX9cC0vB1nN2mQ3wE4rR5tT6yY7uU8iI9oO0pP1aS2dF3gG4hH5jJ6kK7l4hH5jJ6kK7lL8zX9cV0bN1nM2qW3eR4tT5yU6iI7oO8pP9aS0dF1gG2hH3jJ4kK5lL6zZ7xX8cC9vV0bB1nN2mM3qW4eR5tT6yU7iI8oO9pP0aS1dF2gG3hH4jJ5kK6lL7zZ8xX9cC0vB1nN2mQ3wE4rR5tT6yY7uU8iI9oO0pP1aS2dF3gG4hH5jJ6kK7lL8zX9cV0bN1nM2qW3eR4tT5yU6iI7oO8pP9aS0dF1gG2hH3jJ4kK5lL6zZ7xX8cC9vV0bB1nN2mM3qW4eR5tT6yU7iI8oO9pP0aS1dF2gG3hH4jJ5kK6lL7zZ8xX9cC0vB1nN2mQ3wE4rR5tT6yY7uU8iI9oO0pP1aS2dF3gG4hH5jJ6kK7l4hH5jJ6kK7lL8zX9cV0bN1nM2qW3eR4tT5yU6iI7oO8pP9aS0dF1gG2hH3jJ4kK5lL6zZ7xX8cC9vV0bB1nN2mM3qW4eR5tT6yU7iI8oO9pP0aS1dF2gG3hH4jJ5kK6lL7zZ8xX9cC0vB1nN2mQ3wE4rR5tT6yY7uU8iI9oO0pP1aS2dF3gG4hH5jJ6kK7lL8zX9cV0bN1nM2qW3eR4tT5yU6iI7oO8pP9aS0dF1gG2hH3jJ4kK5lL6zZ7xX8cC9vV0bB1nN2mM3qW4eR5tT6yU7iI8oO9pP0aS1dF2gG3hH4jJ5kK6lL7zZ8xX9cC0vB1nN2mQ3wE4rR5tT6yY7uU8iI9oO0pP1aS2dF3gG4hH5jJ6kK7l4hH5jJ6kK7lL8zX9cV0bN1nM2qW3eR4tT5yU6iI7oO8pP9aS0dF1gG2hH3jJ4kK5lL6zZ7xX8cC9vV0bB1nN2mM3qW4eR5tT6yU7iI8oO9pP0aS1dF2gG3hH4jJ5kK6lL7zZ8xX9cC0vB1nN2mQ3wE4rR5tT6yY7uU8iI9oO0pP1aS2dF3gG4hH5jJ6kK7lL8zX9cV0bN1nM2qW3eR4tT5yU6iI7oO8pP9aS0dF1gG2hH3jJ4kK5lL6zZ7xX8cC9vV0bB1nN2mM3qW4eR5tT6yU7iI8oO9pP0aS1dF2gG3hH4jJ5kK6lL7zZ8xX9cC0vB1nN2mQ3wE4rR5tT6yY7uU8iI9oO0pP1aS2dF3gG4hH5jJ6kK7l4hH5jJ6kK7lL8zX9cV0bN1nM2qW3eR4tT5yU6iI7oO8pP9aS0dF1gG2hH3jJ4kK5lL6zZ7xX8cC9vV0bB1nN2mM3qW4eR5tT6yU7iI8oO9pP0aS1dF2gG3hH4jJ5kK6lL7zZ8xX9cC0vB1nN2mQ3wE4rR5tT6yY7uU8iI9oO0pP1aS2dF3gG4hH5jJ6kK7lL8zX9cV0bN1nM2qW3eR4tT5yU6iI7oO8pP9aS0dF1gG2hH3jJ4kK5lL6zZ7xX8cC9vV0bB1nN2mM3qW4eR5tT6yU7iI8oO9pP0aS1dF2gG3hH4jJ5kK6lL7zZ8xX9cC0vB1nN2mQ3wE4rR5tT6yY7uU8iI9oO0pP1aS2dF3gG4hH5jJ6kK7l4hH5jJ6kK7lL8zX9cV0bN1nM2qW3eR4tT5yU6iI7oO8pP9aS0dF1gG2hH3jJ4kK5lL6z7nB9vR2mX8kLp4QjW3tY5zH1aG6sF9dD0fS8gA7hJ6kL5mN4bV3vC2xZ1oP9iU8uY7tT6rR5eE4wW3qQ2aZ1sX2dC3fV4gB5hN6jM7kL8pO9iU0yT1rE2wQ3aS4dF5gG6hH7jJ8kK9lL0zZ1xX2cC3vV4bB5nN6mM7qQ8wW9eE0rR1tT2yY3uU4iI5oO6pP7aA8sS9dD0fF1gG2hH3jJ4kK5lL6zZ7xX8cC9vV0bB1nN2mM3qW4eR5tT6yU7iI8oO9pP0aS1dF2gG3hH4jJ5kK6lL7zZ8xX9cC0vB1nN2mQ3wE4rR5tT6yY7uU8iI9oO0pP1aS2dF3gG4hH5jJ6kK7lL8zX9cV0bN1nM2qW3eR4tT5yU6iI7oO8pP9aS0dF1gG2hH3jJ4kK5lL6zZ7xX8cC9vV0bB1nN2mM3qW4eR5tT6yU7iI8oO9pP0aS1dF2gG3hH4jJ5kK6lL7zZ8xX9cC0vB1nN2mQ3wE4rR5tT6yY7uU8iI9oO0pP1aS2dF3gG4hH5jJ6kK7lL8zX9cV0bN1nM2qW3eR4tT5yU6iI7oO8pP9aS0dF1gG2hH3jJ4kK5lL6zZ7xX8cC9vV0bB1nN2mM3qW4eR5tT6yU7iI8oO9pP0aS1dF2gG3hH4jJ5kK6lL7zZ8xX9cC0vB1nN2mQ3wE4rR5tT6yY7uU8iI9oO0pP1aS2dF3gG4hH5jJ6kK7lL8zX9cV0bN1nM2qW3eR4tT5yU6iI7oO8pP9aS0dF1gG2hH3jJ4kK5lL6zZ7xX8cC9vV0bB1nN2mM3qW4eR5tT6yU7iI8oO9pP0aS1dF2gG3hH4jJ5kK6lL7zZ8xX9cC0vB1nN2mQ3wE4rR5tT6yY7uU8iI9oO0pP1aS2dF3gG4hH5jJ6kK7lL8zX9cV0bN1nM2qW3eR4tT5yU6iI7oO8pP9aS0dF1gG2hH3jJ4kK5lL6zZ7xX8cC9vV0bB1nN2mM3qW4eR5tT6yU7iI8oO9pP0aS1dF2gG3hH4jJ5kK6lL7zZ8xX9cC0vB1nN2mQ3wE4rR5tT6yY7uU8iI9oO0pP1aS2dF3gG4hH5jJ6kK7l4hH5jJ6kK7lL8zX9cV0bN1nM2qW3eR4tT5yU6iI7oO8pP9aS0dF1gG2hH3jJ4kK5lL6zZ7xX8cC9vV0bB1nN2mM3qW4eR5tT6yU7iI8oO9pP0aS1dF2gG3hH4jJ5kK6lL7zZ8xX9cC0vB1nN2mQ3wE4rR5tT6yY7uU8iI9oO0pP1aS2dF3gG4hH5jJ6kK7lL8zX9cV0bN1nM2qW3eR4tT5yU6iI7oO8pP9aS0dF1gG2hH3jJ4kK5lL6zZ7xX8cC9vV0bB1nN2mM3qW4eR5tT6yU7iI8oO9pP0aS1dF2gG3hH4jJ5kK6lL7zZ8xX9cC0vB1nN2mQ3wE4rR5tT6yY7uU8iI9oO0pP1aS2dF3gG4hH5jJ6kK7l4hH5jJ6kK7lL8zX9cV0bN1nM2qW3eR4tT5yU6iI7oO8pP9aS0dF1gG2hH3jJ4kK5lL6zZ7xX8cC9vV0bB1nN2mM3qW4eR5tT6yU7iI8oO9pP0aS1dF2gG3hH4jJ5kK6lL7zZ8xX9cC0vB1nN2mQ3wE4rR5tT6yY7uU8iI9oO0pP1aS2dF3gG4hH5jJ6kK7lL8zX9cV0bN1nM2qW3eR4tT5yU6iI7oO8pP9aS0dF1gG2hH3jJ4kK5lL6zZ7xX8cC9vV0bB1nN2mM3qW4eR5tT6yU7iI8oO9pP0aS1dF2gG3hH4jJ5kK6lL7zZ8xX9cC0vB1nN2mQ3wE4rR5tT6yY7uU8iI9oO0pP1aS2dF3gG4hH5jJ6kK7l4hH5jJ6kK7lL8zX9cV0bN1nM2qW3eR4tT5yU6iI7oO8pP9aS0dF1gG2hH3jJ4kK5lL6zZ7xX8cC9vV0bB1nN2mM3qW4eR5tT6yU7iI8oO9pP0aS1dF2gG3hH4jJ5kK6lL7zZ8xX9cC0vB1nN2mQ3wE4rR5tT6yY7uU8iI9oO0pP1aS2dF3gG4hH5jJ6kK7lL8zX9cV0bN1nM2qW3eR4tT5yU6iI7oO8pP9aS0dF1gG2hH3jJ4kK5lL6zZ7xX8cC9vV0bB1nN2mM3qW4eR5tT6yU7iI8oO9pP0aS1dF2gG3hH4jJ5kK6lL7zZ8xX9cC0vB1nN2mQ3wE4rR5tT6yY7uU8iI9oO0pP1aS2dF3gG4hH5jJ6kK7l4hH5jJ6kK7lL8zX9cV0bN1nM2qW3eR4tT5yU6iI7oO8pP9aS0dF1gG2hH3jJ4kK5lL6zZ7xX8cC9vV0bB1nN2mM3qW4eR5tT6yU7iI8oO9pP0aS1dF2gG3hH4jJ5kK6lL7zZ8xX9cC0vB1nN2mQ3wE4rR5tT6yY7uU8iI9oO0pP1aS2dF3gG4hH5jJ6kK7lL8zX9cV0bN1nM2qW3eR4tT5yU6iI7oO8pP9aS0dF1gG2hH3jJ4kK5lL6zZ7xX8cC9vV0bB1nN2mM3qW4eR5tT6yU7iI8oO9pP0aS1dF2gG3hH4jJ5kK6lL7zZ8xX9cC0vB1nN2mQ3wE4rR5tT6yY7uU8iI9oO0pP1aS2dF3gG4hH5jJ6kK7l4hH5jJ6kK7lL8zX9cV0bN1nM2qW3eR4tT5yU6iI7oO8pP9aS0dF1gG2hH3jJ4kK5lL6zZ7xX8cC9vV0bB1nN2mM3qW4eR5tT6yU7iI8oO9pP0aS1dF2gG3hH4jJ5kK6lL7zZ8xX9cC0vB1nN2mQ3wE4rR5tT6yY7uU8iI9oO0pP1aS2dF3gG4hH5jJ6kK7lL8zX9cV0bN1nM2qW3eR4tT5yU6iI7oO8pP9aS0dF1gG2hH3jJ4kK5lL6zZ7xX8cC9vV0bB1nN2mM3qW4eR5tT6yU7iI8oO9pP0aS1dF2gG3hH4jJ5kK6lL7zZ8xX9cC0vB1nN2mQ3wE4rR5tT6yY7uU8iI9oO0pP1aS2dF3gG4hH5jJ6kK7l4hH5jJ6kK7lL8zX9cV0bN1nM2qW3eR4tT5yU6iI7oO8pP9aS0dF1gG2hH3jJ4kK5lL6zZ7xX8cC9vV0bB1nN2mM3qW4eR5tT6yU7iI8oO9pP0aS1dF2gG3hH4jJ5kK6lL7zZ8xX9cC0vB1nN2mQ3wE4rR5tT6yY7uU8iI9oO0pP1aS2dF3gG4hH5jJ6kK7lL8zX9cV0bN1nM2qW3eR4tT5yU6iI7oO8pP9aS0dF1gG2hH3jJ4kK5lL6zZ7xX8cC9vV0bB1nN2mM3qW4eR5tT6yU7iI8oO9pP0aS1dF2gG3hH4jJ5kK6lL7zZ8xX9cC0vB1nN2mQ3wE4rR5tT6yY7uU8iI9oO0pP1aS2dF3gG4hH5jJ6kK7l4hH5jJ6kK7lL8zX9cV0bN1nM2qW3eR4tT5yU6iI7oO8pP9aS0dF1gG2hH3jJ4kK5lL6zZ7xX8cC9vV0bB1nN2mM3qW4eR5tT6yU7iI8oO9pP0aS1dF2gG3hH4jJ5kK6lL7zZ8xX9cC0vB1nN2mQ3wE4rR5tT6yY7uU8iI9oO0pP1aS2dF3gG4hH5jJ6kK7lL8zX9cV0bN1nM2qW3eR4tT5yU6iI7oO8pP9aS0dF1gG2hH3jJ4kK5lL6zZ7xX8cC9vV0bB1nN2mM3qW4eR5tT6yU7iI8oO9pP0aS1dF2gG3hH4jJ5kK6lL7zZ8xX9cC0vB1nN2mQ3wE4rR5tT6yY7uU8iI9oO0pP1aS2dF3gG4hH5jJ6kK7l4hH5jJ6kK7lL8zX9cV0bN1nM2qW3eR4tT5yU6iI7oO8pP9aS0dF1gG2hH3jJ4kK5lL6z7nB9vR2mX8kLp4QjW3tY5zH1aG6sF9dD0fS8gA7hJ6kL5mN4bV3vC2xZ1oP9iU8uY7tT6rR5eE4wW3qQ2aZ1sX2dC3fV4gB5hN6jM7kL8pO9iU0yT1rE2wQ3aS4dF5gG6hH7jJ8kK9lL0zZ1xX2cC3vV4bB5nN6mM7qQ8wW9eE0rR1tT2yY3uU4iI5oO6pP7aA8sS9dD0fF1gG2hH3jJ4kK5lL6zZ7xX8cC9vV0bB1nN2mM3qW4eR5tT6yU7iI8oO9pP0aS1dF2gG3hH4jJ5kK6lL7zZ8xX9cC0vB1nN2mQ3wE4rR5tT6yY7uU8iI9oO0pP1aS2dF3gG4hH5jJ6kK7lL8zX9cV0bN1nM2qW3eR4tT5yU6iI7oO8pP9aS0dF1gG2hH3jJ4kK5lL6zZ7xX8cC9vV0bB1nN2mM3qW4eR5tT6yU7iI8oO9pP0aS1dF2gG3hH4jJ5kK6lL7zZ8xX9cC0vB1nN2mQ3wE4rR5tT6yY7uU8iI9oO0pP1aS2dF3gG4hH5jJ6kK7lL8zX9cV0bN1nM2qW3eR4tT5yU6iI7oO8pP9aS0dF1gG2hH3jJ4kK5lL6zZ7xX8cC9vV0bB1nN2mM3qW4eR5tT6yU7iI8oO9pP0aS1dF2gG3hH4jJ5kK6lL7zZ8xX9cC0vB1nN2mQ3wE4rR5tT6yY7uU8iI9oO0pP1aS2dF3gG4hH5jJ6kK7lL8zX9cV0bN1nM2qW3eR4tT5yU6iI7oO8pP9aS0dF1gG2hH3jJ4kK5lL6zZ7xX8cC9vV0bB1nN2mM3qW4eR5tT6yU7iI8oO9pP0aS1dF2gG3hH4jJ5kK6lL7zZ8xX9cC0vB1nN2mQ3wE4rR5tT6yY7uU8iI9oO0pP1aS2dF3gG4hH5jJ6kK7lL8zX9cV0bN1nM2qW3eR4tT5yU6iI7oO8pP9aS0dF1gG2hH3jJ4kK5lL6zZ7xX8cC9vV0bB1nN2mM3qW4eR5tT6yU7iI8oO9pP0aS1dF2gG3hH4jJ5kK6lL7zZ8xX9cC0vB1nN2mQ3wE4rR5tT6yY7uU8iI9oO0pP1aS2dF3gG4hH5jJ6kK7l4hH5jJ6kK7lL8zX9cV0bN1nM2qW3eR4tT5yU6iI7oO8pP9aS0dF1gG2hH3jJ4kK5lL6zZ7xX8cC9vV0bB1nN2mM3qW4eR5tT6yU7iI8oO9pP0aS1dF2gG3hH4jJ5kK6lL7zZ8xX9cC0vB1nN2mQ3wE4rR5tT6yY7uU8iI9oO0pP1aS2dF3gG4hH5jJ6kK7lL8zX9cV0bN1nM2qW3eR4tT5yU6iI7oO8pP9aS0dF1gG2hH3jJ4kK5lL6zZ7xX8cC9vV0bB1nN2mM3qW4eR5tT6yU7iI8oO9pP0aS1dF2gG3hH4jJ5kK6lL7zZ8xX9cC0vB1nN2mQ3wE4rR5tT6yY7uU8iI9oO0pP1aS2dF3gG4hH5jJ6kK7l4hH5jJ6kK7lL8zX9cV0bN1nM2qW3eR4tT5yU6iI7oO8pP9aS0dF1gG2hH3jJ4kK5lL6zZ7xX8cC9vV0bB1nN2mM3qW4eR5tT6yU7iI8oO9pP0aS1dF2gG3hH4jJ5kK6lL7zZ8xX9cC0vB1nN2mQ3wE4rR5tT6yY7uU8iI9oO0pP1aS2dF3gG4hH5jJ6kK7lL8zX9cV0bN1nM2qW3eR4tT5yU6iI7oO8pP9aS0dF1gG2hH3jJ4kK5lL6zZ7xX8cC9vV0bB1nN2mM3qW4eR5tT6yU7iI8oO9pP0aS1dF2gG3hH4jJ5kK6lL7zZ8xX9cC0vB1nN2mQ3wE4rR5tT6yY7uU8iI9oO0pP1aS2dF3gG4hH5jJ6kK7l4hH5jJ6kK7lL8zX9cV0bN1nM2qW3eR4tT5yU6iI7oO8pP9aS0dF1gG2hH3jJ4kK5lL6zZ7xX8cC9vV0bB1nN2mM3qW4eR5tT6yU7iI8oO9pP0aS1dF2gG3hH4jJ5kK6lL7zZ8xX9cC0vB1nN2mQ3wE4rR5tT6yY7uU8iI9oO0pP1aS2dF3gG4hH5jJ6kK7lL8zX9cV0bN1nM2qW3eR4tT5yU6iI7oO8pP9aS0dF1gG2hH3jJ4kK5lL6zZ7xX8cC9vV0bB1nN2mM3qW4eR5tT6yU7iI8oO9pP0aS1dF2gG3hH4jJ5kK6lL7zZ8xX9cC0vB1nN2mQ3wE4rR5tT6yY7uU8iI9oO0pP1aS2dF3gG4hH5jJ6kK7l4hH5jJ6kK7lL8zX9cV0bN1nM2qW3eR4tT5yU6iI7oO8pP9aS0dF1gG2hH3jJ4kK5lL6zZ7xX8cC9vV0bB1nN2mM3qW4eR5tT6yU7iI8oO9pP0aS1dF2gG3hH4jJ5kK6lL7zZ8xX9cC0vB1nN2mQ3wE4rR5tT6yY7uU8iI9oO0pP1aS2dF3gG4hH5jJ6kK7lL8zX9cV0bN1nM2qW3eR4tT5yU6iI7oO8pP9aS0dF1gG2hH3jJ4kK5lL6zZ7xX8cC9vV0bB1nN2mM3qW4eR5tT6yU7iI8oO9pP0aS1dF2gG3hH4jJ5kK6lL7zZ8xX9cC0vB1nN2mQ3wE4rR5tT6yY7uU8iI9oO0pP1aS2dF3gG4hH5jJ6kK7l4hH5jJ6kK7lL8zX9cV0bN1nM2qW3eR4tT5yU6iI7oO8pP9aS0dF1gG2hH3jJ4kK5lL6zZ7xX8cC9vV0bB1nN2mM3qW4eR5tT6yU7iI8oO9pP0aS1dF2gG3hH4jJ5kK6lL7zZ8xX9cC0vB1nN2mQ3wE4rR5tT6yY7uU8iI9oO0pP1aS2dF3gG4hH5jJ6kK7lL8zX9cV0bN1nM2qW3eR4tT5yU6iI7oO8pP9aS0dF1gG2hH3jJ4kK5lL6zZ7xX8cC9vV0bB1nN2mM3qW4eR5tT6yU7iI8oO9pP0aS1dF2gG3hH4jJ5kK6lL7zZ8xX9cC0vB1nN2mQ3wE4rR5tT6yY7uU8iI9oO0pP1aS2dF3gG4hH5jJ6kK7l4hH5jJ6kK7lL8zX9cV0bN1nM2qW3eR4tT5yU6iI7oO8pP9aS0dF1gG2hH3jJ4kK5lL6zZ7xX8cC9vV0bB1nN2mM3qW4eR5tT6yU7iI8oO9pP0aS1dF2gG3hH4jJ5kK6lL7zZ8xX9cC0vB1nN2mQ3wE4rR5tT6yY7uU8iI9oO0pP1aS2dF3gG4hH5jJ6kK7lL8zX9cV0bN1nM2qW3eR4tT5yU6iI7oO8pP9aS0dF1gG2hH3jJ4kK5lL6zZ7xX8cC9vV0bB1nN2mM3qW4eR5tT6yU7iI8oO9pP0aS1dF2gG3hH4jJ5kK6lL7zZ8xX9cC0vB1nN2mQ3wE4rR5tT6yY7uU8iI9oO0pP1aS2dF3gG4hH5jJ6kK7l4hH5jJ6kK7lL8zX9cV0bN1nM2qW3eR4tT5yU6iI7oO8pP9aS0dF1gG2hH3jJ4kK5lL6zZ7xX8cC9vV0bB1nN2mM3qW4eR5tT6yU7iI8oO9pP0aS1dF2gG3hH4jJ5kK6lL7zZ8xX9cC0vB1nN2mQ3wE4rR5tT6yY7uU8iI9oO0pP1aS2dF3gG4hH5jJ6kK7lL8zX9cV0bN1nM2qW3eR4tT5yU6iI7oO8pP9aS0dF1gG2hH3jJ4kK5lL6zZ7xX8cC9vV0bB1nN2mM3qW4eR5tT6yU7iI8oO9pP0aS1dF2gG3hH4jJ5kK6lL7zZ8xX9cC0vB1nN2mQ3wE4rR5tT6yY7uU8iI9oO0pP1aS2dF3gG4hH5jJ6kK7l4hH5jJ6kK7lL8zX9cV0bN1nM2qW3eR4tT5yU6iI7oO8pP9aS0dF1gG2hH3jJ4kK5lL6z7nB9vR2mX8kLp4QjW3tY5zH1aG6sF9dD0fS8gA7hJ6kL5mN4bV3vC2xZ1oP9iU8uY7tT6rR5eE4wW3qQ2aZ1sX2dC3fV4gB5hN6jM7kL8pO9iU0yT1rE2wQ3aS4dF5gG6hH7jJ8kK9lL0zZ1xX2cC3vV4bB5nN6mM7qQ8wW9eE0rR1tT2yY3uU4iI5oO6pP7aA8sS9dD0fF1gG2hH3jJ4kK5lL6zZ7xX8cC9vV0bB1nN2mM3qW4eR5tT6yU7iI8oO9pP0aS1dF2gG3hH4jJ5kK6lL7zZ8xX9cC0vB1nN2mQ3wE4rR5tT6yY7uU8iI9oO0pP1aS2dF3gG4hH5jJ6kK7lL8zX9cV0bN1nM2qW3eR4tT5yU6iI7oO8pP9aS0dF1gG2hH3jJ4kK5lL6zZ7xX8cC9vV0bB1nN2mM3qW4eR5tT6yU7iI8oO9pP0aS1dF2gG3hH4jJ5kK6lL7zZ8xX9cC0vB1nN2mQ3wE4rR5tT6yY7uU8iI9oO0pP1aS2dF3gG4hH5jJ6kK7lL8zX9cV0bN1nM2qW3eR4tT5yU6iI7oO8pP9aS0dF1gG2hH3jJ4kK5lL6zZ7xX8cC9vV0bB1nN2mM3qW4eR5tT6yU7iI8oO9pP0aS1dF2gG3hH4jJ5kK6lL7zZ8xX9cC0vB1nN2mQ3wE4rR5tT6yY7uU8iI9oO0pP1aS2dF3gG4hH5jJ6kK7lL8zX9cV0bN1nM2qW3eR4tT5yU6iI7oO8pP9aS0dF1gG2hH3jJ4kK5lL6zZ7xX8cC9vV0bB1nN2mM3qW4eR5tT6yU7iI8oO9pP0aS1dF2gG3hH4jJ5kK6lL7zZ8xX9cC0vB1nN2mQ3wE4rR5tT6yY7uU8iI9oO0pP1aS2dF3gG4hH5jJ6kK7lL8zX9cV0bN1nM2qW3eR4tT5yU6iI7oO8pP9aS0dF1gG2hH3jJ4kK5lL6zZ7xX8cC9vV0bB1nN2mM3qW4eR5tT6yU7iI8oO9pP0aS1dF2gG3hH4jJ5kK6lL7zZ8xX9cC0vB1nN2mQ3wE4rR5tT6yY7uU8iI9oO0pP1aS2dF3gG4hH5jJ6kK7l4hH5jJ6kK7lL8zX9cV0bN1nM2qW3eR4tT5yU6iI7oO8pP9aS0dF1gG2hH3jJ4kK5lL6zZ7xX8cC9vV0bB1nN2mM3qW4eR5tT6yU7iI8oO9pP0aS1dF2gG3hH4jJ5kK6lL7zZ8xX9cC0vB1nN2mQ3wE4rR5tT6yY7uU8iI9oO0pP1aS2dF3gG4hH5jJ6kK7lL8zX9cV0bN1nM2qW3eR4tT5yU6iI7oO8pP9aS0dF1gG2hH3jJ4kK5lL6zZ7xX8cC9vV0bB1nN2mM3qW4eR5tT6yU7iI8oO9pP0aS1dF2gG3hH4jJ5kK6lL7zZ8xX9cC0vB1nN2mQ3wE4rR5tT6yY7uU8iI9oO0pP1aS2dF3gG4hH5jJ6kK7l4hH5jJ6kK7lL8zX9cV0bN1nM2qW3eR4tT5yU6iI7oO8pP9aS0dF1gG2hH3jJ4kK5lL6zZ7xX8cC9vV0bB1nN2mM3qW4eR5tT6yU7iI8oO9pP0aS1dF2gG3hH4jJ5kK6lL7zZ8xX9cC0vB1nN2mQ3wE4rR5tT6yY7uU8iI9oO0pP1aS2dF3gG4hH5jJ6kK7lL8zX9cV0bN1nM2qW3eR4tT5yU6iI7oO8pP9aS0dF1gG2hH3jJ4kK5lL6zZ7xX8cC9vV0bB1nN2mM3qW4eR5tT6yU7iI8oO9pP0aS1dF2gG3hH4jJ5kK6lL7zZ8xX9cC0vB1nN2mQ3wE4rR5tT6yY7uU8iI9oO0pP1aS2dF3gG4hH5jJ6kK7l4hH5jJ6kK7lL8zX9cV0bN1nM2qW3eR4tT5yU6iI7oO8pP9aS0dF1gG2hH3jJ4kK5lL6zZ7xX8cC9vV0bB1nN2mM3qW4eR5tT6yU7iI8oO9pP0aS1dF2gG3hH4jJ5kK6lL7zZ8xX9cC0vB1nN2mQ3wE4rR5tT6yY7uU8iI9oO0pP1aS2dF3gG4hH5jJ6kK7lL8zX9cV0bN1nM2qW3eR4tT5yU6iI7oO8pP9aS0dF1gG2hH3jJ4kK5lL6zZ7xX8cC9vV0bB1nN2mM3qW4eR5tT6yU7iI8oO9pP0aS1dF2gG3hH4jJ5kK6lL7zZ8xX9cC0vB1nN2mQ3wE4rR5tT6yY7uU8iI9oO0pP1aS2dF3gG4hH5jJ6kK7l4hH5jJ6kK7lL8zX9cV0bN1nM2qW3eR4tT5yU6iI7oO8pP9aS0dF1gG2hH3jJ4kK5lL6zZ7xX8cC9vV0bB1nN2mM3qW4eR5tT6yU7iI8oO9pP0aS1dF2gG3hH4jJ5kK6lL7zZ8xX9cC0vB1nN2mQ3wE4rR5tT6yY7uU8iI9oO0pP1aS2dF3gG4hH5jJ6kK7lL8zX9cV0bN1nM2qW3eR4tT5yU6iI7oO8pP9aS0dF1gG2hH3jJ4kK5lL6zZ7xX8cC9vV0bB1nN2mM3qW4eR5tT6yU7iI8oO9pP0aS1dF2gG3hH4jJ5kK6lL7zZ8xX9cC0vB1nN2mQ3wE4rR5tT6yY7uU8iI9oO0pP1aS2dF3gG4hH5jJ6kK7l4hH5jJ6kK7lL8zX9cV0bN1nM2qW3eR4tT5yU6iI7oO8pP9aS0dF1gG2hH3jJ4kK5lL6zZ7xX8cC9vV0bB1nN2mM3qW4eR5tT6yU7iI8oO9pP0aS1dF2gG3hH4jJ5kK6lL7zZ8xX9cC0vB1nN2mQ3wE4rR5tT6yY7uU8iI9oO0pP1aS2dF3gG4hH5jJ6kK7lL8zX9cV0bN1nM2qW3eR4tT5yU6iI7oO8pP9aS0dF1gG2hH3jJ4kK5lL6zZ7xX8cC9vV0bB1nN2mM3qW4eR5tT6yU7iI8oO9pP0aS1dF2gG3hH4jJ5kK6lL7zZ8xX9cC0vB1nN2mQ3wE4rR5tT6yY7uU8iI9oO0pP1aS2dF3gG4hH5jJ6kK7l4hH5jJ6kK7lL8zX9cV0bN1nM2qW3eR4tT5yU6iI7oO8pP9aS0dF1gG2hH3jJ4kK5lL6zZ7xX8cC9vV0bB1nN2mM3qW4eR5tT6yU7iI8oO9pP0aS1dF2gG3hH4jJ5kK6lL7zZ8xX9cC0vB1nN2mQ3wE4rR5tT6yY7uU8iI9oO0pP1aS2dF3gG4hH5jJ6kK7lL8zX9cV0bN1nM2qW3eR4tT5yU6iI7oO8pP9aS0dF1gG2hH3jJ4kK5lL6zZ7xX8cC9vV0bB1nN2mM3qW4eR5tT6yU7iI8oO9pP0aS1dF2gG3hH4jJ5kK6lL7zZ8xX9cC0vB1nN2mQ3wE4rR5tT6yY7uU8iI9oO0pP1aS2dF3gG4hH5jJ6kK7l4hH5jJ6kK7lL8zX9cV0bN1nM2qW3eR4tT5yU6iI7oO8pP9aS0dF1gG2hH3jJ4kK5lL6zZ7xX8cC9vV0bB1nN2mM3qW4eR5tT6yU7iI8oO9pP0aS1dF2gG3hH4jJ5kK6lL7zZ8xX9cC0vB1nN2mQ3wE4rR5tT6yY7uU8iI9oO0pP1aS2dF3gG4hH5jJ6kK7lL8zX9cV0bN1nM2qW3eR4tT5yU6iI7oO8pP9aS0dF1gG2hH3jJ4kK5lL6zZ7xX8cC9vV0bB1nN2mM3qW4eR5tT6yU7iI8oO9pP0aS1dF2gG3hH4jJ5kK6lL7zZ8xX9cC0vB1nN2mQ3wE4rR5tT6yY7uU8iI9oO0pP1aS2dF3gG4hH5jJ6kK7l4hH5jJ6kK7lL8zX9cV0bN1nM2qW3eR4tT5yU6iI7oO8pP9aS0dF1gG2hH3jJ4kK5lL6z7nB9vR2mX8kLp4QjW3tY5zH1aG6sF9dD0fS8gA7hJ6kL5mN4bV3vC2xZ1oP9iU8uY7tT6rR5eE4wW3qQ2aZ1sX2dC3fV4gB5hN6jM7kL8pO9iU0yT1rE2wQ3aS4dF5gG6hH7jJ8kK9lL0zZ1xX2cC3vV4bB5nN6mM7qQ8wW9eE0rR1tT2yY3uU4iI5oO6pP7aA8sS9dD0fF1gG2hH3jJ4kK5lL6zZ7xX8cC9vV0bB1nN2mM3qW4eR5tT6yU7iI8oO9pP0aS1dF2gG3hH4jJ5kK6lL7zZ8xX9cC0vB1nN2mQ3wE4rR5tT6yY7uU8iI9oO0pP1aS2dF3gG4hH5jJ6kK7lL8zX9cV0bN1nM2qW3eR4tT5yU6iI7oO8pP9aS0dF1gG2hH3jJ4kK5lL6zZ7xX8cC9vV0bB1nN2mM3qW4eR5tT6yU7iI8oO9pP0aS1dF2gG3hH4jJ5kK6lL7zZ8xX9cC0vB1nN2mQ3wE4rR5tT6yY7uU8iI9oO0pP1aS2dF3gG4hH5jJ6kK7lL8zX9cV0bN1nM2qW3eR4tT5yU6iI7oO8pP9aS0dF1gG2hH3jJ4kK5lL6zZ7xX8cC9vV0bB1nN2mM3qW4eR5tT6yU7iI8oO9pP0aS1dF2gG3hH4jJ5kK6lL7zZ8xX9cC0vB1nN2mQ3wE4rR5tT6yY7uU8iI9oO0pP1aS2dF3gG4hH5jJ6kK7lL8zX9cV0bN1nM2qW3eR4tT5yU6iI7oO8pP9aS0dF1gG2hH3jJ4kK5lL6zZ7xX8cC9vV0bB1nN2mM3qW4eR5tT6yU7iI8oO9pP0aS1dF2gG3hH4jJ5kK6lL7zZ8xX9cC0vB1nN2mQ3wE4rR5tT6yY7uU8iI9oO0pP1aS2dF3gG4hH5jJ6kK7lL8zX9cV0bN1nM2qW3eR4tT5yU6iI7oO8pP9aS0dF1gG2hH3jJ4kK5lL6zZ7xX8cC9vV0bB1nN2mM3qW4eR5tT6yU7iI8oO9pP0aS1dF2gG3hH4jJ5kK6lL7zZ8xX9cC0vB1nN2mQ3wE4rR5tT6yY7uU8iI9oO0pP1aS2dF3gG4hH5jJ6kK7l4hH5jJ6kK7lL8zX9cV0bN1nM2qW3eR4tT5yU6iI7oO8pP9aS0dF1gG2hH3jJ4kK5lL6zZ7xX8cC9vV0bB1nN2mM3qW4eR5tT6yU7iI8oO9pP0aS1dF2gG3hH4jJ5kK6lL7zZ8xX9cC0vB1nN2mQ3wE4rR5tT6yY7uU8iI9oO0pP1aS2dF3gG4hH5jJ6kK7lL8zX9cV0bN1nM2qW3eR4tT5yU6iI7oO8pP9aS0dF1gG2hH3jJ4kK5lL6zZ7xX8cC9vV0bB1nN2mM3qW4eR5tT6yU7iI8oO9pP0aS1dF2gG3hH4jJ5kK6lL7zZ8xX9cC0vB1nN2mQ3wE4rR5tT6yY7uU8iI9oO0pP1aS2dF3gG4hH5jJ6kK7l4hH5jJ6kK7lL8zX9cV0bN1nM2qW3eR4tT5yU6iI7oO8pP9aS0dF1gG2hH3jJ4kK5lL6zZ7xX8cC9vV0bB1nN2mM3qW4eR5tT6yU7iI8oO9pP0aS1dF2gG3hH4jJ5kK6lL7zZ8xX9cC0vB1nN2mQ3wE4rR5tT6yY7uU8iI9oO0pP1aS2dF3gG4hH5jJ6kK7lL8zX9cV0bN1nM2qW3eR4tT5yU6iI7oO8pP9aS0dF1gG2hH3jJ4kK5lL6zZ7xX8cC9vV0bB1nN2mM3qW4eR5tT6yU7iI8oO9pP0aS1dF2gG3hH4jJ5kK6lL7zZ8xX9cC0vB1nN2mQ3wE4rR5tT6yY7uU8iI9oO0pP1aS2dF3gG4hH5jJ6kK7l4hH5jJ6kK7lL8zX9cV0bN1nM2qW3eR4tT5yU6iI7oO8pP9aS0dF1gG2hH3jJ4kK5lL6zZ7xX8cC9vV0bB1nN2mM3qW4eR5tT6yU7iI8oO9pP0aS1dF2gG3hH4jJ5kK6lL7zZ8xX9cC0vB1nN2mQ3wE4rR5tT6yY7uU8iI9oO0pP1aS2dF3gG4hH5jJ6kK7lL8zX9cV0bN1nM2qW3eR4tT5yU6iI7oO8pP9aS0dF1gG2hH3jJ4kK5lL6zZ7xX8cC9vV0bB1nN2mM3qW4eR5tT6yU7iI8oO9pP0aS1dF2gG3hH4jJ5kK6lL7zZ8xX9cC0vB1nN2mQ3wE4rR5tT6yY7uU8iI9oO0pP1aS2dF3gG4hH5jJ6kK7l4hH5jJ6kK7lL8zX9cV0bN1nM2qW3eR4tT5yU6iI7oO8pP9aS0dF1gG2hH3jJ4kK5lL6zZ7xX8cC9vV0bB1nN2mM3qW4eR5tT6yU7iI8oO9pP0aS1dF2gG3hH4jJ5kK6lL7zZ8xX9cC0vB1nN2mQ3wE4rR5tT6yY7uU8iI9oO0pP1aS2dF3gG4hH5jJ6kK7lL8zX9cV0bN1nM2qW3eR4tT5yU6iI7oO8pP9aS0dF1gG2hH3jJ4kK5lL6zZ7xX8cC9vV0bB1nN2mM3qW4eR5tT6yU7iI8oO9pP0aS1dF2gG3hH4jJ5kK6lL7zZ8xX9cC0vB1nN2mQ3wE4rR5tT6yY7uU8iI9oO0pP1aS2dF3gG4hH5jJ6kK7l4hH5jJ6kK7lL8zX9cV0bN1nM2qW3eR4tT5yU6iI7oO8pP9aS0dF1gG2hH3jJ4kK5lL6zZ7xX8cC9vV0bB1nN2mM3qW4eR5tT6yU7iI8oO9pP0aS1dF2gG3hH4jJ5kK6lL7zZ8xX9cC0vB1nN2mQ3wE4rR5tT6yY7uU8iI9oO0pP1aS2dF3gG4hH5jJ6kK7lL8zX9cV0bN1nM2qW3eR4tT5yU6iI7oO8pP9aS0dF1gG2hH3jJ4kK5lL6zZ7xX8cC9vV0bB1nN2mM3qW4eR5tT6yU7iI8oO9pP0aS1dF2gG3hH4jJ5kK6lL7zZ8xX9cC0vB1nN2mQ3wE4rR5tT6yY7uU8iI9oO0pP1aS2dF3gG4hH5jJ6kK7l4hH5jJ6kK7lL8zX9cV0bN1nM2qW3eR4tT5yU6iI7oO8pP9aS0dF1gG2hH3jJ4kK5lL6zZ7xX8cC9vV0bB1nN2mM3qW4eR5tT6yU7iI8oO9pP0aS1dF2gG3hH4jJ5kK6lL7zZ8xX9cC0vB1nN2mQ3wE4rR5tT6yY7uU8iI9oO0pP1aS2dF3gG4hH5jJ6kK7lL8zX9cV0bN1nM2qW3eR4tT5yU6iI7oO8pP9aS0dF1gG2hH3jJ4kK5lL6zZ7xX8cC9vV0bB1nN2mM3qW4eR5tT6yU7iI8oO9pP0aS1dF2gG3hH4jJ5kK6lL7zZ8xX9cC0vB1nN2mQ3wE4rR5tT6yY7uU8iI9oO0pP1aS2dF3gG4hH5jJ6kK7l4hH5jJ6kK7lL8zX9cV0bN1nM2qW3eR4tT5yU6iI7oO8pP9aS0dF1gG2hH3jJ4kK5lL6zZ7xX8cC9vV0bB1nN2mM3qW4eR5tT6yU7iI8oO9pP0aS1dF2gG3hH4jJ5kK6lL7zZ8xX9cC0vB1nN2mQ3wE4rR5tT6yY7uU8iI9oO0pP1aS2dF3gG4hH5jJ6kK7lL8zX9cV0bN1nM2qW3eR4tT5yU6iI7oO8pP9aS0dF1gG2hH3jJ4kK5lL6zZ7xX8cC9vV0bB1nN2mM3qW4eR5tT6yU7iI8oO9pP0aS1dF2gG3hH4jJ5kK6lL7zZ8xX9cC0vB1nN2mQ3wE4rR5tT6yY7uU8iI9oO0pP1aS2dF3gG4hH5jJ6kK7l4hH5jJ6kK7lL8zX9cV0bN1nM2qW3eR4tT5yU6iI7oO8pP9aS0dF1gG2hH3jJ4kK5lL6z7nB9vR2mX8kLp4QjW3tY5zH1aG6sF9dD0fS8gA7hJ6kL5mN4bV3vC2xZ1oP9iU8uY7tT6rR5eE4wW3qQ2aZ1sX2dC3fV4gB5hN6jM7kL8pO9iU0yT1rE2wQ3aS4dF5gG6hH7jJ8kK9lL0zZ1xX2cC3vV4bB5nN6mM7qQ8wW9eE0rR1tT2yY3uU4iI5oO6pP7aA8sS9dD0fF1gG2hH3jJ4kK5lL6zZ7xX8cC9vV0bB1nN2mM3qW4eR5tT6yU7iI8oO9pP0aS1dF2gG3hH4jJ5kK6lL7zZ8xX9cC0vB1nN2mQ3wE4rR5tT6yY7uU8iI9oO0pP1aS2dF3gG4hH5jJ6kK7lL8zX9cV0bN1nM2qW3eR4tT5yU6iI7oO8pP9aS0dF1gG2hH3jJ4kK5lL6zZ7xX8cC9vV0bB1nN2mM3qW4eR5tT6yU7iI8oO9pP0aS1dF2gG3hH4jJ5kK6lL7zZ8xX9cC0vB1nN2mQ3wE4rR5tT6yY7uU8iI9oO0pP1aS2dF3gG4hH5jJ6kK7lL8zX9cV0bN1nM2qW3eR4tT5yU6iI7oO8pP9aS0dF1gG2hH3jJ4kK5lL6zZ7xX8cC9vV0bB1nN2mM3qW4eR5tT6yU7iI8oO9pP0aS1dF2gG3hH4jJ5kK6lL7zZ8xX9cC0vB1nN2mQ3wE4rR5tT6yY7uU8iI9oO0pP1aS2dF3gG4hH5jJ6kK7lL8zX9cV0bN1nM2qW3eR4tT5yU6iI7oO8pP9aS0dF1gG2hH3jJ4kK5lL6zZ7xX8cC9vV0bB1nN2mM3qW4eR5tT6yU7iI8oO9pP0aS1dF2gG3hH4jJ5kK6lL7zZ8xX9cC0vB1nN2mQ3wE4rR5tT6yY7uU8iI9oO0pP1aS2dF3gG4hH5jJ6kK7lL8zX9cV0bN1nM2qW3eR4tT5yU6iI7oO8pP9aS0dF1gG2hH3jJ4kK5lL6zZ7xX8cC9vV0bB1nN2mM3qW4eR5tT6yU7iI8oO9pP0aS1dF2gG3hH4jJ5kK6lL7zZ8xX9cC0vB1nN2mQ3wE4rR5tT6yY7uU8iI9oO0pP1aS2dF3gG4hH5jJ6kK7l4hH5jJ6kK7lL8zX9cV0bN1nM2qW3eR4tT5yU6iI7oO8pP9aS0dF1gG2hH3jJ4kK5lL6zZ7xX8cC9vV0bB1nN2mM3qW4eR5tT6yU7iI8oO9pP0aS1dF2gG3hH4jJ5kK6lL7zZ8xX9cC0vB1nN2mQ3wE4rR5tT6yY7uU8iI9oO0pP1aS2dF3gG4hH5jJ6kK7lL8zX9cV0bN1nM2qW3eR4tT5yU6iI7oO8pP9aS0dF1gG2hH3jJ4kK5lL6zZ7xX8cC9vV0bB1nN2mM3qW4eR5tT6yU7iI8oO9pP0aS1dF2gG3hH4jJ5kK6lL7zZ8xX9cC0vB1nN2mQ3wE4rR5tT6yY7uU8iI9oO0pP1aS2dF3gG4hH5jJ6kK7l4hH5jJ6kK7lL8zX9cV0bN1nM2qW3eR4tT5yU6iI7oO8pP9aS0dF1gG2hH3jJ4kK5lL6zZ7xX8cC9vV0bB1nN2mM3qW4eR5tT6yU7iI8oO9pP0aS1dF2gG3hH4jJ5kK6lL7zZ8xX9cC0vB1nN2mQ3wE4rR5tT6yY7uU8iI9oO0pP1aS2dF3gG4hH5jJ6kK7lL8zX9cV0bN1nM2qW3eR4tT5yU6iI7oO8pP9aS0dF1gG2hH3jJ4kK5lL6zZ7xX8cC9vV0bB1nN2mM3qW4eR5tT6yU7iI8oO9pP0aS1dF2gG3hH4jJ5kK6lL7zZ8xX9cC0vB1nN2mQ3wE4rR5tT6yY7uU8iI9oO0pP1aS2dF3gG4hH5jJ6kK7l4hH5jJ6kK7lL8zX9cV0bN1nM2qW3eR4tT5yU6iI7oO8pP9aS0dF1gG2hH3jJ4kK5lL6zZ7xX8cC9vV0bB1nN2mM3qW4eR5tT6yU7iI8oO9pP0aS1dF2gG3hH4jJ5kK6lL7zZ8xX9cC0vB1nN2mQ3wE4rR5tT6yY7uU8iI9oO0pP1aS2dF3gG4hH5jJ6kK7lL8zX9cV0bN1nM2qW3eR4tT5yU6iI7oO8pP9aS0dF1gG2hH3jJ4kK5lL6zZ7xX8cC9vV0bB1nN2mM3qW4eR5tT6yU7iI8oO9pP0aS1dF2gG3hH4jJ5kK6lL7zZ8xX9cC0vB1nN2mQ3wE4rR5tT6yY7uU8iI9oO0pP1aS2dF3gG4hH5jJ6kK7l4hH5jJ6kK7lL8zX9cV0bN1nM2qW3eR4tT5yU6iI7oO8pP9aS0dF1gG2hH3jJ4kK5lL6zZ7xX8cC9vV0bB1nN2mM3qW4eR5tT6yU7iI8oO9pP0aS1dF2gG3hH4jJ5kK6lL7zZ8xX9cC0vB1nN2mQ3wE4rR5tT6yY7uU8iI9oO0pP1aS2dF3gG4hH5jJ6kK7lL8zX9cV0bN1nM2qW3eR4tT5yU6iI7oO8pP9aS0dF1gG2hH3jJ4kK5lL6zZ7xX8cC9vV0bB1nN2mM3qW4eR5tT6yU7iI8oO9pP0aS1dF2gG3hH4jJ5kK6lL7zZ8xX9cC0vB1nN2mQ3wE4rR5tT6yY7uU8iI9oO0pP1aS2dF3gG4hH5jJ6kK7l4hH5jJ6kK7lL8zX9cV0bN1nM2qW3eR4tT5yU6iI7oO8pP9aS0dF1gG2hH3jJ4kK5lL6zZ7xX8cC9vV0bB1nN2mM3qW4eR5tT6yU7iI8oO9pP0aS1dF2gG3hH4jJ5kK6lL7zZ8xX9cC0vB1nN2mQ3wE4rR5tT6yY7uU8iI9oO0pP1aS2dF3gG4hH5jJ6kK7lL8zX9cV0bN1nM2qW3eR4tT5yU6iI7oO8pP9aS0dF1gG2hH3jJ4kK5lL6zZ7xX8cC9vV0bB1nN2mM3qW4eR5tT6yU7iI8oO9pP0aS1dF2gG3hH4jJ5kK6lL7zZ8xX9cC0vB1nN2mQ3wE4rR5tT6yY7uU8iI9oO0pP1aS2dF3gG4hH5jJ6kK7l4hH5jJ6kK7lL8zX9cV0bN1nM2qW3eR4tT5yU6iI7oO8pP9aS0dF1gG2hH3jJ4kK5lL6zZ7xX8cC9vV0bB1nN2mM3qW4eR5tT6yU7iI8oO9pP0aS1dF2gG3hH4jJ5kK6lL7zZ8xX9cC0vB1nN2mQ3wE4rR5tT6yY7uU8iI9oO0pP1aS2dF3gG4hH5jJ6kK7lL8zX9cV0bN1nM2qW3eR4tT5yU6iI7oO8pP9aS0dF1gG2hH3jJ4kK5lL6zZ7xX8cC9vV0bB1nN2mM3qW4eR5tT6yU7iI8oO9pP0aS1dF2gG3hH4jJ5kK6lL7zZ8xX9cC0vB1nN2mQ3wE4rR5tT6yY7uU8iI9oO0pP1aS2dF3gG4hH5jJ6kK7l4hH5jJ6kK7lL8zX9cV0bN1nM2qW3eR4tT5yU6iI7oO8pP9aS0dF1gG2hH3jJ4kK5lL6zZ7xX8cC9vV0bB1nN2mM3qW4eR5tT6yU7iI8oO9pP0aS1dF2gG3hH4jJ5kK6lL7zZ8xX9cC0vB1nN2mQ3wE4rR5tT6yY7uU8iI9oO0pP1aS2dF3gG4hH5jJ6kK7lL8zX9cV0bN1nM2qW3eR4tT5yU6iI7oO8pP9aS0dF1gG2hH3jJ4kK5lL6zZ7xX8cC9vV0bB1nN2mM3qW4eR5tT6yU7iI8oO9pP0aS1dF2gG3hH4jJ5kK6lL7zZ8xX9cC0vB1nN2mQ3wE4rR5tT6yY7uU8iI9oO0pP1aS2dF3gG4hH5jJ6kK7l4hH5jJ6kK7lL8zX9cV0bN1nM2qW3eR4tT5yU6iI7oO8pP9aS0dF1gG2hH3jJ4kK5lL6z7nB9vR2mX8kLp4QjW3tY5zH1aG6sF9dD0fS8gA7hJ6kL5mN4bV3vC2xZ1oP9iU8uY7tT6rR5eE4wW3qQ2aZ1sX2dC3fV4gB5hN6jM7kL8pO9iU0yT1rE2wQ3aS4dF5gG6hH7jJ8kK9lL0zZ1xX2cC3vV4bB5nN6mM7qQ8wW9eE0rR1tT2yY3uU4iI5oO6pP7aA8sS9dD0fF1gG2hH3jJ4kK5lL6zZ7xX8cC9vV0bB1nN2mM3qW4eR5tT6yU7iI8oO9pP0aS1dF2gG3hH4jJ5kK6lL7zZ8xX9cC0vB1nN2mQ3wE4rR5tT6yY7uU8iI9oO0pP1aS2dF3gG4hH5jJ6kK7lL8zX9cV0bN1nM2qW3eR4tT5yU6iI7oO8pP9aS0dF1gG2hH3jJ4kK5lL6zZ7xX8cC9vV0bB1nN2mM3qW4eR5tT6yU7iI8oO9pP0aS1dF2gG3hH4jJ5kK6lL7zZ8xX9cC0vB1nN2mQ3wE4rR5tT6yY7uU8iI9oO0pP1aS2dF3gG4hH5jJ6kK7lL8zX9cV0bN1nM2qW3eR4tT5yU6iI7oO8pP9aS0dF1gG2hH3jJ4kK5lL6zZ7xX8cC9vV0bB1nN2mM3qW4eR5tT6yU7iI8oO9pP0aS1dF2gG3hH4jJ5kK6lL7zZ8xX9cC0vB1nN2mQ3wE4rR5tT6yY7uU8iI9oO0pP1aS2dF3gG4hH5jJ6kK7lL8zX9cV0bN1nM2qW3eR4tT5yU6iI7oO8pP9aS0dF1gG2hH3jJ4kK5lL6zZ7xX8cC9vV0bB1nN2mM3qW4eR5tT6yU7iI8oO9pP0aS1dF2gG3hH4jJ5kK6lL7zZ8xX9cC0vB1nN2mQ3wE4rR5tT6yY7uU8iI9oO0pP1aS2dF3gG4hH5jJ6kK7lL8zX9cV0bN1nM2qW3eR4tT5yU6iI7oO8pP9aS0dF1gG2hH3jJ4kK5lL6zZ7xX8cC9vV0bB1nN2mM3qW4eR5tT6yU7iI8oO9pP0aS1dF2gG3hH4jJ5kK6lL7zZ8xX9cC0vB1nN2mQ3wE4rR5tT6yY7uU8iI9oO0pP1aS2dF3gG4hH5jJ6kK7l4hH5jJ6kK7lL8zX9cV0bN1nM2qW3eR4tT5yU6iI7oO8pP9aS0dF1gG2hH3jJ4kK5lL6zZ7xX8cC9vV0bB1nN2mM3qW4eR5tT6yU7iI8oO9pP0aS1dF2gG3hH4jJ5kK6lL7zZ8xX9cC0vB1nN2mQ3wE4rR5tT6yY7uU8iI9oO0pP1aS2dF3gG4hH5jJ6kK7lL8zX9cV0bN1nM2qW3eR4tT5yU6iI7oO8pP9aS0dF1gG2hH3jJ4kK5lL6zZ7xX8cC9vV0bB1nN2mM3qW4eR5tT6yU7iI8oO9pP0aS1dF2gG3hH4jJ5kK6lL7zZ8xX9cC0vB1nN2mQ3wE4rR5tT6yY7uU8iI9oO0pP1aS2dF3gG4hH5jJ6kK7l4hH5jJ6kK7lL8zX9cV0bN1nM2qW3eR4tT5yU6iI7oO8pP9aS0dF1gG2hH3jJ4kK5lL6zZ7xX8cC9vV0bB1nN2mM3qW4eR5tT6yU7iI8oO9pP0aS1dF2gG3hH4jJ5kK6lL7zZ8xX9cC0vB1nN2mQ3wE4rR5tT6yY7uU8iI9oO0pP1aS2dF3gG4hH5jJ6kK7lL8zX9cV0bN1nM2qW3eR4tT5yU6iI7oO8pP9aS0dF1gG2hH3jJ4kK5lL6zZ7xX8cC9vV0bB1nN2mM3qW4eR5tT6yU7iI8oO9pP0aS1dF2gG3hH4jJ5kK6lL7zZ8xX9cC0vB1nN2mQ3wE4rR5tT6yY7uU8iI9oO0pP1aS2dF3gG4hH5jJ6kK7l4hH5jJ6kK7lL8zX9cV0bN1nM2qW3eR4tT5yU6iI7oO8pP9aS0dF1gG2hH3jJ4kK5lL6zZ7xX8cC9vV0bB1nN2mM3qW4eR5tT6yU7iI8oO9pP0aS1dF2gG3hH4jJ5kK6lL7zZ8xX9cC0vB1nN2mQ3wE4rR5tT6yY7uU8iI9oO0pP1aS2dF3gG4hH5jJ6kK7lL8zX9cV0bN1nM2qW3eR4tT5yU6iI7oO8pP9aS0dF1gG2hH3jJ4kK5lL6zZ7xX8cC9vV0bB1nN2mM3qW4eR5tT6yU7iI8oO9pP0aS1dF2gG3hH4jJ5kK6lL7zZ8xX9cC0vB1nN2mQ3wE4rR5tT6yY7uU8iI9oO0pP1aS2dF3gG4hH5jJ6kK7l4hH5jJ6kK7lL8zX9cV0bN1nM2qW3eR4tT5yU6iI7oO8pP9aS0dF1gG2hH3jJ4kK5lL6zZ7xX8cC9vV0bB1nN2mM3qW4eR5tT6yU7iI8oO9pP0aS1dF2gG3hH4jJ5kK6lL7zZ8xX9cC0vB1nN2mQ3wE4rR5tT6yY7uU8iI9oO0pP1aS2dF3gG4hH5jJ6kK7lL8zX9cV0bN1nM2qW3eR4tT5yU6iI7oO8pP9aS0dF1gG2hH3jJ4kK5lL6zZ7xX8cC9vV0bB1nN2mM3qW4eR5tT6yU7iI8oO9pP0aS1dF2gG3hH4jJ5kK6lL7zZ8xX9cC0vB1nN2mQ3wE4rR5tT6yY7uU8iI9oO0pP1aS2dF3gG4hH5jJ6kK7l4hH5jJ6kK7lL8zX9cV0bN1nM2qW3eR4tT5yU6iI7oO8pP9aS0dF1gG2hH3jJ4kK5lL6zZ7xX8cC9vV0bB1nN2mM3qW4eR5tT6yU7iI8oO9pP0aS1dF2gG3hH4jJ5kK6lL7zZ8xX9cC0vB1nN2mQ3wE4rR5tT6yY7uU8iI9oO0pP1aS2dF3gG4hH5jJ6kK7lL8zX9cV0bN1nM2qW3eR4tT5yU6iI7oO8pP9aS0dF1gG2hH3jJ4kK5lL6zZ7xX8cC9vV0bB1nN2mM3qW4eR5tT6yU7iI8oO9pP0aS1dF2gG3hH4jJ5kK6lL7zZ8xX9cC0vB1nN2mQ3wE4rR5tT6yY7uU8iI9oO0pP1aS2dF3gG4hH5jJ6kK7l4hH5jJ6kK7lL8zX9cV0bN1nM2qW3eR4tT5yU6iI7oO8pP9aS0dF1gG2hH3jJ4kK5lL6zZ7xX8cC9vV0bB1nN2mM3qW4eR5tT6yU7iI8oO9pP0aS1dF2gG3hH4jJ5kK6lL7zZ8xX9cC0vB1nN2mQ3wE4rR5tT6yY7uU8iI9oO0pP1aS2dF3gG4hH5jJ6kK7lL8zX9cV0bN1nM2qW3eR4tT5yU6iI7oO8pP9aS0dF1gG2hH3jJ4kK5lL6zZ7xX8cC9vV0bB1nN2mM3qW4eR5tT6yU7iI8oO9pP0aS1dF2gG3hH4jJ5kK6lL7zZ8xX9cC0vB1nN2mQ3wE4rR5tT6yY7uU8iI9oO0pP1aS2dF3gG4hH5jJ6kK7l4hH5jJ6kK7lL8zX9cV0bN1nM2qW3eR4tT5yU6iI7oO8pP9aS0dF1gG2hH3jJ4kK5lL6zZ7xX8cC9vV0bB1nN2mM3qW4eR5tT6yU7iI8oO9pP0aS1dF2gG3hH4jJ5kK6lL7zZ8xX9cC0vB1nN2mQ3wE4rR5tT6yY7uU8iI9oO0pP1aS2dF3gG4hH5jJ6kK7lL8zX9cV0bN1nM2qW3eR4tT5yU6iI7oO8pP9aS0dF1gG2hH3jJ4kK5lL6zZ7xX8cC9vV0bB1nN2mM3qW4eR5tT6yU7iI8oO9pP0aS1dF2gG3hH4jJ5kK6lL7zZ8xX9cC0vB1nN2mQ3wE4rR5tT6yY7uU8iI9oO0pP1aS2dF3gG4hH5jJ6kK7l4hH5jJ6kK7lL8zX9cV0bN1nM2qW3eR4tT5yU6iI7oO8pP9aS0dF1gG2hH3jJ4kK5lL6z7nB9vR2mX8kLp4QjW3tY5zH1aG6sF9dD0fS8gA7hJ6kL5mN4bV3vC2xZ1oP9iU8uY7tT6rR5eE4wW3qQ2aZ1sX2dC3fV4gB5hN6jM7kL8pO9iU0yT1rE2wQ3aS4dF5gG6hH7jJ8kK9lL0zZ1xX2cC3vV4bB5nN6mM7qQ8wW9eE0rR1tT2yY3uU4iI5oO6pP7aA8sS9dD0fF1gG2hH3jJ4kK5lL6zZ7xX8cC9vV0bB1nN2mM3qW4eR5tT6yU7iI8oO9pP0aS1dF2gG3hH4jJ5kK6lL7zZ8xX9cC0vB1nN2mQ3wE4rR5tT6yY7uU8iI9oO0pP1aS2dF3gG4hH5jJ6kK7lL8zX9cV0bN1nM2qW3eR4tT5yU6iI7oO8pP9aS0dF1gG2hH3jJ4kK5lL6zZ7xX8cC9vV0bB1nN2mM3qW4eR5tT6yU7iI8oO9pP0aS1dF2gG3hH4jJ5kK6lL7zZ8xX9cC0vB1nN2mQ3wE4rR5tT6yY7uU8iI9oO0pP1aS2dF3gG4hH5jJ6kK7lL8zX9cV0bN1nM2qW3eR4tT5yU6iI7oO8pP9aS0dF1gG2hH3jJ4kK5lL6zZ7xX8cC9vV0bB1nN2mM3qW4eR5tT6yU7iI8oO9pP0aS1dF2gG3hH4jJ5kK6lL7zZ8xX9cC0vB1nN2mQ3wE4rR5tT6yY7uU8iI9oO0pP1aS2dF3gG4hH5jJ6kK7lL8zX9cV0bN1nM2qW3eR4tT5yU6iI7oO8pP9aS0dF1gG2hH3jJ4kK5lL6zZ7xX8cC9vV0bB1nN2mM3qW4eR5tT6yU7iI8oO9pP0aS1dF2gG3hH4jJ5kK6lL7zZ8xX9cC0vB1nN2mQ3wE4rR5tT6yY7uU8iI9oO0pP1aS2dF3gG4hH5jJ6kK7lL8zX9cV0bN1nM2qW3eR4tT5yU6iI7oO8pP9aS0dF1gG2hH3jJ4kK5lL6zZ7xX8cC9vV0bB1nN2mM3qW4eR5tT6yU7iI8oO9pP0aS1dF2gG3hH4jJ5kK6lL7zZ8xX9cC0vB1nN2mQ3wE4rR5tT6yY7uU8iI9oO0pP1aS2dF3gG4hH5jJ6kK7l4hH5jJ6kK7lL8zX9cV0bN1nM2qW3eR4tT5yU6iI7oO8pP9aS0dF1gG2hH3jJ4kK5lL6zZ7xX8cC9vV0bB1nN2mM3qW4eR5tT6yU7iI8oO9pP0aS1dF2gG3hH4jJ5kK6lL7zZ8xX9cC0vB1nN2mQ3wE4rR5tT6yY7uU8iI9oO0pP1aS2dF3gG4hH5jJ6kK7lL8zX9cV0bN1nM2qW3eR4tT5yU6iI7oO8pP9aS0dF1gG2hH3jJ4kK5lL6zZ7xX8cC9vV0bB1nN2mM3qW4eR5tT6yU7iI8oO9pP0aS1dF2gG3hH4jJ5kK6lL7zZ8xX9cC0vB1nN2mQ3wE4rR5tT6yY7uU8iI9oO0pP1aS2dF3gG4hH5jJ6kK7l4hH5jJ6kK7lL8zX9cV0bN1nM2qW3eR4tT5yU6iI7oO8pP9aS0dF1gG2hH3jJ4kK5lL6zZ7xX8cC9vV0bB1nN2mM3qW4eR5tT6yU7iI8oO9pP0aS1dF2gG3hH4jJ5kK6lL7zZ8xX9cC0vB1nN2mQ3wE4rR5tT6yY7uU8iI9oO0pP1aS2dF3gG4hH5jJ6kK7lL8zX9cV0bN1nM2qW3eR4tT5yU6iI7oO8pP9aS0dF1gG2hH3jJ4kK5lL6zZ7xX8cC9vV0bB1nN2mM3qW4eR5tT6yU7iI8oO9pP0aS1dF2gG3hH4jJ5kK6lL7zZ8xX9cC0vB1nN2mQ3wE4rR5tT6yY7uU8iI9oO0pP1aS2dF3gG4hH5jJ6kK7l4hH5jJ6kK7lL8zX9cV0bN1nM2qW3eR4tT5yU6iI7oO8pP9aS0dF1gG2hH3jJ4kK5lL6zZ7xX8cC9vV0bB1nN2mM3qW4eR5tT6yU7iI8oO9pP0aS1dF2gG3hH4jJ5kK6lL7zZ8xX9cC0vB1nN2mQ3wE4rR5tT6yY7uU8iI9oO0pP1aS2dF3gG4hH5jJ6kK7lL8zX9cV0bN1nM2qW3eR4tT5yU6iI7oO8pP9aS0dF1gG2hH3jJ4kK5lL6zZ7xX8cC9vV0bB1nN2mM3qW4eR5tT6yU7iI8oO9pP0aS1dF2gG3hH4jJ5kK6lL7zZ8xX9cC0vB1nN2mQ3wE4rR5tT6yY7uU8iI9oO0pP1aS2dF3gG4hH5jJ6kK7l4hH5jJ6kK7lL8zX9cV0bN1nM2qW3eR4tT5yU6iI7oO8pP9aS0dF1gG2hH3jJ4kK5lL6zZ7xX8cC9vV0bB1nN2mM3qW4eR5tT6yU7iI8oO9pP0aS1dF2gG3hH4jJ5kK6lL7zZ8xX9cC0vB1nN2mQ3wE4rR5tT6yY7uU8iI9oO0pP1aS2dF3gG4hH5jJ6kK7lL8zX9cV0bN1nM2qW3eR4tT5yU6iI7oO8pP9aS0dF1gG2hH3jJ4kK5lL6zZ7xX8cC9vV0bB1nN2mM3qW4eR5tT6yU7iI8oO9pP0aS1dF2gG3hH4jJ5kK6lL7zZ8xX9cC0vB1nN2mQ3wE4rR5tT6yY7uU8iI9oO0pP1aS2dF3gG4hH5jJ6kK7l4hH5jJ6kK7lL8zX9cV0bN1nM2qW3eR4tT5yU6iI7oO8pP9aS0dF1gG2hH3jJ4kK5lL6zZ7xX8cC9vV0bB1nN2mM3qW4eR5tT6yU7iI8oO9pP0aS1dF2gG3hH4jJ5kK6lL7zZ8xX9cC0vB1nN2mQ3wE4rR5tT6yY7uU8iI9oO0pP1aS2dF3gG4hH5jJ6kK7lL8zX9cV0bN1nM2qW3eR4tT5yU6iI7oO8pP9aS0dF1gG2hH3jJ4kK5lL6zZ7xX8cC9vV0bB1nN2mM3qW4eR5tT6yU7iI8oO9pP0aS1dF2gG3hH4jJ5kK6lL7zZ8xX9cC0vB1nN2mQ3wE4rR5tT6yY7uU8iI9oO0pP1aS2dF3gG4hH5jJ6kK7l4hH5jJ6kK7lL8zX9cV0bN1nM2qW3eR4tT5yU6iI7oO8pP9aS0dF1gG2hH3jJ4kK5lL6zZ7xX8cC9vV0bB1nN2mM3qW4eR5tT6yU7iI8oO9pP0aS1dF2gG3hH4jJ5kK6lL7zZ8xX9cC0vB1nN2mQ3wE4rR5tT6yY7uU8iI9oO0pP1aS2dF3gG4hH5jJ6kK7lL8zX9cV0bN1nM2qW3eR4tT5yU6iI7oO8pP9aS0dF1gG2hH3jJ4kK5lL6zZ7xX8cC9vV0bB1nN2mM3qW4eR5tT6yU7iI8oO9pP0aS1dF2gG3hH4jJ5kK6lL7zZ8xX9cC0vB1nN2mQ3wE4rR5tT6yY7uU8iI9oO0pP1aS2dF3gG4hH5jJ6kK7l4hH5jJ6kK7lL8zX9cV0bN1nM2qW3eR4tT5yU6iI7oO8pP9aS0dF1gG2hH3jJ4kK5lL6zZ7xX8cC9vV0bB1nN2mM3qW4eR5tT6yU7iI8oO9pP0aS1dF2gG3hH4jJ5kK6lL7zZ8xX9cC0vB1nN2mQ3wE4rR5tT6yY7uU8iI9oO0pP1aS2dF3gG4hH5jJ6kK7lL8zX9cV0bN1nM2qW3eR4tT5yU6iI7oO8pP9aS0dF1gG2hH3jJ4kK5lL6zZ7xX8cC9vV0bB1nN2mM3qW4eR5tT6yU7iI8oO9pP0aS1dF2gG3hH4jJ5kK6lL7zZ8xX9cC0vB1nN2mQ3wE4rR5tT6yY7uU8iI9oO0pP1aS2dF3gG4hH5jJ6kK7l4hH5jJ6kK7lL8zX9cV0bN1nM2qW3eR4tT5yU6iI7oO8pP9aS0dF1gG2hH3jJ4kK5lL6z7nB9vR2mX8kLp4QjW3tY5zH1aG6sF9dD0fS8gA7hJ6kL5mN4bV3vC2xZ1oP9iU8uY7tT6rR5eE4wW3qQ2aZ1sX2dC3fV4gB5hN6jM7kL8pO9iU0yT1rE2wQ3aS4dF5gG6hH7jJ8kK9lL0zZ1xX2cC3vV4bB5nN6mM7qQ8wW9eE0rR1tT2yY3uU4iI5oO6pP7aA8sS9dD0fF1gG2hH3jJ4kK5lL6zZ7xX8cC9vV0bB1nN2mM3qW4eR5tT6yU7iI8oO9pP0aS1dF2gG3hH4jJ5kK6lL7zZ8xX9cC0vB1nN2mQ3wE4rR5tT6yY7uU8iI9oO0pP1aS2dF3gG4hH5jJ6kK7lL8zX9cV0bN1nM2qW3eR4tT5yU6iI7oO8pP9aS0dF1gG2hH3jJ4kK5lL6zZ7xX8cC9vV0bB1nN2mM3qW4eR5tT6yU7iI8oO9pP0aS1dF2gG3hH4jJ5kK6lL7zZ8xX9cC0vB1nN2mQ3wE4rR5tT6yY7uU8iI9oO0pP1aS2dF3gG4hH5jJ6kK7lL8zX9cV0bN1nM2qW3eR4tT5yU6iI7oO8pP9aS0dF1gG2hH3jJ4kK5lL6zZ7xX8cC9vV0bB1nN2mM3qW4eR5tT6yU7iI8oO9pP0aS1dF2gG3hH4jJ5kK6lL7zZ8xX9cC0vB1nN2mQ3wE4rR5tT6yY7uU8iI9oO0pP1aS2dF3gG4hH5jJ6kK7lL8zX9cV0bN1nM2qW3eR4tT5yU6iI7oO8pP9aS0dF1gG2hH3jJ4kK5lL6zZ7xX8cC9vV0bB1nN2mM3qW4eR5tT6yU7iI8oO9pP0aS1dF2gG3hH4jJ5kK6lL7zZ8xX9cC0vB1nN2mQ3wE4rR5tT6yY7uU8iI9oO0pP1aS2dF3gG4hH5jJ6kK7lL8zX9cV0bN1nM2qW3eR4tT5yU6iI7oO8pP9aS0dF1gG2hH3jJ4kK5lL6zZ7xX8cC9vV0bB1nN2mM3qW4eR5tT6yU7iI8oO9pP0aS1dF2gG3hH4jJ5kK6lL7zZ8xX9cC0vB1nN2mQ3wE4rR5tT6yY7uU8iI9oO0pP1aS2dF3gG4hH5jJ6kK7l4hH5jJ6kK7lL8zX9cV0bN1nM2qW3eR4tT5yU6iI7oO8pP9aS0dF1gG2hH3jJ4kK5lL6zZ7xX8cC9vV0bB1nN2mM3qW4eR5tT6yU7iI8oO9pP0aS1dF2gG3hH4jJ5kK6lL7zZ8xX9cC0vB1nN2mQ3wE4rR5tT6yY7uU8iI9oO0pP1aS2dF3gG4hH5jJ6kK7lL8zX9cV0bN1nM2qW3eR4tT5yU6iI7oO8pP9aS0dF1gG2hH3jJ4kK5lL6zZ7xX8cC9vV0bB1nN2mM3qW4eR5tT6yU7iI8oO9pP0aS1dF2gG3hH4jJ5kK6lL7zZ8xX9cC0vB1nN2mQ3wE4rR5tT6yY7uU8iI9oO0pP1aS2dF3gG4hH5jJ6kK7l4hH5jJ6kK7lL8zX9cV0bN1nM2qW3eR4tT5yU6iI7oO8pP9aS0dF1gG2hH3jJ4kK5lL6zZ7xX8cC9vV0bB1nN2mM3qW4eR5tT6yU7iI8oO9pP0aS1dF2gG3hH4jJ5kK6lL7zZ8xX9cC0vB1nN2mQ3wE4rR5tT6yY7uU8iI9oO0pP1aS2dF3gG4hH5jJ6kK7lL8zX9cV0bN1nM2qW3eR4tT5yU6iI7oO8pP9aS0dF1gG2hH3jJ4kK5lL6zZ7xX8cC9vV0bB1nN2mM3qW4eR5tT6yU7iI8oO9pP0aS1dF2gG3hH4jJ5kK6lL7zZ8xX9cC0vB1nN2mQ3wE4rR5tT6yY7uU8iI9oO0pP1aS2dF3gG4hH5jJ6kK7l4hH5jJ6kK7lL8zX9cV0bN1nM2qW3eR4tT5yU6iI7oO8pP9aS0dF1gG2hH3jJ4kK5lL6zZ7xX8cC9vV0bB1nN2mM3qW4eR5tT6yU7iI8oO9pP0aS1dF2gG3hH4jJ5kK6lL7zZ8xX9cC0vB1nN2mQ3wE4rR5tT6yY7uU8iI9oO0pP1aS2dF3gG4hH5jJ6kK7lL8zX9cV0bN1nM2qW3eR4tT5yU6iI7oO8pP9aS0dF1gG2hH3jJ4kK5lL6zZ7xX8cC9vV0bB1nN2mM3qW4eR5tT6yU7iI8oO9pP0aS1dF2gG3hH4jJ5kK6lL7zZ8xX9cC0vB1nN2mQ3wE4rR5tT6yY7uU8iI9oO0pP1aS2dF3gG4hH5jJ6kK7l4hH5jJ6kK7lL8zX9cV0bN1nM2qW3eR4tT5yU6iI7oO8pP9aS0dF1gG2hH3jJ4kK5lL6zZ7xX8cC9vV0bB1nN2mM3qW4eR5tT6yU7iI8oO9pP0aS1dF2gG3hH4jJ5kK6lL7zZ8xX9cC0vB1nN2mQ3wE4rR5tT6yY7uU8iI9oO0pP1aS2dF3gG4hH5jJ6kK7lL8zX9cV0bN1nM2qW3eR4tT5yU6iI7oO8pP9aS0dF1gG2hH3jJ4kK5lL6zZ7xX8cC9vV0bB1nN2mM3qW4eR5tT6yU7iI8oO9pP0aS1dF2gG3hH4jJ5kK6lL7zZ8xX9cC0vB1nN2mQ3wE4rR5tT6yY7uU8iI9oO0pP1aS2dF3gG4hH5jJ6kK7l4hH5jJ6kK7lL8zX9cV0bN1nM2qW3eR4tT5yU6iI7oO8pP9aS0dF1gG2hH3jJ4kK5lL6zZ7xX8cC9vV0bB1nN2mM3qW4eR5tT6yU7iI8oO9pP0aS1dF2gG3hH4jJ5kK6lL7zZ8xX9cC0vB1nN2mQ3wE4rR5tT6yY7uU8iI9oO0pP1aS2dF3gG4hH5jJ6kK7lL8zX9cV0bN1nM2qW3eR4tT5yU6iI7oO8pP9aS0dF1gG2hH3jJ4kK5lL6zZ7xX8cC9vV0bB1nN2mM3qW4eR5tT6yU7iI8oO9pP0aS1dF2gG3hH4jJ5kK6lL7zZ8xX9cC0vB1nN2mQ3wE4rR5tT6yY7uU8iI9oO0pP1aS2dF3gG4hH5jJ6kK7l4hH5jJ6kK7lL8zX9cV0bN1nM2qW3eR4tT5yU6iI7oO8pP9aS0dF1gG2hH3jJ4kK5lL6zZ7xX8cC9vV0bB1nN2mM3qW4eR5tT6yU7iI8oO9pP0aS1dF2gG3hH4jJ5kK6lL7zZ8xX9cC0vB1nN2mQ3wE4rR5tT6yY7uU8iI9oO0pP1aS2dF3gG4hH5jJ6kK7lL8zX9cV0bN1nM2qW3eR4tT5yU6iI7oO8pP9aS0dF1gG2hH3jJ4kK5lL6zZ7xX8cC9vV0bB1nN2mM3qW4eR5tT6yU7iI8oO9pP0aS1dF2gG3hH4jJ5kK6lL7zZ8xX9cC0vB1nN2mQ3wE4rR5tT6yY7uU8iI9oO0pP1aS2dF3gG4hH5jJ6kK7l4hH5jJ6kK7lL8zX9cV0bN1nM2qW3eR4tT5yU6iI7oO8pP9aS0dF1gG2hH3jJ4kK5lL6zZ7xX8cC9vV0bB1nN2mM3qW4eR5tT6yU7iI8oO9pP0aS1dF2gG3hH4jJ5kK6lL7zZ8xX9cC0vB1nN2mQ3wE4rR5tT6yY7uU8iI9oO0pP1aS2dF3gG4hH5jJ6kK7lL8zX9cV0bN1nM2qW3eR4tT5yU6iI7oO8pP9aS0dF1gG2hH3jJ4kK5lL6zZ7xX8cC9vV0bB1nN2mM3qW4eR5tT6yU7iI8oO9pP0aS1dF2gG3hH4jJ5kK6lL7zZ8xX9cC0vB1nN2mQ3wE4rR5tT6yY7uU8iI9oO0pP1aS2dF3gG4hH5jJ6kK7l4hH5jJ6kK7lL8zX9cV0bN1nM2qW3eR4tT5yU6iI7oO8pP9aS0dF1gG2hH3jJ4kK5lL6z7nB9vR2mX8kLp4QjW3tY5zH1aG6sF9dD0fS8gA7hJ6kL5mN4bV3vC2xZ1oP9iU8uY7tT6rR5eE4wW3qQ2aZ1sX2dC3fV4gB5hN6jM7kL8pO9iU0yT1rE2wQ3aS4dF5gG6hH7jJ8kK9lL0zZ1xX2cC3vV4bB5nN6mM7qQ8wW9eE0rR1tT2yY3uU4iI5oO6pP7aA8sS9dD0fF1gG2hH3jJ4kK5lL6zZ7xX8cC9vV0bB1nN2mM3qW4eR5tT6yU7iI8oO9pP0aS1dF2gG3hH4jJ5kK6lL7zZ8xX9cC0vB1nN2mQ3wE4rR5tT6yY7uU8iI9oO0pP1aS2dF3gG4hH5jJ6kK7lL8zX9cV0bN1nM2qW3eR4tT5yU6iI7oO8pP9aS0dF1gG2hH3jJ4kK5lL6zZ7xX8cC9vV0bB1nN2mM3qW4eR5tT6yU7iI8oO9pP0aS1dF2gG3hH4jJ5kK6lL7zZ8xX9cC0vB1nN2mQ3wE4rR5tT6yY7uU8iI9oO0pP1aS2dF3gG4hH5jJ6kK7lL8zX9cV0bN1nM2qW3eR4tT5yU6iI7oO8pP9aS0dF1gG2hH3jJ4kK5lL6zZ7xX8cC9vV0bB1nN2mM3qW4eR5tT6yU7iI8oO9pP0aS1dF2gG3hH4jJ5kK6lL7zZ8xX9cC0vB1nN2mQ3wE4rR5tT6yY7uU8iI9oO0pP1aS2dF3gG4hH5jJ6kK7lL8zX9cV0bN1nM2qW3eR4tT5yU6iI7oO8pP9aS0dF1gG2hH3jJ4kK5lL6zZ7xX8cC9vV0bB1nN2mM3qW4eR5tT6yU7iI8oO9pP0aS1dF2gG3hH4jJ5kK6lL7zZ8xX9cC0vB1nN2mQ3wE4rR5tT6yY7uU8iI9oO0pP1aS2dF3gG4hH5jJ6kK7lL8zX9cV0bN1nM2qW3eR4tT5yU6iI7oO8pP9aS0dF1gG2hH3jJ4kK5lL6zZ7xX8cC9vV0bB1nN2mM3qW4eR5tT6yU7iI8oO9pP0aS1dF2gG3hH4jJ5kK6lL7zZ8xX9cC0vB1nN2mQ3wE4rR5tT6yY7uU8iI9oO0pP1aS2dF3gG4hH5jJ6kK7l4hH5jJ6kK7lL8zX9cV0bN1nM2qW3eR4tT5yU6iI7oO8pP9aS0dF1gG2hH3jJ4kK5lL6zZ7xX8cC9vV0bB1nN2mM3qW4eR5tT6yU7iI8oO9pP0aS1dF2gG3hH4jJ5kK6lL7zZ8xX9cC0vB1nN2mQ3wE4rR5tT6yY7uU8iI9oO0pP1aS2dF3gG4hH5jJ6kK7lL8zX9cV0bN1nM2qW3eR4tT5yU6iI7oO8pP9aS0dF1gG2hH3jJ4kK5lL6zZ7xX8cC9vV0bB1nN2mM3qW4eR5tT6yU7iI8oO9pP0aS1dF2gG3hH4jJ5kK6lL7zZ8xX9cC0vB1nN2mQ3wE4rR5tT6yY7uU8iI9oO0pP1aS2dF3gG4hH5jJ6kK7l4hH5jJ6kK7lL8zX9cV0bN1nM2qW3eR4tT5yU6iI7oO8pP9aS0dF1gG2hH3jJ4kK5lL6zZ7xX8cC9vV0bB1nN2mM3qW4eR5tT6yU7iI8oO9pP0aS1dF2gG3hH4jJ5kK6lL7zZ8xX9cC0vB1nN2mQ3wE4rR5tT6yY7uU8iI9oO0pP1aS2dF3gG4hH5jJ6kK7lL8zX9cV0bN1nM2qW3eR4tT5yU6iI7oO8pP9aS0dF1gG2hH3jJ4kK5lL6zZ7xX8cC9vV0bB1nN2mM3qW4eR5tT6yU7iI8oO9pP0aS1dF2gG3hH4jJ5kK6lL7zZ8xX9cC0vB1nN2mQ3wE4rR5tT6yY7uU8iI9oO0pP1aS2dF3gG4hH5jJ6kK7l4hH5jJ6kK7lL8zX9cV0bN1nM2qW3eR4tT5yU6iI7oO8pP9aS0dF1gG2hH3jJ4kK5lL6zZ7xX8cC9vV0bB1nN2mM3qW4eR5tT6yU7iI8oO9pP0aS1dF2gG3hH4jJ5kK6lL7zZ8xX9cC0vB1nN2mQ3wE4rR5tT6yY7uU8iI9oO0pP1aS2dF3gG4hH5jJ6kK7lL8zX9cV0bN1nM2qW3eR4tT5yU6iI7oO8pP9aS0dF1gG2hH3jJ4kK5lL6zZ7xX8cC9vV0bB1nN2mM3qW4eR5tT6yU7iI8oO9pP0aS1dF2gG3hH4jJ5kK6lL7zZ8xX9cC0vB1nN2mQ3wE4rR5tT6yY7uU8iI9oO0pP1aS2dF3gG4hH5jJ6kK7l4hH5jJ6kK7lL8zX9cV0bN1nM2qW3eR4tT5yU6iI7oO8pP9aS0dF1gG2hH3jJ4kK5lL6zZ7xX8cC9vV0bB1nN2mM3qW4eR5tT6yU7iI8oO9pP0aS1dF2gG3hH4jJ5kK6lL7zZ8xX9cC0vB1nN2mQ3wE4rR5tT6yY7uU8iI9oO0pP1aS2dF3gG4hH5jJ6kK7lL8zX9cV0bN1nM2qW3eR4tT5yU6iI7oO8pP9aS0dF1gG2hH3jJ4kK5lL6zZ7xX8cC9vV0bB1nN2mM3qW4eR5tT6yU7iI8oO9pP0aS1dF2gG3hH4jJ5kK6lL7zZ8xX9cC0vB1nN2mQ3wE4rR5tT6yY7uU8iI9oO0pP1aS2dF3gG4hH5jJ6kK7l4hH5jJ6kK7lL8zX9cV0bN1nM2qW3eR4tT5yU6iI7oO8pP9aS0dF1gG2hH3jJ4kK5lL6zZ7xX8cC9vV0bB1nN2mM3qW4eR5tT6yU7iI8oO9pP0aS1dF2gG3hH4jJ5kK6lL7zZ8xX9cC0vB1nN2mQ3wE4rR5tT6yY7uU8iI9oO0pP1aS2dF3gG4hH5jJ6kK7lL8zX9cV0bN1nM2qW3eR4tT5yU6iI7oO8pP9aS0dF1gG2hH3jJ4kK5lL6zZ7xX8cC9vV0bB1nN2mM3qW4eR5tT6yU7iI8oO9pP0aS1dF2gG3hH4jJ5kK6lL7zZ8xX9cC0vB1nN2mQ3wE4rR5tT6yY7uU8iI9oO0pP1aS2dF3gG4hH5jJ6kK7l4hH5jJ6kK7lL8zX9cV0bN1nM2qW3eR4tT5yU6iI7oO8pP9aS0dF1gG2hH3jJ4kK5lL6zZ7xX8cC9vV0bB1nN2mM3qW4eR5tT6yU7iI8oO9pP0aS1dF2gG3hH4jJ5kK6lL7zZ8xX9cC0vB1nN2mQ3wE4rR5tT6yY7uU8iI9oO0pP1aS2dF3gG4hH5jJ6kK7lL8zX9cV0bN1nM2qW3eR4tT5yU6iI7oO8pP9aS0dF1gG2hH3jJ4kK5lL6zZ7xX8cC9vV0bB1nN2mM3qW4eR5tT6yU7iI8oO9pP0aS1dF2gG3hH4jJ5kK6lL7zZ8xX9cC0vB1nN2mQ3wE4rR5tT6yY7uU8iI9oO0pP1aS2dF3gG4hH5jJ6kK7l4hH5jJ6kK7lL8zX9cV0bN1nM2qW3eR4tT5yU6iI7oO8pP9aS0dF1gG2hH3jJ4kK5lL6zZ7xX8cC9vV0bB1nN2mM3qW4eR5tT6yU7iI8oO9pP0aS1dF2gG3hH4jJ5kK6lL7zZ8xX9cC0vB1nN2mQ3wE4rR5tT6yY7uU8iI9oO0pP1aS2dF3gG4hH5jJ6kK7lL8zX9cV0bN1nM2qW3eR4tT5yU6iI7oO8pP9aS0dF1gG2hH3jJ4kK5lL6zZ7xX8cC9vV0bB1nN2mM3qW4eR5tT6yU7iI8oO9pP0aS1dF2gG3hH4jJ5kK6lL7zZ8xX9cC0vB1nN2mQ3wE4rR5tT6yY7uU8iI9oO0pP1aS2dF3gG4hH5jJ6kK7l4hH5jJ6kK7lL8zX9cV0bN1nM2qW3eR4tT5yU6iI7oO8pP9aS0dF1gG2hH3jJ4kK5lL6z7nB9vR2mX8kLp4QjW3tY5zH1aG6sF9dD0fS8gA7hJ6kL5mN4bV3vC2xZ1oP9iU8uY7tT6rR5eE4wW3qQ2aZ1sX2dC3fV4gB5hN6jM7kL8pO9iU0yT1rE2wQ3aS4dF5gG6hH7jJ8kK9lL0zZ1xX2cC3vV4bB5nN6mM7qQ8wW9eE0rR1tT2yY3uU4iI5oO6pP7aA8sS9dD0fF1gG2hH3jJ4kK5lL6zZ7xX8cC9vV0bB1nN2mM3qW4eR5tT6yU7iI8oO9pP0aS1dF2gG3hH4jJ5kK6lL7zZ8xX9cC0vB1nN2mQ3wE4rR5tT6yY7uU8iI9oO0pP1aS2dF3gG4hH5jJ6kK7lL8zX9cV0bN1nM2qW3eR4tT5yU6iI7oO8pP9aS0dF1gG2hH3jJ4kK5lL6zZ7xX8cC9vV0bB1nN2mM3qW4eR5tT6yU7iI8oO9pP0aS1dF2gG3hH4jJ5kK6lL7zZ8xX9cC0vB1nN2mQ3wE4rR5tT6yY7uU8iI9oO0pP1aS2dF3gG4hH5jJ6kK7lL8zX9cV0bN1nM2qW3eR4tT5yU6iI7oO8pP9aS0dF1gG2hH3jJ4kK5lL6zZ7xX8cC9vV0bB1nN2mM3qW4eR5tT6yU7iI8oO9pP0aS1dF2gG3hH4jJ5kK6lL7zZ8xX9cC0vB1nN2mQ3wE4rR5tT6yY7uU8iI9oO0pP1aS2dF3gG4hH5jJ6kK7lL8zX9cV0bN1nM2qW3eR4tT5yU6iI7oO8pP9aS0dF1gG2hH3jJ4kK5lL6zZ7xX8cC9vV0bB1nN2mM3qW4eR5tT6yU7iI8oO9pP0aS1dF2gG3hH4jJ5kK6lL7zZ8xX9cC0vB1nN2mQ3wE4rR5tT6yY7uU8iI9oO0pP1aS2dF3gG4hH5jJ6kK7lL8zX9cV0bN1nM2qW3eR4tT5yU6iI7oO8pP9aS0dF1gG2hH3jJ4kK5lL6zZ7xX8cC9vV0bB1nN2mM3qW4eR5tT6yU7iI8oO9pP0aS1dF2gG3hH4jJ5kK6lL7zZ8xX9cC0vB1nN2mQ3wE4rR5tT6yY7uU8iI9oO0pP1aS2dF3gG4hH5jJ6kK7l4hH5jJ6kK7lL8zX9cV0bN1nM2qW3eR4tT5yU6iI7oO8pP9aS0dF1gG2hH3jJ4kK5lL6zZ7xX8cC9vV0bB1nN2mM3qW4eR5tT6yU7iI8oO9pP0aS1dF2gG3hH4jJ5kK6lL7zZ8xX9cC0vB1nN2mQ3wE4rR5tT6yY7uU8iI9oO0pP1aS2dF3gG4hH5jJ6kK7lL8zX9cV0bN1nM2qW3eR4tT5yU6iI7oO8pP9aS0dF1gG2hH3jJ4kK5lL6zZ7xX8cC9vV0bB1nN2mM3qW4eR5tT6yU7iI8oO9pP0aS1dF2gG3hH4jJ5kK6lL7zZ8xX9cC0vB1nN2mQ3wE4rR5tT6yY7uU8iI9oO0pP1aS2dF3gG4hH5jJ6kK7l4hH5jJ6kK7lL8zX9cV0bN1nM2qW3eR4tT5yU6iI7oO8pP9aS0dF1gG2hH3jJ4kK5lL6zZ7xX8cC9vV0bB1nN2mM3qW4eR5tT6yU7iI8oO9pP0aS1dF2gG3hH4jJ5kK6lL7zZ8xX9cC0vB1nN2mQ3wE4rR5tT6yY7uU8iI9oO0pP1aS2dF3gG4hH5jJ6kK7lL8zX9cV0bN1nM2qW3eR4tT5yU6iI7oO8pP9aS0dF1gG2hH3jJ4kK5lL6zZ7xX8cC9vV0bB1nN2mM3qW4eR5tT6yU7iI8oO9pP0aS1dF2gG3hH4jJ5kK6lL7zZ8xX9cC0vB1nN2mQ3wE4rR5tT6yY7uU8iI9oO0pP1aS2dF3gG4hH5jJ6kK7l4hH5jJ6kK7lL8zX9cV0bN1nM2qW3eR4tT5yU6iI7oO8pP9aS0dF1gG2hH3jJ4kK5lL6zZ7xX8cC9vV0bB1nN2mM3qW4eR5tT6yU7iI8oO9pP0aS1dF2gG3hH4jJ5kK6lL7zZ8xX9cC0vB1nN2mQ3wE4rR5tT6yY7uU8iI9oO0pP1aS2dF3gG4hH5jJ6kK7lL8zX9cV0bN1nM2qW3eR4tT5yU6iI7oO8pP9aS0dF1gG2hH3jJ4kK5lL6zZ7xX8cC9vV0bB1nN2mM3qW4eR5tT6yU7iI8oO9pP0aS1dF2gG3hH4jJ5kK6lL7zZ8xX9cC0vB1nN2mQ3wE4rR5tT6yY7uU8iI9oO0pP1aS2dF3gG4hH5jJ6kK7l4hH5jJ6kK7lL8zX9cV0bN1nM2qW3eR4tT5yU6iI7oO8pP9aS0dF1gG2hH3jJ4kK5lL6zZ7xX8cC9vV0bB1nN2mM3qW4eR5tT6yU7iI8oO9pP0aS1dF2gG3hH4jJ5kK6lL7zZ8xX9cC0vB1nN2mQ3wE4rR5tT6yY7uU8iI9oO0pP1aS2dF3gG4hH5jJ6kK7lL8zX9cV0bN1nM2qW3eR4tT5yU6iI7oO8pP9aS0dF1gG2hH3jJ4kK5lL6zZ7xX8cC9vV0bB1nN2mM3qW4eR5tT6yU7iI8oO9pP0aS1dF2gG3hH4jJ5kK6lL7zZ8xX9cC0vB1nN2mQ3wE4rR5tT6yY7uU8iI9oO0pP1aS2dF3gG4hH5jJ6kK7l4hH5jJ6kK7lL8zX9cV0bN1nM2qW3eR4tT5yU6iI7oO8pP9aS0dF1gG2hH3jJ4kK5lL6zZ7xX8cC9vV0bB1nN2mM3qW4eR5tT6yU7iI8oO9pP0aS1dF2gG3hH4jJ5kK6lL7zZ8xX9cC0vB1nN2mQ3wE4rR5tT6yY7uU8iI9oO0pP1aS2dF3gG4hH5jJ6kK7lL8zX9cV0bN1nM2qW3eR4tT5yU6iI7oO8pP9aS0dF1gG2hH3jJ4kK5lL6zZ7xX8cC9vV0bB1nN2mM3qW4eR5tT6yU7iI8oO9pP0aS1dF2gG3hH4jJ5kK6lL7zZ8xX9cC0vB1nN2mQ3wE4rR5tT6yY7uU8iI9oO0pP1aS2dF3gG4hH5jJ6kK7l4hH5jJ6kK7lL8zX9cV0bN1nM2qW3eR4tT5yU6iI7oO8pP9aS0dF1gG2hH3jJ4kK5lL6zZ7xX8cC9vV0bB1nN2mM3qW4eR5tT6yU7iI8oO9pP0aS1dF2gG3hH4jJ5kK6lL7zZ8xX9cC0vB1nN2mQ3wE4rR5tT6yY7uU8iI9oO0pP1aS2dF3gG4hH5jJ6kK7lL8zX9cV0bN1nM2qW3eR4tT5yU6iI7oO8pP9aS0dF1gG2hH3jJ4kK5lL6zZ7xX8cC9vV0bB1nN2mM3qW4eR5tT6yU7iI8oO9pP0aS1dF2gG3hH4jJ5kK6lL7zZ8xX9cC0vB1nN2mQ3wE4rR5tT6yY7uU8iI9oO0pP1aS2dF3gG4hH5jJ6kK7l4hH5jJ6kK7lL8zX9cV0bN1nM2qW3eR4tT5yU6iI7oO8pP9aS0dF1gG2hH3jJ4kK5lL6zZ7xX8cC9vV0bB1nN2mM3qW4eR5tT6yU7iI8oO9pP0aS1dF2gG3hH4jJ5kK6lL7zZ8xX9cC0vB1nN2mQ3wE4rR5tT6yY7uU8iI9oO0pP1aS2dF3gG4hH5jJ6kK7lL8zX9cV0bN1nM2qW3eR4tT5yU6iI7oO8pP9aS0dF1gG2hH3jJ4kK5lL6zZ7xX8cC9vV0bB1nN2mM3qW4eR5tT6yU7iI8oO9pP0aS1dF2gG3hH4jJ5kK6lL7zZ8xX9cC0vB1nN2mQ3wE4rR5tT6yY7uU8iI9oO0pP1aS2dF3gG4hH5jJ6kK7l4hH5jJ6kK7lL8zX9cV0bN1nM2qW3eR4tT5yU6iI7oO8pP9aS0dF1gG2hH3jJ4kK5lL6z7nB9vR2mX8kLp4QjW3tY5zH1aG6sF9dD0fS8gA7hJ6kL5mN4bV3vC2xZ1oP9iU8uY7tT6rR5eE4wW3qQ2aZ1sX2dC3fV4gB5hN6jM7kL8pO9iU0yT1rE2wQ3aS4dF5gG6hH7jJ8kK9lL0zZ1xX2cC3vV4bB5nN6mM7qQ8wW9eE0rR1tT2yY3uU4iI5oO6pP7aA8sS9dD0fF1gG2hH3jJ4kK5lL6zZ7xX8cC9vV0bB1nN2mM3qW4eR5tT6yU7iI8oO9pP0aS1dF2gG3hH4jJ5kK6lL7zZ8xX9cC0vB1nN2mQ3wE4rR5tT6yY7uU8iI9oO0pP1aS2dF3gG4hH5jJ6kK7lL8zX9cV0bN1nM2qW3eR4tT5yU6iI7oO8pP9aS0dF1gG2hH3jJ4kK5lL6zZ7xX8cC9vV0bB1nN2mM3qW4eR5tT6yU7iI8oO9pP0aS1dF2gG3hH4jJ5kK6lL7zZ8xX9cC0vB1nN2mQ3wE4rR5tT6yY7uU8iI9oO0pP1aS2dF3gG4hH5jJ6kK7lL8zX9cV0bN1nM2qW3eR4tT5yU6iI7oO8pP9aS0dF1gG2hH3jJ4kK5lL6zZ7xX8cC9vV0bB1nN2mM3qW4eR5tT6yU7iI8oO9pP0aS1dF2gG3hH4jJ5kK6lL7zZ8xX9cC0vB1nN2mQ3wE4rR5tT6yY7uU8iI9oO0pP1aS2dF3gG4hH5jJ6kK7lL8zX9cV0bN1nM2qW3eR4tT5yU6iI7oO8pP9aS0dF1gG2hH3jJ4kK5lL6zZ7xX8cC9vV0bB1nN2mM3qW4eR5tT6yU7iI8oO9pP0aS1dF2gG3hH4jJ5kK6lL7zZ8xX9cC0vB1nN2mQ3wE4rR5tT6yY7uU8iI9oO0pP1aS2dF3gG4hH5jJ6kK7lL8zX9cV0bN1nM2qW3eR4tT5yU6iI7oO8pP9aS0dF1gG2hH3jJ4kK5lL6zZ7xX8cC9vV0bB1nN2mM3qW4eR5tT6yU7iI8oO9pP0aS1dF2gG3hH4jJ5kK6lL7zZ8xX9cC0vB1nN2mQ3wE4rR5tT6yY7uU8iI9oO0pP1aS2dF3gG4hH5jJ6kK7l4hH5jJ6kK7lL8zX9cV0bN1nM2qW3eR4tT5yU6iI7oO8pP9aS0dF1gG2hH3jJ4kK5lL6zZ7xX8cC9vV0bB1nN2mM3qW4eR5tT6yU7iI8oO9pP0aS1dF2gG3hH4jJ5kK6lL7zZ8xX9cC0vB1nN2mQ3wE4rR5tT6yY7uU8iI9oO0pP1aS2dF3gG4hH5jJ6kK7lL8zX9cV0bN1nM2qW3eR4tT5yU6iI7oO8pP9aS0dF1gG2hH3jJ4kK5lL6zZ7xX8cC9vV0bB1nN2mM3qW4eR5tT6yU7iI8oO9pP0aS1dF2gG3hH4jJ5kK6lL7zZ8xX9cC0vB1nN2mQ3wE4rR5tT6yY7uU8iI9oO0pP1aS2dF3gG4hH5jJ6kK7l4hH5jJ6kK7lL8zX9cV0bN1nM2qW3eR4tT5yU6iI7oO8pP9aS0dF1gG2hH3jJ4kK5lL6zZ7xX8cC9vV0bB1nN2mM3qW4eR5tT6yU7iI8oO9pP0aS1dF2gG3hH4jJ5kK6lL7zZ8xX9cC0vB1nN2mQ3wE4rR5tT6yY7uU8iI9oO0pP1aS2dF3gG4hH5jJ6kK7lL8zX9cV0bN1nM2qW3eR4tT5yU6iI7oO8pP9aS0dF1gG2hH3jJ4kK5lL6zZ7xX8cC9vV0bB1nN2mM3qW4eR5tT6yU7iI8oO9pP0aS1dF2gG3hH4jJ5kK6lL7zZ8xX9cC0vB1nN2mQ3wE4rR5tT6yY7uU8iI9oO0pP1aS2dF3gG4hH5jJ6kK7l4hH5jJ6kK7lL8zX9cV0bN1nM2qW3eR4tT5yU6iI7oO8pP9aS0dF1gG2hH3jJ4kK5lL6zZ7xX8cC9vV0bB1nN2mM3qW4eR5tT6yU7iI8oO9pP0aS1dF2gG3hH4jJ5kK6lL7zZ8xX9cC0vB1nN2mQ3wE4rR5tT6yY7uU8iI9oO0pP1aS2dF3gG4hH5jJ6kK7lL8zX9cV0bN1nM2qW3eR4tT5yU6iI7oO8pP9aS0dF1gG2hH3jJ4kK5lL6zZ7xX8cC9vV0bB1nN2mM3qW4eR5tT6yU7iI8oO9pP0aS1dF2gG3hH4jJ5kK6lL7zZ8xX9cC0vB1nN2mQ3wE4rR5tT6yY7uU8iI9oO0pP1aS2dF3gG4hH5jJ6kK7l4hH5jJ6kK7lL8zX9cV0bN1nM2qW3eR4tT5yU6iI7oO8pP9aS0dF1gG2hH3jJ4kK5lL6zZ7xX8cC9vV0bB1nN2mM3qW4eR5tT6yU7iI8oO9pP0aS1dF2gG3hH4jJ5kK6lL7zZ8xX9cC0vB1nN2mQ3wE4rR5tT6yY7uU8iI9oO0pP1aS2dF3gG4hH5jJ6kK7lL8zX9cV0bN1nM2qW3eR4tT5yU6iI7oO8pP9aS0dF1gG2hH3jJ4kK5lL6zZ7xX8cC9vV0bB1nN2mM3qW4eR5tT6yU7iI8oO9pP0aS1dF2gG3hH4jJ5kK6lL7zZ8xX9cC0vB1nN2mQ3wE4rR5tT6yY7uU8iI9oO0pP1aS2dF3gG4hH5jJ6kK7l4hH5jJ6kK7lL8zX9cV0bN1nM2qW3eR4tT5yU6iI7oO8pP9aS0dF1gG2hH3jJ4kK5lL6zZ7xX8cC9vV0bB1nN2mM3qW4eR5tT6yU7iI8oO9pP0aS1dF2gG3hH4jJ5kK6lL7zZ8xX9cC0vB1nN2mQ3wE4rR5tT6yY7uU8iI9oO0pP1aS2dF3gG4hH5jJ6kK7lL8zX9cV0bN1nM2qW3eR4tT5yU6iI7oO8pP9aS0dF1gG2hH3jJ4kK5lL6zZ7xX8cC9vV0bB1nN2mM3qW4eR5tT6yU7iI8oO9pP0aS1dF2gG3hH4jJ5kK6lL7zZ8xX9cC0vB1nN2mQ3wE4rR5tT6yY7uU8iI9oO0pP1aS2dF3gG4hH5jJ6kK7l4hH5jJ6kK7lL8zX9cV0bN1nM2qW3eR4tT5yU6iI7oO8pP9aS0dF1gG2hH3jJ4kK5lL6zZ7xX8cC9vV0bB1nN2mM3qW4eR5tT6yU7iI8oO9pP0aS1dF2gG3hH4jJ5kK6lL7zZ8xX9cC0vB1nN2mQ3wE4rR5tT6yY7uU8iI9oO0pP1aS2dF3gG4hH5jJ6kK7lL8zX9cV0bN1nM2qW3eR4tT5yU6iI7oO8pP9aS0dF1gG2hH3jJ4kK5lL6zZ7xX8cC9vV0bB1nN2mM3qW4eR5tT6yU7iI8oO9pP0aS1dF2gG3hH4jJ5kK6lL7zZ8xX9cC0vB1nN2mQ3wE4rR5tT6yY7uU8iI9oO0pP1aS2dF3gG4hH5jJ6kK7l4hH5jJ6kK7lL8zX9cV0bN1nM2qW3eR4tT5yU6iI7oO8pP9aS0dF1gG2hH3jJ4kK5lL6zZ7xX8cC9vV0bB1nN2mM3qW4eR5tT6yU7iI8oO9pP0aS1dF2gG3hH4jJ5kK6lL7zZ8xX9cC0vB1nN2mQ3wE4rR5tT6yY7uU8iI9oO0pP1aS2dF3gG4hH5jJ6kK7lL8zX9cV0bN1nM2qW3eR4tT5yU6iI7oO8pP9aS0dF1gG2hH3jJ4kK5lL6zZ7xX8cC9vV0bB1nN2mM3qW4eR5tT6yU7iI8oO9pP0aS1dF2gG3hH4jJ5kK6lL7zZ8xX9cC0vB1nN2mQ3wE4rR5tT6yY7uU8iI9oO0pP1aS2dF3gG4hH5jJ6kK7l4hH5jJ6kK7lL8zX9cV0bN1nM2qW3eR4tT5yU6iI7oO8pP9aS0dF1gG2hH3jJ4kK5lL6z7nB9vR2mX8kLp4QjW3tY5zH1aG6sF9dD0fS8gA7hJ6kL5mN4bV3vC2xZ1oP9iU8uY7tT6rR5eE4wW3qQ2aZ1sX2dC3fV4gB5hN6jM7kL8pO9iU0yT1rE2wQ3aS4dF5gG6hH7jJ8kK9lL0zZ1xX2cC3vV4bB5nN6mM7qQ8wW9eE0rR1tT2yY3uU4iI5oO6pP7aA8sS9dD0fF1gG2hH3jJ4kK5lL6zZ7xX8cC9vV0bB1nN2mM3qW4eR5tT6yU7iI8oO9pP0aS1dF2gG3hH4jJ5kK6lL7zZ8xX9cC0vB1nN2mQ3wE4rR5tT6yY7uU8iI9oO0pP1aS2dF3gG4hH5jJ6kK7lL8zX9cV0bN1nM2qW3eR4tT5yU6iI7oO8pP9aS0dF1gG2hH3jJ4kK5lL6zZ7xX8cC9vV0bB1nN2mM3qW4eR5tT6yU7iI8oO9pP0aS1dF2gG3hH4jJ5kK6lL7zZ8xX9cC0vB1nN2mQ3wE4rR5tT6yY7uU8iI9oO0pP1aS2dF3gG4hH5jJ6kK7lL8zX9cV0bN1nM2qW3eR4tT5yU6iI7oO8pP9aS0dF1gG2hH3jJ4kK5lL6zZ7xX8cC9vV0bB1nN2mM3qW4eR5tT6yU7iI8oO9pP0aS1dF2gG3hH4jJ5kK6lL7zZ8xX9cC0vB1nN2mQ3wE4rR5tT6yY7uU8iI9oO0pP1aS2dF3gG4hH5jJ6kK7lL8zX9cV0bN1nM2qW3eR4tT5yU6iI7oO8pP9aS0dF1gG2hH3jJ4kK5lL6zZ7xX8cC9vV0bB1nN2mM3qW4eR5tT6yU7iI8oO9pP0aS1dF2gG3hH4jJ5kK6lL7zZ8xX9cC0vB1nN2mQ3wE4rR5tT6yY7uU8iI9oO0pP1aS2dF3gG4hH5jJ6kK7lL8zX9cV0bN1nM2qW3eR4tT5yU6iI7oO8pP9aS0dF1gG2hH3jJ4kK5lL6zZ7xX8cC9vV0bB1nN2mM3qW4eR5tT6yU7iI8oO9pP0aS1dF2gG3hH4jJ5kK6lL7zZ8xX9cC0vB1nN2mQ3wE4rR5tT6yY7uU8iI9oO0pP1aS2dF3gG4hH5jJ6kK7l4hH5jJ6kK7lL8zX9cV0bN1nM2qW3eR4tT5yU6iI7oO8pP9aS0dF1gG2hH3jJ4kK5lL6zZ7xX8cC9vV0bB1nN2mM3qW4eR5tT6yU7iI8oO9pP0aS1dF2gG3hH4jJ5kK6lL7zZ8xX9cC0vB1nN2mQ3wE4rR5tT6yY7uU8iI9oO0pP1aS2dF3gG4hH5jJ6kK7lL8zX9cV0bN1nM2qW3eR4tT5yU6iI7oO8pP9aS0dF1gG2hH3jJ4kK5lL6zZ7xX8cC9vV0bB1nN2mM3qW4eR5tT6yU7iI8oO9pP0aS1dF2gG3hH4jJ5kK6lL7zZ8xX9cC0vB1nN2mQ3wE4rR5tT6yY7uU8iI9oO0pP1aS2dF3gG4hH5jJ6kK7l4hH5jJ6kK7lL8zX9cV0bN1nM2qW3eR4tT5yU6iI7oO8pP9aS0dF1gG2hH3jJ4kK5lL6zZ7xX8cC9vV0bB1nN2mM3qW4eR5tT6yU7iI8oO9pP0aS1dF2gG3hH4jJ5kK6lL7zZ8xX9cC0vB1nN2mQ3wE4rR5tT6yY7uU8iI9oO0pP1aS2dF3gG4hH5jJ6kK7lL8zX9cV0bN1nM2qW3eR4tT5yU6iI7oO8pP9aS0dF1gG2hH3jJ4kK5lL6zZ7xX8cC9vV0bB1nN2mM3qW4eR5tT6yU7iI8oO9pP0aS1dF2gG3hH4jJ5kK6lL7zZ8xX9cC0vB1nN2mQ3wE4rR5tT6yY7uU8iI9oO0pP1aS2dF3gG4hH5jJ6kK7l4hH5jJ6kK7lL8zX9cV0bN1nM2qW3eR4tT5yU6iI7oO8pP9aS0dF1gG2hH3jJ4kK5lL6zZ7xX8cC9vV0bB1nN2mM3qW4eR5tT6yU7iI8oO9pP0aS1dF2gG3hH4jJ5kK6lL7zZ8xX9cC0vB1nN2mQ3wE4rR5tT6yY7uU8iI9oO0pP1aS2dF3gG4hH5jJ6kK7lL8zX9cV0bN1nM2qW3eR4tT5yU6iI7oO8pP9aS0dF1gG2hH3jJ4kK5lL6zZ7xX8cC9vV0bB1nN2mM3qW4eR5tT6yU7iI8oO9pP0aS1dF2gG3hH4jJ5kK6lL7zZ8xX9cC0vB1nN2mQ3wE4rR5tT6yY7uU8iI9oO0pP1aS2dF3gG4hH5jJ6kK7l4hH5jJ6kK7lL8zX9cV0bN1nM2qW3eR4tT5yU6iI7oO8pP9aS0dF1gG2hH3jJ4kK5lL6zZ7xX8cC9vV0bB1nN2mM3qW4eR5tT6yU7iI8oO9pP0aS1dF2gG3hH4jJ5kK6lL7zZ8xX9cC0vB1nN2mQ3wE4rR5tT6yY7uU8iI9oO0pP1aS2dF3gG4hH5jJ6kK7lL8zX9cV0bN1nM2qW3eR4tT5yU6iI7oO8pP9aS0dF1gG2hH3jJ4kK5lL6zZ7xX8cC9vV0bB1nN2mM3qW4eR5tT6yU7iI8oO9pP0aS1dF2gG3hH4jJ5kK6lL7zZ8xX9cC0vB1nN2mQ3wE4rR5tT6yY7uU8iI9oO0pP1aS2dF3gG4hH5jJ6kK7l4hH5jJ6kK7lL8zX9cV0bN1nM2qW3eR4tT5yU6iI7oO8pP9aS0dF1gG2hH3jJ4kK5lL6zZ7xX8cC9vV0bB1nN2mM3qW4eR5tT6yU7iI8oO9pP0aS1dF2gG3hH4jJ5kK6lL7zZ8xX9cC0vB1nN2mQ3wE4rR5tT6yY7uU8iI9oO0pP1aS2dF3gG4hH5jJ6kK7lL8zX9cV0bN1nM2qW3eR4tT5yU6iI7oO8pP9aS0dF1gG2hH3jJ4kK5lL6zZ7xX8cC9vV0bB1nN2mM3qW4eR5tT6yU7iI8oO9pP0aS1dF2gG3hH4jJ5kK6lL7zZ8xX9cC0vB1nN2mQ3wE4rR5tT6yY7uU8iI9oO0pP1aS2dF3gG4hH5jJ6kK7l4hH5jJ6kK7lL8zX9cV0bN1nM2qW3eR4tT5yU6iI7oO8pP9aS0dF1gG2hH3jJ4kK5lL6zZ7xX8cC9vV0bB1nN2mM3qW4eR5tT6yU7iI8oO9pP0aS1dF2gG3hH4jJ5kK6lL7zZ8xX9cC0vB1nN2mQ3wE4rR5tT6yY7uU8iI9oO0pP1aS2dF3gG4hH5jJ6kK7lL8zX9cV0bN1nM2qW3eR4tT5yU6iI7oO8pP9aS0dF1gG2hH3jJ4kK5lL6zZ7xX8cC9vV0bB1nN2mM3qW4eR5tT6yU7iI8oO9pP0aS1dF2gG3hH4jJ5kK6lL7zZ8xX9cC0vB1nN2mQ3wE4rR5tT6yY7uU8iI9oO0pP1aS2dF3gG4hH5jJ6kK7l4hH5jJ6kK7lL8zX9cV0bN1nM2qW3eR4tT5yU6iI7oO8pP9aS0dF1gG2hH3jJ4kK5lL6zZ7xX8cC9vV0bB1nN2mM3qW4eR5tT6yU7iI8oO9pP0aS1dF2gG3hH4jJ5kK6lL7zZ8xX9cC0vB1nN2mQ3wE4rR5tT6yY7uU8iI9oO0pP1aS2dF3gG4hH5jJ6kK7lL8zX9cV0bN1nM2qW3eR4tT5yU6iI7oO8pP9aS0dF1gG2hH3jJ4kK5lL6zZ7xX8cC9vV0bB1nN2mM3qW4eR5tT6yU7iI8oO9pP0aS1dF2gG3hH4jJ5kK6lL7zZ8xX9cC0vB1nN2mQ3wE4rR5tT6yY7uU8iI9oO0pP1aS2dF3gG4hH5jJ6kK7l4hH5jJ6kK7lL8zX9cV0bN1nM2qW3eR4tT5yU6iI7oO8pP9aS0dF1gG2hH3jJ4kK5lL6z8zX9cV0bN1nM2qW3eR4tT5yU6iI7oO8pP9aS0dF1gG2hH3jJ4kK5lL6zZ7xX8cC9vV0bB1nN2mM3qW4eR5tT6yU7iI8oO9pP0aS1dF2gG3hH4jJ5kK6lL7zZ8xX9cC0vB1nN2mQ3wE4rR5tT6yY7uU8iI9oO0pP1aS2dF3gG4hH5jJ6kK7l4hH5jJ6kK7lL8zX9cV0bN1nM2qW3eR4tT5yU6iI7oO8pP9aS0dF1gG2hH3jJ4kK5lL6zZ7xX8cC9vV0bB1nN2mM3qW4eR5tT6yU7iI8oO9pP0aS1dF2gG3hH4jJ5kK6lL7zZ8xX9cC0vB1nN2mQ3wE4rR5tT6yY7uU8iI9oO0pP1aS2dF3gG4hH5jJ6kK7lL8zX9cV0bN1nM2qW3eR4tT5yU6iI7oO8pP9aS0dF1gG2hH3jJ4kK5lL6zZ7xX8cC9vV0bB1nN2mM3qW4eR5tT6yU7iI8oO9pP0aS1dF2gG3hH4jJ5kK6lL7zZ8xX9cC0vB1nN2mQ3wE4rR5tT6yY7uU8iI9oO0pP1aS2dF3gG4hH5jJ6kK7l4hH5jJ6kK7lL8zX9cV0bN1nM2qW3eR4tT5yU6iI7oO8pP9aS0dF1gG2hH3jJ4kK5lL6zZ7xX8cC9vV0bB1nN2mM3qW4eR5tT6yU7iI8oO9pP0aS1dF2gG3hH4jJ5kK6lL7zZ8xX9cC0vB1nN2mQ3wE4rR5tT6yY7uU8iI9oO0pP1aS2dF3gG4hH5jJ6kK7lL8zX9cV0bN1nM2qW3eR4tT5yU6iI7oO8pP9aS0dF1gG2hH3jJ4kK5lL6zZ7xX8cC9vV0bB1nN2mM3qW4eR5tT6yU7iI8oO9pP0aS1dF2gG3hH4jJ5kK6lL7zZ8xX9cC0vB1nN2mQ3wE4rR5tT6yY7uU8iI9oO0pP1aS2dF3gG4hH5jJ6kK7l4hH5jJ6kK7lL8zX9cV0bN1nM2qW3eR4tT5yU6iI7oO8pP9aS0dF1gG2hH3jJ4kK5lL6zZ7xX8cC9vV0bB1nN2mM3qW4eR5tT6yU7iI8oO9pP0aS1dF2gG3hH4jJ5kK6lL7zZ8xX9cC0vB1nN2mQ3wE4rR5tT6yY7uU8iI9oO0pP1aS2dF3gG4hH5jJ6kK7lL8zX9cV0bN1nM2qW3eR4tT5yU6iI7oO8pP9aS0dF1gG2hH3jJ4kK5lL6zZ7xX8cC9vV0bB1nN2mM3qW4eR5tT6yU7iI8oO9pP0aS1dF2gG3hH4jJ5kK6lL7zZ8xX9cC0vB1nN2mQ3wE4rR5tT6yY7uU8iI9oO0pP1aS2dF3gG4hH5jJ6kK7l
